PCIE {"t_ms":1790544204660,"test":"open","open_ns":142613127,"link":[{"bdf":"0000:02:00.0","speed":"16.0 GT/s PCIe","width":"8","max_speed":"16.0 GT/s PCIe","max_width":"8","cma_allocated":"2057 MB"}]}
PCIE {"t_ms":1790544204892,"test":"verify","bytes":1048576,"equal":true}
PCIE {"t_ms":1790544204923,"test":"bw","dir":"h2d","copy":"staged","bytes":4096,"warm_ns":629299,"ns":[620872,223187,147553,195729,118222,614380,106019,174370,671733,572864,545738,117591,542909,105540,203558,199642,569703,571667,573435,574061],"stream_errors":0}
PCIE {"t_ms":1790544204923,"test":"bw","dir":"h2d","copy":"dma","bytes":4096,"warm_ns":299981,"ns":[196941,611615,673692,105036,191994,119525,570975,102905,576057,203744,201192,199972,105702,574193,205240,575634,203282,210168,116944,106994],"stream_errors":0}
PCIE {"t_ms":1790544204923,"test":"bw","dir":"d2h","copy":"staged","bytes":4096,"warm_ns":239408,"ns":[114918,638683,627945,592803,136757,116737,121569,696389,608747,117354,222541,112988,207059,115000,587547,588847,592939,607060,114615,586477],"stream_errors":0}
PCIE {"t_ms":1790544204923,"test":"bw","dir":"d2h","copy":"dma","bytes":4096,"warm_ns":238944,"ns":[132377,614182,221531,584251,684310,145463,114251,128582,116421,135855,599443,200590,597973,585387,588337,117914,110585,203322,586179,111302],"stream_errors":0}
PCIE {"t_ms":1790544204941,"test":"bw","dir":"h2d","copy":"staged","bytes":8192,"warm_ns":178780,"ns":[120507,201446,100811,180835,200055,121917,100632,99285,196148,160336,198385,205840,202685,98832,203587,119392,213281,206093,577843,101528],"stream_errors":0}
PCIE {"t_ms":1790544204941,"test":"bw","dir":"h2d","copy":"dma","bytes":8192,"warm_ns":605340,"ns":[205939,120813,100767,574792,99090,100736,200882,189287,187389,196938,199148,181488,119293,120554,120422,121162,196382,582160,199041,574085],"stream_errors":0}
PCIE {"t_ms":1790544204941,"test":"bw","dir":"d2h","copy":"staged","bytes":8192,"warm_ns":601187,"ns":[115153,119709,135865,136256,135578,594087,137572,136050,143742,151748,139506,136901,137488,136109,120362,145053,213645,609356,207835,588442],"stream_errors":0}
PCIE {"t_ms":1790544204941,"test":"bw","dir":"d2h","copy":"dma","bytes":8192,"warm_ns":112075,"ns":[116087,590467,135086,595926,136847,112170,135887,129326,157974,151310,567276,113642,138363,116210,112290,113015,128574,141204,131015,115553],"stream_errors":0}
PCIE {"t_ms":1790544204969,"test":"bw","dir":"h2d","copy":"staged","bytes":16384,"warm_ns":282148,"ns":[211389,247400,597789,224051,575702,575607,572759,205442,207631,208575,576918,578608,191817,579161,199619,208120,103213,172320,102263,208235],"stream_errors":0}
PCIE {"t_ms":1790544204969,"test":"bw","dir":"h2d","copy":"dma","bytes":16384,"warm_ns":580111,"ns":[239061,190699,186522,221005,200062,204372,575858,574521,210754,206879,162348,575711,207560,577823,571494,207589,206920,573484,535315,571033],"stream_errors":0}
PCIE {"t_ms":1790544204969,"test":"bw","dir":"d2h","copy":"staged","bytes":16384,"warm_ns":596811,"ns":[232777,234764,148910,237356,599438,116763,590820,115033,604162,594858,230435,601359,142589,141800,134872,597607,594375,601832,135163,593043],"stream_errors":0}
PCIE {"t_ms":1790544204969,"test":"bw","dir":"d2h","copy":"dma","bytes":16384,"warm_ns":217590,"ns":[148587,150363,138471,200891,591940,116347,173175,598581,141777,594799,220947,116582,116309,118617,116963,591323,592240,104126,119324,578698],"stream_errors":0}
PCIE {"t_ms":1790544204997,"test":"bw","dir":"h2d","copy":"staged","bytes":32768,"warm_ns":183042,"ns":[206236,527686,202633,547946,646324,122703,582394,675718,205724,140710,204168,213408,102073,115271,100785,100381,98643,686428,638636,191204],"stream_errors":0}
PCIE {"t_ms":1790544204997,"test":"bw","dir":"h2d","copy":"dma","bytes":32768,"warm_ns":574946,"ns":[101310,102796,203441,202733,576089,197338,106396,209368,213501,253019,100151,586114,205295,632076,100934,104024,104988,104582,204446,193972],"stream_errors":0}
PCIE {"t_ms":1790544204997,"test":"bw","dir":"d2h","copy":"staged","bytes":32768,"warm_ns":595167,"ns":[114758,117303,599075,604482,190159,233569,115286,587635,566309,216010,104401,686856,116316,101834,131257,683773,196864,119823,701000,600549],"stream_errors":0}
PCIE {"t_ms":1790544204997,"test":"bw","dir":"d2h","copy":"dma","bytes":32768,"warm_ns":116053,"ns":[599378,597662,592874,238733,593671,638289,174070,587226,211942,133600,688804,584827,129312,599360,620342,128227,589482,132784,662482,601108],"stream_errors":0}
PCIE {"t_ms":1790544205029,"test":"bw","dir":"h2d","copy":"staged","bytes":65536,"warm_ns":170555,"ns":[102989,189998,105852,674840,205286,184721,680169,105497,676437,650916,680360,105722,578375,201583,675804,105688,670866,103056,176779,104833],"stream_errors":0}
PCIE {"t_ms":1790544205029,"test":"bw","dir":"h2d","copy":"dma","bytes":65536,"warm_ns":579105,"ns":[579468,673907,104227,103747,678519,158387,107934,103498,106659,106632,106239,672983,207377,570797,573489,677643,101380,672970,108794,574139],"stream_errors":0}
PCIE {"t_ms":1790544205029,"test":"bw","dir":"d2h","copy":"staged","bytes":65536,"warm_ns":141922,"ns":[121470,591784,563992,198473,596165,686752,122471,647068,612144,691141,690306,193362,608398,698153,178015,116761,591483,665769,696353,117259],"stream_errors":0}
PCIE {"t_ms":1790544205029,"test":"bw","dir":"d2h","copy":"dma","bytes":65536,"warm_ns":110427,"ns":[685499,112364,118920,689010,683357,683727,192228,583828,114913,104907,193137,692060,200930,199494,689726,114458,686017,107238,115323,637615],"stream_errors":0}
PCIE {"t_ms":1790544205065,"test":"bw","dir":"h2d","copy":"staged","bytes":131072,"warm_ns":657138,"ns":[197431,199997,680865,201868,674512,678240,181033,241602,182964,206564,203461,573758,576180,621696,164405,205396,203334,637833,607438,603341],"stream_errors":0}
PCIE {"t_ms":1790544205065,"test":"bw","dir":"h2d","copy":"dma","bytes":131072,"warm_ns":670012,"ns":[207674,665666,200858,182757,674068,195866,175398,193454,203448,203455,202383,203023,205177,154355,676512,583935,621701,568429,576330,160497],"stream_errors":0}
PCIE {"t_ms":1790544205065,"test":"bw","dir":"d2h","copy":"staged","bytes":131072,"warm_ns":684622,"ns":[231195,607336,138878,209498,596469,222514,696282,689527,591618,221565,591363,591943,222573,595867,694806,225588,177063,240116,652446,235200],"stream_errors":0}
PCIE {"t_ms":1790544205065,"test":"bw","dir":"d2h","copy":"dma","bytes":131072,"warm_ns":208719,"ns":[586634,592177,219900,688640,226339,645071,688148,682016,651356,590794,583536,594517,214153,690040,589437,235228,577158,592063,716172,215683],"stream_errors":0}
PCIE {"t_ms":1790544205100,"test":"bw","dir":"h2d","copy":"staged","bytes":262144,"warm_ns":657536,"ns":[209494,202981,677782,228384,204578,671878,678150,675314,206000,196634,185369,181950,574586,575979,192298,574570,195310,180203,188944,183913],"stream_errors":0}
PCIE {"t_ms":1790544205100,"test":"bw","dir":"h2d","copy":"dma","bytes":262144,"warm_ns":672780,"ns":[209953,573712,211464,219895,191305,574305,208195,206264,189943,575492,676294,575949,184484,193416,188445,188405,589485,213703,578502,574715],"stream_errors":0}
PCIE {"t_ms":1790544205100,"test":"bw","dir":"d2h","copy":"staged","bytes":262144,"warm_ns":668016,"ns":[709260,230538,690780,232287,600871,705064,230384,636833,707242,604992,221948,700831,610189,234038,214365,701708,207478,696339,704098,247757],"stream_errors":0}
PCIE {"t_ms":1790544205100,"test":"bw","dir":"d2h","copy":"dma","bytes":262144,"warm_ns":190626,"ns":[598439,197443,172734,662079,208908,179973,577105,207446,178934,215728,688441,607079,199498,692259,692724,689936,237634,686865,207479,687321],"stream_errors":0}
PCIE {"t_ms":1790544205133,"test":"bw","dir":"h2d","copy":"staged","bytes":524288,"warm_ns":275051,"ns":[215351,181452,207846,260204,222353,177456,187809,182500,187310,203002,179799,677216,655030,676435,199362,600377,677389,175121,187174,181599],"stream_errors":0}
PCIE {"t_ms":1790544205133,"test":"bw","dir":"h2d","copy":"dma","bytes":524288,"warm_ns":668898,"ns":[670191,208030,639048,184894,207391,680731,207926,163014,602082,661497,675544,207563,212426,155225,211080,164192,182128,200682,631321,587972],"stream_errors":0}
PCIE {"t_ms":1790544205133,"test":"bw","dir":"d2h","copy":"staged","bytes":524288,"warm_ns":712600,"ns":[636149,654339,720293,190844,716025,196653,709586,248552,206241,265272,220096,259819,223069,722112,633789,225182,217155,720460,214061,275098],"stream_errors":0}
PCIE {"t_ms":1790544205133,"test":"bw","dir":"d2h","copy":"dma","bytes":524288,"warm_ns":176673,"ns":[198320,211861,589555,683652,666860,622535,687851,586452,645491,234998,677086,232896,184231,227062,597672,691202,697802,202669,645382,239624],"stream_errors":0}
PCIE {"t_ms":1790544205171,"test":"bw","dir":"h2d","copy":"staged","bytes":1048576,"warm_ns":294192,"ns":[311166,306491,572805,583525,246116,574416,574507,310526,665729,673597,304994,223127,614648,573191,294492,574356,225258,577472,320920,332232],"stream_errors":0}
PCIE {"t_ms":1790544205171,"test":"bw","dir":"h2d","copy":"dma","bytes":1048576,"warm_ns":224432,"ns":[268181,255039,261437,673602,572374,212841,203468,643193,573626,202028,575706,218626,207702,246016,183558,604424,206066,571450,224404,227466],"stream_errors":0}
PCIE {"t_ms":1790544205171,"test":"bw","dir":"d2h","copy":"staged","bytes":1048576,"warm_ns":744562,"ns":[292406,645834,245340,282025,654575,261215,653088,740305,275371,744670,740126,697252,642758,336552,746519,264770,351822,676897,384577,270678],"stream_errors":0}
PCIE {"t_ms":1790544205171,"test":"bw","dir":"d2h","copy":"dma","bytes":1048576,"warm_ns":596403,"ns":[222310,242463,680664,682003,683857,262471,591351,263263,589000,594581,634877,261435,614785,689570,680596,682617,589448,613843,230409,240448],"stream_errors":0}
PCIE {"t_ms":1790544205209,"test":"bw","dir":"h2d","copy":"staged","bytes":2097152,"warm_ns":586534,"ns":[458557,435599,402460,580027,420806,406881,577121,412747,390030,585661,395797,426743,414312,411042,577499,589532,576084,384341,392828,427744],"stream_errors":0}
PCIE {"t_ms":1790544205209,"test":"bw","dir":"h2d","copy":"dma","bytes":2097152,"warm_ns":324975,"ns":[286498,342015,291260,307251,650878,276016,286632,640001,585978,571286,625293,579680,324539,292289,287571,297454,317558,593555,276344,310767],"stream_errors":0}
PCIE {"t_ms":1790544205209,"test":"bw","dir":"d2h","copy":"staged","bytes":2097152,"warm_ns":477702,"ns":[449034,456396,454080,717228,434708,794505,816314,711040,458300,447147,434473,467847,460522,463529,811227,451339,464050,478614,448284,462706],"stream_errors":0}
PCIE {"t_ms":1790544205209,"test":"bw","dir":"d2h","copy":"dma","bytes":2097152,"warm_ns":302433,"ns":[342310,668997,592977,673077,310061,666381,600056,313615,618784,582342,307924,272825,322839,271130,665400,327941,307192,338504,338344,299338],"stream_errors":0}
PCIE {"t_ms":1790544205255,"test":"bw","dir":"h2d","copy":"staged","bytes":4194304,"warm_ns":785909,"ns":[725305,740648,779479,841126,790858,793912,729119,683383,762004,721861,709489,720310,715264,730985,732944,682442],"stream_errors":0}
PCIE {"t_ms":1790544205255,"test":"bw","dir":"h2d","copy":"dma","bytes":4194304,"warm_ns":533400,"ns":[578097,548400,662178,517587,616685,573360,576140,631630,516130,615337,526671,611985,533621,515332,618046,590921],"stream_errors":0}
PCIE {"t_ms":1790544205255,"test":"bw","dir":"d2h","copy":"staged","bytes":4194304,"warm_ns":842547,"ns":[683244,755393,817454,778459,829361,828337,754300,865571,673510,744733,707164,848239,843722,847249,839578,870950],"stream_errors":0}
PCIE {"t_ms":1790544205255,"test":"bw","dir":"d2h","copy":"dma","bytes":4194304,"warm_ns":427409,"ns":[472186,541799,534566,595945,529367,590046,623902,601486,549871,590475,553506,583680,613670,587021,515541,711233],"stream_errors":0}
PCIE {"t_ms":1790544205294,"test":"bw","dir":"h2d","copy":"staged","bytes":8388608,"warm_ns":1429387,"ns":[1311819,1307291,1204705,1229809,1374713,1330482,1314616,1281449],"stream_errors":0}
PCIE {"t_ms":1790544205294,"test":"bw","dir":"h2d","copy":"dma","bytes":8388608,"warm_ns":923119,"ns":[893913,878388,896367,873463,957422,826757,804713,912692],"stream_errors":0}
PCIE {"t_ms":1790544205294,"test":"bw","dir":"d2h","copy":"staged","bytes":8388608,"warm_ns":1348061,"ns":[1334461,1303597,1275277,1464634,1305666,1315516,1230166,1279850],"stream_errors":0}
PCIE {"t_ms":1790544205294,"test":"bw","dir":"d2h","copy":"dma","bytes":8388608,"warm_ns":916136,"ns":[863822,800797,817425,899986,841890,754687,722599,781328],"stream_errors":0}
PCIE {"t_ms":1790544205334,"test":"bw","dir":"h2d","copy":"staged","bytes":16777216,"warm_ns":2621354,"ns":[2515840,2528782,2476009,2567791],"stream_errors":0}
PCIE {"t_ms":1790544205334,"test":"bw","dir":"h2d","copy":"dma","bytes":16777216,"warm_ns":1563365,"ns":[1614536,1604955,1626147,1605150],"stream_errors":0}
PCIE {"t_ms":1790544205334,"test":"bw","dir":"d2h","copy":"staged","bytes":16777216,"warm_ns":2616775,"ns":[2485094,2348018,2462225,2485296],"stream_errors":0}
PCIE {"t_ms":1790544205334,"test":"bw","dir":"d2h","copy":"dma","bytes":16777216,"warm_ns":1381916,"ns":[1500873,1529756,1413882,1457151],"stream_errors":0}
PCIE {"t_ms":1790544205402,"test":"bw","dir":"h2d","copy":"staged","bytes":33554432,"warm_ns":5267058,"ns":[5039787,5160972,5375861],"stream_errors":0}
PCIE {"t_ms":1790544205402,"test":"bw","dir":"h2d","copy":"dma","bytes":33554432,"warm_ns":2991204,"ns":[3022002,3068794,2889757],"stream_errors":0}
PCIE {"t_ms":1790544205402,"test":"bw","dir":"d2h","copy":"staged","bytes":33554432,"warm_ns":5596084,"ns":[4680464,5747875,4560216],"stream_errors":0}
PCIE {"t_ms":1790544205402,"test":"bw","dir":"d2h","copy":"dma","bytes":33554432,"warm_ns":2697304,"ns":[3905595,3752198,3654919],"stream_errors":0}
PCIE {"t_ms":1790544205534,"test":"bw","dir":"h2d","copy":"staged","bytes":67108864,"warm_ns":10347562,"ns":[9545888,10213575,9725955],"stream_errors":0}
PCIE {"t_ms":1790544205534,"test":"bw","dir":"h2d","copy":"dma","bytes":67108864,"warm_ns":5532319,"ns":[5598314,5656359,5697553],"stream_errors":0}
PCIE {"t_ms":1790544205534,"test":"bw","dir":"d2h","copy":"staged","bytes":67108864,"warm_ns":10707348,"ns":[10378423,10871574,10742033],"stream_errors":0}
PCIE {"t_ms":1790544205534,"test":"bw","dir":"d2h","copy":"dma","bytes":67108864,"warm_ns":6650258,"ns":[6861554,6681618,6884818],"stream_errors":0}
PCIE {"t_ms":1790544205794,"test":"bw","dir":"h2d","copy":"staged","bytes":134217728,"warm_ns":21236534,"ns":[19886387,19408577,19395793],"stream_errors":0}
PCIE {"t_ms":1790544205794,"test":"bw","dir":"h2d","copy":"dma","bytes":134217728,"warm_ns":11018374,"ns":[10889635,10981391,11033963],"stream_errors":0}
PCIE {"t_ms":1790544205794,"test":"bw","dir":"d2h","copy":"staged","bytes":134217728,"warm_ns":21779122,"ns":[21119132,20809595,20683611],"stream_errors":0}
PCIE {"t_ms":1790544205794,"test":"bw","dir":"d2h","copy":"dma","bytes":134217728,"warm_ns":12800910,"ns":[13067972,12783897,13055575],"stream_errors":0}
PCIE {"t_ms":1790544206303,"test":"bw","dir":"h2d","copy":"staged","bytes":268435456,"warm_ns":40112636,"ns":[37683082,37853421,38324266],"stream_errors":0}
PCIE {"t_ms":1790544206303,"test":"bw","dir":"h2d","copy":"dma","bytes":268435456,"warm_ns":21769188,"ns":[21656161,21741181,21632880],"stream_errors":0}
PCIE {"t_ms":1790544206303,"test":"bw","dir":"d2h","copy":"staged","bytes":268435456,"warm_ns":41326424,"ns":[41881080,41908066,41563203],"stream_errors":0}
PCIE {"t_ms":1790544206303,"test":"bw","dir":"d2h","copy":"dma","bytes":268435456,"warm_ns":25274369,"ns":[25246997,25389669,25654061],"stream_errors":0}
PCIE {"t_ms":1790544206322,"test":"done","which":"bw","elapsed_s":1.804333}
