PCIE {"t_ms":1790544211476,"test":"open","open_ns":141910597,"link":[{"bdf":"0000:02:00.0","speed":"16.0 GT/s PCIe","width":"8","max_speed":"16.0 GT/s PCIe","max_width":"8","cma_allocated":"2057 MB"}]}
PCIE {"t_ms":1790544211615,"test":"conc","trial":0,"copy":"dma","cfg":"h2d","legs":1,"bytes_per_leg":134217728,"leg_ns":[22000851],"wall_ns":22022271,"stream_errors":0}
PCIE {"t_ms":1790544211627,"test":"conc","trial":0,"copy":"dma","cfg":"d2h","legs":1,"bytes_per_leg":134217728,"leg_ns":[12073040],"wall_ns":12089687,"stream_errors":0}
PCIE {"t_ms":1790544211649,"test":"conc","trial":0,"copy":"dma","cfg":"h2d+d2h","legs":2,"bytes_per_leg":134217728,"leg_ns":[22048372,12173352],"wall_ns":22067142,"stream_errors":0}
PCIE {"t_ms":1790544211695,"test":"conc","trial":0,"copy":"dma","cfg":"2xh2d","legs":2,"bytes_per_leg":134217728,"leg_ns":[45015197,45047146],"wall_ns":45067503,"stream_errors":0}
PCIE {"t_ms":1790544211720,"test":"conc","trial":0,"copy":"dma","cfg":"2xd2h","legs":2,"bytes_per_leg":134217728,"leg_ns":[25906965,25911383],"wall_ns":25929649,"stream_errors":0}
PCIE {"t_ms":1790544211731,"test":"conc","trial":0,"copy":"dma","cfg":"h2d/ser","legs":1,"bytes_per_leg":134217728,"leg_ns":[10866353],"wall_ns":10881059,"stream_errors":0}
PCIE {"t_ms":1790544211744,"test":"conc","trial":0,"copy":"dma","cfg":"d2h/ser","legs":1,"bytes_per_leg":134217728,"leg_ns":[12944194],"wall_ns":12960912,"stream_errors":0}
PCIE {"t_ms":1790544211760,"test":"conc","trial":0,"copy":"dma","cfg":"h2d+d2h/ser","legs":2,"bytes_per_leg":134217728,"leg_ns":[15737390,14568951],"wall_ns":15755885,"stream_errors":0}
PCIE {"t_ms":1790544211790,"test":"conc","trial":0,"copy":"staged","cfg":"h2d","legs":1,"bytes_per_leg":134217728,"leg_ns":[30263835],"wall_ns":30282664,"stream_errors":0}
PCIE {"t_ms":1790544211811,"test":"conc","trial":0,"copy":"staged","cfg":"d2h","legs":1,"bytes_per_leg":134217728,"leg_ns":[19633671],"wall_ns":20185073,"stream_errors":0}
PCIE {"t_ms":1790544211839,"test":"conc","trial":0,"copy":"staged","cfg":"h2d+d2h","legs":2,"bytes_per_leg":134217728,"leg_ns":[28373367,22916348],"wall_ns":28390523,"stream_errors":0}
PCIE {"t_ms":1790544211895,"test":"conc","trial":0,"copy":"staged","cfg":"2xh2d","legs":2,"bytes_per_leg":134217728,"leg_ns":[55919301,55923865],"wall_ns":55940949,"stream_errors":0}
PCIE {"t_ms":1790544211937,"test":"conc","trial":0,"copy":"staged","cfg":"2xd2h","legs":2,"bytes_per_leg":134217728,"leg_ns":[42125881,42119005],"wall_ns":42143898,"stream_errors":0}
PCIE {"t_ms":1790544211955,"test":"conc","trial":0,"copy":"staged","cfg":"h2d/ser","legs":1,"bytes_per_leg":134217728,"leg_ns":[17615882],"wall_ns":17646801,"stream_errors":0}
PCIE {"t_ms":1790544211972,"test":"conc","trial":0,"copy":"staged","cfg":"d2h/ser","legs":1,"bytes_per_leg":134217728,"leg_ns":[17501110],"wall_ns":17519688,"stream_errors":0}
PCIE {"t_ms":1790544211998,"test":"conc","trial":0,"copy":"staged","cfg":"h2d+d2h/ser","legs":2,"bytes_per_leg":134217728,"leg_ns":[25589755,20547259],"wall_ns":25607435,"stream_errors":0}
PCIE {"t_ms":1790544212020,"test":"conc","trial":1,"copy":"dma","cfg":"h2d","legs":1,"bytes_per_leg":134217728,"leg_ns":[22015538],"wall_ns":22032004,"stream_errors":0}
PCIE {"t_ms":1790544212032,"test":"conc","trial":1,"copy":"dma","cfg":"d2h","legs":1,"bytes_per_leg":134217728,"leg_ns":[12010194],"wall_ns":12024609,"stream_errors":0}
PCIE {"t_ms":1790544212054,"test":"conc","trial":1,"copy":"dma","cfg":"h2d+d2h","legs":2,"bytes_per_leg":134217728,"leg_ns":[22226200,12087313],"wall_ns":22240006,"stream_errors":0}
PCIE {"t_ms":1790544212099,"test":"conc","trial":1,"copy":"dma","cfg":"2xh2d","legs":2,"bytes_per_leg":134217728,"leg_ns":[44938304,44954418],"wall_ns":44971668,"stream_errors":0}
PCIE {"t_ms":1790544212125,"test":"conc","trial":1,"copy":"dma","cfg":"2xd2h","legs":2,"bytes_per_leg":134217728,"leg_ns":[25869326,25700891],"wall_ns":25886463,"stream_errors":0}
PCIE {"t_ms":1790544212136,"test":"conc","trial":1,"copy":"dma","cfg":"h2d/ser","legs":1,"bytes_per_leg":134217728,"leg_ns":[10781800],"wall_ns":10798676,"stream_errors":0}
PCIE {"t_ms":1790544212149,"test":"conc","trial":1,"copy":"dma","cfg":"d2h/ser","legs":1,"bytes_per_leg":134217728,"leg_ns":[12984240],"wall_ns":13000042,"stream_errors":0}
PCIE {"t_ms":1790544212165,"test":"conc","trial":1,"copy":"dma","cfg":"h2d+d2h/ser","legs":2,"bytes_per_leg":134217728,"leg_ns":[15822184,14634428],"wall_ns":15837655,"stream_errors":0}
PCIE {"t_ms":1790544212193,"test":"conc","trial":1,"copy":"staged","cfg":"h2d","legs":1,"bytes_per_leg":134217728,"leg_ns":[28457485],"wall_ns":28476370,"stream_errors":0}
PCIE {"t_ms":1790544212213,"test":"conc","trial":1,"copy":"staged","cfg":"d2h","legs":1,"bytes_per_leg":134217728,"leg_ns":[19916775],"wall_ns":19933035,"stream_errors":0}
PCIE {"t_ms":1790544212246,"test":"conc","trial":1,"copy":"staged","cfg":"h2d+d2h","legs":2,"bytes_per_leg":134217728,"leg_ns":[32392458,23383419],"wall_ns":32411285,"stream_errors":0}
PCIE {"t_ms":1790544212305,"test":"conc","trial":1,"copy":"staged","cfg":"2xh2d","legs":2,"bytes_per_leg":134217728,"leg_ns":[59271273,59273616],"wall_ns":59292481,"stream_errors":0}
PCIE {"t_ms":1790544212347,"test":"conc","trial":1,"copy":"staged","cfg":"2xd2h","legs":2,"bytes_per_leg":134217728,"leg_ns":[42314460,42316744],"wall_ns":42335867,"stream_errors":0}
PCIE {"t_ms":1790544212365,"test":"conc","trial":1,"copy":"staged","cfg":"h2d/ser","legs":1,"bytes_per_leg":134217728,"leg_ns":[17855448],"wall_ns":17873033,"stream_errors":0}
PCIE {"t_ms":1790544212383,"test":"conc","trial":1,"copy":"staged","cfg":"d2h/ser","legs":1,"bytes_per_leg":134217728,"leg_ns":[17381817],"wall_ns":17401471,"stream_errors":0}
PCIE {"t_ms":1790544212409,"test":"conc","trial":1,"copy":"staged","cfg":"h2d+d2h/ser","legs":2,"bytes_per_leg":134217728,"leg_ns":[26108225,21086073],"wall_ns":26126403,"stream_errors":0}
PCIE {"t_ms":1790544212431,"test":"conc","trial":2,"copy":"dma","cfg":"h2d","legs":1,"bytes_per_leg":134217728,"leg_ns":[21896414],"wall_ns":21912105,"stream_errors":0}
PCIE {"t_ms":1790544212443,"test":"conc","trial":2,"copy":"dma","cfg":"d2h","legs":1,"bytes_per_leg":134217728,"leg_ns":[12177873],"wall_ns":12192555,"stream_errors":0}
PCIE {"t_ms":1790544212465,"test":"conc","trial":2,"copy":"dma","cfg":"h2d+d2h","legs":2,"bytes_per_leg":134217728,"leg_ns":[22212597,12275053],"wall_ns":22230566,"stream_errors":0}
PCIE {"t_ms":1790544212510,"test":"conc","trial":2,"copy":"dma","cfg":"2xh2d","legs":2,"bytes_per_leg":134217728,"leg_ns":[45038052,45054302],"wall_ns":45073617,"stream_errors":0}
PCIE {"t_ms":1790544212537,"test":"conc","trial":2,"copy":"dma","cfg":"2xd2h","legs":2,"bytes_per_leg":134217728,"leg_ns":[26653028,26662481],"wall_ns":26680635,"stream_errors":0}
PCIE {"t_ms":1790544212548,"test":"conc","trial":2,"copy":"dma","cfg":"h2d/ser","legs":1,"bytes_per_leg":134217728,"leg_ns":[10864961],"wall_ns":10879782,"stream_errors":0}
PCIE {"t_ms":1790544212561,"test":"conc","trial":2,"copy":"dma","cfg":"d2h/ser","legs":1,"bytes_per_leg":134217728,"leg_ns":[12975166],"wall_ns":12990325,"stream_errors":0}
PCIE {"t_ms":1790544212577,"test":"conc","trial":2,"copy":"dma","cfg":"h2d+d2h/ser","legs":2,"bytes_per_leg":134217728,"leg_ns":[15810434,14644978],"wall_ns":15826642,"stream_errors":0}
PCIE {"t_ms":1790544212605,"test":"conc","trial":2,"copy":"staged","cfg":"h2d","legs":1,"bytes_per_leg":134217728,"leg_ns":[28538520],"wall_ns":28556039,"stream_errors":0}
PCIE {"t_ms":1790544212625,"test":"conc","trial":2,"copy":"staged","cfg":"d2h","legs":1,"bytes_per_leg":134217728,"leg_ns":[20118443],"wall_ns":20136939,"stream_errors":0}
PCIE {"t_ms":1790544212657,"test":"conc","trial":2,"copy":"staged","cfg":"h2d+d2h","legs":2,"bytes_per_leg":134217728,"leg_ns":[32143161,22272724],"wall_ns":32161972,"stream_errors":0}
PCIE {"t_ms":1790544212717,"test":"conc","trial":2,"copy":"staged","cfg":"2xh2d","legs":2,"bytes_per_leg":134217728,"leg_ns":[59010730,59031962],"wall_ns":59049592,"stream_errors":0}
PCIE {"t_ms":1790544212759,"test":"conc","trial":2,"copy":"staged","cfg":"2xd2h","legs":2,"bytes_per_leg":134217728,"leg_ns":[39442666,39287743],"wall_ns":42574638,"stream_errors":0}
PCIE {"t_ms":1790544212777,"test":"conc","trial":2,"copy":"staged","cfg":"h2d/ser","legs":1,"bytes_per_leg":134217728,"leg_ns":[17676125],"wall_ns":17693586,"stream_errors":0}
PCIE {"t_ms":1790544212794,"test":"conc","trial":2,"copy":"staged","cfg":"d2h/ser","legs":1,"bytes_per_leg":134217728,"leg_ns":[17257865],"wall_ns":17276048,"stream_errors":0}
PCIE {"t_ms":1790544212820,"test":"conc","trial":2,"copy":"staged","cfg":"h2d+d2h/ser","legs":2,"bytes_per_leg":134217728,"leg_ns":[25942371,20738770],"wall_ns":25959571,"stream_errors":0}
PCIE {"t_ms":1790544212831,"test":"done","which":"conc","elapsed_s":1.496936}
