aifoundry2: 130 configurations x 1 passes, at most 22 min; host build/enercat_v2/host/enercat_host
pass 0 tstore/scp/random: 8 launches (die 88 -> 88 C, 0 heater)
pass 0 fsw.ps/zeros/h2: 8 launches (die 90 -> 90 C, 0 heater)
pass 0 fsgnjn.s/zeros/h2: 8 launches (die 89 -> 89 C, 0 heater)
pass 0 fsub.s/zeros/h2: 8 launches (die 89 -> 89 C, 0 heater)
pass 0 fmul.pi/random/h2: 8 launches (die 90 -> 90 C, 0 heater)
pass 0 srli/random/h2: 8 launches (die 92 -> 92 C, 0 heater)
pass 0 and/random/h2: 8 launches (die 90 -> 90 C, 0 heater)
pass 0 fpackreph.pi/random/h2: 8 launches (die 89 -> 89 C, 0 heater)
pass 0 for.pi/zeros/h2: 8 launches (die 90 -> 90 C, 0 heater)
pass 0 slti/random/h2: 8 launches (die 90 -> 90 C, 0 heater)
pass 0 remuw/zeros/h2: 8 launches (die 89 -> 89 C, 0 heater)
pass 0 faddi.pi/random/h2: 8 launches (die 88 -> 88 C, 0 heater)
pass 0 sd/zeros/h2: 8 launches (die 89 -> 89 C, 0 heater)
pass 0 xori/zeros/h2: 8 launches (die 88 -> 88 C, 0 heater)
pass 0 fmul.ps/random/h2: 8 launches (die 87 -> 87 C, 0 heater)
pass 0 c.li/random/h2: 8 launches (die 90 -> 90 C, 0 heater)
pass 0 dramrow2/seq/zeros: 8 launches (die 87 -> 87 C, 0 heater)
pass 0 fsll.pi/random/h2: 8 launches (die 86 -> 86 C, 0 heater)
pass 0 srlw/random/h2: 8 launches (die 87 -> 87 C, 0 heater)
pass 0 fmv.x.w/zeros/h2: 8 launches (die 87 -> 87 C, 0 heater)
pass 0 for.pi/random/h2: 8 launches (die 86 -> 86 C, 0 heater)
pass 0 srli/zeros/h2: 8 launches (die 87 -> 87 C, 0 heater)
pass 0 ffrc.ps/zeros/h2: 8 launches (die 85 -> 85 C, 0 heater)
pass 0 amoorl.w/random/h2: 8 launches (die 86 -> 86 C, 0 heater)
pass 0 divu/zeros/h2: 8 launches (die 85 -> 85 C, 0 heater)
pass 0 beq_taken/zeros/h2: 8 launches (die 84 -> 84 C, 0 heater)
pass 0 fle.ps/zeros/h2: 8 launches (die 84 -> 84 C, 0 heater)
pass 0 fswl.ps/random/h2: 8 launches (die 85 -> 85 C, 0 heater)
pass 0 addi/zeros/h2: 8 launches (die 84 -> 84 C, 0 heater)
pass 0 fmulh.pi/random/h2: 8 launches (die 83 -> 83 C, 0 heater)
pass 0 wire/hop8/random: 8 launches (die 86 -> 86 C, 0 heater)
pass 0 l1fill/stride32/zeros: 8 launches (die 84 -> 84 C, 0 heater)
pass 0 ori/zeros/h2: 8 launches (die 83 -> 83 C, 0 heater)
pass 0 wire/hop2/random: 8 launches (die 82 -> 82 C, 0 heater)
pass 0 sw/zeros/h2: 8 launches (die 84 -> 84 C, 0 heater)
pass 0 fsll.pi/zeros/h2: 8 launches (die 82 -> 82 C, 0 heater)
pass 0 slt/zeros/h2: 8 launches (die 82 -> 82 C, 0 heater)
pass 0 subw/zeros/h2: 8 launches (die 81 -> 81 C, 0 heater)
pass 0 c.add/random/h2: 8 launches (die 81 -> 81 C, 0 heater)
pass 0 fround.ps/zeros/h2: 8 launches (die 81 -> 81 C, 0 heater)
pass 0 fmul.pi/zeros/h2: 8 launches (die 81 -> 81 C, 0 heater)
pass 0 ld/const/h2: 8 launches (die 82 -> 82 C, 0 heater)
pass 0 scpline/stride256/zeros: 8 launches (die 81 -> 81 C, 0 heater)
pass 0 fnmadd.ps/random/h2: 8 launches (die 80 -> 80 C, 0 heater)
pass 0 fltm.ps/zeros/h2: 8 launches (die 83 -> 83 C, 0 heater)
pass 0 fle.s/random/h2: 8 launches (die 80 -> 80 C, 0 heater)
pass 0 fexp.ps/const/h2: 8 launches (die 80 -> 80 C, 0 heater)
pass 0 mul/random/h2: 8 launches (die 81 -> 81 C, 0 heater)
pass 0 csrr_fccnb/zeros/h2: 8 launches (die 79 -> 79 C, 0 heater)
pass 0 fmv.w.x/random/h2: 8 launches (die 79 -> 79 C, 0 heater)
pass 0 amoaddl.w/random/h2: 8 launches (die 79 -> 79 C, 0 heater)
pass 0 fbci.pi/random/h2: 8 launches (die 79 -> 79 C, 0 heater)
pass 0 fmsub.ps/zeros/h2: 8 launches (die 78 -> 78 C, 0 heater)
pass 0 auipc/random/h2: 8 launches (die 80 -> 80 C, 0 heater)
pass 0 fminu.pi/zeros/h2: 8 launches (die 78 -> 78 C, 0 heater)
pass 0 fle.s/zeros/h2: 8 launches (die 78 -> 78 C, 0 heater)
pass 0 fswizz.ps/zeros/h2: 8 launches (die 78 -> 78 C, 0 heater)
pass 0 l1fill/stride32/random: 8 launches (die 78 -> 78 C, 0 heater)
pass 0 remu/zeros/h2: 8 launches (die 78 -> 78 C, 0 heater)
pass 0 fle.ps/random/h2: 8 launches (die 77 -> 77 C, 0 heater)
pass 0 amoaddg.w/random/h2: 8 launches (die 79 -> 79 C, 0 heater)
pass 0 c.mv/zeros/h2: 8 launches (die 77 -> 77 C, 0 heater)
pass 0 fpackrepb.pi/random/h2: 8 launches (die 76 -> 76 C, 0 heater)
pass 0 lb/random/h2: 8 launches (die 77 -> 77 C, 0 heater)
pass 0 fcvt.wu.s/random/h2: 8 launches (die 76 -> 76 C, 0 heater)
pass 0 div/random/h2: 8 launches (die 76 -> 76 C, 0 heater)
pass 0 scpline/stride64/zeros: 8 launches (die 75 -> 75 C, 0 heater)
pass 0 sra/zeros/h2: 8 launches (die 75 -> 75 C, 0 heater)
pass 0 fpackreph.pi/zeros/h2: 8 launches (die 74 -> 74 C, 0 heater)
pass 0 fmaxu.pi/zeros/h2: 8 launches (die 74 -> 74 C, 0 heater)
pass 0 bgeu_data/zeros/h2: 8 launches (die 74 -> 74 C, 0 heater)
pass 0 fmadd.s/zeros/h2: 8 launches (die 74 -> 74 C, 0 heater)
pass 0 fsgnjn.ps/random/h2: 8 launches (die 75 -> 75 C, 0 heater)
pass 0 add/const/h2: 8 launches (die 75 -> 75 C, 0 heater)
pass 0 sllw/zeros/h2: 8 launches (die 74 -> 74 C, 0 heater)
pass 0 sb/random/h2: 8 launches (die 74 -> 74 C, 0 heater)
pass 0 fence/random/h2: 8 launches (die 74 -> 74 C, 0 heater)
pass 0 feq.ps/random/h2: 8 launches (die 73 -> 73 C, 0 heater)
pass 0 fmul.s/random/h2: 8 launches (die 75 -> 75 C, 0 heater)
pass 0 fslli.pi/random/h2: 8 launches (die 75 -> 75 C, 0 heater)
pass 0 sra/random/h2: 8 launches (die 74 -> 74 C, 0 heater)
pass 0 fsrl.pi/random/h2: 8 launches (die 73 -> 73 C, 0 heater)
pass 0 bltu_data/zeros/h2: 8 launches (die 73 -> 73 C, 0 heater)
pass 0 fmax.pi/random/h2: 8 launches (die 72 -> 72 C, 0 heater)
pass 0 spin/zeros/h2: 8 launches (die 73 -> 73 C, 0 heater)
pass 0 fmsub.s/zeros/h2: 8 launches (die 73 -> 73 C, 0 heater)
pass 0 st_stream/dram/random: 8 launches (die 74 -> 74 C, 0 heater)
pass 0 fsgnjx.ps/zeros/h2: 8 launches (die 73 -> 73 C, 0 heater)
pass 0 st_stream/dram/const: 8 launches (die 73 -> 73 C, 0 heater)
pass 0 fmul.ps/zeros/h2: 8 launches (die 73 -> 73 C, 0 heater)
pass 0 fbci.pi/zeros/h2: 8 launches (die 74 -> 74 C, 0 heater)
pass 0 fand.pi/random/h2: 8 launches (die 73 -> 73 C, 0 heater)
pass 0 wire/hop1/random: 8 launches (die 73 -> 73 C, 0 heater)
pass 0 flt.pi/random/h2: 8 launches (die 74 -> 74 C, 0 heater)
pass 0 scpline/stride128/random: 8 launches (die 74 -> 74 C, 0 heater)
pass 0 scpline/stride128/zeros: 8 launches (die 73 -> 73 C, 0 heater)
pass 0 addw/random/h2: 8 launches (die 72 -> 72 C, 0 heater)
pass 0 fmul.s/zeros/h2: 8 launches (die 72 -> 72 C, 0 heater)
pass 0 flw.ps/random/h2: 8 launches (die 73 -> 73 C, 0 heater)
pass 0 bge_data/random/h2: 8 launches (die 72 -> 72 C, 0 heater)
pass 0 amoswapl.w/random/h2: 8 launches (die 71 -> 71 C, 0 heater)
pass 0 nop/zeros/h2: 8 launches (die 71 -> 71 C, 0 heater)
pass 0 fmv.w.x/zeros/h2: 8 launches (die 71 -> 71 C, 0 heater)
pass 0 fmadd.ps/const/h2: 8 launches (die 71 -> 71 C, 0 heater)
pass 0 fnmsub.ps/random/h2: 8 launches (die 72 -> 72 C, 0 heater)
pass 0 flog.ps/random/h2: 8 launches (die 74 -> 74 C, 0 heater)
pass 0 tstore/dram/zeros: 8 launches (die 75 -> 75 C, 0 heater)
pass 0 bne_nottaken/zeros/h2: 8 launches (die 72 -> 72 C, 0 heater)
pass 0 rem/random/h2: 8 launches (die 72 -> 72 C, 0 heater)
pass 0 fbcx.ps/zeros/h2: 8 launches (die 71 -> 71 C, 0 heater)
pass 0 fsra.pi/zeros/h2: 8 launches (die 72 -> 72 C, 0 heater)
pass 0 fsrli.pi/random/h2: 8 launches (die 72 -> 72 C, 0 heater)
pass 0 remw/random/h2: 8 launches (die 72 -> 72 C, 0 heater)
pass 0 fcmov.ps/random/h2: 8 launches (die 71 -> 71 C, 0 heater)
pass 0 andi/random/h2: 8 launches (die 72 -> 72 C, 0 heater)
pass 0 fadd.pi/zeros/h2: 8 launches (die 72 -> 72 C, 0 heater)
pass 0 addiw/random/h2: 8 launches (die 72 -> 72 C, 0 heater)
pass 0 tload/scp/random: 8 launches (die 72 -> 72 C, 0 heater)
pass 0 fsra.pi/random/h2: 8 launches (die 73 -> 73 C, 0 heater)
pass 0 add_norvc/random/h2: 8 launches (die 72 -> 72 C, 0 heater)
pass 0 c.addi/zeros/h2: 8 launches (die 72 -> 72 C, 0 heater)
pass 0 fadd.ps/random/h2: 8 launches (die 71 -> 71 C, 0 heater)
pass 0 fswizz.ps/random/h2: 8 launches (die 74 -> 74 C, 0 heater)
pass 0 dramrow2/seq/random: 8 launches (die 72 -> 72 C, 0 heater)
pass 0 lhu/zeros/h2: 8 launches (die 71 -> 71 C, 0 heater)
pass 0 sltiu/random/h2: 8 launches (die 71 -> 71 C, 0 heater)
pass 0 fmulhu.pi/random/h2: 8 launches (die 71 -> 71 C, 0 heater)
pass 0 frcp.ps/zeros/h2: 8 launches (die 74 -> 74 C, 0 heater)
pass 0 fadd.s/random/h2: 8 launches (die 73 -> 73 C, 0 heater)
pass 0 flw.ps/zeros/h2: 8 launches (die 73 -> 73 C, 0 heater)
done
