case               expect status sum_c    sum_c2   oracle dump                   solved   vpurf mem
c0-tensor          PASS   PASS   ok       ok       exact, exact 9472 entries     True     0     0  (33s)
neg-mask           NEGM   FAIL   MISMATCH MISMATCH MISMAT n/a                    True     0     0  (33s)
reps2              PASS   PASS   ok       ok       exact, exact 26880 entries    True     0     0  (35s)
s4-tensor-m1       PASS   PASS   ok       ok       exact, exact 26880 entries    True     0     0  (33s)
ts-c0-res          TS     PASS   ok       ok       exact, exact 9472 entries     True spref==989 0     0  survivors 'ok, 989 found' oracle 'exact, 1 minions'  (34s)
ts-res3-2shires    TS     PASS   ok       ok       exact, exact 225792 entries   True spref==7881 0     0  survivors 'ok, 7881 found' oracle 'exact, 4 minions'  (37s)
ts-s4-str          TS     PASS   ok       ok       exact, exact 26880 entries    True spref==624 0     0  survivors 'ok, 624 found' oracle 'exact, 1 minions'  (33s)
ts-s4-nbuf1        TS     PASS   ok       ok       exact, n/a                    True spref==624 0     0  survivors 'ok, 624 found' oracle 'exact, 1 minions'  (34s)
ts-s4-dram1        TS     PASS   ok       ok       exact, n/a                    True spref==624 0     0  survivors 'ok, 624 found' oracle 'exact, 2 minions'  (34s)
ts-s4-m1gen        TS     PASS   ok       ok       exact, n/a                    True spref==624 0     0  survivors 'ok, 624 found' oracle 'exact, 1 minions'  (33s)
ts-k5              TS     PASS   ok       ok       exact, exact 163840 entries   True spref==4018 0     0  survivors 'ok, 4018 found' oracle 'exact, 1 minions'  (38s)
ts-k2-m100         TS     PASS   ok       ok       exact, exact 1536 entries     True spref==138 0     0  survivors 'ok, 138 found' oracle 'exact, 1 minions'  (33s)
ts-k1              TS     PASS   ok       ok       exact, exact 512 entries      True spref=n/a 0     0  survivors 'ok, 6 found' oracle 'exact, 1 minions'  (32s)
ts-dense8          TS     PASS   ok       ok       exact, n/a                    True spref==19960 0     0  survivors 'ok, 19960 found' oracle 'exact, 8 minions'  (35s)
ts-reps2           TS     PASS   ok       ok       exact, n/a                    True spref==624 0     0  survivors 'ok, 624 found' oracle 'exact, 2 minions'  (34s)
ts-l1geo           TS     PASS   partial  partial  exact, exact 32512 entries    False surv=1581 0     0  survivors 'ok, 1581 found' oracle 'exact, 3 minions'  (34s)
ts-l2geo           TS     PASS   partial  partial  exact, exact 32512 entries    False surv=1329 0     0  survivors 'ok, 1329 found' oracle 'exact, 3 minions'  (34s)
ts-f5geo           TS     PASS   partial  partial  exact, n/a                    False surv=389 0     0  survivors 'ok, 389 found' oracle 'exact, 3 minions'  (33s)
ts-tie             TSTIE  PASS   ok       ok       exact, n/a                    False surv=993 0     0  survivors 'ok, 993 found' oracle 'exact, 1 minions'  (33s)
ts-ovf             TSOVF  FAIL   ok       ok       exact, n/a                    True     0     0  survivors 'OVERFLOW 1 minions (found 989, stored 16)' oracle 'exact, 1 minions'  (33s)
ts-negmask         NEGM   FAIL   MISMATCH MISMATCH MISMAT n/a                    True     0     0  survivors 'ok, 624 found' oracle 'exact, 1 minions'  (34s)
ts-negtau          TSNEGT FAIL   ok       ok       exact, n/a                    True     0     0  survivors 'ok, 462 found' oracle 'MISMATCH 1 of 1 minions'  (34s)
ts-lostlog         TSLOST FAIL   ok       ok       exact, n/a                    True     0     0  survivors 'MISMATCH 1 minions' entries' oracle 'MISMATCH 1 of 1 minions'  (33s)
11:21:53 sysemu: SYSEMU PASS: 23 cases (/home/yaroslavvb/nekko/build/sparseparity-t-src/../sparseparity-t/sysemu/20260929-110853)
