Opening device 1
PCIE {"t_ms":1790546487118,"test":"open","open_ns":130966053,"link":[{"bdf":"0000:01:00.0","speed":"16.0 GT/s PCIe","width":"8","max_speed":"16.0 GT/s PCIe","max_width":"8","cma_allocated":"0 MB"},{"bdf":"0000:02:00.0","speed":"16.0 GT/s PCIe","width":"8","max_speed":"16.0 GT/s PCIe","max_width":"8","cma_allocated":"2057 MB"}]}
PCIE {"t_ms":1790546487336,"test":"verify","bytes":1048576,"equal":true}
PCIE {"t_ms":1790546487376,"test":"bw","dir":"h2d","copy":"staged","bytes":4096,"warm_ns":637522,"ns":[332012,319769,616243,569922,674653,610566,197287,103287,572563,574780,200754,573206,208461,206637,572571,201414,103580,209956,573648,104821],"stream_errors":0}
PCIE {"t_ms":1790546487376,"test":"bw","dir":"h2d","copy":"dma","bytes":4096,"warm_ns":666404,"ns":[637858,553852,575449,298212,209725,600940,573586,574404,102621,103829,571755,588501,107149,205323,204705,574802,700081,550072,103600,573381],"stream_errors":0}
PCIE {"t_ms":1790546487376,"test":"bw","dir":"d2h","copy":"staged","bytes":4096,"warm_ns":747415,"ns":[642816,660161,664099,600390,620116,275709,586688,117928,640803,161011,168390,221840,635258,551441,590604,587560,164669,113108,580513,640977],"stream_errors":0}
PCIE {"t_ms":1790546487376,"test":"bw","dir":"d2h","copy":"dma","bytes":4096,"warm_ns":632330,"ns":[701252,621786,397990,596481,629466,586887,597342,163217,586203,118284,586547,582204,163601,595504,204278,591235,118644,575579,215427,584688],"stream_errors":0}
PCIE {"t_ms":1790546487408,"test":"bw","dir":"h2d","copy":"staged","bytes":8192,"warm_ns":559372,"ns":[210935,104970,582063,572137,572925,574052,107188,101605,118671,106956,198721,565515,213918,614882,206485,574007,572190,153127,103514,102327],"stream_errors":0}
PCIE {"t_ms":1790546487408,"test":"bw","dir":"h2d","copy":"dma","bytes":8192,"warm_ns":571877,"ns":[155876,623174,198015,535409,101943,101765,574023,578090,211992,215803,210448,205642,106550,201453,536285,163277,159921,102589,575888,152749],"stream_errors":0}
PCIE {"t_ms":1790546487408,"test":"bw","dir":"d2h","copy":"staged","bytes":8192,"warm_ns":642535,"ns":[588742,170165,219956,586782,197767,642850,643102,161244,113621,628776,612545,585426,169611,591789,581357,165922,587926,633923,641297,643284],"stream_errors":0}
PCIE {"t_ms":1790546487408,"test":"bw","dir":"d2h","copy":"dma","bytes":8192,"warm_ns":216787,"ns":[167040,579151,588829,173012,109478,587649,159127,117345,584517,580440,591863,593348,633540,717425,579438,583570,169076,586201,132454,585504],"stream_errors":0}
PCIE {"t_ms":1790546487440,"test":"bw","dir":"h2d","copy":"staged","bytes":16384,"warm_ns":571743,"ns":[103181,576318,103011,206928,655475,208449,209129,573227,209191,151308,572926,704380,104506,107720,120920,91374,100842,102459,146802,98389],"stream_errors":0}
PCIE {"t_ms":1790546487440,"test":"bw","dir":"h2d","copy":"dma","bytes":16384,"warm_ns":576026,"ns":[158960,151631,573331,103321,208983,574979,566445,150852,558675,104280,572768,106600,102417,171170,685072,103071,700710,111994,95167,570469],"stream_errors":0}
PCIE {"t_ms":1790546487440,"test":"bw","dir":"d2h","copy":"staged","bytes":16384,"warm_ns":639807,"ns":[637148,135021,119283,637239,600287,604601,594459,583325,615967,99885,709810,558430,170722,706429,181377,711943,171780,705799,163983,115626],"stream_errors":0}
PCIE {"t_ms":1790546487440,"test":"bw","dir":"d2h","copy":"dma","bytes":16384,"warm_ns":210297,"ns":[584734,164265,165284,581830,616560,217346,590767,260826,165954,717683,172322,113094,718145,657220,660020,618026,107265,714250,706624,624426],"stream_errors":0}
PCIE {"t_ms":1790546487469,"test":"bw","dir":"h2d","copy":"staged","bytes":32768,"warm_ns":663938,"ns":[103160,104390,97392,143728,101231,97693,98478,116360,569440,205246,572362,207697,568567,98323,102305,150056,204382,568169,204741,103511],"stream_errors":0}
PCIE {"t_ms":1790546487469,"test":"bw","dir":"h2d","copy":"dma","bytes":32768,"warm_ns":188404,"ns":[116894,112607,569731,101997,569110,570085,575285,94046,146970,152294,568116,156412,531441,156174,569689,206097,102391,569627,150584,206135],"stream_errors":0}
PCIE {"t_ms":1790546487469,"test":"bw","dir":"d2h","copy":"staged","bytes":32768,"warm_ns":704117,"ns":[710084,128745,118024,711389,644902,634296,117303,639177,168828,110851,581639,585042,581286,635242,162100,109309,584445,580604,103771,581390],"stream_errors":0}
PCIE {"t_ms":1790546487469,"test":"bw","dir":"d2h","copy":"dma","bytes":32768,"warm_ns":157642,"ns":[150050,716357,114552,579449,581687,157917,162112,588952,578841,584032,166413,106828,166015,584813,634652,585091,581015,235180,588514,578063],"stream_errors":0}
PCIE {"t_ms":1790546487500,"test":"bw","dir":"h2d","copy":"staged","bytes":65536,"warm_ns":541589,"ns":[568568,102791,569081,567220,201186,569066,100981,568804,151938,99872,568560,102455,201863,96243,203534,568306,568914,98612,569037,100448],"stream_errors":0}
PCIE {"t_ms":1790546487500,"test":"bw","dir":"h2d","copy":"dma","bytes":65536,"warm_ns":567775,"ns":[102599,205609,568494,568828,163720,576037,208751,99701,569178,207255,196640,204870,569890,110734,145143,192703,99853,148158,95027,569170],"stream_errors":0}
PCIE {"t_ms":1790546487500,"test":"bw","dir":"d2h","copy":"staged","bytes":65536,"warm_ns":582764,"ns":[638179,581419,175516,581991,129604,175165,156401,581862,580824,160256,637074,581828,583274,585718,112615,593043,159285,637051,161480,581186],"stream_errors":0}
PCIE {"t_ms":1790546487500,"test":"bw","dir":"d2h","copy":"dma","bytes":65536,"warm_ns":162336,"ns":[165460,157956,577636,166456,183843,580697,580007,634147,167330,580435,550696,155230,634047,640521,546690,639735,636817,583692,120454,607298],"stream_errors":0}
PCIE {"t_ms":1790546487531,"test":"bw","dir":"h2d","copy":"staged","bytes":131072,"warm_ns":575850,"ns":[568123,148288,529145,201154,103809,569417,148445,152418,569903,555269,103562,103478,200055,569407,569217,200667,202964,568600,569687,208054],"stream_errors":0}
PCIE {"t_ms":1790546487531,"test":"bw","dir":"h2d","copy":"dma","bytes":131072,"warm_ns":568139,"ns":[114147,207131,567937,570103,202240,529369,571355,199015,568899,98235,571193,204013,206034,206882,568561,151867,568923,202876,200432,152151],"stream_errors":0}
PCIE {"t_ms":1790546487531,"test":"bw","dir":"d2h","copy":"staged","bytes":131072,"warm_ns":585317,"ns":[585135,590138,174135,160219,585306,586360,545130,208659,556556,166762,187278,586174,584351,589821,586057,109263,115197,114809,584641,590720],"stream_errors":0}
PCIE {"t_ms":1790546487531,"test":"bw","dir":"d2h","copy":"dma","bytes":131072,"warm_ns":167415,"ns":[166015,102484,580220,633557,119007,164514,161847,582197,161725,628903,166933,155501,579531,103106,161462,590065,581332,584457,636549,103279],"stream_errors":0}
PCIE {"t_ms":1790546487561,"test":"bw","dir":"h2d","copy":"staged","bytes":262144,"warm_ns":543456,"ns":[193520,567237,568894,570303,165684,569107,570218,569166,202178,139316,203026,196684,201369,568606,569787,177334,162199,259503,209428,702857],"stream_errors":0}
PCIE {"t_ms":1790546487561,"test":"bw","dir":"h2d","copy":"dma","bytes":262144,"warm_ns":567504,"ns":[175276,569528,166160,202542,191119,563072,150338,145773,136244,202443,569059,205779,193378,569657,203996,173179,209246,268805,573522,146176],"stream_errors":0}
PCIE {"t_ms":1790546487561,"test":"bw","dir":"d2h","copy":"staged","bytes":262144,"warm_ns":599543,"ns":[590767,182409,646904,163704,141753,592880,144890,183451,651620,649050,159411,593154,587178,180091,591333,183649,632085,226061,721455,604921],"stream_errors":0}
PCIE {"t_ms":1790546487561,"test":"bw","dir":"d2h","copy":"dma","bytes":262144,"warm_ns":255005,"ns":[159031,580831,147712,205669,579302,259550,259136,578581,584421,583356,207869,127314,579897,580554,225333,167731,170362,170993,131856,206305],"stream_errors":0}
PCIE {"t_ms":1790546487594,"test":"bw","dir":"h2d","copy":"staged","bytes":524288,"warm_ns":185922,"ns":[212243,573448,204524,573275,188045,573469,210737,182016,573014,572751,572907,189784,184433,207614,681187,178256,584960,180293,206204,679362],"stream_errors":0}
PCIE {"t_ms":1790546487594,"test":"bw","dir":"h2d","copy":"dma","bytes":524288,"warm_ns":202857,"ns":[186750,209666,183518,208624,210982,211693,531142,572581,210382,212227,184552,571726,206811,570431,571138,569567,184363,568495,682310,182514],"stream_errors":0}
PCIE {"t_ms":1790546487594,"test":"bw","dir":"d2h","copy":"staged","bytes":524288,"warm_ns":259091,"ns":[243594,609790,609332,220728,608461,607237,609006,238595,614269,608210,607076,244969,662135,736347,230205,245924,611439,211454,241556,216143],"stream_errors":0}
PCIE {"t_ms":1790546487594,"test":"bw","dir":"d2h","copy":"dma","bytes":524288,"warm_ns":193480,"ns":[635460,584370,589987,194648,582561,196797,582058,189581,188833,580369,194712,582888,586596,196787,643897,190234,641546,579462,561487,602828],"stream_errors":0}
PCIE {"t_ms":1790546487624,"test":"bw","dir":"h2d","copy":"staged","bytes":1048576,"warm_ns":251908,"ns":[306921,681396,255113,605039,204427,572455,251997,221219,677034,636543,308889,220616,259331,206232,255682,253369,221171,306938,307588,259109],"stream_errors":0}
PCIE {"t_ms":1790546487624,"test":"bw","dir":"h2d","copy":"dma","bytes":1048576,"warm_ns":699819,"ns":[182756,249269,203385,698644,249066,203336,275056,222464,205085,657690,258269,204035,254923,253430,220634,227920,254599,236120,206790,221622],"stream_errors":0}
PCIE {"t_ms":1790546487624,"test":"bw","dir":"d2h","copy":"staged","bytes":1048576,"warm_ns":736550,"ns":[769258,621094,269483,680640,272523,778102,253937,280867,314169,315442,285496,284181,286118,231164,270380,280658,275745,285483,284336,283617],"stream_errors":0}
PCIE {"t_ms":1790546487624,"test":"bw","dir":"d2h","copy":"dma","bytes":1048576,"warm_ns":187274,"ns":[705063,581064,581442,164640,627581,613540,232137,231701,262641,710467,265996,237303,230816,232027,232474,581363,235355,232122,270945,233134],"stream_errors":0}
PCIE {"t_ms":1790546487656,"test":"bw","dir":"h2d","copy":"staged","bytes":2097152,"warm_ns":385240,"ns":[378965,426967,427215,406880,385404,411046,412892,324471,457103,429430,390893,427106,352567,404429,349516,357015,427993,428023,426431,438868],"stream_errors":0}
PCIE {"t_ms":1790546487656,"test":"bw","dir":"h2d","copy":"dma","bytes":2097152,"warm_ns":286840,"ns":[311080,309837,297882,324148,310037,351098,298938,317526,324699,411742,323344,329097,265192,304615,296346,575876,573966,346250,406294,303172],"stream_errors":0}
PCIE {"t_ms":1790546487656,"test":"bw","dir":"d2h","copy":"staged","bytes":2097152,"warm_ns":448115,"ns":[448450,448276,429784,427671,447533,498829,495824,501752,496277,443125,446733,484291,447587,446091,497380,490167,431615,503652,444550,442867],"stream_errors":0}
PCIE {"t_ms":1790546487656,"test":"bw","dir":"d2h","copy":"dma","bytes":2097152,"warm_ns":308917,"ns":[307928,309880,334875,293637,314492,337117,262964,316762,303903,314482,312360,334636,380483,339060,581272,306536,389628,335021,315282,372742],"stream_errors":0}
PCIE {"t_ms":1790546487698,"test":"bw","dir":"h2d","copy":"staged","bytes":4194304,"warm_ns":818279,"ns":[676499,657905,711227,675076,678268,647460,724980,677199,720359,686274,678146,712355,675603,653751,608113,672314],"stream_errors":0}
PCIE {"t_ms":1790546487698,"test":"bw","dir":"h2d","copy":"dma","bytes":4194304,"warm_ns":513056,"ns":[517736,517753,451469,474327,568552,567603,461036,567658,569195,520975,582518,541801,560102,424318,490920,486308],"stream_errors":0}
PCIE {"t_ms":1790546487698,"test":"bw","dir":"d2h","copy":"staged","bytes":4194304,"warm_ns":774099,"ns":[724305,668431,808958,721738,709808,813489,801349,708317,861802,810210,800461,807651,726827,815629,809770,644851],"stream_errors":0}
PCIE {"t_ms":1790546487699,"test":"bw","dir":"d2h","copy":"dma","bytes":4194304,"warm_ns":500561,"ns":[493372,501868,402573,505673,582399,579303,490866,491676,590055,579793,585049,436104,487575,583439,422699,586127],"stream_errors":0}
PCIE {"t_ms":1790546487738,"test":"bw","dir":"h2d","copy":"staged","bytes":8388608,"warm_ns":1261425,"ns":[1234224,1175494,1251543,1248771,1337456,1196130,1267217,1246743],"stream_errors":0}
PCIE {"t_ms":1790546487738,"test":"bw","dir":"h2d","copy":"dma","bytes":8388608,"warm_ns":772795,"ns":[882028,900339,916570,897997,1061818,934575,995831,914664],"stream_errors":0}
PCIE {"t_ms":1790546487738,"test":"bw","dir":"d2h","copy":"staged","bytes":8388608,"warm_ns":1308148,"ns":[1198129,1186330,1200475,1347360,1348623,1372587,1349981,1347815],"stream_errors":0}
PCIE {"t_ms":1790546487738,"test":"bw","dir":"d2h","copy":"dma","bytes":8388608,"warm_ns":817898,"ns":[785916,791121,848792,1005249,901201,937894,1021266,1009629],"stream_errors":0}
PCIE {"t_ms":1790546487778,"test":"bw","dir":"h2d","copy":"staged","bytes":16777216,"warm_ns":2591399,"ns":[2329975,2355987,2305686,2294762],"stream_errors":0}
PCIE {"t_ms":1790546487778,"test":"bw","dir":"h2d","copy":"dma","bytes":16777216,"warm_ns":1589680,"ns":[1618826,1738610,1659480,1658192],"stream_errors":0}
PCIE {"t_ms":1790546487778,"test":"bw","dir":"d2h","copy":"staged","bytes":16777216,"warm_ns":2700379,"ns":[2390278,2337209,2412901,2323000],"stream_errors":0}
PCIE {"t_ms":1790546487778,"test":"bw","dir":"d2h","copy":"dma","bytes":16777216,"warm_ns":1591175,"ns":[1543220,1560950,1633774,1516865],"stream_errors":0}
PCIE {"t_ms":1790546487842,"test":"bw","dir":"h2d","copy":"staged","bytes":33554432,"warm_ns":4943826,"ns":[4568867,4430425,4492415],"stream_errors":0}
PCIE {"t_ms":1790546487842,"test":"bw","dir":"h2d","copy":"dma","bytes":33554432,"warm_ns":3000204,"ns":[2965590,3028182,3105128],"stream_errors":0}
PCIE {"t_ms":1790546487842,"test":"bw","dir":"d2h","copy":"staged","bytes":33554432,"warm_ns":5407234,"ns":[5332481,5439793,4357858],"stream_errors":0}
PCIE {"t_ms":1790546487842,"test":"bw","dir":"d2h","copy":"dma","bytes":33554432,"warm_ns":2800572,"ns":[2802974,3753148,3833603],"stream_errors":0}
PCIE {"t_ms":1790546487969,"test":"bw","dir":"h2d","copy":"staged","bytes":67108864,"warm_ns":9709294,"ns":[8710937,8659604,8810043],"stream_errors":0}
PCIE {"t_ms":1790546487969,"test":"bw","dir":"h2d","copy":"dma","bytes":67108864,"warm_ns":5683926,"ns":[5678209,5714607,5660173],"stream_errors":0}
PCIE {"t_ms":1790546487969,"test":"bw","dir":"d2h","copy":"staged","bytes":67108864,"warm_ns":10171221,"ns":[10186814,9925130,9915062],"stream_errors":0}
PCIE {"t_ms":1790546487969,"test":"bw","dir":"d2h","copy":"dma","bytes":67108864,"warm_ns":6863753,"ns":[6830320,7016279,7115858],"stream_errors":0}
PCIE {"t_ms":1790546488214,"test":"bw","dir":"h2d","copy":"staged","bytes":134217728,"warm_ns":19118798,"ns":[17159789,17181593,17153143],"stream_errors":0}
PCIE {"t_ms":1790546488214,"test":"bw","dir":"h2d","copy":"dma","bytes":134217728,"warm_ns":10951106,"ns":[10881219,10960941,11006623],"stream_errors":0}
PCIE {"t_ms":1790546488214,"test":"bw","dir":"d2h","copy":"staged","bytes":134217728,"warm_ns":19488247,"ns":[19162960,19279304,19481064],"stream_errors":0}
PCIE {"t_ms":1790546488214,"test":"bw","dir":"d2h","copy":"dma","bytes":134217728,"warm_ns":12936789,"ns":[13128767,13233182,13309214],"stream_errors":0}
PCIE {"t_ms":1790546488695,"test":"bw","dir":"h2d","copy":"staged","bytes":268435456,"warm_ns":35928576,"ns":[34203965,34212859,34141849],"stream_errors":0}
PCIE {"t_ms":1790546488695,"test":"bw","dir":"h2d","copy":"dma","bytes":268435456,"warm_ns":21487932,"ns":[21652281,21549526,21584795],"stream_errors":0}
PCIE {"t_ms":1790546488695,"test":"bw","dir":"d2h","copy":"staged","bytes":268435456,"warm_ns":38612145,"ns":[38573074,38451570,38218838],"stream_errors":0}
PCIE {"t_ms":1790546488695,"test":"bw","dir":"d2h","copy":"dma","bytes":268435456,"warm_ns":25633411,"ns":[25798252,25799888,25527727],"stream_errors":0}
PCIE {"t_ms":1790546488710,"test":"done","which":"bw","elapsed_s":1.722557}
