Opening device 1
PCIE {"t_ms":1790546493868,"test":"open","open_ns":130145353,"link":[{"bdf":"0000:01:00.0","speed":"16.0 GT/s PCIe","width":"8","max_speed":"16.0 GT/s PCIe","max_width":"8","cma_allocated":"0 MB"},{"bdf":"0000:02:00.0","speed":"16.0 GT/s PCIe","width":"8","max_speed":"16.0 GT/s PCIe","max_width":"8","cma_allocated":"2057 MB"}]}
PCIE {"t_ms":1790546493997,"test":"conc","trial":0,"copy":"dma","cfg":"h2d","legs":1,"bytes_per_leg":134217728,"leg_ns":[21991208],"wall_ns":22012756,"stream_errors":0}
PCIE {"t_ms":1790546494010,"test":"conc","trial":0,"copy":"dma","cfg":"d2h","legs":1,"bytes_per_leg":134217728,"leg_ns":[12128951],"wall_ns":12143455,"stream_errors":0}
PCIE {"t_ms":1790546494032,"test":"conc","trial":0,"copy":"dma","cfg":"h2d+d2h","legs":2,"bytes_per_leg":134217728,"leg_ns":[22365317,12160778],"wall_ns":22379833,"stream_errors":0}
PCIE {"t_ms":1790546494077,"test":"conc","trial":0,"copy":"dma","cfg":"2xh2d","legs":2,"bytes_per_leg":134217728,"leg_ns":[44996594,44998707],"wall_ns":45012577,"stream_errors":0}
PCIE {"t_ms":1790546494104,"test":"conc","trial":0,"copy":"dma","cfg":"2xd2h","legs":2,"bytes_per_leg":134217728,"leg_ns":[26740389,26797251],"wall_ns":26810069,"stream_errors":0}
PCIE {"t_ms":1790546494115,"test":"conc","trial":0,"copy":"dma","cfg":"h2d/ser","legs":1,"bytes_per_leg":134217728,"leg_ns":[10894969],"wall_ns":10907057,"stream_errors":0}
PCIE {"t_ms":1790546494128,"test":"conc","trial":0,"copy":"dma","cfg":"d2h/ser","legs":1,"bytes_per_leg":134217728,"leg_ns":[13282611],"wall_ns":13294751,"stream_errors":0}
PCIE {"t_ms":1790546494144,"test":"conc","trial":0,"copy":"dma","cfg":"h2d+d2h/ser","legs":2,"bytes_per_leg":134217728,"leg_ns":[15827180,14759682],"wall_ns":15839601,"stream_errors":0}
PCIE {"t_ms":1790546494173,"test":"conc","trial":0,"copy":"staged","cfg":"h2d","legs":1,"bytes_per_leg":134217728,"leg_ns":[29190570],"wall_ns":29206287,"stream_errors":0}
PCIE {"t_ms":1790546494192,"test":"conc","trial":0,"copy":"staged","cfg":"d2h","legs":1,"bytes_per_leg":134217728,"leg_ns":[18520019],"wall_ns":18532701,"stream_errors":0}
PCIE {"t_ms":1790546494219,"test":"conc","trial":0,"copy":"staged","cfg":"h2d+d2h","legs":2,"bytes_per_leg":134217728,"leg_ns":[27380479,19909539],"wall_ns":27393937,"stream_errors":0}
PCIE {"t_ms":1790546494273,"test":"conc","trial":0,"copy":"staged","cfg":"2xh2d","legs":2,"bytes_per_leg":134217728,"leg_ns":[53078020,53502212],"wall_ns":53520087,"stream_errors":0}
PCIE {"t_ms":1790546494312,"test":"conc","trial":0,"copy":"staged","cfg":"2xd2h","legs":2,"bytes_per_leg":134217728,"leg_ns":[39198915,36501808],"wall_ns":39213231,"stream_errors":0}
PCIE {"t_ms":1790546494328,"test":"conc","trial":0,"copy":"staged","cfg":"h2d/ser","legs":1,"bytes_per_leg":134217728,"leg_ns":[16066972],"wall_ns":16084747,"stream_errors":0}
PCIE {"t_ms":1790546494345,"test":"conc","trial":0,"copy":"staged","cfg":"d2h/ser","legs":1,"bytes_per_leg":134217728,"leg_ns":[16510560],"wall_ns":16523444,"stream_errors":0}
PCIE {"t_ms":1790546494366,"test":"conc","trial":0,"copy":"staged","cfg":"h2d+d2h/ser","legs":2,"bytes_per_leg":134217728,"leg_ns":[21601898,17832048],"wall_ns":21617778,"stream_errors":0}
PCIE {"t_ms":1790546494389,"test":"conc","trial":1,"copy":"dma","cfg":"h2d","legs":1,"bytes_per_leg":134217728,"leg_ns":[22411213],"wall_ns":22423237,"stream_errors":0}
PCIE {"t_ms":1790546494401,"test":"conc","trial":1,"copy":"dma","cfg":"d2h","legs":1,"bytes_per_leg":134217728,"leg_ns":[12016656],"wall_ns":12029665,"stream_errors":0}
PCIE {"t_ms":1790546494423,"test":"conc","trial":1,"copy":"dma","cfg":"h2d+d2h","legs":2,"bytes_per_leg":134217728,"leg_ns":[22457662,12300526],"wall_ns":22470585,"stream_errors":0}
PCIE {"t_ms":1790546494468,"test":"conc","trial":1,"copy":"dma","cfg":"2xh2d","legs":2,"bytes_per_leg":134217728,"leg_ns":[45112810,45110657],"wall_ns":45126215,"stream_errors":0}
PCIE {"t_ms":1790546494495,"test":"conc","trial":1,"copy":"dma","cfg":"2xd2h","legs":2,"bytes_per_leg":134217728,"leg_ns":[26644194,26646368],"wall_ns":26659023,"stream_errors":0}
PCIE {"t_ms":1790546494506,"test":"conc","trial":1,"copy":"dma","cfg":"h2d/ser","legs":1,"bytes_per_leg":134217728,"leg_ns":[10968727],"wall_ns":10981482,"stream_errors":0}
PCIE {"t_ms":1790546494519,"test":"conc","trial":1,"copy":"dma","cfg":"d2h/ser","legs":1,"bytes_per_leg":134217728,"leg_ns":[13365295],"wall_ns":13378160,"stream_errors":0}
PCIE {"t_ms":1790546494535,"test":"conc","trial":1,"copy":"dma","cfg":"h2d+d2h/ser","legs":2,"bytes_per_leg":134217728,"leg_ns":[15955340,14873566],"wall_ns":15967989,"stream_errors":0}
PCIE {"t_ms":1790546494563,"test":"conc","trial":1,"copy":"staged","cfg":"h2d","legs":1,"bytes_per_leg":134217728,"leg_ns":[27402167],"wall_ns":27417215,"stream_errors":0}
PCIE {"t_ms":1790546494581,"test":"conc","trial":1,"copy":"staged","cfg":"d2h","legs":1,"bytes_per_leg":134217728,"leg_ns":[18612604],"wall_ns":18624632,"stream_errors":0}
PCIE {"t_ms":1790546494611,"test":"conc","trial":1,"copy":"staged","cfg":"h2d+d2h","legs":2,"bytes_per_leg":134217728,"leg_ns":[29664139,19688509],"wall_ns":29680340,"stream_errors":0}
PCIE {"t_ms":1790546494667,"test":"conc","trial":1,"copy":"staged","cfg":"2xh2d","legs":2,"bytes_per_leg":134217728,"leg_ns":[55512653,55524129],"wall_ns":55541106,"stream_errors":0}
PCIE {"t_ms":1790546494706,"test":"conc","trial":1,"copy":"staged","cfg":"2xd2h","legs":2,"bytes_per_leg":134217728,"leg_ns":[39242698,39297549],"wall_ns":39312360,"stream_errors":0}
PCIE {"t_ms":1790546494724,"test":"conc","trial":1,"copy":"staged","cfg":"h2d/ser","legs":1,"bytes_per_leg":134217728,"leg_ns":[17404877],"wall_ns":17422520,"stream_errors":0}
PCIE {"t_ms":1790546494740,"test":"conc","trial":1,"copy":"staged","cfg":"d2h/ser","legs":1,"bytes_per_leg":134217728,"leg_ns":[16296618],"wall_ns":16310228,"stream_errors":0}
PCIE {"t_ms":1790546494762,"test":"conc","trial":1,"copy":"staged","cfg":"h2d+d2h/ser","legs":2,"bytes_per_leg":134217728,"leg_ns":[21702000,17794651],"wall_ns":21729139,"stream_errors":0}
PCIE {"t_ms":1790546494784,"test":"conc","trial":2,"copy":"dma","cfg":"h2d","legs":1,"bytes_per_leg":134217728,"leg_ns":[22254093],"wall_ns":22271903,"stream_errors":0}
PCIE {"t_ms":1790546494796,"test":"conc","trial":2,"copy":"dma","cfg":"d2h","legs":1,"bytes_per_leg":134217728,"leg_ns":[12034753],"wall_ns":12046951,"stream_errors":0}
PCIE {"t_ms":1790546494818,"test":"conc","trial":2,"copy":"dma","cfg":"h2d+d2h","legs":2,"bytes_per_leg":134217728,"leg_ns":[22216732,12448072],"wall_ns":22229375,"stream_errors":0}
PCIE {"t_ms":1790546494863,"test":"conc","trial":2,"copy":"dma","cfg":"2xh2d","legs":2,"bytes_per_leg":134217728,"leg_ns":[45008138,45001301],"wall_ns":45024696,"stream_errors":0}
PCIE {"t_ms":1790546494891,"test":"conc","trial":2,"copy":"dma","cfg":"2xd2h","legs":2,"bytes_per_leg":134217728,"leg_ns":[27217416,27220204],"wall_ns":27235431,"stream_errors":0}
PCIE {"t_ms":1790546494901,"test":"conc","trial":2,"copy":"dma","cfg":"h2d/ser","legs":1,"bytes_per_leg":134217728,"leg_ns":[10914103],"wall_ns":10933028,"stream_errors":0}
PCIE {"t_ms":1790546494915,"test":"conc","trial":2,"copy":"dma","cfg":"d2h/ser","legs":1,"bytes_per_leg":134217728,"leg_ns":[13513234],"wall_ns":13528513,"stream_errors":0}
PCIE {"t_ms":1790546494931,"test":"conc","trial":2,"copy":"dma","cfg":"h2d+d2h/ser","legs":2,"bytes_per_leg":134217728,"leg_ns":[15870332,14871309],"wall_ns":15890876,"stream_errors":0}
PCIE {"t_ms":1790546494958,"test":"conc","trial":2,"copy":"staged","cfg":"h2d","legs":1,"bytes_per_leg":134217728,"leg_ns":[27366405],"wall_ns":27392856,"stream_errors":0}
PCIE {"t_ms":1790546494977,"test":"conc","trial":2,"copy":"staged","cfg":"d2h","legs":1,"bytes_per_leg":134217728,"leg_ns":[18580391],"wall_ns":18593373,"stream_errors":0}
PCIE {"t_ms":1790546495007,"test":"conc","trial":2,"copy":"staged","cfg":"h2d+d2h","legs":2,"bytes_per_leg":134217728,"leg_ns":[29604170,19555866],"wall_ns":29631676,"stream_errors":0}
PCIE {"t_ms":1790546495062,"test":"conc","trial":2,"copy":"staged","cfg":"2xh2d","legs":2,"bytes_per_leg":134217728,"leg_ns":[55674595,55676701],"wall_ns":55693336,"stream_errors":0}
PCIE {"t_ms":1790546495102,"test":"conc","trial":2,"copy":"staged","cfg":"2xd2h","legs":2,"bytes_per_leg":134217728,"leg_ns":[39379102,39242026],"wall_ns":39393057,"stream_errors":0}
PCIE {"t_ms":1790546495118,"test":"conc","trial":2,"copy":"staged","cfg":"h2d/ser","legs":1,"bytes_per_leg":134217728,"leg_ns":[16085293],"wall_ns":16101687,"stream_errors":0}
PCIE {"t_ms":1790546495135,"test":"conc","trial":2,"copy":"staged","cfg":"d2h/ser","legs":1,"bytes_per_leg":134217728,"leg_ns":[16614703],"wall_ns":16627927,"stream_errors":0}
PCIE {"t_ms":1790546495156,"test":"conc","trial":2,"copy":"staged","cfg":"h2d+d2h/ser","legs":2,"bytes_per_leg":134217728,"leg_ns":[21744283,17948183],"wall_ns":21761388,"stream_errors":0}
PCIE {"t_ms":1790546495165,"test":"done","which":"conc","elapsed_s":1.428105}
