388 configurations x 3 passes, about 169 min
pass 0 remw/random/h2: 8 launches
pass 0 c.mv/zeros/h2: 8 launches
pass 0 xor/random/h2: 8 launches
pass 0 srli/zeros/h2: 8 launches
pass 0 c.li/zeros/h2: 8 launches
pass 0 nop/zeros/h2: 8 launches
pass 0 fminu.pi/zeros/h2: 8 launches
pass 0 slti/random/h2: 8 launches
pass 0 fmul.ps/zeros/h2: 8 launches
pass 0 mulhsu/random/h2: 8 launches
pass 0 fpackrepb.pi/random/h2: 8 launches
pass 0 wire/hop5/random: 8 launches
pass 0 c.addi/random/h2: 8 launches
pass 0 sll/random/h2: 8 launches
pass 0 l1fill/stride64/zeros: 8 launches
pass 0 fbci.pi/random/h2: 8 launches
pass 0 fsrli.pi/random/h2: 8 launches
pass 0 tload/dram/zeros: 8 launches
pass 0 fmaxu.pi/zeros/h2: 8 launches
pass 0 divuw/random/h2: 8 launches
pass 0 amoaddg.d/zeros/h2: 8 launches
pass 0 ffrc.ps/zeros/h2: 8 launches
pass 0 fmadd.s/const/h2: 8 launches
pass 0 l1fill/stride128/zeros: 8 launches
pass 0 amoaddg.w/zeros/h2: 8 launches
pass 0 ld/random/h2: 8 launches
pass 0 fadd.pi/random/h2: 8 launches
pass 0 tstore/dram/const: 8 launches
pass 0 amoswapl.w/random/h2: 8 launches
pass 0 add/const/h2: 8 launches
pass 0 amomaxl.w/zeros/h2: 8 launches
pass 0 feq.pi/zeros/h2: 8 launches
pass 0 fnmsub.s/random/h2: 8 launches
pass 0 fadd.ps/zeros/h2: 8 launches
pass 0 l1fill/stride32/zeros: 8 launches
pass 0 andi/random/h2: 8 launches
pass 0 st_stream/dram/random: 8 launches
pass 0 scpline/stride64/random: 8 launches
pass 0 or/zeros/h2: 8 launches
pass 0 fmulh.pi/random/h2: 8 launches
pass 0 neigh/3/random: 8 launches
pass 0 lui/random/h2: 8 launches
pass 0 sb/zeros/h2: 8 launches
pass 0 jal/zeros/h2: 8 launches
pass 0 xori/zeros/h2: 8 launches
pass 0 fmax.s/random/h2: 8 launches
pass 0 fexp.ps/zeros/h2: 8 launches
pass 0 fmv.x.w/random/h2: 8 launches
pass 0 add_norvc/random/h2: 8 launches
pass 0 fadd.s/random/h2: 8 launches
pass 0 and/random/h2: 8 launches
pass 0 flt.s/random/h2: 8 launches
pass 0 mul/random/h2: 8 launches
pass 0 tload/dram/const: 8 launches
pass 0 fmadd.ps/random/h2: 8 launches
pass 0 fsrli.pi/zeros/h2: 8 launches
pass 0 scpline/stride256/zeros: 8 launches
pass 0 fsw/zeros/h2: 8 launches
pass 0 fandi.pi/random/h2: 8 launches
pass 0 fadd.pi/const/h2: 8 launches
pass 0 for.pi/zeros/h2: 8 launches
pass 0 fsub.ps/random/h2: 8 launches
pass 0 tload/scp/const: 8 launches
pass 0 sllw/zeros/h2: 8 launches
pass 0 fmin.ps/random/h2: 8 launches
pass 0 fsgnjx.s/random/h2: 8 launches
pass 0 sw/zeros/h2: 8 launches
pass 0 wire/hop2/zeros: 8 launches
pass 0 fswizz.ps/random/h2: 8 launches
pass 0 add/zeros/h2: 8 launches
pass 0 fsgnj.s/zeros/h2: 8 launches
pass 0 flw.ps/const/h2: 8 launches
pass 0 scpline/stride128/random: 8 launches
pass 0 feq.s/random/h2: 8 launches
pass 0 flem.ps/zeros/h2: 8 launches
pass 0 flw/zeros/h2: 8 launches
pass 0 fltu.pi/zeros/h2: 8 launches
pass 0 flw.ps/zeros/h2: 8 launches
pass 0 sltiu/zeros/h2: 8 launches
pass 0 wire/hop8/random: 8 launches
pass 0 tstore/dram/random: 8 launches
pass 0 srl/random/h2: 8 launches
pass 0 fbci.ps/zeros/h2: 8 launches
pass 0 scpline/stride64/zeros: 8 launches
pass 0 fmsub.s/zeros/h2: 8 launches
pass 0 neigh/0/random: 8 launches
pass 0 fbcx.ps/random/h2: 8 launches
pass 0 mulw/random/h2: 8 launches
pass 0 flwl.ps/zeros/h2: 8 launches
pass 0 sd/random/h2: 8 launches
pass 0 dramrow/stride256K/zeros: 0 launches
pass 0 remw/zeros/h2: 8 launches
pass 0 sltu/random/h2: 8 launches
pass 0 lbu/zeros/h2: 8 launches
pass 0 fle.s/random/h2: 8 launches
pass 0 fmax.ps/zeros/h2: 8 launches
pass 0 fmul.pi/zeros/h2: 8 launches
pass 0 lwu/zeros/h2: 8 launches
pass 0 fsgnjx.ps/random/h2: 8 launches
pass 0 fcvt.wu.s/zeros/h2: 8 launches
pass 0 fsub.s/zeros/h2: 8 launches
pass 0 fmv.x.w/zeros/h2: 8 launches
pass 0 fsub.s/random/h2: 8 launches
pass 0 bge_data/zeros/h2: 8 launches
pass 0 fmsub.ps/random/h2: 8 launches
pass 0 addiw/random/h2: 8 launches
pass 0 fsll.pi/random/h2: 8 launches
pass 0 lui/zeros/h2: 8 launches
pass 0 fxor.pi/zeros/h2: 8 launches
pass 0 divu/zeros/h2: 8 launches
pass 0 add/random/h1: 8 launches
pass 0 auipc/zeros/h2: 8 launches
pass 0 fcvt.ps.pw/zeros/h2: 8 launches
pass 0 fnmadd.ps/random/h2: 8 launches
pass 0 dramrow/stride8K/zeros: 8 launches
pass 0 or/random/h2: 8 launches
pass 0 c.add/random/h2: 8 launches
pass 0 fsrl.pi/zeros/h2: 8 launches
pass 0 flt.pi/zeros/h2: 8 launches
pass 0 fsra.pi/zeros/h2: 8 launches
pass 0 fnmsub.s/zeros/h2: 8 launches
pass 0 fsgnjx.ps/zeros/h2: 8 launches
pass 0 wire/hop6/random: 8 launches
pass 0 fand.pi/random/h2: 8 launches
pass 0 fence/random/h2: 8 launches
pass 0 tstore/scp/zeros: 8 launches
pass 0 dramrow/stride256K/random: 0 launches
pass 0 fltm.ps/random/h2: 8 launches
pass 0 fcvt.s.w/random/h2: 8 launches
pass 0 srai/zeros/h2: 8 launches
pass 0 faddi.pi/zeros/h2: 8 launches
pass 0 and/zeros/h2: 8 launches
pass 0 fle.ps/zeros/h2: 8 launches
pass 0 amoorl.w/zeros/h2: 8 launches
pass 0 fcmovm.ps/random/h2: 8 launches
pass 0 divw/zeros/h2: 8 launches
pass 0 remuw/random/h2: 8 launches
pass 0 frcp.ps/zeros/h2: 8 launches
pass 0 andi/zeros/h2: 8 launches
pass 0 fmadd.ps/random/h1: 8 launches
pass 0 fmsub.ps/zeros/h2: 8 launches
pass 0 nop/random/h2: 8 launches
pass 0 fsub.ps/zeros/h2: 8 launches
pass 0 bne_nottaken/random/h2: 8 launches
pass 0 scpline/stride128/zeros: 8 launches
pass 0 remuw/zeros/h2: 8 launches
pass 0 fsgnj.s/random/h2: 8 launches
pass 0 div/random/h2: 8 launches
pass 0 flwl.ps/random/h2: 8 launches
pass 0 fmulhu.pi/random/h2: 8 launches
pass 0 sd/zeros/h2: 8 launches
pass 0 wire/hop1/zeros: 8 launches
pass 0 sltiu/random/h2: 8 launches
pass 0 fpackreph.pi/random/h2: 8 launches
pass 0 l1fill/stride64/random: 8 launches
pass 0 fsgnjn.ps/random/h2: 8 launches
pass 0 fswizz.ps/zeros/h2: 8 launches
pass 0 amoaddl.d/random/h2: 8 launches
pass 0 fmax.ps/random/h2: 8 launches
pass 0 tload/scp/zeros: 8 launches
pass 0 sub/zeros/h2: 8 launches
pass 0 fmin.ps/zeros/h2: 8 launches
pass 0 sh/random/h2: 8 launches
pass 0 fsrl.pi/random/h2: 8 launches
pass 0 feqm.ps/random/h2: 8 launches
pass 0 fnmsub.ps/random/h2: 8 launches
pass 0 fnmadd.ps/zeros/h2: 8 launches
pass 0 mulh/random/h2: 8 launches
pass 0 lb/zeros/h2: 8 launches
pass 0 fadd.s/zeros/h2: 8 launches
pass 0 fround.ps/zeros/h2: 8 launches
pass 0 fcvt.s.wu/random/h2: 8 launches
pass 0 fcvt.s.w/zeros/h2: 8 launches
pass 0 flem.ps/random/h2: 8 launches
pass 0 scpline/stride256/random: 8 launches
pass 0 beq_taken/zeros/h2: 8 launches
pass 0 fcvt.s.wu/zeros/h2: 8 launches
pass 0 lbu/random/h2: 8 launches
pass 0 fsub.pi/random/h2: 8 launches
pass 0 fmax.s/zeros/h2: 8 launches
pass 0 ori/random/h2: 8 launches
pass 0 frcp.ps/random/h2: 8 launches
pass 0 fmadd.ps/const/h2: 8 launches
pass 0 fexp.ps/random/h1: 8 launches
pass 0 fle.pi/zeros/h2: 8 launches
pass 0 neigh/1/random: 8 launches
pass 0 sra/random/h2: 8 launches
pass 0 sub/random/h2: 8 launches
pass 0 tstore/scp/random: 8 launches
pass 0 fsgnjn.s/random/h2: 8 launches
pass 0 wire/hop3/zeros: 8 launches
pass 0 fsgnj.ps/random/h2: 8 launches
pass 0 fbci.pi/zeros/h2: 8 launches
pass 0 fsw.ps/random/h2: 8 launches
pass 0 spin/zeros/h1: 8 launches
pass 0 fround.ps/random/h2: 8 launches
pass 0 faddi.pi/random/h2: 8 launches
pass 0 amoorl.w/random/h2: 8 launches
pass 0 fmin.s/random/h2: 8 launches
pass 0 sllw/random/h2: 8 launches
pass 0 sb/random/h2: 8 launches
pass 0 fclass.s/random/h2: 8 launches
pass 0 divuw/zeros/h2: 8 launches
pass 0 sra/zeros/h2: 8 launches
pass 0 l1fill/stride128/random: 8 launches
pass 0 srl/zeros/h2: 8 launches
pass 0 ffrc.ps/random/h2: 8 launches
pass 0 fand.pi/zeros/h2: 8 launches
pass 0 wire/hop2/random: 8 launches
pass 0 subw/random/h2: 8 launches
pass 0 fclass.ps/random/h2: 8 launches
pass 0 fnmadd.s/random/h2: 8 launches
pass 0 fnmadd.s/zeros/h2: 8 launches
pass 0 fmsub.s/random/h2: 8 launches
pass 0 feq.ps/random/h2: 8 launches
pass 0 flog.ps/zeros/h2: 8 launches
pass 0 sh/zeros/h2: 8 launches
pass 0 fcmov.ps/zeros/h2: 8 launches
pass 0 fcvt.wu.s/random/h2: 8 launches
pass 0 sll/zeros/h2: 8 launches
pass 0 fle.pi/random/h2: 8 launches
pass 0 fsra.pi/random/h2: 8 launches
pass 0 fxor.pi/random/h2: 8 launches
pass 0 fswl.ps/random/h2: 8 launches
pass 0 fmul.ps/random/h2: 8 launches
pass 0 fcvt.pw.ps/random/h2: 8 launches
pass 0 fmax.pi/zeros/h2: 8 launches
pass 0 addi_norvc/zeros/h2: 8 launches
pass 0 fadd.s/const/h2: 8 launches
pass 0 flt.ps/zeros/h2: 8 launches
pass 0 fmul.pi/random/h2: 8 launches
pass 0 fsgnjx.s/zeros/h2: 8 launches
pass 0 fsgnj.ps/zeros/h2: 8 launches
pass 0 flt.s/zeros/h2: 8 launches
pass 0 auipc/random/h2: 8 launches
pass 0 spin/zeros/h2: 8 launches
pass 0 srai/random/h2: 8 launches
pass 0 slli/zeros/h2: 8 launches
pass 0 wire/hop1/random: 8 launches
pass 0 fadd.pi/zeros/h2: 8 launches
pass 0 ld/const/h2: 8 launches
pass 0 c.li/random/h2: 8 launches
pass 0 add/random/h2: 8 launches
pass 0 lh/random/h2: 8 launches
pass 0 fsll.pi/zeros/h2: 8 launches
pass 0 fence/zeros/h2: 8 launches
pass 0 lb/random/h2: 8 launches
pass 0 rem/zeros/h2: 8 launches
pass 0 sltu/zeros/h2: 8 launches
pass 0 mulhu/random/h2: 8 launches
pass 0 dramrow/stride1K/random: 8 launches
pass 0 fbci.ps/random/h2: 8 launches
pass 0 fmadd.s/random/h2: 8 launches
pass 0 fandi.pi/zeros/h2: 8 launches
pass 0 wire/hop6/zeros: 8 launches
pass 0 feq.pi/random/h2: 8 launches
pass 0 fclass.ps/zeros/h2: 8 launches
pass 0 lhu/random/h2: 8 launches
pass 0 fpackrepb.pi/zeros/h2: 8 launches
pass 0 srli/random/h2: 8 launches
pass 0 feq.ps/zeros/h2: 8 launches
pass 0 flog.ps/random/h2: 8 launches
pass 0 amoaddl.w/random/h2: 8 launches
pass 0 fmul.s/random/h2: 8 launches
pass 0 amomaxl.w/random/h2: 8 launches
pass 0 bge_data/random/h2: 8 launches
pass 0 fcmov.ps/random/h2: 8 launches
pass 0 wire/hop4/zeros: 8 launches
pass 0 fadd.ps/random/h2: 8 launches
pass 0 xori/random/h2: 8 launches
pass 0 amoaddl.w/zeros/h2: 8 launches
pass 0 fclass.s/zeros/h2: 8 launches
pass 0 add_norvc/zeros/h2: 8 launches
pass 0 lw/zeros/h2: 8 launches
pass 0 addi/zeros/h2: 8 launches
pass 0 fmin.s/zeros/h2: 8 launches
pass 0 fmaxu.pi/random/h2: 8 launches
pass 0 feqm.ps/zeros/h2: 8 launches
pass 0 xor/zeros/h2: 8 launches
pass 0 fmax.pi/random/h2: 8 launches
pass 0 fnmsub.ps/zeros/h2: 8 launches
pass 0 flt.ps/random/h2: 8 launches
pass 0 fslli.pi/zeros/h2: 8 launches
pass 0 fmulh.pi/zeros/h2: 8 launches
pass 0 wire/hop8/zeros: 8 launches
pass 0 mul/zeros/h2: 8 launches
pass 0 fbcx.ps/zeros/h2: 8 launches
pass 0 fsgnjn.ps/zeros/h2: 8 launches
pass 0 remu/zeros/h2: 8 launches
pass 0 wire/hop3/random: 8 launches
pass 0 fsrai.pi/random/h2: 8 launches
pass 0 tstore/dram/zeros: 8 launches
pass 0 fminu.pi/random/h2: 8 launches
pass 0 fmin.pi/zeros/h2: 8 launches
pass 0 c.addi/zeros/h2: 8 launches
pass 0 bltu_data/random/h2: 8 launches
pass 0 st_stream/dram/const: 8 launches
pass 0 mulhsu/zeros/h2: 8 launches
pass 0 slt/random/h2: 8 launches
pass 0 fnot.pi/random/h2: 8 launches
pass 0 lh/zeros/h2: 8 launches
pass 0 neigh/2/random: 8 launches
pass 0 amoswapl.w/zeros/h2: 8 launches
pass 0 fmul.s/zeros/h2: 8 launches
pass 0 tstore/scp/const: 8 launches
pass 0 lwu/random/h2: 8 launches
pass 0 tload/scp/random: 8 launches
pass 0 dramrow/stride8K/random: 8 launches
pass 0 fle.ps/random/h2: 8 launches
pass 0 fslli.pi/random/h2: 8 launches
pass 0 fmin.pi/random/h2: 8 launches
pass 0 lw/random/h2: 8 launches
pass 0 sw/random/h2: 8 launches
pass 0 amoaddg.w/random/h2: 8 launches
pass 0 bgeu_data/zeros/h2: 8 launches
pass 0 div/zeros/h2: 8 launches
pass 0 fmv.w.x/random/h2: 8 launches
pass 0 st_stream/dram/zeros: 8 launches
pass 0 fadd.ps/const/h2: 8 launches
pass 0 fsub.pi/zeros/h2: 8 launches
pass 0 flt.pi/random/h2: 8 launches
pass 0 fsrai.pi/zeros/h2: 8 launches
pass 0 wire/hop5/zeros: 8 launches
pass 0 fltm.ps/zeros/h2: 8 launches
pass 0 fmulhu.pi/zeros/h2: 8 launches
pass 0 fcvt.pw.ps/zeros/h2: 8 launches
pass 0 flw/random/h2: 8 launches
pass 0 ld/zeros/h2: 8 launches
pass 0 feq.s/zeros/h2: 8 launches
pass 0 amoaddl.d/zeros/h2: 8 launches
pass 0 dramrow/stride1K/zeros: 8 launches
pass 0 blt_data/zeros/h2: 8 launches
pass 0 sraw/random/h2: 8 launches
pass 0 fsw.ps/zeros/h2: 8 launches
pass 0 mulw/zeros/h2: 8 launches
pass 0 fmadd.ps/zeros/h2: 8 launches
pass 0 fmadd.s/zeros/h2: 8 launches
pass 0 c.mv/random/h2: 8 launches
pass 0 tload/dram/random: 8 launches
pass 0 jal/random/h2: 8 launches
pass 0 divw/random/h2: 8 launches
pass 0 fsgnjn.s/zeros/h2: 8 launches
pass 0 bne_nottaken/zeros/h2: 8 launches
pass 0 fmul.pi/const/h2: 8 launches
pass 0 bltu_data/zeros/h2: 8 launches
pass 0 addi/random/h2: 8 launches
pass 0 flw.ps/random/h2: 8 launches
pass 0 slti/zeros/h2: 8 launches
pass 0 wire/hop4/random: 8 launches
pass 0 fcmovm.ps/zeros/h2: 8 launches
pass 0 slli/random/h2: 8 launches
pass 0 beq_taken/random/h2: 8 launches
pass 0 addw/zeros/h2: 8 launches
pass 0 fcvt.w.s/zeros/h2: 8 launches
pass 0 subw/zeros/h2: 8 launches
pass 0 fexp.ps/const/h2: 8 launches
pass 0 csrr_fccnb/random/h2: 8 launches
pass 0 bgeu_data/random/h2: 8 launches
pass 0 sraw/zeros/h2: 8 launches
pass 0 l1fill/stride32/random: 8 launches
pass 0 amoaddg.d/random/h2: 8 launches
pass 0 c.add/zeros/h2: 8 launches
pass 0 fcvt.w.s/random/h2: 8 launches
pass 0 ori/zeros/h2: 8 launches
pass 0 blt_data/random/h2: 8 launches
pass 0 srlw/random/h2: 8 launches
pass 0 fcvt.ps.pw/random/h2: 8 launches
pass 0 fswl.ps/zeros/h2: 8 launches
pass 0 rem/random/h2: 8 launches
pass 0 fmv.w.x/zeros/h2: 8 launches
pass 0 mulh/zeros/h2: 8 launches
pass 0 fnot.pi/zeros/h2: 8 launches
pass 0 fpackreph.pi/zeros/h2: 8 launches
pass 0 divu/random/h2: 8 launches
pass 0 slt/zeros/h2: 8 launches
pass 0 fle.s/zeros/h2: 8 launches
pass 0 lhu/zeros/h2: 8 launches
pass 0 srlw/zeros/h2: 8 launches
pass 0 csrr_fccnb/zeros/h2: 8 launches
pass 0 fltu.pi/random/h2: 8 launches
pass 0 remu/random/h2: 8 launches
pass 0 fsw/random/h2: 8 launches
pass 0 mulhu/zeros/h2: 8 launches
pass 0 addw/random/h2: 8 launches
pass 0 addi_norvc/random/h2: 8 launches
pass 0 fexp.ps/random/h2: 8 launches
pass 0 addiw/zeros/h2: 8 launches
pass 0 for.pi/random/h2: 8 launches
pass 1 fsgnj.s/zeros/h2: 8 launches
pass 1 fsgnjx.ps/random/h2: 8 launches
pass 1 flem.ps/zeros/h2: 8 launches
pass 1 fmul.s/zeros/h2: 8 launches
pass 1 subw/random/h2: 8 launches
pass 1 fnot.pi/random/h2: 8 launches
pass 1 fsrl.pi/random/h2: 8 launches
pass 1 fmax.s/zeros/h2: 8 launches
pass 1 fmv.w.x/zeros/h2: 8 launches
pass 1 ffrc.ps/zeros/h2: 8 launches
pass 1 fmul.pi/zeros/h2: 8 launches
pass 1 fsrl.pi/zeros/h2: 8 launches
pass 1 flw/zeros/h2: 8 launches
pass 1 add_norvc/random/h2: 8 launches
pass 1 fpackrepb.pi/random/h2: 8 launches
pass 1 wire/hop5/random: 8 launches
pass 1 slti/zeros/h2: 8 launches
pass 1 remw/random/h2: 8 launches
pass 1 fltu.pi/zeros/h2: 8 launches
pass 1 faddi.pi/random/h2: 8 launches
pass 1 fswl.ps/random/h2: 8 launches
pass 1 fpackrepb.pi/zeros/h2: 8 launches
pass 1 fslli.pi/random/h2: 8 launches
pass 1 amoaddg.w/random/h2: 8 launches
pass 1 fand.pi/zeros/h2: 8 launches
pass 1 add/random/h2: 8 launches
pass 1 c.mv/random/h2: 8 launches
pass 1 fmin.pi/zeros/h2: 8 launches
pass 1 dramrow/stride8K/random: 8 launches
pass 1 fexp.ps/const/h2: 8 launches
pass 1 blt_data/zeros/h2: 8 launches
pass 1 addi/random/h2: 8 launches
pass 1 fcmovm.ps/random/h2: 8 launches
pass 1 andi/random/h2: 8 launches
pass 1 flt.s/random/h2: 8 launches
pass 1 flw.ps/const/h2: 8 launches
pass 1 tload/scp/zeros: 8 launches
pass 1 lui/zeros/h2: 8 launches
pass 1 or/zeros/h2: 8 launches
pass 1 fmv.x.w/zeros/h2: 8 launches
pass 1 l1fill/stride64/random: 8 launches
pass 1 div/random/h2: 8 launches
pass 1 xori/zeros/h2: 8 launches
pass 1 fnmadd.ps/zeros/h2: 8 launches
pass 1 st_stream/dram/random: 8 launches
pass 1 ffrc.ps/random/h2: 8 launches
pass 1 and/zeros/h2: 8 launches
pass 1 tload/scp/random: 8 launches
pass 1 andi/zeros/h2: 8 launches
pass 1 fsw/zeros/h2: 8 launches
pass 1 dramrow/stride1K/random: 8 launches
pass 1 fnot.pi/zeros/h2: 8 launches
pass 1 sra/random/h2: 8 launches
pass 1 fsgnj.ps/random/h2: 8 launches
pass 1 l1fill/stride32/random: 8 launches
pass 1 bge_data/zeros/h2: 8 launches
pass 1 mulhu/random/h2: 8 launches
pass 1 blt_data/random/h2: 8 launches
pass 1 for.pi/zeros/h2: 8 launches
pass 1 fbcx.ps/random/h2: 8 launches
pass 1 fcvt.s.wu/random/h2: 8 launches
pass 1 xori/random/h2: 8 launches
pass 1 fnmadd.ps/random/h2: 8 launches
pass 1 amomaxl.w/zeros/h2: 8 launches
pass 1 amoaddg.w/zeros/h2: 8 launches
pass 1 add_norvc/zeros/h2: 8 launches
pass 1 amoorl.w/zeros/h2: 8 launches
pass 1 mulhsu/random/h2: 8 launches
pass 1 fsub.ps/random/h2: 8 launches
pass 1 fswizz.ps/zeros/h2: 8 launches
pass 1 srl/random/h2: 8 launches
pass 1 l1fill/stride32/zeros: 8 launches
pass 1 nop/random/h2: 8 launches
pass 1 flw.ps/zeros/h2: 8 launches
pass 1 flwl.ps/zeros/h2: 8 launches
pass 1 fle.pi/zeros/h2: 8 launches
pass 1 xor/zeros/h2: 8 launches
pass 1 mul/zeros/h2: 8 launches
pass 1 addw/random/h2: 8 launches
pass 1 lbu/random/h2: 8 launches
pass 1 add/zeros/h2: 8 launches
pass 1 lwu/random/h2: 8 launches
pass 1 fminu.pi/random/h2: 8 launches
pass 1 fclass.ps/zeros/h2: 8 launches
pass 1 add/random/h1: 8 launches
pass 1 fcvt.pw.ps/random/h2: 8 launches
pass 1 wire/hop5/zeros: 8 launches
pass 1 scpline/stride256/zeros: 8 launches
pass 1 amoaddl.d/zeros/h2: 8 launches
pass 1 amomaxl.w/random/h2: 8 launches
pass 1 fbci.ps/random/h2: 8 launches
pass 1 feq.ps/zeros/h2: 8 launches
pass 1 remu/zeros/h2: 8 launches
pass 1 subw/zeros/h2: 8 launches
pass 1 slli/zeros/h2: 8 launches
pass 1 fbci.ps/zeros/h2: 8 launches
pass 1 tload/dram/random: 8 launches
pass 1 dramrow/stride256K/zeros: 0 launches
pass 1 l1fill/stride64/zeros: 8 launches
pass 1 fsgnjx.s/random/h2: 8 launches
pass 1 fcmov.ps/random/h2: 8 launches
pass 1 fclass.s/zeros/h2: 8 launches
pass 1 fnmsub.s/random/h2: 8 launches
pass 1 rem/random/h2: 8 launches
pass 1 c.addi/zeros/h2: 8 launches
pass 1 fsgnjn.ps/zeros/h2: 8 launches
pass 1 fadd.s/random/h2: 8 launches
pass 1 fexp.ps/zeros/h2: 8 launches
pass 1 fltm.ps/zeros/h2: 8 launches
pass 1 neigh/0/random: 8 launches
pass 1 scpline/stride64/random: 8 launches
pass 1 fnmadd.s/random/h2: 8 launches
pass 1 fltu.pi/random/h2: 8 launches
pass 1 mulhu/zeros/h2: 8 launches
pass 1 lh/random/h2: 8 launches
pass 1 feq.s/zeros/h2: 8 launches
pass 1 tstore/dram/zeros: 8 launches
pass 1 fsgnjn.ps/random/h2: 8 launches
pass 1 sll/random/h2: 8 launches
pass 1 c.li/random/h2: 8 launches
pass 1 feqm.ps/zeros/h2: 8 launches
pass 1 mul/random/h2: 8 launches
pass 1 c.addi/random/h2: 8 launches
pass 1 fmax.pi/random/h2: 8 launches
pass 1 ori/zeros/h2: 8 launches
pass 1 wire/hop3/random: 8 launches
pass 1 fsll.pi/random/h2: 8 launches
pass 1 slli/random/h2: 8 launches
pass 1 tstore/scp/random: 8 launches
pass 1 fadd.ps/zeros/h2: 8 launches
pass 1 feq.ps/random/h2: 8 launches
pass 1 fle.s/zeros/h2: 8 launches
pass 1 tstore/dram/const: 8 launches
pass 1 fbci.pi/random/h2: 8 launches
pass 1 fxor.pi/zeros/h2: 8 launches
pass 1 flog.ps/zeros/h2: 8 launches
pass 1 fmadd.ps/random/h1: 8 launches
pass 1 fmulhu.pi/random/h2: 8 launches
pass 1 divw/random/h2: 8 launches
pass 1 fadd.s/zeros/h2: 8 launches
pass 1 fmadd.s/zeros/h2: 8 launches
pass 1 fadd.pi/zeros/h2: 8 launches
pass 1 csrr_fccnb/zeros/h2: 8 launches
pass 1 fand.pi/random/h2: 8 launches
pass 1 wire/hop2/random: 8 launches
pass 1 fcvt.ps.pw/random/h2: 8 launches
pass 1 fsgnj.s/random/h2: 8 launches
pass 1 addiw/zeros/h2: 8 launches
pass 1 wire/hop1/zeros: 8 launches
pass 1 fmul.pi/const/h2: 8 launches
pass 1 fsgnjx.s/zeros/h2: 8 launches
pass 1 scpline/stride128/random: 8 launches
pass 1 fsgnjx.ps/zeros/h2: 8 launches
pass 1 lw/zeros/h2: 8 launches
pass 1 fmulh.pi/random/h2: 8 launches
pass 1 fmadd.ps/random/h2: 8 launches
pass 1 fsw.ps/random/h2: 8 launches
pass 1 fminu.pi/zeros/h2: 8 launches
pass 1 slt/random/h2: 8 launches
pass 1 wire/hop8/random: 8 launches
pass 1 fmaxu.pi/zeros/h2: 8 launches
pass 1 slti/random/h2: 8 launches
pass 1 tload/dram/const: 8 launches
pass 1 neigh/2/random: 8 launches
pass 1 fmin.ps/random/h2: 8 launches
pass 1 amoswapl.w/random/h2: 8 launches
pass 1 fmax.ps/zeros/h2: 8 launches
pass 1 fsw.ps/zeros/h2: 8 launches
pass 1 wire/hop3/zeros: 8 launches
pass 1 fsra.pi/zeros/h2: 8 launches
pass 1 amoaddg.d/zeros/h2: 8 launches
pass 1 lui/random/h2: 8 launches
pass 1 fsub.ps/zeros/h2: 8 launches
pass 1 tstore/scp/const: 8 launches
pass 1 fnmsub.ps/random/h2: 8 launches
pass 1 fmax.ps/random/h2: 8 launches
pass 1 fsrli.pi/zeros/h2: 8 launches
pass 1 flem.ps/random/h2: 8 launches
pass 1 fxor.pi/random/h2: 8 launches
pass 1 sub/zeros/h2: 8 launches
pass 1 fmul.pi/random/h2: 8 launches
pass 1 fence/random/h2: 8 launches
pass 1 fmaxu.pi/random/h2: 8 launches
pass 1 spin/zeros/h2: 8 launches
pass 1 lhu/random/h2: 8 launches
pass 1 sw/random/h2: 8 launches
pass 1 sllw/random/h2: 8 launches
pass 1 fcvt.w.s/random/h2: 8 launches
pass 1 xor/random/h2: 8 launches
pass 1 mulw/random/h2: 8 launches
pass 1 fswl.ps/zeros/h2: 8 launches
pass 1 bge_data/random/h2: 8 launches
pass 1 neigh/3/random: 8 launches
pass 1 fsgnjn.s/zeros/h2: 8 launches
pass 1 fmsub.s/random/h2: 8 launches
pass 1 flt.ps/zeros/h2: 8 launches
pass 1 tstore/dram/random: 8 launches
pass 1 feq.pi/random/h2: 8 launches
pass 1 addw/zeros/h2: 8 launches
pass 1 flt.pi/random/h2: 8 launches
pass 1 fmul.ps/random/h2: 8 launches
pass 1 bgeu_data/zeros/h2: 8 launches
pass 1 sd/zeros/h2: 8 launches
pass 1 ld/random/h2: 8 launches
pass 1 fltm.ps/random/h2: 8 launches
pass 1 fcvt.wu.s/zeros/h2: 8 launches
pass 1 nop/zeros/h2: 8 launches
pass 1 fsrli.pi/random/h2: 8 launches
pass 1 sllw/zeros/h2: 8 launches
pass 1 sraw/zeros/h2: 8 launches
pass 1 fmadd.s/random/h2: 8 launches
pass 1 mulhsu/zeros/h2: 8 launches
pass 1 c.add/zeros/h2: 8 launches
pass 1 fcvt.s.wu/zeros/h2: 8 launches
pass 1 frcp.ps/random/h2: 8 launches
pass 1 feqm.ps/random/h2: 8 launches
pass 1 remuw/zeros/h2: 8 launches
pass 1 fsub.pi/random/h2: 8 launches
pass 1 divw/zeros/h2: 8 launches
pass 1 sltu/zeros/h2: 8 launches
pass 1 fbci.pi/zeros/h2: 8 launches
pass 1 fcvt.w.s/zeros/h2: 8 launches
pass 1 fle.s/random/h2: 8 launches
pass 1 fmin.s/zeros/h2: 8 launches
pass 1 l1fill/stride128/zeros: 8 launches
pass 1 st_stream/dram/zeros: 8 launches
pass 1 fcmovm.ps/zeros/h2: 8 launches
pass 1 auipc/zeros/h2: 8 launches
pass 1 dramrow/stride1K/zeros: 8 launches
pass 1 wire/hop2/zeros: 8 launches
pass 1 fpackreph.pi/zeros/h2: 8 launches
pass 1 fandi.pi/zeros/h2: 8 launches
pass 1 and/random/h2: 8 launches
pass 1 amoaddl.w/random/h2: 8 launches
pass 1 faddi.pi/zeros/h2: 8 launches
pass 1 wire/hop6/random: 8 launches
pass 1 divuw/zeros/h2: 8 launches
pass 1 fadd.ps/const/h2: 8 launches
pass 1 sw/zeros/h2: 8 launches
pass 1 for.pi/random/h2: 8 launches
pass 1 spin/zeros/h1: 8 launches
pass 1 fsgnjn.s/random/h2: 8 launches
pass 1 fsub.s/random/h2: 8 launches
pass 1 bne_nottaken/zeros/h2: 8 launches
pass 1 ld/const/h2: 8 launches
pass 1 fmadd.ps/zeros/h2: 8 launches
pass 1 srlw/random/h2: 8 launches
pass 1 c.add/random/h2: 8 launches
pass 1 fsll.pi/zeros/h2: 8 launches
pass 1 dramrow/stride8K/zeros: 8 launches
pass 1 fsw/random/h2: 8 launches
pass 1 sh/zeros/h2: 8 launches
pass 1 c.mv/zeros/h2: 8 launches
pass 1 add/const/h2: 8 launches
pass 1 sb/zeros/h2: 8 launches
pass 1 addi_norvc/random/h2: 8 launches
pass 1 amoaddl.w/zeros/h2: 8 launches
pass 1 wire/hop4/random: 8 launches
pass 1 addiw/random/h2: 8 launches
pass 1 flt.pi/zeros/h2: 8 launches
pass 1 divuw/random/h2: 8 launches
pass 1 l1fill/stride128/random: 8 launches
pass 1 bltu_data/zeros/h2: 8 launches
pass 1 remu/random/h2: 8 launches
pass 1 fle.ps/random/h2: 8 launches
pass 1 mulh/zeros/h2: 8 launches
pass 1 div/zeros/h2: 8 launches
pass 1 bne_nottaken/random/h2: 8 launches
pass 1 wire/hop6/zeros: 8 launches
pass 1 fslli.pi/zeros/h2: 8 launches
pass 1 fround.ps/random/h2: 8 launches
pass 1 srai/zeros/h2: 8 launches
pass 1 fmv.x.w/random/h2: 8 launches
pass 1 fpackreph.pi/random/h2: 8 launches
pass 1 fmin.s/random/h2: 8 launches
pass 1 bgeu_data/random/h2: 8 launches
pass 1 wire/hop4/zeros: 8 launches
pass 1 fexp.ps/random/h1: 8 launches
pass 1 beq_taken/zeros/h2: 8 launches
pass 1 fsub.pi/zeros/h2: 8 launches
pass 1 fsub.s/zeros/h2: 8 launches
pass 1 fnmsub.s/zeros/h2: 8 launches
pass 1 sll/zeros/h2: 8 launches
pass 1 fmul.s/random/h2: 8 launches
pass 1 addi/zeros/h2: 8 launches
pass 1 fexp.ps/random/h2: 8 launches
pass 1 fmax.s/random/h2: 8 launches
pass 1 fclass.ps/random/h2: 8 launches
pass 1 fadd.pi/const/h2: 8 launches
pass 1 neigh/1/random: 8 launches
pass 1 fmul.ps/zeros/h2: 8 launches
pass 1 fcvt.ps.pw/zeros/h2: 8 launches
pass 1 sra/zeros/h2: 8 launches
pass 1 scpline/stride64/zeros: 8 launches
pass 1 fence/zeros/h2: 8 launches
pass 1 fmin.pi/random/h2: 8 launches
pass 1 fadd.pi/random/h2: 8 launches
pass 1 sub/random/h2: 8 launches
pass 1 fmv.w.x/random/h2: 8 launches
pass 1 fmax.pi/zeros/h2: 8 launches
pass 1 fclass.s/random/h2: 8 launches
pass 1 flwl.ps/random/h2: 8 launches
pass 1 scpline/stride256/random: 8 launches
pass 1 mulh/random/h2: 8 launches
pass 1 lwu/zeros/h2: 8 launches
pass 1 flt.ps/random/h2: 8 launches
pass 1 sd/random/h2: 8 launches
pass 1 amoorl.w/random/h2: 8 launches
pass 1 sltiu/random/h2: 8 launches
pass 1 fmulh.pi/zeros/h2: 8 launches
pass 1 fnmadd.s/zeros/h2: 8 launches
pass 1 lbu/zeros/h2: 8 launches
pass 1 wire/hop1/random: 8 launches
pass 1 amoaddg.d/random/h2: 8 launches
pass 1 fmulhu.pi/zeros/h2: 8 launches
pass 1 flw/random/h2: 8 launches
pass 1 st_stream/dram/const: 8 launches
pass 1 auipc/random/h2: 8 launches
pass 1 fadd.s/const/h2: 8 launches
pass 1 srli/zeros/h2: 8 launches
pass 1 fcvt.pw.ps/zeros/h2: 8 launches
pass 1 feq.pi/zeros/h2: 8 launches
pass 1 beq_taken/random/h2: 8 launches
pass 1 fle.ps/zeros/h2: 8 launches
pass 1 fandi.pi/random/h2: 8 launches
pass 1 csrr_fccnb/random/h2: 8 launches
pass 1 fsrai.pi/random/h2: 8 launches
pass 1 jal/zeros/h2: 8 launches
pass 1 sltiu/zeros/h2: 8 launches
pass 1 fmsub.s/zeros/h2: 8 launches
pass 1 lh/zeros/h2: 8 launches
pass 1 slt/zeros/h2: 8 launches
pass 1 flw.ps/random/h2: 8 launches
pass 1 tload/scp/const: 8 launches
pass 1 amoswapl.w/zeros/h2: 8 launches
pass 1 srai/random/h2: 8 launches
pass 1 jal/random/h2: 8 launches
pass 1 feq.s/random/h2: 8 launches
pass 1 sb/random/h2: 8 launches
pass 1 addi_norvc/zeros/h2: 8 launches
pass 1 ld/zeros/h2: 8 launches
pass 1 divu/random/h2: 8 launches
pass 1 fcvt.s.w/random/h2: 8 launches
pass 1 fsra.pi/random/h2: 8 launches
pass 1 srlw/zeros/h2: 8 launches
pass 1 tstore/scp/zeros: 8 launches
pass 1 remw/zeros/h2: 8 launches
pass 1 fmsub.ps/zeros/h2: 8 launches
pass 1 amoaddl.d/random/h2: 8 launches
pass 1 fnmsub.ps/zeros/h2: 8 launches
pass 1 sraw/random/h2: 8 launches
pass 1 mulw/zeros/h2: 8 launches
pass 1 fmin.ps/zeros/h2: 8 launches
pass 1 tload/dram/zeros: 8 launches
pass 1 remuw/random/h2: 8 launches
pass 1 fmsub.ps/random/h2: 8 launches
pass 1 fbcx.ps/zeros/h2: 8 launches
pass 1 fround.ps/zeros/h2: 8 launches
pass 1 sh/random/h2: 8 launches
pass 1 fsgnj.ps/zeros/h2: 8 launches
pass 1 wire/hop8/zeros: 8 launches
pass 1 or/random/h2: 8 launches
pass 1 fcvt.s.w/zeros/h2: 8 launches
pass 1 lb/zeros/h2: 8 launches
pass 1 rem/zeros/h2: 8 launches
pass 1 frcp.ps/zeros/h2: 8 launches
pass 1 dramrow/stride256K/random: 0 launches
pass 1 bltu_data/random/h2: 8 launches
pass 1 lw/random/h2: 8 launches
pass 1 fcmov.ps/zeros/h2: 8 launches
pass 1 fsrai.pi/zeros/h2: 8 launches
pass 1 lb/random/h2: 8 launches
pass 1 fswizz.ps/random/h2: 8 launches
pass 1 srl/zeros/h2: 8 launches
pass 1 c.li/zeros/h2: 8 launches
pass 1 flog.ps/random/h2: 8 launches
pass 1 flt.s/zeros/h2: 8 launches
pass 1 lhu/zeros/h2: 8 launches
pass 1 fadd.ps/random/h2: 8 launches
pass 1 srli/random/h2: 8 launches
pass 1 divu/zeros/h2: 8 launches
pass 1 sltu/random/h2: 8 launches
pass 1 scpline/stride128/zeros: 8 launches
pass 1 fmadd.s/const/h2: 8 launches
pass 1 ori/random/h2: 8 launches
pass 1 fmadd.ps/const/h2: 8 launches
pass 1 fle.pi/random/h2: 8 launches
pass 1 fcvt.wu.s/random/h2: 8 launches
pass 2 flw/random/h2: 8 launches
pass 2 sraw/zeros/h2: 8 launches
pass 2 wire/hop4/random: 8 launches
pass 2 fsw.ps/random/h2: 8 launches
pass 2 fsub.ps/random/h2: 8 launches
pass 2 mul/random/h2: 8 launches
pass 2 fmadd.s/random/h2: 8 launches
pass 2 sub/zeros/h2: 8 launches
pass 2 fle.s/random/h2: 8 launches
pass 2 mulw/random/h2: 8 launches
pass 2 fnmsub.ps/random/h2: 8 launches
pass 2 fadd.s/const/h2: 8 launches
pass 2 rem/random/h2: 8 launches
pass 2 l1fill/stride32/random: 8 launches
pass 2 fsub.s/random/h2: 8 launches
pass 2 fmul.s/zeros/h2: 8 launches
pass 2 fsgnj.s/random/h2: 8 launches
pass 2 fsw.ps/zeros/h2: 8 launches
pass 2 feq.s/random/h2: 8 launches
pass 2 ori/zeros/h2: 8 launches
pass 2 wire/hop6/zeros: 8 launches
pass 2 c.addi/zeros/h2: 8 launches
pass 2 fandi.pi/zeros/h2: 8 launches
pass 2 sra/random/h2: 8 launches
pass 2 fmv.w.x/random/h2: 8 launches
pass 2 fmulhu.pi/zeros/h2: 8 launches
pass 2 fmv.x.w/random/h2: 8 launches
pass 2 fclass.ps/random/h2: 8 launches
pass 2 fexp.ps/random/h1: 8 launches
pass 2 fmul.s/random/h2: 8 launches
pass 2 srli/zeros/h2: 8 launches
pass 2 divuw/random/h2: 8 launches
pass 2 neigh/2/random: 8 launches
pass 2 remw/zeros/h2: 8 launches
pass 2 remuw/random/h2: 8 launches
pass 2 lb/random/h2: 8 launches
pass 2 fsrai.pi/zeros/h2: 8 launches
pass 2 xor/zeros/h2: 8 launches
pass 2 tload/dram/zeros: 8 launches
pass 2 sd/zeros/h2: 8 launches
pass 2 flt.s/random/h2: 8 launches
pass 2 fmin.s/random/h2: 8 launches
pass 2 flt.pi/random/h2: 8 launches
pass 2 mulhsu/random/h2: 8 launches
pass 2 fcvt.s.wu/random/h2: 8 launches
pass 2 mulhu/random/h2: 8 launches
pass 2 wire/hop3/random: 8 launches
pass 2 xori/zeros/h2: 8 launches
pass 2 fmin.pi/random/h2: 8 launches
pass 2 fround.ps/random/h2: 8 launches
pass 2 fsgnjx.ps/random/h2: 8 launches
pass 2 l1fill/stride64/random: 8 launches
pass 2 lui/zeros/h2: 8 launches
pass 2 fclass.s/random/h2: 8 launches
pass 2 fbcx.ps/random/h2: 8 launches
pass 2 mulhsu/zeros/h2: 8 launches
pass 2 bltu_data/zeros/h2: 8 launches
pass 2 l1fill/stride128/zeros: 8 launches
pass 2 ori/random/h2: 8 launches
pass 2 fmadd.ps/zeros/h2: 8 launches
pass 2 fmadd.ps/const/h2: 8 launches
pass 2 amoaddl.d/random/h2: 8 launches
pass 2 remu/random/h2: 8 launches
pass 2 fnmsub.ps/zeros/h2: 8 launches
pass 2 amoaddg.w/random/h2: 8 launches
pass 2 fexp.ps/random/h2: 8 launches
pass 2 flem.ps/zeros/h2: 8 launches
pass 2 slti/zeros/h2: 8 launches
pass 2 fand.pi/random/h2: 8 launches
pass 2 fswizz.ps/random/h2: 8 launches
pass 2 fsgnjn.s/random/h2: 8 launches
pass 2 fmsub.s/random/h2: 8 launches
pass 2 feq.s/zeros/h2: 8 launches
pass 2 auipc/random/h2: 8 launches
pass 2 fsub.pi/random/h2: 8 launches
pass 2 lh/zeros/h2: 8 launches
pass 2 fence/zeros/h2: 8 launches
pass 2 wire/hop8/random: 8 launches
pass 2 sll/random/h2: 8 launches
pass 2 fcvt.s.w/random/h2: 8 launches
pass 2 sb/zeros/h2: 8 launches
pass 2 tload/dram/const: 8 launches
pass 2 flt.ps/zeros/h2: 8 launches
pass 2 fsgnjn.s/zeros/h2: 8 launches
pass 2 srlw/zeros/h2: 8 launches
pass 2 for.pi/zeros/h2: 8 launches
pass 2 fmaxu.pi/random/h2: 8 launches
pass 2 fmulh.pi/zeros/h2: 8 launches
pass 2 andi/zeros/h2: 8 launches
pass 2 mulw/zeros/h2: 8 launches
pass 2 slt/zeros/h2: 8 launches
pass 2 fmul.ps/random/h2: 8 launches
pass 2 flw.ps/const/h2: 8 launches
pass 2 lb/zeros/h2: 8 launches
pass 2 c.li/zeros/h2: 8 launches
pass 2 fmax.pi/zeros/h2: 8 launches
pass 2 fsw/zeros/h2: 8 launches
pass 2 fslli.pi/random/h2: 8 launches
pass 2 flwl.ps/random/h2: 8 launches
pass 2 fnot.pi/zeros/h2: 8 launches
pass 2 fcmov.ps/random/h2: 8 launches
pass 2 st_stream/dram/const: 8 launches
pass 2 amoaddg.d/zeros/h2: 8 launches
pass 2 feq.pi/zeros/h2: 8 launches
pass 2 addi/random/h2: 8 launches
pass 2 dramrow/stride1K/random: 8 launches
pass 2 fsra.pi/zeros/h2: 8 launches
pass 2 tstore/dram/random: 8 launches
pass 2 fle.ps/random/h2: 8 launches
pass 2 fcmov.ps/zeros/h2: 8 launches
pass 2 addw/zeros/h2: 8 launches
pass 2 fmadd.s/zeros/h2: 8 launches
pass 2 addiw/zeros/h2: 8 launches
pass 2 fsub.ps/zeros/h2: 8 launches
pass 2 lw/zeros/h2: 8 launches
pass 2 fand.pi/zeros/h2: 8 launches
pass 2 amoaddg.w/zeros/h2: 8 launches
pass 2 scpline/stride256/random: 8 launches
pass 2 fcvt.s.w/zeros/h2: 8 launches
pass 2 sh/zeros/h2: 8 launches
pass 2 l1fill/stride64/zeros: 8 launches
pass 2 sub/random/h2: 8 launches
pass 2 addiw/random/h2: 8 launches
pass 2 or/random/h2: 8 launches
pass 2 sh/random/h2: 8 launches
pass 2 fle.pi/zeros/h2: 8 launches
pass 2 c.add/zeros/h2: 8 launches
pass 2 fmin.ps/zeros/h2: 8 launches
pass 2 fltu.pi/zeros/h2: 8 launches
pass 2 fmin.ps/random/h2: 8 launches
pass 2 lw/random/h2: 8 launches
pass 2 fmv.x.w/zeros/h2: 8 launches
pass 2 bgeu_data/random/h2: 8 launches
pass 2 fbci.pi/random/h2: 8 launches
pass 2 blt_data/zeros/h2: 8 launches
pass 2 lwu/random/h2: 8 launches
pass 2 fsub.pi/zeros/h2: 8 launches
pass 2 fpackreph.pi/random/h2: 8 launches
pass 2 flem.ps/random/h2: 8 launches
pass 2 fadd.ps/zeros/h2: 8 launches
pass 2 flt.pi/zeros/h2: 8 launches
pass 2 scpline/stride256/zeros: 8 launches
pass 2 fround.ps/zeros/h2: 8 launches
pass 2 fsw/random/h2: 8 launches
pass 2 ld/random/h2: 8 launches
pass 2 csrr_fccnb/random/h2: 8 launches
pass 2 sd/random/h2: 8 launches
pass 2 fle.ps/zeros/h2: 8 launches
pass 2 fbci.ps/random/h2: 8 launches
pass 2 fmulh.pi/random/h2: 8 launches
pass 2 scpline/stride128/random: 8 launches
pass 2 fmax.ps/zeros/h2: 8 launches
pass 2 fadd.s/zeros/h2: 8 launches
pass 2 fxor.pi/random/h2: 8 launches
pass 2 fclass.s/zeros/h2: 8 launches
pass 2 wire/hop4/zeros: 8 launches
pass 2 fcmovm.ps/zeros/h2: 8 launches
pass 2 fswizz.ps/zeros/h2: 8 launches
pass 2 auipc/zeros/h2: 8 launches
pass 2 csrr_fccnb/zeros/h2: 8 launches
pass 2 fsrli.pi/zeros/h2: 8 launches
pass 2 jal/random/h2: 8 launches
pass 2 ffrc.ps/random/h2: 8 launches
pass 2 fsgnjx.ps/zeros/h2: 8 launches
pass 2 fminu.pi/random/h2: 8 launches
pass 2 fltm.ps/zeros/h2: 8 launches
pass 2 lhu/random/h2: 8 launches
pass 2 fsgnjn.ps/random/h2: 8 launches
pass 2 wire/hop3/zeros: 8 launches
pass 2 fadd.pi/random/h2: 8 launches
pass 2 fcvt.wu.s/random/h2: 8 launches
pass 2 wire/hop5/random: 8 launches
pass 2 sw/random/h2: 8 launches
pass 2 divw/zeros/h2: 8 launches
pass 2 dramrow/stride1K/zeros: 8 launches
pass 2 beq_taken/random/h2: 8 launches
pass 2 scpline/stride64/random: 8 launches
pass 2 nop/random/h2: 8 launches
pass 2 fmulhu.pi/random/h2: 8 launches
pass 2 wire/hop6/random: 8 launches
pass 2 wire/hop5/zeros: 8 launches
pass 2 fmax.ps/random/h2: 8 launches
pass 2 fle.pi/random/h2: 8 launches
pass 2 feqm.ps/zeros/h2: 8 launches
pass 2 subw/zeros/h2: 8 launches
pass 2 fmax.s/random/h2: 8 launches
pass 2 fadd.ps/random/h2: 8 launches
pass 2 flw/zeros/h2: 8 launches
pass 2 fadd.pi/const/h2: 8 launches
pass 2 dramrow/stride256K/random: 0 launches
pass 2 feq.pi/random/h2: 8 launches
pass 2 c.add/random/h2: 8 launches
pass 2 fltm.ps/random/h2: 8 launches
pass 2 fadd.pi/zeros/h2: 8 launches
pass 2 amoaddl.w/zeros/h2: 8 launches
pass 2 lwu/zeros/h2: 8 launches
pass 2 tstore/scp/zeros: 8 launches
pass 2 fmaxu.pi/zeros/h2: 8 launches
pass 2 fclass.ps/zeros/h2: 8 launches
pass 2 fpackreph.pi/zeros/h2: 8 launches
pass 2 fswl.ps/zeros/h2: 8 launches
pass 2 srl/random/h2: 8 launches
pass 2 fslli.pi/zeros/h2: 8 launches
pass 2 fminu.pi/zeros/h2: 8 launches
pass 2 fcvt.pw.ps/zeros/h2: 8 launches
pass 2 feq.ps/zeros/h2: 8 launches
pass 2 neigh/1/random: 8 launches
pass 2 bge_data/zeros/h2: 8 launches
pass 2 fbcx.ps/zeros/h2: 8 launches
pass 2 fmadd.ps/random/h1: 8 launches
pass 2 add/random/h1: 8 launches
pass 2 fmv.w.x/zeros/h2: 8 launches
pass 2 mulh/random/h2: 8 launches
pass 2 srai/random/h2: 8 launches
pass 2 fsgnj.s/zeros/h2: 8 launches
pass 2 flog.ps/zeros/h2: 8 launches
pass 2 faddi.pi/random/h2: 8 launches
pass 2 fmul.pi/random/h2: 8 launches
pass 2 sltiu/zeros/h2: 8 launches
pass 2 fmsub.s/zeros/h2: 8 launches
pass 2 fexp.ps/zeros/h2: 8 launches
pass 2 divuw/zeros/h2: 8 launches
pass 2 fcvt.wu.s/zeros/h2: 8 launches
pass 2 srl/zeros/h2: 8 launches
pass 2 fsrai.pi/random/h2: 8 launches
pass 2 l1fill/stride128/random: 8 launches
pass 2 mulhu/zeros/h2: 8 launches
pass 2 fmul.pi/zeros/h2: 8 launches
pass 2 srlw/random/h2: 8 launches
pass 2 amoaddg.d/random/h2: 8 launches
pass 2 scpline/stride64/zeros: 8 launches
pass 2 bne_nottaken/random/h2: 8 launches
pass 2 frcp.ps/random/h2: 8 launches
pass 2 addi_norvc/random/h2: 8 launches
pass 2 and/zeros/h2: 8 launches
pass 2 xori/random/h2: 8 launches
pass 2 faddi.pi/zeros/h2: 8 launches
pass 2 amoswapl.w/random/h2: 8 launches
pass 2 bge_data/random/h2: 8 launches
pass 2 amoaddl.d/zeros/h2: 8 launches
pass 2 c.li/random/h2: 8 launches
pass 2 fsrl.pi/zeros/h2: 8 launches
pass 2 amoswapl.w/zeros/h2: 8 launches
pass 2 fsgnjx.s/zeros/h2: 8 launches
pass 2 tstore/scp/random: 8 launches
pass 2 fpackrepb.pi/zeros/h2: 8 launches
pass 2 fbci.ps/zeros/h2: 8 launches
pass 2 dramrow/stride8K/random: 8 launches
pass 2 fmul.ps/zeros/h2: 8 launches
pass 2 tload/scp/zeros: 8 launches
pass 2 flwl.ps/zeros/h2: 8 launches
pass 2 fbci.pi/zeros/h2: 8 launches
pass 2 addw/random/h2: 8 launches
pass 2 addi/zeros/h2: 8 launches
pass 2 for.pi/random/h2: 8 launches
pass 2 add_norvc/random/h2: 8 launches
pass 2 mul/zeros/h2: 8 launches
pass 2 fadd.ps/const/h2: 8 launches
pass 2 bne_nottaken/zeros/h2: 8 launches
pass 2 amomaxl.w/zeros/h2: 8 launches
pass 2 fcvt.pw.ps/random/h2: 8 launches
pass 2 fnmadd.ps/zeros/h2: 8 launches
pass 2 sll/zeros/h2: 8 launches
pass 2 tstore/dram/zeros: 8 launches
pass 2 sb/random/h2: 8 launches
pass 2 wire/hop2/zeros: 8 launches
pass 2 flt.ps/random/h2: 8 launches
pass 2 fmul.pi/const/h2: 8 launches
pass 2 rem/zeros/h2: 8 launches
pass 2 fxor.pi/zeros/h2: 8 launches
pass 2 fence/random/h2: 8 launches
pass 2 fandi.pi/random/h2: 8 launches
pass 2 fcvt.w.s/zeros/h2: 8 launches
pass 2 fle.s/zeros/h2: 8 launches
pass 2 add_norvc/zeros/h2: 8 launches
pass 2 fpackrepb.pi/random/h2: 8 launches
pass 2 spin/zeros/h1: 8 launches
pass 2 fsll.pi/zeros/h2: 8 launches
pass 2 wire/hop2/random: 8 launches
pass 2 or/zeros/h2: 8 launches
pass 2 amoorl.w/zeros/h2: 8 launches
pass 2 flog.ps/random/h2: 8 launches
pass 2 tload/scp/const: 8 launches
pass 2 dramrow/stride8K/zeros: 8 launches
pass 2 blt_data/random/h2: 8 launches
pass 2 dramrow/stride256K/zeros: 0 launches
pass 2 fmax.pi/random/h2: 8 launches
pass 2 tstore/dram/const: 8 launches
pass 2 sw/zeros/h2: 8 launches
pass 2 fltu.pi/random/h2: 8 launches
pass 2 st_stream/dram/zeros: 8 launches
pass 2 lbu/random/h2: 8 launches
pass 2 fsub.s/zeros/h2: 8 launches
pass 2 addi_norvc/zeros/h2: 8 launches
pass 2 frcp.ps/zeros/h2: 8 launches
pass 2 c.mv/random/h2: 8 launches
pass 2 sra/zeros/h2: 8 launches
pass 2 bgeu_data/zeros/h2: 8 launches
pass 2 fsgnj.ps/random/h2: 8 launches
pass 2 sltiu/random/h2: 8 launches
pass 2 beq_taken/zeros/h2: 8 launches
pass 2 fsgnjn.ps/zeros/h2: 8 launches
pass 2 sllw/zeros/h2: 8 launches
pass 2 sltu/zeros/h2: 8 launches
pass 2 fmax.s/zeros/h2: 8 launches
pass 2 slti/random/h2: 8 launches
pass 2 c.mv/zeros/h2: 8 launches
pass 2 remu/zeros/h2: 8 launches
pass 2 fmadd.s/const/h2: 8 launches
pass 2 tload/dram/random: 8 launches
pass 2 mulh/zeros/h2: 8 launches
pass 2 tstore/scp/const: 8 launches
pass 2 c.addi/random/h2: 8 launches
pass 2 flw.ps/zeros/h2: 8 launches
pass 2 ld/zeros/h2: 8 launches
pass 2 bltu_data/random/h2: 8 launches
pass 2 divu/zeros/h2: 8 launches
pass 2 ld/const/h2: 8 launches
pass 2 and/random/h2: 8 launches
pass 2 flw.ps/random/h2: 8 launches
pass 2 slli/random/h2: 8 launches
pass 2 div/random/h2: 8 launches
pass 2 add/const/h2: 8 launches
pass 2 fsll.pi/random/h2: 8 launches
pass 2 fnmsub.s/zeros/h2: 8 launches
pass 2 fnmadd.s/zeros/h2: 8 launches
pass 2 jal/zeros/h2: 8 launches
pass 2 andi/random/h2: 8 launches
pass 2 spin/zeros/h2: 8 launches
pass 2 lui/random/h2: 8 launches
pass 2 remuw/zeros/h2: 8 launches
pass 2 fcvt.ps.pw/random/h2: 8 launches
pass 2 l1fill/stride32/zeros: 8 launches
pass 2 xor/random/h2: 8 launches
pass 2 srai/zeros/h2: 8 launches
pass 2 lh/random/h2: 8 launches
pass 2 fmsub.ps/zeros/h2: 8 launches
pass 2 sllw/random/h2: 8 launches
pass 2 ffrc.ps/zeros/h2: 8 launches
pass 2 add/zeros/h2: 8 launches
pass 2 fnmadd.s/random/h2: 8 launches
pass 2 sltu/random/h2: 8 launches
pass 2 fmin.pi/zeros/h2: 8 launches
pass 2 feq.ps/random/h2: 8 launches
pass 2 fexp.ps/const/h2: 8 launches
pass 2 flt.s/zeros/h2: 8 launches
pass 2 neigh/0/random: 8 launches
pass 2 divu/random/h2: 8 launches
pass 2 fnot.pi/random/h2: 8 launches
pass 2 fcvt.w.s/random/h2: 8 launches
pass 2 tload/scp/random: 8 launches
pass 2 fnmsub.s/random/h2: 8 launches
pass 2 fcmovm.ps/random/h2: 8 launches
pass 2 divw/random/h2: 8 launches
pass 2 fnmadd.ps/random/h2: 8 launches
pass 2 wire/hop1/zeros: 8 launches
pass 2 sraw/random/h2: 8 launches
pass 2 nop/zeros/h2: 8 launches
pass 2 lhu/zeros/h2: 8 launches
pass 2 slli/zeros/h2: 8 launches
pass 2 remw/random/h2: 8 launches
pass 2 subw/random/h2: 8 launches
pass 2 fcvt.s.wu/zeros/h2: 8 launches
pass 2 wire/hop1/random: 8 launches
pass 2 fadd.s/random/h2: 8 launches
pass 2 fcvt.ps.pw/zeros/h2: 8 launches
pass 2 fsrli.pi/random/h2: 8 launches
pass 2 scpline/stride128/zeros: 8 launches
pass 2 fmin.s/zeros/h2: 8 launches
pass 2 fmsub.ps/random/h2: 8 launches
pass 2 slt/random/h2: 8 launches
pass 2 wire/hop8/zeros: 8 launches
pass 2 amomaxl.w/random/h2: 8 launches
pass 2 fswl.ps/random/h2: 8 launches
pass 2 fsrl.pi/random/h2: 8 launches
pass 2 div/zeros/h2: 8 launches
pass 2 amoaddl.w/random/h2: 8 launches
pass 2 neigh/3/random: 8 launches
pass 2 lbu/zeros/h2: 8 launches
pass 2 fsra.pi/random/h2: 8 launches
pass 2 add/random/h2: 8 launches
pass 2 st_stream/dram/random: 8 launches
pass 2 fsgnjx.s/random/h2: 8 launches
pass 2 srli/random/h2: 8 launches
pass 2 fsgnj.ps/zeros/h2: 8 launches
pass 2 fmadd.ps/random/h2: 8 launches
pass 2 amoorl.w/random/h2: 8 launches
pass 2 feqm.ps/random/h2: 8 launches
done
