PCIE {"t_ms":1790727675081,"test":"open","open_ns":131102523,"src":"PCIEBENCH_SRC_SHA256 main=27b7ed06330c4bae26cd24be189cdac0d67432cb52b1e8c7fca1116abda1aa5f args=8ae69bd7d46097957b638ff4c6630eb3e66d3cb0654b77d3bf55f3336c61c508 touch=92180a93c6dae0a1dce8c379156f827bd6588115777499dc45e64bf606b46ec0","link":[{"bdf":"0000:02:00.0","speed":"16.0 GT/s PCIe","width":"8","max_speed":"16.0 GT/s PCIe","max_width":"8","cma_allocated":"2057 MB"}]}
PCIE {"t_ms":1790727675198,"test":"conc","trial":0,"copy":"dma","cfg":"h2d/ser","legs":1,"bytes_per_leg":134217728,"leg_ns":[11223900],"wall_ns":11240579,"stream_errors":0,"mb":64,"cmds_per_leg":2,"elements":8}
PCIE {"t_ms":1790727675219,"test":"conc","trial":0,"copy":"dma","cfg":"2xh2d/ser","legs":2,"bytes_per_leg":134217728,"leg_ns":[16349140,21751581],"wall_ns":21766309,"stream_errors":0,"mb":64,"cmds_per_leg":2,"elements":8}
PCIE {"t_ms":1790727675241,"test":"conc","trial":0,"copy":"dma","cfg":"h2d","legs":1,"bytes_per_leg":134217728,"leg_ns":[21989241],"wall_ns":22004340,"stream_errors":0,"mb":64,"cmds_per_leg":2,"elements":8}
PCIE {"t_ms":1790727675255,"test":"conc","trial":0,"copy":"dma","cfg":"d2h/ser","legs":1,"bytes_per_leg":134217728,"leg_ns":[13607118],"wall_ns":13621892,"stream_errors":0,"mb":64,"cmds_per_leg":2,"elements":8}
PCIE {"t_ms":1790727675267,"test":"conc","trial":0,"copy":"dma","cfg":"d2h","legs":1,"bytes_per_leg":134217728,"leg_ns":[12274667],"wall_ns":12287651,"stream_errors":0,"mb":64,"cmds_per_leg":2,"elements":8}
PCIE {"t_ms":1790727675289,"test":"conc","trial":1,"copy":"dma","cfg":"h2d","legs":1,"bytes_per_leg":134217728,"leg_ns":[21947707],"wall_ns":21961087,"stream_errors":0,"mb":64,"cmds_per_leg":2,"elements":8}
PCIE {"t_ms":1790727675300,"test":"conc","trial":1,"copy":"dma","cfg":"h2d/ser","legs":1,"bytes_per_leg":134217728,"leg_ns":[10966268],"wall_ns":10979227,"stream_errors":0,"mb":64,"cmds_per_leg":2,"elements":8}
PCIE {"t_ms":1790727675312,"test":"conc","trial":1,"copy":"dma","cfg":"d2h","legs":1,"bytes_per_leg":134217728,"leg_ns":[12158053],"wall_ns":12171754,"stream_errors":0,"mb":64,"cmds_per_leg":2,"elements":8}
PCIE {"t_ms":1790727675334,"test":"conc","trial":1,"copy":"dma","cfg":"2xh2d/ser","legs":2,"bytes_per_leg":134217728,"leg_ns":[16295633,21595602],"wall_ns":21608729,"stream_errors":0,"mb":64,"cmds_per_leg":2,"elements":8}
PCIE {"t_ms":1790727675347,"test":"conc","trial":1,"copy":"dma","cfg":"d2h/ser","legs":1,"bytes_per_leg":134217728,"leg_ns":[13380006],"wall_ns":13393050,"stream_errors":0,"mb":64,"cmds_per_leg":2,"elements":8}
PCIE {"t_ms":1790727675358,"test":"conc","trial":2,"copy":"dma","cfg":"h2d/ser","legs":1,"bytes_per_leg":134217728,"leg_ns":[10880857],"wall_ns":10894046,"stream_errors":0,"mb":64,"cmds_per_leg":2,"elements":8}
PCIE {"t_ms":1790727675380,"test":"conc","trial":2,"copy":"dma","cfg":"h2d","legs":1,"bytes_per_leg":134217728,"leg_ns":[22018858],"wall_ns":22031679,"stream_errors":0,"mb":64,"cmds_per_leg":2,"elements":8}
PCIE {"t_ms":1790727675394,"test":"conc","trial":2,"copy":"dma","cfg":"d2h/ser","legs":1,"bytes_per_leg":134217728,"leg_ns":[13337989],"wall_ns":13353749,"stream_errors":0,"mb":64,"cmds_per_leg":2,"elements":8}
PCIE {"t_ms":1790727675415,"test":"conc","trial":2,"copy":"dma","cfg":"2xh2d/ser","legs":2,"bytes_per_leg":134217728,"leg_ns":[16175939,21475559],"wall_ns":21488606,"stream_errors":0,"mb":64,"cmds_per_leg":2,"elements":8}
PCIE {"t_ms":1790727675428,"test":"conc","trial":2,"copy":"dma","cfg":"d2h","legs":1,"bytes_per_leg":134217728,"leg_ns":[12662864],"wall_ns":12681242,"stream_errors":0,"mb":64,"cmds_per_leg":2,"elements":8}
PCIE {"t_ms":1790727675440,"test":"conc","trial":3,"copy":"dma","cfg":"d2h","legs":1,"bytes_per_leg":134217728,"leg_ns":[12030462],"wall_ns":12047383,"stream_errors":0,"mb":64,"cmds_per_leg":2,"elements":8}
PCIE {"t_ms":1790727675451,"test":"conc","trial":3,"copy":"dma","cfg":"h2d/ser","legs":1,"bytes_per_leg":134217728,"leg_ns":[11034906],"wall_ns":11052198,"stream_errors":0,"mb":64,"cmds_per_leg":2,"elements":8}
PCIE {"t_ms":1790727675473,"test":"conc","trial":3,"copy":"dma","cfg":"h2d","legs":1,"bytes_per_leg":134217728,"leg_ns":[21886874],"wall_ns":21899711,"stream_errors":0,"mb":64,"cmds_per_leg":2,"elements":8}
PCIE {"t_ms":1790727675494,"test":"conc","trial":3,"copy":"dma","cfg":"2xh2d/ser","legs":2,"bytes_per_leg":134217728,"leg_ns":[16165095,21468450],"wall_ns":21482485,"stream_errors":0,"mb":64,"cmds_per_leg":2,"elements":8}
PCIE {"t_ms":1790727675508,"test":"conc","trial":3,"copy":"dma","cfg":"d2h/ser","legs":1,"bytes_per_leg":134217728,"leg_ns":[13377045],"wall_ns":13391647,"stream_errors":0,"mb":64,"cmds_per_leg":2,"elements":8}
PCIE {"t_ms":1790727675519,"test":"conc","trial":4,"copy":"dma","cfg":"h2d/ser","legs":1,"bytes_per_leg":134217728,"leg_ns":[10954501],"wall_ns":10967279,"stream_errors":0,"mb":64,"cmds_per_leg":2,"elements":8}
PCIE {"t_ms":1790727675540,"test":"conc","trial":4,"copy":"dma","cfg":"2xh2d/ser","legs":2,"bytes_per_leg":134217728,"leg_ns":[16392771,21598279],"wall_ns":21611948,"stream_errors":0,"mb":64,"cmds_per_leg":2,"elements":8}
PCIE {"t_ms":1790727675553,"test":"conc","trial":4,"copy":"dma","cfg":"d2h","legs":1,"bytes_per_leg":134217728,"leg_ns":[12247903],"wall_ns":12264191,"stream_errors":0,"mb":64,"cmds_per_leg":2,"elements":8}
PCIE {"t_ms":1790727675566,"test":"conc","trial":4,"copy":"dma","cfg":"d2h/ser","legs":1,"bytes_per_leg":134217728,"leg_ns":[13111168],"wall_ns":13126318,"stream_errors":0,"mb":64,"cmds_per_leg":2,"elements":8}
PCIE {"t_ms":1790727675588,"test":"conc","trial":4,"copy":"dma","cfg":"h2d","legs":1,"bytes_per_leg":134217728,"leg_ns":[21873462],"wall_ns":21887086,"stream_errors":0,"mb":64,"cmds_per_leg":2,"elements":8}
PCIE {"t_ms":1790727675600,"test":"conc","trial":5,"copy":"dma","cfg":"d2h","legs":1,"bytes_per_leg":134217728,"leg_ns":[12079218],"wall_ns":12092690,"stream_errors":0,"mb":64,"cmds_per_leg":2,"elements":8}
PCIE {"t_ms":1790727675621,"test":"conc","trial":5,"copy":"dma","cfg":"2xh2d/ser","legs":2,"bytes_per_leg":134217728,"leg_ns":[16269999,21581282],"wall_ns":21594824,"stream_errors":0,"mb":64,"cmds_per_leg":2,"elements":8}
PCIE {"t_ms":1790727675643,"test":"conc","trial":5,"copy":"dma","cfg":"h2d","legs":1,"bytes_per_leg":134217728,"leg_ns":[21843370],"wall_ns":21858268,"stream_errors":0,"mb":64,"cmds_per_leg":2,"elements":8}
PCIE {"t_ms":1790727675654,"test":"conc","trial":5,"copy":"dma","cfg":"h2d/ser","legs":1,"bytes_per_leg":134217728,"leg_ns":[10900995],"wall_ns":10915069,"stream_errors":0,"mb":64,"cmds_per_leg":2,"elements":8}
PCIE {"t_ms":1790727675667,"test":"conc","trial":5,"copy":"dma","cfg":"d2h/ser","legs":1,"bytes_per_leg":134217728,"leg_ns":[13249463],"wall_ns":13264599,"stream_errors":0,"mb":64,"cmds_per_leg":2,"elements":8}
PCIE {"t_ms":1790727675689,"test":"conc","trial":6,"copy":"dma","cfg":"2xh2d/ser","legs":2,"bytes_per_leg":134217728,"leg_ns":[16295376,21603335],"wall_ns":21617306,"stream_errors":0,"mb":64,"cmds_per_leg":2,"elements":8}
PCIE {"t_ms":1790727675701,"test":"conc","trial":6,"copy":"dma","cfg":"d2h","legs":1,"bytes_per_leg":134217728,"leg_ns":[12126297],"wall_ns":12175574,"stream_errors":0,"mb":64,"cmds_per_leg":2,"elements":8}
PCIE {"t_ms":1790727675712,"test":"conc","trial":6,"copy":"dma","cfg":"h2d/ser","legs":1,"bytes_per_leg":134217728,"leg_ns":[10898222],"wall_ns":10912009,"stream_errors":0,"mb":64,"cmds_per_leg":2,"elements":8}
PCIE {"t_ms":1790727675734,"test":"conc","trial":6,"copy":"dma","cfg":"h2d","legs":1,"bytes_per_leg":134217728,"leg_ns":[21677986],"wall_ns":21691119,"stream_errors":0,"mb":64,"cmds_per_leg":2,"elements":8}
PCIE {"t_ms":1790727675747,"test":"conc","trial":6,"copy":"dma","cfg":"d2h/ser","legs":1,"bytes_per_leg":134217728,"leg_ns":[13280051],"wall_ns":13295561,"stream_errors":0,"mb":64,"cmds_per_leg":2,"elements":8}
PCIE {"t_ms":1790727675769,"test":"conc","trial":7,"copy":"dma","cfg":"2xh2d/ser","legs":2,"bytes_per_leg":134217728,"leg_ns":[16181349,21459097],"wall_ns":21473090,"stream_errors":0,"mb":64,"cmds_per_leg":2,"elements":8}
PCIE {"t_ms":1790727675780,"test":"conc","trial":7,"copy":"dma","cfg":"h2d/ser","legs":1,"bytes_per_leg":134217728,"leg_ns":[10807806],"wall_ns":10821500,"stream_errors":0,"mb":64,"cmds_per_leg":2,"elements":8}
PCIE {"t_ms":1790727675792,"test":"conc","trial":7,"copy":"dma","cfg":"d2h","legs":1,"bytes_per_leg":134217728,"leg_ns":[12118738],"wall_ns":12134212,"stream_errors":0,"mb":64,"cmds_per_leg":2,"elements":8}
PCIE {"t_ms":1790727675814,"test":"conc","trial":7,"copy":"dma","cfg":"h2d","legs":1,"bytes_per_leg":134217728,"leg_ns":[21861058],"wall_ns":21878606,"stream_errors":0,"mb":64,"cmds_per_leg":2,"elements":8}
PCIE {"t_ms":1790727675827,"test":"conc","trial":7,"copy":"dma","cfg":"d2h/ser","legs":1,"bytes_per_leg":134217728,"leg_ns":[13335213],"wall_ns":13350295,"stream_errors":0,"mb":64,"cmds_per_leg":2,"elements":8}
PCIE {"t_ms":1790727675839,"test":"conc","trial":8,"copy":"dma","cfg":"d2h","legs":1,"bytes_per_leg":134217728,"leg_ns":[12015778],"wall_ns":12032862,"stream_errors":0,"mb":64,"cmds_per_leg":2,"elements":8}
PCIE {"t_ms":1790727675860,"test":"conc","trial":8,"copy":"dma","cfg":"2xh2d/ser","legs":2,"bytes_per_leg":134217728,"leg_ns":[16233847,21439429],"wall_ns":21453387,"stream_errors":0,"mb":64,"cmds_per_leg":2,"elements":8}
PCIE {"t_ms":1790727675871,"test":"conc","trial":8,"copy":"dma","cfg":"h2d/ser","legs":1,"bytes_per_leg":134217728,"leg_ns":[10977576],"wall_ns":10991271,"stream_errors":0,"mb":64,"cmds_per_leg":2,"elements":8}
PCIE {"t_ms":1790727675893,"test":"conc","trial":8,"copy":"dma","cfg":"h2d","legs":1,"bytes_per_leg":134217728,"leg_ns":[21900436],"wall_ns":21915329,"stream_errors":0,"mb":64,"cmds_per_leg":2,"elements":8}
PCIE {"t_ms":1790727675907,"test":"conc","trial":8,"copy":"dma","cfg":"d2h/ser","legs":1,"bytes_per_leg":134217728,"leg_ns":[13435332],"wall_ns":13453250,"stream_errors":0,"mb":64,"cmds_per_leg":2,"elements":8}
PCIE {"t_ms":1790727675914,"test":"done","which":"conc","elapsed_s":0.964116}
