Opening device 1
PCIE {"t_ms":1790664894950,"test":"open","open_ns":130751856,"src":"PCIEBENCH_SRC_SHA256 main=27b7ed06330c4bae26cd24be189cdac0d67432cb52b1e8c7fca1116abda1aa5f args=8ae69bd7d46097957b638ff4c6630eb3e66d3cb0654b77d3bf55f3336c61c508 touch=92180a93c6dae0a1dce8c379156f827bd6588115777499dc45e64bf606b46ec0","link":[{"bdf":"0000:01:00.0","speed":"16.0 GT/s PCIe","width":"8","max_speed":"16.0 GT/s PCIe","max_width":"8","cma_allocated":"0 MB"},{"bdf":"0000:02:00.0","speed":"16.0 GT/s PCIe","width":"8","max_speed":"16.0 GT/s PCIe","max_width":"8","cma_allocated":"2057 MB"}]}
PCIE {"t_ms":1790664895058,"test":"conc","trial":0,"copy":"dma","cfg":"d2h","legs":1,"bytes_per_leg":134217728,"leg_ns":[12002181],"wall_ns":12029874,"stream_errors":0,"mb":64,"cmds_per_leg":2,"elements":0}
PCIE {"t_ms":1790664895069,"test":"conc","trial":0,"copy":"dma","cfg":"h2d/ser","legs":1,"bytes_per_leg":134217728,"leg_ns":[11029740],"wall_ns":11042918,"stream_errors":0,"mb":64,"cmds_per_leg":2,"elements":0}
PCIE {"t_ms":1790664895091,"test":"conc","trial":0,"copy":"dma","cfg":"2xh2d/ser","legs":2,"bytes_per_leg":134217728,"leg_ns":[16236642,21509410],"wall_ns":21529880,"stream_errors":0,"mb":64,"cmds_per_leg":2,"elements":0}
PCIE {"t_ms":1790664895113,"test":"conc","trial":0,"copy":"dma","cfg":"h2d","legs":1,"bytes_per_leg":134217728,"leg_ns":[22316485],"wall_ns":22333890,"stream_errors":0,"mb":64,"cmds_per_leg":2,"elements":0}
PCIE {"t_ms":1790664895126,"test":"conc","trial":0,"copy":"dma","cfg":"d2h/ser","legs":1,"bytes_per_leg":134217728,"leg_ns":[13394955],"wall_ns":13409117,"stream_errors":0,"mb":64,"cmds_per_leg":2,"elements":0}
PCIE {"t_ms":1790664895148,"test":"conc","trial":1,"copy":"dma","cfg":"2xh2d/ser","legs":2,"bytes_per_leg":134217728,"leg_ns":[16220597,21485735],"wall_ns":21505876,"stream_errors":0,"mb":64,"cmds_per_leg":2,"elements":0}
PCIE {"t_ms":1790664895161,"test":"conc","trial":1,"copy":"dma","cfg":"d2h/ser","legs":1,"bytes_per_leg":134217728,"leg_ns":[13419851],"wall_ns":13431893,"stream_errors":0,"mb":64,"cmds_per_leg":2,"elements":0}
PCIE {"t_ms":1790664895184,"test":"conc","trial":1,"copy":"dma","cfg":"h2d","legs":1,"bytes_per_leg":134217728,"leg_ns":[22227638],"wall_ns":22242279,"stream_errors":0,"mb":64,"cmds_per_leg":2,"elements":0}
PCIE {"t_ms":1790664895196,"test":"conc","trial":1,"copy":"dma","cfg":"d2h","legs":1,"bytes_per_leg":134217728,"leg_ns":[12412675],"wall_ns":12431621,"stream_errors":0,"mb":64,"cmds_per_leg":2,"elements":0}
PCIE {"t_ms":1790664895207,"test":"conc","trial":1,"copy":"dma","cfg":"h2d/ser","legs":1,"bytes_per_leg":134217728,"leg_ns":[10972111],"wall_ns":10984223,"stream_errors":0,"mb":64,"cmds_per_leg":2,"elements":0}
PCIE {"t_ms":1790664895220,"test":"conc","trial":2,"copy":"dma","cfg":"d2h/ser","legs":1,"bytes_per_leg":134217728,"leg_ns":[13362925],"wall_ns":13375114,"stream_errors":0,"mb":64,"cmds_per_leg":2,"elements":0}
PCIE {"t_ms":1790664895242,"test":"conc","trial":2,"copy":"dma","cfg":"2xh2d/ser","legs":2,"bytes_per_leg":134217728,"leg_ns":[16129198,21527276],"wall_ns":21538987,"stream_errors":0,"mb":64,"cmds_per_leg":2,"elements":0}
PCIE {"t_ms":1790664895264,"test":"conc","trial":2,"copy":"dma","cfg":"h2d","legs":1,"bytes_per_leg":134217728,"leg_ns":[22301116],"wall_ns":22317974,"stream_errors":0,"mb":64,"cmds_per_leg":2,"elements":0}
PCIE {"t_ms":1790664895277,"test":"conc","trial":2,"copy":"dma","cfg":"d2h","legs":1,"bytes_per_leg":134217728,"leg_ns":[12196863],"wall_ns":12208626,"stream_errors":0,"mb":64,"cmds_per_leg":2,"elements":0}
PCIE {"t_ms":1790664895288,"test":"conc","trial":2,"copy":"dma","cfg":"h2d/ser","legs":1,"bytes_per_leg":134217728,"leg_ns":[10964148],"wall_ns":10981007,"stream_errors":0,"mb":64,"cmds_per_leg":2,"elements":0}
PCIE {"t_ms":1790664895301,"test":"conc","trial":3,"copy":"dma","cfg":"d2h/ser","legs":1,"bytes_per_leg":134217728,"leg_ns":[13448349],"wall_ns":13466777,"stream_errors":0,"mb":64,"cmds_per_leg":2,"elements":0}
PCIE {"t_ms":1790664895312,"test":"conc","trial":3,"copy":"dma","cfg":"h2d/ser","legs":1,"bytes_per_leg":134217728,"leg_ns":[10998984],"wall_ns":11016289,"stream_errors":0,"mb":64,"cmds_per_leg":2,"elements":0}
PCIE {"t_ms":1790664895334,"test":"conc","trial":3,"copy":"dma","cfg":"2xh2d/ser","legs":2,"bytes_per_leg":134217728,"leg_ns":[16253546,21549317],"wall_ns":21561361,"stream_errors":0,"mb":64,"cmds_per_leg":2,"elements":0}
PCIE {"t_ms":1790664895346,"test":"conc","trial":3,"copy":"dma","cfg":"d2h","legs":1,"bytes_per_leg":134217728,"leg_ns":[12086669],"wall_ns":12098453,"stream_errors":0,"mb":64,"cmds_per_leg":2,"elements":0}
PCIE {"t_ms":1790664895368,"test":"conc","trial":3,"copy":"dma","cfg":"h2d","legs":1,"bytes_per_leg":134217728,"leg_ns":[22392437],"wall_ns":22404481,"stream_errors":0,"mb":64,"cmds_per_leg":2,"elements":0}
PCIE {"t_ms":1790664895379,"test":"conc","trial":4,"copy":"dma","cfg":"h2d/ser","legs":1,"bytes_per_leg":134217728,"leg_ns":[10973769],"wall_ns":10985527,"stream_errors":0,"mb":64,"cmds_per_leg":2,"elements":0}
PCIE {"t_ms":1790664895401,"test":"conc","trial":4,"copy":"dma","cfg":"h2d","legs":1,"bytes_per_leg":134217728,"leg_ns":[22261659],"wall_ns":22273482,"stream_errors":0,"mb":64,"cmds_per_leg":2,"elements":0}
PCIE {"t_ms":1790664895415,"test":"conc","trial":4,"copy":"dma","cfg":"d2h/ser","legs":1,"bytes_per_leg":134217728,"leg_ns":[13231959],"wall_ns":13245434,"stream_errors":0,"mb":64,"cmds_per_leg":2,"elements":0}
PCIE {"t_ms":1790664895427,"test":"conc","trial":4,"copy":"dma","cfg":"d2h","legs":1,"bytes_per_leg":134217728,"leg_ns":[12139123],"wall_ns":12151395,"stream_errors":0,"mb":64,"cmds_per_leg":2,"elements":0}
PCIE {"t_ms":1790664895448,"test":"conc","trial":4,"copy":"dma","cfg":"2xh2d/ser","legs":2,"bytes_per_leg":134217728,"leg_ns":[16272323,21542331],"wall_ns":21559412,"stream_errors":0,"mb":64,"cmds_per_leg":2,"elements":0}
PCIE {"t_ms":1790664895470,"test":"conc","trial":5,"copy":"dma","cfg":"2xh2d/ser","legs":2,"bytes_per_leg":134217728,"leg_ns":[16275974,21483877],"wall_ns":21501419,"stream_errors":0,"mb":64,"cmds_per_leg":2,"elements":0}
PCIE {"t_ms":1790664895481,"test":"conc","trial":5,"copy":"dma","cfg":"h2d/ser","legs":1,"bytes_per_leg":134217728,"leg_ns":[10955124],"wall_ns":10972889,"stream_errors":0,"mb":64,"cmds_per_leg":2,"elements":0}
PCIE {"t_ms":1790664895493,"test":"conc","trial":5,"copy":"dma","cfg":"d2h","legs":1,"bytes_per_leg":134217728,"leg_ns":[12105417],"wall_ns":12117539,"stream_errors":0,"mb":64,"cmds_per_leg":2,"elements":0}
PCIE {"t_ms":1790664895506,"test":"conc","trial":5,"copy":"dma","cfg":"d2h/ser","legs":1,"bytes_per_leg":134217728,"leg_ns":[13092378],"wall_ns":13109089,"stream_errors":0,"mb":64,"cmds_per_leg":2,"elements":0}
PCIE {"t_ms":1790664895529,"test":"conc","trial":5,"copy":"dma","cfg":"h2d","legs":1,"bytes_per_leg":134217728,"leg_ns":[22325826],"wall_ns":22338687,"stream_errors":0,"mb":64,"cmds_per_leg":2,"elements":0}
PCIE {"t_ms":1790664895550,"test":"conc","trial":6,"copy":"dma","cfg":"2xh2d/ser","legs":2,"bytes_per_leg":134217728,"leg_ns":[16272187,21426764],"wall_ns":21438347,"stream_errors":0,"mb":64,"cmds_per_leg":2,"elements":0}
PCIE {"t_ms":1790664895562,"test":"conc","trial":6,"copy":"dma","cfg":"d2h","legs":1,"bytes_per_leg":134217728,"leg_ns":[12072225],"wall_ns":12090975,"stream_errors":0,"mb":64,"cmds_per_leg":2,"elements":0}
PCIE {"t_ms":1790664895573,"test":"conc","trial":6,"copy":"dma","cfg":"h2d/ser","legs":1,"bytes_per_leg":134217728,"leg_ns":[10856867],"wall_ns":10868494,"stream_errors":0,"mb":64,"cmds_per_leg":2,"elements":0}
PCIE {"t_ms":1790664895586,"test":"conc","trial":6,"copy":"dma","cfg":"d2h/ser","legs":1,"bytes_per_leg":134217728,"leg_ns":[13184111],"wall_ns":13197973,"stream_errors":0,"mb":64,"cmds_per_leg":2,"elements":0}
PCIE {"t_ms":1790664895608,"test":"conc","trial":6,"copy":"dma","cfg":"h2d","legs":1,"bytes_per_leg":134217728,"leg_ns":[22147524],"wall_ns":22159292,"stream_errors":0,"mb":64,"cmds_per_leg":2,"elements":0}
PCIE {"t_ms":1790664895621,"test":"conc","trial":7,"copy":"dma","cfg":"d2h","legs":1,"bytes_per_leg":134217728,"leg_ns":[12237578],"wall_ns":12249257,"stream_errors":0,"mb":64,"cmds_per_leg":2,"elements":0}
PCIE {"t_ms":1790664895634,"test":"conc","trial":7,"copy":"dma","cfg":"d2h/ser","legs":1,"bytes_per_leg":134217728,"leg_ns":[13114860],"wall_ns":13126186,"stream_errors":0,"mb":64,"cmds_per_leg":2,"elements":0}
PCIE {"t_ms":1790664895655,"test":"conc","trial":7,"copy":"dma","cfg":"2xh2d/ser","legs":2,"bytes_per_leg":134217728,"leg_ns":[16249104,21450018],"wall_ns":21471566,"stream_errors":0,"mb":64,"cmds_per_leg":2,"elements":0}
PCIE {"t_ms":1790664895666,"test":"conc","trial":7,"copy":"dma","cfg":"h2d/ser","legs":1,"bytes_per_leg":134217728,"leg_ns":[10963149],"wall_ns":10974994,"stream_errors":0,"mb":64,"cmds_per_leg":2,"elements":0}
PCIE {"t_ms":1790664895689,"test":"conc","trial":7,"copy":"dma","cfg":"h2d","legs":1,"bytes_per_leg":134217728,"leg_ns":[22190537],"wall_ns":22202141,"stream_errors":0,"mb":64,"cmds_per_leg":2,"elements":0}
PCIE {"t_ms":1790664895701,"test":"conc","trial":8,"copy":"dma","cfg":"d2h","legs":1,"bytes_per_leg":134217728,"leg_ns":[12151511],"wall_ns":12163914,"stream_errors":0,"mb":64,"cmds_per_leg":2,"elements":0}
PCIE {"t_ms":1790664895714,"test":"conc","trial":8,"copy":"dma","cfg":"d2h/ser","legs":1,"bytes_per_leg":134217728,"leg_ns":[12975928],"wall_ns":12993892,"stream_errors":0,"mb":64,"cmds_per_leg":2,"elements":0}
PCIE {"t_ms":1790664895725,"test":"conc","trial":8,"copy":"dma","cfg":"h2d/ser","legs":1,"bytes_per_leg":134217728,"leg_ns":[10974246],"wall_ns":10986061,"stream_errors":0,"mb":64,"cmds_per_leg":2,"elements":0}
PCIE {"t_ms":1790664895746,"test":"conc","trial":8,"copy":"dma","cfg":"2xh2d/ser","legs":2,"bytes_per_leg":134217728,"leg_ns":[16195772,21484098],"wall_ns":21496867,"stream_errors":0,"mb":64,"cmds_per_leg":2,"elements":0}
PCIE {"t_ms":1790664895769,"test":"conc","trial":8,"copy":"dma","cfg":"h2d","legs":1,"bytes_per_leg":134217728,"leg_ns":[22290495],"wall_ns":22306995,"stream_errors":0,"mb":64,"cmds_per_leg":2,"elements":0}
PCIE {"t_ms":1790664895775,"test":"done","which":"conc","elapsed_s":0.955410}
