Opening device 1
PCIE {"t_ms":1790664893164,"test":"open","open_ns":130695796,"src":"PCIEBENCH_SRC_SHA256 main=27b7ed06330c4bae26cd24be189cdac0d67432cb52b1e8c7fca1116abda1aa5f args=8ae69bd7d46097957b638ff4c6630eb3e66d3cb0654b77d3bf55f3336c61c508 touch=92180a93c6dae0a1dce8c379156f827bd6588115777499dc45e64bf606b46ec0","link":[{"bdf":"0000:01:00.0","speed":"16.0 GT/s PCIe","width":"8","max_speed":"16.0 GT/s PCIe","max_width":"8","cma_allocated":"0 MB"},{"bdf":"0000:02:00.0","speed":"16.0 GT/s PCIe","width":"8","max_speed":"16.0 GT/s PCIe","max_width":"8","cma_allocated":"2057 MB"}]}
PCIE {"t_ms":1790664893192,"test":"conc","trial":0,"copy":"dma","cfg":"d2h","legs":1,"bytes_per_leg":33554432,"leg_ns":[3337034],"wall_ns":3352130,"stream_errors":0,"mb":16,"cmds_per_leg":2,"elements":0}
PCIE {"t_ms":1790664893195,"test":"conc","trial":0,"copy":"dma","cfg":"h2d/ser","legs":1,"bytes_per_leg":33554432,"leg_ns":[2982513],"wall_ns":2996572,"stream_errors":0,"mb":16,"cmds_per_leg":2,"elements":0}
PCIE {"t_ms":1790664893201,"test":"conc","trial":0,"copy":"dma","cfg":"2xh2d/ser","legs":2,"bytes_per_leg":33554432,"leg_ns":[4460659,5802242],"wall_ns":5822596,"stream_errors":0,"mb":16,"cmds_per_leg":2,"elements":0}
PCIE {"t_ms":1790664893207,"test":"conc","trial":0,"copy":"dma","cfg":"h2d","legs":1,"bytes_per_leg":33554432,"leg_ns":[5752101],"wall_ns":5765134,"stream_errors":0,"mb":16,"cmds_per_leg":2,"elements":0}
PCIE {"t_ms":1790664893210,"test":"conc","trial":0,"copy":"dma","cfg":"d2h/ser","legs":1,"bytes_per_leg":33554432,"leg_ns":[3462194],"wall_ns":3474457,"stream_errors":0,"mb":16,"cmds_per_leg":2,"elements":0}
PCIE {"t_ms":1790664893216,"test":"conc","trial":1,"copy":"dma","cfg":"2xh2d/ser","legs":2,"bytes_per_leg":33554432,"leg_ns":[4381845,5691228],"wall_ns":5704192,"stream_errors":0,"mb":16,"cmds_per_leg":2,"elements":0}
PCIE {"t_ms":1790664893219,"test":"conc","trial":1,"copy":"dma","cfg":"d2h/ser","legs":1,"bytes_per_leg":33554432,"leg_ns":[3239715],"wall_ns":3251229,"stream_errors":0,"mb":16,"cmds_per_leg":2,"elements":0}
PCIE {"t_ms":1790664893225,"test":"conc","trial":1,"copy":"dma","cfg":"h2d","legs":1,"bytes_per_leg":33554432,"leg_ns":[5805481],"wall_ns":5818520,"stream_errors":0,"mb":16,"cmds_per_leg":2,"elements":0}
PCIE {"t_ms":1790664893228,"test":"conc","trial":1,"copy":"dma","cfg":"d2h","legs":1,"bytes_per_leg":33554432,"leg_ns":[3170865],"wall_ns":3182919,"stream_errors":0,"mb":16,"cmds_per_leg":2,"elements":0}
PCIE {"t_ms":1790664893231,"test":"conc","trial":1,"copy":"dma","cfg":"h2d/ser","legs":1,"bytes_per_leg":33554432,"leg_ns":[3073208],"wall_ns":3085930,"stream_errors":0,"mb":16,"cmds_per_leg":2,"elements":0}
PCIE {"t_ms":1790664893234,"test":"conc","trial":2,"copy":"dma","cfg":"d2h/ser","legs":1,"bytes_per_leg":33554432,"leg_ns":[2759919],"wall_ns":2776967,"stream_errors":0,"mb":16,"cmds_per_leg":2,"elements":0}
PCIE {"t_ms":1790664893240,"test":"conc","trial":2,"copy":"dma","cfg":"2xh2d/ser","legs":2,"bytes_per_leg":33554432,"leg_ns":[4455543,5791047],"wall_ns":5805963,"stream_errors":0,"mb":16,"cmds_per_leg":2,"elements":0}
PCIE {"t_ms":1790664893246,"test":"conc","trial":2,"copy":"dma","cfg":"h2d","legs":1,"bytes_per_leg":33554432,"leg_ns":[5846933],"wall_ns":5861305,"stream_errors":0,"mb":16,"cmds_per_leg":2,"elements":0}
PCIE {"t_ms":1790664893249,"test":"conc","trial":2,"copy":"dma","cfg":"d2h","legs":1,"bytes_per_leg":33554432,"leg_ns":[3335204],"wall_ns":3349153,"stream_errors":0,"mb":16,"cmds_per_leg":2,"elements":0}
PCIE {"t_ms":1790664893252,"test":"conc","trial":2,"copy":"dma","cfg":"h2d/ser","legs":1,"bytes_per_leg":33554432,"leg_ns":[3022265],"wall_ns":3034792,"stream_errors":0,"mb":16,"cmds_per_leg":2,"elements":0}
PCIE {"t_ms":1790664893255,"test":"conc","trial":3,"copy":"dma","cfg":"d2h/ser","legs":1,"bytes_per_leg":33554432,"leg_ns":[2721562],"wall_ns":2733738,"stream_errors":0,"mb":16,"cmds_per_leg":2,"elements":0}
PCIE {"t_ms":1790664893258,"test":"conc","trial":3,"copy":"dma","cfg":"h2d/ser","legs":1,"bytes_per_leg":33554432,"leg_ns":[3015503],"wall_ns":3027216,"stream_errors":0,"mb":16,"cmds_per_leg":2,"elements":0}
PCIE {"t_ms":1790664893264,"test":"conc","trial":3,"copy":"dma","cfg":"2xh2d/ser","legs":2,"bytes_per_leg":33554432,"leg_ns":[4300991,5606722],"wall_ns":5618750,"stream_errors":0,"mb":16,"cmds_per_leg":2,"elements":0}
PCIE {"t_ms":1790664893267,"test":"conc","trial":3,"copy":"dma","cfg":"d2h","legs":1,"bytes_per_leg":33554432,"leg_ns":[3272360],"wall_ns":3286099,"stream_errors":0,"mb":16,"cmds_per_leg":2,"elements":0}
PCIE {"t_ms":1790664893273,"test":"conc","trial":3,"copy":"dma","cfg":"h2d","legs":1,"bytes_per_leg":33554432,"leg_ns":[5720375],"wall_ns":5732503,"stream_errors":0,"mb":16,"cmds_per_leg":2,"elements":0}
PCIE {"t_ms":1790664893276,"test":"conc","trial":4,"copy":"dma","cfg":"h2d/ser","legs":1,"bytes_per_leg":33554432,"leg_ns":[3028074],"wall_ns":3039585,"stream_errors":0,"mb":16,"cmds_per_leg":2,"elements":0}
PCIE {"t_ms":1790664893282,"test":"conc","trial":4,"copy":"dma","cfg":"h2d","legs":1,"bytes_per_leg":33554432,"leg_ns":[5607744],"wall_ns":5619139,"stream_errors":0,"mb":16,"cmds_per_leg":2,"elements":0}
PCIE {"t_ms":1790664893284,"test":"conc","trial":4,"copy":"dma","cfg":"d2h/ser","legs":1,"bytes_per_leg":33554432,"leg_ns":[2717441],"wall_ns":2729536,"stream_errors":0,"mb":16,"cmds_per_leg":2,"elements":0}
PCIE {"t_ms":1790664893287,"test":"conc","trial":4,"copy":"dma","cfg":"d2h","legs":1,"bytes_per_leg":33554432,"leg_ns":[3063447],"wall_ns":3075428,"stream_errors":0,"mb":16,"cmds_per_leg":2,"elements":0}
PCIE {"t_ms":1790664893293,"test":"conc","trial":4,"copy":"dma","cfg":"2xh2d/ser","legs":2,"bytes_per_leg":33554432,"leg_ns":[4366960,5716997],"wall_ns":5728636,"stream_errors":0,"mb":16,"cmds_per_leg":2,"elements":0}
PCIE {"t_ms":1790664893299,"test":"conc","trial":5,"copy":"dma","cfg":"2xh2d/ser","legs":2,"bytes_per_leg":33554432,"leg_ns":[4349847,5760748],"wall_ns":5772561,"stream_errors":0,"mb":16,"cmds_per_leg":2,"elements":0}
PCIE {"t_ms":1790664893302,"test":"conc","trial":5,"copy":"dma","cfg":"h2d/ser","legs":1,"bytes_per_leg":33554432,"leg_ns":[3027600],"wall_ns":3045064,"stream_errors":0,"mb":16,"cmds_per_leg":2,"elements":0}
PCIE {"t_ms":1790664893305,"test":"conc","trial":5,"copy":"dma","cfg":"d2h","legs":1,"bytes_per_leg":33554432,"leg_ns":[3289796],"wall_ns":3307690,"stream_errors":0,"mb":16,"cmds_per_leg":2,"elements":0}
PCIE {"t_ms":1790664893308,"test":"conc","trial":5,"copy":"dma","cfg":"d2h/ser","legs":1,"bytes_per_leg":33554432,"leg_ns":[2924469],"wall_ns":2936095,"stream_errors":0,"mb":16,"cmds_per_leg":2,"elements":0}
PCIE {"t_ms":1790664893314,"test":"conc","trial":5,"copy":"dma","cfg":"h2d","legs":1,"bytes_per_leg":33554432,"leg_ns":[5562117],"wall_ns":5574481,"stream_errors":0,"mb":16,"cmds_per_leg":2,"elements":0}
PCIE {"t_ms":1790664893319,"test":"conc","trial":6,"copy":"dma","cfg":"2xh2d/ser","legs":2,"bytes_per_leg":33554432,"leg_ns":[4255154,5537917],"wall_ns":5550057,"stream_errors":0,"mb":16,"cmds_per_leg":2,"elements":0}
PCIE {"t_ms":1790664893323,"test":"conc","trial":6,"copy":"dma","cfg":"d2h","legs":1,"bytes_per_leg":33554432,"leg_ns":[3459866],"wall_ns":3471388,"stream_errors":0,"mb":16,"cmds_per_leg":2,"elements":0}
PCIE {"t_ms":1790664893326,"test":"conc","trial":6,"copy":"dma","cfg":"h2d/ser","legs":1,"bytes_per_leg":33554432,"leg_ns":[2898248],"wall_ns":2910927,"stream_errors":0,"mb":16,"cmds_per_leg":2,"elements":0}
PCIE {"t_ms":1790664893329,"test":"conc","trial":6,"copy":"dma","cfg":"d2h/ser","legs":1,"bytes_per_leg":33554432,"leg_ns":[2771157],"wall_ns":2786822,"stream_errors":0,"mb":16,"cmds_per_leg":2,"elements":0}
PCIE {"t_ms":1790664893334,"test":"conc","trial":6,"copy":"dma","cfg":"h2d","legs":1,"bytes_per_leg":33554432,"leg_ns":[5537555],"wall_ns":5550425,"stream_errors":0,"mb":16,"cmds_per_leg":2,"elements":0}
PCIE {"t_ms":1790664893337,"test":"conc","trial":7,"copy":"dma","cfg":"d2h","legs":1,"bytes_per_leg":33554432,"leg_ns":[3245363],"wall_ns":3259330,"stream_errors":0,"mb":16,"cmds_per_leg":2,"elements":0}
PCIE {"t_ms":1790664893340,"test":"conc","trial":7,"copy":"dma","cfg":"d2h/ser","legs":1,"bytes_per_leg":33554432,"leg_ns":[2740334],"wall_ns":2752607,"stream_errors":0,"mb":16,"cmds_per_leg":2,"elements":0}
PCIE {"t_ms":1790664893346,"test":"conc","trial":7,"copy":"dma","cfg":"2xh2d/ser","legs":2,"bytes_per_leg":33554432,"leg_ns":[4259187,5664422],"wall_ns":5676069,"stream_errors":0,"mb":16,"cmds_per_leg":2,"elements":0}
PCIE {"t_ms":1790664893349,"test":"conc","trial":7,"copy":"dma","cfg":"h2d/ser","legs":1,"bytes_per_leg":33554432,"leg_ns":[2870500],"wall_ns":2882484,"stream_errors":0,"mb":16,"cmds_per_leg":2,"elements":0}
PCIE {"t_ms":1790664893354,"test":"conc","trial":7,"copy":"dma","cfg":"h2d","legs":1,"bytes_per_leg":33554432,"leg_ns":[5534750],"wall_ns":5546765,"stream_errors":0,"mb":16,"cmds_per_leg":2,"elements":0}
PCIE {"t_ms":1790664893358,"test":"conc","trial":8,"copy":"dma","cfg":"d2h","legs":1,"bytes_per_leg":33554432,"leg_ns":[3260750],"wall_ns":3277643,"stream_errors":0,"mb":16,"cmds_per_leg":2,"elements":0}
PCIE {"t_ms":1790664893360,"test":"conc","trial":8,"copy":"dma","cfg":"d2h/ser","legs":1,"bytes_per_leg":33554432,"leg_ns":[2818995],"wall_ns":2830949,"stream_errors":0,"mb":16,"cmds_per_leg":2,"elements":0}
PCIE {"t_ms":1790664893363,"test":"conc","trial":8,"copy":"dma","cfg":"h2d/ser","legs":1,"bytes_per_leg":33554432,"leg_ns":[2968838],"wall_ns":2980022,"stream_errors":0,"mb":16,"cmds_per_leg":2,"elements":0}
PCIE {"t_ms":1790664893369,"test":"conc","trial":8,"copy":"dma","cfg":"2xh2d/ser","legs":2,"bytes_per_leg":33554432,"leg_ns":[4284487,5691371],"wall_ns":5703130,"stream_errors":0,"mb":16,"cmds_per_leg":2,"elements":0}
PCIE {"t_ms":1790664893375,"test":"conc","trial":8,"copy":"dma","cfg":"h2d","legs":1,"bytes_per_leg":33554432,"leg_ns":[5711477],"wall_ns":5723407,"stream_errors":0,"mb":16,"cmds_per_leg":2,"elements":0}
PCIE {"t_ms":1790664893378,"test":"conc","trial":9,"copy":"dma","cfg":"h2d/ser","legs":1,"bytes_per_leg":33554432,"leg_ns":[3029037],"wall_ns":3040401,"stream_errors":0,"mb":16,"cmds_per_leg":2,"elements":0}
PCIE {"t_ms":1790664893381,"test":"conc","trial":9,"copy":"dma","cfg":"d2h/ser","legs":1,"bytes_per_leg":33554432,"leg_ns":[3144612],"wall_ns":3156628,"stream_errors":0,"mb":16,"cmds_per_leg":2,"elements":0}
PCIE {"t_ms":1790664893387,"test":"conc","trial":9,"copy":"dma","cfg":"2xh2d/ser","legs":2,"bytes_per_leg":33554432,"leg_ns":[4399303,5701080],"wall_ns":5712546,"stream_errors":0,"mb":16,"cmds_per_leg":2,"elements":0}
PCIE {"t_ms":1790664893393,"test":"conc","trial":9,"copy":"dma","cfg":"h2d","legs":1,"bytes_per_leg":33554432,"leg_ns":[5614127],"wall_ns":5625997,"stream_errors":0,"mb":16,"cmds_per_leg":2,"elements":0}
PCIE {"t_ms":1790664893396,"test":"conc","trial":9,"copy":"dma","cfg":"d2h","legs":1,"bytes_per_leg":33554432,"leg_ns":[3183649],"wall_ns":3195536,"stream_errors":0,"mb":16,"cmds_per_leg":2,"elements":0}
PCIE {"t_ms":1790664893401,"test":"conc","trial":10,"copy":"dma","cfg":"2xh2d/ser","legs":2,"bytes_per_leg":33554432,"leg_ns":[4331277,5607982],"wall_ns":5619539,"stream_errors":0,"mb":16,"cmds_per_leg":2,"elements":0}
PCIE {"t_ms":1790664893405,"test":"conc","trial":10,"copy":"dma","cfg":"d2h/ser","legs":1,"bytes_per_leg":33554432,"leg_ns":[3185929],"wall_ns":3198051,"stream_errors":0,"mb":16,"cmds_per_leg":2,"elements":0}
PCIE {"t_ms":1790664893408,"test":"conc","trial":10,"copy":"dma","cfg":"d2h","legs":1,"bytes_per_leg":33554432,"leg_ns":[3036820],"wall_ns":3048246,"stream_errors":0,"mb":16,"cmds_per_leg":2,"elements":0}
PCIE {"t_ms":1790664893411,"test":"conc","trial":10,"copy":"dma","cfg":"h2d/ser","legs":1,"bytes_per_leg":33554432,"leg_ns":[2902957],"wall_ns":2914368,"stream_errors":0,"mb":16,"cmds_per_leg":2,"elements":0}
PCIE {"t_ms":1790664893416,"test":"conc","trial":10,"copy":"dma","cfg":"h2d","legs":1,"bytes_per_leg":33554432,"leg_ns":[5511272],"wall_ns":5522976,"stream_errors":0,"mb":16,"cmds_per_leg":2,"elements":0}
PCIE {"t_ms":1790664893418,"test":"done","which":"conc","elapsed_s":0.384019}
