Opening device 1
PCIE {"t_ms":1790664898891,"test":"open","open_ns":130932144,"src":"PCIEBENCH_SRC_SHA256 main=27b7ed06330c4bae26cd24be189cdac0d67432cb52b1e8c7fca1116abda1aa5f args=8ae69bd7d46097957b638ff4c6630eb3e66d3cb0654b77d3bf55f3336c61c508 touch=92180a93c6dae0a1dce8c379156f827bd6588115777499dc45e64bf606b46ec0","link":[{"bdf":"0000:01:00.0","speed":"16.0 GT/s PCIe","width":"8","max_speed":"16.0 GT/s PCIe","max_width":"8","cma_allocated":"0 MB"},{"bdf":"0000:02:00.0","speed":"16.0 GT/s PCIe","width":"8","max_speed":"16.0 GT/s PCIe","max_width":"8","cma_allocated":"2057 MB"}]}
PCIE {"t_ms":1790664898999,"test":"conc","trial":0,"copy":"dma","cfg":"d2h","legs":1,"bytes_per_leg":134217728,"leg_ns":[12418701],"wall_ns":12433168,"stream_errors":0,"mb":64,"cmds_per_leg":2,"elements":8}
PCIE {"t_ms":1790664899010,"test":"conc","trial":0,"copy":"dma","cfg":"h2d/ser","legs":1,"bytes_per_leg":134217728,"leg_ns":[10910948],"wall_ns":10924807,"stream_errors":0,"mb":64,"cmds_per_leg":2,"elements":8}
PCIE {"t_ms":1790664899031,"test":"conc","trial":0,"copy":"dma","cfg":"2xh2d/ser","legs":2,"bytes_per_leg":134217728,"leg_ns":[16176048,21480541],"wall_ns":21494555,"stream_errors":0,"mb":64,"cmds_per_leg":2,"elements":8}
PCIE {"t_ms":1790664899053,"test":"conc","trial":0,"copy":"dma","cfg":"h2d","legs":1,"bytes_per_leg":134217728,"leg_ns":[21980685],"wall_ns":21992595,"stream_errors":0,"mb":64,"cmds_per_leg":2,"elements":8}
PCIE {"t_ms":1790664899067,"test":"conc","trial":0,"copy":"dma","cfg":"d2h/ser","legs":1,"bytes_per_leg":134217728,"leg_ns":[13368119],"wall_ns":13387800,"stream_errors":0,"mb":64,"cmds_per_leg":2,"elements":8}
PCIE {"t_ms":1790664899088,"test":"conc","trial":1,"copy":"dma","cfg":"2xh2d/ser","legs":2,"bytes_per_leg":134217728,"leg_ns":[16251598,21557759],"wall_ns":21570468,"stream_errors":0,"mb":64,"cmds_per_leg":2,"elements":8}
PCIE {"t_ms":1790664899102,"test":"conc","trial":1,"copy":"dma","cfg":"d2h/ser","legs":1,"bytes_per_leg":134217728,"leg_ns":[13344147],"wall_ns":13361631,"stream_errors":0,"mb":64,"cmds_per_leg":2,"elements":8}
PCIE {"t_ms":1790664899124,"test":"conc","trial":1,"copy":"dma","cfg":"h2d","legs":1,"bytes_per_leg":134217728,"leg_ns":[22095890],"wall_ns":22107508,"stream_errors":0,"mb":64,"cmds_per_leg":2,"elements":8}
PCIE {"t_ms":1790664899136,"test":"conc","trial":1,"copy":"dma","cfg":"d2h","legs":1,"bytes_per_leg":134217728,"leg_ns":[12488068],"wall_ns":12500367,"stream_errors":0,"mb":64,"cmds_per_leg":2,"elements":8}
PCIE {"t_ms":1790664899147,"test":"conc","trial":1,"copy":"dma","cfg":"h2d/ser","legs":1,"bytes_per_leg":134217728,"leg_ns":[10971995],"wall_ns":10984033,"stream_errors":0,"mb":64,"cmds_per_leg":2,"elements":8}
PCIE {"t_ms":1790664899161,"test":"conc","trial":2,"copy":"dma","cfg":"d2h/ser","legs":1,"bytes_per_leg":134217728,"leg_ns":[13362724],"wall_ns":13374996,"stream_errors":0,"mb":64,"cmds_per_leg":2,"elements":8}
PCIE {"t_ms":1790664899182,"test":"conc","trial":2,"copy":"dma","cfg":"2xh2d/ser","legs":2,"bytes_per_leg":134217728,"leg_ns":[16181822,21486753],"wall_ns":21498566,"stream_errors":0,"mb":64,"cmds_per_leg":2,"elements":8}
PCIE {"t_ms":1790664899204,"test":"conc","trial":2,"copy":"dma","cfg":"h2d","legs":1,"bytes_per_leg":134217728,"leg_ns":[22163945],"wall_ns":22176691,"stream_errors":0,"mb":64,"cmds_per_leg":2,"elements":8}
PCIE {"t_ms":1790664899216,"test":"conc","trial":2,"copy":"dma","cfg":"d2h","legs":1,"bytes_per_leg":134217728,"leg_ns":[12173359],"wall_ns":12192080,"stream_errors":0,"mb":64,"cmds_per_leg":2,"elements":8}
PCIE {"t_ms":1790664899227,"test":"conc","trial":2,"copy":"dma","cfg":"h2d/ser","legs":1,"bytes_per_leg":134217728,"leg_ns":[10970375],"wall_ns":10982149,"stream_errors":0,"mb":64,"cmds_per_leg":2,"elements":8}
PCIE {"t_ms":1790664899241,"test":"conc","trial":3,"copy":"dma","cfg":"d2h/ser","legs":1,"bytes_per_leg":134217728,"leg_ns":[13348393],"wall_ns":13360815,"stream_errors":0,"mb":64,"cmds_per_leg":2,"elements":8}
PCIE {"t_ms":1790664899252,"test":"conc","trial":3,"copy":"dma","cfg":"h2d/ser","legs":1,"bytes_per_leg":134217728,"leg_ns":[10910763],"wall_ns":10922595,"stream_errors":0,"mb":64,"cmds_per_leg":2,"elements":8}
PCIE {"t_ms":1790664899273,"test":"conc","trial":3,"copy":"dma","cfg":"2xh2d/ser","legs":2,"bytes_per_leg":134217728,"leg_ns":[16387069,21663208],"wall_ns":21675200,"stream_errors":0,"mb":64,"cmds_per_leg":2,"elements":8}
PCIE {"t_ms":1790664899286,"test":"conc","trial":3,"copy":"dma","cfg":"d2h","legs":1,"bytes_per_leg":134217728,"leg_ns":[12493520],"wall_ns":12512834,"stream_errors":0,"mb":64,"cmds_per_leg":2,"elements":8}
PCIE {"t_ms":1790664899308,"test":"conc","trial":3,"copy":"dma","cfg":"h2d","legs":1,"bytes_per_leg":134217728,"leg_ns":[22357233],"wall_ns":22369913,"stream_errors":0,"mb":64,"cmds_per_leg":2,"elements":8}
PCIE {"t_ms":1790664899319,"test":"conc","trial":4,"copy":"dma","cfg":"h2d/ser","legs":1,"bytes_per_leg":134217728,"leg_ns":[10966593],"wall_ns":10980407,"stream_errors":0,"mb":64,"cmds_per_leg":2,"elements":8}
PCIE {"t_ms":1790664899341,"test":"conc","trial":4,"copy":"dma","cfg":"h2d","legs":1,"bytes_per_leg":134217728,"leg_ns":[22094176],"wall_ns":22105889,"stream_errors":0,"mb":64,"cmds_per_leg":2,"elements":8}
PCIE {"t_ms":1790664899355,"test":"conc","trial":4,"copy":"dma","cfg":"d2h/ser","legs":1,"bytes_per_leg":134217728,"leg_ns":[13396887],"wall_ns":13409082,"stream_errors":0,"mb":64,"cmds_per_leg":2,"elements":8}
PCIE {"t_ms":1790664899367,"test":"conc","trial":4,"copy":"dma","cfg":"d2h","legs":1,"bytes_per_leg":134217728,"leg_ns":[12451406],"wall_ns":12463664,"stream_errors":0,"mb":64,"cmds_per_leg":2,"elements":8}
PCIE {"t_ms":1790664899389,"test":"conc","trial":4,"copy":"dma","cfg":"2xh2d/ser","legs":2,"bytes_per_leg":134217728,"leg_ns":[16174794,21474970],"wall_ns":21489192,"stream_errors":0,"mb":64,"cmds_per_leg":2,"elements":8}
PCIE {"t_ms":1790664899411,"test":"conc","trial":5,"copy":"dma","cfg":"2xh2d/ser","legs":2,"bytes_per_leg":134217728,"leg_ns":[16469874,21661384],"wall_ns":21675510,"stream_errors":0,"mb":64,"cmds_per_leg":2,"elements":8}
PCIE {"t_ms":1790664899422,"test":"conc","trial":5,"copy":"dma","cfg":"h2d/ser","legs":1,"bytes_per_leg":134217728,"leg_ns":[10974804],"wall_ns":10987126,"stream_errors":0,"mb":64,"cmds_per_leg":2,"elements":8}
PCIE {"t_ms":1790664899434,"test":"conc","trial":5,"copy":"dma","cfg":"d2h","legs":1,"bytes_per_leg":134217728,"leg_ns":[12181451],"wall_ns":12198642,"stream_errors":0,"mb":64,"cmds_per_leg":2,"elements":8}
PCIE {"t_ms":1790664899447,"test":"conc","trial":5,"copy":"dma","cfg":"d2h/ser","legs":1,"bytes_per_leg":134217728,"leg_ns":[13195026],"wall_ns":13207310,"stream_errors":0,"mb":64,"cmds_per_leg":2,"elements":8}
PCIE {"t_ms":1790664899469,"test":"conc","trial":5,"copy":"dma","cfg":"h2d","legs":1,"bytes_per_leg":134217728,"leg_ns":[22168308],"wall_ns":22180015,"stream_errors":0,"mb":64,"cmds_per_leg":2,"elements":8}
PCIE {"t_ms":1790664899491,"test":"conc","trial":6,"copy":"dma","cfg":"2xh2d/ser","legs":2,"bytes_per_leg":134217728,"leg_ns":[16351942,21658680],"wall_ns":21671508,"stream_errors":0,"mb":64,"cmds_per_leg":2,"elements":8}
PCIE {"t_ms":1790664899503,"test":"conc","trial":6,"copy":"dma","cfg":"d2h","legs":1,"bytes_per_leg":134217728,"leg_ns":[12252386],"wall_ns":12272185,"stream_errors":0,"mb":64,"cmds_per_leg":2,"elements":8}
PCIE {"t_ms":1790664899514,"test":"conc","trial":6,"copy":"dma","cfg":"h2d/ser","legs":1,"bytes_per_leg":134217728,"leg_ns":[10993972],"wall_ns":11006223,"stream_errors":0,"mb":64,"cmds_per_leg":2,"elements":8}
PCIE {"t_ms":1790664899528,"test":"conc","trial":6,"copy":"dma","cfg":"d2h/ser","legs":1,"bytes_per_leg":134217728,"leg_ns":[13371316],"wall_ns":13388794,"stream_errors":0,"mb":64,"cmds_per_leg":2,"elements":8}
PCIE {"t_ms":1790664899550,"test":"conc","trial":6,"copy":"dma","cfg":"h2d","legs":1,"bytes_per_leg":134217728,"leg_ns":[22001399],"wall_ns":22019624,"stream_errors":0,"mb":64,"cmds_per_leg":2,"elements":8}
PCIE {"t_ms":1790664899562,"test":"conc","trial":7,"copy":"dma","cfg":"d2h","legs":1,"bytes_per_leg":134217728,"leg_ns":[12443218],"wall_ns":12455436,"stream_errors":0,"mb":64,"cmds_per_leg":2,"elements":8}
PCIE {"t_ms":1790664899575,"test":"conc","trial":7,"copy":"dma","cfg":"d2h/ser","legs":1,"bytes_per_leg":134217728,"leg_ns":[13177036],"wall_ns":13195572,"stream_errors":0,"mb":64,"cmds_per_leg":2,"elements":8}
PCIE {"t_ms":1790664899597,"test":"conc","trial":7,"copy":"dma","cfg":"2xh2d/ser","legs":2,"bytes_per_leg":134217728,"leg_ns":[16346601,21650980],"wall_ns":21664891,"stream_errors":0,"mb":64,"cmds_per_leg":2,"elements":8}
PCIE {"t_ms":1790664899608,"test":"conc","trial":7,"copy":"dma","cfg":"h2d/ser","legs":1,"bytes_per_leg":134217728,"leg_ns":[11091247],"wall_ns":11109277,"stream_errors":0,"mb":64,"cmds_per_leg":2,"elements":8}
PCIE {"t_ms":1790664899631,"test":"conc","trial":7,"copy":"dma","cfg":"h2d","legs":1,"bytes_per_leg":134217728,"leg_ns":[22374746],"wall_ns":22389191,"stream_errors":0,"mb":64,"cmds_per_leg":2,"elements":8}
PCIE {"t_ms":1790664899643,"test":"conc","trial":8,"copy":"dma","cfg":"d2h","legs":1,"bytes_per_leg":134217728,"leg_ns":[12201675],"wall_ns":12220487,"stream_errors":0,"mb":64,"cmds_per_leg":2,"elements":8}
PCIE {"t_ms":1790664899656,"test":"conc","trial":8,"copy":"dma","cfg":"d2h/ser","legs":1,"bytes_per_leg":134217728,"leg_ns":[13088357],"wall_ns":13106096,"stream_errors":0,"mb":64,"cmds_per_leg":2,"elements":8}
PCIE {"t_ms":1790664899667,"test":"conc","trial":8,"copy":"dma","cfg":"h2d/ser","legs":1,"bytes_per_leg":134217728,"leg_ns":[10852795],"wall_ns":10865162,"stream_errors":0,"mb":64,"cmds_per_leg":2,"elements":8}
PCIE {"t_ms":1790664899688,"test":"conc","trial":8,"copy":"dma","cfg":"2xh2d/ser","legs":2,"bytes_per_leg":134217728,"leg_ns":[16289919,21569029],"wall_ns":21581693,"stream_errors":0,"mb":64,"cmds_per_leg":2,"elements":8}
PCIE {"t_ms":1790664899711,"test":"conc","trial":8,"copy":"dma","cfg":"h2d","legs":1,"bytes_per_leg":134217728,"leg_ns":[22187268],"wall_ns":22200373,"stream_errors":0,"mb":64,"cmds_per_leg":2,"elements":8}
PCIE {"t_ms":1790664899716,"test":"done","which":"conc","elapsed_s":0.956580}
