LOGGER NOT INITIALIZED:
		ET [DEVICE_LAYER][TH:124840221240960]: 
PCIe target:                                               /dev/et0_ops        
DRAM base:                                                 549848092672         (0x8005801000)
DRAM size (B):                                             34265366528          (0x7fa600000)
DRAM alignment (bits):                                     64                  
MM SQ count:                                               2                    (0x2)
MM VQ Maximum message size (B):                            1056                 (0x420)
P2P compatibility bitmap:                                  0                    (0x0)
PCIBUS device name:                                        0000:02:00.0        
Physical device ID:                                        0                    (0x0)
Form Factor:                                               PCIE                 (0x0)
TDP (W):                                                   65                  
Minion boot frequency (MHz):                               600                 
L3 size (KB):                                              32768                (0x8000)
L2 size (KB):                                              16384                (0x4000)
Scratch pad size (KB):                                     81920                (0x14000)
Cache line size (B):                                       64                   (0x40)
Number of L2 Banks:                                        4                   
DDR Bandwidth (MB/s):                                      128000              
Spare shire ID:                                            32                  
Architecture revision:                                     ETSOC1               (0x0)
CM active shire mask:                                      4294967295           (0xffffffff)
Scratchpad base address in format 0:                       2147483648           (0x80000000)
Scratchpad base address in format 1:                       3221225472           (0xc0000000)
Scratchpad base address in format 2:                       18446744073709551615 (0xffffffffffffffff)
Local DDR base address:                                    549848092672         (0x8005801000)
Chiplet DDR base address:                                  549848092672         (0x8005801000)
Interleaved DDR base address:                              18446744073709551615 (0xffffffffffffffff)
Single chiplet DDR size:                                   34265366528         
Address alignment bits:                                    64                  
First shire bit in scratchpad address in format 0:         23                  
Number of shire bits in scratchpad address in format 0:    7                   
Local shire encoding in scratchpad address in format 0:    127                 
First shire bit in scratchpad address in format 1:         6                   
Number of shire bits in scratchpad address in format 1:    5                   
First shire bit in scratchpad address in format 2:         255                 
Number of shire bits in scratchpad address in format 2:    255                 
First chiplet bit in scratchpad address in format 2:       255                 
Number of chiplet bits in scratchpad address in format 2:  255                 
First chiplet bit in chiplet DDR address:                  255                 
Number of chiplet bits in chiplet DDR address:             255                 
First chiplet bit in interleaved chiplet DDR address:      255                 
Number of chiplet bits in interleaved chiplet DDR address: 255                 

[32m2026/09/26 02:23:44 162524	DEBUG [DevicePcie.cpp->setupDeviceInfo:459]	LOGGER NOT INITIALIZED:
		ET [DEVICE_LAYER][TH:124840221240960]: 
PCIe target:                                               /dev/et0_ops        
DRAM base:                                                 549848092672         (0x8005801000)
DRAM size (B):                                             34265366528          (0x7fa600000)
DRAM alignment (bits):                                     64                  
MM SQ count:                                               2                    (0x2)
MM VQ Maximum message size (B):                            1056                 (0x420)
P2P compatibility bitmap:                                  0                    (0x0)
PCIBUS device name:                                        0000:02:00.0        
Physical device ID:                                        0                    (0x0)
Form Factor:                                               PCIE                 (0x0)
TDP (W):                                                   65                  
Minion boot frequency (MHz):                               600                 
L3 size (KB):                                              32768                (0x8000)
L2 size (KB):                                              16384                (0x4000)
Scratch pad size (KB):                                     81920                (0x14000)
Cache line size (B):                                       64                   (0x40)
Number of L2 Banks:                                        4                   
DDR Bandwidth (MB/s):                                      128000              
Spare shire ID:                                            32                  
Architecture revision:                                     ETSOC1               (0x0)
CM active shire mask:                                      4294967295           (0xffffffff)
Scratchpad base address in format 0:                       2147483648           (0x80000000)
Scratchpad base address in format 1:                       3221225472           (0xc0000000)
Scratchpad base address in format 2:                       18446744073709551615 (0xffffffffffffffff)
Local DDR base address:                                    549848092672         (0x8005801000)
Chiplet DDR base address:                                  549848092672         (0x8005801000)
Interleaved DDR base address:                              18446744073709551615 (0xffffffffffffffff)
Single chiplet DDR size:                                   34265366528         
Address alignment bits:                                    64                  
First shire bit in scratchpad address in format 0:         23                  
Number of shire bits in scratchpad address in format 0:    7                   
Local shire encoding in scratchpad address in format 0:    127                 
First shire bit in scratchpad address in format 1:         6                   
Number of shire bits in scratchpad address in format 1:    5                   
First shire bit in scratchpad address in format 2:         255                 
Number of shire bits in scratchpad address in format 2:    255                 
First chiplet bit in scratchpad address in format 2:       255                 
Number of chiplet bits in scratchpad address in format 2:  255                 
First chiplet bit in chiplet DDR address:                  255                 
Number of chiplet bits in chiplet DDR address:             255                 
First chiplet bit in interleaved chiplet DDR address:      255                 
Number of chiplet bits in interleaved chiplet DDR address: 255                 

[m2026/09/26 02:23:44 162911	INFO [RuntimeImp.cpp->RuntimeImp:74]	ET [RUNTIME][TH:124840221240960]: Profiler enabled? False
2026/09/26 02:23:44 163133	INFO [RuntimeImp.cpp->RuntimeImp:98]	ET [RUNTIME][TH:124840221240960]: Runtime initialization device 0: Dram base addr: 8005801000 Dram size: 7fa600000 Check memcpy operations: True
2026/09/26 02:23:44 284766	INFO [RuntimeImp.cpp->RuntimeImp:144]	ET [RUNTIME][TH:124840221240960]: Initializing device: 0
2026/09/26 02:23:44 284950	INFO [RuntimeImp.cpp->lockProcessingResponseErrors:576]	ET [RUNTIME][TH:124840221240960]: Abort phase begins. Tag id: 1
2026/09/26 02:23:44 285459	INFO [RuntimeImp.cpp->unlockProcessingResponseErrors:584]	ET [RUNTIME][TH:124837670393536]: Abort phase finished. Tag id: 1
2026/09/26 02:23:44 285563	INFO [RuntimeImp.cpp->lockProcessingResponseErrors:576]	ET [RUNTIME][TH:124840221240960]: Abort phase begins. Tag id: 3
2026/09/26 02:23:44 286042	INFO [RuntimeImp.cpp->unlockProcessingResponseErrors:584]	ET [RUNTIME][TH:124837670393536]: Abort phase finished. Tag id: 3
2026/09/26 02:23:44 286108	INFO [RuntimeImp.cpp->RuntimeImp:148]	ET [RUNTIME][TH:124840221240960]: Checking device api version for device: 0
2026/09/26 02:23:44 286659	INFO [RuntimeImp.cpp->checkDeviceApi:799]	ET [RUNTIME][TH:124840221240960]: Device API version: 2.4.0
2026/09/26 02:23:44 286663	INFO [RuntimeImp.cpp->RuntimeImp:152]	ET [RUNTIME][TH:124840221240960]: Device: 0 initialized.
2026/09/26 02:23:44 294957	INFO [RuntimeImp.cpp->RuntimeImp:159]	ET [RUNTIME][TH:124840221240960]: Runtime initialized.
PASS
