PCIE {"t_ms":1790544311816,"test":"open","open_ns":178127727,"link":[{"bdf":"0000:02:00.0","speed":"16.0 GT/s PCIe","width":"8","max_speed":"16.0 GT/s PCIe","max_width":"8","cma_allocated":"2057 MB"}]}
PCIE {"t_ms":1790544312032,"test":"verify","bytes":1048576,"equal":true}
PCIE {"t_ms":1790544312067,"test":"bw","dir":"h2d","copy":"staged","bytes":4096,"warm_ns":625801,"ns":[544342,564102,153742,206036,198964,554236,197652,559929,143650,155535,98863,90336,568616,96565,561807,98844,559030,560765,99486,526823],"stream_errors":0}
PCIE {"t_ms":1790544312067,"test":"bw","dir":"h2d","copy":"dma","bytes":4096,"warm_ns":359535,"ns":[210077,288755,558234,505448,203106,200268,560478,193771,608258,558872,200028,559389,564807,560402,199435,560019,99287,151733,559293,201372],"stream_errors":0}
PCIE {"t_ms":1790544312067,"test":"bw","dir":"d2h","copy":"staged","bytes":4096,"warm_ns":216713,"ns":[356210,562599,577022,199998,568700,565443,607611,617036,561979,556484,568363,568791,155378,159297,161942,618784,156138,568016,104284,105199],"stream_errors":0}
PCIE {"t_ms":1790544312067,"test":"bw","dir":"d2h","copy":"dma","bytes":4096,"warm_ns":312305,"ns":[614165,222697,610260,628069,614919,617651,210082,576064,615775,162645,153049,112055,565483,615562,576095,97054,616834,154642,159757,567759],"stream_errors":0}
PCIE {"t_ms":1790544312097,"test":"bw","dir":"h2d","copy":"staged","bytes":8192,"warm_ns":546416,"ns":[561366,201279,200367,98601,201592,560281,560598,202022,559568,201462,151034,560371,157371,559997,560795,559666,564308,562738,559598,96656],"stream_errors":0}
PCIE {"t_ms":1790544312097,"test":"bw","dir":"h2d","copy":"dma","bytes":8192,"warm_ns":565746,"ns":[95502,96197,98925,132754,199154,132099,97995,156828,560491,559753,559866,145965,560846,200609,199420,200464,189022,100556,98251,201383],"stream_errors":0}
PCIE {"t_ms":1790544312097,"test":"bw","dir":"d2h","copy":"staged","bytes":8192,"warm_ns":566711,"ns":[58921,567577,567486,566552,567777,673431,615815,618700,618618,613697,63733,623186,109299,60347,617009,617636,161311,569744,566079,63927],"stream_errors":0}
PCIE {"t_ms":1790544312097,"test":"bw","dir":"d2h","copy":"dma","bytes":8192,"warm_ns":153421,"ns":[618203,57888,567784,669183,568046,632597,66863,53699,116692,151731,153291,609802,614528,615602,63979,61564,60269,103116,615308,567244],"stream_errors":0}
PCIE {"t_ms":1790544312127,"test":"bw","dir":"h2d","copy":"staged","bytes":16384,"warm_ns":535471,"ns":[201521,202507,96568,94288,562968,99692,562348,202421,201075,561802,561350,99053,562106,97959,95232,562774,148161,200008,562354,561353],"stream_errors":0}
PCIE {"t_ms":1790544312127,"test":"bw","dir":"h2d","copy":"dma","bytes":16384,"warm_ns":562232,"ns":[97980,563811,559813,201481,93969,561835,203445,97252,562066,201114,96948,561785,201340,635502,549025,99058,156663,561893,200926,158430],"stream_errors":0}
PCIE {"t_ms":1790544312127,"test":"bw","dir":"d2h","copy":"staged","bytes":16384,"warm_ns":569848,"ns":[568980,569755,571181,568819,572787,105216,571296,569100,570549,568140,570397,105995,570609,557808,616551,619537,569404,617140,161295,617364],"stream_errors":0}
PCIE {"t_ms":1790544312127,"test":"bw","dir":"d2h","copy":"dma","bytes":16384,"warm_ns":154260,"ns":[59314,104820,615254,63701,615100,57968,103466,567394,103771,106003,612744,60499,103608,618332,58911,56764,147853,570405,615336,115644],"stream_errors":0}
PCIE {"t_ms":1790544312158,"test":"bw","dir":"h2d","copy":"staged","bytes":32768,"warm_ns":141400,"ns":[562188,154339,154613,156596,561794,561967,154592,562084,152460,561697,149882,561712,153731,562077,561852,200385,561720,199725,562083,113381],"stream_errors":0}
PCIE {"t_ms":1790544312158,"test":"bw","dir":"h2d","copy":"dma","bytes":32768,"warm_ns":562031,"ns":[200716,106100,151226,151526,147413,561794,200780,149917,199724,143836,153903,155338,562133,158141,201593,561879,147637,155825,198766,156776],"stream_errors":0}
PCIE {"t_ms":1790544312158,"test":"bw","dir":"d2h","copy":"staged","bytes":32768,"warm_ns":625784,"ns":[157794,620586,618332,112769,158513,114131,614900,617020,569700,625253,211972,619858,219142,153396,619103,162715,160624,569682,570175,111587],"stream_errors":0}
PCIE {"t_ms":1790544312158,"test":"bw","dir":"d2h","copy":"dma","bytes":32768,"warm_ns":201302,"ns":[615270,614785,614147,617597,568558,618072,161303,114401,618027,616460,620516,615486,612749,152027,567548,618014,60888,614388,617046,615321],"stream_errors":0}
PCIE {"t_ms":1790544312190,"test":"bw","dir":"h2d","copy":"staged","bytes":65536,"warm_ns":545737,"ns":[196032,147685,202117,152380,143343,154471,158440,156337,561859,156386,562133,562275,154815,562597,193628,562091,200792,202947,561328,155007],"stream_errors":0}
PCIE {"t_ms":1790544312190,"test":"bw","dir":"h2d","copy":"dma","bytes":65536,"warm_ns":561848,"ns":[562338,158278,561058,200931,561515,166240,197314,561958,149724,561135,157695,201504,142192,201504,203285,561495,152063,561663,562232,561800],"stream_errors":0}
PCIE {"t_ms":1790544312190,"test":"bw","dir":"d2h","copy":"staged","bytes":65536,"warm_ns":618325,"ns":[164419,621654,618567,617622,221965,572858,572284,572428,619194,571366,156306,616532,212509,622788,538896,219813,616810,60338,206984,163715],"stream_errors":0}
PCIE {"t_ms":1790544312190,"test":"bw","dir":"d2h","copy":"dma","bytes":65536,"warm_ns":208613,"ns":[618594,614716,160006,165076,619130,614783,611759,147390,112950,153317,566864,567813,623068,567440,159077,617168,156508,615324,615448,613442],"stream_errors":0}
PCIE {"t_ms":1790544312222,"test":"bw","dir":"h2d","copy":"staged","bytes":131072,"warm_ns":147161,"ns":[194602,562146,200756,142230,526417,156878,192756,562072,562141,562207,561646,159342,562004,151148,561438,145353,148814,562249,157654,201760],"stream_errors":0}
PCIE {"t_ms":1790544312222,"test":"bw","dir":"h2d","copy":"dma","bytes":131072,"warm_ns":561730,"ns":[159117,561207,562025,143232,155297,562437,561503,241782,182596,154288,513403,147735,150591,562263,140977,201263,200979,561979,157574,562271],"stream_errors":0}
PCIE {"t_ms":1790544312222,"test":"bw","dir":"d2h","copy":"staged","bytes":131072,"warm_ns":622129,"ns":[167048,620131,627008,220367,621887,160447,576577,168209,586536,172041,218742,624580,154868,618297,164519,624371,620705,622002,622633,625130],"stream_errors":0}
PCIE {"t_ms":1790544312222,"test":"bw","dir":"d2h","copy":"dma","bytes":131072,"warm_ns":196605,"ns":[615870,204286,159706,619977,613893,144281,613656,163600,616338,152998,615842,613365,153240,214316,569208,568615,521203,198015,616523,160090],"stream_errors":0}
PCIE {"t_ms":1790544312254,"test":"bw","dir":"h2d","copy":"staged","bytes":262144,"warm_ns":136010,"ns":[154036,141310,248356,562040,561715,562213,562365,146109,551028,260639,562549,138824,152382,162945,562084,564235,561118,198146,132829,153994],"stream_errors":0}
PCIE {"t_ms":1790544312254,"test":"bw","dir":"h2d","copy":"dma","bytes":262144,"warm_ns":560946,"ns":[561606,146360,561537,139285,561774,238394,561705,189168,139814,560232,245226,200538,561988,561618,161383,158285,187189,562724,561492,151744],"stream_errors":0}
PCIE {"t_ms":1790544312254,"test":"bw","dir":"d2h","copy":"staged","bytes":262144,"warm_ns":639474,"ns":[629468,227714,167518,226159,624419,177644,628642,169278,226731,625648,164329,630828,631146,580315,581003,631383,158834,637250,216810,158011],"stream_errors":0}
PCIE {"t_ms":1790544312254,"test":"bw","dir":"d2h","copy":"dma","bytes":262144,"warm_ns":190270,"ns":[156462,615231,566828,617647,203584,154795,197555,624447,618026,612221,149283,568910,154939,141560,139550,617570,615417,165443,623444,615752],"stream_errors":0}
PCIE {"t_ms":1790544312288,"test":"bw","dir":"h2d","copy":"staged","bytes":524288,"warm_ns":553365,"ns":[151594,199898,125401,244520,561700,260460,561942,273148,262510,302132,561470,270443,259306,562431,561160,295808,561585,561803,258523,259508],"stream_errors":0}
PCIE {"t_ms":1790544312288,"test":"bw","dir":"h2d","copy":"dma","bytes":524288,"warm_ns":561428,"ns":[261823,230923,561860,561544,171886,161351,562346,221260,562347,232501,193254,265463,276903,252610,248720,562106,263066,230006,158784,562228],"stream_errors":0}
PCIE {"t_ms":1790544312288,"test":"bw","dir":"d2h","copy":"staged","bytes":524288,"warm_ns":648344,"ns":[647485,641570,644321,186801,597728,644644,240251,160850,637074,638307,640169,162851,595431,641615,594382,639015,166030,642455,640846,640812],"stream_errors":0}
PCIE {"t_ms":1790544312288,"test":"bw","dir":"d2h","copy":"dma","bytes":524288,"warm_ns":177230,"ns":[617282,130685,616190,223978,612309,175215,613153,622027,179499,570485,576223,608654,612519,185161,614153,169957,218942,610703,255504,179791],"stream_errors":0}
PCIE {"t_ms":1790544312325,"test":"bw","dir":"h2d","copy":"staged","bytes":1048576,"warm_ns":551351,"ns":[536835,360329,561417,257767,301916,290517,561502,561288,297083,364416,363539,337214,561822,562618,562282,303210,262564,288612,561161,562172],"stream_errors":0}
PCIE {"t_ms":1790544312325,"test":"bw","dir":"h2d","copy":"dma","bytes":1048576,"warm_ns":561793,"ns":[261615,561753,563285,561772,290865,302813,304109,246406,561357,562081,561938,241014,289735,261305,287780,268463,561771,193523,261289,260567],"stream_errors":0}
PCIE {"t_ms":1790544312325,"test":"bw","dir":"d2h","copy":"staged","bytes":1048576,"warm_ns":683288,"ns":[291041,257594,675569,231983,682734,649304,677472,336059,315510,632796,613370,631756,278416,678612,324111,675821,678116,685815,274981,274795],"stream_errors":0}
PCIE {"t_ms":1790544312325,"test":"bw","dir":"d2h","copy":"dma","bytes":1048576,"warm_ns":237231,"ns":[612644,280697,251694,283523,569848,569756,568386,200282,569852,286943,286739,607289,613145,610353,255257,568791,609491,564935,612697,277365],"stream_errors":0}
PCIE {"t_ms":1790544312368,"test":"bw","dir":"h2d","copy":"staged","bytes":2097152,"warm_ns":553572,"ns":[464380,561320,561955,480569,491741,561853,456605,559600,458435,405104,457427,562899,559619,561292,564676,405157,405497,397008,427447,558551],"stream_errors":0}
PCIE {"t_ms":1790544312368,"test":"bw","dir":"h2d","copy":"dma","bytes":2097152,"warm_ns":562118,"ns":[340120,374963,383056,371087,516672,560194,301648,561566,261816,399270,559630,560047,303586,297285,255333,560278,560686,527349,351203,299996],"stream_errors":0}
PCIE {"t_ms":1790544312368,"test":"bw","dir":"d2h","copy":"staged","bytes":2097152,"warm_ns":794514,"ns":[737119,478545,537455,801311,486954,778528,474022,773750,785399,780161,792808,780829,738358,481694,437979,793797,787640,775486,446004,520428],"stream_errors":0}
PCIE {"t_ms":1790544312368,"test":"bw","dir":"d2h","copy":"dma","bytes":2097152,"warm_ns":308551,"ns":[275722,609800,570382,575220,618534,351549,608737,354635,617353,298075,339217,345478,267648,614127,611948,246382,269774,350977,621794,567895],"stream_errors":0}
PCIE {"t_ms":1790544312415,"test":"bw","dir":"h2d","copy":"staged","bytes":4194304,"warm_ns":862317,"ns":[865354,888825,738122,768481,664543,745474,772267,765916,739589,693669,664711,777842,680637,781100,664637,775462],"stream_errors":0}
PCIE {"t_ms":1790544312415,"test":"bw","dir":"h2d","copy":"dma","bytes":4194304,"warm_ns":561206,"ns":[560232,560313,456287,507767,472872,460738,560405,550507,556987,560759,560576,493777,556970,508553,562142,502408],"stream_errors":0}
PCIE {"t_ms":1790544312415,"test":"bw","dir":"d2h","copy":"staged","bytes":4194304,"warm_ns":1006968,"ns":[885684,840217,935977,1015517,1004347,951721,833213,957631,851250,838701,899927,1014411,989812,1011700,985203,1020078],"stream_errors":0}
PCIE {"t_ms":1790544312415,"test":"bw","dir":"d2h","copy":"dma","bytes":4194304,"warm_ns":528374,"ns":[426467,568659,486760,568095,615231,611692,519521,607266,616761,467400,607930,613220,624112,400922,452735,467711],"stream_errors":0}
PCIE {"t_ms":1790544312460,"test":"bw","dir":"h2d","copy":"staged","bytes":8388608,"warm_ns":1482824,"ns":[1437202,1447873,1393227,1425822,1306702,1368196,1302479,1377966],"stream_errors":0}
PCIE {"t_ms":1790544312460,"test":"bw","dir":"h2d","copy":"dma","bytes":8388608,"warm_ns":869514,"ns":[829590,854794,869250,901164,912598,865131,857791,893468],"stream_errors":0}
PCIE {"t_ms":1790544312460,"test":"bw","dir":"d2h","copy":"staged","bytes":8388608,"warm_ns":1877976,"ns":[1757735,1911824,1789062,1899850,1869213,1865847,1907718,1716510],"stream_errors":0}
PCIE {"t_ms":1790544312460,"test":"bw","dir":"d2h","copy":"dma","bytes":8388608,"warm_ns":697939,"ns":[939762,926798,929220,777992,923333,831999,832872,868756],"stream_errors":0}
PCIE {"t_ms":1790544312507,"test":"bw","dir":"h2d","copy":"staged","bytes":16777216,"warm_ns":2914530,"ns":[2965348,3000448,2936435,2897082],"stream_errors":0}
PCIE {"t_ms":1790544312507,"test":"bw","dir":"h2d","copy":"dma","bytes":16777216,"warm_ns":1578713,"ns":[1572636,1579526,1583565,1620287],"stream_errors":0}
PCIE {"t_ms":1790544312507,"test":"bw","dir":"d2h","copy":"staged","bytes":16777216,"warm_ns":3725764,"ns":[3296247,3413943,3230717,3404110],"stream_errors":0}
PCIE {"t_ms":1790544312507,"test":"bw","dir":"d2h","copy":"dma","bytes":16777216,"warm_ns":1509016,"ns":[1540031,1393353,1544018,1394287],"stream_errors":0}
PCIE {"t_ms":1790544312585,"test":"bw","dir":"h2d","copy":"staged","bytes":33554432,"warm_ns":6204114,"ns":[6202689,6319688,6194898],"stream_errors":0}
PCIE {"t_ms":1790544312585,"test":"bw","dir":"h2d","copy":"dma","bytes":33554432,"warm_ns":3102410,"ns":[3028493,2937064,3014071],"stream_errors":0}
PCIE {"t_ms":1790544312585,"test":"bw","dir":"d2h","copy":"staged","bytes":33554432,"warm_ns":7580509,"ns":[6521005,7457355,7589201],"stream_errors":0}
PCIE {"t_ms":1790544312585,"test":"bw","dir":"d2h","copy":"dma","bytes":33554432,"warm_ns":2801290,"ns":[2674141,2782959,3870383],"stream_errors":0}
PCIE {"t_ms":1790544312744,"test":"bw","dir":"h2d","copy":"staged","bytes":67108864,"warm_ns":12594091,"ns":[12721368,12657384,12823534],"stream_errors":0}
PCIE {"t_ms":1790544312744,"test":"bw","dir":"h2d","copy":"dma","bytes":67108864,"warm_ns":5701739,"ns":[5476018,5660641,5678618],"stream_errors":0}
PCIE {"t_ms":1790544312744,"test":"bw","dir":"d2h","copy":"staged","bytes":67108864,"warm_ns":14515560,"ns":[14104775,14501454,14154312],"stream_errors":0}
PCIE {"t_ms":1790544312744,"test":"bw","dir":"d2h","copy":"dma","bytes":67108864,"warm_ns":6855657,"ns":[6977300,7028992,7057048],"stream_errors":0}
PCIE {"t_ms":1790544313055,"test":"bw","dir":"h2d","copy":"staged","bytes":134217728,"warm_ns":25441673,"ns":[25495086,25373156,25352345],"stream_errors":0}
PCIE {"t_ms":1790544313055,"test":"bw","dir":"h2d","copy":"dma","bytes":134217728,"warm_ns":10899618,"ns":[10936544,10812317,10740756],"stream_errors":0}
PCIE {"t_ms":1790544313055,"test":"bw","dir":"d2h","copy":"staged","bytes":134217728,"warm_ns":28335753,"ns":[27975949,28249504,27969354],"stream_errors":0}
PCIE {"t_ms":1790544313055,"test":"bw","dir":"d2h","copy":"dma","bytes":134217728,"warm_ns":13268188,"ns":[13081781,13399735,13304368],"stream_errors":0}
PCIE {"t_ms":1790544313674,"test":"bw","dir":"h2d","copy":"staged","bytes":268435456,"warm_ns":51459733,"ns":[51648948,51793074,51626581],"stream_errors":0}
PCIE {"t_ms":1790544313674,"test":"bw","dir":"h2d","copy":"dma","bytes":268435456,"warm_ns":21281359,"ns":[21348481,21312116,21278626],"stream_errors":0}
PCIE {"t_ms":1790544313674,"test":"bw","dir":"d2h","copy":"staged","bytes":268435456,"warm_ns":56037149,"ns":[56101011,56080976,55889380],"stream_errors":0}
PCIE {"t_ms":1790544313674,"test":"bw","dir":"d2h","copy":"dma","bytes":268435456,"warm_ns":25719329,"ns":[25848098,25750627,25915424],"stream_errors":0}
PCIE {"t_ms":1790544313688,"test":"done","which":"bw","elapsed_s":2.050453}
