PCIE {"t_ms":1790544318969,"test":"open","open_ns":177718353,"link":[{"bdf":"0000:02:00.0","speed":"16.0 GT/s PCIe","width":"8","max_speed":"16.0 GT/s PCIe","max_width":"8","cma_allocated":"2057 MB"}]}
PCIE {"t_ms":1790544319099,"test":"conc","trial":0,"copy":"dma","cfg":"h2d","legs":1,"bytes_per_leg":134217728,"leg_ns":[22066024],"wall_ns":22068067,"stream_errors":0}
PCIE {"t_ms":1790544319111,"test":"conc","trial":0,"copy":"dma","cfg":"d2h","legs":1,"bytes_per_leg":134217728,"leg_ns":[12109235],"wall_ns":12110939,"stream_errors":0}
PCIE {"t_ms":1790544319134,"test":"conc","trial":0,"copy":"dma","cfg":"h2d+d2h","legs":2,"bytes_per_leg":134217728,"leg_ns":[22566497,12675646],"wall_ns":22568680,"stream_errors":0}
PCIE {"t_ms":1790544319179,"test":"conc","trial":0,"copy":"dma","cfg":"2xh2d","legs":2,"bytes_per_leg":134217728,"leg_ns":[44800482,44802116],"wall_ns":44803862,"stream_errors":0}
PCIE {"t_ms":1790544319205,"test":"conc","trial":0,"copy":"dma","cfg":"2xd2h","legs":2,"bytes_per_leg":134217728,"leg_ns":[26275217,26275545],"wall_ns":26277148,"stream_errors":0}
PCIE {"t_ms":1790544319216,"test":"conc","trial":0,"copy":"dma","cfg":"h2d/ser","legs":1,"bytes_per_leg":134217728,"leg_ns":[10799848],"wall_ns":10801590,"stream_errors":0}
PCIE {"t_ms":1790544319229,"test":"conc","trial":0,"copy":"dma","cfg":"d2h/ser","legs":1,"bytes_per_leg":134217728,"leg_ns":[13285373],"wall_ns":13287128,"stream_errors":0}
PCIE {"t_ms":1790544319245,"test":"conc","trial":0,"copy":"dma","cfg":"h2d+d2h/ser","legs":2,"bytes_per_leg":134217728,"leg_ns":[15918090,14674112],"wall_ns":15919783,"stream_errors":0}
PCIE {"t_ms":1790544319281,"test":"conc","trial":0,"copy":"staged","cfg":"h2d","legs":1,"bytes_per_leg":134217728,"leg_ns":[36109007],"wall_ns":36111263,"stream_errors":0}
PCIE {"t_ms":1790544319308,"test":"conc","trial":0,"copy":"staged","cfg":"d2h","legs":1,"bytes_per_leg":134217728,"leg_ns":[27137800],"wall_ns":27139613,"stream_errors":0}
PCIE {"t_ms":1790544319354,"test":"conc","trial":0,"copy":"staged","cfg":"h2d+d2h","legs":2,"bytes_per_leg":134217728,"leg_ns":[45800919,43081781],"wall_ns":45802871,"stream_errors":0}
PCIE {"t_ms":1790544319422,"test":"conc","trial":0,"copy":"staged","cfg":"2xh2d","legs":2,"bytes_per_leg":134217728,"leg_ns":[67842633,68430073],"wall_ns":68432564,"stream_errors":0}
PCIE {"t_ms":1790544319480,"test":"conc","trial":0,"copy":"staged","cfg":"2xd2h","legs":2,"bytes_per_leg":134217728,"leg_ns":[56448670,57132509],"wall_ns":57603540,"stream_errors":0}
PCIE {"t_ms":1790544319503,"test":"conc","trial":0,"copy":"staged","cfg":"h2d/ser","legs":1,"bytes_per_leg":134217728,"leg_ns":[23278546],"wall_ns":23280776,"stream_errors":0}
PCIE {"t_ms":1790544319529,"test":"conc","trial":0,"copy":"staged","cfg":"d2h/ser","legs":1,"bytes_per_leg":134217728,"leg_ns":[25877177],"wall_ns":25879048,"stream_errors":0}
PCIE {"t_ms":1790544319574,"test":"conc","trial":0,"copy":"staged","cfg":"h2d+d2h/ser","legs":2,"bytes_per_leg":134217728,"leg_ns":[44963057,38520986],"wall_ns":44965222,"stream_errors":0}
PCIE {"t_ms":1790544319596,"test":"conc","trial":1,"copy":"dma","cfg":"h2d","legs":1,"bytes_per_leg":134217728,"leg_ns":[22081103],"wall_ns":22082754,"stream_errors":0}
PCIE {"t_ms":1790544319608,"test":"conc","trial":1,"copy":"dma","cfg":"d2h","legs":1,"bytes_per_leg":134217728,"leg_ns":[12077904],"wall_ns":12086593,"stream_errors":0}
PCIE {"t_ms":1790544319631,"test":"conc","trial":1,"copy":"dma","cfg":"h2d+d2h","legs":2,"bytes_per_leg":134217728,"leg_ns":[22390568,12197554],"wall_ns":22392397,"stream_errors":0}
PCIE {"t_ms":1790544319676,"test":"conc","trial":1,"copy":"dma","cfg":"2xh2d","legs":2,"bytes_per_leg":134217728,"leg_ns":[44851815,44852176],"wall_ns":44853793,"stream_errors":0}
PCIE {"t_ms":1790544319702,"test":"conc","trial":1,"copy":"dma","cfg":"2xd2h","legs":2,"bytes_per_leg":134217728,"leg_ns":[25910462,25911064],"wall_ns":25912738,"stream_errors":0}
PCIE {"t_ms":1790544319712,"test":"conc","trial":1,"copy":"dma","cfg":"h2d/ser","legs":1,"bytes_per_leg":134217728,"leg_ns":[10723407],"wall_ns":10725071,"stream_errors":0}
PCIE {"t_ms":1790544319726,"test":"conc","trial":1,"copy":"dma","cfg":"d2h/ser","legs":1,"bytes_per_leg":134217728,"leg_ns":[13336774],"wall_ns":13338533,"stream_errors":0}
PCIE {"t_ms":1790544319742,"test":"conc","trial":1,"copy":"dma","cfg":"h2d+d2h/ser","legs":2,"bytes_per_leg":134217728,"leg_ns":[15926403,14720458],"wall_ns":15928129,"stream_errors":0}
PCIE {"t_ms":1790544319776,"test":"conc","trial":1,"copy":"staged","cfg":"h2d","legs":1,"bytes_per_leg":134217728,"leg_ns":[34709130],"wall_ns":34711337,"stream_errors":0}
PCIE {"t_ms":1790544319803,"test":"conc","trial":1,"copy":"staged","cfg":"d2h","legs":1,"bytes_per_leg":134217728,"leg_ns":[27232141],"wall_ns":27233863,"stream_errors":0}
PCIE {"t_ms":1790544319853,"test":"conc","trial":1,"copy":"staged","cfg":"h2d+d2h","legs":2,"bytes_per_leg":134217728,"leg_ns":[49402991,38415675],"wall_ns":49405439,"stream_errors":0}
PCIE {"t_ms":1790544319923,"test":"conc","trial":1,"copy":"staged","cfg":"2xh2d","legs":2,"bytes_per_leg":134217728,"leg_ns":[70371347,70371685],"wall_ns":70374242,"stream_errors":0}
PCIE {"t_ms":1790544319980,"test":"conc","trial":1,"copy":"staged","cfg":"2xd2h","legs":2,"bytes_per_leg":134217728,"leg_ns":[57118028,56444806],"wall_ns":57193672,"stream_errors":0}
PCIE {"t_ms":1790544320004,"test":"conc","trial":1,"copy":"staged","cfg":"h2d/ser","legs":1,"bytes_per_leg":134217728,"leg_ns":[23237566],"wall_ns":23239790,"stream_errors":0}
PCIE {"t_ms":1790544320030,"test":"conc","trial":1,"copy":"staged","cfg":"d2h/ser","legs":1,"bytes_per_leg":134217728,"leg_ns":[25880226],"wall_ns":25882062,"stream_errors":0}
PCIE {"t_ms":1790544320074,"test":"conc","trial":1,"copy":"staged","cfg":"h2d+d2h/ser","legs":2,"bytes_per_leg":134217728,"leg_ns":[44848188,38438793],"wall_ns":44850493,"stream_errors":0}
PCIE {"t_ms":1790544320096,"test":"conc","trial":2,"copy":"dma","cfg":"h2d","legs":1,"bytes_per_leg":134217728,"leg_ns":[21887045],"wall_ns":21888636,"stream_errors":0}
PCIE {"t_ms":1790544320108,"test":"conc","trial":2,"copy":"dma","cfg":"d2h","legs":1,"bytes_per_leg":134217728,"leg_ns":[12069023],"wall_ns":12070700,"stream_errors":0}
PCIE {"t_ms":1790544320131,"test":"conc","trial":2,"copy":"dma","cfg":"h2d+d2h","legs":2,"bytes_per_leg":134217728,"leg_ns":[22231454,12328060],"wall_ns":22233042,"stream_errors":0}
PCIE {"t_ms":1790544320176,"test":"conc","trial":2,"copy":"dma","cfg":"2xh2d","legs":2,"bytes_per_leg":134217728,"leg_ns":[44844876,44845254],"wall_ns":44846915,"stream_errors":0}
PCIE {"t_ms":1790544320201,"test":"conc","trial":2,"copy":"dma","cfg":"2xd2h","legs":2,"bytes_per_leg":134217728,"leg_ns":[25895833,25896559],"wall_ns":25898295,"stream_errors":0}
PCIE {"t_ms":1790544320212,"test":"conc","trial":2,"copy":"dma","cfg":"h2d/ser","legs":1,"bytes_per_leg":134217728,"leg_ns":[10688056],"wall_ns":10689654,"stream_errors":0}
PCIE {"t_ms":1790544320225,"test":"conc","trial":2,"copy":"dma","cfg":"d2h/ser","legs":1,"bytes_per_leg":134217728,"leg_ns":[13312128],"wall_ns":13313824,"stream_errors":0}
PCIE {"t_ms":1790544320241,"test":"conc","trial":2,"copy":"dma","cfg":"h2d+d2h/ser","legs":2,"bytes_per_leg":134217728,"leg_ns":[15961024,14753493],"wall_ns":15962707,"stream_errors":0}
PCIE {"t_ms":1790544320276,"test":"conc","trial":2,"copy":"staged","cfg":"h2d","legs":1,"bytes_per_leg":134217728,"leg_ns":[34816807],"wall_ns":34819184,"stream_errors":0}
PCIE {"t_ms":1790544320303,"test":"conc","trial":2,"copy":"staged","cfg":"d2h","legs":1,"bytes_per_leg":134217728,"leg_ns":[27212470],"wall_ns":27214294,"stream_errors":0}
PCIE {"t_ms":1790544320353,"test":"conc","trial":2,"copy":"staged","cfg":"h2d+d2h","legs":2,"bytes_per_leg":134217728,"leg_ns":[49656810,38238508],"wall_ns":49659006,"stream_errors":0}
PCIE {"t_ms":1790544320423,"test":"conc","trial":2,"copy":"staged","cfg":"2xh2d","legs":2,"bytes_per_leg":134217728,"leg_ns":[69840198,69883658],"wall_ns":69885849,"stream_errors":0}
PCIE {"t_ms":1790544320480,"test":"conc","trial":2,"copy":"staged","cfg":"2xd2h","legs":2,"bytes_per_leg":134217728,"leg_ns":[49469110,51548338],"wall_ns":56701548,"stream_errors":0}
PCIE {"t_ms":1790544320504,"test":"conc","trial":2,"copy":"staged","cfg":"h2d/ser","legs":1,"bytes_per_leg":134217728,"leg_ns":[24606811],"wall_ns":24610684,"stream_errors":0}
PCIE {"t_ms":1790544320530,"test":"conc","trial":2,"copy":"staged","cfg":"d2h/ser","legs":1,"bytes_per_leg":134217728,"leg_ns":[25697708],"wall_ns":25700864,"stream_errors":0}
PCIE {"t_ms":1790544320575,"test":"conc","trial":2,"copy":"staged","cfg":"h2d+d2h/ser","legs":2,"bytes_per_leg":134217728,"leg_ns":[44767981,38417526],"wall_ns":44771917,"stream_errors":0}
PCIE {"t_ms":1790544320582,"test":"done","which":"conc","elapsed_s":1.791565}
