2026-09-28T10:13:29 oh/run_queue.sh: aifoundry1 card 1, /home/yaroslavvb/nekko/tools/claims-v3/oh/schedule-aifoundry1-c1.txt: checks passed; exec queue.sh
2026-09-28T10:13:29 [aifoundry1-c1] queue starts: /home/yaroslavvb/nekko/tools/claims-v3/oh/schedule-aifoundry1-c1.txt
2026-09-28T10:13:31 [aifoundry1-c1] oh: PREREG 8d620b64dc60: 13 files and 9 binaries match
2026-09-28T10:13:32 [aifoundry1-c1] oh p201 begins (die 54 C) -> /home/yaroslavvb/nekko/build/claims-v3/aifoundry1-c1/oh/p201
Terminated
2026-09-28T10:33:49 [aifoundry1-c1] oh p201 failed (rc 143)
2026-09-28T10:34:09 [aifoundry1-c1] STOP file present: queue stops
2026-09-28T10:34:09 [aifoundry1-c1] queue ends: /home/yaroslavvb/nekko/tools/claims-v3/oh/schedule-aifoundry1-c1.txt
2026-09-28T10:39:17 oh/run_queue.sh: aifoundry1 card 1, /home/yaroslavvb/nekko/tools/claims-v3/oh/schedule-aifoundry1-c1.txt: checks passed; exec queue.sh
2026-09-28T10:39:17 [aifoundry1-c1] queue starts: /home/yaroslavvb/nekko/tools/claims-v3/oh/schedule-aifoundry1-c1.txt
2026-09-28T10:39:19 [aifoundry1-c1] oh: PREREG 067a32b41014: 13 files and 9 binaries match
2026-09-28T10:39:20 [aifoundry1-c1] oh p201 begins (die 54 C) -> /home/yaroslavvb/nekko/build/claims-v3/aifoundry1-c1/oh/p201
Terminated
2026-09-28T10:58:59 [aifoundry1-c1] oh p201 failed (rc 143)
2026-09-28T10:59:19 [aifoundry1-c1] STOP file present: queue stops
2026-09-28T10:59:19 [aifoundry1-c1] queue ends: /home/yaroslavvb/nekko/tools/claims-v3/oh/schedule-aifoundry1-c1.txt
2026-09-28T11:06:44 oh/run_queue.sh: aifoundry1 card 1, /home/yaroslavvb/nekko/tools/claims-v3/oh/schedule-aifoundry1-c1.txt: checks passed; exec queue.sh
2026-09-28T11:06:44 [aifoundry1-c1] queue starts: /home/yaroslavvb/nekko/tools/claims-v3/oh/schedule-aifoundry1-c1.txt
2026-09-28T11:06:46 [aifoundry1-c1] oh: PREREG 1b34d189b5d9: 13 files and 9 binaries match
2026-09-28T11:06:47 [aifoundry1-c1] oh p201 begins (die 54 C) -> /home/yaroslavvb/nekko/build/claims-v3/aifoundry1-c1/oh/p201
2026-09-28T11:43:22 [aifoundry1-c1] oh p201 ends: ok OH2 done
2026-09-28T11:44:44 [aifoundry1-c1] oh: PREREG 1b34d189b5d9: 13 files and 9 binaries match
2026-09-28T11:44:45 [aifoundry1-c1] oh p101 begins (die 55 C) -> /home/yaroslavvb/nekko/build/claims-v3/aifoundry1-c1/oh/p101
2026-09-28T11:51:00 [aifoundry1-c1] oh p101 ends: ok OH1 done
2026-09-28T11:51:51 [aifoundry1-c1] oh: PREREG 1b34d189b5d9: 13 files and 9 binaries match
2026-09-28T11:51:52 [aifoundry1-c1] oh p102 begins (die 56 C) -> /home/yaroslavvb/nekko/build/claims-v3/aifoundry1-c1/oh/p102
2026-09-28T11:57:56 [aifoundry1-c1] oh p102 ends: ok OH1 done
2026-09-28T11:58:16 [aifoundry1-c1] queue ends: /home/yaroslavvb/nekko/tools/claims-v3/oh/schedule-aifoundry1-c1.txt
