2026-09-28T10:13:26 oh/run_queue.sh: aifoundry3, /home/yaroslavvb/nekko/tools/claims-v3/oh/schedule-aifoundry3.txt: checks passed; exec queue.sh
2026-09-28T10:13:26 [aifoundry3] queue starts: /home/yaroslavvb/nekko/tools/claims-v3/oh/schedule-aifoundry3.txt
2026-09-28T10:13:27 [aifoundry3] oh: PREREG 8d620b64dc60: 13 files and 9 binaries match
2026-09-28T10:13:28 [aifoundry3] oh p201 begins (die 51 C) -> /home/yaroslavvb/nekko/build/claims-v3/aifoundry3/oh/p201
Terminated
2026-09-28T10:33:48 [aifoundry3] oh p201 failed (rc 143)
2026-09-28T10:34:08 [aifoundry3] STOP file present: queue stops
2026-09-28T10:34:08 [aifoundry3] queue ends: /home/yaroslavvb/nekko/tools/claims-v3/oh/schedule-aifoundry3.txt
2026-09-28T10:39:14 oh/run_queue.sh: aifoundry3, /home/yaroslavvb/nekko/tools/claims-v3/oh/schedule-aifoundry3.txt: checks passed; exec queue.sh
2026-09-28T10:39:14 [aifoundry3] queue starts: /home/yaroslavvb/nekko/tools/claims-v3/oh/schedule-aifoundry3.txt
2026-09-28T10:39:14 [aifoundry3] oh: PREREG 067a32b41014: 13 files and 9 binaries match
2026-09-28T10:39:15 [aifoundry3] oh p201 begins (die 53 C) -> /home/yaroslavvb/nekko/build/claims-v3/aifoundry3/oh/p201
Terminated
2026-09-28T10:58:58 [aifoundry3] oh p201 failed (rc 143)
2026-09-28T10:59:18 [aifoundry3] STOP file present: queue stops
2026-09-28T10:59:18 [aifoundry3] queue ends: /home/yaroslavvb/nekko/tools/claims-v3/oh/schedule-aifoundry3.txt
2026-09-28T11:06:41 oh/run_queue.sh: aifoundry3, /home/yaroslavvb/nekko/tools/claims-v3/oh/schedule-aifoundry3.txt: checks passed; exec queue.sh
2026-09-28T11:06:41 [aifoundry3] queue starts: /home/yaroslavvb/nekko/tools/claims-v3/oh/schedule-aifoundry3.txt
2026-09-28T11:06:41 [aifoundry3] oh: PREREG 1b34d189b5d9: 13 files and 9 binaries match
2026-09-28T11:06:42 [aifoundry3] oh p201 begins (die 52 C) -> /home/yaroslavvb/nekko/build/claims-v3/aifoundry3/oh/p201
2026-09-28T11:39:36 [aifoundry3] oh p201 ends: ok OH2 done
2026-09-28T11:40:57 [aifoundry3] oh: PREREG 1b34d189b5d9: 13 files and 9 binaries match
2026-09-28T11:40:58 [aifoundry3] oh p101 begins (die 53 C) -> /home/yaroslavvb/nekko/build/claims-v3/aifoundry3/oh/p101
2026-09-28T11:48:38 [aifoundry3] oh p101 ends: ok OH1 done
2026-09-28T11:49:29 [aifoundry3] oh: PREREG 1b34d189b5d9: 13 files and 9 binaries match
2026-09-28T11:49:30 [aifoundry3] oh p102 begins (die 55 C) -> /home/yaroslavvb/nekko/build/claims-v3/aifoundry3/oh/p102
2026-09-28T11:56:58 [aifoundry3] oh p102 ends: ok OH1 done
2026-09-28T11:57:48 [aifoundry3] oh: PREREG 1b34d189b5d9: 13 files and 9 binaries match
2026-09-28T11:57:49 [aifoundry3] oh p103 begins (die 55 C) -> /home/yaroslavvb/nekko/build/claims-v3/aifoundry3/oh/p103
2026-09-28T12:04:52 [aifoundry3] oh p103 ends: ok OH1 done
2026-09-28T12:05:12 [aifoundry3] queue ends: /home/yaroslavvb/nekko/tools/claims-v3/oh/schedule-aifoundry3.txt
