PCIE {"t_ms":1790544298777,"test":"open","open_ns":136077770,"link":[{"bdf":"0000:02:00.0","speed":"16.0 GT/s PCIe","width":"8","max_speed":"16.0 GT/s PCIe","max_width":"8","cma_allocated":"2057 MB"}]}
PCIE {"t_ms":1790544299008,"test":"verify","bytes":1048576,"equal":true}
PCIE {"t_ms":1790544299027,"test":"bw","dir":"h2d","copy":"staged","bytes":4096,"warm_ns":583415,"ns":[188065,576124,202123,102370,98482,113439,198650,122724,103550,103009,103327,103096,119828,201181,118465,103081,118008,573824,105020,121147],"stream_errors":0}
PCIE {"t_ms":1790544299027,"test":"bw","dir":"h2d","copy":"dma","bytes":4096,"warm_ns":179833,"ns":[603828,104686,581314,571279,217243,100869,102364,103079,102312,118749,168458,118539,575924,118266,101838,118477,101233,103410,118558,200679],"stream_errors":0}
PCIE {"t_ms":1790544299027,"test":"bw","dir":"d2h","copy":"staged","bytes":4096,"warm_ns":662269,"ns":[626950,133188,588922,105206,588228,131769,131642,131907,585265,136543,134166,130561,110405,119327,113995,124742,114595,139329,112697,121029],"stream_errors":0}
PCIE {"t_ms":1790544299027,"test":"bw","dir":"d2h","copy":"dma","bytes":4096,"warm_ns":650915,"ns":[274193,112980,129805,118312,587046,132640,124414,129940,195349,109166,114646,112821,136532,132480,130273,115352,129876,108565,114553,129637],"stream_errors":0}
PCIE {"t_ms":1790544299043,"test":"bw","dir":"h2d","copy":"staged","bytes":8192,"warm_ns":201883,"ns":[118106,200689,204777,202181,106623,118513,117644,203374,125271,101533,104093,119781,103584,124690,132607,576235,574990,578540,571276,106552],"stream_errors":0}
PCIE {"t_ms":1790544299043,"test":"bw","dir":"h2d","copy":"dma","bytes":8192,"warm_ns":117514,"ns":[205393,102730,101790,101646,201818,101608,191322,103019,119063,118911,574347,101125,118115,103599,208373,112392,198403,200670,105122,102052],"stream_errors":0}
PCIE {"t_ms":1790544299043,"test":"bw","dir":"d2h","copy":"staged","bytes":8192,"warm_ns":134973,"ns":[114059,594736,135955,135031,129360,131721,130807,140664,136449,131815,120906,113354,109868,113348,132986,595640,125756,588874,201850,109129],"stream_errors":0}
PCIE {"t_ms":1790544299043,"test":"bw","dir":"d2h","copy":"dma","bytes":8192,"warm_ns":108762,"ns":[130249,115286,131388,131358,133706,129860,115526,115454,111401,114931,109070,132313,137628,133392,245994,213948,109489,123096,594115,587946],"stream_errors":0}
PCIE {"t_ms":1790544299073,"test":"bw","dir":"h2d","copy":"staged","bytes":16384,"warm_ns":556680,"ns":[164411,105891,96942,201816,576730,203910,573402,106003,186215,569511,571599,99349,570889,101001,106790,569833,199537,107630,545929,574394],"stream_errors":0}
PCIE {"t_ms":1790544299073,"test":"bw","dir":"h2d","copy":"dma","bytes":16384,"warm_ns":572637,"ns":[106036,570006,572437,206540,107255,575893,106214,108450,571758,107829,98333,573769,105520,573735,573190,197098,105949,569255,105348,97332],"stream_errors":0}
PCIE {"t_ms":1790544299073,"test":"bw","dir":"d2h","copy":"staged","bytes":16384,"warm_ns":574757,"ns":[584695,595508,592132,594793,132700,119351,574084,583534,590660,593669,592277,124503,593816,590390,602108,596695,594365,595702,110080,587722],"stream_errors":0}
PCIE {"t_ms":1790544299073,"test":"bw","dir":"d2h","copy":"dma","bytes":16384,"warm_ns":120195,"ns":[111151,107551,602667,110733,601769,108889,114427,586273,111932,111907,592177,112216,111641,591908,111884,118860,109426,583662,591330,123661],"stream_errors":0}
PCIE {"t_ms":1790544299095,"test":"bw","dir":"h2d","copy":"staged","bytes":32768,"warm_ns":184120,"ns":[571652,202436,202448,101672,573895,570137,205130,578682,110641,123340,111115,122989,101656,125067,576883,110520,542016,105732,573483,106058],"stream_errors":0}
PCIE {"t_ms":1790544299095,"test":"bw","dir":"h2d","copy":"dma","bytes":32768,"warm_ns":574144,"ns":[106017,99319,101650,104741,97814,573248,216525,108931,110889,109074,103171,103153,125122,103367,111417,122290,202526,105989,104851,200929],"stream_errors":0}
PCIE {"t_ms":1790544299095,"test":"bw","dir":"d2h","copy":"staged","bytes":32768,"warm_ns":588230,"ns":[109973,141109,594877,113440,130196,134087,595154,144284,134338,133902,110136,144417,127567,110874,145575,108557,127601,586446,588593,111913],"stream_errors":0}
PCIE {"t_ms":1790544299095,"test":"bw","dir":"d2h","copy":"dma","bytes":32768,"warm_ns":121469,"ns":[591991,600859,593120,592919,583292,589410,226930,112023,131076,140982,143486,140657,134528,123857,585047,598919,108848,587696,598109,567038],"stream_errors":0}
PCIE {"t_ms":1790544299123,"test":"bw","dir":"h2d","copy":"staged","bytes":65536,"warm_ns":550127,"ns":[216581,203356,206471,211990,208293,209096,210351,196890,573422,182140,572540,572383,197461,573284,176983,572665,209423,210440,572440,207213],"stream_errors":0}
PCIE {"t_ms":1790544299123,"test":"bw","dir":"h2d","copy":"dma","bytes":65536,"warm_ns":584482,"ns":[574991,205172,121377,111898,192975,201700,199056,570104,105995,571653,196568,100065,196465,202756,204355,117938,207818,571302,569504,569083],"stream_errors":0}
PCIE {"t_ms":1790544299123,"test":"bw","dir":"d2h","copy":"staged","bytes":65536,"warm_ns":135236,"ns":[112274,598660,600928,135647,110390,136864,591324,588865,594619,586994,121235,598760,111899,553755,599457,127684,585417,109851,124899,110441],"stream_errors":0}
PCIE {"t_ms":1790544299123,"test":"bw","dir":"d2h","copy":"dma","bytes":65536,"warm_ns":122820,"ns":[595455,141626,119451,107594,138644,586067,583806,119643,176764,114259,587124,584770,589601,585648,105693,583859,106523,590588,582928,591616],"stream_errors":0}
PCIE {"t_ms":1790544299154,"test":"bw","dir":"h2d","copy":"staged","bytes":131072,"warm_ns":186627,"ns":[192633,570174,212772,191299,554900,172047,196611,572728,570829,571183,571491,200198,572598,209583,572435,204793,201284,220139,200799,205749],"stream_errors":0}
PCIE {"t_ms":1790544299154,"test":"bw","dir":"h2d","copy":"dma","bytes":131072,"warm_ns":573455,"ns":[192825,574096,567391,204289,198248,572682,569404,191908,197380,176769,575020,196146,191850,570101,191337,203706,207830,120028,155362,570273],"stream_errors":0}
PCIE {"t_ms":1790544299154,"test":"bw","dir":"d2h","copy":"staged","bytes":131072,"warm_ns":587358,"ns":[114204,588674,600088,112888,597734,236267,597071,126098,593319,123385,127476,599359,125382,598160,125037,588411,600235,593457,601717,549425],"stream_errors":0}
PCIE {"t_ms":1790544299154,"test":"bw","dir":"d2h","copy":"dma","bytes":131072,"warm_ns":116695,"ns":[590041,116879,107791,594019,590459,211683,591012,109764,591510,213746,587062,591756,207053,203532,586064,585079,132202,112165,589547,201189],"stream_errors":0}
PCIE {"t_ms":1790544299184,"test":"bw","dir":"h2d","copy":"staged","bytes":262144,"warm_ns":177167,"ns":[201275,192960,184760,567747,574415,570233,570875,200059,567411,199681,564812,193153,209642,200863,571721,568413,218465,207498,182075,204696],"stream_errors":0}
PCIE {"t_ms":1790544299184,"test":"bw","dir":"h2d","copy":"dma","bytes":262144,"warm_ns":571058,"ns":[117985,202075,570621,192301,571914,155327,569989,205206,192573,569203,185646,205983,567893,570889,199207,196983,196271,568284,580424,195222],"stream_errors":0}
PCIE {"t_ms":1790544299184,"test":"bw","dir":"d2h","copy":"staged","bytes":262144,"warm_ns":595231,"ns":[595781,225129,132298,225923,598995,136281,595937,220140,224804,601475,236973,596717,603359,594251,595060,601653,211622,560078,207657,209212],"stream_errors":0}
PCIE {"t_ms":1790544299184,"test":"bw","dir":"d2h","copy":"dma","bytes":262144,"warm_ns":213510,"ns":[214086,141914,582862,591520,211279,209255,213296,134969,592736,590058,192122,581246,196938,211310,211215,591144,591578,209667,130790,585592],"stream_errors":0}
PCIE {"t_ms":1790544299212,"test":"bw","dir":"h2d","copy":"staged","bytes":524288,"warm_ns":555403,"ns":[196952,213641,171291,201765,571400,205312,570478,177169,205232,204879,571966,171668,204195,569800,221229,204806,221160,559137,205523,205541],"stream_errors":0}
PCIE {"t_ms":1790544299212,"test":"bw","dir":"h2d","copy":"dma","bytes":524288,"warm_ns":570735,"ns":[198386,174272,572880,571008,176174,200566,221462,204927,568400,169720,204278,211926,175651,204260,176360,562515,199160,172933,200433,569559],"stream_errors":0}
PCIE {"t_ms":1790544299212,"test":"bw","dir":"d2h","copy":"staged","bytes":524288,"warm_ns":570534,"ns":[616422,261342,270331,230680,613195,232599,231822,213415,617593,624103,268402,219879,614076,272291,603990,617750,214138,615585,267408,598873],"stream_errors":0}
PCIE {"t_ms":1790544299212,"test":"bw","dir":"d2h","copy":"dma","bytes":524288,"warm_ns":196134,"ns":[583517,181065,238303,193397,239339,186337,584070,583227,185841,584846,235736,596964,239732,185971,577998,212236,189198,227301,186312,187053],"stream_errors":0}
PCIE {"t_ms":1790544299246,"test":"bw","dir":"h2d","copy":"staged","bytes":1048576,"warm_ns":543477,"ns":[326629,308881,573810,301936,312020,245894,568196,574522,241892,301002,301086,308104,571675,570413,572467,303557,300922,243056,570243,571069],"stream_errors":0}
PCIE {"t_ms":1790544299247,"test":"bw","dir":"h2d","copy":"dma","bytes":1048576,"warm_ns":220950,"ns":[202571,226008,220971,572116,253255,203320,203811,242945,569876,571281,574416,244302,252076,196741,245270,248906,549858,244938,193451,196321],"stream_errors":0}
PCIE {"t_ms":1790544299247,"test":"bw","dir":"d2h","copy":"staged","bytes":1048576,"warm_ns":645419,"ns":[280817,337892,644188,278204,637234,647148,650251,341719,280841,643608,609005,643971,253929,654155,280005,642830,649247,638964,284075,315709],"stream_errors":0}
PCIE {"t_ms":1790544299247,"test":"bw","dir":"d2h","copy":"dma","bytes":1048576,"warm_ns":251937,"ns":[583473,611502,269534,236626,587079,587116,585023,257936,582726,269500,271126,585984,242068,234691,592225,589207,241817,590347,582464,265927],"stream_errors":0}
PCIE {"t_ms":1790544299285,"test":"bw","dir":"h2d","copy":"staged","bytes":2097152,"warm_ns":557987,"ns":[418776,574505,431084,394345,391434,573649,408767,431048,406707,420586,409746,570134,572690,573054,571303,413382,416094,384521,397765,430824],"stream_errors":0}
PCIE {"t_ms":1790544299285,"test":"bw","dir":"h2d","copy":"dma","bytes":2097152,"warm_ns":324548,"ns":[279664,291402,355682,305753,570647,323125,287619,572157,294820,278679,325142,569965,311589,371322,299666,571735,570371,569398,302176,281730],"stream_errors":0}
PCIE {"t_ms":1790544299285,"test":"bw","dir":"d2h","copy":"staged","bytes":2097152,"warm_ns":705779,"ns":[494007,436998,453253,703260,445744,713369,441275,708152,469985,470027,720573,711304,468957,419703,421513,468083,714005,707941,438797,441829],"stream_errors":0}
PCIE {"t_ms":1790544299285,"test":"bw","dir":"d2h","copy":"dma","bytes":2097152,"warm_ns":308325,"ns":[317448,339450,341186,586733,590066,303309,591768,316429,596112,598374,293631,303477,315012,591761,585738,295544,295875,309275,318461,587537],"stream_errors":0}
PCIE {"t_ms":1790544299329,"test":"bw","dir":"h2d","copy":"staged","bytes":4194304,"warm_ns":755639,"ns":[665601,724359,628854,680155,672433,721219,714414,746151,709789,756167,728934,666208,774666,663546,718668,712123],"stream_errors":0}
PCIE {"t_ms":1790544299329,"test":"bw","dir":"h2d","copy":"dma","bytes":4194304,"warm_ns":570477,"ns":[526962,529857,510131,521934,572189,506120,532521,581680,607341,603953,563919,620873,505856,562465,566060,515762],"stream_errors":0}
PCIE {"t_ms":1790544299329,"test":"bw","dir":"d2h","copy":"staged","bytes":4194304,"warm_ns":845348,"ns":[693158,689105,841354,843837,877412,693469,694191,837373,713556,802432,712098,864401,804945,842837,840147,890715],"stream_errors":0}
PCIE {"t_ms":1790544299329,"test":"bw","dir":"d2h","copy":"dma","bytes":4194304,"warm_ns":480611,"ns":[484105,585663,485819,580690,449750,608147,586491,503233,587068,657726,586462,446645,581474,422288,636610,604491],"stream_errors":0}
PCIE {"t_ms":1790544299367,"test":"bw","dir":"h2d","copy":"staged","bytes":8388608,"warm_ns":1344334,"ns":[1254196,1264416,1219306,1225584,1210061,1275476,1289588,1281536],"stream_errors":0}
PCIE {"t_ms":1790544299367,"test":"bw","dir":"h2d","copy":"dma","bytes":8388608,"warm_ns":875081,"ns":[881376,929058,880885,885660,929906,841969,855246,862813],"stream_errors":0}
PCIE {"t_ms":1790544299367,"test":"bw","dir":"d2h","copy":"staged","bytes":8388608,"warm_ns":1367551,"ns":[1333645,1326287,1278794,1306939,1361956,1328592,1278481,1270595],"stream_errors":0}
PCIE {"t_ms":1790544299367,"test":"bw","dir":"d2h","copy":"dma","bytes":8388608,"warm_ns":877105,"ns":[791223,751370,754210,796750,814979,843103,856010,775584],"stream_errors":0}
PCIE {"t_ms":1790544299408,"test":"bw","dir":"h2d","copy":"staged","bytes":16777216,"warm_ns":2613128,"ns":[2866793,2506410,2554776,2557455],"stream_errors":0}
PCIE {"t_ms":1790544299408,"test":"bw","dir":"h2d","copy":"dma","bytes":16777216,"warm_ns":1559606,"ns":[1585661,1510216,1586916,1538181],"stream_errors":0}
PCIE {"t_ms":1790544299408,"test":"bw","dir":"d2h","copy":"staged","bytes":16777216,"warm_ns":2706010,"ns":[2515141,2325878,2365919,2411498],"stream_errors":0}
PCIE {"t_ms":1790544299408,"test":"bw","dir":"d2h","copy":"dma","bytes":16777216,"warm_ns":1452233,"ns":[1428754,1406144,1378148,1477444],"stream_errors":0}
PCIE {"t_ms":1790544299474,"test":"bw","dir":"h2d","copy":"staged","bytes":33554432,"warm_ns":5210966,"ns":[4873317,4906309,4914055],"stream_errors":0}
PCIE {"t_ms":1790544299474,"test":"bw","dir":"h2d","copy":"dma","bytes":33554432,"warm_ns":2922491,"ns":[2877867,2990678,3032307],"stream_errors":0}
PCIE {"t_ms":1790544299474,"test":"bw","dir":"d2h","copy":"staged","bytes":33554432,"warm_ns":5689875,"ns":[4645522,5691329,5833680],"stream_errors":0}
PCIE {"t_ms":1790544299474,"test":"bw","dir":"d2h","copy":"dma","bytes":33554432,"warm_ns":2778296,"ns":[2730542,2763256,3860812],"stream_errors":0}
PCIE {"t_ms":1790544299605,"test":"bw","dir":"h2d","copy":"staged","bytes":67108864,"warm_ns":10450129,"ns":[9588237,9537734,9611350],"stream_errors":0}
PCIE {"t_ms":1790544299605,"test":"bw","dir":"h2d","copy":"dma","bytes":67108864,"warm_ns":5601471,"ns":[5628730,5749249,5689956],"stream_errors":0}
PCIE {"t_ms":1790544299605,"test":"bw","dir":"d2h","copy":"staged","bytes":67108864,"warm_ns":10875511,"ns":[10351413,10872140,10293946],"stream_errors":0}
PCIE {"t_ms":1790544299605,"test":"bw","dir":"d2h","copy":"dma","bytes":67108864,"warm_ns":6680258,"ns":[6926698,6916138,6835598],"stream_errors":0}
PCIE {"t_ms":1790544299861,"test":"bw","dir":"h2d","copy":"staged","bytes":134217728,"warm_ns":20434364,"ns":[18860693,18721041,18826727],"stream_errors":0}
PCIE {"t_ms":1790544299861,"test":"bw","dir":"h2d","copy":"dma","bytes":134217728,"warm_ns":11014155,"ns":[11052828,10940746,10838946],"stream_errors":0}
PCIE {"t_ms":1790544299861,"test":"bw","dir":"d2h","copy":"staged","bytes":134217728,"warm_ns":20804412,"ns":[20507235,20858652,20687719],"stream_errors":0}
PCIE {"t_ms":1790544299861,"test":"bw","dir":"d2h","copy":"dma","bytes":134217728,"warm_ns":12968207,"ns":[12980754,13121734,13180016],"stream_errors":0}
PCIE {"t_ms":1790544300363,"test":"bw","dir":"h2d","copy":"staged","bytes":268435456,"warm_ns":38782689,"ns":[37144670,37056974,37497574],"stream_errors":0}
PCIE {"t_ms":1790544300363,"test":"bw","dir":"h2d","copy":"dma","bytes":268435456,"warm_ns":21657982,"ns":[21496690,21574989,21593485],"stream_errors":0}
PCIE {"t_ms":1790544300363,"test":"bw","dir":"d2h","copy":"staged","bytes":268435456,"warm_ns":41066600,"ns":[40740139,41208945,40983089],"stream_errors":0}
PCIE {"t_ms":1790544300363,"test":"bw","dir":"d2h","copy":"dma","bytes":268435456,"warm_ns":25205802,"ns":[25526155,25239111,25609014],"stream_errors":0}
PCIE {"t_ms":1790544300382,"test":"done","which":"bw","elapsed_s":1.740442}
