PCIE {"t_ms":1790544305451,"test":"open","open_ns":136814771,"link":[{"bdf":"0000:02:00.0","speed":"16.0 GT/s PCIe","width":"8","max_speed":"16.0 GT/s PCIe","max_width":"8","cma_allocated":"2057 MB"}]}
PCIE {"t_ms":1790544305590,"test":"conc","trial":0,"copy":"dma","cfg":"h2d","legs":1,"bytes_per_leg":134217728,"leg_ns":[22067846],"wall_ns":22085832,"stream_errors":0}
PCIE {"t_ms":1790544305602,"test":"conc","trial":0,"copy":"dma","cfg":"d2h","legs":1,"bytes_per_leg":134217728,"leg_ns":[12054570],"wall_ns":12071175,"stream_errors":0}
PCIE {"t_ms":1790544305624,"test":"conc","trial":0,"copy":"dma","cfg":"h2d+d2h","legs":2,"bytes_per_leg":134217728,"leg_ns":[22186823,12220691],"wall_ns":22200946,"stream_errors":0}
PCIE {"t_ms":1790544305669,"test":"conc","trial":0,"copy":"dma","cfg":"2xh2d","legs":2,"bytes_per_leg":134217728,"leg_ns":[44948626,44987352],"wall_ns":45001785,"stream_errors":0}
PCIE {"t_ms":1790544305695,"test":"conc","trial":0,"copy":"dma","cfg":"2xd2h","legs":2,"bytes_per_leg":134217728,"leg_ns":[25906622,25923711],"wall_ns":25950438,"stream_errors":0}
PCIE {"t_ms":1790544305706,"test":"conc","trial":0,"copy":"dma","cfg":"h2d/ser","legs":1,"bytes_per_leg":134217728,"leg_ns":[10792472],"wall_ns":10806495,"stream_errors":0}
PCIE {"t_ms":1790544305719,"test":"conc","trial":0,"copy":"dma","cfg":"d2h/ser","legs":1,"bytes_per_leg":134217728,"leg_ns":[13057239],"wall_ns":13083000,"stream_errors":0}
PCIE {"t_ms":1790544305735,"test":"conc","trial":0,"copy":"dma","cfg":"h2d+d2h/ser","legs":2,"bytes_per_leg":134217728,"leg_ns":[15779247,14574220],"wall_ns":15793288,"stream_errors":0}
PCIE {"t_ms":1790544305764,"test":"conc","trial":0,"copy":"staged","cfg":"h2d","legs":1,"bytes_per_leg":134217728,"leg_ns":[29389753],"wall_ns":29406093,"stream_errors":0}
PCIE {"t_ms":1790544305784,"test":"conc","trial":0,"copy":"staged","cfg":"d2h","legs":1,"bytes_per_leg":134217728,"leg_ns":[19924536],"wall_ns":19939599,"stream_errors":0}
PCIE {"t_ms":1790544305812,"test":"conc","trial":0,"copy":"staged","cfg":"h2d+d2h","legs":2,"bytes_per_leg":134217728,"leg_ns":[28165923,22651126],"wall_ns":28181667,"stream_errors":0}
PCIE {"t_ms":1790544305868,"test":"conc","trial":0,"copy":"staged","cfg":"2xh2d","legs":2,"bytes_per_leg":134217728,"leg_ns":[55381768,55710140],"wall_ns":55726637,"stream_errors":0}
PCIE {"t_ms":1790544305910,"test":"conc","trial":0,"copy":"staged","cfg":"2xd2h","legs":2,"bytes_per_leg":134217728,"leg_ns":[41841250,38537337],"wall_ns":41872485,"stream_errors":0}
PCIE {"t_ms":1790544305927,"test":"conc","trial":0,"copy":"staged","cfg":"h2d/ser","legs":1,"bytes_per_leg":134217728,"leg_ns":[17573071],"wall_ns":17589928,"stream_errors":0}
PCIE {"t_ms":1790544305944,"test":"conc","trial":0,"copy":"staged","cfg":"d2h/ser","legs":1,"bytes_per_leg":134217728,"leg_ns":[16926558],"wall_ns":16941307,"stream_errors":0}
PCIE {"t_ms":1790544305970,"test":"conc","trial":0,"copy":"staged","cfg":"h2d+d2h/ser","legs":2,"bytes_per_leg":134217728,"leg_ns":[25641965,20636244],"wall_ns":25659021,"stream_errors":0}
PCIE {"t_ms":1790544305992,"test":"conc","trial":1,"copy":"dma","cfg":"h2d","legs":1,"bytes_per_leg":134217728,"leg_ns":[22066170],"wall_ns":22080201,"stream_errors":0}
PCIE {"t_ms":1790544306004,"test":"conc","trial":1,"copy":"dma","cfg":"d2h","legs":1,"bytes_per_leg":134217728,"leg_ns":[12116366],"wall_ns":12130479,"stream_errors":0}
PCIE {"t_ms":1790544306027,"test":"conc","trial":1,"copy":"dma","cfg":"h2d+d2h","legs":2,"bytes_per_leg":134217728,"leg_ns":[22215859,12214097],"wall_ns":22230327,"stream_errors":0}
PCIE {"t_ms":1790544306071,"test":"conc","trial":1,"copy":"dma","cfg":"2xh2d","legs":2,"bytes_per_leg":134217728,"leg_ns":[44791814,44793860],"wall_ns":44808364,"stream_errors":0}
PCIE {"t_ms":1790544306097,"test":"conc","trial":1,"copy":"dma","cfg":"2xd2h","legs":2,"bytes_per_leg":134217728,"leg_ns":[25734323,25730079],"wall_ns":25748788,"stream_errors":0}
PCIE {"t_ms":1790544306108,"test":"conc","trial":1,"copy":"dma","cfg":"h2d/ser","legs":1,"bytes_per_leg":134217728,"leg_ns":[10822925],"wall_ns":10836656,"stream_errors":0}
PCIE {"t_ms":1790544306121,"test":"conc","trial":1,"copy":"dma","cfg":"d2h/ser","legs":1,"bytes_per_leg":134217728,"leg_ns":[12943510],"wall_ns":12958320,"stream_errors":0}
PCIE {"t_ms":1790544306137,"test":"conc","trial":1,"copy":"dma","cfg":"h2d+d2h/ser","legs":2,"bytes_per_leg":134217728,"leg_ns":[15755553,14479246],"wall_ns":15769189,"stream_errors":0}
PCIE {"t_ms":1790544306165,"test":"conc","trial":1,"copy":"staged","cfg":"h2d","legs":1,"bytes_per_leg":134217728,"leg_ns":[28546151],"wall_ns":28570468,"stream_errors":0}
PCIE {"t_ms":1790544306185,"test":"conc","trial":1,"copy":"staged","cfg":"d2h","legs":1,"bytes_per_leg":134217728,"leg_ns":[19627394],"wall_ns":19785516,"stream_errors":0}
PCIE {"t_ms":1790544306217,"test":"conc","trial":1,"copy":"staged","cfg":"h2d+d2h","legs":2,"bytes_per_leg":134217728,"leg_ns":[31954135,22046411],"wall_ns":31971686,"stream_errors":0}
PCIE {"t_ms":1790544306275,"test":"conc","trial":1,"copy":"staged","cfg":"2xh2d","legs":2,"bytes_per_leg":134217728,"leg_ns":[57510962,57523645],"wall_ns":57540535,"stream_errors":0}
PCIE {"t_ms":1790544306317,"test":"conc","trial":1,"copy":"staged","cfg":"2xd2h","legs":2,"bytes_per_leg":134217728,"leg_ns":[42241526,42245729],"wall_ns":42270416,"stream_errors":0}
PCIE {"t_ms":1790544306334,"test":"conc","trial":1,"copy":"staged","cfg":"h2d/ser","legs":1,"bytes_per_leg":134217728,"leg_ns":[17293052],"wall_ns":17325845,"stream_errors":0}
PCIE {"t_ms":1790544306352,"test":"conc","trial":1,"copy":"staged","cfg":"d2h/ser","legs":1,"bytes_per_leg":134217728,"leg_ns":[17263095],"wall_ns":17280276,"stream_errors":0}
PCIE {"t_ms":1790544306377,"test":"conc","trial":1,"copy":"staged","cfg":"h2d+d2h/ser","legs":2,"bytes_per_leg":134217728,"leg_ns":[25725942,21172153],"wall_ns":25744991,"stream_errors":0}
PCIE {"t_ms":1790544306399,"test":"conc","trial":2,"copy":"dma","cfg":"h2d","legs":1,"bytes_per_leg":134217728,"leg_ns":[21855135],"wall_ns":21874677,"stream_errors":0}
PCIE {"t_ms":1790544306411,"test":"conc","trial":2,"copy":"dma","cfg":"d2h","legs":1,"bytes_per_leg":134217728,"leg_ns":[12060687],"wall_ns":12074746,"stream_errors":0}
PCIE {"t_ms":1790544306434,"test":"conc","trial":2,"copy":"dma","cfg":"h2d+d2h","legs":2,"bytes_per_leg":134217728,"leg_ns":[22222272,12186512],"wall_ns":22248347,"stream_errors":0}
PCIE {"t_ms":1790544306479,"test":"conc","trial":2,"copy":"dma","cfg":"2xh2d","legs":2,"bytes_per_leg":134217728,"leg_ns":[45019429,45024624],"wall_ns":45044572,"stream_errors":0}
PCIE {"t_ms":1790544306505,"test":"conc","trial":2,"copy":"dma","cfg":"2xd2h","legs":2,"bytes_per_leg":134217728,"leg_ns":[26019674,26024363],"wall_ns":26043699,"stream_errors":0}
PCIE {"t_ms":1790544306516,"test":"conc","trial":2,"copy":"dma","cfg":"h2d/ser","legs":1,"bytes_per_leg":134217728,"leg_ns":[11135101],"wall_ns":11167052,"stream_errors":0}
PCIE {"t_ms":1790544306529,"test":"conc","trial":2,"copy":"dma","cfg":"d2h/ser","legs":1,"bytes_per_leg":134217728,"leg_ns":[13185643],"wall_ns":13204240,"stream_errors":0}
PCIE {"t_ms":1790544306545,"test":"conc","trial":2,"copy":"dma","cfg":"h2d+d2h/ser","legs":2,"bytes_per_leg":134217728,"leg_ns":[16069734,14712604],"wall_ns":16090044,"stream_errors":0}
PCIE {"t_ms":1790544306576,"test":"conc","trial":2,"copy":"staged","cfg":"h2d","legs":1,"bytes_per_leg":134217728,"leg_ns":[30525042],"wall_ns":30550105,"stream_errors":0}
PCIE {"t_ms":1790544306596,"test":"conc","trial":2,"copy":"staged","cfg":"d2h","legs":1,"bytes_per_leg":134217728,"leg_ns":[20434270],"wall_ns":20452682,"stream_errors":0}
PCIE {"t_ms":1790544306630,"test":"conc","trial":2,"copy":"staged","cfg":"h2d+d2h","legs":2,"bytes_per_leg":134217728,"leg_ns":[33428756,23644478],"wall_ns":33448253,"stream_errors":0}
PCIE {"t_ms":1790544306689,"test":"conc","trial":2,"copy":"staged","cfg":"2xh2d","legs":2,"bytes_per_leg":134217728,"leg_ns":[59211653,59227509],"wall_ns":59249096,"stream_errors":0}
PCIE {"t_ms":1790544306731,"test":"conc","trial":2,"copy":"staged","cfg":"2xd2h","legs":2,"bytes_per_leg":134217728,"leg_ns":[41790782,41717356],"wall_ns":42221439,"stream_errors":0}
PCIE {"t_ms":1790544306749,"test":"conc","trial":2,"copy":"staged","cfg":"h2d/ser","legs":1,"bytes_per_leg":134217728,"leg_ns":[17416292],"wall_ns":17432672,"stream_errors":0}
PCIE {"t_ms":1790544306766,"test":"conc","trial":2,"copy":"staged","cfg":"d2h/ser","legs":1,"bytes_per_leg":134217728,"leg_ns":[17018241],"wall_ns":17034237,"stream_errors":0}
PCIE {"t_ms":1790544306791,"test":"conc","trial":2,"copy":"staged","cfg":"h2d+d2h/ser","legs":2,"bytes_per_leg":134217728,"leg_ns":[25331743,20500540],"wall_ns":25349150,"stream_errors":0}
PCIE {"t_ms":1790544306801,"test":"done","which":"conc","elapsed_s":1.487507}
