Opening device 1
PCIE {"t_ms":1790544259739,"test":"open","open_ns":130996534,"link":[{"bdf":"0000:01:00.0","speed":"16.0 GT/s PCIe","width":"8","max_speed":"16.0 GT/s PCIe","max_width":"8","cma_allocated":"0 MB"},{"bdf":"0000:02:00.0","speed":"16.0 GT/s PCIe","width":"8","max_speed":"16.0 GT/s PCIe","max_width":"8","cma_allocated":"2057 MB"}]}
PCIE {"t_ms":1790544259957,"test":"verify","bytes":1048576,"equal":true}
PCIE {"t_ms":1790544259995,"test":"bw","dir":"h2d","copy":"staged","bytes":4096,"warm_ns":571590,"ns":[322331,597191,693000,598923,574971,546302,104837,145417,699427,631132,570767,633335,552461,202173,194948,194900,623035,569333,552440,665338],"stream_errors":0}
PCIE {"t_ms":1790544259995,"test":"bw","dir":"h2d","copy":"dma","bytes":4096,"warm_ns":360607,"ns":[558008,397149,548848,246932,194400,646886,624597,613052,593953,155766,201438,100832,101293,621344,607050,577404,102795,102796,672619,102162],"stream_errors":0}
PCIE {"t_ms":1790544259995,"test":"bw","dir":"d2h","copy":"staged","bytes":4096,"warm_ns":719592,"ns":[828143,245590,698827,292017,664170,171438,108455,588718,572328,213806,162779,115656,161439,220337,574000,583783,589977,703666,152608,565955],"stream_errors":0}
PCIE {"t_ms":1790544259995,"test":"bw","dir":"d2h","copy":"dma","bytes":4096,"warm_ns":848892,"ns":[774653,785417,640009,244430,241546,214326,112748,587695,222215,573586,579539,115128,597064,545408,705205,220748,106358,161871,710411,109751],"stream_errors":0}
PCIE {"t_ms":1790544260028,"test":"bw","dir":"h2d","copy":"staged","bytes":8192,"warm_ns":163163,"ns":[568909,103375,103491,172592,142491,668428,102682,147255,635737,661275,102918,104058,103630,149389,106450,672425,102459,152888,570221,153850],"stream_errors":0}
PCIE {"t_ms":1790544260028,"test":"bw","dir":"h2d","copy":"dma","bytes":8192,"warm_ns":652947,"ns":[104465,569167,103089,671444,87555,147920,102965,166418,100105,155817,140797,141385,568121,569794,673606,627835,100406,650573,103670,671362],"stream_errors":0}
PCIE {"t_ms":1790544260028,"test":"bw","dir":"d2h","copy":"staged","bytes":8192,"warm_ns":645920,"ns":[113553,142416,578814,676989,705896,561666,580037,689698,708239,705807,706155,710803,703421,580886,116439,571092,582395,707834,156674,692943],"stream_errors":0}
PCIE {"t_ms":1790544260028,"test":"bw","dir":"d2h","copy":"dma","bytes":8192,"warm_ns":113189,"ns":[112423,704004,657059,691816,661084,113211,705796,177814,582127,697678,654736,155623,578952,112681,111793,115434,108573,705180,708732,152413],"stream_errors":0}
PCIE {"t_ms":1790544260060,"test":"bw","dir":"h2d","copy":"staged","bytes":16384,"warm_ns":178788,"ns":[102523,688878,569248,640502,674370,568354,675417,105497,103345,140897,674439,684838,102533,568711,103168,102504,93617,102316,101098,182696],"stream_errors":0}
PCIE {"t_ms":1790544260060,"test":"bw","dir":"h2d","copy":"dma","bytes":16384,"warm_ns":680155,"ns":[103876,101446,101855,103947,102118,104009,547073,672244,103131,140571,166784,580892,107091,631533,687788,98370,155130,683086,641360,671437],"stream_errors":0}
PCIE {"t_ms":1790544260060,"test":"bw","dir":"d2h","copy":"staged","bytes":16384,"warm_ns":674218,"ns":[114102,97414,582444,99287,596944,113602,708276,112444,708177,710104,157267,685627,718150,707248,113343,549186,656894,687011,580257,579509],"stream_errors":0}
PCIE {"t_ms":1790544260060,"test":"bw","dir":"d2h","copy":"dma","bytes":16384,"warm_ns":171995,"ns":[579786,640779,658594,178236,709711,153007,152488,610529,580017,713915,111500,155778,143460,142611,113922,585565,707645,155699,115577,601660],"stream_errors":0}
PCIE {"t_ms":1790544260094,"test":"bw","dir":"h2d","copy":"staged","bytes":32768,"warm_ns":179556,"ns":[99280,678998,94011,675581,555003,684566,630478,691246,99516,638903,101365,681124,141654,180712,102646,148650,101379,567811,592959,102533],"stream_errors":0}
PCIE {"t_ms":1790544260094,"test":"bw","dir":"h2d","copy":"dma","bytes":32768,"warm_ns":662376,"ns":[97860,98411,144175,105429,673947,101253,103022,102033,154917,651690,97152,138810,103807,692004,102211,145544,203776,141401,100685,148507],"stream_errors":0}
PCIE {"t_ms":1790544260094,"test":"bw","dir":"d2h","copy":"staged","bytes":32768,"warm_ns":698317,"ns":[160470,117766,712752,705046,111621,113780,114378,654401,579924,111825,108100,711666,703657,110739,581389,709928,160892,710892,600772,641770],"stream_errors":0}
PCIE {"t_ms":1790544260094,"test":"bw","dir":"d2h","copy":"dma","bytes":32768,"warm_ns":169617,"ns":[706488,559650,708451,153333,561434,679803,172086,558275,119587,620236,655557,559376,718255,632309,703253,707454,583011,708651,640054,705720],"stream_errors":0}
PCIE {"t_ms":1790544260123,"test":"bw","dir":"h2d","copy":"staged","bytes":65536,"warm_ns":178439,"ns":[101726,143208,102876,675392,135545,146775,568059,105150,679184,688328,115654,103396,677223,156596,115829,105626,667070,184409,96412,146221],"stream_errors":0}
PCIE {"t_ms":1790544260123,"test":"bw","dir":"h2d","copy":"dma","bytes":65536,"warm_ns":568049,"ns":[678897,568585,139452,97928,567619,156021,102332,166039,99800,101875,99884,118214,99383,673460,641848,115405,145163,680507,102975,118395],"stream_errors":0}
PCIE {"t_ms":1790544260123,"test":"bw","dir":"d2h","copy":"staged","bytes":65536,"warm_ns":585101,"ns":[117325,710477,712532,119442,714672,581004,116290,685272,610507,687931,580873,161144,553678,682134,160182,113381,689126,629332,587314,706512],"stream_errors":0}
PCIE {"t_ms":1790544260123,"test":"bw","dir":"d2h","copy":"dma","bytes":65536,"warm_ns":105940,"ns":[686200,155275,113957,610921,703657,699608,110777,706801,113912,155257,115865,704840,115281,156535,707185,111614,125938,113139,101836,704244],"stream_errors":0}
PCIE {"t_ms":1790544260152,"test":"bw","dir":"h2d","copy":"staged","bytes":131072,"warm_ns":662116,"ns":[199596,206798,570778,206206,572204,129006,199209,104540,148033,171630,199737,569431,569682,199156,210725,198693,197114,198109,574284,568414],"stream_errors":0}
PCIE {"t_ms":1790544260152,"test":"bw","dir":"h2d","copy":"dma","bytes":131072,"warm_ns":206952,"ns":[104349,118495,100267,99398,570236,203383,168679,186262,141452,188199,202291,180800,183638,196436,567867,568190,567493,567787,567376,100897],"stream_errors":0}
PCIE {"t_ms":1790544260152,"test":"bw","dir":"d2h","copy":"staged","bytes":131072,"warm_ns":625237,"ns":[118000,587737,130161,121685,585942,123064,145862,709723,716389,166491,586519,590672,119965,562405,588314,167833,126902,168146,585626,167614],"stream_errors":0}
PCIE {"t_ms":1790544260152,"test":"bw","dir":"d2h","copy":"dma","bytes":131072,"warm_ns":101059,"ns":[584321,132608,108355,580791,110890,603974,127403,584052,711866,681679,131487,580978,112056,585757,579051,159689,631021,633694,640773,125447],"stream_errors":0}
PCIE {"t_ms":1790544260182,"test":"bw","dir":"h2d","copy":"staged","bytes":262144,"warm_ns":279886,"ns":[203904,190348,568062,567262,205961,567315,571618,569761,206447,209482,192056,190660,569465,569860,207994,568714,141317,193291,204500,138413],"stream_errors":0}
PCIE {"t_ms":1790544260182,"test":"bw","dir":"h2d","copy":"dma","bytes":262144,"warm_ns":565744,"ns":[202861,568503,201629,566142,193951,567942,206158,150660,193048,567871,568548,566094,202889,135605,193248,138054,567902,205541,569584,116454],"stream_errors":0}
PCIE {"t_ms":1790544260182,"test":"bw","dir":"d2h","copy":"staged","bytes":262144,"warm_ns":592756,"ns":[593335,176337,643295,125296,595004,593841,119620,590815,590040,194204,174952,592439,599431,183978,124531,647389,177514,591609,577928,182290],"stream_errors":0}
PCIE {"t_ms":1790544260182,"test":"bw","dir":"d2h","copy":"dma","bytes":262144,"warm_ns":205612,"ns":[579700,225002,150951,580082,202256,204216,129808,263617,199554,147587,632923,542360,196555,125328,580748,580106,578279,580206,197659,123997],"stream_errors":0}
PCIE {"t_ms":1790544260215,"test":"bw","dir":"h2d","copy":"staged","bytes":524288,"warm_ns":292685,"ns":[309778,176633,202744,285239,567099,576183,205332,179714,183084,153983,576106,568431,570111,567028,204723,570647,569339,173723,177969,178743],"stream_errors":0}
PCIE {"t_ms":1790544260215,"test":"bw","dir":"h2d","copy":"dma","bytes":524288,"warm_ns":567425,"ns":[569625,150078,567494,177497,204074,219602,205645,179977,568059,568055,220933,152604,203745,571952,287071,287657,282644,149279,566682,567095],"stream_errors":0}
PCIE {"t_ms":1790544260215,"test":"bw","dir":"d2h","copy":"staged","bytes":524288,"warm_ns":612926,"ns":[609343,608421,605537,242720,604318,274671,604836,242506,238888,621197,257895,150151,274518,643564,605614,235151,235138,611400,187118,605877],"stream_errors":0}
PCIE {"t_ms":1790544260215,"test":"bw","dir":"d2h","copy":"dma","bytes":524288,"warm_ns":182425,"ns":[151125,273106,581676,581890,578782,578302,578609,580323,581218,177029,576831,273135,582748,581177,577914,234214,582852,249019,636656,582170],"stream_errors":0}
PCIE {"t_ms":1790544260249,"test":"bw","dir":"h2d","copy":"staged","bytes":1048576,"warm_ns":283463,"ns":[256203,254093,567465,567621,302650,569431,567531,249224,252512,253397,252630,210860,228842,573253,307687,359195,304000,570293,205792,567560],"stream_errors":0}
PCIE {"t_ms":1790544260249,"test":"bw","dir":"h2d","copy":"dma","bytes":1048576,"warm_ns":568042,"ns":[226459,249877,254867,251390,568570,204273,190363,250817,567310,254946,566821,224793,209406,317982,309965,568384,203050,202528,254278,570299],"stream_errors":0}
PCIE {"t_ms":1790544260249,"test":"bw","dir":"d2h","copy":"staged","bytes":1048576,"warm_ns":638336,"ns":[289984,290761,268249,267224,689724,322683,633195,286165,318600,636083,633882,369724,634427,382122,631988,262377,388513,687291,268410,234518],"stream_errors":0}
PCIE {"t_ms":1790544260249,"test":"bw","dir":"d2h","copy":"dma","bytes":1048576,"warm_ns":257532,"ns":[272879,287082,580103,579364,578117,213499,593584,319907,635927,632037,633880,224756,582290,579376,560241,584722,233874,582705,586457,580722],"stream_errors":0}
PCIE {"t_ms":1790544260290,"test":"bw","dir":"h2d","copy":"staged","bytes":2097152,"warm_ns":571795,"ns":[567902,569340,405127,568292,397685,406162,570964,402855,407284,408665,408008,571786,413204,379359,567419,424478,569212,410176,405647,570674],"stream_errors":0}
PCIE {"t_ms":1790544260290,"test":"bw","dir":"h2d","copy":"dma","bytes":2097152,"warm_ns":569584,"ns":[297386,569835,297600,309665,568135,312206,307269,320654,569676,568196,569792,569679,567062,300836,305714,261962,309061,570622,301844,309459],"stream_errors":0}
PCIE {"t_ms":1790544260290,"test":"bw","dir":"d2h","copy":"staged","bytes":2097152,"warm_ns":714639,"ns":[437368,437532,431181,690257,423641,689963,689740,692203,431773,431334,383269,691450,688262,691999,691602,474725,687224,688304,433534,687850],"stream_errors":0}
PCIE {"t_ms":1790544260290,"test":"bw","dir":"d2h","copy":"dma","bytes":2097152,"warm_ns":265823,"ns":[317978,580839,581997,580344,312668,579857,579222,313238,580449,581224,320341,288892,320721,317214,582210,321352,316785,579839,589351,316562],"stream_errors":0}
PCIE {"t_ms":1790544260332,"test":"bw","dir":"h2d","copy":"staged","bytes":4194304,"warm_ns":745594,"ns":[624428,670929,656670,701256,618926,673159,700214,679001,682828,726914,713547,701574,614039,674906,628197,680310],"stream_errors":0}
PCIE {"t_ms":1790544260332,"test":"bw","dir":"h2d","copy":"dma","bytes":4194304,"warm_ns":567354,"ns":[565309,476624,571292,518276,491399,493337,541278,522307,483307,505002,574988,508267,574751,480952,506994,574902],"stream_errors":0}
PCIE {"t_ms":1790544260332,"test":"bw","dir":"d2h","copy":"staged","bytes":4194304,"warm_ns":813548,"ns":[610554,812777,659192,653113,809682,812103,692007,860294,700443,810961,661946,812519,668330,817922,818378,677344],"stream_errors":0}
PCIE {"t_ms":1790544260332,"test":"bw","dir":"d2h","copy":"dma","bytes":4194304,"warm_ns":401057,"ns":[399179,579386,579839,578683,581043,643770,407246,591332,413420,586945,588872,443541,642406,639778,473045,463796],"stream_errors":0}
PCIE {"t_ms":1790544260368,"test":"bw","dir":"h2d","copy":"staged","bytes":8388608,"warm_ns":1311931,"ns":[1145456,1156034,1091831,1113396,1204048,1114333,1177806,1197589],"stream_errors":0}
PCIE {"t_ms":1790544260368,"test":"bw","dir":"h2d","copy":"dma","bytes":8388608,"warm_ns":775348,"ns":[885142,804065,824372,885838,874909,885298,854259,911118],"stream_errors":0}
PCIE {"t_ms":1790544260368,"test":"bw","dir":"d2h","copy":"staged","bytes":8388608,"warm_ns":1302553,"ns":[1189282,1190860,1158649,1190104,1160508,1184589,1145631,1143985],"stream_errors":0}
PCIE {"t_ms":1790544260368,"test":"bw","dir":"d2h","copy":"dma","bytes":8388608,"warm_ns":799519,"ns":[747700,754588,709840,831987,795259,833347,807301,743592],"stream_errors":0}
PCIE {"t_ms":1790544260407,"test":"bw","dir":"h2d","copy":"staged","bytes":16777216,"warm_ns":2497749,"ns":[2389659,2373832,2312079,2258694],"stream_errors":0}
PCIE {"t_ms":1790544260407,"test":"bw","dir":"h2d","copy":"dma","bytes":16777216,"warm_ns":1567786,"ns":[1655814,1640342,1656823,1600948],"stream_errors":0}
PCIE {"t_ms":1790544260407,"test":"bw","dir":"d2h","copy":"staged","bytes":16777216,"warm_ns":2567580,"ns":[2303247,2388192,2341985,2332244],"stream_errors":0}
PCIE {"t_ms":1790544260407,"test":"bw","dir":"d2h","copy":"dma","bytes":16777216,"warm_ns":1576145,"ns":[1451846,1452999,1582316,1486488],"stream_errors":0}
PCIE {"t_ms":1790544260471,"test":"bw","dir":"h2d","copy":"staged","bytes":33554432,"warm_ns":4918225,"ns":[4470268,4472936,4364880],"stream_errors":0}
PCIE {"t_ms":1790544260471,"test":"bw","dir":"h2d","copy":"dma","bytes":33554432,"warm_ns":2962954,"ns":[3023897,2962158,3083250],"stream_errors":0}
PCIE {"t_ms":1790544260471,"test":"bw","dir":"d2h","copy":"staged","bytes":33554432,"warm_ns":5425158,"ns":[4377250,5340879,4302818],"stream_errors":0}
PCIE {"t_ms":1790544260471,"test":"bw","dir":"d2h","copy":"dma","bytes":33554432,"warm_ns":2785642,"ns":[3664955,3739880,3815575],"stream_errors":0}
PCIE {"t_ms":1790544260597,"test":"bw","dir":"h2d","copy":"staged","bytes":67108864,"warm_ns":9756131,"ns":[8799179,8780843,8618505],"stream_errors":0}
PCIE {"t_ms":1790544260597,"test":"bw","dir":"h2d","copy":"dma","bytes":67108864,"warm_ns":5589896,"ns":[5626759,5660889,5637179],"stream_errors":0}
PCIE {"t_ms":1790544260597,"test":"bw","dir":"d2h","copy":"staged","bytes":67108864,"warm_ns":9961969,"ns":[9771696,10002941,10154286],"stream_errors":0}
PCIE {"t_ms":1790544260597,"test":"bw","dir":"d2h","copy":"dma","bytes":67108864,"warm_ns":6810341,"ns":[6847757,6723243,6852358],"stream_errors":0}
PCIE {"t_ms":1790544260842,"test":"bw","dir":"h2d","copy":"staged","bytes":134217728,"warm_ns":19104884,"ns":[17159445,17134451,17257984],"stream_errors":0}
PCIE {"t_ms":1790544260842,"test":"bw","dir":"h2d","copy":"dma","bytes":134217728,"warm_ns":10995846,"ns":[10859323,10902033,10968718],"stream_errors":0}
PCIE {"t_ms":1790544260842,"test":"bw","dir":"d2h","copy":"staged","bytes":134217728,"warm_ns":19531787,"ns":[19651955,19421622,19327711],"stream_errors":0}
PCIE {"t_ms":1790544260842,"test":"bw","dir":"d2h","copy":"dma","bytes":134217728,"warm_ns":13107528,"ns":[13263004,13081061,13217445],"stream_errors":0}
PCIE {"t_ms":1790544261322,"test":"bw","dir":"h2d","copy":"staged","bytes":268435456,"warm_ns":35834004,"ns":[34191581,34268579,34065468],"stream_errors":0}
PCIE {"t_ms":1790544261322,"test":"bw","dir":"h2d","copy":"dma","bytes":268435456,"warm_ns":21436429,"ns":[21423149,21480713,21442105],"stream_errors":0}
PCIE {"t_ms":1790544261322,"test":"bw","dir":"d2h","copy":"staged","bytes":268435456,"warm_ns":38558334,"ns":[38597799,38529441,38368290],"stream_errors":0}
PCIE {"t_ms":1790544261322,"test":"bw","dir":"d2h","copy":"dma","bytes":268435456,"warm_ns":25492773,"ns":[25610265,25426081,25804709],"stream_errors":0}
PCIE {"t_ms":1790544261339,"test":"done","which":"bw","elapsed_s":1.731600}
