Opening device 1
PCIE {"t_ms":1790544266487,"test":"open","open_ns":130713261,"link":[{"bdf":"0000:01:00.0","speed":"16.0 GT/s PCIe","width":"8","max_speed":"16.0 GT/s PCIe","max_width":"8","cma_allocated":"0 MB"},{"bdf":"0000:02:00.0","speed":"16.0 GT/s PCIe","width":"8","max_speed":"16.0 GT/s PCIe","max_width":"8","cma_allocated":"2057 MB"}]}
PCIE {"t_ms":1790544266618,"test":"conc","trial":0,"copy":"dma","cfg":"h2d","legs":1,"bytes_per_leg":134217728,"leg_ns":[22176123],"wall_ns":22191477,"stream_errors":0}
PCIE {"t_ms":1790544266630,"test":"conc","trial":0,"copy":"dma","cfg":"d2h","legs":1,"bytes_per_leg":134217728,"leg_ns":[11911438],"wall_ns":11926330,"stream_errors":0}
PCIE {"t_ms":1790544266653,"test":"conc","trial":0,"copy":"dma","cfg":"h2d+d2h","legs":2,"bytes_per_leg":134217728,"leg_ns":[22383017,12262058],"wall_ns":22395734,"stream_errors":0}
PCIE {"t_ms":1790544266698,"test":"conc","trial":0,"copy":"dma","cfg":"2xh2d","legs":2,"bytes_per_leg":134217728,"leg_ns":[45025216,45042953],"wall_ns":45055762,"stream_errors":0}
PCIE {"t_ms":1790544266724,"test":"conc","trial":0,"copy":"dma","cfg":"2xd2h","legs":2,"bytes_per_leg":134217728,"leg_ns":[26151336,26153527],"wall_ns":26167571,"stream_errors":0}
PCIE {"t_ms":1790544266735,"test":"conc","trial":0,"copy":"dma","cfg":"h2d/ser","legs":1,"bytes_per_leg":134217728,"leg_ns":[10926010],"wall_ns":10941016,"stream_errors":0}
PCIE {"t_ms":1790544266748,"test":"conc","trial":0,"copy":"dma","cfg":"d2h/ser","legs":1,"bytes_per_leg":134217728,"leg_ns":[13213873],"wall_ns":13230816,"stream_errors":0}
PCIE {"t_ms":1790544266764,"test":"conc","trial":0,"copy":"dma","cfg":"h2d+d2h/ser","legs":2,"bytes_per_leg":134217728,"leg_ns":[15860015,14839911],"wall_ns":15880326,"stream_errors":0}
PCIE {"t_ms":1790544266793,"test":"conc","trial":0,"copy":"staged","cfg":"h2d","legs":1,"bytes_per_leg":134217728,"leg_ns":[29151684],"wall_ns":29169305,"stream_errors":0}
PCIE {"t_ms":1790544266812,"test":"conc","trial":0,"copy":"staged","cfg":"d2h","legs":1,"bytes_per_leg":134217728,"leg_ns":[18431513],"wall_ns":18444474,"stream_errors":0}
PCIE {"t_ms":1790544266839,"test":"conc","trial":0,"copy":"staged","cfg":"h2d+d2h","legs":2,"bytes_per_leg":134217728,"leg_ns":[27487305,19672553],"wall_ns":27500830,"stream_errors":0}
PCIE {"t_ms":1790544266893,"test":"conc","trial":0,"copy":"staged","cfg":"2xh2d","legs":2,"bytes_per_leg":134217728,"leg_ns":[53654343,53985280],"wall_ns":54000646,"stream_errors":0}
PCIE {"t_ms":1790544266933,"test":"conc","trial":0,"copy":"staged","cfg":"2xd2h","legs":2,"bytes_per_leg":134217728,"leg_ns":[39338563,39362415],"wall_ns":39375882,"stream_errors":0}
PCIE {"t_ms":1790544266949,"test":"conc","trial":0,"copy":"staged","cfg":"h2d/ser","legs":1,"bytes_per_leg":134217728,"leg_ns":[16006993],"wall_ns":16022007,"stream_errors":0}
PCIE {"t_ms":1790544266965,"test":"conc","trial":0,"copy":"staged","cfg":"d2h/ser","legs":1,"bytes_per_leg":134217728,"leg_ns":[16472488],"wall_ns":16485342,"stream_errors":0}
PCIE {"t_ms":1790544266987,"test":"conc","trial":0,"copy":"staged","cfg":"h2d+d2h/ser","legs":2,"bytes_per_leg":134217728,"leg_ns":[21454330,17652075],"wall_ns":21469940,"stream_errors":0}
PCIE {"t_ms":1790544267009,"test":"conc","trial":1,"copy":"dma","cfg":"h2d","legs":1,"bytes_per_leg":134217728,"leg_ns":[22373579],"wall_ns":22387068,"stream_errors":0}
PCIE {"t_ms":1790544267021,"test":"conc","trial":1,"copy":"dma","cfg":"d2h","legs":1,"bytes_per_leg":134217728,"leg_ns":[12064203],"wall_ns":12077287,"stream_errors":0}
PCIE {"t_ms":1790544267044,"test":"conc","trial":1,"copy":"dma","cfg":"h2d+d2h","legs":2,"bytes_per_leg":134217728,"leg_ns":[22364925,12227036],"wall_ns":22377947,"stream_errors":0}
PCIE {"t_ms":1790544267089,"test":"conc","trial":1,"copy":"dma","cfg":"2xh2d","legs":2,"bytes_per_leg":134217728,"leg_ns":[45080330,45082358],"wall_ns":45095753,"stream_errors":0}
PCIE {"t_ms":1790544267115,"test":"conc","trial":1,"copy":"dma","cfg":"2xd2h","legs":2,"bytes_per_leg":134217728,"leg_ns":[26246171,26399848],"wall_ns":26419485,"stream_errors":0}
PCIE {"t_ms":1790544267126,"test":"conc","trial":1,"copy":"dma","cfg":"h2d/ser","legs":1,"bytes_per_leg":134217728,"leg_ns":[10829409],"wall_ns":10847784,"stream_errors":0}
PCIE {"t_ms":1790544267139,"test":"conc","trial":1,"copy":"dma","cfg":"d2h/ser","legs":1,"bytes_per_leg":134217728,"leg_ns":[13394125],"wall_ns":13409293,"stream_errors":0}
PCIE {"t_ms":1790544267155,"test":"conc","trial":1,"copy":"dma","cfg":"h2d+d2h/ser","legs":2,"bytes_per_leg":134217728,"leg_ns":[15864319,14841474],"wall_ns":15879483,"stream_errors":0}
PCIE {"t_ms":1790544267183,"test":"conc","trial":1,"copy":"staged","cfg":"h2d","legs":1,"bytes_per_leg":134217728,"leg_ns":[27355318],"wall_ns":27382630,"stream_errors":0}
PCIE {"t_ms":1790544267201,"test":"conc","trial":1,"copy":"staged","cfg":"d2h","legs":1,"bytes_per_leg":134217728,"leg_ns":[18395052],"wall_ns":18408928,"stream_errors":0}
PCIE {"t_ms":1790544267231,"test":"conc","trial":1,"copy":"staged","cfg":"h2d+d2h","legs":2,"bytes_per_leg":134217728,"leg_ns":[29709746,19496047],"wall_ns":29725844,"stream_errors":0}
PCIE {"t_ms":1790544267286,"test":"conc","trial":1,"copy":"staged","cfg":"2xh2d","legs":2,"bytes_per_leg":134217728,"leg_ns":[55546330,55548547],"wall_ns":55567695,"stream_errors":0}
PCIE {"t_ms":1790544267327,"test":"conc","trial":1,"copy":"staged","cfg":"2xd2h","legs":2,"bytes_per_leg":134217728,"leg_ns":[40111219,39502549],"wall_ns":40124585,"stream_errors":0}
PCIE {"t_ms":1790544267343,"test":"conc","trial":1,"copy":"staged","cfg":"h2d/ser","legs":1,"bytes_per_leg":134217728,"leg_ns":[15974633],"wall_ns":15990596,"stream_errors":0}
PCIE {"t_ms":1790544267359,"test":"conc","trial":1,"copy":"staged","cfg":"d2h/ser","legs":1,"bytes_per_leg":134217728,"leg_ns":[16427598],"wall_ns":16440478,"stream_errors":0}
PCIE {"t_ms":1790544267381,"test":"conc","trial":1,"copy":"staged","cfg":"h2d+d2h/ser","legs":2,"bytes_per_leg":134217728,"leg_ns":[22112095,17847434],"wall_ns":22136455,"stream_errors":0}
PCIE {"t_ms":1790544267404,"test":"conc","trial":2,"copy":"dma","cfg":"h2d","legs":1,"bytes_per_leg":134217728,"leg_ns":[22314897],"wall_ns":22329915,"stream_errors":0}
PCIE {"t_ms":1790544267416,"test":"conc","trial":2,"copy":"dma","cfg":"d2h","legs":1,"bytes_per_leg":134217728,"leg_ns":[12284399],"wall_ns":12302033,"stream_errors":0}
PCIE {"t_ms":1790544267438,"test":"conc","trial":2,"copy":"dma","cfg":"h2d+d2h","legs":2,"bytes_per_leg":134217728,"leg_ns":[22333418,12392334],"wall_ns":22346666,"stream_errors":0}
PCIE {"t_ms":1790544267483,"test":"conc","trial":2,"copy":"dma","cfg":"2xh2d","legs":2,"bytes_per_leg":134217728,"leg_ns":[45116374,45118465],"wall_ns":45133195,"stream_errors":0}
PCIE {"t_ms":1790544267510,"test":"conc","trial":2,"copy":"dma","cfg":"2xd2h","legs":2,"bytes_per_leg":134217728,"leg_ns":[26166024,26333271],"wall_ns":26347044,"stream_errors":0}
PCIE {"t_ms":1790544267521,"test":"conc","trial":2,"copy":"dma","cfg":"h2d/ser","legs":1,"bytes_per_leg":134217728,"leg_ns":[10951135],"wall_ns":10965759,"stream_errors":0}
PCIE {"t_ms":1790544267534,"test":"conc","trial":2,"copy":"dma","cfg":"d2h/ser","legs":1,"bytes_per_leg":134217728,"leg_ns":[13362431],"wall_ns":13375433,"stream_errors":0}
PCIE {"t_ms":1790544267550,"test":"conc","trial":2,"copy":"dma","cfg":"h2d+d2h/ser","legs":2,"bytes_per_leg":134217728,"leg_ns":[15895011,14774304],"wall_ns":15908389,"stream_errors":0}
PCIE {"t_ms":1790544267578,"test":"conc","trial":2,"copy":"staged","cfg":"h2d","legs":1,"bytes_per_leg":134217728,"leg_ns":[27374825],"wall_ns":27393055,"stream_errors":0}
PCIE {"t_ms":1790544267596,"test":"conc","trial":2,"copy":"staged","cfg":"d2h","legs":1,"bytes_per_leg":134217728,"leg_ns":[18364934],"wall_ns":18378107,"stream_errors":0}
PCIE {"t_ms":1790544267625,"test":"conc","trial":2,"copy":"staged","cfg":"h2d+d2h","legs":2,"bytes_per_leg":134217728,"leg_ns":[29429801,19209660],"wall_ns":29446271,"stream_errors":0}
PCIE {"t_ms":1790544267680,"test":"conc","trial":2,"copy":"staged","cfg":"2xh2d","legs":2,"bytes_per_leg":134217728,"leg_ns":[54373480,54371300],"wall_ns":54388361,"stream_errors":0}
PCIE {"t_ms":1790544267720,"test":"conc","trial":2,"copy":"staged","cfg":"2xd2h","legs":2,"bytes_per_leg":134217728,"leg_ns":[36959221,36941180],"wall_ns":39746600,"stream_errors":0}
PCIE {"t_ms":1790544267736,"test":"conc","trial":2,"copy":"staged","cfg":"h2d/ser","legs":1,"bytes_per_leg":134217728,"leg_ns":[16747433],"wall_ns":16765380,"stream_errors":0}
PCIE {"t_ms":1790544267753,"test":"conc","trial":2,"copy":"staged","cfg":"d2h/ser","legs":1,"bytes_per_leg":134217728,"leg_ns":[16499050],"wall_ns":16519047,"stream_errors":0}
PCIE {"t_ms":1790544267775,"test":"conc","trial":2,"copy":"staged","cfg":"h2d+d2h/ser","legs":2,"bytes_per_leg":134217728,"leg_ns":[21607212,17802097],"wall_ns":21623184,"stream_errors":0}
PCIE {"t_ms":1790544267782,"test":"done","which":"conc","elapsed_s":1.425520}
