aifoundry1-c1: 57 configurations x 1 passes, at most 18 min; host build/enercat_gs/host/enercat_host; hold 74 C
pass 0 gs/R/fscw.ps/dram-256K/rand/random/h2/mff/nX32: 3 launches (die 71 -> 73 C, 2 heater)
pass 0 gs/R/fgw.ps/dram-512B/s2/random/h1/mff/nM1: 3 launches (die 71 -> 73 C, 2 heater)
pass 0 gs/R/fgw.ps/dram-512B/s16/random/h1/mff/nM1: 3 launches (die 71 -> 73 C, 2 heater)
pass 0 gs/R/fscw.ps/scp-16K/rand/random/h2/mff/nX32: 3 launches (die 71 -> 73 C, 2 heater)
pass 0 gs/R/fgw.ps/dram-512B/rand/random/h2/mff/nS32: 3 launches (die 71 -> 73 C, 2 heater)
pass 0 gs/R/fgw.ps/rscp-16K/rand/random/h2/mff/nS32: 3 launches (die 71 -> 73 C, 2 heater)
pass 0 gs/R/fgw.ps/rscp-16K/rand/random/h2/mff/nM1: 3 launches (die 71 -> 73 C, 2 heater)
pass 0 gs/R/fgw.ps/dram-512B/rand/random/h2/mff/nM1: 3 launches (die 71 -> 74 C, 2 heater)
pass 0 gs/R/flw/dram-256K/rand/random/h1/mff/nM1: 3 launches (die 71 -> 74 C, 2 heater)
pass 0 gs/R/fgw.ps/dram-256K/rand/random/h2/mff/nS32: 3 launches (die 71 -> 74 C, 2 heater)
pass 0 gs/R/fgw.ps/dram-4K/s16/random/h1/mff/nM1: 3 launches (die 72 -> 73 C, 1 heater)
pass 0 gs/R/fscw.ps/dram-512B/rand/random/h2/mff/nS32: 3 launches (die 71 -> 73 C, 2 heater)
pass 0 gs/R/fgwl.ps/dram-4K/rand/random/h2/mff/nS32: 3 launches (die 71 -> 73 C, 2 heater)
pass 0 gs/R/fgwl.ps/dram-4K/rand/random/h2/mff/nM1: 3 launches (die 71 -> 73 C, 2 heater)
pass 0 gs/R/fgw.ps/scp-16K/rand/random/h1/mff/nM1: 3 launches (die 71 -> 73 C, 2 heater)
pass 0 gs/R/fgw.ps/dram-4K/rand/random/h2/mff/nS32: 3 launches (die 71 -> 73 C, 2 heater)
pass 0 gs/R/fscw.ps/dram-256K/rand/random/h1/mff/nM1: 3 launches (die 71 -> 73 C, 3 heater)
pass 0 gs/R/famoaddl.pi/shire-256K/rand/zeros/h1/mff/nM1: 3 launches (die 71 -> 73 C, 2 heater)
pass 0 gs/R/fgw.ps/dram-4K/unit/random/h1/mff/nM1: 3 launches (die 71 -> 73 C, 2 heater)
pass 0 gs/R/fgw.ps/scp-16K/rand/random/h2/mff/nS32: 3 launches (die 71 -> 73 C, 2 heater)
pass 0 gs/R/fgw.ps/dram-256K/rand/random/h2/mff/nM1: 3 launches (die 71 -> 73 C, 2 heater)
pass 0 gs/R/fscw.ps/dram-4K/rand/random/h2/mff/nS32: 3 launches (die 71 -> 73 C, 3 heater)
pass 0 gs/R/famoaddl.pi/shire-256K/rand/zeros/h2/mff/nS32: 3 launches (die 71 -> 73 C, 2 heater)
pass 0 gs/R/fscw.ps/dram-4K/rand/random/h1/mff/nM1: 3 launches (die 71 -> 73 C, 2 heater)
pass 0 gs/R/fgw.ps/scp-16K/rand/random/h2/mff/nM1: 3 launches (die 71 -> 73 C, 2 heater)
pass 0 gs/R/fgw.ps/dram-4K/s4/random/h1/mff/nM1: 3 launches (die 71 -> 73 C, 2 heater)
pass 0 gs/R/fgw.ps/dram-256K/rand/random/h2/mff/nX32: 3 launches (die 71 -> 73 C, 3 heater)
pass 0 gs/R/fgw.ps/dram-4K/line/random/h1/mff/nM1: 3 launches (die 71 -> 73 C, 2 heater)
pass 0 gs/R/fgw.ps/dram-512B/line/random/h1/mff/nM1: 3 launches (die 71 -> 73 C, 2 heater)
pass 0 gs/R/fgw.ps/dram-512B/unit/random/h1/mff/nM1: 3 launches (die 71 -> 73 C, 2 heater)
pass 0 gs/R/famoaddg.pi/chip-8M/rand/zeros/h1/mff/nM1: 3 launches (die 71 -> 73 C, 2 heater)
pass 0 gs/R/fgw.ps/dram-512B/bcast/random/h1/mff/nM1: 3 launches (die 71 -> 73 C, 3 heater)
pass 0 gs/R/fgwg.ps/dram-4K/rand/random/h1/mff/nM1: 3 launches (die 71 -> 73 C, 2 heater)
pass 0 gs/R/fscw.ps/scp-16K/rand/random/h1/mff/nM1: 3 launches (die 71 -> 73 C, 2 heater)
pass 0 gs/R/fgw.ps/rscp-16K/rand/random/h2/mff/nX32: 3 launches (die 71 -> 73 C, 2 heater)
pass 0 gs/R/fgwg.ps/dram-256K/rand/random/h1/mff/nM1: 3 launches (die 71 -> 73 C, 3 heater)
pass 0 gs/R/fgw.ps/dram-512B/rand/random/h1/mff/nM1: 3 launches (die 71 -> 73 C, 2 heater)
pass 0 gs/R/fgw.ps/dram-4K/rand/random/h1/mff/nM1: 3 launches (die 71 -> 73 C, 2 heater)
pass 0 gs/R/fscw.ps/dram-512B/rand/random/h1/mff/nM1: 3 launches (die 71 -> 73 C, 2 heater)
pass 0 gs/R/flw/dram-4K/rand/random/h1/mff/nM1: 3 launches (die 71 -> 73 C, 2 heater)
pass 0 gs/R/fscw.ps/dram-512B/rand/random/h2/mff/nX32: 3 launches (die 71 -> 73 C, 2 heater)
pass 0 gs/R/fgwg.ps/dram-4K/rand/random/h2/mff/nS32: 3 launches (die 71 -> 73 C, 3 heater)
pass 0 gs/R/famoaddg.pi/chip-8M/rand/zeros/h2/mff/nS32: 3 launches (die 71 -> 73 C, 2 heater)
pass 0 gs/R/fgw.ps/dram-256K/rand/random/h1/mff/nM1: 3 launches (die 71 -> 73 C, 2 heater)
pass 0 gs/R/fgw.ps/scp-16K/rand/random/h2/mff/nX32: 3 launches (die 71 -> 73 C, 2 heater)
pass 0 gs/R/fgw.ps/dram-4K/s2/random/h1/mff/nM1: 3 launches (die 71 -> 73 C, 2 heater)
pass 0 gs/R/fgw.ps/dram-4K/rand/random/h2/mff/nM1: 3 launches (die 71 -> 73 C, 2 heater)
pass 0 gs/R/fgw.ps/dram-512B/rand/random/h2/mff/nX32: 3 launches (die 71 -> 73 C, 3 heater)
pass 0 gs/R/fgw.ps/dram-512B/s4/random/h1/mff/nM1: 3 launches (die 71 -> 73 C, 2 heater)
pass 0 gs/R/fgw.ps/rscp-16K/rand/random/h1/mff/nM1: 3 launches (die 71 -> 73 C, 2 heater)
pass 0 gs/R/fgwg.ps/dram-256K/rand/random/h2/mff/nS32: 3 launches (die 71 -> 73 C, 2 heater)
pass 0 gs/R/fscw.ps/dram-256K/rand/random/h2/mff/nS32: 3 launches (die 71 -> 73 C, 2 heater)
pass 0 gs/R/fgw.ps/dram-4K/rand/random/h2/mff/nX32: 3 launches (die 71 -> 73 C, 2 heater)
pass 0 gs/R/fgwl.ps/dram-4K/rand/random/h1/mff/nM1: 3 launches (die 71 -> 73 C, 2 heater)
pass 0 gs/R/fgw.ps/dram-4K/bcast/random/h1/mff/nM1: 3 launches (die 71 -> 73 C, 3 heater)
pass 0 gs/R/fscw.ps/dram-4K/rand/random/h2/mff/nX32: 3 launches (die 71 -> 73 C, 2 heater)
pass 0 gs/R/fscw.ps/scp-16K/rand/random/h2/mff/nS32: 3 launches (die 71 -> 73 C, 2 heater)
done
