11:15:23 sparseparity energy l1 on aifoundry3 (DRY: test doubles (card alt), no device), out /home/yaroslavvb/nekko/build/sparseparity-t-energy-dry/l1-alt-20hz
11:15:24 kernel /home/yaroslavvb/nekko/build/sparseparity-t-src/../sparseparity-t/kernel/sparseparity.elf: .text sha256 3e14be325df307751f424372d0a1dccad244b3ffe0e46e43d82baefb300cb820
11:15:24 plan: 44 launches of ~0.130 s (budget allows 51, target 44): burst ~5.98 s from ~0.44 s of the process; the host starts no launch after 7.50 s (model 0.1128 s, guard 0.1622 s, timeout 2 s)
11:15:24 sampler 1908173 at 20 Hz; idle 8 s
11:15:38 host rc 0 in 6526 ms: PASS reps 44 of 44 launch_s mean 0.1301 solved True
L1: 44 solves in 5.900 s (7.458/s; kernel 0.1301 s each, 7.688/s)
  J per solve over idle (the SP's board average, the law on the die temperature): 1.723 (uncorrected 1.816, ramp baseline 1.781; the leakage's rise 0.057); board total per solve, idle included, 4.935 J
  catalogue method (cross-check): 1.572 J (uncorrected 1.622, integral 1.611; 3 of 18 busy readings at idle, 0.5 expected, one pass = 0.080 J per solve); board 35.49 W in the burst, idle 23.40 W: +12.09 W, +11.72 W leakage-corrected (+0.37 W at 0.339 W/C)
  die 56.0 C before, 57.4 C busy (max 58), 56.3 C brackets
  rails, J per solve: minion 1.072, SRAM 0.163, NoC 0.087 (ramp baseline: upper bounds), unmetered 0.401 (the headline minus the rails)
  host: 5.900 CPU s over the burst (1.00 cores busy on average; host_cpu_s.burst (getrusage over launch_epoch_ms)); its package, assumed, 2.68-7.84 J per solve
  CPU 6T best at P(loss) <= 0.0001 (mitm, random halving, expected time over 10 seeds, P(loss) 0, 0.148 s): 18.5-37.1 J at an assumed 125-251 W; x3.7-7.5 the card's board alone (the host not counted); x1.4-4.9 the card's board + the host's package (2.68-7.84 J assumed)
  RAPL on the host: root-only (400 root)
  OK | 3 of 18 busy board_w readings at idle (a pass between launches): the catalogue value is about 17% low in this run; the SP average (the headline) does not alias them; DRY: test doubles, not a measurement
  truth reps: reduced 44 vs injected 44 (+0.00%, allowed -0.0000/+0.0000) ok
  truth board J/solve (headline: SP average, law on T): reduced 1.7231 vs injected 1.707 (+0.94%, allowed -0.0512/+0.0512) ok
  truth board total J/solve (idle included): reduced 4.9351 vs injected 4.884 (+1.05%, allowed -0.0977/+0.0977) ok
  truth board J/solve (catalogue method): reduced 1.5718 vs injected 1.707 (-7.92%, allowed -0.3287/+0.3287) ok
  truth board J/solve (catalogue integral): reduced 1.6111 vs injected 1.707 (-5.62%, allowed -0.4089/+0.4089) ok
  truth minion_w J/solve (ramp baseline): reduced 1.0724 vs injected 1.0584 (+1.33%, allowed -0.0212/+0.0741) ok
  truth sram_w J/solve (ramp baseline): reduced 0.1626 vs injected 0.1536 (+5.86%, allowed -0.0050/+0.0108) ok
  truth noc_w J/solve (ramp baseline): reduced 0.087 vs injected 0.0854 (+1.95%, allowed -0.0050/+0.0060) ok
  truth unmetered J/solve: reduced 0.401 vs injected 0.4097 (-2.12%, allowed -0.0615/+0.0615) ok
  (not checked: the ramp baseline 1.7807 J, +4.32% of the injected)
  truth burst start (s): reduced 1790705732.691 vs injected 1790705732.6964 (-0.00%, allowed -0.0100/+0.0100) ok
  truth burst end (s): reduced 1790705738.591 vs injected 1790705738.5889 (+0.00%, allowed -0.0100/+0.0100) ok
  TRUTH PASS (a test of the reducer against the test double's card, not a measurement)
11:15:49 DONE l1: ok; /home/yaroslavvb/nekko/build/sparseparity-t-energy-dry/l1-alt-20hz/energy.json
