11:14:33 sparseparity energy f5h0 on aifoundry3 (DRY: test doubles (card base), no device), out /home/yaroslavvb/nekko/build/sparseparity-t-energy-dry/f5h0-base
11:14:33 kernel /home/yaroslavvb/nekko/build/sparseparity-t-src/../sparseparity-t/kernel/sparseparity.elf: .text sha256 3e14be325df307751f424372d0a1dccad244b3ffe0e46e43d82baefb300cb820
11:14:33 plan: 6 launches of ~0.958 s (budget allows 6, target 6): burst ~5.78 s from ~0.47 s of the process; the host starts no launch after 5.50 s (model 0.8778 s, guard 1.4357 s, timeout 5 s)
11:14:33 sampler 1907294 at 10 Hz; idle 8 s
11:14:48 host rc 0 in 6395 ms: PASS reps 6 of 6 launch_s mean 0.9581 solved True
(256,5) slice 0/2: 6 solves in 5.769 s (1.040/s; kernel 0.9581 s each, 1.044/s)
  J per solve over idle (the SP's board average, the law on the die temperature): 14.066 (uncorrected 15.109, ramp baseline 14.379; the leakage's rise 0.386); board total per solve, idle included, 37.634 J
  catalogue method (cross-check): 14.380 J (uncorrected 14.488, integral 14.616; 0 of 20 busy readings at idle, 0.1 expected, one pass = 0.748 J per solve); board 39.43 W in the burst, idle 24.36 W: +15.07 W, +14.96 W leakage-corrected (+0.11 W at 0.333 W/C)
  die 55.0 C before, 56.3 C busy (max 57), 56.0 C brackets
  rails, J per solve: minion 7.900, SRAM 1.735, NoC 1.146 (ramp baseline: upper bounds), unmetered 3.285 (the headline minus the rails)
  host: 5.769 CPU s over the burst (1.00 cores busy on average; host_cpu_s.burst (getrusage over launch_epoch_ms)); its package, assumed, 19.23-56.25 J per solve
  CPU 6T best at P(loss) <= 0.0001 (vexh two-stage, m1 1152, tau1 106, P(loss) 8.9e-05, 1.769 s): 221.1-444.0 J at an assumed 125-251 W (slice 0/2: part of one solve; add the parts (energy_reduce.py combine) before comparing)
  RAPL on the host: root-only (400 root)
  OK | DRY: test doubles, not a measurement
  truth reps: reduced 6 vs injected 6 (+0.00%, allowed -0.0000/+0.0000) ok
  truth board J/solve (headline: SP average, law on T): reduced 14.0661 vs injected 14.375 (-2.15%, allowed -0.4313/+0.4313) ok
  truth board total J/solve (idle included): reduced 37.6338 vs injected 37.8741 (-0.63%, allowed -0.7575/+0.7575) ok
  truth board J/solve (catalogue method): reduced 14.3796 vs injected 14.375 (+0.03%, allowed -1.2316/+1.2316) ok
  truth board J/solve (catalogue integral): reduced 14.6159 vs injected 14.375 (+1.68%, allowed -1.9793/+1.9793) ok
  truth minion_w J/solve (ramp baseline): reduced 7.8999 vs injected 7.9063 (-0.08%, allowed -0.1581/+0.5534) ok
  truth sram_w J/solve (ramp baseline): reduced 1.7354 vs injected 1.725 (+0.60%, allowed -0.0345/+0.1208) ok
  truth noc_w J/solve (ramp baseline): reduced 1.1456 vs injected 1.15 (-0.38%, allowed -0.0230/+0.0805) ok
  truth unmetered J/solve: reduced 3.2851 vs injected 3.5938 (-8.59%, allowed -0.5391/+0.5391) ok
  (not checked: the ramp baseline 14.3787 J, +0.03% of the injected)
  truth burst start (s): reduced 1790705681.935 vs injected 1790705681.9352 (-0.00%, allowed -0.0100/+0.0100) ok
  truth burst end (s): reduced 1790705687.704 vs injected 1790705687.7044 (-0.00%, allowed -0.0100/+0.0100) ok
  TRUTH PASS (a test of the reducer against the test double's card, not a measurement)
11:14:58 DONE f5h0: ok; /home/yaroslavvb/nekko/build/sparseparity-t-energy-dry/f5h0-base/energy.json
