case               expect status sum_c    sum_c2   oracle dump                   solved   vpurf mem
c0-scalar          PASS   PASS   ok       ok       exact, exact 9472 entries     True     0     0  (34s)
c0-tensor          PASS   PASS   ok       ok       exact, exact 9472 entries     True     0     0  (33s)
s4-tensor          PASS   PASS   ok       ok       exact, exact 26880 entries    True     0     0  (34s)
shire8-s5          PASS   PASS   ok       ok       exact, exact 58368 entries    True     0     0  (33s)
c0-scalar-2h       PASS   PASS   ok       ok       exact, exact 9472 entries     True     0     0  (34s)
s4-nbuf1           PASS   PASS   ok       ok       exact, exact 26880 entries    True     0     0  (34s)
s4-dram            PASS   PASS   ok       ok       exact, exact 26880 entries    True     0     0  (33s)
workloads/sparseparity/sysemu_check.sh: line 97: 1813419 Aborted                 timeout 1800 nice -n 19 "${cmd[@]}" > out.json 2> err.log < /dev/null
s4-nowait          REJECT NONE   -        -        -      -                      -        0     16  (33s)
k4-2shires         PASS   PASS   ok       ok       exact, exact 225792 entries   True     0     0  (37s)
k5                 PASS   PASS   ok       ok       exact, exact 163840 entries   True     0     0  (38s)
k2-m100            PASS   PASS   ok       ok       exact, exact 1536 entries     True     0     0  (32s)
k1                 PASS   PASS   ok       ok       exact, exact 512 entries      True     0     0  (33s)
k4-scalar-2shires  PASS   PASS   ok       ok       exact, exact 225792 entries   True     0     0  (43s)
s4-timing          TIMING TIMING timing-only timing-only skippe n/a                    False    0     0  (33s)
neg-drop           NEG    FAIL   MISMATCH MISMATCH exact, n/a                    True     0     0  (33s)
neg-dup            NEG    FAIL   MISMATCH MISMATCH exact, n/a                    True     0     0  (33s)
neg-mask           NEGM   FAIL   MISMATCH MISMATCH MISMAT n/a                    True     0     0  (32s)
tie                TIE    PASS   ok       ok       exact, n/a                    False    0     0  (33s)
tie-8              TIE    PASS   ok       ok       exact, n/a                    False    0     0  (33s)
tie-scalar         TIE    PASS   ok       ok       exact, n/a                    False    0     0  (34s)
probe              PASS   PASS   partial  partial  exact, n/a                    False    0     0  (33s)
reps2              PASS   PASS   ok       ok       exact, exact 26880 entries    True     0     0  (34s)
abort              ABORT  FAIL   MISMATCH MISMATCH MISMAT n/a                    False    0     0  (32s)
hi-auto            PASS   PASS   partial  partial  exact, n/a                    False    0     0  (34s)
m0-c0              M0     host PASS    sptest card: ALL PASS   vpurf 0 mem 0  (33s)
m0-s4-shire8       M0     host PASS    sptest card: ALL PASS   vpurf 0 mem 0  (34s)
m0-k4-2shires      M0     host PASS    sptest card: ALL PASS   vpurf 0 mem 0  (36s)
03:51:18 sysemu: SYSEMU PASS: 27 cases (/home/yaroslavvb/nekko/build/sparseparity-f/sysemu/20260929-033600)
