Opening device 1
MEMPROBE {"test":"program","name":"ladder","hart":0,"arena_base":"0x8040000000","ops":4481,"results":1408,"cycles":757860,"wall_s":0.0023,"t_start_ms":1790428994509,"t_end_ms":1790428994511,"out":"/home/yaroslavvb/nekko/build/claims-v3/aifoundry1-c1/mem/p4/ladder.u32","ok":true}
Opening device 1
MEMPROBE {"test":"program","name":"pagetimeout","hart":0,"arena_base":"0x8040000000","ops":7021,"results":1560,"cycles":5907353,"wall_s":0.0114,"t_start_ms":1790428994931,"t_end_ms":1790428994942,"out":"/home/yaroslavvb/nekko/build/claims-v3/aifoundry1-c1/mem/p4/pagetimeout.u32","ok":true}
Opening device 1
MEMPROBE {"test":"program","name":"refresh","hart":0,"arena_base":"0x8040000000","ops":96002,"results":48000,"cycles":13953595,"wall_s":0.0408,"t_start_ms":1790428995362,"t_end_ms":1790428995403,"out":"/home/yaroslavvb/nekko/build/claims-v3/aifoundry1-c1/mem/p4/refresh.u32","ok":true}
Opening device 1
MEMPROBE {"test":"program","name":"t_glitch","hart":0,"arena_base":"0x8040000000","ops":8001,"results":8000,"cycles":804740,"wall_s":0.0035,"t_start_ms":1790428995820,"t_end_ms":1790428995824,"out":"/home/yaroslavvb/nekko/build/claims-v3/aifoundry1-c1/mem/p4/t_glitch.u32","ok":true}
Opening device 1
MEMPROBE {"test":"program","name":"t_rawodd","hart":0,"arena_base":"0x8040000000","ops":8001,"results":20000,"cycles":875606,"wall_s":0.0043,"t_start_ms":1790428996242,"t_end_ms":1790428996247,"out":"/home/yaroslavvb/nekko/build/claims-v3/aifoundry1-c1/mem/p4/t_rawodd.u32","ok":true}
Opening device 1
MEMPROBE {"test":"program","name":"l3map","hart":0,"arena_base":"0x8040000000","ops":81921,"results":16384,"cycles":12624447,"wall_s":0.0348,"t_start_ms":1790428996667,"t_end_ms":1790428996702,"out":"/home/yaroslavvb/nekko/build/claims-v3/aifoundry1-c1/mem/p4/l3map.u32","ok":true}
Opening device 1
MEMPROBE {"test":"program","name":"t_raw","hart":0,"arena_base":"0x8040000000","ops":4001,"results":16000,"cycles":514680,"wall_s":0.0029,"t_start_ms":1790428997122,"t_end_ms":1790428997125,"out":"/home/yaroslavvb/nekko/build/claims-v3/aifoundry1-c1/mem/p4/t_raw.u32","ok":true}
Opening device 1
MEMPROBE {"test":"program","name":"bits","hart":0,"arena_base":"0x8040000000","ops":74701,"results":15000,"cycles":34601267,"wall_s":0.0703,"t_start_ms":1790428997545,"t_end_ms":1790428997615,"out":"/home/yaroslavvb/nekko/build/claims-v3/aifoundry1-c1/mem/p4/bits.u32","ok":true}
Opening device 1
MEMPROBE {"test":"program","name":"msmap","hart":0,"arena_base":"0x8040000000","ops":5121,"results":1024,"cycles":2862069,"wall_s":0.0060,"t_start_ms":1790428998034,"t_end_ms":1790428998040,"out":"/home/yaroslavvb/nekko/build/claims-v3/aifoundry1-c1/mem/p4/msmap.u32","ok":true}
Opening device 1
MEMPROBE {"test":"program","name":"decomp","hart":0,"arena_base":"0x8040000000","ops":67501,"results":13500,"cycles":13853896,"wall_s":0.0346,"t_start_ms":1790428998460,"t_end_ms":1790428998495,"out":"/home/yaroslavvb/nekko/build/claims-v3/aifoundry1-c1/mem/p4/decomp.u32","ok":true}
Opening device 1
MEMPROBE {"test":"program","name":"refresh_jit","hart":0,"arena_base":"0x8040000000","ops":95002,"results":38000,"cycles":41163771,"wall_s":0.0851,"t_start_ms":1790428998914,"t_end_ms":1790428998999,"out":"/home/yaroslavvb/nekko/build/claims-v3/aifoundry1-c1/mem/p4/refresh_jit.u32","ok":true}
Opening device 1
MEMPROBE {"test":"program","name":"ladder","hart":448,"arena_base":"0x8040000000","ops":4481,"results":1408,"cycles":745937,"wall_s":0.0024,"t_start_ms":1790428999416,"t_end_ms":1790428999418,"out":"/home/yaroslavvb/nekko/build/claims-v3/aifoundry1-c1/mem/p4/req7/ladder.u32","ok":true}
Opening device 1
MEMPROBE {"test":"program","name":"decomp","hart":448,"arena_base":"0x8040000000","ops":67501,"results":13500,"cycles":13679122,"wall_s":0.0342,"t_start_ms":1790428999839,"t_end_ms":1790428999873,"out":"/home/yaroslavvb/nekko/build/claims-v3/aifoundry1-c1/mem/p4/req7/decomp.u32","ok":true}
Opening device 1
MEMPROBE {"test":"program","name":"ladder","hart":1536,"arena_base":"0x8040000000","ops":4481,"results":1408,"cycles":744430,"wall_s":0.0023,"t_start_ms":1790429000294,"t_end_ms":1790429000296,"out":"/home/yaroslavvb/nekko/build/claims-v3/aifoundry1-c1/mem/p4/req24/ladder.u32","ok":true}
Opening device 1
MEMPROBE {"test":"program","name":"decomp","hart":1536,"arena_base":"0x8040000000","ops":67501,"results":13500,"cycles":13517441,"wall_s":0.0336,"t_start_ms":1790429000716,"t_end_ms":1790429000750,"out":"/home/yaroslavvb/nekko/build/claims-v3/aifoundry1-c1/mem/p4/req24/decomp.u32","ok":true}
Opening device 1
MEMPROBE {"test":"program","name":"ladder","hart":1984,"arena_base":"0x8040000000","ops":4481,"results":1408,"cycles":759925,"wall_s":0.0024,"t_start_ms":1790429001171,"t_end_ms":1790429001173,"out":"/home/yaroslavvb/nekko/build/claims-v3/aifoundry1-c1/mem/p4/req31/ladder.u32","ok":true}
Opening device 1
MEMPROBE {"test":"program","name":"decomp","hart":1984,"arena_base":"0x8040000000","ops":67501,"results":13500,"cycles":13672344,"wall_s":0.0342,"t_start_ms":1790429001594,"t_end_ms":1790429001628,"out":"/home/yaroslavvb/nekko/build/claims-v3/aifoundry1-c1/mem/p4/req31/decomp.u32","ok":true}
