PCIE {"t_ms":1790665845241,"test":"open","open_ns":179702690,"src":"PCIEBENCH_SRC_SHA256 main=27b7ed06330c4bae26cd24be189cdac0d67432cb52b1e8c7fca1116abda1aa5f args=8ae69bd7d46097957b638ff4c6630eb3e66d3cb0654b77d3bf55f3336c61c508 touch=92180a93c6dae0a1dce8c379156f827bd6588115777499dc45e64bf606b46ec0","link":[{"bdf":"0000:02:00.0","speed":"16.0 GT/s PCIe","width":"8","max_speed":"16.0 GT/s PCIe","max_width":"8","cma_allocated":"2057 MB"}]}
PCIE {"t_ms":1790665845353,"test":"conc","trial":0,"copy":"dma","cfg":"d2h","legs":1,"bytes_per_leg":134217728,"leg_ns":[11959272],"wall_ns":11963068,"stream_errors":0,"mb":64,"cmds_per_leg":2,"elements":1}
PCIE {"t_ms":1790665845366,"test":"conc","trial":0,"copy":"dma","cfg":"d2h/ser","legs":1,"bytes_per_leg":134217728,"leg_ns":[13008640],"wall_ns":13010314,"stream_errors":0,"mb":64,"cmds_per_leg":2,"elements":1}
PCIE {"t_ms":1790665845388,"test":"conc","trial":0,"copy":"dma","cfg":"h2d","legs":1,"bytes_per_leg":134217728,"leg_ns":[21968027],"wall_ns":21970002,"stream_errors":0,"mb":64,"cmds_per_leg":2,"elements":1}
PCIE {"t_ms":1790665845409,"test":"conc","trial":0,"copy":"dma","cfg":"2xh2d/ser","legs":2,"bytes_per_leg":134217728,"leg_ns":[15979937,21263094],"wall_ns":21264732,"stream_errors":0,"mb":64,"cmds_per_leg":2,"elements":1}
PCIE {"t_ms":1790665845420,"test":"conc","trial":0,"copy":"dma","cfg":"h2d/ser","legs":1,"bytes_per_leg":134217728,"leg_ns":[10711353],"wall_ns":10712985,"stream_errors":0,"mb":64,"cmds_per_leg":2,"elements":1}
PCIE {"t_ms":1790665845442,"test":"conc","trial":1,"copy":"dma","cfg":"h2d","legs":1,"bytes_per_leg":134217728,"leg_ns":[22100200],"wall_ns":22101892,"stream_errors":0,"mb":64,"cmds_per_leg":2,"elements":1}
PCIE {"t_ms":1790665845463,"test":"conc","trial":1,"copy":"dma","cfg":"2xh2d/ser","legs":2,"bytes_per_leg":134217728,"leg_ns":[15993071,21276642],"wall_ns":21278267,"stream_errors":0,"mb":64,"cmds_per_leg":2,"elements":1}
PCIE {"t_ms":1790665845474,"test":"conc","trial":1,"copy":"dma","cfg":"h2d/ser","legs":1,"bytes_per_leg":134217728,"leg_ns":[10713237],"wall_ns":10714876,"stream_errors":0,"mb":64,"cmds_per_leg":2,"elements":1}
PCIE {"t_ms":1790665845486,"test":"conc","trial":1,"copy":"dma","cfg":"d2h","legs":1,"bytes_per_leg":134217728,"leg_ns":[12049290],"wall_ns":12050940,"stream_errors":0,"mb":64,"cmds_per_leg":2,"elements":1}
PCIE {"t_ms":1790665845499,"test":"conc","trial":1,"copy":"dma","cfg":"d2h/ser","legs":1,"bytes_per_leg":134217728,"leg_ns":[13001266],"wall_ns":13002903,"stream_errors":0,"mb":64,"cmds_per_leg":2,"elements":1}
PCIE {"t_ms":1790665845512,"test":"conc","trial":2,"copy":"dma","cfg":"d2h/ser","legs":1,"bytes_per_leg":134217728,"leg_ns":[12954362],"wall_ns":12956032,"stream_errors":0,"mb":64,"cmds_per_leg":2,"elements":1}
PCIE {"t_ms":1790665845523,"test":"conc","trial":2,"copy":"dma","cfg":"h2d/ser","legs":1,"bytes_per_leg":134217728,"leg_ns":[10670765],"wall_ns":10672419,"stream_errors":0,"mb":64,"cmds_per_leg":2,"elements":1}
PCIE {"t_ms":1790665845535,"test":"conc","trial":2,"copy":"dma","cfg":"d2h","legs":1,"bytes_per_leg":134217728,"leg_ns":[12095911],"wall_ns":12097551,"stream_errors":0,"mb":64,"cmds_per_leg":2,"elements":1}
PCIE {"t_ms":1790665845557,"test":"conc","trial":2,"copy":"dma","cfg":"h2d","legs":1,"bytes_per_leg":134217728,"leg_ns":[22001774],"wall_ns":22003375,"stream_errors":0,"mb":64,"cmds_per_leg":2,"elements":1}
PCIE {"t_ms":1790665845578,"test":"conc","trial":2,"copy":"dma","cfg":"2xh2d/ser","legs":2,"bytes_per_leg":134217728,"leg_ns":[15993896,21277430],"wall_ns":21279081,"stream_errors":0,"mb":64,"cmds_per_leg":2,"elements":1}
PCIE {"t_ms":1790665845600,"test":"conc","trial":3,"copy":"dma","cfg":"h2d","legs":1,"bytes_per_leg":134217728,"leg_ns":[22179110],"wall_ns":22182757,"stream_errors":0,"mb":64,"cmds_per_leg":2,"elements":1}
PCIE {"t_ms":1790665845611,"test":"conc","trial":3,"copy":"dma","cfg":"h2d/ser","legs":1,"bytes_per_leg":134217728,"leg_ns":[10725284],"wall_ns":10726985,"stream_errors":0,"mb":64,"cmds_per_leg":2,"elements":1}
PCIE {"t_ms":1790665845632,"test":"conc","trial":3,"copy":"dma","cfg":"2xh2d/ser","legs":2,"bytes_per_leg":134217728,"leg_ns":[15995240,21278942],"wall_ns":21280624,"stream_errors":0,"mb":64,"cmds_per_leg":2,"elements":1}
PCIE {"t_ms":1790665845646,"test":"conc","trial":3,"copy":"dma","cfg":"d2h/ser","legs":1,"bytes_per_leg":134217728,"leg_ns":[13209115],"wall_ns":13210808,"stream_errors":0,"mb":64,"cmds_per_leg":2,"elements":1}
PCIE {"t_ms":1790665845658,"test":"conc","trial":3,"copy":"dma","cfg":"d2h","legs":1,"bytes_per_leg":134217728,"leg_ns":[11926513],"wall_ns":11928075,"stream_errors":0,"mb":64,"cmds_per_leg":2,"elements":1}
PCIE {"t_ms":1790665845670,"test":"conc","trial":4,"copy":"dma","cfg":"d2h","legs":1,"bytes_per_leg":134217728,"leg_ns":[11868981],"wall_ns":11870647,"stream_errors":0,"mb":64,"cmds_per_leg":2,"elements":1}
PCIE {"t_ms":1790665845680,"test":"conc","trial":4,"copy":"dma","cfg":"h2d/ser","legs":1,"bytes_per_leg":134217728,"leg_ns":[10767012],"wall_ns":10768650,"stream_errors":0,"mb":64,"cmds_per_leg":2,"elements":1}
PCIE {"t_ms":1790665845702,"test":"conc","trial":4,"copy":"dma","cfg":"h2d","legs":1,"bytes_per_leg":134217728,"leg_ns":[22099044],"wall_ns":22100718,"stream_errors":0,"mb":64,"cmds_per_leg":2,"elements":1}
PCIE {"t_ms":1790665845716,"test":"conc","trial":4,"copy":"dma","cfg":"d2h/ser","legs":1,"bytes_per_leg":134217728,"leg_ns":[13208078],"wall_ns":13209747,"stream_errors":0,"mb":64,"cmds_per_leg":2,"elements":1}
PCIE {"t_ms":1790665845737,"test":"conc","trial":4,"copy":"dma","cfg":"2xh2d/ser","legs":2,"bytes_per_leg":134217728,"leg_ns":[15988003,21191800],"wall_ns":21193908,"stream_errors":0,"mb":64,"cmds_per_leg":2,"elements":1}
PCIE {"t_ms":1790665845759,"test":"conc","trial":5,"copy":"dma","cfg":"h2d","legs":1,"bytes_per_leg":134217728,"leg_ns":[22138966],"wall_ns":22140651,"stream_errors":0,"mb":64,"cmds_per_leg":2,"elements":1}
PCIE {"t_ms":1790665845770,"test":"conc","trial":5,"copy":"dma","cfg":"h2d/ser","legs":1,"bytes_per_leg":134217728,"leg_ns":[10741724],"wall_ns":10743323,"stream_errors":0,"mb":64,"cmds_per_leg":2,"elements":1}
PCIE {"t_ms":1790665845783,"test":"conc","trial":5,"copy":"dma","cfg":"d2h/ser","legs":1,"bytes_per_leg":134217728,"leg_ns":[13207617],"wall_ns":13209217,"stream_errors":0,"mb":64,"cmds_per_leg":2,"elements":1}
PCIE {"t_ms":1790665845795,"test":"conc","trial":5,"copy":"dma","cfg":"d2h","legs":1,"bytes_per_leg":134217728,"leg_ns":[11907584],"wall_ns":11909238,"stream_errors":0,"mb":64,"cmds_per_leg":2,"elements":1}
PCIE {"t_ms":1790665845816,"test":"conc","trial":5,"copy":"dma","cfg":"2xh2d/ser","legs":2,"bytes_per_leg":134217728,"leg_ns":[15976970,21281856],"wall_ns":21283521,"stream_errors":0,"mb":64,"cmds_per_leg":2,"elements":1}
PCIE {"t_ms":1790665845829,"test":"conc","trial":6,"copy":"dma","cfg":"d2h/ser","legs":1,"bytes_per_leg":134217728,"leg_ns":[13312374],"wall_ns":13314024,"stream_errors":0,"mb":64,"cmds_per_leg":2,"elements":1}
PCIE {"t_ms":1790665845851,"test":"conc","trial":6,"copy":"dma","cfg":"2xh2d/ser","legs":2,"bytes_per_leg":134217728,"leg_ns":[16063264,21266621],"wall_ns":21268239,"stream_errors":0,"mb":64,"cmds_per_leg":2,"elements":1}
PCIE {"t_ms":1790665845861,"test":"conc","trial":6,"copy":"dma","cfg":"h2d/ser","legs":1,"bytes_per_leg":134217728,"leg_ns":[10790721],"wall_ns":10792420,"stream_errors":0,"mb":64,"cmds_per_leg":2,"elements":1}
PCIE {"t_ms":1790665845874,"test":"conc","trial":6,"copy":"dma","cfg":"d2h","legs":1,"bytes_per_leg":134217728,"leg_ns":[12037187],"wall_ns":12038846,"stream_errors":0,"mb":64,"cmds_per_leg":2,"elements":1}
PCIE {"t_ms":1790665845896,"test":"conc","trial":6,"copy":"dma","cfg":"h2d","legs":1,"bytes_per_leg":134217728,"leg_ns":[22060761],"wall_ns":22062573,"stream_errors":0,"mb":64,"cmds_per_leg":2,"elements":1}
PCIE {"t_ms":1790665845909,"test":"conc","trial":7,"copy":"dma","cfg":"d2h/ser","legs":1,"bytes_per_leg":134217728,"leg_ns":[13202893],"wall_ns":13204502,"stream_errors":0,"mb":64,"cmds_per_leg":2,"elements":1}
PCIE {"t_ms":1790665845920,"test":"conc","trial":7,"copy":"dma","cfg":"h2d/ser","legs":1,"bytes_per_leg":134217728,"leg_ns":[10783766],"wall_ns":10785377,"stream_errors":0,"mb":64,"cmds_per_leg":2,"elements":1}
PCIE {"t_ms":1790665845941,"test":"conc","trial":7,"copy":"dma","cfg":"2xh2d/ser","legs":2,"bytes_per_leg":134217728,"leg_ns":[15994833,21197514],"wall_ns":21199600,"stream_errors":0,"mb":64,"cmds_per_leg":2,"elements":1}
PCIE {"t_ms":1790665845963,"test":"conc","trial":7,"copy":"dma","cfg":"h2d","legs":1,"bytes_per_leg":134217728,"leg_ns":[22124047],"wall_ns":22125751,"stream_errors":0,"mb":64,"cmds_per_leg":2,"elements":1}
PCIE {"t_ms":1790665845975,"test":"conc","trial":7,"copy":"dma","cfg":"d2h","legs":1,"bytes_per_leg":134217728,"leg_ns":[12020093],"wall_ns":12021779,"stream_errors":0,"mb":64,"cmds_per_leg":2,"elements":1}
PCIE {"t_ms":1790665845986,"test":"conc","trial":8,"copy":"dma","cfg":"h2d/ser","legs":1,"bytes_per_leg":134217728,"leg_ns":[10732626],"wall_ns":10734350,"stream_errors":0,"mb":64,"cmds_per_leg":2,"elements":1}
PCIE {"t_ms":1790665845999,"test":"conc","trial":8,"copy":"dma","cfg":"d2h/ser","legs":1,"bytes_per_leg":134217728,"leg_ns":[13211299],"wall_ns":13212917,"stream_errors":0,"mb":64,"cmds_per_leg":2,"elements":1}
PCIE {"t_ms":1790665846021,"test":"conc","trial":8,"copy":"dma","cfg":"h2d","legs":1,"bytes_per_leg":134217728,"leg_ns":[22087374],"wall_ns":22089064,"stream_errors":0,"mb":64,"cmds_per_leg":2,"elements":1}
PCIE {"t_ms":1790665846042,"test":"conc","trial":8,"copy":"dma","cfg":"2xh2d/ser","legs":2,"bytes_per_leg":134217728,"leg_ns":[15995181,21278372],"wall_ns":21280187,"stream_errors":0,"mb":64,"cmds_per_leg":2,"elements":1}
PCIE {"t_ms":1790665846054,"test":"conc","trial":8,"copy":"dma","cfg":"d2h","legs":1,"bytes_per_leg":134217728,"leg_ns":[11969606],"wall_ns":11971222,"stream_errors":0,"mb":64,"cmds_per_leg":2,"elements":1}
PCIE {"t_ms":1790665846061,"test":"done","which":"conc","elapsed_s":0.999820}
