PCIE {"t_ms":1790665857963,"test":"open","open_ns":178907671,"src":"PCIEBENCH_SRC_SHA256 main=27b7ed06330c4bae26cd24be189cdac0d67432cb52b1e8c7fca1116abda1aa5f args=8ae69bd7d46097957b638ff4c6630eb3e66d3cb0654b77d3bf55f3336c61c508 touch=92180a93c6dae0a1dce8c379156f827bd6588115777499dc45e64bf606b46ec0","link":[{"bdf":"0000:02:00.0","speed":"16.0 GT/s PCIe","width":"8","max_speed":"16.0 GT/s PCIe","max_width":"8","cma_allocated":"2057 MB"}]}
PCIE {"t_ms":1790665857992,"test":"conc","trial":0,"copy":"dma","cfg":"d2h","legs":1,"bytes_per_leg":33554432,"leg_ns":[3273363],"wall_ns":3275398,"stream_errors":0,"mb":16,"cmds_per_leg":2,"elements":8}
PCIE {"t_ms":1790665857995,"test":"conc","trial":0,"copy":"dma","cfg":"d2h/ser","legs":1,"bytes_per_leg":33554432,"leg_ns":[2748216],"wall_ns":2750006,"stream_errors":0,"mb":16,"cmds_per_leg":2,"elements":8}
PCIE {"t_ms":1790665858000,"test":"conc","trial":0,"copy":"dma","cfg":"h2d","legs":1,"bytes_per_leg":33554432,"leg_ns":[5634293],"wall_ns":5636041,"stream_errors":0,"mb":16,"cmds_per_leg":2,"elements":8}
PCIE {"t_ms":1790665858006,"test":"conc","trial":0,"copy":"dma","cfg":"2xh2d/ser","legs":2,"bytes_per_leg":33554432,"leg_ns":[4610285,5916734],"wall_ns":5918485,"stream_errors":0,"mb":16,"cmds_per_leg":2,"elements":8}
PCIE {"t_ms":1790665858009,"test":"conc","trial":0,"copy":"dma","cfg":"h2d/ser","legs":1,"bytes_per_leg":33554432,"leg_ns":[2891000],"wall_ns":2892701,"stream_errors":0,"mb":16,"cmds_per_leg":2,"elements":8}
PCIE {"t_ms":1790665858015,"test":"conc","trial":1,"copy":"dma","cfg":"h2d","legs":1,"bytes_per_leg":33554432,"leg_ns":[5589470],"wall_ns":5591250,"stream_errors":0,"mb":16,"cmds_per_leg":2,"elements":8}
PCIE {"t_ms":1790665858020,"test":"conc","trial":1,"copy":"dma","cfg":"2xh2d/ser","legs":2,"bytes_per_leg":33554432,"leg_ns":[4195441,5582063],"wall_ns":5583751,"stream_errors":0,"mb":16,"cmds_per_leg":2,"elements":8}
PCIE {"t_ms":1790665858023,"test":"conc","trial":1,"copy":"dma","cfg":"h2d/ser","legs":1,"bytes_per_leg":33554432,"leg_ns":[2915410],"wall_ns":2917078,"stream_errors":0,"mb":16,"cmds_per_leg":2,"elements":8}
PCIE {"t_ms":1790665858027,"test":"conc","trial":1,"copy":"dma","cfg":"d2h","legs":1,"bytes_per_leg":33554432,"leg_ns":[3355697],"wall_ns":3357418,"stream_errors":0,"mb":16,"cmds_per_leg":2,"elements":8}
PCIE {"t_ms":1790665858029,"test":"conc","trial":1,"copy":"dma","cfg":"d2h/ser","legs":1,"bytes_per_leg":33554432,"leg_ns":[2697091],"wall_ns":2698768,"stream_errors":0,"mb":16,"cmds_per_leg":2,"elements":8}
PCIE {"t_ms":1790665858032,"test":"conc","trial":2,"copy":"dma","cfg":"d2h/ser","legs":1,"bytes_per_leg":33554432,"leg_ns":[2756792],"wall_ns":2758409,"stream_errors":0,"mb":16,"cmds_per_leg":2,"elements":8}
PCIE {"t_ms":1790665858035,"test":"conc","trial":2,"copy":"dma","cfg":"h2d/ser","legs":1,"bytes_per_leg":33554432,"leg_ns":[2870873],"wall_ns":2872533,"stream_errors":0,"mb":16,"cmds_per_leg":2,"elements":8}
PCIE {"t_ms":1790665858038,"test":"conc","trial":2,"copy":"dma","cfg":"d2h","legs":1,"bytes_per_leg":33554432,"leg_ns":[2977853],"wall_ns":3072927,"stream_errors":0,"mb":16,"cmds_per_leg":2,"elements":8}
PCIE {"t_ms":1790665858043,"test":"conc","trial":2,"copy":"dma","cfg":"h2d","legs":1,"bytes_per_leg":33554432,"leg_ns":[5405035],"wall_ns":5406689,"stream_errors":0,"mb":16,"cmds_per_leg":2,"elements":8}
PCIE {"t_ms":1790665858049,"test":"conc","trial":2,"copy":"dma","cfg":"2xh2d/ser","legs":2,"bytes_per_leg":33554432,"leg_ns":[4299611,5606564],"wall_ns":5608211,"stream_errors":0,"mb":16,"cmds_per_leg":2,"elements":8}
PCIE {"t_ms":1790665858055,"test":"conc","trial":3,"copy":"dma","cfg":"h2d","legs":1,"bytes_per_leg":33554432,"leg_ns":[5700352],"wall_ns":5702055,"stream_errors":0,"mb":16,"cmds_per_leg":2,"elements":8}
PCIE {"t_ms":1790665858058,"test":"conc","trial":3,"copy":"dma","cfg":"h2d/ser","legs":1,"bytes_per_leg":33554432,"leg_ns":[2881566],"wall_ns":2883232,"stream_errors":0,"mb":16,"cmds_per_leg":2,"elements":8}
PCIE {"t_ms":1790665858063,"test":"conc","trial":3,"copy":"dma","cfg":"2xh2d/ser","legs":2,"bytes_per_leg":33554432,"leg_ns":[4507548,5790973],"wall_ns":5792686,"stream_errors":0,"mb":16,"cmds_per_leg":2,"elements":8}
PCIE {"t_ms":1790665858067,"test":"conc","trial":3,"copy":"dma","cfg":"d2h/ser","legs":1,"bytes_per_leg":33554432,"leg_ns":[3149266],"wall_ns":3151011,"stream_errors":0,"mb":16,"cmds_per_leg":2,"elements":8}
PCIE {"t_ms":1790665858070,"test":"conc","trial":3,"copy":"dma","cfg":"d2h","legs":1,"bytes_per_leg":33554432,"leg_ns":[3022324],"wall_ns":3024014,"stream_errors":0,"mb":16,"cmds_per_leg":2,"elements":8}
PCIE {"t_ms":1790665858073,"test":"conc","trial":4,"copy":"dma","cfg":"d2h","legs":1,"bytes_per_leg":33554432,"leg_ns":[3057468],"wall_ns":3059159,"stream_errors":0,"mb":16,"cmds_per_leg":2,"elements":8}
PCIE {"t_ms":1790665858075,"test":"conc","trial":4,"copy":"dma","cfg":"h2d/ser","legs":1,"bytes_per_leg":33554432,"leg_ns":[2852005],"wall_ns":2853762,"stream_errors":0,"mb":16,"cmds_per_leg":2,"elements":8}
PCIE {"t_ms":1790665858081,"test":"conc","trial":4,"copy":"dma","cfg":"h2d","legs":1,"bytes_per_leg":33554432,"leg_ns":[5507000],"wall_ns":5508751,"stream_errors":0,"mb":16,"cmds_per_leg":2,"elements":8}
PCIE {"t_ms":1790665858084,"test":"conc","trial":4,"copy":"dma","cfg":"d2h/ser","legs":1,"bytes_per_leg":33554432,"leg_ns":[2756006],"wall_ns":2757651,"stream_errors":0,"mb":16,"cmds_per_leg":2,"elements":8}
PCIE {"t_ms":1790665858089,"test":"conc","trial":4,"copy":"dma","cfg":"2xh2d/ser","legs":2,"bytes_per_leg":33554432,"leg_ns":[4236383,5620948],"wall_ns":5622666,"stream_errors":0,"mb":16,"cmds_per_leg":2,"elements":8}
PCIE {"t_ms":1790665858095,"test":"conc","trial":5,"copy":"dma","cfg":"h2d","legs":1,"bytes_per_leg":33554432,"leg_ns":[5760503],"wall_ns":5762193,"stream_errors":0,"mb":16,"cmds_per_leg":2,"elements":8}
PCIE {"t_ms":1790665858098,"test":"conc","trial":5,"copy":"dma","cfg":"h2d/ser","legs":1,"bytes_per_leg":33554432,"leg_ns":[2843427],"wall_ns":2845099,"stream_errors":0,"mb":16,"cmds_per_leg":2,"elements":8}
PCIE {"t_ms":1790665858101,"test":"conc","trial":5,"copy":"dma","cfg":"d2h/ser","legs":1,"bytes_per_leg":33554432,"leg_ns":[3214809],"wall_ns":3216555,"stream_errors":0,"mb":16,"cmds_per_leg":2,"elements":8}
PCIE {"t_ms":1790665858104,"test":"conc","trial":5,"copy":"dma","cfg":"d2h","legs":1,"bytes_per_leg":33554432,"leg_ns":[3072736],"wall_ns":3084991,"stream_errors":0,"mb":16,"cmds_per_leg":2,"elements":8}
PCIE {"t_ms":1790665858110,"test":"conc","trial":5,"copy":"dma","cfg":"2xh2d/ser","legs":2,"bytes_per_leg":33554432,"leg_ns":[4376374,5687949],"wall_ns":5689650,"stream_errors":0,"mb":16,"cmds_per_leg":2,"elements":8}
PCIE {"t_ms":1790665858113,"test":"conc","trial":6,"copy":"dma","cfg":"d2h/ser","legs":1,"bytes_per_leg":33554432,"leg_ns":[3216135],"wall_ns":3217897,"stream_errors":0,"mb":16,"cmds_per_leg":2,"elements":8}
PCIE {"t_ms":1790665858119,"test":"conc","trial":6,"copy":"dma","cfg":"2xh2d/ser","legs":2,"bytes_per_leg":33554432,"leg_ns":[4255401,5562469],"wall_ns":5564573,"stream_errors":0,"mb":16,"cmds_per_leg":2,"elements":8}
PCIE {"t_ms":1790665858122,"test":"conc","trial":6,"copy":"dma","cfg":"h2d/ser","legs":1,"bytes_per_leg":33554432,"leg_ns":[2890611],"wall_ns":2892828,"stream_errors":0,"mb":16,"cmds_per_leg":2,"elements":8}
PCIE {"t_ms":1790665858125,"test":"conc","trial":6,"copy":"dma","cfg":"d2h","legs":1,"bytes_per_leg":33554432,"leg_ns":[3681553],"wall_ns":3736295,"stream_errors":0,"mb":16,"cmds_per_leg":2,"elements":8}
PCIE {"t_ms":1790665858131,"test":"conc","trial":6,"copy":"dma","cfg":"h2d","legs":1,"bytes_per_leg":33554432,"leg_ns":[5552021],"wall_ns":5553706,"stream_errors":0,"mb":16,"cmds_per_leg":2,"elements":8}
PCIE {"t_ms":1790665858134,"test":"conc","trial":7,"copy":"dma","cfg":"d2h/ser","legs":1,"bytes_per_leg":33554432,"leg_ns":[2678419],"wall_ns":2680203,"stream_errors":0,"mb":16,"cmds_per_leg":2,"elements":8}
PCIE {"t_ms":1790665858137,"test":"conc","trial":7,"copy":"dma","cfg":"h2d/ser","legs":1,"bytes_per_leg":33554432,"leg_ns":[2896582],"wall_ns":2898679,"stream_errors":0,"mb":16,"cmds_per_leg":2,"elements":8}
PCIE {"t_ms":1790665858142,"test":"conc","trial":7,"copy":"dma","cfg":"2xh2d/ser","legs":2,"bytes_per_leg":33554432,"leg_ns":[4298942,5605993],"wall_ns":5607710,"stream_errors":0,"mb":16,"cmds_per_leg":2,"elements":8}
PCIE {"t_ms":1790665858148,"test":"conc","trial":7,"copy":"dma","cfg":"h2d","legs":1,"bytes_per_leg":33554432,"leg_ns":[5685366],"wall_ns":5687189,"stream_errors":0,"mb":16,"cmds_per_leg":2,"elements":8}
PCIE {"t_ms":1790665858151,"test":"conc","trial":7,"copy":"dma","cfg":"d2h","legs":1,"bytes_per_leg":33554432,"leg_ns":[3343341],"wall_ns":3345014,"stream_errors":0,"mb":16,"cmds_per_leg":2,"elements":8}
PCIE {"t_ms":1790665858154,"test":"conc","trial":8,"copy":"dma","cfg":"h2d/ser","legs":1,"bytes_per_leg":33554432,"leg_ns":[2949663],"wall_ns":2951331,"stream_errors":0,"mb":16,"cmds_per_leg":2,"elements":8}
PCIE {"t_ms":1790665858157,"test":"conc","trial":8,"copy":"dma","cfg":"d2h/ser","legs":1,"bytes_per_leg":33554432,"leg_ns":[2691320],"wall_ns":2693029,"stream_errors":0,"mb":16,"cmds_per_leg":2,"elements":8}
PCIE {"t_ms":1790665858162,"test":"conc","trial":8,"copy":"dma","cfg":"h2d","legs":1,"bytes_per_leg":33554432,"leg_ns":[5592603],"wall_ns":5594247,"stream_errors":0,"mb":16,"cmds_per_leg":2,"elements":8}
PCIE {"t_ms":1790665858168,"test":"conc","trial":8,"copy":"dma","cfg":"2xh2d/ser","legs":2,"bytes_per_leg":33554432,"leg_ns":[4297514,5603837],"wall_ns":5605536,"stream_errors":0,"mb":16,"cmds_per_leg":2,"elements":8}
PCIE {"t_ms":1790665858171,"test":"conc","trial":8,"copy":"dma","cfg":"d2h","legs":1,"bytes_per_leg":33554432,"leg_ns":[3321964],"wall_ns":3323664,"stream_errors":0,"mb":16,"cmds_per_leg":2,"elements":8}
PCIE {"t_ms":1790665858174,"test":"conc","trial":9,"copy":"dma","cfg":"d2h/ser","legs":1,"bytes_per_leg":33554432,"leg_ns":[2644960],"wall_ns":2646622,"stream_errors":0,"mb":16,"cmds_per_leg":2,"elements":8}
PCIE {"t_ms":1790665858177,"test":"conc","trial":9,"copy":"dma","cfg":"d2h","legs":1,"bytes_per_leg":33554432,"leg_ns":[3139778],"wall_ns":3269407,"stream_errors":0,"mb":16,"cmds_per_leg":2,"elements":8}
PCIE {"t_ms":1790665858183,"test":"conc","trial":9,"copy":"dma","cfg":"h2d","legs":1,"bytes_per_leg":33554432,"leg_ns":[5342276],"wall_ns":5344045,"stream_errors":0,"mb":16,"cmds_per_leg":2,"elements":8}
PCIE {"t_ms":1790665858186,"test":"conc","trial":9,"copy":"dma","cfg":"h2d/ser","legs":1,"bytes_per_leg":33554432,"leg_ns":[2992225],"wall_ns":2993886,"stream_errors":0,"mb":16,"cmds_per_leg":2,"elements":8}
PCIE {"t_ms":1790665858191,"test":"conc","trial":9,"copy":"dma","cfg":"2xh2d/ser","legs":2,"bytes_per_leg":33554432,"leg_ns":[4403831,5690006],"wall_ns":5691657,"stream_errors":0,"mb":16,"cmds_per_leg":2,"elements":8}
PCIE {"t_ms":1790665858195,"test":"conc","trial":10,"copy":"dma","cfg":"d2h/ser","legs":1,"bytes_per_leg":33554432,"leg_ns":[3248228],"wall_ns":3249855,"stream_errors":0,"mb":16,"cmds_per_leg":2,"elements":8}
PCIE {"t_ms":1790665858198,"test":"conc","trial":10,"copy":"dma","cfg":"d2h","legs":1,"bytes_per_leg":33554432,"leg_ns":[3252838],"wall_ns":3321114,"stream_errors":0,"mb":16,"cmds_per_leg":2,"elements":8}
PCIE {"t_ms":1790665858201,"test":"conc","trial":10,"copy":"dma","cfg":"h2d/ser","legs":1,"bytes_per_leg":33554432,"leg_ns":[2826558],"wall_ns":2828270,"stream_errors":0,"mb":16,"cmds_per_leg":2,"elements":8}
PCIE {"t_ms":1790665858206,"test":"conc","trial":10,"copy":"dma","cfg":"2xh2d/ser","legs":2,"bytes_per_leg":33554432,"leg_ns":[4303597,5587604],"wall_ns":5589352,"stream_errors":0,"mb":16,"cmds_per_leg":2,"elements":8}
PCIE {"t_ms":1790665858212,"test":"conc","trial":10,"copy":"dma","cfg":"h2d","legs":1,"bytes_per_leg":33554432,"leg_ns":[5548373],"wall_ns":5550192,"stream_errors":0,"mb":16,"cmds_per_leg":2,"elements":8}
PCIE {"t_ms":1790665858214,"test":"done","which":"conc","elapsed_s":0.429637}
