PCIE {"t_ms":1790665855821,"test":"open","open_ns":179577729,"src":"PCIEBENCH_SRC_SHA256 main=27b7ed06330c4bae26cd24be189cdac0d67432cb52b1e8c7fca1116abda1aa5f args=8ae69bd7d46097957b638ff4c6630eb3e66d3cb0654b77d3bf55f3336c61c508 touch=92180a93c6dae0a1dce8c379156f827bd6588115777499dc45e64bf606b46ec0","link":[{"bdf":"0000:02:00.0","speed":"16.0 GT/s PCIe","width":"8","max_speed":"16.0 GT/s PCIe","max_width":"8","cma_allocated":"2057 MB"}]}
PCIE {"t_ms":1790665855933,"test":"conc","trial":0,"copy":"dma","cfg":"d2h","legs":1,"bytes_per_leg":134217728,"leg_ns":[11995481],"wall_ns":11997969,"stream_errors":0,"mb":64,"cmds_per_leg":2,"elements":0}
PCIE {"t_ms":1790665855946,"test":"conc","trial":0,"copy":"dma","cfg":"d2h/ser","legs":1,"bytes_per_leg":134217728,"leg_ns":[13064902],"wall_ns":13066977,"stream_errors":0,"mb":64,"cmds_per_leg":2,"elements":0}
PCIE {"t_ms":1790665855968,"test":"conc","trial":0,"copy":"dma","cfg":"h2d","legs":1,"bytes_per_leg":134217728,"leg_ns":[22095664],"wall_ns":22097735,"stream_errors":0,"mb":64,"cmds_per_leg":2,"elements":0}
PCIE {"t_ms":1790665855989,"test":"conc","trial":0,"copy":"dma","cfg":"2xh2d/ser","legs":2,"bytes_per_leg":134217728,"leg_ns":[16089273,21369143],"wall_ns":21371244,"stream_errors":0,"mb":64,"cmds_per_leg":2,"elements":0}
PCIE {"t_ms":1790665856000,"test":"conc","trial":0,"copy":"dma","cfg":"h2d/ser","legs":1,"bytes_per_leg":134217728,"leg_ns":[10850349],"wall_ns":10852273,"stream_errors":0,"mb":64,"cmds_per_leg":2,"elements":0}
PCIE {"t_ms":1790665856022,"test":"conc","trial":1,"copy":"dma","cfg":"h2d","legs":1,"bytes_per_leg":134217728,"leg_ns":[21854732],"wall_ns":21862952,"stream_errors":0,"mb":64,"cmds_per_leg":2,"elements":0}
PCIE {"t_ms":1790665856043,"test":"conc","trial":1,"copy":"dma","cfg":"2xh2d/ser","legs":2,"bytes_per_leg":134217728,"leg_ns":[16121547,21265883],"wall_ns":21268037,"stream_errors":0,"mb":64,"cmds_per_leg":2,"elements":0}
PCIE {"t_ms":1790665856054,"test":"conc","trial":1,"copy":"dma","cfg":"h2d/ser","legs":1,"bytes_per_leg":134217728,"leg_ns":[10741964],"wall_ns":10743572,"stream_errors":0,"mb":64,"cmds_per_leg":2,"elements":0}
PCIE {"t_ms":1790665856066,"test":"conc","trial":1,"copy":"dma","cfg":"d2h","legs":1,"bytes_per_leg":134217728,"leg_ns":[12155192],"wall_ns":12156938,"stream_errors":0,"mb":64,"cmds_per_leg":2,"elements":0}
PCIE {"t_ms":1790665856079,"test":"conc","trial":1,"copy":"dma","cfg":"d2h/ser","legs":1,"bytes_per_leg":134217728,"leg_ns":[13243622],"wall_ns":13245624,"stream_errors":0,"mb":64,"cmds_per_leg":2,"elements":0}
PCIE {"t_ms":1790665856092,"test":"conc","trial":2,"copy":"dma","cfg":"d2h/ser","legs":1,"bytes_per_leg":134217728,"leg_ns":[12953471],"wall_ns":12956066,"stream_errors":0,"mb":64,"cmds_per_leg":2,"elements":0}
PCIE {"t_ms":1790665856103,"test":"conc","trial":2,"copy":"dma","cfg":"h2d/ser","legs":1,"bytes_per_leg":134217728,"leg_ns":[10685069],"wall_ns":10686786,"stream_errors":0,"mb":64,"cmds_per_leg":2,"elements":0}
PCIE {"t_ms":1790665856115,"test":"conc","trial":2,"copy":"dma","cfg":"d2h","legs":1,"bytes_per_leg":134217728,"leg_ns":[12223237],"wall_ns":12226944,"stream_errors":0,"mb":64,"cmds_per_leg":2,"elements":0}
PCIE {"t_ms":1790665856138,"test":"conc","trial":2,"copy":"dma","cfg":"h2d","legs":1,"bytes_per_leg":134217728,"leg_ns":[22190486],"wall_ns":22192171,"stream_errors":0,"mb":64,"cmds_per_leg":2,"elements":0}
PCIE {"t_ms":1790665856159,"test":"conc","trial":2,"copy":"dma","cfg":"2xh2d/ser","legs":2,"bytes_per_leg":134217728,"leg_ns":[16197933,21387495],"wall_ns":21389499,"stream_errors":0,"mb":64,"cmds_per_leg":2,"elements":0}
PCIE {"t_ms":1790665856181,"test":"conc","trial":3,"copy":"dma","cfg":"h2d","legs":1,"bytes_per_leg":134217728,"leg_ns":[22101607],"wall_ns":22103300,"stream_errors":0,"mb":64,"cmds_per_leg":2,"elements":0}
PCIE {"t_ms":1790665856192,"test":"conc","trial":3,"copy":"dma","cfg":"h2d/ser","legs":1,"bytes_per_leg":134217728,"leg_ns":[10896648],"wall_ns":10898366,"stream_errors":0,"mb":64,"cmds_per_leg":2,"elements":0}
PCIE {"t_ms":1790665856213,"test":"conc","trial":3,"copy":"dma","cfg":"2xh2d/ser","legs":2,"bytes_per_leg":134217728,"leg_ns":[16195530,21397352],"wall_ns":21399084,"stream_errors":0,"mb":64,"cmds_per_leg":2,"elements":0}
PCIE {"t_ms":1790665856227,"test":"conc","trial":3,"copy":"dma","cfg":"d2h/ser","legs":1,"bytes_per_leg":134217728,"leg_ns":[13260263],"wall_ns":13264163,"stream_errors":0,"mb":64,"cmds_per_leg":2,"elements":0}
PCIE {"t_ms":1790665856239,"test":"conc","trial":3,"copy":"dma","cfg":"d2h","legs":1,"bytes_per_leg":134217728,"leg_ns":[12026059],"wall_ns":12027779,"stream_errors":0,"mb":64,"cmds_per_leg":2,"elements":0}
PCIE {"t_ms":1790665856251,"test":"conc","trial":4,"copy":"dma","cfg":"d2h","legs":1,"bytes_per_leg":134217728,"leg_ns":[11921909],"wall_ns":11923627,"stream_errors":0,"mb":64,"cmds_per_leg":2,"elements":0}
PCIE {"t_ms":1790665856261,"test":"conc","trial":4,"copy":"dma","cfg":"h2d/ser","legs":1,"bytes_per_leg":134217728,"leg_ns":[10691457],"wall_ns":10693038,"stream_errors":0,"mb":64,"cmds_per_leg":2,"elements":0}
PCIE {"t_ms":1790665856283,"test":"conc","trial":4,"copy":"dma","cfg":"h2d","legs":1,"bytes_per_leg":134217728,"leg_ns":[22142199],"wall_ns":22143805,"stream_errors":0,"mb":64,"cmds_per_leg":2,"elements":0}
PCIE {"t_ms":1790665856297,"test":"conc","trial":4,"copy":"dma","cfg":"d2h/ser","legs":1,"bytes_per_leg":134217728,"leg_ns":[13371555],"wall_ns":13373713,"stream_errors":0,"mb":64,"cmds_per_leg":2,"elements":0}
PCIE {"t_ms":1790665856319,"test":"conc","trial":4,"copy":"dma","cfg":"2xh2d/ser","legs":2,"bytes_per_leg":134217728,"leg_ns":[16430851,21722621],"wall_ns":21724949,"stream_errors":0,"mb":64,"cmds_per_leg":2,"elements":0}
PCIE {"t_ms":1790665856341,"test":"conc","trial":5,"copy":"dma","cfg":"h2d","legs":1,"bytes_per_leg":134217728,"leg_ns":[21992885],"wall_ns":21994521,"stream_errors":0,"mb":64,"cmds_per_leg":2,"elements":0}
PCIE {"t_ms":1790665856351,"test":"conc","trial":5,"copy":"dma","cfg":"h2d/ser","legs":1,"bytes_per_leg":134217728,"leg_ns":[10779102],"wall_ns":10780789,"stream_errors":0,"mb":64,"cmds_per_leg":2,"elements":0}
PCIE {"t_ms":1790665856365,"test":"conc","trial":5,"copy":"dma","cfg":"d2h/ser","legs":1,"bytes_per_leg":134217728,"leg_ns":[13234872],"wall_ns":13237059,"stream_errors":0,"mb":64,"cmds_per_leg":2,"elements":0}
PCIE {"t_ms":1790665856376,"test":"conc","trial":5,"copy":"dma","cfg":"d2h","legs":1,"bytes_per_leg":134217728,"leg_ns":[11866784],"wall_ns":11873627,"stream_errors":0,"mb":64,"cmds_per_leg":2,"elements":0}
PCIE {"t_ms":1790665856398,"test":"conc","trial":5,"copy":"dma","cfg":"2xh2d/ser","legs":2,"bytes_per_leg":134217728,"leg_ns":[16076035,21281506],"wall_ns":21283125,"stream_errors":0,"mb":64,"cmds_per_leg":2,"elements":0}
PCIE {"t_ms":1790665856411,"test":"conc","trial":6,"copy":"dma","cfg":"d2h/ser","legs":1,"bytes_per_leg":134217728,"leg_ns":[13141346],"wall_ns":13143008,"stream_errors":0,"mb":64,"cmds_per_leg":2,"elements":0}
PCIE {"t_ms":1790665856432,"test":"conc","trial":6,"copy":"dma","cfg":"2xh2d/ser","legs":2,"bytes_per_leg":134217728,"leg_ns":[15956717,21258212],"wall_ns":21259840,"stream_errors":0,"mb":64,"cmds_per_leg":2,"elements":0}
PCIE {"t_ms":1790665856443,"test":"conc","trial":6,"copy":"dma","cfg":"h2d/ser","legs":1,"bytes_per_leg":134217728,"leg_ns":[10799611],"wall_ns":10801305,"stream_errors":0,"mb":64,"cmds_per_leg":2,"elements":0}
PCIE {"t_ms":1790665856455,"test":"conc","trial":6,"copy":"dma","cfg":"d2h","legs":1,"bytes_per_leg":134217728,"leg_ns":[11898554],"wall_ns":11900214,"stream_errors":0,"mb":64,"cmds_per_leg":2,"elements":0}
PCIE {"t_ms":1790665856477,"test":"conc","trial":6,"copy":"dma","cfg":"h2d","legs":1,"bytes_per_leg":134217728,"leg_ns":[22086107],"wall_ns":22087774,"stream_errors":0,"mb":64,"cmds_per_leg":2,"elements":0}
PCIE {"t_ms":1790665856490,"test":"conc","trial":7,"copy":"dma","cfg":"d2h/ser","legs":1,"bytes_per_leg":134217728,"leg_ns":[13143833],"wall_ns":13145407,"stream_errors":0,"mb":64,"cmds_per_leg":2,"elements":0}
PCIE {"t_ms":1790665856501,"test":"conc","trial":7,"copy":"dma","cfg":"h2d/ser","legs":1,"bytes_per_leg":134217728,"leg_ns":[10842402],"wall_ns":10844058,"stream_errors":0,"mb":64,"cmds_per_leg":2,"elements":0}
PCIE {"t_ms":1790665856522,"test":"conc","trial":7,"copy":"dma","cfg":"2xh2d/ser","legs":2,"bytes_per_leg":134217728,"leg_ns":[15997535,21208522],"wall_ns":21210182,"stream_errors":0,"mb":64,"cmds_per_leg":2,"elements":0}
PCIE {"t_ms":1790665856544,"test":"conc","trial":7,"copy":"dma","cfg":"h2d","legs":1,"bytes_per_leg":134217728,"leg_ns":[22090180],"wall_ns":22091775,"stream_errors":0,"mb":64,"cmds_per_leg":2,"elements":0}
PCIE {"t_ms":1790665856556,"test":"conc","trial":7,"copy":"dma","cfg":"d2h","legs":1,"bytes_per_leg":134217728,"leg_ns":[11913127],"wall_ns":11914792,"stream_errors":0,"mb":64,"cmds_per_leg":2,"elements":0}
PCIE {"t_ms":1790665856567,"test":"conc","trial":8,"copy":"dma","cfg":"h2d/ser","legs":1,"bytes_per_leg":134217728,"leg_ns":[10764682],"wall_ns":10766440,"stream_errors":0,"mb":64,"cmds_per_leg":2,"elements":0}
PCIE {"t_ms":1790665856580,"test":"conc","trial":8,"copy":"dma","cfg":"d2h/ser","legs":1,"bytes_per_leg":134217728,"leg_ns":[13146428],"wall_ns":13148059,"stream_errors":0,"mb":64,"cmds_per_leg":2,"elements":0}
PCIE {"t_ms":1790665856602,"test":"conc","trial":8,"copy":"dma","cfg":"h2d","legs":1,"bytes_per_leg":134217728,"leg_ns":[22171416],"wall_ns":22173186,"stream_errors":0,"mb":64,"cmds_per_leg":2,"elements":0}
PCIE {"t_ms":1790665856624,"test":"conc","trial":8,"copy":"dma","cfg":"2xh2d/ser","legs":2,"bytes_per_leg":134217728,"leg_ns":[16062024,21274428],"wall_ns":21276149,"stream_errors":0,"mb":64,"cmds_per_leg":2,"elements":0}
PCIE {"t_ms":1790665856635,"test":"conc","trial":8,"copy":"dma","cfg":"d2h","legs":1,"bytes_per_leg":134217728,"leg_ns":[11905271],"wall_ns":11906903,"stream_errors":0,"mb":64,"cmds_per_leg":2,"elements":0}
PCIE {"t_ms":1790665856644,"test":"done","which":"conc","elapsed_s":1.003034}
