PCIE {"t_ms":1790665848757,"test":"open","open_ns":179398028,"src":"PCIEBENCH_SRC_SHA256 main=27b7ed06330c4bae26cd24be189cdac0d67432cb52b1e8c7fca1116abda1aa5f args=8ae69bd7d46097957b638ff4c6630eb3e66d3cb0654b77d3bf55f3336c61c508 touch=92180a93c6dae0a1dce8c379156f827bd6588115777499dc45e64bf606b46ec0","link":[{"bdf":"0000:02:00.0","speed":"16.0 GT/s PCIe","width":"8","max_speed":"16.0 GT/s PCIe","max_width":"8","cma_allocated":"2057 MB"}]}
PCIE {"t_ms":1790665848765,"test":"conc","trial":0,"copy":"dma","cfg":"d2h","legs":1,"bytes_per_leg":8388608,"leg_ns":[1218103],"wall_ns":1220180,"stream_errors":0,"mb":4,"cmds_per_leg":2,"elements":8}
PCIE {"t_ms":1790665848766,"test":"conc","trial":0,"copy":"dma","cfg":"d2h/ser","legs":1,"bytes_per_leg":8388608,"leg_ns":[1415400],"wall_ns":1417423,"stream_errors":0,"mb":4,"cmds_per_leg":2,"elements":8}
PCIE {"t_ms":1790665848767,"test":"conc","trial":0,"copy":"dma","cfg":"h2d","legs":1,"bytes_per_leg":8388608,"leg_ns":[1255800],"wall_ns":1257720,"stream_errors":0,"mb":4,"cmds_per_leg":2,"elements":8}
PCIE {"t_ms":1790665848769,"test":"conc","trial":0,"copy":"dma","cfg":"2xh2d/ser","legs":2,"bytes_per_leg":8388608,"leg_ns":[1475671,1785007],"wall_ns":1786761,"stream_errors":0,"mb":4,"cmds_per_leg":2,"elements":8}
PCIE {"t_ms":1790665848770,"test":"conc","trial":0,"copy":"dma","cfg":"h2d/ser","legs":1,"bytes_per_leg":8388608,"leg_ns":[970826],"wall_ns":972980,"stream_errors":0,"mb":4,"cmds_per_leg":2,"elements":8}
PCIE {"t_ms":1790665848772,"test":"conc","trial":1,"copy":"dma","cfg":"h2d","legs":1,"bytes_per_leg":8388608,"leg_ns":[1627238],"wall_ns":1628993,"stream_errors":0,"mb":4,"cmds_per_leg":2,"elements":8}
PCIE {"t_ms":1790665848773,"test":"conc","trial":1,"copy":"dma","cfg":"2xh2d/ser","legs":2,"bytes_per_leg":8388608,"leg_ns":[1375561,1685043],"wall_ns":1686855,"stream_errors":0,"mb":4,"cmds_per_leg":2,"elements":8}
PCIE {"t_ms":1790665848774,"test":"conc","trial":1,"copy":"dma","cfg":"h2d/ser","legs":1,"bytes_per_leg":8388608,"leg_ns":[962862],"wall_ns":964558,"stream_errors":0,"mb":4,"cmds_per_leg":2,"elements":8}
PCIE {"t_ms":1790665848776,"test":"conc","trial":1,"copy":"dma","cfg":"d2h","legs":1,"bytes_per_leg":8388608,"leg_ns":[1073400],"wall_ns":1075657,"stream_errors":0,"mb":4,"cmds_per_leg":2,"elements":8}
PCIE {"t_ms":1790665848776,"test":"conc","trial":1,"copy":"dma","cfg":"d2h/ser","legs":1,"bytes_per_leg":8388608,"leg_ns":[826243],"wall_ns":827913,"stream_errors":0,"mb":4,"cmds_per_leg":2,"elements":8}
PCIE {"t_ms":1790665848777,"test":"conc","trial":2,"copy":"dma","cfg":"d2h/ser","legs":1,"bytes_per_leg":8388608,"leg_ns":[796437],"wall_ns":798184,"stream_errors":0,"mb":4,"cmds_per_leg":2,"elements":8}
PCIE {"t_ms":1790665848778,"test":"conc","trial":2,"copy":"dma","cfg":"h2d/ser","legs":1,"bytes_per_leg":8388608,"leg_ns":[876016],"wall_ns":877745,"stream_errors":0,"mb":4,"cmds_per_leg":2,"elements":8}
PCIE {"t_ms":1790665848779,"test":"conc","trial":2,"copy":"dma","cfg":"d2h","legs":1,"bytes_per_leg":8388608,"leg_ns":[1017560],"wall_ns":1019280,"stream_errors":0,"mb":4,"cmds_per_leg":2,"elements":8}
PCIE {"t_ms":1790665848781,"test":"conc","trial":2,"copy":"dma","cfg":"h2d","legs":1,"bytes_per_leg":8388608,"leg_ns":[1496654],"wall_ns":1498436,"stream_errors":0,"mb":4,"cmds_per_leg":2,"elements":8}
PCIE {"t_ms":1790665848782,"test":"conc","trial":2,"copy":"dma","cfg":"2xh2d/ser","legs":2,"bytes_per_leg":8388608,"leg_ns":[1174177,1586970],"wall_ns":1588724,"stream_errors":0,"mb":4,"cmds_per_leg":2,"elements":8}
PCIE {"t_ms":1790665848784,"test":"conc","trial":3,"copy":"dma","cfg":"h2d","legs":1,"bytes_per_leg":8388608,"leg_ns":[1578098],"wall_ns":1579858,"stream_errors":0,"mb":4,"cmds_per_leg":2,"elements":8}
PCIE {"t_ms":1790665848785,"test":"conc","trial":3,"copy":"dma","cfg":"h2d/ser","legs":1,"bytes_per_leg":8388608,"leg_ns":[941732],"wall_ns":943509,"stream_errors":0,"mb":4,"cmds_per_leg":2,"elements":8}
PCIE {"t_ms":1790665848786,"test":"conc","trial":3,"copy":"dma","cfg":"2xh2d/ser","legs":2,"bytes_per_leg":8388608,"leg_ns":[1275494,1582014],"wall_ns":1583738,"stream_errors":0,"mb":4,"cmds_per_leg":2,"elements":8}
PCIE {"t_ms":1790665848787,"test":"conc","trial":3,"copy":"dma","cfg":"d2h/ser","legs":1,"bytes_per_leg":8388608,"leg_ns":[911336],"wall_ns":913014,"stream_errors":0,"mb":4,"cmds_per_leg":2,"elements":8}
PCIE {"t_ms":1790665848788,"test":"conc","trial":3,"copy":"dma","cfg":"d2h","legs":1,"bytes_per_leg":8388608,"leg_ns":[930690],"wall_ns":932354,"stream_errors":0,"mb":4,"cmds_per_leg":2,"elements":8}
PCIE {"t_ms":1790665848789,"test":"conc","trial":4,"copy":"dma","cfg":"d2h","legs":1,"bytes_per_leg":8388608,"leg_ns":[927600],"wall_ns":929301,"stream_errors":0,"mb":4,"cmds_per_leg":2,"elements":8}
PCIE {"t_ms":1790665848790,"test":"conc","trial":4,"copy":"dma","cfg":"h2d/ser","legs":1,"bytes_per_leg":8388608,"leg_ns":[805981],"wall_ns":807690,"stream_errors":0,"mb":4,"cmds_per_leg":2,"elements":8}
PCIE {"t_ms":1790665848791,"test":"conc","trial":4,"copy":"dma","cfg":"h2d","legs":1,"bytes_per_leg":8388608,"leg_ns":[1578586],"wall_ns":1580371,"stream_errors":0,"mb":4,"cmds_per_leg":2,"elements":8}
PCIE {"t_ms":1790665848792,"test":"conc","trial":4,"copy":"dma","cfg":"d2h/ser","legs":1,"bytes_per_leg":8388608,"leg_ns":[815460],"wall_ns":817150,"stream_errors":0,"mb":4,"cmds_per_leg":2,"elements":8}
PCIE {"t_ms":1790665848794,"test":"conc","trial":4,"copy":"dma","cfg":"2xh2d/ser","legs":2,"bytes_per_leg":8388608,"leg_ns":[1292873,1603373],"wall_ns":1605130,"stream_errors":0,"mb":4,"cmds_per_leg":2,"elements":8}
PCIE {"t_ms":1790665848795,"test":"conc","trial":5,"copy":"dma","cfg":"h2d","legs":1,"bytes_per_leg":8388608,"leg_ns":[1579704],"wall_ns":1581446,"stream_errors":0,"mb":4,"cmds_per_leg":2,"elements":8}
PCIE {"t_ms":1790665848796,"test":"conc","trial":5,"copy":"dma","cfg":"h2d/ser","legs":1,"bytes_per_leg":8388608,"leg_ns":[862645],"wall_ns":864373,"stream_errors":0,"mb":4,"cmds_per_leg":2,"elements":8}
PCIE {"t_ms":1790665848797,"test":"conc","trial":5,"copy":"dma","cfg":"d2h/ser","legs":1,"bytes_per_leg":8388608,"leg_ns":[818293],"wall_ns":819953,"stream_errors":0,"mb":4,"cmds_per_leg":2,"elements":8}
PCIE {"t_ms":1790665848798,"test":"conc","trial":5,"copy":"dma","cfg":"d2h","legs":1,"bytes_per_leg":8388608,"leg_ns":[892220],"wall_ns":893886,"stream_errors":0,"mb":4,"cmds_per_leg":2,"elements":8}
PCIE {"t_ms":1790665848800,"test":"conc","trial":5,"copy":"dma","cfg":"2xh2d/ser","legs":2,"bytes_per_leg":8388608,"leg_ns":[1215803,1628304],"wall_ns":1630026,"stream_errors":0,"mb":4,"cmds_per_leg":2,"elements":8}
PCIE {"t_ms":1790665848801,"test":"conc","trial":6,"copy":"dma","cfg":"d2h/ser","legs":1,"bytes_per_leg":8388608,"leg_ns":[893834],"wall_ns":895614,"stream_errors":0,"mb":4,"cmds_per_leg":2,"elements":8}
PCIE {"t_ms":1790665848802,"test":"conc","trial":6,"copy":"dma","cfg":"2xh2d/ser","legs":2,"bytes_per_leg":8388608,"leg_ns":[1156840,1568585],"wall_ns":1570289,"stream_errors":0,"mb":4,"cmds_per_leg":2,"elements":8}
PCIE {"t_ms":1790665848803,"test":"conc","trial":6,"copy":"dma","cfg":"h2d/ser","legs":1,"bytes_per_leg":8388608,"leg_ns":[863999],"wall_ns":865793,"stream_errors":0,"mb":4,"cmds_per_leg":2,"elements":8}
PCIE {"t_ms":1790665848804,"test":"conc","trial":6,"copy":"dma","cfg":"d2h","legs":1,"bytes_per_leg":8388608,"leg_ns":[914427],"wall_ns":916097,"stream_errors":0,"mb":4,"cmds_per_leg":2,"elements":8}
PCIE {"t_ms":1790665848805,"test":"conc","trial":6,"copy":"dma","cfg":"h2d","legs":1,"bytes_per_leg":8388608,"leg_ns":[1473809],"wall_ns":1475605,"stream_errors":0,"mb":4,"cmds_per_leg":2,"elements":8}
PCIE {"t_ms":1790665848806,"test":"conc","trial":7,"copy":"dma","cfg":"d2h/ser","legs":1,"bytes_per_leg":8388608,"leg_ns":[809357],"wall_ns":811013,"stream_errors":0,"mb":4,"cmds_per_leg":2,"elements":8}
PCIE {"t_ms":1790665848807,"test":"conc","trial":7,"copy":"dma","cfg":"h2d/ser","legs":1,"bytes_per_leg":8388608,"leg_ns":[856862],"wall_ns":858578,"stream_errors":0,"mb":4,"cmds_per_leg":2,"elements":8}
PCIE {"t_ms":1790665848809,"test":"conc","trial":7,"copy":"dma","cfg":"2xh2d/ser","legs":2,"bytes_per_leg":8388608,"leg_ns":[1172578,1482103],"wall_ns":1483827,"stream_errors":0,"mb":4,"cmds_per_leg":2,"elements":8}
PCIE {"t_ms":1790665848810,"test":"conc","trial":7,"copy":"dma","cfg":"h2d","legs":1,"bytes_per_leg":8388608,"leg_ns":[1473440],"wall_ns":1475189,"stream_errors":0,"mb":4,"cmds_per_leg":2,"elements":8}
PCIE {"t_ms":1790665848811,"test":"conc","trial":7,"copy":"dma","cfg":"d2h","legs":1,"bytes_per_leg":8388608,"leg_ns":[887702],"wall_ns":889448,"stream_errors":0,"mb":4,"cmds_per_leg":2,"elements":8}
PCIE {"t_ms":1790665848812,"test":"conc","trial":8,"copy":"dma","cfg":"h2d/ser","legs":1,"bytes_per_leg":8388608,"leg_ns":[801782],"wall_ns":803499,"stream_errors":0,"mb":4,"cmds_per_leg":2,"elements":8}
PCIE {"t_ms":1790665848813,"test":"conc","trial":8,"copy":"dma","cfg":"d2h/ser","legs":1,"bytes_per_leg":8388608,"leg_ns":[766988],"wall_ns":768704,"stream_errors":0,"mb":4,"cmds_per_leg":2,"elements":8}
PCIE {"t_ms":1790665848814,"test":"conc","trial":8,"copy":"dma","cfg":"h2d","legs":1,"bytes_per_leg":8388608,"leg_ns":[1457685],"wall_ns":1459426,"stream_errors":0,"mb":4,"cmds_per_leg":2,"elements":8}
PCIE {"t_ms":1790665848816,"test":"conc","trial":8,"copy":"dma","cfg":"2xh2d/ser","legs":2,"bytes_per_leg":8388608,"leg_ns":[1172574,1581305],"wall_ns":1583057,"stream_errors":0,"mb":4,"cmds_per_leg":2,"elements":8}
PCIE {"t_ms":1790665848817,"test":"conc","trial":8,"copy":"dma","cfg":"d2h","legs":1,"bytes_per_leg":8388608,"leg_ns":[913169],"wall_ns":914835,"stream_errors":0,"mb":4,"cmds_per_leg":2,"elements":8}
PCIE {"t_ms":1790665848817,"test":"conc","trial":9,"copy":"dma","cfg":"d2h/ser","legs":1,"bytes_per_leg":8388608,"leg_ns":[783626],"wall_ns":785319,"stream_errors":0,"mb":4,"cmds_per_leg":2,"elements":8}
PCIE {"t_ms":1790665848818,"test":"conc","trial":9,"copy":"dma","cfg":"d2h","legs":1,"bytes_per_leg":8388608,"leg_ns":[883583],"wall_ns":885232,"stream_errors":0,"mb":4,"cmds_per_leg":2,"elements":8}
PCIE {"t_ms":1790665848819,"test":"conc","trial":9,"copy":"dma","cfg":"h2d","legs":1,"bytes_per_leg":8388608,"leg_ns":[1303732],"wall_ns":1305437,"stream_errors":0,"mb":4,"cmds_per_leg":2,"elements":8}
PCIE {"t_ms":1790665848820,"test":"conc","trial":9,"copy":"dma","cfg":"h2d/ser","legs":1,"bytes_per_leg":8388608,"leg_ns":[862752],"wall_ns":864461,"stream_errors":0,"mb":4,"cmds_per_leg":2,"elements":8}
PCIE {"t_ms":1790665848822,"test":"conc","trial":9,"copy":"dma","cfg":"2xh2d/ser","legs":2,"bytes_per_leg":8388608,"leg_ns":[1227993,1538624],"wall_ns":1540312,"stream_errors":0,"mb":4,"cmds_per_leg":2,"elements":8}
PCIE {"t_ms":1790665848823,"test":"conc","trial":10,"copy":"dma","cfg":"d2h/ser","legs":1,"bytes_per_leg":8388608,"leg_ns":[811822],"wall_ns":813500,"stream_errors":0,"mb":4,"cmds_per_leg":2,"elements":8}
PCIE {"t_ms":1790665848824,"test":"conc","trial":10,"copy":"dma","cfg":"d2h","legs":1,"bytes_per_leg":8388608,"leg_ns":[922065],"wall_ns":923752,"stream_errors":0,"mb":4,"cmds_per_leg":2,"elements":8}
PCIE {"t_ms":1790665848824,"test":"conc","trial":10,"copy":"dma","cfg":"h2d/ser","legs":1,"bytes_per_leg":8388608,"leg_ns":[839999],"wall_ns":841773,"stream_errors":0,"mb":4,"cmds_per_leg":2,"elements":8}
PCIE {"t_ms":1790665848826,"test":"conc","trial":10,"copy":"dma","cfg":"2xh2d/ser","legs":2,"bytes_per_leg":8388608,"leg_ns":[1172991,1483756],"wall_ns":1485488,"stream_errors":0,"mb":4,"cmds_per_leg":2,"elements":8}
PCIE {"t_ms":1790665848827,"test":"conc","trial":10,"copy":"dma","cfg":"h2d","legs":1,"bytes_per_leg":8388608,"leg_ns":[1375680],"wall_ns":1377386,"stream_errors":0,"mb":4,"cmds_per_leg":2,"elements":8}
PCIE {"t_ms":1790665848828,"test":"conc","trial":11,"copy":"dma","cfg":"h2d/ser","legs":1,"bytes_per_leg":8388608,"leg_ns":[862557],"wall_ns":864283,"stream_errors":0,"mb":4,"cmds_per_leg":2,"elements":8}
PCIE {"t_ms":1790665848830,"test":"conc","trial":11,"copy":"dma","cfg":"2xh2d/ser","legs":2,"bytes_per_leg":8388608,"leg_ns":[1261481,1572128],"wall_ns":1573843,"stream_errors":0,"mb":4,"cmds_per_leg":2,"elements":8}
PCIE {"t_ms":1790665848831,"test":"conc","trial":11,"copy":"dma","cfg":"h2d","legs":1,"bytes_per_leg":8388608,"leg_ns":[1273258],"wall_ns":1275037,"stream_errors":0,"mb":4,"cmds_per_leg":2,"elements":8}
PCIE {"t_ms":1790665848832,"test":"conc","trial":11,"copy":"dma","cfg":"d2h/ser","legs":1,"bytes_per_leg":8388608,"leg_ns":[816014],"wall_ns":817687,"stream_errors":0,"mb":4,"cmds_per_leg":2,"elements":8}
PCIE {"t_ms":1790665848833,"test":"conc","trial":11,"copy":"dma","cfg":"d2h","legs":1,"bytes_per_leg":8388608,"leg_ns":[890394],"wall_ns":892068,"stream_errors":0,"mb":4,"cmds_per_leg":2,"elements":8}
PCIE {"t_ms":1790665848834,"test":"conc","trial":12,"copy":"dma","cfg":"2xh2d/ser","legs":2,"bytes_per_leg":8388608,"leg_ns":[1210369,1486066],"wall_ns":1487901,"stream_errors":0,"mb":4,"cmds_per_leg":2,"elements":8}
PCIE {"t_ms":1790665848835,"test":"conc","trial":12,"copy":"dma","cfg":"h2d/ser","legs":1,"bytes_per_leg":8388608,"leg_ns":[862476],"wall_ns":864304,"stream_errors":0,"mb":4,"cmds_per_leg":2,"elements":8}
PCIE {"t_ms":1790665848836,"test":"conc","trial":12,"copy":"dma","cfg":"d2h/ser","legs":1,"bytes_per_leg":8388608,"leg_ns":[781919],"wall_ns":783593,"stream_errors":0,"mb":4,"cmds_per_leg":2,"elements":8}
PCIE {"t_ms":1790665848837,"test":"conc","trial":12,"copy":"dma","cfg":"h2d","legs":1,"bytes_per_leg":8388608,"leg_ns":[1428443],"wall_ns":1430313,"stream_errors":0,"mb":4,"cmds_per_leg":2,"elements":8}
PCIE {"t_ms":1790665848838,"test":"conc","trial":12,"copy":"dma","cfg":"d2h","legs":1,"bytes_per_leg":8388608,"leg_ns":[881209],"wall_ns":882935,"stream_errors":0,"mb":4,"cmds_per_leg":2,"elements":8}
PCIE {"t_ms":1790665848840,"test":"conc","trial":13,"copy":"dma","cfg":"h2d","legs":1,"bytes_per_leg":8388608,"leg_ns":[1529674],"wall_ns":1531480,"stream_errors":0,"mb":4,"cmds_per_leg":2,"elements":8}
PCIE {"t_ms":1790665848841,"test":"conc","trial":13,"copy":"dma","cfg":"d2h","legs":1,"bytes_per_leg":8388608,"leg_ns":[880970],"wall_ns":882771,"stream_errors":0,"mb":4,"cmds_per_leg":2,"elements":8}
PCIE {"t_ms":1790665848841,"test":"conc","trial":13,"copy":"dma","cfg":"d2h/ser","legs":1,"bytes_per_leg":8388608,"leg_ns":[736338],"wall_ns":738031,"stream_errors":0,"mb":4,"cmds_per_leg":2,"elements":8}
PCIE {"t_ms":1790665848843,"test":"conc","trial":13,"copy":"dma","cfg":"2xh2d/ser","legs":2,"bytes_per_leg":8388608,"leg_ns":[1122579,1535664],"wall_ns":1537403,"stream_errors":0,"mb":4,"cmds_per_leg":2,"elements":8}
PCIE {"t_ms":1790665848844,"test":"conc","trial":13,"copy":"dma","cfg":"h2d/ser","legs":1,"bytes_per_leg":8388608,"leg_ns":[862626],"wall_ns":864401,"stream_errors":0,"mb":4,"cmds_per_leg":2,"elements":8}
PCIE {"t_ms":1790665848845,"test":"conc","trial":14,"copy":"dma","cfg":"h2d/ser","legs":1,"bytes_per_leg":8388608,"leg_ns":[862972],"wall_ns":864709,"stream_errors":0,"mb":4,"cmds_per_leg":2,"elements":8}
PCIE {"t_ms":1790665848846,"test":"conc","trial":14,"copy":"dma","cfg":"d2h","legs":1,"bytes_per_leg":8388608,"leg_ns":[885410],"wall_ns":887124,"stream_errors":0,"mb":4,"cmds_per_leg":2,"elements":8}
PCIE {"t_ms":1790665848847,"test":"conc","trial":14,"copy":"dma","cfg":"2xh2d/ser","legs":2,"bytes_per_leg":8388608,"leg_ns":[1216778,1528579],"wall_ns":1530381,"stream_errors":0,"mb":4,"cmds_per_leg":2,"elements":8}
PCIE {"t_ms":1790665848848,"test":"conc","trial":14,"copy":"dma","cfg":"d2h/ser","legs":1,"bytes_per_leg":8388608,"leg_ns":[780680],"wall_ns":782334,"stream_errors":0,"mb":4,"cmds_per_leg":2,"elements":8}
PCIE {"t_ms":1790665848849,"test":"conc","trial":14,"copy":"dma","cfg":"h2d","legs":1,"bytes_per_leg":8388608,"leg_ns":[1486843],"wall_ns":1488648,"stream_errors":0,"mb":4,"cmds_per_leg":2,"elements":8}
PCIE {"t_ms":1790665848851,"test":"conc","trial":15,"copy":"dma","cfg":"2xh2d/ser","legs":2,"bytes_per_leg":8388608,"leg_ns":[1173916,1483298],"wall_ns":1485052,"stream_errors":0,"mb":4,"cmds_per_leg":2,"elements":8}
PCIE {"t_ms":1790665848852,"test":"conc","trial":15,"copy":"dma","cfg":"d2h/ser","legs":1,"bytes_per_leg":8388608,"leg_ns":[777142],"wall_ns":778881,"stream_errors":0,"mb":4,"cmds_per_leg":2,"elements":8}
PCIE {"t_ms":1790665848853,"test":"conc","trial":15,"copy":"dma","cfg":"d2h","legs":1,"bytes_per_leg":8388608,"leg_ns":[850323],"wall_ns":852051,"stream_errors":0,"mb":4,"cmds_per_leg":2,"elements":8}
PCIE {"t_ms":1790665848853,"test":"conc","trial":15,"copy":"dma","cfg":"h2d/ser","legs":1,"bytes_per_leg":8388608,"leg_ns":[864476],"wall_ns":866296,"stream_errors":0,"mb":4,"cmds_per_leg":2,"elements":8}
PCIE {"t_ms":1790665848855,"test":"conc","trial":15,"copy":"dma","cfg":"h2d","legs":1,"bytes_per_leg":8388608,"leg_ns":[1478401],"wall_ns":1480206,"stream_errors":0,"mb":4,"cmds_per_leg":2,"elements":8}
PCIE {"t_ms":1790665848856,"test":"conc","trial":16,"copy":"dma","cfg":"h2d/ser","legs":1,"bytes_per_leg":8388608,"leg_ns":[862110],"wall_ns":863881,"stream_errors":0,"mb":4,"cmds_per_leg":2,"elements":8}
PCIE {"t_ms":1790665848857,"test":"conc","trial":16,"copy":"dma","cfg":"h2d","legs":1,"bytes_per_leg":8388608,"leg_ns":[1466467],"wall_ns":1468274,"stream_errors":0,"mb":4,"cmds_per_leg":2,"elements":8}
PCIE {"t_ms":1790665848859,"test":"conc","trial":16,"copy":"dma","cfg":"2xh2d/ser","legs":2,"bytes_per_leg":8388608,"leg_ns":[1174421,1486815],"wall_ns":1488626,"stream_errors":0,"mb":4,"cmds_per_leg":2,"elements":8}
PCIE {"t_ms":1790665848860,"test":"conc","trial":16,"copy":"dma","cfg":"d2h","legs":1,"bytes_per_leg":8388608,"leg_ns":[880576],"wall_ns":882321,"stream_errors":0,"mb":4,"cmds_per_leg":2,"elements":8}
PCIE {"t_ms":1790665848860,"test":"conc","trial":16,"copy":"dma","cfg":"d2h/ser","legs":1,"bytes_per_leg":8388608,"leg_ns":[817469],"wall_ns":819111,"stream_errors":0,"mb":4,"cmds_per_leg":2,"elements":8}
PCIE {"t_ms":1790665848861,"test":"conc","trial":17,"copy":"dma","cfg":"h2d/ser","legs":1,"bytes_per_leg":8388608,"leg_ns":[807745],"wall_ns":809489,"stream_errors":0,"mb":4,"cmds_per_leg":2,"elements":8}
PCIE {"t_ms":1790665848862,"test":"conc","trial":17,"copy":"dma","cfg":"d2h/ser","legs":1,"bytes_per_leg":8388608,"leg_ns":[778771],"wall_ns":780456,"stream_errors":0,"mb":4,"cmds_per_leg":2,"elements":8}
PCIE {"t_ms":1790665848863,"test":"conc","trial":17,"copy":"dma","cfg":"2xh2d/ser","legs":2,"bytes_per_leg":8388608,"leg_ns":[1208104,1483447],"wall_ns":1485275,"stream_errors":0,"mb":4,"cmds_per_leg":2,"elements":8}
PCIE {"t_ms":1790665848865,"test":"conc","trial":17,"copy":"dma","cfg":"h2d","legs":1,"bytes_per_leg":8388608,"leg_ns":[1476464],"wall_ns":1478261,"stream_errors":0,"mb":4,"cmds_per_leg":2,"elements":8}
PCIE {"t_ms":1790665848866,"test":"conc","trial":17,"copy":"dma","cfg":"d2h","legs":1,"bytes_per_leg":8388608,"leg_ns":[878474],"wall_ns":880225,"stream_errors":0,"mb":4,"cmds_per_leg":2,"elements":8}
PCIE {"t_ms":1790665848867,"test":"conc","trial":18,"copy":"dma","cfg":"h2d/ser","legs":1,"bytes_per_leg":8388608,"leg_ns":[810677],"wall_ns":812422,"stream_errors":0,"mb":4,"cmds_per_leg":2,"elements":8}
PCIE {"t_ms":1790665848868,"test":"conc","trial":18,"copy":"dma","cfg":"2xh2d/ser","legs":2,"bytes_per_leg":8388608,"leg_ns":[1125810,1540571],"wall_ns":1542368,"stream_errors":0,"mb":4,"cmds_per_leg":2,"elements":8}
PCIE {"t_ms":1790665848869,"test":"conc","trial":18,"copy":"dma","cfg":"d2h","legs":1,"bytes_per_leg":8388608,"leg_ns":[880831],"wall_ns":882505,"stream_errors":0,"mb":4,"cmds_per_leg":2,"elements":8}
PCIE {"t_ms":1790665848870,"test":"conc","trial":18,"copy":"dma","cfg":"d2h/ser","legs":1,"bytes_per_leg":8388608,"leg_ns":[711768],"wall_ns":713442,"stream_errors":0,"mb":4,"cmds_per_leg":2,"elements":8}
PCIE {"t_ms":1790665848871,"test":"conc","trial":18,"copy":"dma","cfg":"h2d","legs":1,"bytes_per_leg":8388608,"leg_ns":[1464246],"wall_ns":1466015,"stream_errors":0,"mb":4,"cmds_per_leg":2,"elements":8}
PCIE {"t_ms":1790665848873,"test":"conc","trial":19,"copy":"dma","cfg":"h2d","legs":1,"bytes_per_leg":8388608,"leg_ns":[1475899],"wall_ns":1477692,"stream_errors":0,"mb":4,"cmds_per_leg":2,"elements":8}
PCIE {"t_ms":1790665848874,"test":"conc","trial":19,"copy":"dma","cfg":"h2d/ser","legs":1,"bytes_per_leg":8388608,"leg_ns":[824491],"wall_ns":826260,"stream_errors":0,"mb":4,"cmds_per_leg":2,"elements":8}
PCIE {"t_ms":1790665848875,"test":"conc","trial":19,"copy":"dma","cfg":"2xh2d/ser","legs":2,"bytes_per_leg":8388608,"leg_ns":[1174091,1486112],"wall_ns":1487895,"stream_errors":0,"mb":4,"cmds_per_leg":2,"elements":8}
PCIE {"t_ms":1790665848876,"test":"conc","trial":19,"copy":"dma","cfg":"d2h","legs":1,"bytes_per_leg":8388608,"leg_ns":[888352],"wall_ns":890040,"stream_errors":0,"mb":4,"cmds_per_leg":2,"elements":8}
PCIE {"t_ms":1790665848877,"test":"conc","trial":19,"copy":"dma","cfg":"d2h/ser","legs":1,"bytes_per_leg":8388608,"leg_ns":[720322],"wall_ns":722022,"stream_errors":0,"mb":4,"cmds_per_leg":2,"elements":8}
PCIE {"t_ms":1790665848878,"test":"conc","trial":20,"copy":"dma","cfg":"d2h/ser","legs":1,"bytes_per_leg":8388608,"leg_ns":[797479],"wall_ns":799170,"stream_errors":0,"mb":4,"cmds_per_leg":2,"elements":8}
PCIE {"t_ms":1790665848879,"test":"conc","trial":20,"copy":"dma","cfg":"h2d","legs":1,"bytes_per_leg":8388608,"leg_ns":[1490598],"wall_ns":1492367,"stream_errors":0,"mb":4,"cmds_per_leg":2,"elements":8}
PCIE {"t_ms":1790665848880,"test":"conc","trial":20,"copy":"dma","cfg":"d2h","legs":1,"bytes_per_leg":8388608,"leg_ns":[886212],"wall_ns":887909,"stream_errors":0,"mb":4,"cmds_per_leg":2,"elements":8}
PCIE {"t_ms":1790665848881,"test":"conc","trial":20,"copy":"dma","cfg":"2xh2d/ser","legs":2,"bytes_per_leg":8388608,"leg_ns":[1213131,1488579],"wall_ns":1490375,"stream_errors":0,"mb":4,"cmds_per_leg":2,"elements":8}
PCIE {"t_ms":1790665848882,"test":"conc","trial":20,"copy":"dma","cfg":"h2d/ser","legs":1,"bytes_per_leg":8388608,"leg_ns":[862186],"wall_ns":863971,"stream_errors":0,"mb":4,"cmds_per_leg":2,"elements":8}
PCIE {"t_ms":1790665848883,"test":"conc","trial":21,"copy":"dma","cfg":"d2h/ser","legs":1,"bytes_per_leg":8388608,"leg_ns":[789208],"wall_ns":790873,"stream_errors":0,"mb":4,"cmds_per_leg":2,"elements":8}
PCIE {"t_ms":1790665848885,"test":"conc","trial":21,"copy":"dma","cfg":"h2d","legs":1,"bytes_per_leg":8388608,"leg_ns":[1525106],"wall_ns":1526895,"stream_errors":0,"mb":4,"cmds_per_leg":2,"elements":8}
PCIE {"t_ms":1790665848885,"test":"conc","trial":21,"copy":"dma","cfg":"d2h","legs":1,"bytes_per_leg":8388608,"leg_ns":[889897],"wall_ns":891637,"stream_errors":0,"mb":4,"cmds_per_leg":2,"elements":8}
PCIE {"t_ms":1790665848887,"test":"conc","trial":21,"copy":"dma","cfg":"2xh2d/ser","legs":2,"bytes_per_leg":8388608,"leg_ns":[1211404,1522071],"wall_ns":1523799,"stream_errors":0,"mb":4,"cmds_per_leg":2,"elements":8}
PCIE {"t_ms":1790665848888,"test":"conc","trial":21,"copy":"dma","cfg":"h2d/ser","legs":1,"bytes_per_leg":8388608,"leg_ns":[862313],"wall_ns":864020,"stream_errors":0,"mb":4,"cmds_per_leg":2,"elements":8}
PCIE {"t_ms":1790665848889,"test":"conc","trial":22,"copy":"dma","cfg":"2xh2d/ser","legs":2,"bytes_per_leg":8388608,"leg_ns":[1174819,1484156],"wall_ns":1485890,"stream_errors":0,"mb":4,"cmds_per_leg":2,"elements":8}
PCIE {"t_ms":1790665848890,"test":"conc","trial":22,"copy":"dma","cfg":"d2h/ser","legs":1,"bytes_per_leg":8388608,"leg_ns":[792082],"wall_ns":793777,"stream_errors":0,"mb":4,"cmds_per_leg":2,"elements":8}
PCIE {"t_ms":1790665848892,"test":"conc","trial":22,"copy":"dma","cfg":"h2d","legs":1,"bytes_per_leg":8388608,"leg_ns":[1523742],"wall_ns":1525489,"stream_errors":0,"mb":4,"cmds_per_leg":2,"elements":8}
PCIE {"t_ms":1790665848893,"test":"conc","trial":22,"copy":"dma","cfg":"d2h","legs":1,"bytes_per_leg":8388608,"leg_ns":[894580],"wall_ns":896306,"stream_errors":0,"mb":4,"cmds_per_leg":2,"elements":8}
PCIE {"t_ms":1790665848893,"test":"conc","trial":22,"copy":"dma","cfg":"h2d/ser","legs":1,"bytes_per_leg":8388608,"leg_ns":[792529],"wall_ns":794286,"stream_errors":0,"mb":4,"cmds_per_leg":2,"elements":8}
PCIE {"t_ms":1790665848894,"test":"conc","trial":23,"copy":"dma","cfg":"h2d/ser","legs":1,"bytes_per_leg":8388608,"leg_ns":[864304],"wall_ns":866146,"stream_errors":0,"mb":4,"cmds_per_leg":2,"elements":8}
PCIE {"t_ms":1790665848896,"test":"conc","trial":23,"copy":"dma","cfg":"2xh2d/ser","legs":2,"bytes_per_leg":8388608,"leg_ns":[1138148,1551732],"wall_ns":1554025,"stream_errors":0,"mb":4,"cmds_per_leg":2,"elements":8}
PCIE {"t_ms":1790665848897,"test":"conc","trial":23,"copy":"dma","cfg":"d2h","legs":1,"bytes_per_leg":8388608,"leg_ns":[939498],"wall_ns":943437,"stream_errors":0,"mb":4,"cmds_per_leg":2,"elements":8}
PCIE {"t_ms":1790665848898,"test":"conc","trial":23,"copy":"dma","cfg":"d2h/ser","legs":1,"bytes_per_leg":8388608,"leg_ns":[742332],"wall_ns":744118,"stream_errors":0,"mb":4,"cmds_per_leg":2,"elements":8}
PCIE {"t_ms":1790665848899,"test":"conc","trial":23,"copy":"dma","cfg":"h2d","legs":1,"bytes_per_leg":8388608,"leg_ns":[1488574],"wall_ns":1490342,"stream_errors":0,"mb":4,"cmds_per_leg":2,"elements":8}
PCIE {"t_ms":1790665848900,"test":"conc","trial":24,"copy":"dma","cfg":"d2h","legs":1,"bytes_per_leg":8388608,"leg_ns":[882089],"wall_ns":883776,"stream_errors":0,"mb":4,"cmds_per_leg":2,"elements":8}
PCIE {"t_ms":1790665848901,"test":"conc","trial":24,"copy":"dma","cfg":"d2h/ser","legs":1,"bytes_per_leg":8388608,"leg_ns":[738946],"wall_ns":741143,"stream_errors":0,"mb":4,"cmds_per_leg":2,"elements":8}
PCIE {"t_ms":1790665848902,"test":"conc","trial":24,"copy":"dma","cfg":"2xh2d/ser","legs":2,"bytes_per_leg":8388608,"leg_ns":[1119380,1532629],"wall_ns":1534477,"stream_errors":0,"mb":4,"cmds_per_leg":2,"elements":8}
PCIE {"t_ms":1790665848903,"test":"conc","trial":24,"copy":"dma","cfg":"h2d/ser","legs":1,"bytes_per_leg":8388608,"leg_ns":[859379],"wall_ns":861178,"stream_errors":0,"mb":4,"cmds_per_leg":2,"elements":8}
PCIE {"t_ms":1790665848904,"test":"conc","trial":24,"copy":"dma","cfg":"h2d","legs":1,"bytes_per_leg":8388608,"leg_ns":[1443237],"wall_ns":1445004,"stream_errors":0,"mb":4,"cmds_per_leg":2,"elements":8}
PCIE {"t_ms":1790665848905,"test":"done","which":"conc","elapsed_s":0.327439}
