aifoundry2: 131 configurations x 1 passes, at most 22 min; host build/enercat_v2/host/enercat_host
pass 0 flwl.ps/random/h2: 8 launches (die 73 -> 73 C, 0 heater)
pass 0 remw/random/h2: 8 launches (die 75 -> 75 C, 0 heater)
pass 0 sra/random/h2: 8 launches (die 73 -> 73 C, 0 heater)
pass 0 sub/zeros/h2: 8 launches (die 74 -> 74 C, 0 heater)
pass 0 fsub.pi/zeros/h2: 8 launches (die 74 -> 74 C, 0 heater)
pass 0 fmulh.pi/random/h2: 8 launches (die 74 -> 74 C, 0 heater)
pass 0 and/random/h2: 8 launches (die 77 -> 77 C, 0 heater)
pass 0 l1fill/stride32/zeros: 8 launches (die 74 -> 74 C, 0 heater)
pass 0 fclass.s/random/h2: 8 launches (die 74 -> 74 C, 0 heater)
pass 0 slt/zeros/h2: 8 launches (die 74 -> 74 C, 0 heater)
pass 0 fsrai.pi/zeros/h2: 8 launches (die 74 -> 74 C, 0 heater)
pass 0 neigh/0/random: 8 launches (die 74 -> 74 C, 0 heater)
pass 0 scpline/stride64/zeros: 8 launches (die 74 -> 74 C, 0 heater)
pass 0 flwl.ps/zeros/h2: 8 launches (die 74 -> 74 C, 0 heater)
pass 0 fcvt.s.wu/random/h2: 8 launches (die 74 -> 74 C, 0 heater)
pass 0 fround.ps/zeros/h2: 8 launches (die 75 -> 75 C, 0 heater)
pass 0 dramrow2/seq/zeros: 8 launches (die 75 -> 75 C, 0 heater)
pass 0 fence/random/h2: 8 launches (die 74 -> 74 C, 0 heater)
pass 0 fltu.pi/random/h2: 8 launches (die 74 -> 74 C, 0 heater)
pass 0 fle.pi/zeros/h2: 8 launches (die 75 -> 75 C, 0 heater)
pass 0 fmadd.s/const/h2: 8 launches (die 74 -> 74 C, 0 heater)
pass 0 tload/scp/zeros: 8 launches (die 76 -> 76 C, 0 heater)
pass 0 wire/hop8/zeros: 8 launches (die 75 -> 75 C, 0 heater)
pass 0 fmaxu.pi/random/h2: 8 launches (die 74 -> 74 C, 0 heater)
pass 0 fmv.w.x/zeros/h2: 8 launches (die 75 -> 75 C, 0 heater)
pass 0 bge_data/zeros/h2: 8 launches (die 75 -> 75 C, 0 heater)
pass 0 lb/zeros/h2: 8 launches (die 74 -> 74 C, 0 heater)
pass 0 fpackrepb.pi/zeros/h2: 8 launches (die 74 -> 74 C, 0 heater)
pass 0 dramrow/stride1K/random: 8 launches (die 74 -> 74 C, 0 heater)
pass 0 fcmovm.ps/random/h2: 8 launches (die 74 -> 74 C, 0 heater)
pass 0 slti/zeros/h2: 8 launches (die 75 -> 75 C, 0 heater)
pass 0 fsw/zeros/h2: 8 launches (die 74 -> 74 C, 0 heater)
pass 0 fmul.ps/zeros/h2: 8 launches (die 75 -> 75 C, 0 heater)
pass 0 amoaddl.w/random/h2: 8 launches (die 76 -> 76 C, 0 heater)
pass 0 fcvt.w.s/zeros/h2: 8 launches (die 75 -> 75 C, 0 heater)
pass 0 neigh/3/random: 8 launches (die 75 -> 75 C, 0 heater)
pass 0 fpackreph.pi/random/h2: 8 launches (die 75 -> 75 C, 0 heater)
pass 0 fadd.pi/random/h2: 8 launches (die 75 -> 75 C, 0 heater)
pass 0 frcp.ps/zeros/h2: 8 launches (die 76 -> 76 C, 0 heater)
pass 0 xori/zeros/h2: 8 launches (die 76 -> 76 C, 0 heater)
pass 0 lbu/zeros/h2: 8 launches (die 75 -> 75 C, 0 heater)
pass 0 lw/random/h2: 8 launches (die 75 -> 75 C, 0 heater)
pass 0 sh/random/h2: 8 launches (die 75 -> 75 C, 0 heater)
pass 0 fsub.ps/zeros/h2: 8 launches (die 75 -> 75 C, 0 heater)
pass 0 l1fill/stride64/random: 8 launches (die 76 -> 76 C, 0 heater)
pass 0 fadd.s/const/h2: 8 launches (die 76 -> 76 C, 0 heater)
pass 0 fsw.ps/zeros/h2: 8 launches (die 76 -> 76 C, 0 heater)
pass 0 fslli.pi/random/h2: 8 launches (die 76 -> 76 C, 0 heater)
pass 0 remuw/random/h2: 8 launches (die 76 -> 76 C, 0 heater)
pass 0 flt.ps/zeros/h2: 8 launches (die 75 -> 75 C, 0 heater)
pass 0 flw.ps/zeros/h2: 8 launches (die 76 -> 76 C, 0 heater)
pass 0 flog.ps/zeros/h2: 8 launches (die 76 -> 76 C, 0 heater)
pass 0 bgeu_data/random/h2: 8 launches (die 77 -> 77 C, 0 heater)
pass 0 fround.ps/random/h2: 8 launches (die 75 -> 75 C, 0 heater)
pass 0 beq_taken/zeros/h2: 8 launches (die 77 -> 77 C, 0 heater)
pass 0 st_stream/dram/const: 8 launches (die 75 -> 75 C, 0 heater)
pass 0 fltu.pi/zeros/h2: 8 launches (die 75 -> 75 C, 0 heater)
pass 0 wire/hop2/zeros: 8 launches (die 76 -> 76 C, 0 heater)
pass 0 srli/zeros/h2: 8 launches (die 76 -> 76 C, 0 heater)
pass 0 sraw/zeros/h2: 8 launches (die 75 -> 75 C, 0 heater)
pass 0 fminu.pi/random/h2: 8 launches (die 75 -> 75 C, 0 heater)
pass 0 mul/random/h2: 8 launches (die 76 -> 76 C, 0 heater)
pass 0 fadd.s/zeros/h2: 8 launches (die 75 -> 75 C, 0 heater)
pass 0 fbci.ps/random/h2: 8 launches (die 76 -> 76 C, 0 heater)
pass 0 tload/dram/const: 8 launches (die 76 -> 76 C, 0 heater)
pass 0 srlw/random/h2: 8 launches (die 75 -> 75 C, 0 heater)
pass 0 flw.ps/const/h2: 8 launches (die 75 -> 75 C, 0 heater)
pass 0 rem/zeros/h2: 8 launches (die 75 -> 75 C, 0 heater)
pass 0 fmadd.ps/zeros/h2: 8 launches (die 75 -> 75 C, 0 heater)
pass 0 bgeu_data/zeros/h2: 8 launches (die 76 -> 76 C, 0 heater)
pass 0 fand.pi/zeros/h2: 8 launches (die 75 -> 75 C, 0 heater)
pass 0 sra/zeros/h2: 8 launches (die 75 -> 75 C, 0 heater)
pass 0 fle.s/random/h2: 8 launches (die 75 -> 75 C, 0 heater)
pass 0 neigh/1/random: 8 launches (die 75 -> 75 C, 0 heater)
pass 0 fmadd.s/zeros/h2: 8 launches (die 75 -> 75 C, 0 heater)
pass 0 fmsub.ps/zeros/h2: 8 launches (die 76 -> 76 C, 0 heater)
pass 0 addi/random/h2: 8 launches (die 77 -> 77 C, 0 heater)
pass 0 dramrow2/rowmiss/zeros: 8 launches (die 75 -> 75 C, 0 heater)
pass 0 srai/random/h2: 8 launches (die 75 -> 75 C, 0 heater)
pass 0 fandi.pi/random/h2: 8 launches (die 75 -> 75 C, 0 heater)
pass 0 fmul.pi/random/h2: 8 launches (die 75 -> 75 C, 0 heater)
pass 0 fmax.s/random/h2: 8 launches (die 78 -> 78 C, 0 heater)
pass 0 fslli.pi/zeros/h2: 8 launches (die 77 -> 77 C, 0 heater)
pass 0 auipc/zeros/h2: 8 launches (die 76 -> 76 C, 0 heater)
pass 0 scpline/stride128/zeros: 8 launches (die 75 -> 75 C, 0 heater)
pass 0 fsra.pi/zeros/h2: 8 launches (die 75 -> 75 C, 0 heater)
pass 0 c.addi/zeros/h2: 8 launches (die 76 -> 76 C, 0 heater)
pass 0 mulh/zeros/h2: 8 launches (die 75 -> 75 C, 0 heater)
pass 0 wire/hop1/zeros: 8 launches (die 75 -> 75 C, 0 heater)
pass 0 fnmsub.ps/random/h2: 8 launches (die 75 -> 75 C, 0 heater)
pass 0 dramrow/stride8K/random: 8 launches (die 78 -> 78 C, 0 heater)
pass 0 addi_norvc/random/h2: 8 launches (die 79 -> 79 C, 0 heater)
pass 0 sltu/zeros/h2: 8 launches (die 76 -> 76 C, 0 heater)
pass 0 amoaddl.w/zeros/h2: 8 launches (die 76 -> 76 C, 0 heater)
pass 0 c.addi/random/h2: 8 launches (die 76 -> 76 C, 0 heater)
pass 0 addiw/zeros/h2: 8 launches (die 76 -> 76 C, 0 heater)
pass 0 ffrc.ps/zeros/h2: 8 launches (die 76 -> 76 C, 0 heater)
pass 0 feqm.ps/random/h2: 8 launches (die 77 -> 77 C, 0 heater)
pass 0 add_norvc/zeros/h2: 8 launches (die 76 -> 76 C, 0 heater)
pass 0 fsw/random/h2: 8 launches (die 76 -> 76 C, 0 heater)
pass 0 fmul.ps/random/h2: 8 launches (die 76 -> 76 C, 0 heater)
pass 0 fsgnjx.ps/random/h2: 8 launches (die 78 -> 78 C, 0 heater)
pass 0 for.pi/random/h2: 8 launches (die 77 -> 77 C, 0 heater)
pass 0 sb/zeros/h2: 8 launches (die 77 -> 77 C, 0 heater)
pass 0 amomaxl.w/random/h2: 8 launches (die 76 -> 76 C, 0 heater)
pass 0 fmaxu.pi/zeros/h2: 8 launches (die 76 -> 76 C, 0 heater)
pass 0 fcvt.pw.ps/random/h2: 8 launches (die 76 -> 76 C, 0 heater)
pass 0 fsgnjx.ps/zeros/h2: 8 launches (die 77 -> 77 C, 0 heater)
pass 0 lwu/random/h2: 8 launches (die 77 -> 77 C, 0 heater)
pass 0 fminu.pi/zeros/h2: 8 launches (die 76 -> 76 C, 0 heater)
pass 0 slt/random/h2: 8 launches (die 76 -> 76 C, 0 heater)
pass 0 flem.ps/random/h2: 8 launches (die 76 -> 76 C, 0 heater)
pass 0 flw.ps/random/h2: 8 launches (die 76 -> 76 C, 0 heater)
pass 0 fmadd.ps/random/h1: 8 launches (die 77 -> 77 C, 0 heater)
pass 0 flem.ps/zeros/h2: 8 launches (die 78 -> 78 C, 0 heater)
pass 0 sltiu/random/h2: 8 launches (die 76 -> 76 C, 0 heater)
pass 0 scpline/stride256/random: 8 launches (die 76 -> 76 C, 0 heater)
pass 0 flt.ps/random/h2: 8 launches (die 76 -> 76 C, 0 heater)
pass 0 tstore/scp/const: 8 launches (die 78 -> 78 C, 0 heater)
pass 0 amoaddg.w/zeros/h2: 8 launches (die 77 -> 77 C, 0 heater)
pass 0 mulhu/random/h2: 8 launches (die 76 -> 76 C, 0 heater)
pass 0 c.mv/zeros/h2: 8 launches (die 76 -> 76 C, 0 heater)
pass 0 c.add/zeros/h2: 8 launches (die 76 -> 76 C, 0 heater)
pass 0 fmax.s/zeros/h2: 8 launches (die 76 -> 76 C, 0 heater)
pass 0 ld/random/h2: 8 launches (die 77 -> 77 C, 0 heater)
pass 0 fnmadd.ps/zeros/h2: 8 launches (die 76 -> 76 C, 0 heater)
pass 0 csrr_fccnb/random/h2: 8 launches (die 77 -> 77 C, 0 heater)
pass 0 fmin.pi/random/h2: 8 launches (die 76 -> 76 C, 0 heater)
pass 0 fmv.x.w/zeros/h2: 8 launches (die 77 -> 77 C, 0 heater)
pass 0 amoaddl.d/random/h2: 8 launches (die 76 -> 76 C, 0 heater)
pass 0 divu/random/h2: 8 launches (die 76 -> 76 C, 0 heater)
done
