Opening device 1
PCIE {"t_ms":1790664749837,"test":"open","open_ns":130823850,"src":"PCIEBENCH_SRC_SHA256 main=27b7ed06330c4bae26cd24be189cdac0d67432cb52b1e8c7fca1116abda1aa5f args=8ae69bd7d46097957b638ff4c6630eb3e66d3cb0654b77d3bf55f3336c61c508 touch=92180a93c6dae0a1dce8c379156f827bd6588115777499dc45e64bf606b46ec0","link":[{"bdf":"0000:01:00.0","speed":"16.0 GT/s PCIe","width":"8","max_speed":"16.0 GT/s PCIe","max_width":"8","cma_allocated":"0 MB"},{"bdf":"0000:02:00.0","speed":"16.0 GT/s PCIe","width":"8","max_speed":"16.0 GT/s PCIe","max_width":"8","cma_allocated":"2057 MB"}]}
PCIE {"t_ms":1790664749840,"test":"conc","trial":0,"copy":"dma","cfg":"d2h","legs":1,"bytes_per_leg":2097152,"leg_ns":[757264],"wall_ns":772275,"stream_errors":0,"mb":1,"cmds_per_leg":2,"elements":0}
PCIE {"t_ms":1790664749840,"test":"conc","trial":0,"copy":"dma","cfg":"h2d/ser","legs":1,"bytes_per_leg":2097152,"leg_ns":[539873],"wall_ns":563856,"stream_errors":0,"mb":1,"cmds_per_leg":2,"elements":0}
PCIE {"t_ms":1790664749841,"test":"conc","trial":0,"copy":"dma","cfg":"2xh2d/ser","legs":2,"bytes_per_leg":2097152,"leg_ns":[587169,702002],"wall_ns":713934,"stream_errors":0,"mb":1,"cmds_per_leg":2,"elements":0}
PCIE {"t_ms":1790664749841,"test":"conc","trial":0,"copy":"dma","cfg":"h2d","legs":1,"bytes_per_leg":2097152,"leg_ns":[518633],"wall_ns":532756,"stream_errors":0,"mb":1,"cmds_per_leg":2,"elements":0}
PCIE {"t_ms":1790664749842,"test":"conc","trial":0,"copy":"dma","cfg":"d2h/ser","legs":1,"bytes_per_leg":2097152,"leg_ns":[373493],"wall_ns":386738,"stream_errors":0,"mb":1,"cmds_per_leg":2,"elements":0}
PCIE {"t_ms":1790664749843,"test":"conc","trial":1,"copy":"dma","cfg":"h2d","legs":1,"bytes_per_leg":2097152,"leg_ns":[634396],"wall_ns":646687,"stream_errors":0,"mb":1,"cmds_per_leg":2,"elements":0}
PCIE {"t_ms":1790664749843,"test":"conc","trial":1,"copy":"dma","cfg":"d2h","legs":1,"bytes_per_leg":2097152,"leg_ns":[343891],"wall_ns":355829,"stream_errors":0,"mb":1,"cmds_per_leg":2,"elements":0}
PCIE {"t_ms":1790664749843,"test":"conc","trial":1,"copy":"dma","cfg":"2xh2d/ser","legs":2,"bytes_per_leg":2097152,"leg_ns":[362896,487713],"wall_ns":500075,"stream_errors":0,"mb":1,"cmds_per_leg":2,"elements":0}
PCIE {"t_ms":1790664749844,"test":"conc","trial":1,"copy":"dma","cfg":"d2h/ser","legs":1,"bytes_per_leg":2097152,"leg_ns":[320010],"wall_ns":331979,"stream_errors":0,"mb":1,"cmds_per_leg":2,"elements":0}
PCIE {"t_ms":1790664749844,"test":"conc","trial":1,"copy":"dma","cfg":"h2d/ser","legs":1,"bytes_per_leg":2097152,"leg_ns":[284737],"wall_ns":296715,"stream_errors":0,"mb":1,"cmds_per_leg":2,"elements":0}
PCIE {"t_ms":1790664749844,"test":"conc","trial":2,"copy":"dma","cfg":"d2h/ser","legs":1,"bytes_per_leg":2097152,"leg_ns":[321525],"wall_ns":333701,"stream_errors":0,"mb":1,"cmds_per_leg":2,"elements":0}
PCIE {"t_ms":1790664749845,"test":"conc","trial":2,"copy":"dma","cfg":"d2h","legs":1,"bytes_per_leg":2097152,"leg_ns":[377263],"wall_ns":389092,"stream_errors":0,"mb":1,"cmds_per_leg":2,"elements":0}
PCIE {"t_ms":1790664749845,"test":"conc","trial":2,"copy":"dma","cfg":"h2d/ser","legs":1,"bytes_per_leg":2097152,"leg_ns":[351320],"wall_ns":363290,"stream_errors":0,"mb":1,"cmds_per_leg":2,"elements":0}
PCIE {"t_ms":1790664749845,"test":"conc","trial":2,"copy":"dma","cfg":"h2d","legs":1,"bytes_per_leg":2097152,"leg_ns":[287241],"wall_ns":299511,"stream_errors":0,"mb":1,"cmds_per_leg":2,"elements":0}
PCIE {"t_ms":1790664749846,"test":"conc","trial":2,"copy":"dma","cfg":"2xh2d/ser","legs":2,"bytes_per_leg":2097152,"leg_ns":[432505,441957],"wall_ns":454070,"stream_errors":0,"mb":1,"cmds_per_leg":2,"elements":0}
PCIE {"t_ms":1790664749847,"test":"conc","trial":3,"copy":"dma","cfg":"2xh2d/ser","legs":2,"bytes_per_leg":2097152,"leg_ns":[412797,525467],"wall_ns":537654,"stream_errors":0,"mb":1,"cmds_per_leg":2,"elements":0}
PCIE {"t_ms":1790664749847,"test":"conc","trial":3,"copy":"dma","cfg":"d2h/ser","legs":1,"bytes_per_leg":2097152,"leg_ns":[325605],"wall_ns":337465,"stream_errors":0,"mb":1,"cmds_per_leg":2,"elements":0}
PCIE {"t_ms":1790664749847,"test":"conc","trial":3,"copy":"dma","cfg":"d2h","legs":1,"bytes_per_leg":2097152,"leg_ns":[374042],"wall_ns":389827,"stream_errors":0,"mb":1,"cmds_per_leg":2,"elements":0}
PCIE {"t_ms":1790664749848,"test":"conc","trial":3,"copy":"dma","cfg":"h2d","legs":1,"bytes_per_leg":2097152,"leg_ns":[560897],"wall_ns":572885,"stream_errors":0,"mb":1,"cmds_per_leg":2,"elements":0}
PCIE {"t_ms":1790664749848,"test":"conc","trial":3,"copy":"dma","cfg":"h2d/ser","legs":1,"bytes_per_leg":2097152,"leg_ns":[312949],"wall_ns":324577,"stream_errors":0,"mb":1,"cmds_per_leg":2,"elements":0}
PCIE {"t_ms":1790664749849,"test":"conc","trial":4,"copy":"dma","cfg":"h2d","legs":1,"bytes_per_leg":2097152,"leg_ns":[413456],"wall_ns":425568,"stream_errors":0,"mb":1,"cmds_per_leg":2,"elements":0}
PCIE {"t_ms":1790664749849,"test":"conc","trial":4,"copy":"dma","cfg":"d2h/ser","legs":1,"bytes_per_leg":2097152,"leg_ns":[644780],"wall_ns":656833,"stream_errors":0,"mb":1,"cmds_per_leg":2,"elements":0}
PCIE {"t_ms":1790664749850,"test":"conc","trial":4,"copy":"dma","cfg":"d2h","legs":1,"bytes_per_leg":2097152,"leg_ns":[273633],"wall_ns":285556,"stream_errors":0,"mb":1,"cmds_per_leg":2,"elements":0}
PCIE {"t_ms":1790664749850,"test":"conc","trial":4,"copy":"dma","cfg":"2xh2d/ser","legs":2,"bytes_per_leg":2097152,"leg_ns":[430319,443635],"wall_ns":455595,"stream_errors":0,"mb":1,"cmds_per_leg":2,"elements":0}
PCIE {"t_ms":1790664749851,"test":"conc","trial":4,"copy":"dma","cfg":"h2d/ser","legs":1,"bytes_per_leg":2097152,"leg_ns":[565432],"wall_ns":577277,"stream_errors":0,"mb":1,"cmds_per_leg":2,"elements":0}
PCIE {"t_ms":1790664749851,"test":"conc","trial":5,"copy":"dma","cfg":"d2h","legs":1,"bytes_per_leg":2097152,"leg_ns":[642595],"wall_ns":654779,"stream_errors":0,"mb":1,"cmds_per_leg":2,"elements":0}
PCIE {"t_ms":1790664749852,"test":"conc","trial":5,"copy":"dma","cfg":"h2d/ser","legs":1,"bytes_per_leg":2097152,"leg_ns":[596691],"wall_ns":608292,"stream_errors":0,"mb":1,"cmds_per_leg":2,"elements":0}
PCIE {"t_ms":1790664749853,"test":"conc","trial":5,"copy":"dma","cfg":"d2h/ser","legs":1,"bytes_per_leg":2097152,"leg_ns":[642106],"wall_ns":654330,"stream_errors":0,"mb":1,"cmds_per_leg":2,"elements":0}
PCIE {"t_ms":1790664749853,"test":"conc","trial":5,"copy":"dma","cfg":"h2d","legs":1,"bytes_per_leg":2097152,"leg_ns":[593070],"wall_ns":604656,"stream_errors":0,"mb":1,"cmds_per_leg":2,"elements":0}
PCIE {"t_ms":1790664749854,"test":"conc","trial":5,"copy":"dma","cfg":"2xh2d/ser","legs":2,"bytes_per_leg":2097152,"leg_ns":[584194,597640],"wall_ns":609251,"stream_errors":0,"mb":1,"cmds_per_leg":2,"elements":0}
PCIE {"t_ms":1790664749854,"test":"conc","trial":6,"copy":"dma","cfg":"h2d/ser","legs":1,"bytes_per_leg":2097152,"leg_ns":[560485],"wall_ns":572293,"stream_errors":0,"mb":1,"cmds_per_leg":2,"elements":0}
PCIE {"t_ms":1790664749855,"test":"conc","trial":6,"copy":"dma","cfg":"d2h","legs":1,"bytes_per_leg":2097152,"leg_ns":[646111],"wall_ns":658058,"stream_errors":0,"mb":1,"cmds_per_leg":2,"elements":0}
PCIE {"t_ms":1790664749856,"test":"conc","trial":6,"copy":"dma","cfg":"h2d","legs":1,"bytes_per_leg":2097152,"leg_ns":[593793],"wall_ns":605592,"stream_errors":0,"mb":1,"cmds_per_leg":2,"elements":0}
PCIE {"t_ms":1790664749856,"test":"conc","trial":6,"copy":"dma","cfg":"2xh2d/ser","legs":2,"bytes_per_leg":2097152,"leg_ns":[596914,657703],"wall_ns":670002,"stream_errors":0,"mb":1,"cmds_per_leg":2,"elements":0}
PCIE {"t_ms":1790664749857,"test":"conc","trial":6,"copy":"dma","cfg":"d2h/ser","legs":1,"bytes_per_leg":2097152,"leg_ns":[606916],"wall_ns":619194,"stream_errors":0,"mb":1,"cmds_per_leg":2,"elements":0}
PCIE {"t_ms":1790664749857,"test":"conc","trial":7,"copy":"dma","cfg":"d2h/ser","legs":1,"bytes_per_leg":2097152,"leg_ns":[315759],"wall_ns":327932,"stream_errors":0,"mb":1,"cmds_per_leg":2,"elements":0}
PCIE {"t_ms":1790664749858,"test":"conc","trial":7,"copy":"dma","cfg":"d2h","legs":1,"bytes_per_leg":2097152,"leg_ns":[258197],"wall_ns":273307,"stream_errors":0,"mb":1,"cmds_per_leg":2,"elements":0}
PCIE {"t_ms":1790664749858,"test":"conc","trial":7,"copy":"dma","cfg":"h2d","legs":1,"bytes_per_leg":2097152,"leg_ns":[514686],"wall_ns":526233,"stream_errors":0,"mb":1,"cmds_per_leg":2,"elements":0}
PCIE {"t_ms":1790664749859,"test":"conc","trial":7,"copy":"dma","cfg":"2xh2d/ser","legs":2,"bytes_per_leg":2097152,"leg_ns":[429281,438503],"wall_ns":450432,"stream_errors":0,"mb":1,"cmds_per_leg":2,"elements":0}
PCIE {"t_ms":1790664749859,"test":"conc","trial":7,"copy":"dma","cfg":"h2d/ser","legs":1,"bytes_per_leg":2097152,"leg_ns":[314557],"wall_ns":326146,"stream_errors":0,"mb":1,"cmds_per_leg":2,"elements":0}
PCIE {"t_ms":1790664749859,"test":"conc","trial":8,"copy":"dma","cfg":"h2d/ser","legs":1,"bytes_per_leg":2097152,"leg_ns":[286304],"wall_ns":297827,"stream_errors":0,"mb":1,"cmds_per_leg":2,"elements":0}
PCIE {"t_ms":1790664749860,"test":"conc","trial":8,"copy":"dma","cfg":"d2h/ser","legs":1,"bytes_per_leg":2097152,"leg_ns":[373191],"wall_ns":385263,"stream_errors":0,"mb":1,"cmds_per_leg":2,"elements":0}
PCIE {"t_ms":1790664749860,"test":"conc","trial":8,"copy":"dma","cfg":"d2h","legs":1,"bytes_per_leg":2097152,"leg_ns":[265615],"wall_ns":277511,"stream_errors":0,"mb":1,"cmds_per_leg":2,"elements":0}
PCIE {"t_ms":1790664749860,"test":"conc","trial":8,"copy":"dma","cfg":"h2d","legs":1,"bytes_per_leg":2097152,"leg_ns":[392034],"wall_ns":408814,"stream_errors":0,"mb":1,"cmds_per_leg":2,"elements":0}
PCIE {"t_ms":1790664749861,"test":"conc","trial":8,"copy":"dma","cfg":"2xh2d/ser","legs":2,"bytes_per_leg":2097152,"leg_ns":[425278,539432],"wall_ns":551378,"stream_errors":0,"mb":1,"cmds_per_leg":2,"elements":0}
PCIE {"t_ms":1790664749861,"test":"conc","trial":9,"copy":"dma","cfg":"h2d","legs":1,"bytes_per_leg":2097152,"leg_ns":[411794],"wall_ns":423755,"stream_errors":0,"mb":1,"cmds_per_leg":2,"elements":0}
PCIE {"t_ms":1790664749862,"test":"conc","trial":9,"copy":"dma","cfg":"d2h/ser","legs":1,"bytes_per_leg":2097152,"leg_ns":[386091],"wall_ns":397905,"stream_errors":0,"mb":1,"cmds_per_leg":2,"elements":0}
PCIE {"t_ms":1790664749862,"test":"conc","trial":9,"copy":"dma","cfg":"2xh2d/ser","legs":2,"bytes_per_leg":2097152,"leg_ns":[618246,620278],"wall_ns":632292,"stream_errors":0,"mb":1,"cmds_per_leg":2,"elements":0}
PCIE {"t_ms":1790664749863,"test":"conc","trial":9,"copy":"dma","cfg":"d2h","legs":1,"bytes_per_leg":2097152,"leg_ns":[334343],"wall_ns":346483,"stream_errors":0,"mb":1,"cmds_per_leg":2,"elements":0}
PCIE {"t_ms":1790664749863,"test":"conc","trial":9,"copy":"dma","cfg":"h2d/ser","legs":1,"bytes_per_leg":2097152,"leg_ns":[298130],"wall_ns":309688,"stream_errors":0,"mb":1,"cmds_per_leg":2,"elements":0}
PCIE {"t_ms":1790664749864,"test":"conc","trial":10,"copy":"dma","cfg":"d2h","legs":1,"bytes_per_leg":2097152,"leg_ns":[321888],"wall_ns":378036,"stream_errors":0,"mb":1,"cmds_per_leg":2,"elements":0}
PCIE {"t_ms":1790664749864,"test":"conc","trial":10,"copy":"dma","cfg":"d2h/ser","legs":1,"bytes_per_leg":2097152,"leg_ns":[275396],"wall_ns":287148,"stream_errors":0,"mb":1,"cmds_per_leg":2,"elements":0}
PCIE {"t_ms":1790664749864,"test":"conc","trial":10,"copy":"dma","cfg":"h2d/ser","legs":1,"bytes_per_leg":2097152,"leg_ns":[301207],"wall_ns":312811,"stream_errors":0,"mb":1,"cmds_per_leg":2,"elements":0}
PCIE {"t_ms":1790664749865,"test":"conc","trial":10,"copy":"dma","cfg":"h2d","legs":1,"bytes_per_leg":2097152,"leg_ns":[563536],"wall_ns":575986,"stream_errors":0,"mb":1,"cmds_per_leg":2,"elements":0}
PCIE {"t_ms":1790664749865,"test":"conc","trial":10,"copy":"dma","cfg":"2xh2d/ser","legs":2,"bytes_per_leg":2097152,"leg_ns":[579388,591046],"wall_ns":603322,"stream_errors":0,"mb":1,"cmds_per_leg":2,"elements":0}
PCIE {"t_ms":1790664749866,"test":"conc","trial":11,"copy":"dma","cfg":"d2h/ser","legs":1,"bytes_per_leg":2097152,"leg_ns":[634176],"wall_ns":651974,"stream_errors":0,"mb":1,"cmds_per_leg":2,"elements":0}
PCIE {"t_ms":1790664749867,"test":"conc","trial":11,"copy":"dma","cfg":"h2d","legs":1,"bytes_per_leg":2097152,"leg_ns":[593015],"wall_ns":606647,"stream_errors":0,"mb":1,"cmds_per_leg":2,"elements":0}
PCIE {"t_ms":1790664749867,"test":"conc","trial":11,"copy":"dma","cfg":"d2h","legs":1,"bytes_per_leg":2097152,"leg_ns":[581851],"wall_ns":595028,"stream_errors":0,"mb":1,"cmds_per_leg":2,"elements":0}
PCIE {"t_ms":1790664749868,"test":"conc","trial":11,"copy":"dma","cfg":"h2d/ser","legs":1,"bytes_per_leg":2097152,"leg_ns":[305375],"wall_ns":317429,"stream_errors":0,"mb":1,"cmds_per_leg":2,"elements":0}
PCIE {"t_ms":1790664749868,"test":"conc","trial":11,"copy":"dma","cfg":"2xh2d/ser","legs":2,"bytes_per_leg":2097152,"leg_ns":[583630,594450],"wall_ns":606368,"stream_errors":0,"mb":1,"cmds_per_leg":2,"elements":0}
PCIE {"t_ms":1790664749869,"test":"conc","trial":12,"copy":"dma","cfg":"h2d/ser","legs":1,"bytes_per_leg":2097152,"leg_ns":[564930],"wall_ns":576937,"stream_errors":0,"mb":1,"cmds_per_leg":2,"elements":0}
PCIE {"t_ms":1790664749870,"test":"conc","trial":12,"copy":"dma","cfg":"d2h","legs":1,"bytes_per_leg":2097152,"leg_ns":[1514262],"wall_ns":1528761,"stream_errors":0,"mb":1,"cmds_per_leg":2,"elements":0}
PCIE {"t_ms":1790664749871,"test":"conc","trial":12,"copy":"dma","cfg":"2xh2d/ser","legs":2,"bytes_per_leg":2097152,"leg_ns":[388505,506699],"wall_ns":519719,"stream_errors":0,"mb":1,"cmds_per_leg":2,"elements":0}
PCIE {"t_ms":1790664749871,"test":"conc","trial":12,"copy":"dma","cfg":"h2d","legs":1,"bytes_per_leg":2097152,"leg_ns":[558959],"wall_ns":571330,"stream_errors":0,"mb":1,"cmds_per_leg":2,"elements":0}
PCIE {"t_ms":1790664749872,"test":"conc","trial":12,"copy":"dma","cfg":"d2h/ser","legs":1,"bytes_per_leg":2097152,"leg_ns":[599789],"wall_ns":614836,"stream_errors":0,"mb":1,"cmds_per_leg":2,"elements":0}
PCIE {"t_ms":1790664749872,"test":"conc","trial":13,"copy":"dma","cfg":"h2d/ser","legs":1,"bytes_per_leg":2097152,"leg_ns":[290642],"wall_ns":302978,"stream_errors":0,"mb":1,"cmds_per_leg":2,"elements":0}
PCIE {"t_ms":1790664749873,"test":"conc","trial":13,"copy":"dma","cfg":"d2h/ser","legs":1,"bytes_per_leg":2097152,"leg_ns":[592166],"wall_ns":606972,"stream_errors":0,"mb":1,"cmds_per_leg":2,"elements":0}
PCIE {"t_ms":1790664749873,"test":"conc","trial":13,"copy":"dma","cfg":"h2d","legs":1,"bytes_per_leg":2097152,"leg_ns":[397297],"wall_ns":409540,"stream_errors":0,"mb":1,"cmds_per_leg":2,"elements":0}
PCIE {"t_ms":1790664749874,"test":"conc","trial":13,"copy":"dma","cfg":"2xh2d/ser","legs":2,"bytes_per_leg":2097152,"leg_ns":[579933,590592],"wall_ns":603428,"stream_errors":0,"mb":1,"cmds_per_leg":2,"elements":0}
PCIE {"t_ms":1790664749875,"test":"conc","trial":13,"copy":"dma","cfg":"d2h","legs":1,"bytes_per_leg":2097152,"leg_ns":[581953],"wall_ns":594268,"stream_errors":0,"mb":1,"cmds_per_leg":2,"elements":0}
PCIE {"t_ms":1790664749875,"test":"conc","trial":14,"copy":"dma","cfg":"d2h","legs":1,"bytes_per_leg":2097152,"leg_ns":[319192],"wall_ns":332085,"stream_errors":0,"mb":1,"cmds_per_leg":2,"elements":0}
PCIE {"t_ms":1790664749876,"test":"conc","trial":14,"copy":"dma","cfg":"2xh2d/ser","legs":2,"bytes_per_leg":2097152,"leg_ns":[413658,531975],"wall_ns":545280,"stream_errors":0,"mb":1,"cmds_per_leg":2,"elements":0}
PCIE {"t_ms":1790664749876,"test":"conc","trial":14,"copy":"dma","cfg":"h2d","legs":1,"bytes_per_leg":2097152,"leg_ns":[561500],"wall_ns":573442,"stream_errors":0,"mb":1,"cmds_per_leg":2,"elements":0}
PCIE {"t_ms":1790664749877,"test":"conc","trial":14,"copy":"dma","cfg":"d2h/ser","legs":1,"bytes_per_leg":2097152,"leg_ns":[580225],"wall_ns":593182,"stream_errors":0,"mb":1,"cmds_per_leg":2,"elements":0}
PCIE {"t_ms":1790664749877,"test":"conc","trial":14,"copy":"dma","cfg":"h2d/ser","legs":1,"bytes_per_leg":2097152,"leg_ns":[301119],"wall_ns":315557,"stream_errors":0,"mb":1,"cmds_per_leg":2,"elements":0}
PCIE {"t_ms":1790664749878,"test":"conc","trial":15,"copy":"dma","cfg":"d2h","legs":1,"bytes_per_leg":2097152,"leg_ns":[568510],"wall_ns":582028,"stream_errors":0,"mb":1,"cmds_per_leg":2,"elements":0}
PCIE {"t_ms":1790664749878,"test":"conc","trial":15,"copy":"dma","cfg":"d2h/ser","legs":1,"bytes_per_leg":2097152,"leg_ns":[323748],"wall_ns":335908,"stream_errors":0,"mb":1,"cmds_per_leg":2,"elements":0}
PCIE {"t_ms":1790664749879,"test":"conc","trial":15,"copy":"dma","cfg":"2xh2d/ser","legs":2,"bytes_per_leg":2097152,"leg_ns":[389116,504358],"wall_ns":517517,"stream_errors":0,"mb":1,"cmds_per_leg":2,"elements":0}
PCIE {"t_ms":1790664749879,"test":"conc","trial":15,"copy":"dma","cfg":"h2d","legs":1,"bytes_per_leg":2097152,"leg_ns":[412448],"wall_ns":424838,"stream_errors":0,"mb":1,"cmds_per_leg":2,"elements":0}
PCIE {"t_ms":1790664749879,"test":"conc","trial":15,"copy":"dma","cfg":"h2d/ser","legs":1,"bytes_per_leg":2097152,"leg_ns":[298356],"wall_ns":310747,"stream_errors":0,"mb":1,"cmds_per_leg":2,"elements":0}
PCIE {"t_ms":1790664749880,"test":"conc","trial":16,"copy":"dma","cfg":"h2d","legs":1,"bytes_per_leg":2097152,"leg_ns":[404847],"wall_ns":417037,"stream_errors":0,"mb":1,"cmds_per_leg":2,"elements":0}
PCIE {"t_ms":1790664749880,"test":"conc","trial":16,"copy":"dma","cfg":"d2h/ser","legs":1,"bytes_per_leg":2097152,"leg_ns":[324575],"wall_ns":337003,"stream_errors":0,"mb":1,"cmds_per_leg":2,"elements":0}
PCIE {"t_ms":1790664749880,"test":"conc","trial":16,"copy":"dma","cfg":"h2d/ser","legs":1,"bytes_per_leg":2097152,"leg_ns":[308801],"wall_ns":321480,"stream_errors":0,"mb":1,"cmds_per_leg":2,"elements":0}
PCIE {"t_ms":1790664749881,"test":"conc","trial":16,"copy":"dma","cfg":"2xh2d/ser","legs":2,"bytes_per_leg":2097152,"leg_ns":[434233,436470],"wall_ns":448847,"stream_errors":0,"mb":1,"cmds_per_leg":2,"elements":0}
PCIE {"t_ms":1790664749881,"test":"conc","trial":16,"copy":"dma","cfg":"d2h","legs":1,"bytes_per_leg":2097152,"leg_ns":[329507],"wall_ns":341800,"stream_errors":0,"mb":1,"cmds_per_leg":2,"elements":0}
PCIE {"t_ms":1790664749882,"test":"conc","trial":17,"copy":"dma","cfg":"h2d","legs":1,"bytes_per_leg":2097152,"leg_ns":[378346],"wall_ns":390852,"stream_errors":0,"mb":1,"cmds_per_leg":2,"elements":0}
PCIE {"t_ms":1790664749882,"test":"conc","trial":17,"copy":"dma","cfg":"d2h/ser","legs":1,"bytes_per_leg":2097152,"leg_ns":[593338],"wall_ns":605762,"stream_errors":0,"mb":1,"cmds_per_leg":2,"elements":0}
PCIE {"t_ms":1790664749883,"test":"conc","trial":17,"copy":"dma","cfg":"h2d/ser","legs":1,"bytes_per_leg":2097152,"leg_ns":[312887],"wall_ns":325438,"stream_errors":0,"mb":1,"cmds_per_leg":2,"elements":0}
PCIE {"t_ms":1790664749883,"test":"conc","trial":17,"copy":"dma","cfg":"d2h","legs":1,"bytes_per_leg":2097152,"leg_ns":[322685],"wall_ns":335207,"stream_errors":0,"mb":1,"cmds_per_leg":2,"elements":0}
PCIE {"t_ms":1790664749883,"test":"conc","trial":17,"copy":"dma","cfg":"2xh2d/ser","legs":2,"bytes_per_leg":2097152,"leg_ns":[452817,470124],"wall_ns":484247,"stream_errors":0,"mb":1,"cmds_per_leg":2,"elements":0}
PCIE {"t_ms":1790664749884,"test":"conc","trial":18,"copy":"dma","cfg":"h2d/ser","legs":1,"bytes_per_leg":2097152,"leg_ns":[571784],"wall_ns":585444,"stream_errors":0,"mb":1,"cmds_per_leg":2,"elements":0}
PCIE {"t_ms":1790664749885,"test":"conc","trial":18,"copy":"dma","cfg":"2xh2d/ser","legs":2,"bytes_per_leg":2097152,"leg_ns":[602761,612474],"wall_ns":627149,"stream_errors":0,"mb":1,"cmds_per_leg":2,"elements":0}
PCIE {"t_ms":1790664749885,"test":"conc","trial":18,"copy":"dma","cfg":"d2h","legs":1,"bytes_per_leg":2097152,"leg_ns":[590067],"wall_ns":605167,"stream_errors":0,"mb":1,"cmds_per_leg":2,"elements":0}
PCIE {"t_ms":1790664749886,"test":"conc","trial":18,"copy":"dma","cfg":"d2h/ser","legs":1,"bytes_per_leg":2097152,"leg_ns":[330553],"wall_ns":344043,"stream_errors":0,"mb":1,"cmds_per_leg":2,"elements":0}
PCIE {"t_ms":1790664749886,"test":"conc","trial":18,"copy":"dma","cfg":"h2d","legs":1,"bytes_per_leg":2097152,"leg_ns":[435738],"wall_ns":449027,"stream_errors":0,"mb":1,"cmds_per_leg":2,"elements":0}
PCIE {"t_ms":1790664749887,"test":"conc","trial":19,"copy":"dma","cfg":"d2h","legs":1,"bytes_per_leg":2097152,"leg_ns":[588753],"wall_ns":602270,"stream_errors":0,"mb":1,"cmds_per_leg":2,"elements":0}
PCIE {"t_ms":1790664749887,"test":"conc","trial":19,"copy":"dma","cfg":"h2d","legs":1,"bytes_per_leg":2097152,"leg_ns":[436324],"wall_ns":449551,"stream_errors":0,"mb":1,"cmds_per_leg":2,"elements":0}
PCIE {"t_ms":1790664749888,"test":"conc","trial":19,"copy":"dma","cfg":"2xh2d/ser","legs":2,"bytes_per_leg":2097152,"leg_ns":[599766,615756],"wall_ns":629504,"stream_errors":0,"mb":1,"cmds_per_leg":2,"elements":0}
PCIE {"t_ms":1790664749888,"test":"conc","trial":19,"copy":"dma","cfg":"d2h/ser","legs":1,"bytes_per_leg":2097152,"leg_ns":[584980],"wall_ns":598629,"stream_errors":0,"mb":1,"cmds_per_leg":2,"elements":0}
PCIE {"t_ms":1790664749889,"test":"conc","trial":19,"copy":"dma","cfg":"h2d/ser","legs":1,"bytes_per_leg":2097152,"leg_ns":[328041],"wall_ns":341972,"stream_errors":0,"mb":1,"cmds_per_leg":2,"elements":0}
PCIE {"t_ms":1790664749889,"test":"conc","trial":20,"copy":"dma","cfg":"d2h/ser","legs":1,"bytes_per_leg":2097152,"leg_ns":[585293],"wall_ns":598632,"stream_errors":0,"mb":1,"cmds_per_leg":2,"elements":0}
PCIE {"t_ms":1790664749890,"test":"conc","trial":20,"copy":"dma","cfg":"h2d/ser","legs":1,"bytes_per_leg":2097152,"leg_ns":[330316],"wall_ns":344410,"stream_errors":0,"mb":1,"cmds_per_leg":2,"elements":0}
PCIE {"t_ms":1790664749890,"test":"conc","trial":20,"copy":"dma","cfg":"d2h","legs":1,"bytes_per_leg":2097152,"leg_ns":[566527],"wall_ns":579838,"stream_errors":0,"mb":1,"cmds_per_leg":2,"elements":0}
PCIE {"t_ms":1790664749891,"test":"conc","trial":20,"copy":"dma","cfg":"2xh2d/ser","legs":2,"bytes_per_leg":2097152,"leg_ns":[463523,475188],"wall_ns":488736,"stream_errors":0,"mb":1,"cmds_per_leg":2,"elements":0}
PCIE {"t_ms":1790664749891,"test":"conc","trial":20,"copy":"dma","cfg":"h2d","legs":1,"bytes_per_leg":2097152,"leg_ns":[577547],"wall_ns":591064,"stream_errors":0,"mb":1,"cmds_per_leg":2,"elements":0}
PCIE {"t_ms":1790664749892,"test":"conc","trial":21,"copy":"dma","cfg":"d2h/ser","legs":1,"bytes_per_leg":2097152,"leg_ns":[354249],"wall_ns":367568,"stream_errors":0,"mb":1,"cmds_per_leg":2,"elements":0}
PCIE {"t_ms":1790664749892,"test":"conc","trial":21,"copy":"dma","cfg":"2xh2d/ser","legs":2,"bytes_per_leg":2097152,"leg_ns":[447053,460338],"wall_ns":473868,"stream_errors":0,"mb":1,"cmds_per_leg":2,"elements":0}
PCIE {"t_ms":1790664749893,"test":"conc","trial":21,"copy":"dma","cfg":"h2d/ser","legs":1,"bytes_per_leg":2097152,"leg_ns":[576627],"wall_ns":589730,"stream_errors":0,"mb":1,"cmds_per_leg":2,"elements":0}
PCIE {"t_ms":1790664749894,"test":"conc","trial":21,"copy":"dma","cfg":"d2h","legs":1,"bytes_per_leg":2097152,"leg_ns":[639076],"wall_ns":652470,"stream_errors":0,"mb":1,"cmds_per_leg":2,"elements":0}
PCIE {"t_ms":1790664749894,"test":"conc","trial":21,"copy":"dma","cfg":"h2d","legs":1,"bytes_per_leg":2097152,"leg_ns":[487489],"wall_ns":500840,"stream_errors":0,"mb":1,"cmds_per_leg":2,"elements":0}
PCIE {"t_ms":1790664749895,"test":"conc","trial":22,"copy":"dma","cfg":"h2d","legs":1,"bytes_per_leg":2097152,"leg_ns":[573396],"wall_ns":586638,"stream_errors":0,"mb":1,"cmds_per_leg":2,"elements":0}
PCIE {"t_ms":1790664749895,"test":"conc","trial":22,"copy":"dma","cfg":"h2d/ser","legs":1,"bytes_per_leg":2097152,"leg_ns":[584071],"wall_ns":597296,"stream_errors":0,"mb":1,"cmds_per_leg":2,"elements":0}
PCIE {"t_ms":1790664749896,"test":"conc","trial":22,"copy":"dma","cfg":"2xh2d/ser","legs":2,"bytes_per_leg":2097152,"leg_ns":[601655,613622],"wall_ns":626789,"stream_errors":0,"mb":1,"cmds_per_leg":2,"elements":0}
PCIE {"t_ms":1790664749897,"test":"conc","trial":22,"copy":"dma","cfg":"d2h/ser","legs":1,"bytes_per_leg":2097152,"leg_ns":[652827],"wall_ns":666208,"stream_errors":0,"mb":1,"cmds_per_leg":2,"elements":0}
PCIE {"t_ms":1790664749897,"test":"conc","trial":22,"copy":"dma","cfg":"d2h","legs":1,"bytes_per_leg":2097152,"leg_ns":[625825],"wall_ns":639306,"stream_errors":0,"mb":1,"cmds_per_leg":2,"elements":0}
PCIE {"t_ms":1790664749898,"test":"conc","trial":23,"copy":"dma","cfg":"d2h/ser","legs":1,"bytes_per_leg":2097152,"leg_ns":[382673],"wall_ns":396066,"stream_errors":0,"mb":1,"cmds_per_leg":2,"elements":0}
PCIE {"t_ms":1790664749898,"test":"conc","trial":23,"copy":"dma","cfg":"h2d","legs":1,"bytes_per_leg":2097152,"leg_ns":[496907],"wall_ns":509675,"stream_errors":0,"mb":1,"cmds_per_leg":2,"elements":0}
PCIE {"t_ms":1790664749899,"test":"conc","trial":23,"copy":"dma","cfg":"2xh2d/ser","legs":2,"bytes_per_leg":2097152,"leg_ns":[597603,614839],"wall_ns":628067,"stream_errors":0,"mb":1,"cmds_per_leg":2,"elements":0}
PCIE {"t_ms":1790664749899,"test":"conc","trial":23,"copy":"dma","cfg":"h2d/ser","legs":1,"bytes_per_leg":2097152,"leg_ns":[569963],"wall_ns":583111,"stream_errors":0,"mb":1,"cmds_per_leg":2,"elements":0}
PCIE {"t_ms":1790664749900,"test":"conc","trial":23,"copy":"dma","cfg":"d2h","legs":1,"bytes_per_leg":2097152,"leg_ns":[641528],"wall_ns":654658,"stream_errors":0,"mb":1,"cmds_per_leg":2,"elements":0}
PCIE {"t_ms":1790664749901,"test":"conc","trial":24,"copy":"dma","cfg":"h2d/ser","legs":1,"bytes_per_leg":2097152,"leg_ns":[616692],"wall_ns":629635,"stream_errors":0,"mb":1,"cmds_per_leg":2,"elements":0}
PCIE {"t_ms":1790664749901,"test":"conc","trial":24,"copy":"dma","cfg":"2xh2d/ser","legs":2,"bytes_per_leg":2097152,"leg_ns":[567697,579723],"wall_ns":593094,"stream_errors":0,"mb":1,"cmds_per_leg":2,"elements":0}
PCIE {"t_ms":1790664749902,"test":"conc","trial":24,"copy":"dma","cfg":"h2d","legs":1,"bytes_per_leg":2097152,"leg_ns":[578515],"wall_ns":591435,"stream_errors":0,"mb":1,"cmds_per_leg":2,"elements":0}
PCIE {"t_ms":1790664749903,"test":"conc","trial":24,"copy":"dma","cfg":"d2h/ser","legs":1,"bytes_per_leg":2097152,"leg_ns":[644068],"wall_ns":657454,"stream_errors":0,"mb":1,"cmds_per_leg":2,"elements":0}
PCIE {"t_ms":1790664749903,"test":"conc","trial":24,"copy":"dma","cfg":"d2h","legs":1,"bytes_per_leg":2097152,"leg_ns":[302056],"wall_ns":315438,"stream_errors":0,"mb":1,"cmds_per_leg":2,"elements":0}
PCIE {"t_ms":1790664749903,"test":"done","which":"conc","elapsed_s":0.197117}
