Opening device 1
PCIE {"t_ms":1790664765366,"test":"open","open_ns":130747422,"src":"PCIEBENCH_SRC_SHA256 main=27b7ed06330c4bae26cd24be189cdac0d67432cb52b1e8c7fca1116abda1aa5f args=8ae69bd7d46097957b638ff4c6630eb3e66d3cb0654b77d3bf55f3336c61c508 touch=92180a93c6dae0a1dce8c379156f827bd6588115777499dc45e64bf606b46ec0","link":[{"bdf":"0000:01:00.0","speed":"16.0 GT/s PCIe","width":"8","max_speed":"16.0 GT/s PCIe","max_width":"8","cma_allocated":"0 MB"},{"bdf":"0000:02:00.0","speed":"16.0 GT/s PCIe","width":"8","max_speed":"16.0 GT/s PCIe","max_width":"8","cma_allocated":"2057 MB"}]}
PCIE {"t_ms":1790664765474,"test":"conc","trial":0,"copy":"dma","cfg":"d2h","legs":1,"bytes_per_leg":134217728,"leg_ns":[12322323],"wall_ns":12341888,"stream_errors":0,"mb":64,"cmds_per_leg":2,"elements":8}
PCIE {"t_ms":1790664765485,"test":"conc","trial":0,"copy":"dma","cfg":"h2d/ser","legs":1,"bytes_per_leg":134217728,"leg_ns":[10891657],"wall_ns":10903691,"stream_errors":0,"mb":64,"cmds_per_leg":2,"elements":8}
PCIE {"t_ms":1790664765507,"test":"conc","trial":0,"copy":"dma","cfg":"2xh2d/ser","legs":2,"bytes_per_leg":134217728,"leg_ns":[16263019,21569255],"wall_ns":21582786,"stream_errors":0,"mb":64,"cmds_per_leg":2,"elements":8}
PCIE {"t_ms":1790664765529,"test":"conc","trial":0,"copy":"dma","cfg":"h2d","legs":1,"bytes_per_leg":134217728,"leg_ns":[22077742],"wall_ns":22091826,"stream_errors":0,"mb":64,"cmds_per_leg":2,"elements":8}
PCIE {"t_ms":1790664765542,"test":"conc","trial":0,"copy":"dma","cfg":"d2h/ser","legs":1,"bytes_per_leg":134217728,"leg_ns":[13230549],"wall_ns":13245079,"stream_errors":0,"mb":64,"cmds_per_leg":2,"elements":8}
PCIE {"t_ms":1790664765564,"test":"conc","trial":1,"copy":"dma","cfg":"h2d","legs":1,"bytes_per_leg":134217728,"leg_ns":[21924632],"wall_ns":21943051,"stream_errors":0,"mb":64,"cmds_per_leg":2,"elements":8}
PCIE {"t_ms":1790664765577,"test":"conc","trial":1,"copy":"dma","cfg":"d2h","legs":1,"bytes_per_leg":134217728,"leg_ns":[12515877],"wall_ns":12534006,"stream_errors":0,"mb":64,"cmds_per_leg":2,"elements":8}
PCIE {"t_ms":1790664765598,"test":"conc","trial":1,"copy":"dma","cfg":"2xh2d/ser","legs":2,"bytes_per_leg":134217728,"leg_ns":[16081464,21484230],"wall_ns":21496808,"stream_errors":0,"mb":64,"cmds_per_leg":2,"elements":8}
PCIE {"t_ms":1790664765612,"test":"conc","trial":1,"copy":"dma","cfg":"d2h/ser","legs":1,"bytes_per_leg":134217728,"leg_ns":[13449446],"wall_ns":13465264,"stream_errors":0,"mb":64,"cmds_per_leg":2,"elements":8}
PCIE {"t_ms":1790664765623,"test":"conc","trial":1,"copy":"dma","cfg":"h2d/ser","legs":1,"bytes_per_leg":134217728,"leg_ns":[10990263],"wall_ns":11005517,"stream_errors":0,"mb":64,"cmds_per_leg":2,"elements":8}
PCIE {"t_ms":1790664765636,"test":"conc","trial":2,"copy":"dma","cfg":"d2h/ser","legs":1,"bytes_per_leg":134217728,"leg_ns":[13287063],"wall_ns":13301405,"stream_errors":0,"mb":64,"cmds_per_leg":2,"elements":8}
PCIE {"t_ms":1790664765648,"test":"conc","trial":2,"copy":"dma","cfg":"d2h","legs":1,"bytes_per_leg":134217728,"leg_ns":[12184607],"wall_ns":12197619,"stream_errors":0,"mb":64,"cmds_per_leg":2,"elements":8}
PCIE {"t_ms":1790664765659,"test":"conc","trial":2,"copy":"dma","cfg":"h2d/ser","legs":1,"bytes_per_leg":134217728,"leg_ns":[10952201],"wall_ns":10965140,"stream_errors":0,"mb":64,"cmds_per_leg":2,"elements":8}
PCIE {"t_ms":1790664765681,"test":"conc","trial":2,"copy":"dma","cfg":"h2d","legs":1,"bytes_per_leg":134217728,"leg_ns":[21889945],"wall_ns":21902502,"stream_errors":0,"mb":64,"cmds_per_leg":2,"elements":8}
PCIE {"t_ms":1790664765702,"test":"conc","trial":2,"copy":"dma","cfg":"2xh2d/ser","legs":2,"bytes_per_leg":134217728,"leg_ns":[16245275,21445126],"wall_ns":21457738,"stream_errors":0,"mb":64,"cmds_per_leg":2,"elements":8}
PCIE {"t_ms":1790664765724,"test":"conc","trial":3,"copy":"dma","cfg":"2xh2d/ser","legs":2,"bytes_per_leg":134217728,"leg_ns":[16169987,21473757],"wall_ns":21486071,"stream_errors":0,"mb":64,"cmds_per_leg":2,"elements":8}
PCIE {"t_ms":1790664765737,"test":"conc","trial":3,"copy":"dma","cfg":"d2h/ser","legs":1,"bytes_per_leg":134217728,"leg_ns":[13363390],"wall_ns":13382303,"stream_errors":0,"mb":64,"cmds_per_leg":2,"elements":8}
PCIE {"t_ms":1790664765750,"test":"conc","trial":3,"copy":"dma","cfg":"d2h","legs":1,"bytes_per_leg":134217728,"leg_ns":[12202349],"wall_ns":12221385,"stream_errors":0,"mb":64,"cmds_per_leg":2,"elements":8}
PCIE {"t_ms":1790664765772,"test":"conc","trial":3,"copy":"dma","cfg":"h2d","legs":1,"bytes_per_leg":134217728,"leg_ns":[22057200],"wall_ns":22069624,"stream_errors":0,"mb":64,"cmds_per_leg":2,"elements":8}
PCIE {"t_ms":1790664765783,"test":"conc","trial":3,"copy":"dma","cfg":"h2d/ser","legs":1,"bytes_per_leg":134217728,"leg_ns":[10859333],"wall_ns":10871709,"stream_errors":0,"mb":64,"cmds_per_leg":2,"elements":8}
PCIE {"t_ms":1790664765805,"test":"conc","trial":4,"copy":"dma","cfg":"h2d","legs":1,"bytes_per_leg":134217728,"leg_ns":[21986833],"wall_ns":21999349,"stream_errors":0,"mb":64,"cmds_per_leg":2,"elements":8}
PCIE {"t_ms":1790664765818,"test":"conc","trial":4,"copy":"dma","cfg":"d2h/ser","legs":1,"bytes_per_leg":134217728,"leg_ns":[13348935],"wall_ns":13361476,"stream_errors":0,"mb":64,"cmds_per_leg":2,"elements":8}
PCIE {"t_ms":1790664765830,"test":"conc","trial":4,"copy":"dma","cfg":"d2h","legs":1,"bytes_per_leg":134217728,"leg_ns":[12225735],"wall_ns":12287344,"stream_errors":0,"mb":64,"cmds_per_leg":2,"elements":8}
PCIE {"t_ms":1790664765852,"test":"conc","trial":4,"copy":"dma","cfg":"2xh2d/ser","legs":2,"bytes_per_leg":134217728,"leg_ns":[16291210,21595077],"wall_ns":21608388,"stream_errors":0,"mb":64,"cmds_per_leg":2,"elements":8}
PCIE {"t_ms":1790664765863,"test":"conc","trial":4,"copy":"dma","cfg":"h2d/ser","legs":1,"bytes_per_leg":134217728,"leg_ns":[10968814],"wall_ns":10981012,"stream_errors":0,"mb":64,"cmds_per_leg":2,"elements":8}
PCIE {"t_ms":1790664765875,"test":"conc","trial":5,"copy":"dma","cfg":"d2h","legs":1,"bytes_per_leg":134217728,"leg_ns":[12188611],"wall_ns":12200460,"stream_errors":0,"mb":64,"cmds_per_leg":2,"elements":8}
PCIE {"t_ms":1790664765886,"test":"conc","trial":5,"copy":"dma","cfg":"h2d/ser","legs":1,"bytes_per_leg":134217728,"leg_ns":[10764431],"wall_ns":10777736,"stream_errors":0,"mb":64,"cmds_per_leg":2,"elements":8}
PCIE {"t_ms":1790664765899,"test":"conc","trial":5,"copy":"dma","cfg":"d2h/ser","legs":1,"bytes_per_leg":134217728,"leg_ns":[13277551],"wall_ns":13290822,"stream_errors":0,"mb":64,"cmds_per_leg":2,"elements":8}
PCIE {"t_ms":1790664765921,"test":"conc","trial":5,"copy":"dma","cfg":"h2d","legs":1,"bytes_per_leg":134217728,"leg_ns":[22190485],"wall_ns":22202364,"stream_errors":0,"mb":64,"cmds_per_leg":2,"elements":8}
PCIE {"t_ms":1790664765943,"test":"conc","trial":5,"copy":"dma","cfg":"2xh2d/ser","legs":2,"bytes_per_leg":134217728,"leg_ns":[16237172,21542198],"wall_ns":21554375,"stream_errors":0,"mb":64,"cmds_per_leg":2,"elements":8}
PCIE {"t_ms":1790664765954,"test":"conc","trial":6,"copy":"dma","cfg":"h2d/ser","legs":1,"bytes_per_leg":134217728,"leg_ns":[10976485],"wall_ns":10988407,"stream_errors":0,"mb":64,"cmds_per_leg":2,"elements":8}
PCIE {"t_ms":1790664765966,"test":"conc","trial":6,"copy":"dma","cfg":"d2h","legs":1,"bytes_per_leg":134217728,"leg_ns":[12194383],"wall_ns":12211770,"stream_errors":0,"mb":64,"cmds_per_leg":2,"elements":8}
PCIE {"t_ms":1790664765988,"test":"conc","trial":6,"copy":"dma","cfg":"h2d","legs":1,"bytes_per_leg":134217728,"leg_ns":[21873899],"wall_ns":21885670,"stream_errors":0,"mb":64,"cmds_per_leg":2,"elements":8}
PCIE {"t_ms":1790664766010,"test":"conc","trial":6,"copy":"dma","cfg":"2xh2d/ser","legs":2,"bytes_per_leg":134217728,"leg_ns":[16345426,21651665],"wall_ns":21663552,"stream_errors":0,"mb":64,"cmds_per_leg":2,"elements":8}
PCIE {"t_ms":1790664766023,"test":"conc","trial":6,"copy":"dma","cfg":"d2h/ser","legs":1,"bytes_per_leg":134217728,"leg_ns":[13361661],"wall_ns":13380921,"stream_errors":0,"mb":64,"cmds_per_leg":2,"elements":8}
PCIE {"t_ms":1790664766036,"test":"conc","trial":7,"copy":"dma","cfg":"d2h/ser","legs":1,"bytes_per_leg":134217728,"leg_ns":[12993080],"wall_ns":13007467,"stream_errors":0,"mb":64,"cmds_per_leg":2,"elements":8}
PCIE {"t_ms":1790664766048,"test":"conc","trial":7,"copy":"dma","cfg":"d2h","legs":1,"bytes_per_leg":134217728,"leg_ns":[12047262],"wall_ns":12062470,"stream_errors":0,"mb":64,"cmds_per_leg":2,"elements":8}
PCIE {"t_ms":1790664766070,"test":"conc","trial":7,"copy":"dma","cfg":"h2d","legs":1,"bytes_per_leg":134217728,"leg_ns":[21902131],"wall_ns":21915388,"stream_errors":0,"mb":64,"cmds_per_leg":2,"elements":8}
PCIE {"t_ms":1790664766092,"test":"conc","trial":7,"copy":"dma","cfg":"2xh2d/ser","legs":2,"bytes_per_leg":134217728,"leg_ns":[16236612,21541974],"wall_ns":21555267,"stream_errors":0,"mb":64,"cmds_per_leg":2,"elements":8}
PCIE {"t_ms":1790664766103,"test":"conc","trial":7,"copy":"dma","cfg":"h2d/ser","legs":1,"bytes_per_leg":134217728,"leg_ns":[10766667],"wall_ns":10779096,"stream_errors":0,"mb":64,"cmds_per_leg":2,"elements":8}
PCIE {"t_ms":1790664766113,"test":"conc","trial":8,"copy":"dma","cfg":"h2d/ser","legs":1,"bytes_per_leg":134217728,"leg_ns":[10873961],"wall_ns":10886316,"stream_errors":0,"mb":64,"cmds_per_leg":2,"elements":8}
PCIE {"t_ms":1790664766127,"test":"conc","trial":8,"copy":"dma","cfg":"d2h/ser","legs":1,"bytes_per_leg":134217728,"leg_ns":[13253316],"wall_ns":13265599,"stream_errors":0,"mb":64,"cmds_per_leg":2,"elements":8}
PCIE {"t_ms":1790664766139,"test":"conc","trial":8,"copy":"dma","cfg":"d2h","legs":1,"bytes_per_leg":134217728,"leg_ns":[12140865],"wall_ns":12156833,"stream_errors":0,"mb":64,"cmds_per_leg":2,"elements":8}
PCIE {"t_ms":1790664766161,"test":"conc","trial":8,"copy":"dma","cfg":"h2d","legs":1,"bytes_per_leg":134217728,"leg_ns":[22064144],"wall_ns":22076306,"stream_errors":0,"mb":64,"cmds_per_leg":2,"elements":8}
PCIE {"t_ms":1790664766183,"test":"conc","trial":8,"copy":"dma","cfg":"2xh2d/ser","legs":2,"bytes_per_leg":134217728,"leg_ns":[16233380,21544363],"wall_ns":21557261,"stream_errors":0,"mb":64,"cmds_per_leg":2,"elements":8}
PCIE {"t_ms":1790664766190,"test":"done","which":"conc","elapsed_s":0.954445}
