6 configurations x 3 passes, about 3 min
pass 0 dramrow2/rowhit/random: 8 launches
pass 0 dramrow2/seq/zeros: 8 launches
pass 0 dramrow2/rowmiss/random: 8 launches
pass 0 dramrow2/seq/random: 8 launches
pass 0 dramrow2/rowhit/zeros: 8 launches
pass 0 dramrow2/rowmiss/zeros: 8 launches
pass 1 dramrow2/rowmiss/random: 8 launches
pass 1 dramrow2/rowhit/random: 8 launches
pass 1 dramrow2/seq/zeros: 8 launches
pass 1 dramrow2/seq/random: 8 launches
pass 1 dramrow2/rowmiss/zeros: 8 launches
pass 1 dramrow2/rowhit/zeros: 8 launches
pass 2 dramrow2/rowmiss/random: 8 launches
pass 2 dramrow2/seq/zeros: 8 launches
pass 2 dramrow2/rowhit/zeros: 8 launches
pass 2 dramrow2/rowmiss/zeros: 8 launches
pass 2 dramrow2/rowhit/random: 8 launches
pass 2 dramrow2/seq/random: 8 launches
done
