sparseparity tensor n=256 k=5 eta=0.4 m=1925 seed=1 S=31 candidates=8809549056 tiles=10753845 plan: built-in shires=0xffffffff per_shire=32 slice=0/2 [0,2951922) ops=654995125 model=0.877802 s est=1.14114 s stage=scp nbuf=1 device=silicon
LOGGER NOT INITIALIZED:
		ET [DEVICE_LAYER][TH:134444082491008]: 
PCIe target:                                               /dev/et0_mgmt       
SP VQ Maximum message size (B):                            1760                 (0x6e0)

PCIe target:                                               /dev/et0_ops        
DRAM base:                                                 549848092672         (0x8005801000)
DRAM size (B):                                             34265366528          (0x7fa600000)
DRAM alignment (bits):                                     64                  
MM SQ count:                                               2                    (0x2)
MM VQ Maximum message size (B):                            1056                 (0x420)
P2P compatibility bitmap:                                  0                    (0x0)
PCIBUS device name:                                        0000:02:00.0        
Physical device ID:                                        0                    (0x0)
Form Factor:                                               PCIE                 (0x0)
TDP (W):                                                   65                  
Minion boot frequency (MHz):                               600                 
L3 size (KB):                                              32768                (0x8000)
L2 size (KB):                                              16384                (0x4000)
Scratch pad size (KB):                                     81920                (0x14000)
Cache line size (B):                                       64                   (0x40)
Number of L2 Banks:                                        4                   
DDR Bandwidth (MB/s):                                      128000              
Spare shire ID:                                            32                  
Architecture revision:                                     ETSOC1               (0x0)
CM active shire mask:                                      4294967295           (0xffffffff)
Scratchpad base address in format 0:                       2147483648           (0x80000000)
Scratchpad base address in format 1:                       3221225472           (0xc0000000)
Scratchpad base address in format 2:                       18446744073709551615 (0xffffffffffffffff)
Local DDR base address:                                    549848092672         (0x8005801000)
Chiplet DDR base address:                                  549848092672         (0x8005801000)
Interleaved DDR base address:                              18446744073709551615 (0xffffffffffffffff)
Single chiplet DDR size:                                   34265366528         
Address alignment bits:                                    64                  
First shire bit in scratchpad address in format 0:         23                  
Number of shire bits in scratchpad address in format 0:    7                   
Local shire encoding in scratchpad address in format 0:    127                 
First shire bit in scratchpad address in format 1:         6                   
Number of shire bits in scratchpad address in format 1:    5                   
First shire bit in scratchpad address in format 2:         255                 
Number of shire bits in scratchpad address in format 2:    255                 
First chiplet bit in scratchpad address in format 2:       255                 
Number of chiplet bits in scratchpad address in format 2:  255                 
First chiplet bit in chiplet DDR address:                  255                 
Number of chiplet bits in chiplet DDR address:             255                 
First chiplet bit in interleaved chiplet DDR address:      255                 
Number of chiplet bits in interleaved chiplet DDR address: 255                 

device open 0.179886 s, load+copy-in 0.00123293 s, held 1.14005 s
{"workload":"sparseparity","device":"silicon","mode":"tensor","flags":{"dump":false,"two_hart":false,"nowait_a":false,"timing_only":false},"m4":{"variant":"m1","kernel":"m4","gen":"inc","epi":"m1","abuf":2,"cost":"fit","slice_cost":"m1","pipe_set":"","gen_probe":"","trust_model":false,"flags":"0x20"},"instance":{"n":256,"k":5,"eta":0.4,"m":1925,"seed":1,"hash":"747dfe6e655071a3","secret":[7,110,135,153,183],"source":"generated"},"geometry":{"S":31,"nJ":16,"rows":172061505,"row_tiles":10753845,"work_tiles":10753845,"candidates":8809549056},"plan":{"shires":"0xffffffff","per_shire":32,"minions":1024,"busy_minions":1024,"rounds":4,"slice":"0/2","tiles":[0,2951922],"blocks":4096,"source":"built-in","coverage":"partial","perturb":"","candidates":5063435554,"ops":654995125,"ops_max":693935,"model_s":0.877802,"est_s":1.14114,"model_imbalance":1.00097,"model_m1_s":0.626574,"est_m1_s":0.626574,"model_plan_s":0.870079,"model_fallback_s":1.24847,"guard_s":1.43574,"plan_imbalance":1.00069,"model_U":0.665917,"stage":"scp","nbuf":1,"scp_layout_kb":1744,"scp_kb_assumed":2560,"scp_kb_device":2560,"timeout_s":5,"poll_limit":2857142},"open_s":0.179886,"setup_s":0.00123293,"launch_s":[0.958037],"reps_requested":1,"reps_done":1,"reps_consistent":"ok","stop_reason":"","device_held_s":1.14005,"kernel":{"cycles_max":574598971,"cycles_median":5.54257e+08,"copy_cycles_max":14078,"wait_cycles_max":275522527,"gen_polls_max":643862,"ops_busiest":669879,"cycles_per_op_busiest":857.765,"clock_mhz_est":599.767},"result":{"best_c":377,"best_rank":1640976488,"answer":[7,110,135,153,183],"unique":true,"harts_at_best":1,"harts_flagging_tie":0,"solved":true,"rescored_c":377,"sum_c":"660012","sum_c2_mod64":"9746999812674","count":5063435554},"checks":{"records":"ok","count":"ok","sum_c":"partial","sum_c2":"partial","closed_form_sum_c":"","closed_form_sum_c2":"","best_rescore":"ok","oracle":"exact, 4 of 1024 minions (sampled)","oracle_mode":"sample","value_checked":true,"dump":"n/a","launch":"ok"},"problems":[],"launch_error":"","process_s":1.93223,"status":"PASS"}
