sparseparity tensor n=256 k=5 eta=0.4 m=1925 seed=1 S=31 candidates=8809549056 tiles=10753845 plan: built-in shires=0xffffffff per_shire=32 slice=1/2 [2951922,10753845) ops=575036887 model=1.43964 s est=1.87154 s stage=scp nbuf=1 device=silicon
LOGGER NOT INITIALIZED:
		ET [DEVICE_LAYER][TH:133490642759296]: 
PCIe target:                                               /dev/et0_mgmt       
SP VQ Maximum message size (B):                            1760                 (0x6e0)

PCIe target:                                               /dev/et0_ops        
DRAM base:                                                 549848092672         (0x8005801000)
DRAM size (B):                                             34265366528          (0x7fa600000)
DRAM alignment (bits):                                     64                  
MM SQ count:                                               2                    (0x2)
MM VQ Maximum message size (B):                            1056                 (0x420)
P2P compatibility bitmap:                                  0                    (0x0)
PCIBUS device name:                                        0000:02:00.0        
Physical device ID:                                        0                    (0x0)
Form Factor:                                               PCIE                 (0x0)
TDP (W):                                                   65                  
Minion boot frequency (MHz):                               600                 
L3 size (KB):                                              32768                (0x8000)
L2 size (KB):                                              16384                (0x4000)
Scratch pad size (KB):                                     81920                (0x14000)
Cache line size (B):                                       64                   (0x40)
Number of L2 Banks:                                        4                   
DDR Bandwidth (MB/s):                                      128000              
Spare shire ID:                                            32                  
Architecture revision:                                     ETSOC1               (0x0)
CM active shire mask:                                      4294967295           (0xffffffff)
Scratchpad base address in format 0:                       2147483648           (0x80000000)
Scratchpad base address in format 1:                       3221225472           (0xc0000000)
Scratchpad base address in format 2:                       18446744073709551615 (0xffffffffffffffff)
Local DDR base address:                                    549848092672         (0x8005801000)
Chiplet DDR base address:                                  549848092672         (0x8005801000)
Interleaved DDR base address:                              18446744073709551615 (0xffffffffffffffff)
Single chiplet DDR size:                                   34265366528         
Address alignment bits:                                    64                  
First shire bit in scratchpad address in format 0:         23                  
Number of shire bits in scratchpad address in format 0:    7                   
Local shire encoding in scratchpad address in format 0:    127                 
First shire bit in scratchpad address in format 1:         6                   
Number of shire bits in scratchpad address in format 1:    5                   
First shire bit in scratchpad address in format 2:         255                 
Number of shire bits in scratchpad address in format 2:    255                 
First chiplet bit in scratchpad address in format 2:       255                 
Number of chiplet bits in scratchpad address in format 2:  255                 
First chiplet bit in chiplet DDR address:                  255                 
Number of chiplet bits in chiplet DDR address:             255                 
First chiplet bit in interleaved chiplet DDR address:      255                 
Number of chiplet bits in interleaved chiplet DDR address: 255                 

device open 0.178227 s, load+copy-in 0.00120013 s, held 1.76963 s
{"workload":"sparseparity","device":"silicon","mode":"tensor","flags":{"dump":false,"two_hart":false,"nowait_a":false,"timing_only":false},"m4":{"variant":"m1","kernel":"m4","gen":"inc","epi":"m1","abuf":2,"cost":"fit","slice_cost":"m1","pipe_set":"","gen_probe":"","trust_model":false,"flags":"0x20"},"instance":{"n":256,"k":5,"eta":0.4,"m":1925,"seed":1,"hash":"747dfe6e655071a3","secret":[7,110,135,153,183],"source":"generated"},"geometry":{"S":31,"nJ":16,"rows":172061505,"row_tiles":10753845,"work_tiles":10753845,"candidates":8809549056},"plan":{"shires":"0xffffffff","per_shire":32,"minions":1024,"busy_minions":1024,"rounds":4,"slice":"1/2","tiles":[2951922,10753845],"blocks":4096,"source":"built-in","coverage":"partial","perturb":"","candidates":3746113502,"ops":575036887,"ops_max":618698,"model_s":1.43964,"est_s":1.87154,"model_imbalance":1.00098,"model_m1_s":0.628566,"est_m1_s":0.628566,"model_plan_s":1.4761,"model_fallback_s":2.39877,"guard_s":2.75858,"plan_imbalance":1.0001,"model_U":0.403196,"stage":"scp","nbuf":1,"scp_layout_kb":1744,"scp_kb_assumed":2560,"scp_kb_device":2560,"timeout_s":8,"poll_limit":4571428},"open_s":0.178227,"setup_s":0.00120013,"launch_s":[1.58909],"reps_requested":1,"reps_done":1,"reps_consistent":"ok","stop_reason":"","device_held_s":1.76963,"kernel":{"cycles_max":953135197,"cycles_median":9.19251e+08,"copy_cycles_max":13841,"wait_cycles_max":684306936,"gen_polls_max":608960,"ops_busiest":585063,"cycles_per_op_busiest":1629.12,"clock_mhz_est":599.8},"result":{"best_c":265,"best_rank":4798578415,"answer":[10,100,181,222,226],"unique":true,"harts_at_best":1,"harts_flagging_tie":0,"solved":false,"rescored_c":265,"sum_c":"3603222","sum_c2_mod64":"7211223642310","count":3746113502},"checks":{"records":"ok","count":"ok","sum_c":"partial","sum_c2":"partial","closed_form_sum_c":"","closed_form_sum_c2":"","best_rescore":"ok","oracle":"exact, 4 of 1024 minions (sampled)","oracle_mode":"sample","value_checked":true,"dump":"n/a","launch":"ok"},"problems":[],"launch_error":"","process_s":2.61294,"status":"PASS"}
