case               expect status sum_c    sum_c2   oracle dump                   solved   vpurf mem
c0-scalar          PASS   PASS   ok       ok       exact, exact 9472 entries     True     0     0  (35s)
c0-tensor          PASS   PASS   ok       ok       exact, exact 9472 entries     True     0     0  (33s)
s4-tensor          PASS   PASS   ok       ok       exact, exact 26880 entries    True     0     0  (34s)
shire8-s5          PASS   PASS   ok       ok       exact, exact 58368 entries    True     0     0  (35s)
c0-scalar-2h       PASS   PASS   ok       ok       exact, exact 9472 entries     True     0     0  (34s)
s4-nbuf1           PASS   PASS   ok       ok       exact, exact 26880 entries    True     0     0  (35s)
s4-dram            PASS   PASS   ok       ok       exact, exact 26880 entries    True     0     0  (33s)
workloads/sparseparity/sysemu_check.sh: line 169: 1861610 Aborted                 timeout 1800 nice -n 19 "${cmd[@]}" > out.json 2> err.log < /dev/null
s4-nowait          REJECT NONE   -        -        -      -                      -        0     16  (33s)
k4-2shires         PASS   PASS   ok       ok       exact, exact 225792 entries   True     0     0  (37s)
k5                 PASS   PASS   ok       ok       exact, exact 163840 entries   True     0     0  (37s)
k2-m100            PASS   PASS   ok       ok       exact, exact 1536 entries     True     0     0  (34s)
k1                 PASS   PASS   ok       ok       exact, exact 512 entries      True     0     0  (33s)
k4-scalar-2shires  PASS   PASS   ok       ok       exact, exact 225792 entries   True     0     0  (45s)
s4-timing          TIMING TIMING timing-only timing-only skippe n/a                    False    0     0  (35s)
neg-drop           NEG    FAIL   MISMATCH MISMATCH exact, n/a                    True     0     0  (33s)
neg-dup            NEG    FAIL   MISMATCH MISMATCH exact, n/a                    True     0     0  (33s)
neg-mask           NEGM   FAIL   MISMATCH MISMATCH MISMAT n/a                    True     0     0  (33s)
tie                TIE    PASS   ok       ok       exact, n/a                    False    0     0  (33s)
tie-8              TIE    PASS   ok       ok       exact, n/a                    False    0     0  (34s)
tie-scalar         TIE    PASS   ok       ok       exact, n/a                    False    0     0  (34s)
probe              PASS   PASS   partial  partial  exact, n/a                    False    0     0  (34s)
reps2              PASS   PASS   ok       ok       exact, exact 26880 entries    True     0     0  (35s)
abort              ABORT  FAIL   MISMATCH MISMATCH MISMAT n/a                    False    0     0  (33s)
hi-auto            PASS   PASS   partial  partial  exact, n/a                    False    0     0  (34s)
c0-tensor-m1       PASS   PASS   ok       ok       exact, exact 9472 entries     True     0     0  (34s)
s4-tensor-m1       PASS   PASS   ok       ok       exact, exact 26880 entries    True     0     0  (34s)
s4-nbuf1-m1        PASS   PASS   ok       ok       exact, exact 26880 entries    True     0     0  (34s)
s4-dram-m1         PASS   PASS   ok       ok       exact, exact 26880 entries    True     0     0  (34s)
k4-2shires-m1      PASS   PASS   ok       ok       exact, exact 225792 entries   True     0     0  (37s)
neg-mask-m1        NEGM   FAIL   MISMATCH MISMATCH MISMAT n/a                    True     0     0  (34s)
c0-gen-only        PASS   PASS   ok       ok       exact, exact 9472 entries     True     0     0  (34s)
c0-epi-only        PASS   PASS   ok       ok       exact, exact 9472 entries     True     0     0  (33s)
c0-dram            PASS   PASS   ok       ok       exact, exact 9472 entries     True     0     0  (34s)
s4-gen-only        PASS   PASS   ok       ok       exact, exact 26880 entries    True     0     0  (34s)
s4-epi-only        PASS   PASS   ok       ok       exact, exact 26880 entries    True     0     0  (34s)
s4-abuf3           PASS   PASS   ok       ok       exact, exact 26880 entries    True     0     0  (34s)
s4-abuf3-nbuf1     PASS   PASS   ok       ok       exact, exact 26880 entries    True     0     0  (34s)
s5-abuf3-8         PASS   PASS   ok       ok       exact, exact 58368 entries    True     0     0  (35s)
tie-str            TIE    PASS   ok       ok       exact, n/a                    False    0     0  (33s)
tie-str-m1         TIE    PASS   ok       ok       exact, n/a                    False    0     0  (34s)
tie-abuf3          TIE    PASS   ok       ok       exact, n/a                    False    0     0  (34s)
gen-nostore        TIMING TIMING timing-only timing-only skippe n/a                    False    0     0  (33s)
l1geo-scp          PASS   PASS   partial  partial  exact, exact 32512 entries    False    0     0  (35s)
l1geo-dram         PASS   PASS   partial  partial  exact, exact 32512 entries    False    0     0  (34s)
l1geo-abuf3        PASS   PASS   partial  partial  exact, exact 32512 entries    False    0     0  (35s)
l1geo-m1           PASS   PASS   partial  partial  exact, exact 32512 entries    False    0     0  (33s)
l2geo-scp1         PASS   PASS   partial  partial  exact, exact 32512 entries    False    0     0  (36s)
l2geo-dram         PASS   PASS   partial  partial  exact, exact 32512 entries    False    0     0  (36s)
l2geo-abuf3        PASS   PASS   partial  partial  exact, exact 32512 entries    False    0     0  (35s)
k6-res             PASS   PASS   ok       ok       exact, exact 234240 entries   True     0     0  (38s)
k6-str             PASS   PASS   ok       ok       exact, exact 234240 entries   True     0     0  (39s)
k6-str-abuf3       PASS   PASS   ok       ok       exact, exact 234240 entries   True     0     0  (39s)
k2-str             PASS   PASS   ok       ok       exact, exact 1536 entries     True     0     0  (33s)
negmask-str        NEGM   FAIL   MISMATCH MISMATCH MISMAT n/a                    True     0     0  (34s)
negmask-abuf3      NEGM   FAIL   MISMATCH MISMATCH MISMAT n/a                    True     0     0  (34s)
abuf3-dram         PASS   PASS   ok       ok       exact, exact 26880 entries    True     0     0  (34s)
s4-dram1           PASS   PASS   ok       ok       exact, exact 26880 entries    True     0     0  (35s)
timing-abuf3       TIMING TIMING timing-only timing-only skippe n/a                    False    0     0  (33s)
timing-res         TIMING TIMING timing-only timing-only skippe n/a                    False    0     0  (33s)
s40-m4             PASS   PASS   ok       ok       exact, exact 58368 entries    True     0     0  (39s)
s40-abuf3          PASS   PASS   ok       ok       exact, exact 58368 entries    True     0     0  (39s)
tie-str-8          TIE    PASS   ok       ok       exact, n/a                    False    0     0  (33s)
probe-dram1        PASS   PASS   partial  partial  exact, n/a                    False    0     0  (34s)
m0-c0              M0     host PASS    sptest card: ALL PASS   vpurf 0 mem 0  (33s)
m0-s4-shire8       M0     host PASS    sptest card: ALL PASS   vpurf 0 mem 0  (34s)
m0-k4-2shires      M0     host PASS    sptest card: ALL PASS   vpurf 0 mem 0  (37s)
08:11:29 sysemu: SYSEMU PASS: 66 cases (/home/yaroslavvb/nekko/build/sparseparity-h-src/../sparseparity-h/sysemu/20260929-073315)
