Opening device 1
PCIE {"t_ms":1790664957387,"test":"open","open_ns":130963662,"src":"PCIEBENCH_SRC_SHA256 main=27b7ed06330c4bae26cd24be189cdac0d67432cb52b1e8c7fca1116abda1aa5f args=8ae69bd7d46097957b638ff4c6630eb3e66d3cb0654b77d3bf55f3336c61c508 touch=92180a93c6dae0a1dce8c379156f827bd6588115777499dc45e64bf606b46ec0","link":[{"bdf":"0000:01:00.0","speed":"16.0 GT/s PCIe","width":"8","max_speed":"16.0 GT/s PCIe","max_width":"8","cma_allocated":"0 MB"},{"bdf":"0000:02:00.0","speed":"16.0 GT/s PCIe","width":"8","max_speed":"16.0 GT/s PCIe","max_width":"8","cma_allocated":"2057 MB"}]}
PCIE {"t_ms":1790664957643,"test":"verify","bytes":1048576,"equal":true}
PCIE {"t_ms":1790664957673,"test":"bw","dir":"h2d","copy":"staged","bytes":4096,"warm_ns":596048,"ns":[663602,706100,671808,260877,251996,198525,567336,153681,224657,118479,151924,157687,154348,151134,208696,206524,223570,204652,96768,206200],"stream_errors":0}
PCIE {"t_ms":1790664957673,"test":"bw","dir":"h2d","copy":"dma","bytes":4096,"warm_ns":340069,"ns":[660685,726068,278078,271701,179622,569738,568892,247568,219359,250499,205219,206946,568354,202055,177969,150638,96096,153129,221816,153216],"stream_errors":0}
PCIE {"t_ms":1790664957673,"test":"bw","dir":"d2h","copy":"staged","bytes":4096,"warm_ns":380098,"ns":[777840,672074,371595,422220,708807,171982,603006,215804,248343,129253,126266,128580,179708,127102,138983,642571,185354,133065,183284,128167],"stream_errors":0}
PCIE {"t_ms":1790664957673,"test":"bw","dir":"d2h","copy":"dma","bytes":4096,"warm_ns":780168,"ns":[771522,786845,601245,631495,634466,631013,213528,646232,154068,169471,217768,187315,644300,637996,107906,126751,136065,215355,167592,183989],"stream_errors":0}
PCIE {"t_ms":1790664957696,"test":"bw","dir":"h2d","copy":"staged","bytes":8192,"warm_ns":175489,"ns":[153484,102546,219802,194682,152175,115978,117012,103357,104966,139114,590356,148640,567139,569954,201596,574541,577642,95008,159008,148720],"stream_errors":0}
PCIE {"t_ms":1790664957696,"test":"bw","dir":"h2d","copy":"dma","bytes":8192,"warm_ns":118156,"ns":[119124,205143,118185,116411,96596,150495,151067,104536,177487,103359,669742,102124,101290,254354,585193,544312,152782,257314,196756,566510],"stream_errors":0}
PCIE {"t_ms":1790664957696,"test":"bw","dir":"d2h","copy":"staged","bytes":8192,"warm_ns":114949,"ns":[127656,185128,125658,127628,135231,183729,115024,112559,127503,111467,614908,716771,633933,586628,590376,583938,582028,586853,632610,630527],"stream_errors":0}
PCIE {"t_ms":1790664957696,"test":"bw","dir":"d2h","copy":"dma","bytes":8192,"warm_ns":165157,"ns":[114814,133533,125749,168146,164233,217915,128532,126725,127499,691856,103365,704262,159949,162068,108164,160445,163077,625760,590070,222476],"stream_errors":0}
PCIE {"t_ms":1790664957728,"test":"bw","dir":"h2d","copy":"staged","bytes":16384,"warm_ns":579189,"ns":[569579,567356,154450,198357,152015,672850,569316,201681,568196,94026,546940,567934,567935,200445,569293,202929,567876,568820,93883,201607],"stream_errors":0}
PCIE {"t_ms":1790664957728,"test":"bw","dir":"h2d","copy":"dma","bytes":16384,"warm_ns":567836,"ns":[93903,148701,201633,154860,568630,150504,580115,151357,199313,567364,147405,93883,159034,154492,569534,152661,568902,96425,658712,147135],"stream_errors":0}
PCIE {"t_ms":1790664957728,"test":"bw","dir":"d2h","copy":"staged","bytes":16384,"warm_ns":583706,"ns":[167225,588910,590138,586804,634037,686999,164534,215935,587694,635590,637988,213839,111082,583723,582992,107378,170242,165378,637849,109243],"stream_errors":0}
PCIE {"t_ms":1790664957728,"test":"bw","dir":"d2h","copy":"dma","bytes":16384,"warm_ns":162685,"ns":[220330,630848,111365,582061,641705,173004,582731,586825,112061,169991,638856,164091,586396,632493,161516,589236,582922,109402,570312,588730],"stream_errors":0}
PCIE {"t_ms":1790664957760,"test":"bw","dir":"h2d","copy":"staged","bytes":32768,"warm_ns":520052,"ns":[534387,200862,202184,569065,568316,568035,135490,198010,95777,570065,567283,249816,566593,249136,185367,152920,569517,147911,567265,570168],"stream_errors":0}
PCIE {"t_ms":1790664957760,"test":"bw","dir":"h2d","copy":"dma","bytes":32768,"warm_ns":568646,"ns":[148365,140855,146510,539420,148244,573286,202637,570285,528808,96572,571776,202178,155324,200925,567481,196560,568362,205763,150236,152153],"stream_errors":0}
PCIE {"t_ms":1790664957760,"test":"bw","dir":"d2h","copy":"staged","bytes":32768,"warm_ns":588334,"ns":[167559,582976,640648,588001,221661,207518,590063,639787,633271,217851,168319,591032,639165,590873,110463,588933,583229,220319,634250,583794],"stream_errors":0}
PCIE {"t_ms":1790664957760,"test":"bw","dir":"d2h","copy":"dma","bytes":32768,"warm_ns":160350,"ns":[580200,213233,584226,156869,630490,629125,106443,163368,585454,167030,583658,105627,629728,107484,588127,644472,163114,582286,630425,143815],"stream_errors":0}
PCIE {"t_ms":1790664957793,"test":"bw","dir":"h2d","copy":"staged","bytes":65536,"warm_ns":579784,"ns":[153719,197234,149180,200253,198874,569714,569775,248883,143083,196701,198178,198640,151585,198361,568523,202877,567567,157674,203673,197713],"stream_errors":0}
PCIE {"t_ms":1790664957793,"test":"bw","dir":"h2d","copy":"dma","bytes":65536,"warm_ns":569630,"ns":[197465,568050,200900,569438,567450,196123,151833,202718,201234,572225,682720,547563,567213,149956,568740,251139,194162,567885,150386,567877],"stream_errors":0}
PCIE {"t_ms":1790664957793,"test":"bw","dir":"d2h","copy":"staged","bytes":65536,"warm_ns":584754,"ns":[585843,638488,214547,110781,592956,591158,247324,595841,638767,641084,209969,112141,635230,584631,591137,592105,118194,636841,215883,653775],"stream_errors":0}
PCIE {"t_ms":1790664957793,"test":"bw","dir":"d2h","copy":"dma","bytes":65536,"warm_ns":160858,"ns":[633579,587352,582844,587801,107088,634149,582091,104740,581901,556521,166336,586865,635355,216654,157599,103419,587849,629903,581906,101071],"stream_errors":0}
PCIE {"t_ms":1790664957826,"test":"bw","dir":"h2d","copy":"staged","bytes":131072,"warm_ns":543551,"ns":[567587,147333,198914,188581,149476,198718,548153,203134,566423,143344,197396,193994,568230,167593,251289,258021,534007,146721,528604,157541],"stream_errors":0}
PCIE {"t_ms":1790664957826,"test":"bw","dir":"h2d","copy":"dma","bytes":131072,"warm_ns":559520,"ns":[191034,567246,230095,567087,542554,252687,679618,146535,570224,564730,249259,251238,197090,569193,567963,197532,192334,204428,191889,190195],"stream_errors":0}
PCIE {"t_ms":1790664957826,"test":"bw","dir":"d2h","copy":"staged","bytes":131072,"warm_ns":587987,"ns":[164147,639784,596069,174618,636894,594682,169086,196016,589836,193974,613283,117444,639557,640488,587862,113083,592194,594862,592651,594541],"stream_errors":0}
PCIE {"t_ms":1790664957826,"test":"bw","dir":"d2h","copy":"dma","bytes":131072,"warm_ns":159255,"ns":[214178,632195,204075,635751,633328,208273,587028,580007,152803,638772,588229,584330,162381,586679,153159,588778,637311,101417,627481,640797],"stream_errors":0}
PCIE {"t_ms":1790664957861,"test":"bw","dir":"h2d","copy":"staged","bytes":262144,"warm_ns":284621,"ns":[569019,156491,197442,569176,247341,143158,571018,569234,185916,635784,619998,675392,188079,666629,143742,570261,206257,678479,647393,585847],"stream_errors":0}
PCIE {"t_ms":1790664957861,"test":"bw","dir":"h2d","copy":"dma","bytes":262144,"warm_ns":114534,"ns":[198644,564932,567135,198078,189830,201783,568216,185966,568629,189497,202115,544579,189527,153205,195836,690168,142861,198806,201659,187909],"stream_errors":0}
PCIE {"t_ms":1790664957861,"test":"bw","dir":"d2h","copy":"staged","bytes":262144,"warm_ns":600080,"ns":[230217,642243,218118,639497,121054,644499,596357,182332,146464,162380,729769,221351,189834,696698,603146,619865,639619,165843,579219,643248],"stream_errors":0}
PCIE {"t_ms":1790664957861,"test":"bw","dir":"d2h","copy":"dma","bytes":262144,"warm_ns":251937,"ns":[156052,630814,158315,586389,587700,581204,250628,216668,718737,712493,596549,656253,658895,684899,203076,716927,717625,198968,199087,717293],"stream_errors":0}
PCIE {"t_ms":1790664957897,"test":"bw","dir":"h2d","copy":"staged","bytes":524288,"warm_ns":613025,"ns":[570184,571394,205825,241959,571110,204362,173813,663363,179363,653582,173501,178081,569008,675590,207699,180706,701164,686893,693202,152387],"stream_errors":0}
PCIE {"t_ms":1790664957897,"test":"bw","dir":"h2d","copy":"dma","bytes":524288,"warm_ns":599962,"ns":[192895,177332,173232,638472,177393,174987,633165,197696,196526,203655,577893,216973,199376,167472,647691,626175,170483,191868,171068,570117],"stream_errors":0}
PCIE {"t_ms":1790664957897,"test":"bw","dir":"d2h","copy":"staged","bytes":524288,"warm_ns":609542,"ns":[240602,606795,223618,608744,735323,188531,179644,604686,217891,735007,240310,739305,607136,684022,151797,732427,253222,180824,250144,698113],"stream_errors":0}
PCIE {"t_ms":1790664957897,"test":"bw","dir":"d2h","copy":"dma","bytes":524288,"warm_ns":186412,"ns":[581855,155750,666770,710402,227958,718272,690323,568342,591186,637615,233720,670962,195534,598573,215621,722066,150026,662453,180754,708444],"stream_errors":0}
PCIE {"t_ms":1790664957933,"test":"bw","dir":"h2d","copy":"staged","bytes":1048576,"warm_ns":540144,"ns":[356063,225663,568525,269153,246331,306954,248139,301886,569739,566188,566066,246101,355117,568706,245111,251305,311317,566369,569280,294449],"stream_errors":0}
PCIE {"t_ms":1790664957933,"test":"bw","dir":"h2d","copy":"dma","bytes":1048576,"warm_ns":571405,"ns":[307980,568004,200039,312005,568343,253833,567371,572024,306301,247241,205142,246843,198898,301581,306125,247015,206097,199604,569663,251304],"stream_errors":0}
PCIE {"t_ms":1790664957933,"test":"bw","dir":"d2h","copy":"staged","bytes":1048576,"warm_ns":636695,"ns":[641826,318902,681712,693826,642934,639294,224235,683088,319252,226269,682735,642304,689418,325100,642181,270138,682440,684350,333903,265932],"stream_errors":0}
PCIE {"t_ms":1790664957933,"test":"bw","dir":"d2h","copy":"dma","bytes":1048576,"warm_ns":317184,"ns":[257881,641077,225528,577698,633512,259722,632045,585530,566879,267638,639990,635530,585760,576813,635623,585157,577769,219513,576913,235760],"stream_errors":0}
PCIE {"t_ms":1790664957977,"test":"bw","dir":"h2d","copy":"staged","bytes":2097152,"warm_ns":540575,"ns":[463225,359787,409648,567373,397509,424041,467929,353382,569739,402686,410736,572342,361141,406571,359970,356732,470723,512878,477382,570981],"stream_errors":0}
PCIE {"t_ms":1790664957977,"test":"bw","dir":"h2d","copy":"dma","bytes":2097152,"warm_ns":566932,"ns":[395969,408701,558535,584351,358849,566107,412167,412629,413459,573932,568667,569173,573611,360239,567474,570008,400884,457447,567929,395256],"stream_errors":0}
PCIE {"t_ms":1790664957977,"test":"bw","dir":"d2h","copy":"staged","bytes":2097152,"warm_ns":696593,"ns":[430520,694940,702976,757673,696391,692287,704010,748730,706080,743332,747797,693402,741230,701187,745796,476698,742383,749243,485354,392944],"stream_errors":0}
PCIE {"t_ms":1790664957977,"test":"bw","dir":"d2h","copy":"dma","bytes":2097152,"warm_ns":354518,"ns":[585928,632310,303834,637819,317437,629777,306756,581099,302004,270739,265796,367756,294722,629414,434360,583521,597136,589982,631603,631563],"stream_errors":0}
PCIE {"t_ms":1790664958026,"test":"bw","dir":"h2d","copy":"staged","bytes":4194304,"warm_ns":872784,"ns":[761164,849557,772490,776392,690347,818087,775511,828934,772515,786022,770910,882167,786461,834390,827842,818605],"stream_errors":0}
PCIE {"t_ms":1790664958026,"test":"bw","dir":"h2d","copy":"dma","bytes":4194304,"warm_ns":568081,"ns":[576025,619770,606777,629942,608235,608673,622084,623614,621054,622585,638107,621795,624855,655035,564697,673108],"stream_errors":0}
PCIE {"t_ms":1790664958026,"test":"bw","dir":"d2h","copy":"staged","bytes":4194304,"warm_ns":877143,"ns":[871504,814621,924323,930369,783917,872866,871727,814997,854072,743217,856979,856048,913252,849420,850393,861625],"stream_errors":0}
PCIE {"t_ms":1790664958026,"test":"bw","dir":"d2h","copy":"dma","bytes":4194304,"warm_ns":645378,"ns":[589139,639063,634140,640512,587901,684733,642552,651236,601100,572615,672331,634357,636308,597287,636307,607056],"stream_errors":0}
PCIE {"t_ms":1790664958067,"test":"bw","dir":"h2d","copy":"staged","bytes":8388608,"warm_ns":1428059,"ns":[1337802,1192978,1261779,1259705,1284622,1187318,1224296,1274341],"stream_errors":0}
PCIE {"t_ms":1790664958067,"test":"bw","dir":"h2d","copy":"dma","bytes":8388608,"warm_ns":978620,"ns":[929234,979859,1046802,929209,933572,1009990,987548,918247],"stream_errors":0}
PCIE {"t_ms":1790664958067,"test":"bw","dir":"d2h","copy":"staged","bytes":8388608,"warm_ns":1461422,"ns":[1319758,1269866,1335590,1343833,1290567,1314513,1240743,1345402],"stream_errors":0}
PCIE {"t_ms":1790664958067,"test":"bw","dir":"d2h","copy":"dma","bytes":8388608,"warm_ns":979443,"ns":[878156,938301,876466,808603,929049,897095,960702,906340],"stream_errors":0}
PCIE {"t_ms":1790664958107,"test":"bw","dir":"h2d","copy":"staged","bytes":16777216,"warm_ns":2642933,"ns":[2267994,2360916,2373759,2369931],"stream_errors":0}
PCIE {"t_ms":1790664958107,"test":"bw","dir":"h2d","copy":"dma","bytes":16777216,"warm_ns":1573006,"ns":[1617686,1667770,1693529,1661922],"stream_errors":0}
PCIE {"t_ms":1790664958107,"test":"bw","dir":"d2h","copy":"staged","bytes":16777216,"warm_ns":2575714,"ns":[2423823,2380965,2354777,2403597],"stream_errors":0}
PCIE {"t_ms":1790664958107,"test":"bw","dir":"d2h","copy":"dma","bytes":16777216,"warm_ns":1560113,"ns":[1488861,1546623,1542516,1509063],"stream_errors":0}
PCIE {"t_ms":1790664958171,"test":"bw","dir":"h2d","copy":"staged","bytes":33554432,"warm_ns":4988532,"ns":[4440937,4425277,4566457],"stream_errors":0}
PCIE {"t_ms":1790664958171,"test":"bw","dir":"h2d","copy":"dma","bytes":33554432,"warm_ns":3073987,"ns":[3040031,3031325,3079090],"stream_errors":0}
PCIE {"t_ms":1790664958171,"test":"bw","dir":"d2h","copy":"staged","bytes":33554432,"warm_ns":5455274,"ns":[5333227,5370867,5332168],"stream_errors":0}
PCIE {"t_ms":1790664958171,"test":"bw","dir":"d2h","copy":"dma","bytes":33554432,"warm_ns":2723200,"ns":[2802675,3801532,2798595],"stream_errors":0}
PCIE {"t_ms":1790664958298,"test":"bw","dir":"h2d","copy":"staged","bytes":67108864,"warm_ns":9742168,"ns":[8909340,8861565,8766987],"stream_errors":0}
PCIE {"t_ms":1790664958298,"test":"bw","dir":"h2d","copy":"dma","bytes":67108864,"warm_ns":5547353,"ns":[5714342,5699220,5792440],"stream_errors":0}
PCIE {"t_ms":1790664958298,"test":"bw","dir":"d2h","copy":"staged","bytes":67108864,"warm_ns":10238713,"ns":[10111721,10171588,10137890],"stream_errors":0}
PCIE {"t_ms":1790664958298,"test":"bw","dir":"d2h","copy":"dma","bytes":67108864,"warm_ns":6830259,"ns":[6795319,6776669,7020526],"stream_errors":0}
PCIE {"t_ms":1790664958545,"test":"bw","dir":"h2d","copy":"staged","bytes":134217728,"warm_ns":19419554,"ns":[17367587,17385423,17412602],"stream_errors":0}
PCIE {"t_ms":1790664958545,"test":"bw","dir":"h2d","copy":"dma","bytes":134217728,"warm_ns":10987626,"ns":[11053319,11001584,11008472],"stream_errors":0}
PCIE {"t_ms":1790664958545,"test":"bw","dir":"d2h","copy":"staged","bytes":134217728,"warm_ns":19697005,"ns":[19576694,19484130,19598131],"stream_errors":0}
PCIE {"t_ms":1790664958545,"test":"bw","dir":"d2h","copy":"dma","bytes":134217728,"warm_ns":13051212,"ns":[13355865,13134140,13368079],"stream_errors":0}
PCIE {"t_ms":1790664959028,"test":"bw","dir":"h2d","copy":"staged","bytes":268435456,"warm_ns":36196730,"ns":[34607233,34456761,34385387],"stream_errors":0}
PCIE {"t_ms":1790664959028,"test":"bw","dir":"h2d","copy":"dma","bytes":268435456,"warm_ns":21794616,"ns":[21554725,21588265,21641227],"stream_errors":0}
PCIE {"t_ms":1790664959028,"test":"bw","dir":"d2h","copy":"staged","bytes":268435456,"warm_ns":38518825,"ns":[38526022,38315561,38546572],"stream_errors":0}
PCIE {"t_ms":1790664959028,"test":"bw","dir":"d2h","copy":"dma","bytes":268435456,"warm_ns":25593802,"ns":[25799284,25600661,25711406],"stream_errors":0}
PCIE {"t_ms":1790664959045,"test":"done","which":"bw","elapsed_s":1.789145}
