Opening device 1
PCIE {"t_ms":1790664965351,"test":"open","open_ns":131534908,"src":"PCIEBENCH_SRC_SHA256 main=27b7ed06330c4bae26cd24be189cdac0d67432cb52b1e8c7fca1116abda1aa5f args=8ae69bd7d46097957b638ff4c6630eb3e66d3cb0654b77d3bf55f3336c61c508 touch=92180a93c6dae0a1dce8c379156f827bd6588115777499dc45e64bf606b46ec0","link":[{"bdf":"0000:01:00.0","speed":"16.0 GT/s PCIe","width":"8","max_speed":"16.0 GT/s PCIe","max_width":"8","cma_allocated":"0 MB"},{"bdf":"0000:02:00.0","speed":"16.0 GT/s PCIe","width":"8","max_speed":"16.0 GT/s PCIe","max_width":"8","cma_allocated":"2057 MB"}]}
PCIE {"t_ms":1790664965502,"test":"conc","trial":0,"copy":"dma","cfg":"h2d","legs":1,"bytes_per_leg":134217728,"leg_ns":[22209904],"wall_ns":22237573,"stream_errors":0,"mb":64,"cmds_per_leg":2,"elements":0}
PCIE {"t_ms":1790664965515,"test":"conc","trial":0,"copy":"dma","cfg":"d2h","legs":1,"bytes_per_leg":134217728,"leg_ns":[12109671],"wall_ns":12122039,"stream_errors":0,"mb":64,"cmds_per_leg":2,"elements":0}
PCIE {"t_ms":1790664965537,"test":"conc","trial":0,"copy":"dma","cfg":"h2d+d2h","legs":2,"bytes_per_leg":134217728,"leg_ns":[22412564,12328803],"wall_ns":22425058,"stream_errors":0,"mb":64,"cmds_per_leg":2,"elements":0}
PCIE {"t_ms":1790664965582,"test":"conc","trial":0,"copy":"dma","cfg":"2xh2d","legs":2,"bytes_per_leg":134217728,"leg_ns":[45184758,45188974],"wall_ns":45201226,"stream_errors":0,"mb":64,"cmds_per_leg":2,"elements":0}
PCIE {"t_ms":1790664965609,"test":"conc","trial":0,"copy":"dma","cfg":"2xd2h","legs":2,"bytes_per_leg":134217728,"leg_ns":[26204382,26200333],"wall_ns":26218736,"stream_errors":0,"mb":64,"cmds_per_leg":2,"elements":0}
PCIE {"t_ms":1790664965619,"test":"conc","trial":0,"copy":"dma","cfg":"h2d/ser","legs":1,"bytes_per_leg":134217728,"leg_ns":[10885798],"wall_ns":10898304,"stream_errors":0,"mb":64,"cmds_per_leg":2,"elements":0}
PCIE {"t_ms":1790664965633,"test":"conc","trial":0,"copy":"dma","cfg":"d2h/ser","legs":1,"bytes_per_leg":134217728,"leg_ns":[13221885],"wall_ns":13239124,"stream_errors":0,"mb":64,"cmds_per_leg":2,"elements":0}
PCIE {"t_ms":1790664965649,"test":"conc","trial":0,"copy":"dma","cfg":"h2d+d2h/ser","legs":2,"bytes_per_leg":134217728,"leg_ns":[15778594,14680088],"wall_ns":15795339,"stream_errors":0,"mb":64,"cmds_per_leg":2,"elements":0}
PCIE {"t_ms":1790664965678,"test":"conc","trial":0,"copy":"staged","cfg":"h2d","legs":1,"bytes_per_leg":134217728,"leg_ns":[29344558],"wall_ns":29359572,"stream_errors":0,"mb":64,"cmds_per_leg":2,"elements":0}
PCIE {"t_ms":1790664965696,"test":"conc","trial":0,"copy":"staged","cfg":"d2h","legs":1,"bytes_per_leg":134217728,"leg_ns":[18526705],"wall_ns":18538749,"stream_errors":0,"mb":64,"cmds_per_leg":2,"elements":0}
PCIE {"t_ms":1790664965724,"test":"conc","trial":0,"copy":"staged","cfg":"h2d+d2h","legs":2,"bytes_per_leg":134217728,"leg_ns":[27448599,19657693],"wall_ns":27460939,"stream_errors":0,"mb":64,"cmds_per_leg":2,"elements":0}
PCIE {"t_ms":1790664965778,"test":"conc","trial":0,"copy":"staged","cfg":"2xh2d","legs":2,"bytes_per_leg":134217728,"leg_ns":[53866757,54200000],"wall_ns":54214893,"stream_errors":0,"mb":64,"cmds_per_leg":2,"elements":0}
PCIE {"t_ms":1790664965818,"test":"conc","trial":0,"copy":"staged","cfg":"2xd2h","legs":2,"bytes_per_leg":134217728,"leg_ns":[39437535,39570711],"wall_ns":39723271,"stream_errors":0,"mb":64,"cmds_per_leg":2,"elements":0}
PCIE {"t_ms":1790664965834,"test":"conc","trial":0,"copy":"staged","cfg":"h2d/ser","legs":1,"bytes_per_leg":134217728,"leg_ns":[16135554],"wall_ns":16150054,"stream_errors":0,"mb":64,"cmds_per_leg":2,"elements":0}
PCIE {"t_ms":1790664965850,"test":"conc","trial":0,"copy":"staged","cfg":"d2h/ser","legs":1,"bytes_per_leg":134217728,"leg_ns":[16320030],"wall_ns":16331932,"stream_errors":0,"mb":64,"cmds_per_leg":2,"elements":0}
PCIE {"t_ms":1790664965872,"test":"conc","trial":0,"copy":"staged","cfg":"h2d+d2h/ser","legs":2,"bytes_per_leg":134217728,"leg_ns":[21794510,17926566],"wall_ns":21811577,"stream_errors":0,"mb":64,"cmds_per_leg":2,"elements":0}
PCIE {"t_ms":1790664965895,"test":"conc","trial":1,"copy":"dma","cfg":"h2d","legs":1,"bytes_per_leg":134217728,"leg_ns":[22162425],"wall_ns":22174994,"stream_errors":0,"mb":64,"cmds_per_leg":2,"elements":0}
PCIE {"t_ms":1790664965907,"test":"conc","trial":1,"copy":"dma","cfg":"d2h","legs":1,"bytes_per_leg":134217728,"leg_ns":[12018143],"wall_ns":12030051,"stream_errors":0,"mb":64,"cmds_per_leg":2,"elements":0}
PCIE {"t_ms":1790664965929,"test":"conc","trial":1,"copy":"dma","cfg":"h2d+d2h","legs":2,"bytes_per_leg":134217728,"leg_ns":[22560315,12259992],"wall_ns":22572949,"stream_errors":0,"mb":64,"cmds_per_leg":2,"elements":0}
PCIE {"t_ms":1790664965974,"test":"conc","trial":1,"copy":"dma","cfg":"2xh2d","legs":2,"bytes_per_leg":134217728,"leg_ns":[45002148,44996006],"wall_ns":45014582,"stream_errors":0,"mb":64,"cmds_per_leg":2,"elements":0}
PCIE {"t_ms":1790664966000,"test":"conc","trial":1,"copy":"dma","cfg":"2xd2h","legs":2,"bytes_per_leg":134217728,"leg_ns":[25979225,25981288],"wall_ns":25993725,"stream_errors":0,"mb":64,"cmds_per_leg":2,"elements":0}
PCIE {"t_ms":1790664966011,"test":"conc","trial":1,"copy":"dma","cfg":"h2d/ser","legs":1,"bytes_per_leg":134217728,"leg_ns":[10930648],"wall_ns":10943013,"stream_errors":0,"mb":64,"cmds_per_leg":2,"elements":0}
PCIE {"t_ms":1790664966025,"test":"conc","trial":1,"copy":"dma","cfg":"d2h/ser","legs":1,"bytes_per_leg":134217728,"leg_ns":[13356765],"wall_ns":13368950,"stream_errors":0,"mb":64,"cmds_per_leg":2,"elements":0}
PCIE {"t_ms":1790664966040,"test":"conc","trial":1,"copy":"dma","cfg":"h2d+d2h/ser","legs":2,"bytes_per_leg":134217728,"leg_ns":[15765079,14757237],"wall_ns":15779399,"stream_errors":0,"mb":64,"cmds_per_leg":2,"elements":0}
PCIE {"t_ms":1790664966068,"test":"conc","trial":1,"copy":"staged","cfg":"h2d","legs":1,"bytes_per_leg":134217728,"leg_ns":[27469446],"wall_ns":27485584,"stream_errors":0,"mb":64,"cmds_per_leg":2,"elements":0}
PCIE {"t_ms":1790664966086,"test":"conc","trial":1,"copy":"staged","cfg":"d2h","legs":1,"bytes_per_leg":134217728,"leg_ns":[18336111],"wall_ns":18347859,"stream_errors":0,"mb":64,"cmds_per_leg":2,"elements":0}
PCIE {"t_ms":1790664966116,"test":"conc","trial":1,"copy":"staged","cfg":"h2d+d2h","legs":2,"bytes_per_leg":134217728,"leg_ns":[29772663,19542683],"wall_ns":29787474,"stream_errors":0,"mb":64,"cmds_per_leg":2,"elements":0}
PCIE {"t_ms":1790664966172,"test":"conc","trial":1,"copy":"staged","cfg":"2xh2d","legs":2,"bytes_per_leg":134217728,"leg_ns":[55739366,55745498],"wall_ns":55760770,"stream_errors":0,"mb":64,"cmds_per_leg":2,"elements":0}
PCIE {"t_ms":1790664966212,"test":"conc","trial":1,"copy":"staged","cfg":"2xd2h","legs":2,"bytes_per_leg":134217728,"leg_ns":[39925469,40065760],"wall_ns":40080143,"stream_errors":0,"mb":64,"cmds_per_leg":2,"elements":0}
PCIE {"t_ms":1790664966228,"test":"conc","trial":1,"copy":"staged","cfg":"h2d/ser","legs":1,"bytes_per_leg":134217728,"leg_ns":[16249398],"wall_ns":16266763,"stream_errors":0,"mb":64,"cmds_per_leg":2,"elements":0}
PCIE {"t_ms":1790664966245,"test":"conc","trial":1,"copy":"staged","cfg":"d2h/ser","legs":1,"bytes_per_leg":134217728,"leg_ns":[16481643],"wall_ns":16493587,"stream_errors":0,"mb":64,"cmds_per_leg":2,"elements":0}
PCIE {"t_ms":1790664966267,"test":"conc","trial":1,"copy":"staged","cfg":"h2d+d2h/ser","legs":2,"bytes_per_leg":134217728,"leg_ns":[21662432,17670857],"wall_ns":21678191,"stream_errors":0,"mb":64,"cmds_per_leg":2,"elements":0}
PCIE {"t_ms":1790664966289,"test":"conc","trial":2,"copy":"dma","cfg":"h2d","legs":1,"bytes_per_leg":134217728,"leg_ns":[22172572],"wall_ns":22185444,"stream_errors":0,"mb":64,"cmds_per_leg":2,"elements":0}
PCIE {"t_ms":1790664966301,"test":"conc","trial":2,"copy":"dma","cfg":"d2h","legs":1,"bytes_per_leg":134217728,"leg_ns":[12213702],"wall_ns":12230553,"stream_errors":0,"mb":64,"cmds_per_leg":2,"elements":0}
PCIE {"t_ms":1790664966324,"test":"conc","trial":2,"copy":"dma","cfg":"h2d+d2h","legs":2,"bytes_per_leg":134217728,"leg_ns":[22616164,12214148],"wall_ns":22628397,"stream_errors":0,"mb":64,"cmds_per_leg":2,"elements":0}
PCIE {"t_ms":1790664966369,"test":"conc","trial":2,"copy":"dma","cfg":"2xh2d","legs":2,"bytes_per_leg":134217728,"leg_ns":[45024592,45042189],"wall_ns":45055722,"stream_errors":0,"mb":64,"cmds_per_leg":2,"elements":0}
PCIE {"t_ms":1790664966395,"test":"conc","trial":2,"copy":"dma","cfg":"2xd2h","legs":2,"bytes_per_leg":134217728,"leg_ns":[26204711,26202495],"wall_ns":26224116,"stream_errors":0,"mb":64,"cmds_per_leg":2,"elements":0}
PCIE {"t_ms":1790664966406,"test":"conc","trial":2,"copy":"dma","cfg":"h2d/ser","legs":1,"bytes_per_leg":134217728,"leg_ns":[10839607],"wall_ns":10852691,"stream_errors":0,"mb":64,"cmds_per_leg":2,"elements":0}
PCIE {"t_ms":1790664966419,"test":"conc","trial":2,"copy":"dma","cfg":"d2h/ser","legs":1,"bytes_per_leg":134217728,"leg_ns":[13138907],"wall_ns":13150800,"stream_errors":0,"mb":64,"cmds_per_leg":2,"elements":0}
PCIE {"t_ms":1790664966435,"test":"conc","trial":2,"copy":"dma","cfg":"h2d+d2h/ser","legs":2,"bytes_per_leg":134217728,"leg_ns":[15799005,14657901],"wall_ns":15811109,"stream_errors":0,"mb":64,"cmds_per_leg":2,"elements":0}
PCIE {"t_ms":1790664966462,"test":"conc","trial":2,"copy":"staged","cfg":"h2d","legs":1,"bytes_per_leg":134217728,"leg_ns":[27413300],"wall_ns":27428289,"stream_errors":0,"mb":64,"cmds_per_leg":2,"elements":0}
PCIE {"t_ms":1790664966481,"test":"conc","trial":2,"copy":"staged","cfg":"d2h","legs":1,"bytes_per_leg":134217728,"leg_ns":[18360062],"wall_ns":18516655,"stream_errors":0,"mb":64,"cmds_per_leg":2,"elements":0}
PCIE {"t_ms":1790664966510,"test":"conc","trial":2,"copy":"staged","cfg":"h2d+d2h","legs":2,"bytes_per_leg":134217728,"leg_ns":[29599005,19388222],"wall_ns":29614774,"stream_errors":0,"mb":64,"cmds_per_leg":2,"elements":0}
PCIE {"t_ms":1790664966566,"test":"conc","trial":2,"copy":"staged","cfg":"2xh2d","legs":2,"bytes_per_leg":134217728,"leg_ns":[55163196,55286626],"wall_ns":55300998,"stream_errors":0,"mb":64,"cmds_per_leg":2,"elements":0}
PCIE {"t_ms":1790664966605,"test":"conc","trial":2,"copy":"staged","cfg":"2xd2h","legs":2,"bytes_per_leg":134217728,"leg_ns":[39358983,39670434],"wall_ns":39691011,"stream_errors":0,"mb":64,"cmds_per_leg":2,"elements":0}
PCIE {"t_ms":1790664966622,"test":"conc","trial":2,"copy":"staged","cfg":"h2d/ser","legs":1,"bytes_per_leg":134217728,"leg_ns":[16254882],"wall_ns":16270422,"stream_errors":0,"mb":64,"cmds_per_leg":2,"elements":0}
PCIE {"t_ms":1790664966638,"test":"conc","trial":2,"copy":"staged","cfg":"d2h/ser","legs":1,"bytes_per_leg":134217728,"leg_ns":[16541782],"wall_ns":16555104,"stream_errors":0,"mb":64,"cmds_per_leg":2,"elements":0}
PCIE {"t_ms":1790664966660,"test":"conc","trial":2,"copy":"staged","cfg":"h2d+d2h/ser","legs":2,"bytes_per_leg":134217728,"leg_ns":[22075338,17586193],"wall_ns":22090893,"stream_errors":0,"mb":64,"cmds_per_leg":2,"elements":0}
PCIE {"t_ms":1790664966670,"test":"done","which":"conc","elapsed_s":1.450333}
