PCIE {"t_ms":1790544076925,"test":"open","open_ns":143539819,"link":[{"bdf":"0000:02:00.0","speed":"16.0 GT/s PCIe","width":"8","max_speed":"16.0 GT/s PCIe","max_width":"8","cma_allocated":"2057 MB"}]}
PCIE {"t_ms":1790544077162,"test":"verify","bytes":1048576,"equal":true}
PCIE {"t_ms":1790544077193,"test":"bw","dir":"h2d","copy":"staged","bytes":4096,"warm_ns":649386,"ns":[305122,165649,169938,107872,107618,107189,114345,217413,121773,110180,114448,109059,109496,108985,214623,105494,106015,104128,106148,105450],"stream_errors":0}
PCIE {"t_ms":1790544077193,"test":"bw","dir":"h2d","copy":"dma","bytes":4096,"warm_ns":317806,"ns":[604258,255543,577035,574878,572538,574306,576465,115109,565076,576417,649798,620934,668666,577087,216263,668927,669079,588180,577253,632009],"stream_errors":0}
PCIE {"t_ms":1790544077193,"test":"bw","dir":"d2h","copy":"staged","bytes":4096,"warm_ns":239436,"ns":[326987,164656,131311,582314,584072,581355,615317,608140,686315,590606,581598,597784,684947,623938,688245,544936,675905,130355,133344,692250],"stream_errors":0}
PCIE {"t_ms":1790544077193,"test":"bw","dir":"d2h","copy":"dma","bytes":4096,"warm_ns":214067,"ns":[651102,233657,114837,196012,114719,115134,218999,111174,118576,121847,117153,116400,111862,235320,199540,116784,192468,114739,113614,200176],"stream_errors":0}
PCIE {"t_ms":1790544077222,"test":"bw","dir":"h2d","copy":"staged","bytes":8192,"warm_ns":183951,"ns":[110458,110076,109556,110855,109474,110125,110158,109987,109792,111342,111794,110489,110528,111962,114609,107125,105994,119303,109041,110811],"stream_errors":0}
PCIE {"t_ms":1790544077222,"test":"bw","dir":"h2d","copy":"dma","bytes":8192,"warm_ns":631811,"ns":[618790,676929,593007,679055,584100,675783,607217,671099,576336,676057,675836,676458,673434,121726,119492,677977,576979,676280,680045,682434],"stream_errors":0}
PCIE {"t_ms":1790544077222,"test":"bw","dir":"d2h","copy":"staged","bytes":8192,"warm_ns":591785,"ns":[586980,628542,631490,590503,129564,639010,688301,601502,691749,128983,586554,682048,589648,590842,629915,660048,629649,590189,593771,134915],"stream_errors":0}
PCIE {"t_ms":1790544077222,"test":"bw","dir":"d2h","copy":"dma","bytes":8192,"warm_ns":113826,"ns":[118425,119568,118507,119283,119757,119668,102124,118742,108072,116218,117549,110912,117919,118277,119408,120702,116800,118056,117598,116370],"stream_errors":0}
PCIE {"t_ms":1790544077249,"test":"bw","dir":"h2d","copy":"staged","bytes":16384,"warm_ns":197720,"ns":[196621,210190,111585,187989,216807,208371,111496,109654,167414,104815,110315,111468,112117,112051,118331,111961,111818,110357,105349,105913],"stream_errors":0}
PCIE {"t_ms":1790544077249,"test":"bw","dir":"h2d","copy":"dma","bytes":16384,"warm_ns":605471,"ns":[645001,574249,578785,120076,573573,121832,121105,686096,120576,121645,576395,119875,676023,677150,641547,677109,576989,579828,620832,672823],"stream_errors":0}
PCIE {"t_ms":1790544077249,"test":"bw","dir":"d2h","copy":"staged","bytes":16384,"warm_ns":677814,"ns":[145345,604686,606306,134337,610634,672687,589543,579426,685740,590498,612698,587292,653958,605214,691556,585691,581977,135072,696269,687673],"stream_errors":0}
PCIE {"t_ms":1790544077249,"test":"bw","dir":"d2h","copy":"dma","bytes":16384,"warm_ns":118067,"ns":[121026,116858,105939,123632,217761,206684,118635,172925,108519,116816,117984,119169,118150,116160,113603,114965,116407,111244,103846,105141],"stream_errors":0}
PCIE {"t_ms":1790544077279,"test":"bw","dir":"h2d","copy":"staged","bytes":32768,"warm_ns":194060,"ns":[102468,102601,103558,104114,103399,103179,105541,107809,104855,103224,105858,106146,107953,105384,102616,106729,184741,175318,108886,109003],"stream_errors":0}
PCIE {"t_ms":1790544077279,"test":"bw","dir":"h2d","copy":"dma","bytes":32768,"warm_ns":575769,"ns":[571291,681789,117787,670287,667509,672361,673522,572108,573045,572865,668843,638055,599998,676964,659297,570648,580918,570397,625785,671848],"stream_errors":0}
PCIE {"t_ms":1790544077279,"test":"bw","dir":"d2h","copy":"staged","bytes":32768,"warm_ns":135944,"ns":[674915,134708,650315,588629,585439,697620,573669,692588,584266,687369,586246,602876,680930,685456,637847,647196,141891,588875,664272,592593],"stream_errors":0}
PCIE {"t_ms":1790544077279,"test":"bw","dir":"d2h","copy":"dma","bytes":32768,"warm_ns":106673,"ns":[99233,108003,191129,111224,112443,111683,113106,184433,114962,183186,112354,115716,195457,190202,111861,114286,107392,113834,113904,117656],"stream_errors":0}
PCIE {"t_ms":1790544077302,"test":"bw","dir":"h2d","copy":"staged","bytes":65536,"warm_ns":192030,"ns":[115777,207376,206819,222726,199799,233610,208471,108494,111854,110455,109694,112251,109663,110549,109919,109624,110905,109344,109811,108590],"stream_errors":0}
PCIE {"t_ms":1790544077302,"test":"bw","dir":"h2d","copy":"dma","bytes":65536,"warm_ns":121168,"ns":[578399,140145,132466,247479,125285,557920,581394,579966,581030,122966,619162,121625,674226,641523,678170,633271,625136,678241,676157,677220],"stream_errors":0}
PCIE {"t_ms":1790544077302,"test":"bw","dir":"d2h","copy":"staged","bytes":65536,"warm_ns":599046,"ns":[137882,146943,159937,154962,147519,147184,133183,582152,134968,589326,688442,699971,134214,599222,589114,588430,132491,133620,588089,133827],"stream_errors":0}
PCIE {"t_ms":1790544077302,"test":"bw","dir":"d2h","copy":"dma","bytes":65536,"warm_ns":121316,"ns":[129826,135106,125621,224177,242588,203363,111404,112040,111462,112866,113886,195601,113624,112607,111703,112853,114172,114206,114232,113876],"stream_errors":0}
PCIE {"t_ms":1790544077328,"test":"bw","dir":"h2d","copy":"staged","bytes":131072,"warm_ns":198447,"ns":[110347,109846,108685,110158,219292,212444,213164,110830,114654,110173,107299,106537,213151,105332,106663,107546,106741,107221,105124,107795],"stream_errors":0}
PCIE {"t_ms":1790544077328,"test":"bw","dir":"h2d","copy":"dma","bytes":131072,"warm_ns":611335,"ns":[623227,642951,643571,642297,122411,613436,122901,677778,675334,687401,676335,582579,117782,571775,677659,119146,118268,576503,121645,605115],"stream_errors":0}
PCIE {"t_ms":1790544077328,"test":"bw","dir":"d2h","copy":"staged","bytes":131072,"warm_ns":137545,"ns":[137583,136105,138423,136566,601924,593112,661809,640440,140146,131729,579950,689820,690047,614239,685565,641543,656892,667668,622604,685183],"stream_errors":0}
PCIE {"t_ms":1790544077328,"test":"bw","dir":"d2h","copy":"dma","bytes":131072,"warm_ns":110383,"ns":[110606,111763,110065,111309,205666,196828,111623,110457,107635,109532,108464,185244,183907,211383,196668,108924,188122,103731,108190,184786],"stream_errors":0}
PCIE {"t_ms":1790544077354,"test":"bw","dir":"h2d","copy":"staged","bytes":262144,"warm_ns":195655,"ns":[210538,209782,186771,218672,223794,190516,413541,202609,208687,218397,216719,217931,219932,218873,218743,221630,217466,211023,216653,217566],"stream_errors":0}
PCIE {"t_ms":1790544077354,"test":"bw","dir":"h2d","copy":"dma","bytes":262144,"warm_ns":662630,"ns":[629235,194871,627705,577240,122860,122650,218707,641921,668316,583639,122146,122231,578998,123482,674077,231581,122046,193919,577238,122353],"stream_errors":0}
PCIE {"t_ms":1790544077354,"test":"bw","dir":"d2h","copy":"staged","bytes":262144,"warm_ns":143614,"ns":[143349,600050,664962,146228,609985,164748,165730,150122,595302,677058,666927,684776,701871,600356,145586,146288,703722,146854,598905,602743],"stream_errors":0}
PCIE {"t_ms":1790544077354,"test":"bw","dir":"d2h","copy":"dma","bytes":262144,"warm_ns":205877,"ns":[206934,207985,206883,210751,199309,195318,196992,202068,204761,168643,194082,201222,211993,209844,208764,211971,189230,208177,208691,203971],"stream_errors":0}
PCIE {"t_ms":1790544077377,"test":"bw","dir":"h2d","copy":"staged","bytes":524288,"warm_ns":205108,"ns":[297382,202200,215305,200013,207062,208495,206458,207847,205978,208278,207285,206561,213253,234840,205050,203668,216544,210241,217477,200279],"stream_errors":0}
PCIE {"t_ms":1790544077377,"test":"bw","dir":"h2d","copy":"dma","bytes":524288,"warm_ns":228241,"ns":[226673,222837,222974,223279,227552,229740,575337,194153,228431,223077,223370,679531,227856,596652,580009,227095,224914,223221,227103,578021],"stream_errors":0}
PCIE {"t_ms":1790544077377,"test":"bw","dir":"d2h","copy":"staged","bytes":524288,"warm_ns":689855,"ns":[280532,269706,270705,267395,268713,266777,267778,265733,268586,248956,167604,261835,269321,326909,645823,272767,275754,275008,248612,642980],"stream_errors":0}
PCIE {"t_ms":1790544077377,"test":"bw","dir":"d2h","copy":"dma","bytes":524288,"warm_ns":628856,"ns":[192109,193369,197821,195105,193960,195989,195908,196363,195313,195710,182012,194218,185087,629695,175898,193073,195560,193389,186193,191933],"stream_errors":0}
PCIE {"t_ms":1790544077412,"test":"bw","dir":"h2d","copy":"staged","bytes":1048576,"warm_ns":266189,"ns":[300322,302811,300673,313712,315981,317347,314313,320668,300433,313794,317862,311584,218217,287435,217476,332462,298744,320850,311117,316976],"stream_errors":0}
PCIE {"t_ms":1790544077412,"test":"bw","dir":"h2d","copy":"dma","bytes":1048576,"warm_ns":585609,"ns":[582558,574789,672228,575270,226100,576516,222818,221810,566312,673354,671684,679472,572054,226663,610415,668422,621237,223747,576348,589915],"stream_errors":0}
PCIE {"t_ms":1790544077412,"test":"bw","dir":"d2h","copy":"staged","bytes":1048576,"warm_ns":321701,"ns":[318612,296906,303266,298999,298778,301363,306393,329346,348162,656012,650595,651232,743521,298531,724924,653785,691040,709542,650023,695446],"stream_errors":0}
PCIE {"t_ms":1790544077412,"test":"bw","dir":"d2h","copy":"dma","bytes":1048576,"warm_ns":244650,"ns":[593675,258293,267081,263916,264282,264265,618104,612035,226156,267714,276964,271815,692376,274184,676409,266595,270215,293171,239347,600729],"stream_errors":0}
PCIE {"t_ms":1790544077451,"test":"bw","dir":"h2d","copy":"staged","bytes":2097152,"warm_ns":502144,"ns":[421316,420097,438875,414580,388515,403053,415936,413117,439669,413000,406096,415645,369100,390143,391694,405918,389435,414739,371348,414292],"stream_errors":0}
PCIE {"t_ms":1790544077451,"test":"bw","dir":"h2d","copy":"dma","bytes":2097152,"warm_ns":640566,"ns":[629847,627681,631489,620412,627844,612847,626876,637745,329460,629260,626555,673073,622894,585115,327303,329458,329453,327792,326343,286978],"stream_errors":0}
PCIE {"t_ms":1790544077451,"test":"bw","dir":"d2h","copy":"staged","bytes":2097152,"warm_ns":717961,"ns":[744478,718105,716928,722621,753566,799879,785208,776560,461280,711760,765697,765640,791090,482124,489344,467808,472361,462553,469727,461058],"stream_errors":0}
PCIE {"t_ms":1790544077451,"test":"bw","dir":"d2h","copy":"dma","bytes":2097152,"warm_ns":300853,"ns":[305244,315333,296161,285292,314327,279690,288907,273564,299257,297422,297412,293380,290946,309176,350440,299449,291676,308619,295045,306316],"stream_errors":0}
PCIE {"t_ms":1790544077494,"test":"bw","dir":"h2d","copy":"staged","bytes":4194304,"warm_ns":811464,"ns":[710669,701474,622151,713485,697387,662556,614064,619177,695791,672295,617668,706805,743311,696854,691202,713440],"stream_errors":0}
PCIE {"t_ms":1790544077494,"test":"bw","dir":"h2d","copy":"dma","bytes":4194304,"warm_ns":504204,"ns":[429994,532055,514431,431159,430777,433646,534838,427942,534356,589297,669161,571044,570153,576918,570934,573551],"stream_errors":0}
PCIE {"t_ms":1790544077494,"test":"bw","dir":"d2h","copy":"staged","bytes":4194304,"warm_ns":809242,"ns":[704549,721457,703217,705543,713835,736307,682116,737249,733883,711127,830526,848893,885462,856387,891136,920444],"stream_errors":0}
PCIE {"t_ms":1790544077494,"test":"bw","dir":"d2h","copy":"dma","bytes":4194304,"warm_ns":474765,"ns":[473025,609467,478031,475879,512549,438693,471763,545814,589594,606449,477438,522464,486739,497844,522109,574506],"stream_errors":0}
PCIE {"t_ms":1790544077531,"test":"bw","dir":"h2d","copy":"staged","bytes":8388608,"warm_ns":1498386,"ns":[1287749,1264977,1162221,1211227,1224267,1246363,1216599,1199762],"stream_errors":0}
PCIE {"t_ms":1790544077531,"test":"bw","dir":"h2d","copy":"dma","bytes":8388608,"warm_ns":848371,"ns":[794913,793676,911063,795417,844957,840500,842365,901658],"stream_errors":0}
PCIE {"t_ms":1790544077531,"test":"bw","dir":"d2h","copy":"staged","bytes":8388608,"warm_ns":1373401,"ns":[1186900,1208060,1229962,1365042,1296197,1280700,1243478,1199694],"stream_errors":0}
PCIE {"t_ms":1790544077531,"test":"bw","dir":"d2h","copy":"dma","bytes":8388608,"warm_ns":743370,"ns":[750891,734273,750480,771949,829612,814711,800076,719249],"stream_errors":0}
PCIE {"t_ms":1790544077571,"test":"bw","dir":"h2d","copy":"staged","bytes":16777216,"warm_ns":2641595,"ns":[2470528,2560052,2477717,2472960],"stream_errors":0}
PCIE {"t_ms":1790544077571,"test":"bw","dir":"h2d","copy":"dma","bytes":16777216,"warm_ns":1556480,"ns":[1462764,1500801,1468710,1548534],"stream_errors":0}
PCIE {"t_ms":1790544077571,"test":"bw","dir":"d2h","copy":"staged","bytes":16777216,"warm_ns":2701045,"ns":[2433661,2471986,2335109,2404830],"stream_errors":0}
PCIE {"t_ms":1790544077571,"test":"bw","dir":"d2h","copy":"dma","bytes":16777216,"warm_ns":1383229,"ns":[1357977,1340567,1391424,1386362],"stream_errors":0}
PCIE {"t_ms":1790544077636,"test":"bw","dir":"h2d","copy":"staged","bytes":33554432,"warm_ns":5307845,"ns":[4927304,5041091,4987381],"stream_errors":0}
PCIE {"t_ms":1790544077636,"test":"bw","dir":"h2d","copy":"dma","bytes":33554432,"warm_ns":2958421,"ns":[3006138,3028449,2891086],"stream_errors":0}
PCIE {"t_ms":1790544077636,"test":"bw","dir":"d2h","copy":"staged","bytes":33554432,"warm_ns":5724410,"ns":[5653623,5766951,5601448],"stream_errors":0}
PCIE {"t_ms":1790544077636,"test":"bw","dir":"d2h","copy":"dma","bytes":33554432,"warm_ns":2692708,"ns":[2684906,2689459,2699532],"stream_errors":0}
PCIE {"t_ms":1790544077767,"test":"bw","dir":"h2d","copy":"staged","bytes":67108864,"warm_ns":10346334,"ns":[9503017,9517413,9582493],"stream_errors":0}
PCIE {"t_ms":1790544077767,"test":"bw","dir":"h2d","copy":"dma","bytes":67108864,"warm_ns":5690742,"ns":[5541261,5558548,5586374],"stream_errors":0}
PCIE {"t_ms":1790544077767,"test":"bw","dir":"d2h","copy":"staged","bytes":67108864,"warm_ns":10870729,"ns":[10726350,10874154,10942035],"stream_errors":0}
PCIE {"t_ms":1790544077767,"test":"bw","dir":"d2h","copy":"dma","bytes":67108864,"warm_ns":6634736,"ns":[6606635,6471965,6646258],"stream_errors":0}
PCIE {"t_ms":1790544078023,"test":"bw","dir":"h2d","copy":"staged","bytes":134217728,"warm_ns":20610367,"ns":[18857057,18670078,18721904],"stream_errors":0}
PCIE {"t_ms":1790544078023,"test":"bw","dir":"h2d","copy":"dma","bytes":134217728,"warm_ns":10890922,"ns":[10830972,10896726,10896620],"stream_errors":0}
PCIE {"t_ms":1790544078023,"test":"bw","dir":"d2h","copy":"staged","bytes":134217728,"warm_ns":20975499,"ns":[20886588,20971470,20936962],"stream_errors":0}
PCIE {"t_ms":1790544078023,"test":"bw","dir":"d2h","copy":"dma","bytes":134217728,"warm_ns":12746932,"ns":[12758649,12773123,12712265],"stream_errors":0}
PCIE {"t_ms":1790544078528,"test":"bw","dir":"h2d","copy":"staged","bytes":268435456,"warm_ns":39165797,"ns":[37582590,37543514,37892894],"stream_errors":0}
PCIE {"t_ms":1790544078528,"test":"bw","dir":"h2d","copy":"dma","bytes":268435456,"warm_ns":21585855,"ns":[21616703,21537213,21632129],"stream_errors":0}
PCIE {"t_ms":1790544078528,"test":"bw","dir":"d2h","copy":"staged","bytes":268435456,"warm_ns":41465923,"ns":[41164890,41726333,41291410],"stream_errors":0}
PCIE {"t_ms":1790544078528,"test":"bw","dir":"d2h","copy":"dma","bytes":268435456,"warm_ns":25153833,"ns":[25323797,25132099,25179350],"stream_errors":0}
PCIE {"t_ms":1790544078541,"test":"done","which":"bw","elapsed_s":1.760571}
