PCIE {"t_ms":1790544083225,"test":"open","open_ns":143567360,"link":[{"bdf":"0000:02:00.0","speed":"16.0 GT/s PCIe","width":"8","max_speed":"16.0 GT/s PCIe","max_width":"8","cma_allocated":"2057 MB"}]}
PCIE {"t_ms":1790544083365,"test":"conc","trial":0,"copy":"dma","cfg":"h2d","legs":1,"bytes_per_leg":134217728,"leg_ns":[22011021],"wall_ns":22036160,"stream_errors":0}
PCIE {"t_ms":1790544083378,"test":"conc","trial":0,"copy":"dma","cfg":"d2h","legs":1,"bytes_per_leg":134217728,"leg_ns":[12158515],"wall_ns":12179104,"stream_errors":0}
PCIE {"t_ms":1790544083400,"test":"conc","trial":0,"copy":"dma","cfg":"h2d+d2h","legs":2,"bytes_per_leg":134217728,"leg_ns":[22426241,12243865],"wall_ns":22446339,"stream_errors":0}
PCIE {"t_ms":1790544083445,"test":"conc","trial":0,"copy":"dma","cfg":"2xh2d","legs":2,"bytes_per_leg":134217728,"leg_ns":[44957167,44964733],"wall_ns":44984217,"stream_errors":0}
PCIE {"t_ms":1790544083471,"test":"conc","trial":0,"copy":"dma","cfg":"2xd2h","legs":2,"bytes_per_leg":134217728,"leg_ns":[25933983,25927560],"wall_ns":25953112,"stream_errors":0}
PCIE {"t_ms":1790544083502,"test":"conc","trial":0,"copy":"staged","cfg":"h2d","legs":1,"bytes_per_leg":134217728,"leg_ns":[31188159],"wall_ns":31209139,"stream_errors":0}
PCIE {"t_ms":1790544083523,"test":"conc","trial":0,"copy":"staged","cfg":"d2h","legs":1,"bytes_per_leg":134217728,"leg_ns":[20300106],"wall_ns":20326428,"stream_errors":0}
PCIE {"t_ms":1790544083552,"test":"conc","trial":0,"copy":"staged","cfg":"h2d+d2h","legs":2,"bytes_per_leg":134217728,"leg_ns":[29222305,24531724],"wall_ns":29242858,"stream_errors":0}
PCIE {"t_ms":1790544083609,"test":"conc","trial":0,"copy":"staged","cfg":"2xh2d","legs":2,"bytes_per_leg":134217728,"leg_ns":[56848932,57222953],"wall_ns":57241815,"stream_errors":0}
PCIE {"t_ms":1790544083652,"test":"conc","trial":0,"copy":"staged","cfg":"2xd2h","legs":2,"bytes_per_leg":134217728,"leg_ns":[42648055,39520698],"wall_ns":42667888,"stream_errors":0}
PCIE {"t_ms":1790544083674,"test":"conc","trial":1,"copy":"dma","cfg":"h2d","legs":1,"bytes_per_leg":134217728,"leg_ns":[21980018],"wall_ns":21999712,"stream_errors":0}
PCIE {"t_ms":1790544083686,"test":"conc","trial":1,"copy":"dma","cfg":"d2h","legs":1,"bytes_per_leg":134217728,"leg_ns":[11982994],"wall_ns":12000846,"stream_errors":0}
PCIE {"t_ms":1790544083708,"test":"conc","trial":1,"copy":"dma","cfg":"h2d+d2h","legs":2,"bytes_per_leg":134217728,"leg_ns":[22148256,12207728],"wall_ns":22168978,"stream_errors":0}
PCIE {"t_ms":1790544083753,"test":"conc","trial":1,"copy":"dma","cfg":"2xh2d","legs":2,"bytes_per_leg":134217728,"leg_ns":[45014602,45025679],"wall_ns":45044206,"stream_errors":0}
PCIE {"t_ms":1790544083779,"test":"conc","trial":1,"copy":"dma","cfg":"2xd2h","legs":2,"bytes_per_leg":134217728,"leg_ns":[26057054,26060711],"wall_ns":26084669,"stream_errors":0}
PCIE {"t_ms":1790544083808,"test":"conc","trial":1,"copy":"staged","cfg":"h2d","legs":1,"bytes_per_leg":134217728,"leg_ns":[28924271],"wall_ns":28943378,"stream_errors":0}
PCIE {"t_ms":1790544083828,"test":"conc","trial":1,"copy":"staged","cfg":"d2h","legs":1,"bytes_per_leg":134217728,"leg_ns":[19941175],"wall_ns":19958242,"stream_errors":0}
PCIE {"t_ms":1790544083860,"test":"conc","trial":1,"copy":"staged","cfg":"h2d+d2h","legs":2,"bytes_per_leg":134217728,"leg_ns":[31774287,21943024],"wall_ns":31793956,"stream_errors":0}
PCIE {"t_ms":1790544083918,"test":"conc","trial":1,"copy":"staged","cfg":"2xh2d","legs":2,"bytes_per_leg":134217728,"leg_ns":[58155926,58162066],"wall_ns":58181186,"stream_errors":0}
PCIE {"t_ms":1790544083960,"test":"conc","trial":1,"copy":"staged","cfg":"2xd2h","legs":2,"bytes_per_leg":134217728,"leg_ns":[41967581,41965508],"wall_ns":41989758,"stream_errors":0}
PCIE {"t_ms":1790544083982,"test":"conc","trial":2,"copy":"dma","cfg":"h2d","legs":1,"bytes_per_leg":134217728,"leg_ns":[21869976],"wall_ns":21887363,"stream_errors":0}
PCIE {"t_ms":1790544083994,"test":"conc","trial":2,"copy":"dma","cfg":"d2h","legs":1,"bytes_per_leg":134217728,"leg_ns":[11925005],"wall_ns":11940564,"stream_errors":0}
PCIE {"t_ms":1790544084016,"test":"conc","trial":2,"copy":"dma","cfg":"h2d+d2h","legs":2,"bytes_per_leg":134217728,"leg_ns":[22246874,12182157],"wall_ns":22263416,"stream_errors":0}
PCIE {"t_ms":1790544084061,"test":"conc","trial":2,"copy":"dma","cfg":"2xh2d","legs":2,"bytes_per_leg":134217728,"leg_ns":[45007967,45021099],"wall_ns":45039277,"stream_errors":0}
PCIE {"t_ms":1790544084087,"test":"conc","trial":2,"copy":"dma","cfg":"2xd2h","legs":2,"bytes_per_leg":134217728,"leg_ns":[25938678,25994758],"wall_ns":26009789,"stream_errors":0}
PCIE {"t_ms":1790544084116,"test":"conc","trial":2,"copy":"staged","cfg":"h2d","legs":1,"bytes_per_leg":134217728,"leg_ns":[28920815],"wall_ns":28937810,"stream_errors":0}
PCIE {"t_ms":1790544084136,"test":"conc","trial":2,"copy":"staged","cfg":"d2h","legs":1,"bytes_per_leg":134217728,"leg_ns":[20006230],"wall_ns":20022600,"stream_errors":0}
PCIE {"t_ms":1790544084169,"test":"conc","trial":2,"copy":"staged","cfg":"h2d+d2h","legs":2,"bytes_per_leg":134217728,"leg_ns":[32502814,22336807],"wall_ns":32519976,"stream_errors":0}
PCIE {"t_ms":1790544084227,"test":"conc","trial":2,"copy":"staged","cfg":"2xh2d","legs":2,"bytes_per_leg":134217728,"leg_ns":[58626462,58646259],"wall_ns":58666682,"stream_errors":0}
PCIE {"t_ms":1790544084270,"test":"conc","trial":2,"copy":"staged","cfg":"2xd2h","legs":2,"bytes_per_leg":134217728,"leg_ns":[42049818,41701729],"wall_ns":42406391,"stream_errors":0}
PCIE {"t_ms":1790544084278,"test":"done","which":"conc","elapsed_s":1.196651}
