aifoundry3 wire pass 2 seed 42 gov_free 0 heat_c none warm_c 0 clock_rule window et_devices all 2026-09-25T18:48:56
configs.json matches /home/yaroslavvb/nekko/workloads/enercat/run_wire.py (28 configurations)
pass 2 wsep/p0/hop1: 8 launches (fill rc 0, burst rc 0)
pass 2 wu/p1/hop4: 8 launches (fill rc 0, burst rc 0)
pass 2 wu/p0.5/hop4: 8 launches (fill rc 0, burst rc 0)
pass 2 wsep/p0/hop4: 8 launches (fill rc 0, burst rc 0)
pass 2 wsep/p0.5/hop5: 8 launches (fill rc 0, burst rc 0)
pass 2 wu/p0.5/hop0: 8 launches (fill rc 0, burst rc 0)
pass 2 wu/p0/hop6: 8 launches (fill rc 0, burst rc 0)
pass 2 wu/p0.5/hop6: 8 launches (fill rc 0, burst rc 0)
pass 2 wu/p1/hop2: 8 launches (fill rc 0, burst rc 0)
pass 2 wu/p0.5/hop3: 8 launches (fill rc 0, burst rc 0)
pass 2 wsep/p0.5/hop2: 8 launches (fill rc 0, burst rc 0)
pass 2 wu/p1/hop0: 8 launches (fill rc 0, burst rc 0)
pass 2 wsep/p0/hop2: 8 launches (fill rc 0, burst rc 0)
pass 2 wu/p1/hop3: 8 launches (fill rc 0, burst rc 0)
pass 2 wsep/p0.5/hop3: 8 launches (fill rc 0, burst rc 0)
pass 2 wu/p0/hop1: 8 launches (fill rc 0, burst rc 0)
pass 2 wu/p1/hop1: 8 launches (fill rc 0, burst rc 0)
pass 2 wu/p0/hop2: 8 launches (fill rc 0, burst rc 0)
pass 2 wu/p1/hop6: 8 launches (fill rc 0, burst rc 0)
pass 2 wsep/p0.5/hop4: 8 launches (fill rc 0, burst rc 0)
pass 2 wu/p0/hop4: 8 launches (fill rc 0, burst rc 0)
pass 2 wsep/p0/hop5: 8 launches (fill rc 0, burst rc 0)
pass 2 wu/p0.5/hop1: 8 launches (fill rc 0, burst rc 0)
pass 2 wu/p0.5/hop2: 8 launches (fill rc 0, burst rc 0)
pass 2 wsep/p0.5/hop1: 8 launches (fill rc 0, burst rc 0)
pass 2 wu/p0/hop0: 8 launches (fill rc 0, burst rc 0)
pass 2 wu/p0/hop3: 8 launches (fill rc 0, burst rc 0)
pass 2 wsep/p0/hop3: 8 launches (fill rc 0, burst rc 0)
