aifoundry1-c1: 131 configurations x 1 passes, at most 22 min; host build/enercat_v2/host/enercat_host
pass 0 sllw/random/h2: 8 launches (die 71 -> 71 C, 0 heater)
pass 0 fence/zeros/h2: 8 launches (die 69 -> 69 C, 0 heater)
pass 0 lwu/random/h2: 8 launches (die 68 -> 68 C, 0 heater)
pass 0 sw/random/h2: 8 launches (die 67 -> 67 C, 0 heater)
pass 0 nop/random/h2: 8 launches (die 66 -> 66 C, 0 heater)
pass 0 fmin.pi/random/h2: 8 launches (die 64 -> 64 C, 0 heater)
pass 0 rem/zeros/h2: 8 launches (die 64 -> 64 C, 0 heater)
pass 0 fcvt.pw.ps/zeros/h2: 8 launches (die 63 -> 63 C, 0 heater)
pass 0 fsra.pi/random/h2: 8 launches (die 63 -> 63 C, 0 heater)
pass 0 slt/zeros/h2: 8 launches (die 63 -> 63 C, 0 heater)
pass 0 fsgnj.ps/random/h2: 8 launches (die 62 -> 62 C, 0 heater)
pass 0 feq.s/zeros/h2: 8 launches (die 62 -> 62 C, 0 heater)
pass 0 fmsub.ps/random/h2: 8 launches (die 61 -> 61 C, 0 heater)
pass 0 bne_nottaken/random/h2: 8 launches (die 64 -> 64 C, 0 heater)
pass 0 lhu/zeros/h2: 8 launches (die 62 -> 62 C, 0 heater)
pass 0 amoswapl.w/zeros/h2: 8 launches (die 61 -> 61 C, 0 heater)
pass 0 bltu_data/random/h2: 8 launches (die 61 -> 61 C, 0 heater)
pass 0 fmadd.ps/random/h2: 8 launches (die 60 -> 60 C, 0 heater)
pass 0 divuw/zeros/h2: 8 launches (die 63 -> 63 C, 0 heater)
pass 0 lbu/random/h2: 8 launches (die 60 -> 60 C, 0 heater)
pass 0 flog.ps/zeros/h2: 8 launches (die 60 -> 60 C, 0 heater)
pass 0 srai/zeros/h2: 8 launches (die 62 -> 62 C, 0 heater)
pass 0 wire/hop2/random: 8 launches (die 60 -> 60 C, 0 heater)
pass 0 fle.s/zeros/h2: 8 launches (die 62 -> 62 C, 0 heater)
pass 0 fnmsub.ps/zeros/h2: 8 launches (die 61 -> 61 C, 0 heater)
pass 0 fsub.s/zeros/h2: 8 launches (die 61 -> 61 C, 0 heater)
pass 0 fcmovm.ps/random/h2: 8 launches (die 61 -> 61 C, 0 heater)
pass 0 fmin.pi/zeros/h2: 8 launches (die 61 -> 61 C, 0 heater)
pass 0 amoorl.w/zeros/h2: 8 launches (die 61 -> 61 C, 0 heater)
pass 0 fmadd.ps/random/h1: 8 launches (die 60 -> 60 C, 0 heater)
pass 0 sraw/zeros/h2: 8 launches (die 62 -> 62 C, 0 heater)
pass 0 fswl.ps/random/h2: 8 launches (die 60 -> 60 C, 0 heater)
pass 0 fminu.pi/random/h2: 8 launches (die 61 -> 61 C, 0 heater)
pass 0 slti/random/h2: 8 launches (die 61 -> 61 C, 0 heater)
pass 0 beq_taken/random/h2: 8 launches (die 60 -> 60 C, 0 heater)
pass 0 fmaxu.pi/zeros/h2: 8 launches (die 59 -> 59 C, 0 heater)
pass 0 st_stream/dram/random: 8 launches (die 60 -> 60 C, 0 heater)
pass 0 lwu/zeros/h2: 8 launches (die 60 -> 60 C, 0 heater)
pass 0 fltu.pi/zeros/h2: 8 launches (die 59 -> 59 C, 0 heater)
pass 0 or/zeros/h2: 8 launches (die 60 -> 60 C, 0 heater)
pass 0 fadd.ps/const/h2: 8 launches (die 59 -> 59 C, 0 heater)
pass 0 fbci.ps/random/h2: 8 launches (die 60 -> 60 C, 0 heater)
pass 0 tstore/scp/const: 8 launches (die 59 -> 59 C, 0 heater)
pass 0 fsrl.pi/zeros/h2: 8 launches (die 60 -> 60 C, 0 heater)
pass 0 beq_taken/zeros/h2: 8 launches (die 59 -> 59 C, 0 heater)
pass 0 spin/zeros/h2: 8 launches (die 59 -> 59 C, 0 heater)
pass 0 flem.ps/zeros/h2: 8 launches (die 59 -> 59 C, 0 heater)
pass 0 add_norvc/zeros/h2: 8 launches (die 59 -> 59 C, 0 heater)
pass 0 amoorl.w/random/h2: 8 launches (die 58 -> 58 C, 0 heater)
pass 0 fbci.ps/zeros/h2: 8 launches (die 59 -> 59 C, 0 heater)
pass 0 scpline/stride128/random: 8 launches (die 58 -> 58 C, 0 heater)
pass 0 fadd.ps/zeros/h2: 8 launches (die 59 -> 59 C, 0 heater)
pass 0 mul/random/h2: 8 launches (die 59 -> 59 C, 0 heater)
pass 0 scpline/stride128/zeros: 8 launches (die 58 -> 58 C, 0 heater)
pass 0 feq.pi/zeros/h2: 8 launches (die 58 -> 58 C, 0 heater)
pass 0 or/random/h2: 8 launches (die 58 -> 58 C, 0 heater)
pass 0 divw/zeros/h2: 8 launches (die 58 -> 58 C, 0 heater)
pass 0 fpackreph.pi/random/h2: 8 launches (die 58 -> 58 C, 0 heater)
pass 0 auipc/zeros/h2: 8 launches (die 58 -> 58 C, 0 heater)
pass 0 xor/zeros/h2: 8 launches (die 58 -> 58 C, 0 heater)
pass 0 addi/random/h2: 8 launches (die 58 -> 58 C, 0 heater)
pass 0 flem.ps/random/h2: 8 launches (die 58 -> 58 C, 0 heater)
pass 0 fmsub.ps/zeros/h2: 8 launches (die 58 -> 58 C, 0 heater)
pass 0 c.li/random/h2: 8 launches (die 59 -> 59 C, 0 heater)
pass 0 amoaddg.w/random/h2: 8 launches (die 58 -> 58 C, 0 heater)
pass 0 fswizz.ps/zeros/h2: 8 launches (die 58 -> 58 C, 0 heater)
pass 0 fsll.pi/zeros/h2: 8 launches (die 58 -> 58 C, 0 heater)
pass 0 fsgnjx.ps/zeros/h2: 8 launches (die 58 -> 58 C, 0 heater)
pass 0 fbci.pi/zeros/h2: 8 launches (die 58 -> 58 C, 0 heater)
pass 0 fmadd.s/random/h2: 8 launches (die 58 -> 58 C, 0 heater)
pass 0 tstore/scp/zeros: 8 launches (die 59 -> 59 C, 0 heater)
pass 0 fcvt.w.s/random/h2: 8 launches (die 59 -> 59 C, 0 heater)
pass 0 fle.ps/zeros/h2: 8 launches (die 58 -> 58 C, 0 heater)
pass 0 ld/const/h2: 8 launches (die 59 -> 59 C, 0 heater)
pass 0 dramrow2/seq/zeros: 8 launches (die 59 -> 59 C, 0 heater)
pass 0 ffrc.ps/random/h2: 8 launches (die 58 -> 58 C, 0 heater)
pass 0 fslli.pi/zeros/h2: 8 launches (die 59 -> 59 C, 0 heater)
pass 0 flw.ps/random/h2: 8 launches (die 59 -> 59 C, 0 heater)
pass 0 addi/zeros/h2: 8 launches (die 59 -> 59 C, 0 heater)
pass 0 fswizz.ps/random/h2: 8 launches (die 58 -> 58 C, 0 heater)
pass 0 fcmovm.ps/zeros/h2: 8 launches (die 59 -> 59 C, 0 heater)
pass 0 scpline/stride256/random: 8 launches (die 58 -> 58 C, 0 heater)
pass 0 sltu/zeros/h2: 8 launches (die 58 -> 58 C, 0 heater)
pass 0 fxor.pi/zeros/h2: 8 launches (die 58 -> 58 C, 0 heater)
pass 0 fsgnj.s/random/h2: 8 launches (die 58 -> 58 C, 0 heater)
pass 0 fnmsub.s/zeros/h2: 8 launches (die 58 -> 58 C, 0 heater)
pass 0 fadd.s/const/h2: 8 launches (die 59 -> 59 C, 0 heater)
pass 0 sltiu/random/h2: 8 launches (die 59 -> 59 C, 0 heater)
pass 0 mulh/random/h2: 8 launches (die 58 -> 58 C, 0 heater)
pass 0 neigh/1/random: 8 launches (die 58 -> 58 C, 0 heater)
pass 0 fltu.pi/random/h2: 8 launches (die 58 -> 58 C, 0 heater)
pass 0 wire/hop4/random: 8 launches (die 59 -> 59 C, 0 heater)
pass 0 fnmadd.s/random/h2: 8 launches (die 60 -> 60 C, 0 heater)
pass 0 flw.ps/const/h2: 8 launches (die 60 -> 60 C, 0 heater)
pass 0 wire/hop6/random: 8 launches (die 59 -> 59 C, 0 heater)
pass 0 fclass.s/zeros/h2: 8 launches (die 61 -> 61 C, 0 heater)
pass 0 fmin.s/random/h2: 8 launches (die 60 -> 60 C, 0 heater)
pass 0 lui/random/h2: 8 launches (die 60 -> 60 C, 0 heater)
pass 0 wire/hop4/zeros: 8 launches (die 59 -> 59 C, 0 heater)
pass 0 flt.pi/random/h2: 8 launches (die 60 -> 60 C, 0 heater)
pass 0 nop/zeros/h2: 8 launches (die 60 -> 60 C, 0 heater)
pass 0 fcvt.w.s/zeros/h2: 8 launches (die 59 -> 59 C, 0 heater)
pass 0 sra/random/h2: 8 launches (die 59 -> 59 C, 0 heater)
pass 0 divu/zeros/h2: 8 launches (die 59 -> 59 C, 0 heater)
pass 0 feqm.ps/random/h2: 8 launches (die 58 -> 58 C, 0 heater)
pass 0 fmv.w.x/random/h2: 8 launches (die 58 -> 58 C, 0 heater)
pass 0 fadd.s/random/h2: 8 launches (die 58 -> 58 C, 0 heater)
pass 0 dramrow2/rowhit/random: 8 launches (die 59 -> 59 C, 0 heater)
pass 0 fminu.pi/zeros/h2: 8 launches (die 58 -> 58 C, 0 heater)
pass 0 mulhsu/zeros/h2: 8 launches (die 59 -> 59 C, 0 heater)
pass 0 fmsub.s/random/h2: 8 launches (die 58 -> 58 C, 0 heater)
pass 0 blt_data/zeros/h2: 8 launches (die 60 -> 60 C, 0 heater)
pass 0 addiw/random/h2: 8 launches (die 58 -> 58 C, 0 heater)
pass 0 fmul.s/random/h2: 8 launches (die 58 -> 58 C, 0 heater)
pass 0 fexp.ps/const/h2: 8 launches (die 60 -> 60 C, 0 heater)
pass 0 fle.pi/zeros/h2: 8 launches (die 60 -> 60 C, 0 heater)
pass 0 fcvt.ps.pw/random/h2: 8 launches (die 59 -> 59 C, 0 heater)
pass 0 srli/random/h2: 8 launches (die 60 -> 60 C, 0 heater)
pass 0 divw/random/h2: 8 launches (die 59 -> 59 C, 0 heater)
pass 0 sd/random/h2: 8 launches (die 59 -> 59 C, 0 heater)
pass 0 fnmadd.ps/random/h2: 8 launches (die 59 -> 59 C, 0 heater)
pass 0 fadd.s/zeros/h2: 8 launches (die 62 -> 62 C, 0 heater)
pass 0 sb/random/h2: 8 launches (die 61 -> 61 C, 0 heater)
pass 0 fmulh.pi/random/h2: 8 launches (die 60 -> 60 C, 0 heater)
pass 0 fmin.ps/zeros/h2: 8 launches (die 62 -> 62 C, 0 heater)
pass 0 for.pi/random/h2: 8 launches (die 61 -> 61 C, 0 heater)
pass 0 fsgnjx.s/random/h2: 8 launches (die 61 -> 61 C, 0 heater)
pass 0 add/const/h2: 8 launches (die 61 -> 61 C, 0 heater)
pass 0 csrr_fccnb/zeros/h2: 8 launches (die 60 -> 60 C, 0 heater)
pass 0 addiw/zeros/h2: 8 launches (die 59 -> 59 C, 0 heater)
pass 0 lb/random/h2: 8 launches (die 59 -> 59 C, 0 heater)
done
