aifoundry2: 131 configurations x 1 passes, at most 22 min; host build/enercat_v2/host/enercat_host
pass 0 wire/hop5/zeros: 8 launches (die 74 -> 74 C, 0 heater)
pass 0 fcvt.w.s/zeros/h2: 8 launches (die 75 -> 75 C, 0 heater)
pass 0 flem.ps/zeros/h2: 8 launches (die 74 -> 74 C, 0 heater)
pass 0 sw/random/h2: 8 launches (die 74 -> 74 C, 0 heater)
pass 0 ld/zeros/h2: 8 launches (die 74 -> 74 C, 0 heater)
pass 0 fmin.pi/zeros/h2: 8 launches (die 74 -> 74 C, 0 heater)
pass 0 ld/random/h2: 8 launches (die 74 -> 74 C, 0 heater)
pass 0 fsw/zeros/h2: 8 launches (die 74 -> 74 C, 0 heater)
pass 0 flog.ps/zeros/h2: 8 launches (die 75 -> 75 C, 0 heater)
pass 0 fnmadd.s/random/h2: 8 launches (die 76 -> 76 C, 0 heater)
pass 0 div/zeros/h2: 8 launches (die 76 -> 76 C, 0 heater)
pass 0 fnot.pi/zeros/h2: 8 launches (die 74 -> 74 C, 0 heater)
pass 0 l1fill/stride128/zeros: 8 launches (die 75 -> 75 C, 0 heater)
pass 0 amoorl.w/zeros/h2: 8 launches (die 75 -> 75 C, 0 heater)
pass 0 fmin.ps/zeros/h2: 8 launches (die 75 -> 75 C, 0 heater)
pass 0 dramrow/stride8K/random: 8 launches (die 76 -> 76 C, 0 heater)
pass 0 amoaddg.d/random/h2: 8 launches (die 77 -> 77 C, 0 heater)
pass 0 fsub.ps/zeros/h2: 8 launches (die 75 -> 75 C, 0 heater)
pass 0 fmax.ps/zeros/h2: 8 launches (die 76 -> 76 C, 0 heater)
pass 0 fandi.pi/random/h2: 8 launches (die 76 -> 76 C, 0 heater)
pass 0 sb/zeros/h2: 8 launches (die 76 -> 76 C, 0 heater)
pass 0 fltu.pi/zeros/h2: 8 launches (die 75 -> 75 C, 0 heater)
pass 0 wire/hop6/zeros: 8 launches (die 76 -> 76 C, 0 heater)
pass 0 fmulh.pi/zeros/h2: 8 launches (die 76 -> 76 C, 0 heater)
pass 0 tload/scp/zeros: 8 launches (die 76 -> 76 C, 0 heater)
pass 0 divuw/random/h2: 8 launches (die 76 -> 76 C, 0 heater)
pass 0 fsub.s/random/h2: 8 launches (die 75 -> 75 C, 0 heater)
pass 0 fmax.pi/zeros/h2: 8 launches (die 76 -> 76 C, 0 heater)
pass 0 tstore/dram/random: 8 launches (die 76 -> 76 C, 0 heater)
pass 0 fcvt.s.w/random/h2: 8 launches (die 76 -> 76 C, 0 heater)
pass 0 fltm.ps/random/h2: 8 launches (die 77 -> 77 C, 0 heater)
pass 0 fmin.pi/random/h2: 8 launches (die 76 -> 76 C, 0 heater)
pass 0 lh/random/h2: 8 launches (die 76 -> 76 C, 0 heater)
pass 0 fadd.ps/const/h2: 8 launches (die 76 -> 76 C, 0 heater)
pass 0 fadd.pi/const/h2: 8 launches (die 77 -> 77 C, 0 heater)
pass 0 fclass.ps/zeros/h2: 8 launches (die 76 -> 76 C, 0 heater)
pass 0 mul/zeros/h2: 8 launches (die 77 -> 77 C, 0 heater)
pass 0 fmsub.s/random/h2: 8 launches (die 76 -> 76 C, 0 heater)
pass 0 fsgnjx.ps/random/h2: 8 launches (die 77 -> 77 C, 0 heater)
pass 0 fand.pi/zeros/h2: 8 launches (die 77 -> 77 C, 0 heater)
pass 0 bgeu_data/random/h2: 8 launches (die 76 -> 76 C, 0 heater)
pass 0 flem.ps/random/h2: 8 launches (die 76 -> 76 C, 0 heater)
pass 0 fxor.pi/zeros/h2: 8 launches (die 76 -> 76 C, 0 heater)
pass 0 fadd.pi/random/h2: 8 launches (die 76 -> 76 C, 0 heater)
pass 0 divu/random/h2: 8 launches (die 77 -> 77 C, 0 heater)
pass 0 lwu/random/h2: 8 launches (die 76 -> 76 C, 0 heater)
pass 0 fcvt.s.wu/random/h2: 8 launches (die 76 -> 76 C, 0 heater)
pass 0 lbu/zeros/h2: 8 launches (die 77 -> 77 C, 0 heater)
pass 0 faddi.pi/zeros/h2: 8 launches (die 76 -> 76 C, 0 heater)
pass 0 feq.pi/random/h2: 8 launches (die 76 -> 76 C, 0 heater)
pass 0 remw/zeros/h2: 8 launches (die 76 -> 76 C, 0 heater)
pass 0 divuw/zeros/h2: 8 launches (die 75 -> 75 C, 0 heater)
pass 0 jal/random/h2: 8 launches (die 75 -> 75 C, 0 heater)
pass 0 tload/dram/zeros: 8 launches (die 75 -> 75 C, 0 heater)
pass 0 sltu/random/h2: 8 launches (die 75 -> 75 C, 0 heater)
pass 0 slt/random/h2: 8 launches (die 75 -> 75 C, 0 heater)
pass 0 c.addi/random/h2: 8 launches (die 75 -> 75 C, 0 heater)
pass 0 fbci.ps/random/h2: 8 launches (die 75 -> 75 C, 0 heater)
pass 0 fsrl.pi/zeros/h2: 8 launches (die 76 -> 76 C, 0 heater)
pass 0 fsgnj.ps/random/h2: 8 launches (die 76 -> 76 C, 0 heater)
pass 0 fmax.s/random/h2: 8 launches (die 76 -> 76 C, 0 heater)
pass 0 amoaddl.d/random/h2: 8 launches (die 77 -> 77 C, 0 heater)
pass 0 bge_data/zeros/h2: 8 launches (die 76 -> 76 C, 0 heater)
pass 0 neigh/0/random: 8 launches (die 75 -> 75 C, 0 heater)
pass 0 sub/zeros/h2: 8 launches (die 75 -> 75 C, 0 heater)
pass 0 sraw/zeros/h2: 8 launches (die 75 -> 75 C, 0 heater)
pass 0 fnot.pi/random/h2: 8 launches (die 75 -> 75 C, 0 heater)
pass 0 flt.s/random/h2: 8 launches (die 76 -> 76 C, 0 heater)
pass 0 wire/hop8/zeros: 8 launches (die 76 -> 76 C, 0 heater)
pass 0 flt.s/zeros/h2: 8 launches (die 75 -> 75 C, 0 heater)
pass 0 and/zeros/h2: 8 launches (die 75 -> 75 C, 0 heater)
pass 0 amoswapl.w/zeros/h2: 8 launches (die 75 -> 75 C, 0 heater)
pass 0 fsgnjx.s/zeros/h2: 8 launches (die 75 -> 75 C, 0 heater)
pass 0 lw/zeros/h2: 8 launches (die 75 -> 75 C, 0 heater)
pass 0 fsrli.pi/zeros/h2: 8 launches (die 75 -> 75 C, 0 heater)
pass 0 divw/zeros/h2: 8 launches (die 75 -> 75 C, 0 heater)
pass 0 neigh/1/random: 8 launches (die 75 -> 75 C, 0 heater)
pass 0 flw.ps/const/h2: 8 launches (die 75 -> 75 C, 0 heater)
pass 0 sd/random/h2: 8 launches (die 75 -> 75 C, 0 heater)
pass 0 dramrow/stride1K/zeros: 8 launches (die 75 -> 75 C, 0 heater)
pass 0 srai/random/h2: 8 launches (die 75 -> 75 C, 0 heater)
pass 0 amomaxl.w/zeros/h2: 8 launches (die 75 -> 75 C, 0 heater)
pass 0 fclass.s/random/h2: 8 launches (die 75 -> 75 C, 0 heater)
pass 0 tstore/scp/zeros: 8 launches (die 75 -> 75 C, 0 heater)
pass 0 fcmovm.ps/zeros/h2: 8 launches (die 75 -> 75 C, 0 heater)
pass 0 or/zeros/h2: 8 launches (die 75 -> 75 C, 0 heater)
pass 0 fmadd.s/random/h2: 8 launches (die 75 -> 75 C, 0 heater)
pass 0 slli/zeros/h2: 8 launches (die 77 -> 77 C, 0 heater)
pass 0 fsgnjn.ps/zeros/h2: 8 launches (die 75 -> 75 C, 0 heater)
pass 0 fmadd.ps/random/h1: 8 launches (die 75 -> 75 C, 0 heater)
pass 0 or/random/h2: 8 launches (die 77 -> 77 C, 0 heater)
pass 0 flwl.ps/zeros/h2: 8 launches (die 76 -> 76 C, 0 heater)
pass 0 feqm.ps/zeros/h2: 8 launches (die 75 -> 75 C, 0 heater)
pass 0 fcvt.pw.ps/random/h2: 8 launches (die 75 -> 75 C, 0 heater)
pass 0 addi_norvc/zeros/h2: 8 launches (die 76 -> 76 C, 0 heater)
pass 0 lui/random/h2: 8 launches (die 75 -> 75 C, 0 heater)
pass 0 neigh/3/random: 8 launches (die 75 -> 75 C, 0 heater)
pass 0 bltu_data/random/h2: 8 launches (die 75 -> 75 C, 0 heater)
pass 0 mulh/zeros/h2: 8 launches (die 75 -> 75 C, 0 heater)
pass 0 fcvt.ps.pw/random/h2: 8 launches (die 75 -> 75 C, 0 heater)
pass 0 dramrow2/rowmiss/random: 8 launches (die 76 -> 76 C, 0 heater)
pass 0 amoaddg.d/zeros/h2: 8 launches (die 75 -> 75 C, 0 heater)
pass 0 divw/random/h2: 8 launches (die 75 -> 75 C, 0 heater)
pass 0 fmsub.ps/random/h2: 8 launches (die 74 -> 74 C, 0 heater)
pass 0 fsgnj.ps/zeros/h2: 8 launches (die 78 -> 78 C, 0 heater)
pass 0 remu/random/h2: 8 launches (die 76 -> 76 C, 0 heater)
pass 0 lw/random/h2: 8 launches (die 75 -> 75 C, 0 heater)
pass 0 andi/zeros/h2: 8 launches (die 75 -> 75 C, 0 heater)
pass 0 mulhu/random/h2: 8 launches (die 75 -> 75 C, 0 heater)
pass 0 fnmsub.s/zeros/h2: 8 launches (die 75 -> 75 C, 0 heater)
pass 0 bne_nottaken/random/h2: 8 launches (die 76 -> 76 C, 0 heater)
pass 0 scpline/stride64/random: 8 launches (die 75 -> 75 C, 0 heater)
pass 0 rem/zeros/h2: 8 launches (die 75 -> 75 C, 0 heater)
pass 0 fcvt.s.wu/zeros/h2: 8 launches (die 75 -> 75 C, 0 heater)
pass 0 fclass.s/zeros/h2: 8 launches (die 76 -> 76 C, 0 heater)
pass 0 fsub.ps/random/h2: 8 launches (die 75 -> 75 C, 0 heater)
pass 0 sraw/random/h2: 8 launches (die 77 -> 77 C, 0 heater)
pass 0 fcvt.w.s/random/h2: 8 launches (die 76 -> 76 C, 0 heater)
pass 0 fsgnjn.s/random/h2: 8 launches (die 76 -> 76 C, 0 heater)
pass 0 fadd.s/zeros/h2: 8 launches (die 76 -> 76 C, 0 heater)
pass 0 fmadd.ps/zeros/h2: 8 launches (die 76 -> 76 C, 0 heater)
pass 0 srl/random/h2: 8 launches (die 77 -> 77 C, 0 heater)
pass 0 flwl.ps/random/h2: 8 launches (die 76 -> 76 C, 0 heater)
pass 0 fence/zeros/h2: 8 launches (die 76 -> 76 C, 0 heater)
pass 0 mulhu/zeros/h2: 8 launches (die 75 -> 75 C, 0 heater)
pass 0 sltu/zeros/h2: 8 launches (die 75 -> 75 C, 0 heater)
pass 0 sub/random/h2: 8 launches (die 75 -> 75 C, 0 heater)
pass 0 addw/zeros/h2: 8 launches (die 75 -> 75 C, 0 heater)
pass 0 fmaxu.pi/random/h2: 8 launches (die 75 -> 75 C, 0 heater)
pass 0 lwu/zeros/h2: 8 launches (die 76 -> 76 C, 0 heater)
pass 0 sll/zeros/h2: 8 launches (die 75 -> 75 C, 0 heater)
done
