aifoundry1-c1: 131 configurations x 1 passes, at most 22 min; host build/enercat_v2/host/enercat_host
pass 0 bne_nottaken/zeros/h2: 8 launches (die 71 -> 71 C, 0 heater)
pass 0 lw/zeros/h2: 8 launches (die 69 -> 69 C, 0 heater)
pass 0 flwl.ps/random/h2: 8 launches (die 68 -> 68 C, 0 heater)
pass 0 addw/zeros/h2: 8 launches (die 68 -> 68 C, 0 heater)
pass 0 sw/zeros/h2: 8 launches (die 66 -> 66 C, 0 heater)
pass 0 fsw.ps/random/h2: 8 launches (die 65 -> 65 C, 0 heater)
pass 0 fmulhu.pi/random/h2: 8 launches (die 65 -> 65 C, 0 heater)
pass 0 mulhsu/random/h2: 8 launches (die 67 -> 67 C, 0 heater)
pass 0 bge_data/random/h2: 8 launches (die 64 -> 64 C, 0 heater)
pass 0 flt.s/random/h2: 8 launches (die 63 -> 63 C, 0 heater)
pass 0 amomaxl.w/random/h2: 8 launches (die 63 -> 63 C, 0 heater)
pass 0 feq.pi/random/h2: 8 launches (die 62 -> 62 C, 0 heater)
pass 0 remw/zeros/h2: 8 launches (die 62 -> 62 C, 0 heater)
pass 0 c.addi/random/h2: 8 launches (die 61 -> 61 C, 0 heater)
pass 0 mulw/random/h2: 8 launches (die 61 -> 61 C, 0 heater)
pass 0 lui/zeros/h2: 8 launches (die 60 -> 60 C, 0 heater)
pass 0 xori/random/h2: 8 launches (die 60 -> 60 C, 0 heater)
pass 0 div/zeros/h2: 8 launches (die 60 -> 60 C, 0 heater)
pass 0 and/zeros/h2: 8 launches (die 59 -> 59 C, 0 heater)
pass 0 fsgnjx.s/zeros/h2: 8 launches (die 59 -> 59 C, 0 heater)
pass 0 flog.ps/random/h2: 8 launches (die 60 -> 60 C, 0 heater)
pass 0 bgeu_data/random/h2: 8 launches (die 62 -> 62 C, 0 heater)
pass 0 flt.ps/random/h2: 8 launches (die 60 -> 60 C, 0 heater)
pass 0 fmax.s/random/h2: 8 launches (die 62 -> 62 C, 0 heater)
pass 0 lb/zeros/h2: 8 launches (die 62 -> 62 C, 0 heater)
pass 0 add/random/h1: 8 launches (die 61 -> 61 C, 0 heater)
pass 0 c.mv/random/h2: 8 launches (die 60 -> 60 C, 0 heater)
pass 0 dramrow2/rowmiss/random: 8 launches (die 60 -> 60 C, 0 heater)
pass 0 amoswapl.w/random/h2: 8 launches (die 59 -> 59 C, 0 heater)
pass 0 xor/random/h2: 8 launches (die 60 -> 60 C, 0 heater)
pass 0 rem/random/h2: 8 launches (die 60 -> 60 C, 0 heater)
pass 0 fsw/random/h2: 8 launches (die 59 -> 59 C, 0 heater)
pass 0 mul/zeros/h2: 8 launches (die 60 -> 60 C, 0 heater)
pass 0 fmaxu.pi/random/h2: 8 launches (die 59 -> 59 C, 0 heater)
pass 0 fround.ps/random/h2: 8 launches (die 60 -> 60 C, 0 heater)
pass 0 bgeu_data/zeros/h2: 8 launches (die 61 -> 61 C, 0 heater)
pass 0 amomaxl.w/zeros/h2: 8 launches (die 59 -> 59 C, 0 heater)
pass 0 mulhu/zeros/h2: 8 launches (die 60 -> 60 C, 0 heater)
pass 0 fbci.pi/random/h2: 8 launches (die 59 -> 59 C, 0 heater)
pass 0 sub/random/h2: 8 launches (die 59 -> 59 C, 0 heater)
pass 0 sd/zeros/h2: 8 launches (die 59 -> 59 C, 0 heater)
pass 0 fsgnj.s/zeros/h2: 8 launches (die 59 -> 59 C, 0 heater)
pass 0 fsrai.pi/random/h2: 8 launches (die 59 -> 59 C, 0 heater)
pass 0 xori/zeros/h2: 8 launches (die 60 -> 60 C, 0 heater)
pass 0 sltu/random/h2: 8 launches (die 59 -> 59 C, 0 heater)
pass 0 fence/random/h2: 8 launches (die 59 -> 59 C, 0 heater)
pass 0 l1fill/stride64/zeros: 8 launches (die 59 -> 59 C, 0 heater)
pass 0 add_norvc/random/h2: 8 launches (die 59 -> 59 C, 0 heater)
pass 0 fmadd.s/const/h2: 8 launches (die 59 -> 59 C, 0 heater)
pass 0 amoaddl.w/random/h2: 8 launches (die 60 -> 60 C, 0 heater)
pass 0 ori/random/h2: 8 launches (die 60 -> 60 C, 0 heater)
pass 0 addw/random/h2: 8 launches (die 59 -> 59 C, 0 heater)
pass 0 lh/zeros/h2: 8 launches (die 59 -> 59 C, 0 heater)
pass 0 tload/dram/random: 8 launches (die 59 -> 59 C, 0 heater)
pass 0 fclass.ps/random/h2: 8 launches (die 59 -> 59 C, 0 heater)
pass 0 srlw/random/h2: 8 launches (die 61 -> 61 C, 0 heater)
pass 0 wire/hop5/random: 8 launches (die 60 -> 60 C, 0 heater)
pass 0 flwl.ps/zeros/h2: 8 launches (die 62 -> 62 C, 0 heater)
pass 0 fmv.x.w/random/h2: 8 launches (die 60 -> 60 C, 0 heater)
pass 0 fmax.pi/random/h2: 8 launches (die 60 -> 60 C, 0 heater)
pass 0 fadd.pi/random/h2: 8 launches (die 61 -> 61 C, 0 heater)
pass 0 wire/hop3/zeros: 8 launches (die 61 -> 61 C, 0 heater)
pass 0 mulw/zeros/h2: 8 launches (die 60 -> 60 C, 0 heater)
pass 0 l1fill/stride128/zeros: 8 launches (die 59 -> 59 C, 0 heater)
pass 0 fbcx.ps/zeros/h2: 8 launches (die 60 -> 60 C, 0 heater)
pass 0 fsgnjn.s/random/h2: 8 launches (die 60 -> 60 C, 0 heater)
pass 0 lw/random/h2: 8 launches (die 60 -> 60 C, 0 heater)
pass 0 sb/zeros/h2: 8 launches (die 60 -> 60 C, 0 heater)
pass 0 fnot.pi/zeros/h2: 8 launches (die 60 -> 60 C, 0 heater)
pass 0 dramrow/stride1K/zeros: 8 launches (die 59 -> 59 C, 0 heater)
pass 0 sub/zeros/h2: 8 launches (die 59 -> 59 C, 0 heater)
pass 0 remuw/zeros/h2: 8 launches (die 59 -> 59 C, 0 heater)
pass 0 fround.ps/zeros/h2: 8 launches (die 59 -> 59 C, 0 heater)
pass 0 div/random/h2: 8 launches (die 60 -> 60 C, 0 heater)
pass 0 fmul.s/zeros/h2: 8 launches (die 59 -> 59 C, 0 heater)
pass 0 sltiu/zeros/h2: 8 launches (die 60 -> 60 C, 0 heater)
pass 0 andi/random/h2: 8 launches (die 59 -> 59 C, 0 heater)
pass 0 fcvt.pw.ps/random/h2: 8 launches (die 59 -> 59 C, 0 heater)
pass 0 fcvt.s.wu/zeros/h2: 8 launches (die 60 -> 60 C, 0 heater)
pass 0 c.li/zeros/h2: 8 launches (die 60 -> 60 C, 0 heater)
pass 0 sll/random/h2: 8 launches (die 59 -> 59 C, 0 heater)
pass 0 fmadd.ps/zeros/h2: 8 launches (die 60 -> 60 C, 0 heater)
pass 0 tstore/dram/random: 8 launches (die 61 -> 61 C, 0 heater)
pass 0 subw/random/h2: 8 launches (die 60 -> 60 C, 0 heater)
pass 0 fcmov.ps/zeros/h2: 8 launches (die 60 -> 60 C, 0 heater)
pass 0 srai/random/h2: 8 launches (die 60 -> 60 C, 0 heater)
pass 0 blt_data/random/h2: 8 launches (die 60 -> 60 C, 0 heater)
pass 0 st_stream/dram/const: 8 launches (die 59 -> 59 C, 0 heater)
pass 0 fmulhu.pi/zeros/h2: 8 launches (die 60 -> 60 C, 0 heater)
pass 0 fxor.pi/random/h2: 8 launches (die 61 -> 61 C, 0 heater)
pass 0 frcp.ps/zeros/h2: 8 launches (die 61 -> 61 C, 0 heater)
pass 0 c.addi/zeros/h2: 8 launches (die 61 -> 61 C, 0 heater)
pass 0 fbcx.ps/random/h2: 8 launches (die 60 -> 60 C, 0 heater)
pass 0 and/random/h2: 8 launches (die 60 -> 60 C, 0 heater)
pass 0 ld/random/h2: 8 launches (die 60 -> 60 C, 0 heater)
pass 0 c.add/zeros/h2: 8 launches (die 60 -> 60 C, 0 heater)
pass 0 tload/scp/zeros: 8 launches (die 59 -> 59 C, 0 heater)
pass 0 feqm.ps/zeros/h2: 8 launches (die 60 -> 60 C, 0 heater)
pass 0 l1fill/stride32/random: 8 launches (die 59 -> 59 C, 0 heater)
pass 0 fmin.ps/random/h2: 8 launches (die 60 -> 60 C, 0 heater)
pass 0 fsrli.pi/zeros/h2: 8 launches (die 61 -> 61 C, 0 heater)
pass 0 fmsub.s/zeros/h2: 8 launches (die 60 -> 60 C, 0 heater)
pass 0 fsgnj.ps/zeros/h2: 8 launches (die 61 -> 61 C, 0 heater)
pass 0 fmax.pi/zeros/h2: 8 launches (die 61 -> 61 C, 0 heater)
pass 0 frcp.ps/random/h2: 8 launches (die 60 -> 60 C, 0 heater)
pass 0 feq.ps/zeros/h2: 8 launches (die 62 -> 62 C, 0 heater)
pass 0 tload/dram/zeros: 8 launches (die 61 -> 61 C, 0 heater)
pass 0 jal/zeros/h2: 8 launches (die 60 -> 60 C, 0 heater)
pass 0 slli/random/h2: 8 launches (die 60 -> 60 C, 0 heater)
pass 0 feq.s/random/h2: 8 launches (die 60 -> 60 C, 0 heater)
pass 0 add/zeros/h2: 8 launches (die 60 -> 60 C, 0 heater)
pass 0 slli/zeros/h2: 8 launches (die 59 -> 59 C, 0 heater)
pass 0 c.add/random/h2: 8 launches (die 59 -> 59 C, 0 heater)
pass 0 fmv.x.w/zeros/h2: 8 launches (die 59 -> 59 C, 0 heater)
pass 0 scpline/stride256/zeros: 8 launches (die 59 -> 59 C, 0 heater)
pass 0 fcmov.ps/random/h2: 8 launches (die 59 -> 59 C, 0 heater)
pass 0 fexp.ps/random/h2: 8 launches (die 60 -> 60 C, 0 heater)
pass 0 flt.pi/zeros/h2: 8 launches (die 61 -> 61 C, 0 heater)
pass 0 dramrow2/rowhit/zeros: 8 launches (die 60 -> 60 C, 0 heater)
pass 0 fcvt.wu.s/random/h2: 8 launches (die 59 -> 59 C, 0 heater)
pass 0 fandi.pi/random/h2: 8 launches (die 59 -> 59 C, 0 heater)
pass 0 l1fill/stride64/random: 8 launches (die 60 -> 60 C, 0 heater)
pass 0 fmadd.ps/const/h2: 8 launches (die 60 -> 60 C, 0 heater)
pass 0 fpackrepb.pi/zeros/h2: 8 launches (die 61 -> 61 C, 0 heater)
pass 0 sh/random/h2: 8 launches (die 60 -> 60 C, 0 heater)
pass 0 ld/zeros/h2: 8 launches (die 60 -> 60 C, 0 heater)
pass 0 fsub.s/random/h2: 8 launches (die 60 -> 60 C, 0 heater)
pass 0 scpline/stride64/zeros: 8 launches (die 61 -> 61 C, 0 heater)
pass 0 fmul.ps/random/h2: 8 launches (die 60 -> 60 C, 0 heater)
pass 0 tload/scp/random: 8 launches (die 62 -> 62 C, 0 heater)
pass 0 dramrow/stride8K/random: 8 launches (die 62 -> 62 C, 0 heater)
done
