PCIE {"t_ms":1790726399684,"test":"open","open_ns":134073518,"src":"PCIEBENCH_SRC_SHA256 main=27b7ed06330c4bae26cd24be189cdac0d67432cb52b1e8c7fca1116abda1aa5f args=8ae69bd7d46097957b638ff4c6630eb3e66d3cb0654b77d3bf55f3336c61c508 touch=92180a93c6dae0a1dce8c379156f827bd6588115777499dc45e64bf606b46ec0","link":[{"bdf":"0000:02:00.0","speed":"16.0 GT/s PCIe","width":"8","max_speed":"16.0 GT/s PCIe","max_width":"8","cma_allocated":"2057 MB"}]}
PCIE {"t_ms":1790726399799,"test":"conc","trial":0,"copy":"dma","cfg":"h2d/ser","legs":1,"bytes_per_leg":134217728,"leg_ns":[10967578],"wall_ns":10997376,"stream_errors":0,"mb":64,"cmds_per_leg":2,"elements":0}
PCIE {"t_ms":1790726399820,"test":"conc","trial":0,"copy":"dma","cfg":"2xh2d/ser","legs":2,"bytes_per_leg":134217728,"leg_ns":[16195772,21464947],"wall_ns":21480654,"stream_errors":0,"mb":64,"cmds_per_leg":2,"elements":0}
PCIE {"t_ms":1790726399834,"test":"conc","trial":0,"copy":"dma","cfg":"d2h/ser","legs":1,"bytes_per_leg":134217728,"leg_ns":[13418093],"wall_ns":13431907,"stream_errors":0,"mb":64,"cmds_per_leg":2,"elements":0}
PCIE {"t_ms":1790726399855,"test":"conc","trial":0,"copy":"dma","cfg":"h2d","legs":1,"bytes_per_leg":134217728,"leg_ns":[21896404],"wall_ns":21909434,"stream_errors":0,"mb":64,"cmds_per_leg":2,"elements":0}
PCIE {"t_ms":1790726399868,"test":"conc","trial":0,"copy":"dma","cfg":"d2h","legs":1,"bytes_per_leg":134217728,"leg_ns":[12082220],"wall_ns":12102398,"stream_errors":0,"mb":64,"cmds_per_leg":2,"elements":0}
PCIE {"t_ms":1790726399889,"test":"conc","trial":1,"copy":"dma","cfg":"2xh2d/ser","legs":2,"bytes_per_leg":134217728,"leg_ns":[16245401,21538346],"wall_ns":21551659,"stream_errors":0,"mb":64,"cmds_per_leg":2,"elements":0}
PCIE {"t_ms":1790726399903,"test":"conc","trial":1,"copy":"dma","cfg":"d2h/ser","legs":1,"bytes_per_leg":134217728,"leg_ns":[13361868],"wall_ns":13375455,"stream_errors":0,"mb":64,"cmds_per_leg":2,"elements":0}
PCIE {"t_ms":1790726399924,"test":"conc","trial":1,"copy":"dma","cfg":"h2d","legs":1,"bytes_per_leg":134217728,"leg_ns":[21817454],"wall_ns":21830674,"stream_errors":0,"mb":64,"cmds_per_leg":2,"elements":0}
PCIE {"t_ms":1790726399936,"test":"conc","trial":1,"copy":"dma","cfg":"d2h","legs":1,"bytes_per_leg":134217728,"leg_ns":[12053363],"wall_ns":12067475,"stream_errors":0,"mb":64,"cmds_per_leg":2,"elements":0}
PCIE {"t_ms":1790726399947,"test":"conc","trial":1,"copy":"dma","cfg":"h2d/ser","legs":1,"bytes_per_leg":134217728,"leg_ns":[10788773],"wall_ns":10801831,"stream_errors":0,"mb":64,"cmds_per_leg":2,"elements":0}
PCIE {"t_ms":1790726399969,"test":"conc","trial":2,"copy":"dma","cfg":"2xh2d/ser","legs":2,"bytes_per_leg":134217728,"leg_ns":[16194662,21516471],"wall_ns":21530245,"stream_errors":0,"mb":64,"cmds_per_leg":2,"elements":0}
PCIE {"t_ms":1790726399991,"test":"conc","trial":2,"copy":"dma","cfg":"h2d","legs":1,"bytes_per_leg":134217728,"leg_ns":[22056687],"wall_ns":22070237,"stream_errors":0,"mb":64,"cmds_per_leg":2,"elements":0}
PCIE {"t_ms":1790726400002,"test":"conc","trial":2,"copy":"dma","cfg":"h2d/ser","legs":1,"bytes_per_leg":134217728,"leg_ns":[10896765],"wall_ns":10910332,"stream_errors":0,"mb":64,"cmds_per_leg":2,"elements":0}
PCIE {"t_ms":1790726400015,"test":"conc","trial":2,"copy":"dma","cfg":"d2h/ser","legs":1,"bytes_per_leg":134217728,"leg_ns":[13316627],"wall_ns":13330336,"stream_errors":0,"mb":64,"cmds_per_leg":2,"elements":0}
PCIE {"t_ms":1790726400027,"test":"conc","trial":2,"copy":"dma","cfg":"d2h","legs":1,"bytes_per_leg":134217728,"leg_ns":[11900851],"wall_ns":11915026,"stream_errors":0,"mb":64,"cmds_per_leg":2,"elements":0}
PCIE {"t_ms":1790726400040,"test":"conc","trial":3,"copy":"dma","cfg":"d2h/ser","legs":1,"bytes_per_leg":134217728,"leg_ns":[13077194],"wall_ns":13090668,"stream_errors":0,"mb":64,"cmds_per_leg":2,"elements":0}
PCIE {"t_ms":1790726400051,"test":"conc","trial":3,"copy":"dma","cfg":"h2d/ser","legs":1,"bytes_per_leg":134217728,"leg_ns":[10882855],"wall_ns":10896112,"stream_errors":0,"mb":64,"cmds_per_leg":2,"elements":0}
PCIE {"t_ms":1790726400072,"test":"conc","trial":3,"copy":"dma","cfg":"2xh2d/ser","legs":2,"bytes_per_leg":134217728,"leg_ns":[16096579,21386933],"wall_ns":21400176,"stream_errors":0,"mb":64,"cmds_per_leg":2,"elements":0}
PCIE {"t_ms":1790726400085,"test":"conc","trial":3,"copy":"dma","cfg":"d2h","legs":1,"bytes_per_leg":134217728,"leg_ns":[12147462],"wall_ns":12163653,"stream_errors":0,"mb":64,"cmds_per_leg":2,"elements":0}
PCIE {"t_ms":1790726400107,"test":"conc","trial":3,"copy":"dma","cfg":"h2d","legs":1,"bytes_per_leg":134217728,"leg_ns":[21923975],"wall_ns":21937333,"stream_errors":0,"mb":64,"cmds_per_leg":2,"elements":0}
PCIE {"t_ms":1790726400119,"test":"conc","trial":4,"copy":"dma","cfg":"d2h","legs":1,"bytes_per_leg":134217728,"leg_ns":[12123454],"wall_ns":12137279,"stream_errors":0,"mb":64,"cmds_per_leg":2,"elements":0}
PCIE {"t_ms":1790726400140,"test":"conc","trial":4,"copy":"dma","cfg":"2xh2d/ser","legs":2,"bytes_per_leg":134217728,"leg_ns":[16141961,21405928],"wall_ns":21419268,"stream_errors":0,"mb":64,"cmds_per_leg":2,"elements":0}
PCIE {"t_ms":1790726400151,"test":"conc","trial":4,"copy":"dma","cfg":"h2d/ser","legs":1,"bytes_per_leg":134217728,"leg_ns":[10814194],"wall_ns":10827402,"stream_errors":0,"mb":64,"cmds_per_leg":2,"elements":0}
PCIE {"t_ms":1790726400173,"test":"conc","trial":4,"copy":"dma","cfg":"h2d","legs":1,"bytes_per_leg":134217728,"leg_ns":[21988331],"wall_ns":22001396,"stream_errors":0,"mb":64,"cmds_per_leg":2,"elements":0}
PCIE {"t_ms":1790726400186,"test":"conc","trial":4,"copy":"dma","cfg":"d2h/ser","legs":1,"bytes_per_leg":134217728,"leg_ns":[13317644],"wall_ns":13330711,"stream_errors":0,"mb":64,"cmds_per_leg":2,"elements":0}
PCIE {"t_ms":1790726400197,"test":"conc","trial":5,"copy":"dma","cfg":"h2d/ser","legs":1,"bytes_per_leg":134217728,"leg_ns":[10903633],"wall_ns":10916472,"stream_errors":0,"mb":64,"cmds_per_leg":2,"elements":0}
PCIE {"t_ms":1790726400211,"test":"conc","trial":5,"copy":"dma","cfg":"d2h/ser","legs":1,"bytes_per_leg":134217728,"leg_ns":[13298191],"wall_ns":13312175,"stream_errors":0,"mb":64,"cmds_per_leg":2,"elements":0}
PCIE {"t_ms":1790726400222,"test":"conc","trial":5,"copy":"dma","cfg":"d2h","legs":1,"bytes_per_leg":134217728,"leg_ns":[11920018],"wall_ns":11933079,"stream_errors":0,"mb":64,"cmds_per_leg":2,"elements":0}
PCIE {"t_ms":1790726400245,"test":"conc","trial":5,"copy":"dma","cfg":"h2d","legs":1,"bytes_per_leg":134217728,"leg_ns":[22154911],"wall_ns":22168186,"stream_errors":0,"mb":64,"cmds_per_leg":2,"elements":0}
PCIE {"t_ms":1790726400266,"test":"conc","trial":5,"copy":"dma","cfg":"2xh2d/ser","legs":2,"bytes_per_leg":134217728,"leg_ns":[16125969,21473091],"wall_ns":21486555,"stream_errors":0,"mb":64,"cmds_per_leg":2,"elements":0}
PCIE {"t_ms":1790726400280,"test":"conc","trial":6,"copy":"dma","cfg":"d2h/ser","legs":1,"bytes_per_leg":134217728,"leg_ns":[13325193],"wall_ns":13337946,"stream_errors":0,"mb":64,"cmds_per_leg":2,"elements":0}
PCIE {"t_ms":1790726400290,"test":"conc","trial":6,"copy":"dma","cfg":"h2d/ser","legs":1,"bytes_per_leg":134217728,"leg_ns":[10853092],"wall_ns":10867124,"stream_errors":0,"mb":64,"cmds_per_leg":2,"elements":0}
PCIE {"t_ms":1790726400312,"test":"conc","trial":6,"copy":"dma","cfg":"2xh2d/ser","legs":2,"bytes_per_leg":134217728,"leg_ns":[16134600,21429072],"wall_ns":21442599,"stream_errors":0,"mb":64,"cmds_per_leg":2,"elements":0}
PCIE {"t_ms":1790726400324,"test":"conc","trial":6,"copy":"dma","cfg":"d2h","legs":1,"bytes_per_leg":134217728,"leg_ns":[12088973],"wall_ns":12107644,"stream_errors":0,"mb":64,"cmds_per_leg":2,"elements":0}
PCIE {"t_ms":1790726400346,"test":"conc","trial":6,"copy":"dma","cfg":"h2d","legs":1,"bytes_per_leg":134217728,"leg_ns":[21916110],"wall_ns":21930139,"stream_errors":0,"mb":64,"cmds_per_leg":2,"elements":0}
PCIE {"t_ms":1790726400357,"test":"conc","trial":7,"copy":"dma","cfg":"h2d/ser","legs":1,"bytes_per_leg":134217728,"leg_ns":[10952639],"wall_ns":10971732,"stream_errors":0,"mb":64,"cmds_per_leg":2,"elements":0}
PCIE {"t_ms":1790726400370,"test":"conc","trial":7,"copy":"dma","cfg":"d2h/ser","legs":1,"bytes_per_leg":134217728,"leg_ns":[13441454],"wall_ns":13461278,"stream_errors":0,"mb":64,"cmds_per_leg":2,"elements":0}
PCIE {"t_ms":1790726400382,"test":"conc","trial":7,"copy":"dma","cfg":"d2h","legs":1,"bytes_per_leg":134217728,"leg_ns":[12033149],"wall_ns":12047245,"stream_errors":0,"mb":64,"cmds_per_leg":2,"elements":0}
PCIE {"t_ms":1790726400404,"test":"conc","trial":7,"copy":"dma","cfg":"2xh2d/ser","legs":2,"bytes_per_leg":134217728,"leg_ns":[16173894,21442910],"wall_ns":21463670,"stream_errors":0,"mb":64,"cmds_per_leg":2,"elements":0}
PCIE {"t_ms":1790726400426,"test":"conc","trial":7,"copy":"dma","cfg":"h2d","legs":1,"bytes_per_leg":134217728,"leg_ns":[21988282],"wall_ns":22001779,"stream_errors":0,"mb":64,"cmds_per_leg":2,"elements":0}
PCIE {"t_ms":1790726400437,"test":"conc","trial":8,"copy":"dma","cfg":"h2d/ser","legs":1,"bytes_per_leg":134217728,"leg_ns":[10861932],"wall_ns":10875661,"stream_errors":0,"mb":64,"cmds_per_leg":2,"elements":0}
PCIE {"t_ms":1790726400458,"test":"conc","trial":8,"copy":"dma","cfg":"2xh2d/ser","legs":2,"bytes_per_leg":134217728,"leg_ns":[16186089,21498243],"wall_ns":21511631,"stream_errors":0,"mb":64,"cmds_per_leg":2,"elements":0}
PCIE {"t_ms":1790726400480,"test":"conc","trial":8,"copy":"dma","cfg":"h2d","legs":1,"bytes_per_leg":134217728,"leg_ns":[22090848],"wall_ns":22104096,"stream_errors":0,"mb":64,"cmds_per_leg":2,"elements":0}
PCIE {"t_ms":1790726400493,"test":"conc","trial":8,"copy":"dma","cfg":"d2h","legs":1,"bytes_per_leg":134217728,"leg_ns":[12102360],"wall_ns":12115772,"stream_errors":0,"mb":64,"cmds_per_leg":2,"elements":0}
PCIE {"t_ms":1790726400506,"test":"conc","trial":8,"copy":"dma","cfg":"d2h/ser","legs":1,"bytes_per_leg":134217728,"leg_ns":[13011113],"wall_ns":13024248,"stream_errors":0,"mb":64,"cmds_per_leg":2,"elements":0}
PCIE {"t_ms":1790726400511,"test":"done","which":"conc","elapsed_s":0.961415}
