aifoundry2: 131 configurations x 1 passes, at most 22 min; host build/enercat_v2/host/enercat_host
pass 0 mulw/random/h2: 8 launches (die 73 -> 73 C, 0 heater)
pass 0 fadd.ps/const/h2: 8 launches (die 73 -> 73 C, 0 heater)
pass 0 fcvt.pw.ps/zeros/h2: 8 launches (die 74 -> 74 C, 0 heater)
pass 0 fxor.pi/random/h2: 8 launches (die 74 -> 74 C, 0 heater)
pass 0 lw/zeros/h2: 8 launches (die 74 -> 74 C, 0 heater)
pass 0 fsgnj.s/random/h2: 8 launches (die 73 -> 73 C, 0 heater)
pass 0 for.pi/zeros/h2: 8 launches (die 74 -> 74 C, 0 heater)
pass 0 lui/zeros/h2: 8 launches (die 74 -> 74 C, 0 heater)
pass 0 fnmadd.ps/random/h2: 8 launches (die 73 -> 73 C, 0 heater)
pass 0 c.mv/random/h2: 8 launches (die 76 -> 76 C, 0 heater)
pass 0 fsgnj.ps/zeros/h2: 8 launches (die 74 -> 74 C, 0 heater)
pass 0 fmulh.pi/zeros/h2: 8 launches (die 74 -> 74 C, 0 heater)
pass 0 spin/zeros/h2: 8 launches (die 74 -> 74 C, 0 heater)
pass 0 slli/zeros/h2: 8 launches (die 73 -> 73 C, 0 heater)
pass 0 fmul.pi/const/h2: 8 launches (die 73 -> 73 C, 0 heater)
pass 0 fsgnjx.s/random/h2: 8 launches (die 74 -> 74 C, 0 heater)
pass 0 addi_norvc/zeros/h2: 8 launches (die 74 -> 74 C, 0 heater)
pass 0 fexp.ps/zeros/h2: 8 launches (die 73 -> 73 C, 0 heater)
pass 0 fswl.ps/zeros/h2: 8 launches (die 74 -> 74 C, 0 heater)
pass 0 ori/zeros/h2: 8 launches (die 73 -> 73 C, 0 heater)
pass 0 faddi.pi/random/h2: 8 launches (die 73 -> 73 C, 0 heater)
pass 0 spin/zeros/h1: 8 launches (die 74 -> 74 C, 0 heater)
pass 0 bge_data/random/h2: 8 launches (die 73 -> 73 C, 0 heater)
pass 0 amomaxl.w/zeros/h2: 8 launches (die 72 -> 72 C, 0 heater)
pass 0 fbci.ps/zeros/h2: 8 launches (die 73 -> 73 C, 0 heater)
pass 0 divw/zeros/h2: 8 launches (die 73 -> 73 C, 0 heater)
pass 0 wire/hop5/zeros: 8 launches (die 72 -> 72 C, 0 heater)
pass 0 subw/random/h2: 8 launches (die 73 -> 73 C, 0 heater)
pass 0 remw/zeros/h2: 8 launches (die 72 -> 72 C, 0 heater)
pass 0 feqm.ps/zeros/h2: 8 launches (die 72 -> 72 C, 0 heater)
pass 0 xor/zeros/h2: 8 launches (die 72 -> 72 C, 0 heater)
pass 0 fmsub.ps/random/h2: 8 launches (die 72 -> 72 C, 0 heater)
pass 0 dramrow2/rowmiss/random: 8 launches (die 75 -> 75 C, 0 heater)
pass 0 wire/hop6/zeros: 8 launches (die 72 -> 72 C, 0 heater)
pass 0 nop/random/h2: 8 launches (die 73 -> 73 C, 0 heater)
pass 0 sb/random/h2: 8 launches (die 72 -> 72 C, 0 heater)
pass 0 st_stream/dram/random: 8 launches (die 72 -> 72 C, 0 heater)
pass 0 mul/zeros/h2: 8 launches (die 72 -> 72 C, 0 heater)
pass 0 fadd.ps/random/h2: 8 launches (die 72 -> 72 C, 0 heater)
pass 0 fsgnjn.s/zeros/h2: 8 launches (die 74 -> 74 C, 0 heater)
pass 0 c.add/random/h2: 8 launches (die 73 -> 73 C, 0 heater)
pass 0 fnmsub.s/zeros/h2: 8 launches (die 72 -> 72 C, 0 heater)
pass 0 fmv.x.w/random/h2: 8 launches (die 73 -> 73 C, 0 heater)
pass 0 fle.ps/zeros/h2: 8 launches (die 72 -> 72 C, 0 heater)
pass 0 sw/random/h2: 8 launches (die 73 -> 73 C, 0 heater)
pass 0 ld/zeros/h2: 8 launches (die 73 -> 73 C, 0 heater)
pass 0 sltu/random/h2: 8 launches (die 73 -> 73 C, 0 heater)
pass 0 fsgnj.s/zeros/h2: 8 launches (die 72 -> 72 C, 0 heater)
pass 0 fpackrepb.pi/random/h2: 8 launches (die 73 -> 73 C, 0 heater)
pass 0 sw/zeros/h2: 8 launches (die 73 -> 73 C, 0 heater)
pass 0 fsrai.pi/random/h2: 8 launches (die 72 -> 72 C, 0 heater)
pass 0 tstore/dram/random: 8 launches (die 73 -> 73 C, 0 heater)
pass 0 fcmovm.ps/zeros/h2: 8 launches (die 73 -> 73 C, 0 heater)
pass 0 add/random/h2: 8 launches (die 73 -> 73 C, 0 heater)
pass 0 fmin.ps/random/h2: 8 launches (die 72 -> 72 C, 0 heater)
pass 0 lui/random/h2: 8 launches (die 74 -> 74 C, 0 heater)
pass 0 lh/zeros/h2: 8 launches (die 72 -> 72 C, 0 heater)
pass 0 faddi.pi/zeros/h2: 8 launches (die 72 -> 72 C, 0 heater)
pass 0 subw/zeros/h2: 8 launches (die 73 -> 73 C, 0 heater)
pass 0 fexp.ps/const/h2: 8 launches (die 72 -> 72 C, 0 heater)
pass 0 sub/random/h2: 8 launches (die 73 -> 73 C, 0 heater)
pass 0 srlw/zeros/h2: 8 launches (die 72 -> 72 C, 0 heater)
pass 0 l1fill/stride128/zeros: 8 launches (die 72 -> 72 C, 0 heater)
pass 0 fexp.ps/random/h1: 8 launches (die 72 -> 72 C, 0 heater)
pass 0 flog.ps/random/h2: 8 launches (die 74 -> 74 C, 0 heater)
pass 0 add/const/h2: 8 launches (die 76 -> 76 C, 0 heater)
pass 0 mulhu/zeros/h2: 8 launches (die 73 -> 73 C, 0 heater)
pass 0 fbcx.ps/random/h2: 8 launches (die 72 -> 72 C, 0 heater)
pass 0 fsrli.pi/random/h2: 8 launches (die 73 -> 73 C, 0 heater)
pass 0 fcmov.ps/zeros/h2: 8 launches (die 73 -> 73 C, 0 heater)
pass 0 lhu/zeros/h2: 8 launches (die 73 -> 73 C, 0 heater)
pass 0 add_norvc/random/h2: 8 launches (die 73 -> 73 C, 0 heater)
pass 0 addi/zeros/h2: 8 launches (die 73 -> 73 C, 0 heater)
pass 0 divuw/random/h2: 8 launches (die 72 -> 72 C, 0 heater)
pass 0 tload/scp/const: 8 launches (die 72 -> 72 C, 0 heater)
pass 0 tload/dram/random: 8 launches (die 73 -> 73 C, 0 heater)
pass 0 addiw/random/h2: 8 launches (die 72 -> 72 C, 0 heater)
pass 0 dramrow/stride1K/zeros: 8 launches (die 72 -> 72 C, 0 heater)
pass 0 fsgnjn.ps/random/h2: 8 launches (die 72 -> 72 C, 0 heater)
pass 0 ori/random/h2: 8 launches (die 73 -> 73 C, 0 heater)
pass 0 fltm.ps/random/h2: 8 launches (die 72 -> 72 C, 0 heater)
pass 0 or/zeros/h2: 8 launches (die 72 -> 72 C, 0 heater)
pass 0 tstore/scp/zeros: 8 launches (die 72 -> 72 C, 0 heater)
pass 0 fswizz.ps/zeros/h2: 8 launches (die 72 -> 72 C, 0 heater)
pass 0 wire/hop5/random: 8 launches (die 72 -> 72 C, 0 heater)
pass 0 or/random/h2: 8 launches (die 74 -> 74 C, 0 heater)
pass 0 amoorl.w/random/h2: 8 launches (die 72 -> 72 C, 0 heater)
pass 0 fle.ps/random/h2: 8 launches (die 72 -> 72 C, 0 heater)
pass 0 srl/zeros/h2: 8 launches (die 74 -> 74 C, 0 heater)
pass 0 sll/zeros/h2: 8 launches (die 72 -> 72 C, 0 heater)
pass 0 fsll.pi/zeros/h2: 8 launches (die 72 -> 72 C, 0 heater)
pass 0 feq.pi/zeros/h2: 8 launches (die 72 -> 72 C, 0 heater)
pass 0 sllw/random/h2: 8 launches (die 72 -> 72 C, 0 heater)
pass 0 fswizz.ps/random/h2: 8 launches (die 72 -> 72 C, 0 heater)
pass 0 scpline/stride64/random: 8 launches (die 72 -> 72 C, 0 heater)
pass 0 csrr_fccnb/zeros/h2: 8 launches (die 72 -> 72 C, 0 heater)
pass 0 l1fill/stride32/random: 8 launches (die 72 -> 72 C, 0 heater)
pass 0 fadd.pi/const/h2: 8 launches (die 72 -> 72 C, 0 heater)
pass 0 fadd.s/random/h2: 8 launches (die 72 -> 72 C, 0 heater)
pass 0 fsgnjn.s/random/h2: 8 launches (die 73 -> 73 C, 0 heater)
pass 0 amoorl.w/zeros/h2: 8 launches (die 72 -> 72 C, 0 heater)
pass 0 tstore/dram/zeros: 8 launches (die 72 -> 72 C, 0 heater)
pass 0 tload/scp/random: 8 launches (die 72 -> 72 C, 0 heater)
pass 0 auipc/random/h2: 8 launches (die 73 -> 73 C, 0 heater)
pass 0 amoaddl.d/zeros/h2: 8 launches (die 72 -> 72 C, 0 heater)
pass 0 fmul.pi/zeros/h2: 8 launches (die 72 -> 72 C, 0 heater)
pass 0 fand.pi/random/h2: 8 launches (die 73 -> 73 C, 0 heater)
pass 0 fmadd.ps/random/h2: 8 launches (die 73 -> 73 C, 0 heater)
pass 0 jal/random/h2: 8 launches (die 75 -> 75 C, 0 heater)
pass 0 scpline/stride256/zeros: 8 launches (die 72 -> 72 C, 0 heater)
pass 0 fsub.s/zeros/h2: 8 launches (die 72 -> 72 C, 0 heater)
pass 0 remu/random/h2: 8 launches (die 73 -> 73 C, 0 heater)
pass 0 sd/zeros/h2: 8 launches (die 72 -> 72 C, 0 heater)
pass 0 dramrow2/seq/random: 8 launches (die 72 -> 72 C, 0 heater)
pass 0 fcmov.ps/random/h2: 8 launches (die 72 -> 72 C, 0 heater)
pass 0 feq.ps/random/h2: 8 launches (die 73 -> 73 C, 0 heater)
pass 0 fsub.s/random/h2: 8 launches (die 74 -> 74 C, 0 heater)
pass 0 st_stream/dram/zeros: 8 launches (die 74 -> 74 C, 0 heater)
pass 0 dramrow2/rowhit/zeros: 8 launches (die 73 -> 73 C, 0 heater)
pass 0 fmul.s/zeros/h2: 8 launches (die 72 -> 72 C, 0 heater)
pass 0 bltu_data/random/h2: 8 launches (die 73 -> 73 C, 0 heater)
pass 0 fcvt.ps.pw/zeros/h2: 8 launches (die 72 -> 72 C, 0 heater)
pass 0 fmax.ps/random/h2: 8 launches (die 73 -> 73 C, 0 heater)
pass 0 fbci.pi/zeros/h2: 8 launches (die 75 -> 75 C, 0 heater)
pass 0 lwu/zeros/h2: 8 launches (die 73 -> 73 C, 0 heater)
pass 0 fsrl.pi/random/h2: 8 launches (die 73 -> 73 C, 0 heater)
pass 0 fnmadd.s/random/h2: 8 launches (die 73 -> 73 C, 0 heater)
pass 0 flw/zeros/h2: 8 launches (die 74 -> 74 C, 0 heater)
pass 0 tstore/scp/random: 8 launches (die 73 -> 73 C, 0 heater)
pass 0 bltu_data/zeros/h2: 8 launches (die 74 -> 74 C, 0 heater)
pass 0 xor/random/h2: 8 launches (die 72 -> 72 C, 0 heater)
done
