sparseparity tensor n=512 k=4 eta=0.3 m=448 seed=1 S=7 candidates=2829877120 tiles=1381776 plan: built-in shires=0xffffffff per_shire=32 slice=0/1 [0,1381776) ops=81989040 model=0.0726357 s est=0.0726357 s stage=scp nbuf=2 device=silicon
LOGGER NOT INITIALIZED:
		ET [DEVICE_LAYER][TH:129620176658048]: 
PCIe target:                                               /dev/et0_mgmt       
SP VQ Maximum message size (B):                            1760                 (0x6e0)

PCIe target:                                               /dev/et0_ops        
DRAM base:                                                 549848092672         (0x8005801000)
DRAM size (B):                                             34265366528          (0x7fa600000)
DRAM alignment (bits):                                     64                  
MM SQ count:                                               2                    (0x2)
MM VQ Maximum message size (B):                            1056                 (0x420)
P2P compatibility bitmap:                                  0                    (0x0)
PCIBUS device name:                                        0000:02:00.0        
Physical device ID:                                        0                    (0x0)
Form Factor:                                               PCIE                 (0x0)
TDP (W):                                                   65                  
Minion boot frequency (MHz):                               600                 
L3 size (KB):                                              32768                (0x8000)
L2 size (KB):                                              16384                (0x4000)
Scratch pad size (KB):                                     81920                (0x14000)
Cache line size (B):                                       64                   (0x40)
Number of L2 Banks:                                        4                   
DDR Bandwidth (MB/s):                                      128000              
Spare shire ID:                                            32                  
Architecture revision:                                     ETSOC1               (0x0)
CM active shire mask:                                      4294967295           (0xffffffff)
Scratchpad base address in format 0:                       2147483648           (0x80000000)
Scratchpad base address in format 1:                       3221225472           (0xc0000000)
Scratchpad base address in format 2:                       18446744073709551615 (0xffffffffffffffff)
Local DDR base address:                                    549848092672         (0x8005801000)
Chiplet DDR base address:                                  549848092672         (0x8005801000)
Interleaved DDR base address:                              18446744073709551615 (0xffffffffffffffff)
Single chiplet DDR size:                                   34265366528         
Address alignment bits:                                    64                  
First shire bit in scratchpad address in format 0:         23                  
Number of shire bits in scratchpad address in format 0:    7                   
Local shire encoding in scratchpad address in format 0:    127                 
First shire bit in scratchpad address in format 1:         6                   
Number of shire bits in scratchpad address in format 1:    5                   
First shire bit in scratchpad address in format 2:         255                 
Number of shire bits in scratchpad address in format 2:    255                 
First chiplet bit in scratchpad address in format 2:       255                 
Number of chiplet bits in scratchpad address in format 2:  255                 
First chiplet bit in chiplet DDR address:                  255                 
Number of chiplet bits in chiplet DDR address:             255                 
First chiplet bit in interleaved chiplet DDR address:      255                 
Number of chiplet bits in interleaved chiplet DDR address: 255                 

device open 0.180167 s, load+copy-in 0.00121215 s, held 0.386926 s
{"workload":"sparseparity","device":"silicon","mode":"tensor","flags":{"dump":false,"two_hart":false,"nowait_a":false,"timing_only":false},"instance":{"n":512,"k":4,"eta":0.3,"m":448,"seed":1,"hash":"3baa25232f7d4932","secret":[9,216,281,366],"source":"generated"},"geometry":{"S":7,"nJ":32,"rows":22108415,"row_tiles":1381776,"work_tiles":1381776,"candidates":2829877120},"plan":{"shires":"0xffffffff","per_shire":32,"minions":1024,"busy_minions":1024,"rounds":4,"slice":"0/1","tiles":[0,1381776],"blocks":4096,"source":"built-in","coverage":"full","perturb":"","candidates":2829877120,"ops":81989040,"ops_max":81991,"model_s":0.0726357,"est_s":0.0726357,"model_imbalance":1.00325,"stage":"scp","nbuf":2,"scp_layout_kb":928,"scp_kb_assumed":2560,"scp_kb_device":2560,"timeout_s":2,"poll_limit":1142857},"open_s":0.180167,"setup_s":0.00121215,"launch_s":[0.204504],"reps_requested":1,"reps_done":1,"reps_consistent":"ok","stop_reason":"","device_held_s":0.386926,"kernel":{"cycles_max":122502110,"cycles_median":7.49231e+07,"copy_cycles_max":7700,"wait_cycles_max":51279876,"gen_polls_max":50982,"ops_busiest":74522,"cycles_per_op_busiest":1643.84,"clock_mhz_est":599.019},"result":{"best_c":168,"best_rank":739161594,"answer":[9,216,281,366],"unique":true,"harts_at_best":1,"harts_flagging_tie":0,"solved":true,"rescored_c":168,"sum_c":"-348504","sum_c2_mod64":"1267732154208","count":2829877120},"checks":{"records":"ok","count":"ok","sum_c":"ok","sum_c2":"ok","closed_form_sum_c":"-348504","closed_form_sum_c2":"1267732154208","best_rescore":"ok","oracle":"exact, 17 of 1024 minions (sampled)","oracle_mode":"sample","value_checked":true,"dump":"n/a","launch":"ok"},"problems":[],"launch_error":"","process_s":1.08267,"status":"PASS"}
