aifoundry2: 159 configurations x 1 passes, at most 7 min; host build/enercat_gs/host/enercat_host
pass 0 gs/CE/fscw.ps/scp-16K/unit/random/h2/mff/n1024: 1 launches
pass 0 gs/CR/fgw.ps/dram-512B/s16/random/h1/mff/nM1: 1 launches
pass 0 gs/CE/fgw.ps/dram-256K/s16/random/h2/mff/n1024: 1 launches
pass 0 gs/CE/fsc32w.ps/dram-4K/rand/random/h2/mff/n1024: 1 launches
pass 0 gs/CE/fgw.ps/rscp-16K/unit/random/h2/mff/n1024: 1 launches
pass 0 gs/CE/fsc32w.ps/dram-512B/rand/random/h2/mff/n1024: 1 launches
pass 0 gs/CE/fgw.ps/dram-512B/s2/random/h2/mff/n1024: 1 launches
pass 0 gs/CE/flw/scp-16K/rand/random/h2/mff/n1024: 1 launches
pass 0 gs/CR/fscw.ps/scp-16K/rand/random/h1/mff/nM1: 1 launches
pass 0 gs/CR/fscw.ps/dram-256K/rand/random/h2/mff/nX32: 1 launches
pass 0 gs/CE/amoaddg.w/chip-8M/rand/zeros/h2/mff/n1024: 1 launches
pass 0 gs/CR/fgw.ps/dram-256K/rand/random/h1/mff/nM1: 1 launches
pass 0 gs/CE/famoaddl.pi/dram-512B/bcast/zeros/h2/mff/n1024: 1 launches
pass 0 gs/CE/fgw.ps/dram-512B/bcast/random/h2/mff/n1024: 1 launches
pass 0 gs/CE/fsw/scp-16K/rand/random/h2/mff/n1024: 1 launches
pass 0 gs/CE/fgw.ps/dram-256K/rand/random/h2/mff/n1024: 1 launches
pass 0 gs/CP/probe/dram-4K/rand/random/h2/mff/n1024: 1 launches
pass 0 gs/CR/famoaddg.pi/chip-8M/rand/zeros/h2/mff/nS32: 1 launches
pass 0 gs/CR/fgwl.ps/dram-4K/rand/random/h1/mff/nM1: 1 launches
pass 0 gs/CE/fscb.ps/dram-512B/rand/random/h2/mff/n1024: 1 launches
pass 0 gs/CR/fgw.ps/dram-512B/unit/random/h1/mff/nM1: 1 launches
pass 0 gs/CR/fgw.ps/dram-512B/s2/random/h1/mff/nM1: 1 launches
pass 0 gs/CE/fgw.ps/dram-512B/unit/random/h2/mff/n1024: 1 launches
pass 0 gs/CE/fgb.ps/dram-4K/rand/random/h2/mff/n1024: 1 launches
pass 0 gs/CR/fgw.ps/rscp-16K/rand/random/h1/mff/nM1: 1 launches
pass 0 gs/CE/fscwg.ps/dram-4K/rand/random/h2/mff/n1024: 1 launches
pass 0 gs/CE/fscb.ps/dram-4K/rand/random/h2/mff/n1024: 1 launches
pass 0 gs/CR/fgwg.ps/dram-256K/rand/random/h1/mff/nM1: 1 launches
pass 0 gs/CR/fgw.ps/dram-4K/s16/random/h1/mff/nM1: 1 launches
pass 0 gs/CE/fgw.ps/dram-512B/rand/zeros/h2/mff/n1024: 1 launches
pass 0 gs/CE/upd/dram-256K/rand/random/h2/mff/n1024: 1 launches
pass 0 gs/CE/fg32w.ps/dram-512B/rand/random/h2/mff/n1024: 1 launches
pass 0 gs/CE/fscwg.ps/dram-256K/rand/random/h2/mff/n1024: 1 launches
pass 0 gs/CE/fgw.ps/scp-16K/rand/random/h2/mff/n1024: 1 launches
pass 0 gs/CE/fscw.ps/dram-512B/line/random/h2/mff/n1024: 1 launches
pass 0 gs/CR/fgw.ps/rscp-16K/rand/random/h2/mff/nS32: 1 launches
pass 0 gs/CE/fscwl.ps/scp-16K/rand/random/h2/mff/n1024: 1 launches
pass 0 gs/CE/fg32w.ps/dram-256K/rand/random/h2/mff/n1024: 1 launches
pass 0 gs/CE/fgw.ps/dram-512B/s16/random/h2/mff/n1024: 1 launches
pass 0 gs/CE/fscw.ps/dram-256K/unit/random/h2/mff/n1024: 1 launches
pass 0 gs/CE/famoaddg.pi/chip-8M/rand/zeros/h2/mff/n1024: 1 launches
pass 0 gs/CE/fgh.ps/dram-512B/rand/random/h2/mff/n1024: 1 launches
pass 0 gs/CE/fscw.ps/dram-4K/rand/random/h2/mff/n1024: 1 launches
pass 0 gs/CR/fscw.ps/scp-16K/rand/random/h2/mff/nS32: 1 launches
pass 0 gs/CR/fscw.ps/dram-512B/rand/random/h2/mff/nS32: 1 launches
pass 0 gs/CE/fscw.ps/rscp-16K/rand/random/h2/mff/n1024: 1 launches
pass 0 gs/CE/fgw.ps/dram-16K/rand/random/h2/mff/n1024: 1 launches
pass 0 gs/CE/fscw.ps/dram-4K/s16/random/h2/mff/n1024: 1 launches
pass 0 gs/CR/fscw.ps/dram-256K/rand/random/h2/mff/nS32: 1 launches
pass 0 gs/CE/fgw.ps/dram-512B/rand/random/h2/m01/n1024: 1 launches
pass 0 gs/CE/fgw.ps/dram-4K/rand/random/h2/m01/n1024: 1 launches
pass 0 gs/CE/fgw.ps/dram-8K/rand/random/h1/mff/n1024: 1 launches
pass 0 gs/CE/fscw.ps/dram-512B/rand/zeros/h2/mff/n1024: 1 launches
pass 0 gs/CR/fgw.ps/scp-16K/rand/random/h2/mff/nS32: 1 launches
pass 0 gs/CR/fgw.ps/scp-16K/rand/random/h2/mff/nX32: 1 launches
pass 0 gs/CE/fsw/dram-4K/rand/random/h2/mff/n1024: 1 launches
pass 0 gs/CR/fgw.ps/scp-16K/rand/random/h2/mff/nM1: 1 launches
pass 0 gs/CE/fgw.ps/dram-4K/line/random/h2/mff/n1024: 1 launches
pass 0 gs/CE/fgw.ps/dram-4K/unit/random/h2/mff/n1024: 1 launches
pass 0 gs/CE/fscwg.ps/rscp-16K/rand/random/h2/mff/n1024: 1 launches
pass 0 gs/CR/fgw.ps/dram-4K/unit/random/h1/mff/nM1: 1 launches
pass 0 gs/CR/fgwl.ps/dram-4K/rand/random/h2/mff/nM1: 1 launches
pass 0 gs/CE/fscw.ps/scp-16K/rand/random/h2/mff/n1024: 1 launches
pass 0 gs/CR/famoaddl.pi/shire-256K/rand/zeros/h2/mff/nS32: 1 launches
pass 0 gs/CE/flw/dram-512B/rand/random/h2/mff/n1024: 1 launches
pass 0 gs/CR/fgw.ps/dram-512B/s4/random/h1/mff/nM1: 1 launches
pass 0 gs/CE/fgw.ps/rscp-16K/rand/random/h2/mff/n1024: 1 launches
pass 0 gs/CR/famoaddl.pi/shire-256K/rand/zeros/h1/mff/nM1: 1 launches
pass 0 gs/CE/fgw.ps/dram-4K/bcast/random/h2/mff/n1024: 1 launches
pass 0 gs/CE/fgw.ps/dram-4K/s16/random/h2/mff/n1024: 1 launches
pass 0 gs/CE/fgwl.ps/scp-16K/rand/random/h2/mff/n1024: 1 launches
pass 0 gs/CR/famoaddg.pi/chip-8M/rand/zeros/h1/mff/nM1: 1 launches
pass 0 gs/CE/fgw.ps/dram-512B/rand/random/h2/mff/n1024: 1 launches
pass 0 gs/CR/fgw.ps/scp-16K/rand/random/h1/mff/nM1: 1 launches
pass 0 gs/CE/fgw.ps/dram-512B/line/random/h2/mff/n1024: 1 launches
pass 0 gs/CR/fgw.ps/dram-512B/rand/random/h2/mff/nS32: 1 launches
pass 0 gs/CE/fscw.ps/dram-4K/line/random/h2/mff/n1024: 1 launches
pass 0 gs/CE/fscw.ps/dram-4K/rand/zeros/h2/mff/n1024: 1 launches
pass 0 gs/CE/fgw.ps/dram-256K/rand/random/h1/mff/n1024: 1 launches
pass 0 gs/CE/fscw.ps/dram-8K/rand/random/h1/mff/n1024: 1 launches
pass 0 gs/CE/fscw.ps/dram-4K/bcast/random/h2/mff/n1024: 1 launches
pass 0 gs/CE/fgw.ps/scp-16K/s16/random/h2/mff/n1024: 1 launches
pass 0 gs/CE/fgb.ps/dram-512B/rand/random/h2/mff/n1024: 1 launches
pass 0 gs/CE/fgw.ps/scp-16K/rand/zeros/h2/mff/n1024: 1 launches
pass 0 gs/CR/fgw.ps/rscp-16K/rand/random/h2/mff/nM1: 1 launches
pass 0 gs/CR/fgw.ps/dram-256K/rand/random/h2/mff/nX32: 1 launches
pass 0 gs/CR/fgwg.ps/dram-4K/rand/random/h2/mff/nS32: 1 launches
pass 0 gs/CR/fgwg.ps/dram-4K/rand/random/h1/mff/nM1: 1 launches
pass 0 gs/CE/fgw.ps/dram-4K/rand/random/h2/m0f/n1024: 1 launches
pass 0 gs/CE/upd/dram-512B/rand/random/h2/mff/n1024: 1 launches
pass 0 gs/CE/fsch.ps/dram-4K/rand/random/h2/mff/n1024: 1 launches
pass 0 gs/CE/fscw.ps/dram-512B/rand/random/h1/mff/n1024: 1 launches
pass 0 gs/CR/fscw.ps/dram-4K/rand/random/h1/mff/nM1: 1 launches
pass 0 gs/CR/fscw.ps/dram-512B/rand/random/h2/mff/nX32: 1 launches
pass 0 gs/CR/fgw.ps/dram-4K/s4/random/h1/mff/nM1: 1 launches
pass 0 gs/CE/fgw.ps/dram-256B/rand/random/h2/mff/n1024: 1 launches
pass 0 gs/CE/fgw.ps/scp-16K/unit/random/h2/mff/n1024: 1 launches
pass 0 gs/CR/fgw.ps/dram-4K/bcast/random/h1/mff/nM1: 1 launches
pass 0 gs/CR/flw/dram-4K/rand/random/h1/mff/nM1: 1 launches
pass 0 gs/CR/fgw.ps/dram-256K/rand/random/h2/mff/nM1: 1 launches
pass 0 gs/CR/fscw.ps/scp-16K/rand/random/h2/mff/nX32: 1 launches
pass 0 gs/CR/fscw.ps/dram-4K/rand/random/h2/mff/nS32: 1 launches
pass 0 gs/CR/fgw.ps/dram-512B/line/random/h1/mff/nM1: 1 launches
pass 0 gs/CE/fscw.ps/dram-512B/bcast/random/h2/mff/n1024: 1 launches
pass 0 gs/CE/fg32b.ps/dram-512B/rand/random/h2/mff/n1024: 1 launches
pass 0 gs/CR/fgw.ps/dram-4K/rand/random/h2/mff/nX32: 1 launches
pass 0 gs/CR/fscw.ps/dram-512B/rand/random/h1/mff/nM1: 1 launches
pass 0 gs/CR/flw/dram-256K/rand/random/h1/mff/nM1: 1 launches
pass 0 gs/CR/fgw.ps/dram-512B/rand/random/h1/mff/nM1: 1 launches
pass 0 gs/CR/fgw.ps/dram-512B/rand/random/h2/mff/nM1: 1 launches
pass 0 gs/CE/fscw.ps/dram-16K/rand/random/h2/mff/n1024: 1 launches
pass 0 gs/CE/fgwg.ps/rscp-16K/rand/random/h2/mff/n1024: 1 launches
pass 0 gs/CE/fgw.ps/dram-4K/rand/random/h2/mff/n1024: 1 launches
pass 0 gs/CE/fgwg.ps/dram-4K/rand/random/h2/mff/n1024: 1 launches
pass 0 gs/CE/fgw.ps/dram-1K/rand/random/h2/mff/n1024: 1 launches
pass 0 gs/CE/fscw.ps/dram-512B/unit/random/h2/mff/n1024: 1 launches
pass 0 gs/CR/fgwg.ps/dram-256K/rand/random/h2/mff/nS32: 1 launches
pass 0 gs/CR/fgw.ps/dram-512B/bcast/random/h1/mff/nM1: 1 launches
pass 0 gs/CR/fgw.ps/dram-4K/rand/random/h1/mff/nM1: 1 launches
pass 0 gs/CE/fgw.ps/dram-512B/s4/random/h2/mff/n1024: 1 launches
pass 0 gs/CE/fgw.ps/dram-4K/rand/zeros/h2/mff/n1024: 1 launches
pass 0 gs/CR/fgw.ps/dram-256K/rand/random/h2/mff/nS32: 1 launches
pass 0 gs/CE/fgw.ps/dram-4K/s4/random/h2/mff/n1024: 1 launches
pass 0 gs/CR/fgw.ps/dram-4K/line/random/h1/mff/nM1: 1 launches
pass 0 gs/CE/fgw.ps/dram-256K/rand/zeros/h2/mff/n1024: 1 launches
pass 0 gs/CE/fgw.ps/dram-64K/rand/random/h2/mff/n1024: 1 launches
pass 0 gs/CE/fgh.ps/dram-4K/rand/random/h2/mff/n1024: 1 launches
pass 0 gs/CE/famoaddl.pi/shire-256K/rand/zeros/h2/mff/n1024: 1 launches
pass 0 gs/CR/fscw.ps/dram-256K/rand/random/h1/mff/nM1: 1 launches
pass 0 gs/CR/fscw.ps/dram-4K/rand/random/h2/mff/nX32: 1 launches
pass 0 gs/CE/fgwl.ps/dram-4K/rand/random/h2/mff/n1024: 1 launches
pass 0 gs/CE/upd/dram-4K/rand/random/h2/mff/n1024: 1 launches
pass 0 gs/CR/fgw.ps/dram-4K/rand/random/h2/mff/nM1: 1 launches
pass 0 gs/CE/fgwg.ps/dram-256K/rand/random/h2/mff/n1024: 1 launches
pass 0 gs/CE/upd/scp-16K/rand/random/h2/mff/n1024: 1 launches
pass 0 gs/CE/fgw.ps/dram-4K/s2/random/h2/mff/n1024: 1 launches
pass 0 gs/CE/fgw.ps/dram-512B/rand/random/h1/mff/n1024: 1 launches
pass 0 gs/CR/fgw.ps/dram-512B/rand/random/h2/mff/nX32: 1 launches
pass 0 gs/CE/fscw.ps/dram-512B/s16/random/h2/mff/n1024: 1 launches
pass 0 gs/CE/amoaddl.w/shire-256K/rand/zeros/h2/mff/n1024: 1 launches
pass 0 gs/CE/fscw.ps/dram-4K/unit/random/h2/mff/n1024: 1 launches
pass 0 gs/CE/fsc32w.ps/scp-16K/rand/random/h2/mff/n1024: 1 launches
pass 0 gs/CE/fsch.ps/dram-512B/rand/random/h2/mff/n1024: 1 launches
pass 0 gs/CE/flw/dram-256K/rand/random/h2/mff/n1024: 1 launches
pass 0 gs/CE/fsw/dram-512B/rand/random/h2/mff/n1024: 1 launches
pass 0 gs/CE/famoaddg.pi/dram-512B/bcast/zeros/h2/mff/n1024: 1 launches
pass 0 gs/CE/fscwl.ps/dram-4K/rand/random/h2/mff/n1024: 1 launches
pass 0 gs/CR/fgw.ps/rscp-16K/rand/random/h2/mff/nX32: 1 launches
pass 0 gs/CR/fgw.ps/dram-4K/s2/random/h1/mff/nM1: 1 launches
pass 0 gs/CR/fgwl.ps/dram-4K/rand/random/h2/mff/nS32: 1 launches
pass 0 gs/CE/fgwl.ps/dram-4K/unit/random/h2/mff/n1024: 1 launches
pass 0 gs/CE/fscw.ps/dram-256K/rand/random/h2/mff/n1024: 1 launches
pass 0 gs/CR/fgw.ps/dram-4K/rand/random/h2/mff/nS32: 1 launches
pass 0 gs/CE/fgw.ps/dram-512B/rand/random/h2/m0f/n1024: 1 launches
pass 0 gs/CE/fg32w.ps/scp-16K/rand/random/h2/mff/n1024: 1 launches
pass 0 gs/CE/fgw.ps/dram-256K/unit/random/h2/mff/n1024: 1 launches
pass 0 gs/CE/fg32w.ps/dram-4K/rand/random/h2/mff/n1024: 1 launches
pass 0 gs/CE/fscw.ps/dram-512B/rand/random/h2/mff/n1024: 1 launches
pass 0 gs/CE/flw/dram-4K/rand/random/h2/mff/n1024: 1 launches
done
