== t1: m4-32s-f5-h1-m4 at x1.5 of its model: m4-32s-f5-m4 is skipped, the run ends DONE
08:13:38 sparseparity card_run m4 on aifoundry3 (lock /run/lock/etsoc-shire0.lock), out /home/yaroslavvb/nekko/build/sparseparity-h-fake/t1
08:13:38 kernel /home/yaroslavvb/nekko/build/sparseparity-h-fake/kernel/sparseparity.elf: .text sha256 4c2e7bdeb1b4e614109eca32fce8506291ff4ef49ac513237d84f5b57484015f
08:13:38 m4-32s-l2-m4d [PASS, model 362 ms] OK PASS launch_s [1.1] x1.10 of model open_s 0.18 cyc/op 0.0 MHz 0 cyc max/med 0/0 wait None solved None unique None sum_c None sum_c2 None oracle 'exact, 17 sampled minions' coverage full stage None/None scp_kb_device None problems None
08:13:38 m4-32s-l2-m4a [PASS, model 545 ms] OK PASS launch_s [1.1] x1.10 of model open_s 0.18 cyc/op 0.0 MHz 0 cyc max/med 0/0 wait None solved None unique None sum_c None sum_c2 None oracle 'exact, 17 sampled minions' coverage full stage None/None scp_kb_device None problems None
08:13:38 m4-32s-f5-h0-m1 [PASS, model 1.30 s] OK PASS launch_s [1.1] x1.10 of model open_s 0.18 cyc/op 0.0 MHz 0 cyc max/med 0/0 wait None solved None unique None sum_c None sum_c2 None oracle 'exact, 17 sampled minions' coverage partial stage None/None scp_kb_device None problems None
08:13:38   m4-32s-f5-h0-m1 offline verify: PASS exact, all 1024 minions
08:13:38 m4-32s-f5-h0-m4 [PASS, model 0.83 s] OK PASS launch_s [1.1] x1.10 of model open_s 0.18 cyc/op 0.0 MHz 0 cyc max/med 0/0 wait None solved None unique None sum_c None sum_c2 None oracle 'exact, 17 sampled minions' coverage partial stage None/None scp_kb_device None problems None
08:13:38   m4-32s-f5-h0-m4 offline verify: PASS exact, all 1024 minions
08:13:38 m4-32s-f5-h0-m4d [PASS, model 0.76 s] OK PASS launch_s [1.1] x1.10 of model open_s 0.18 cyc/op 0.0 MHz 0 cyc max/med 0/0 wait None solved None unique None sum_c None sum_c2 None oracle 'exact, 17 sampled minions' coverage partial stage None/None scp_kb_device None problems None
08:13:38   m4-32s-f5-h0-m4d offline verify: PASS exact, all 1024 minions
08:13:38 m4-32s-f5-h1-m1 [PASS, model 2.55 s] OK PASS launch_s [1.1] x1.10 of model open_s 0.18 cyc/op 0.0 MHz 0 cyc max/med 0/0 wait None solved None unique None sum_c None sum_c2 None oracle 'exact, 17 sampled minions' coverage partial stage None/None scp_kb_device None problems None
08:13:38   m4-32s-f5-h1-m1 offline verify: PASS exact, all 1024 minions
08:13:38 m4-32s-f5-h1-m4 [PASS, model 1.41 s] OK PASS launch_s [1.5] x1.50 of model SLOW open_s 0.18 cyc/op 0.0 MHz 0 cyc max/med 0/0 wait None solved None unique None sum_c None sum_c2 None oracle 'exact, 17 sampled minions' coverage partial stage None/None scp_kb_device None problems None
08:13:38   m4-32s-f5-h1-m4 offline verify: PASS exact, all 1024 minions
08:13:38 m4-32s-f5-h1-m4d [PASS, model 1.34 s] OK PASS launch_s [1.1] x1.10 of model open_s 0.18 cyc/op 0.0 MHz 0 cyc max/med 0/0 wait None solved None unique None sum_c None sum_c2 None oracle 'exact, 17 sampled minions' coverage partial stage None/None scp_kb_device None problems None
08:13:38   m4-32s-f5-h1-m4d offline verify: PASS exact, all 1024 minions
08:13:38 SKIP m4-32s-f5-m4: its guard trusts M4's predicted model (--trust-model), and not every gate ran within x1.3 of its model in /home/yaroslavvb/nekko/build/sparseparity-h-fake/t1: m4-32s-f5-h1-m4 (run the gates with --out /home/yaroslavvb/nekko/build/sparseparity-h-fake/t1 first, or refit the constants and pass --pipe-set)
08:13:38   m4-32s-l2-m4d offline verify (full oracle): PASS exact, all 1024 minions
08:13:38 DONE m4: every step run as expected; skipped (gates): m4-32s-f5-m4
exit 0
== t2: every gate fast, the offline full oracle of m4-32s-f5-m4 disagrees: STOP, exit 1
08:13:38 sparseparity card_run m4 on aifoundry3 (lock /run/lock/etsoc-shire0.lock), out /home/yaroslavvb/nekko/build/sparseparity-h-fake/t2
08:13:38 kernel /home/yaroslavvb/nekko/build/sparseparity-h-fake/kernel/sparseparity.elf: .text sha256 4c2e7bdeb1b4e614109eca32fce8506291ff4ef49ac513237d84f5b57484015f
08:13:38 m4-32s-l2-m4d [PASS, model 362 ms] OK PASS launch_s [1.1] x1.10 of model open_s 0.18 cyc/op 0.0 MHz 0 cyc max/med 0/0 wait None solved None unique None sum_c None sum_c2 None oracle 'exact, 17 sampled minions' coverage full stage None/None scp_kb_device None problems None
08:13:38 m4-32s-l2-m4a [PASS, model 545 ms] OK PASS launch_s [1.1] x1.10 of model open_s 0.18 cyc/op 0.0 MHz 0 cyc max/med 0/0 wait None solved None unique None sum_c None sum_c2 None oracle 'exact, 17 sampled minions' coverage full stage None/None scp_kb_device None problems None
08:13:38 m4-32s-f5-h0-m1 [PASS, model 1.30 s] OK PASS launch_s [1.1] x1.10 of model open_s 0.18 cyc/op 0.0 MHz 0 cyc max/med 0/0 wait None solved None unique None sum_c None sum_c2 None oracle 'exact, 17 sampled minions' coverage partial stage None/None scp_kb_device None problems None
08:13:38   m4-32s-f5-h0-m1 offline verify: PASS exact, all 1024 minions
08:13:38 m4-32s-f5-h0-m4 [PASS, model 0.83 s] OK PASS launch_s [1.1] x1.10 of model open_s 0.18 cyc/op 0.0 MHz 0 cyc max/med 0/0 wait None solved None unique None sum_c None sum_c2 None oracle 'exact, 17 sampled minions' coverage partial stage None/None scp_kb_device None problems None
08:13:39   m4-32s-f5-h0-m4 offline verify: PASS exact, all 1024 minions
08:13:39 m4-32s-f5-h0-m4d [PASS, model 0.76 s] OK PASS launch_s [1.1] x1.10 of model open_s 0.18 cyc/op 0.0 MHz 0 cyc max/med 0/0 wait None solved None unique None sum_c None sum_c2 None oracle 'exact, 17 sampled minions' coverage partial stage None/None scp_kb_device None problems None
08:13:39   m4-32s-f5-h0-m4d offline verify: PASS exact, all 1024 minions
08:13:39 m4-32s-f5-h1-m1 [PASS, model 2.55 s] OK PASS launch_s [1.1] x1.10 of model open_s 0.18 cyc/op 0.0 MHz 0 cyc max/med 0/0 wait None solved None unique None sum_c None sum_c2 None oracle 'exact, 17 sampled minions' coverage partial stage None/None scp_kb_device None problems None
08:13:39   m4-32s-f5-h1-m1 offline verify: PASS exact, all 1024 minions
08:13:39 m4-32s-f5-h1-m4 [PASS, model 1.41 s] OK PASS launch_s [1.1] x1.10 of model open_s 0.18 cyc/op 0.0 MHz 0 cyc max/med 0/0 wait None solved None unique None sum_c None sum_c2 None oracle 'exact, 17 sampled minions' coverage partial stage None/None scp_kb_device None problems None
08:13:39   m4-32s-f5-h1-m4 offline verify: PASS exact, all 1024 minions
08:13:39 m4-32s-f5-h1-m4d [PASS, model 1.34 s] OK PASS launch_s [1.1] x1.10 of model open_s 0.18 cyc/op 0.0 MHz 0 cyc max/med 0/0 wait None solved None unique None sum_c None sum_c2 None oracle 'exact, 17 sampled minions' coverage partial stage None/None scp_kb_device None problems None
08:13:39   m4-32s-f5-h1-m4d offline verify: PASS exact, all 1024 minions
08:13:39 m4-32s-f5-m4 [PASS, model 2.25 s] OK PASS launch_s [1.1] x1.10 of model open_s 0.18 cyc/op 0.0 MHz 0 cyc max/med 0/0 wait None solved None unique None sum_c None sum_c2 None oracle 'exact, 17 sampled minions' coverage full stage None/None scp_kb_device None problems None
08:13:39   m4-32s-l2-m4d offline verify (full oracle): PASS exact, all 1024 minions
08:13:39   m4-32s-f5-m4 offline verify (full oracle): FAIL MISMATCH 1 of all 1024 minions
08:13:39 STOP: an offline oracle disagrees with a full-coverage step (see its .verify.json)
exit 1
== t3: resumed at m4-32s-f5-m4 in a new --out: no gates there, skipped
08:13:39 sparseparity card_run m4 on aifoundry3 (lock /run/lock/etsoc-shire0.lock), out /home/yaroslavvb/nekko/build/sparseparity-h-fake/t3
08:13:39 kernel /home/yaroslavvb/nekko/build/sparseparity-h-fake/kernel/sparseparity.elf: .text sha256 4c2e7bdeb1b4e614109eca32fce8506291ff4ef49ac513237d84f5b57484015f
08:13:39 SKIP m4-32s-f5-m4: its guard trusts M4's predicted model (--trust-model), and not every gate ran within x1.3 of its model in /home/yaroslavvb/nekko/build/sparseparity-h-fake/t3: m4-32s-f5-h0-m4 m4-32s-f5-h1-m4 (run the gates with --out /home/yaroslavvb/nekko/build/sparseparity-h-fake/t3 first, or refit the constants and pass --pipe-set)
08:13:39 DONE m4: every step run as expected; skipped (gates): m4-32s-f5-m4
exit 0
== t4: resumed at m4-32s-f5-m4 in t2's --out: its gates are there, it runs
08:13:39 sparseparity card_run m4 on aifoundry3 (lock /run/lock/etsoc-shire0.lock), out /home/yaroslavvb/nekko/build/sparseparity-h-fake/t2
08:13:39 kernel /home/yaroslavvb/nekko/build/sparseparity-h-fake/kernel/sparseparity.elf: .text sha256 4c2e7bdeb1b4e614109eca32fce8506291ff4ef49ac513237d84f5b57484015f
08:13:39 m4-32s-f5-m4 [PASS, model 2.25 s] OK PASS launch_s [1.1] x1.10 of model open_s 0.18 cyc/op 0.0 MHz 0 cyc max/med 0/0 wait None solved None unique None sum_c None sum_c2 None oracle 'exact, 17 sampled minions' coverage full stage None/None scp_kb_device None problems None
08:13:39   m4-32s-f5-m4 offline verify (full oracle): PASS exact, all 1024 minions
08:13:39 DONE m4: every step as expected
exit 0
