Opening device 1
MEMPROBE {"test":"program","name":"pagetimeout","hart":0,"arena_base":"0x8040000000","ops":7021,"results":1560,"cycles":5898578,"wall_s":0.0114,"t_start_ms":1790412419139,"t_end_ms":1790412419150,"out":"/home/yaroslavvb/nekko/build/claims-v3/aifoundry1-c1/mem/p1/pagetimeout.u32","ok":true}
Opening device 1
MEMPROBE {"test":"program","name":"decomp","hart":0,"arena_base":"0x8040000000","ops":67501,"results":13500,"cycles":13874688,"wall_s":0.0347,"t_start_ms":1790412419568,"t_end_ms":1790412419603,"out":"/home/yaroslavvb/nekko/build/claims-v3/aifoundry1-c1/mem/p1/decomp.u32","ok":true}
Opening device 1
MEMPROBE {"test":"program","name":"l3map","hart":0,"arena_base":"0x8040000000","ops":81921,"results":16384,"cycles":12624805,"wall_s":0.0348,"t_start_ms":1790412420021,"t_end_ms":1790412420056,"out":"/home/yaroslavvb/nekko/build/claims-v3/aifoundry1-c1/mem/p1/l3map.u32","ok":true}
Opening device 1
MEMPROBE {"test":"program","name":"msmap","hart":0,"arena_base":"0x8040000000","ops":5121,"results":1024,"cycles":2862780,"wall_s":0.0060,"t_start_ms":1790412420474,"t_end_ms":1790412420480,"out":"/home/yaroslavvb/nekko/build/claims-v3/aifoundry1-c1/mem/p1/msmap.u32","ok":true}
Opening device 1
MEMPROBE {"test":"program","name":"refresh","hart":0,"arena_base":"0x8040000000","ops":96002,"results":48000,"cycles":13953316,"wall_s":0.0414,"t_start_ms":1790412420900,"t_end_ms":1790412420941,"out":"/home/yaroslavvb/nekko/build/claims-v3/aifoundry1-c1/mem/p1/refresh.u32","ok":true}
Opening device 1
MEMPROBE {"test":"program","name":"refresh_jit","hart":0,"arena_base":"0x8040000000","ops":95002,"results":38000,"cycles":41075966,"wall_s":0.0850,"t_start_ms":1790412421363,"t_end_ms":1790412421448,"out":"/home/yaroslavvb/nekko/build/claims-v3/aifoundry1-c1/mem/p1/refresh_jit.u32","ok":true}
Opening device 1
MEMPROBE {"test":"program","name":"t_glitch","hart":0,"arena_base":"0x8040000000","ops":8001,"results":8000,"cycles":804739,"wall_s":0.0034,"t_start_ms":1790412421868,"t_end_ms":1790412421872,"out":"/home/yaroslavvb/nekko/build/claims-v3/aifoundry1-c1/mem/p1/t_glitch.u32","ok":true}
Opening device 1
MEMPROBE {"test":"program","name":"t_rawodd","hart":0,"arena_base":"0x8040000000","ops":8001,"results":20000,"cycles":875605,"wall_s":0.0042,"t_start_ms":1790412422295,"t_end_ms":1790412422299,"out":"/home/yaroslavvb/nekko/build/claims-v3/aifoundry1-c1/mem/p1/t_rawodd.u32","ok":true}
Opening device 1
MEMPROBE {"test":"program","name":"bits","hart":0,"arena_base":"0x8040000000","ops":74701,"results":15000,"cycles":34634299,"wall_s":0.0702,"t_start_ms":1790412422721,"t_end_ms":1790412422791,"out":"/home/yaroslavvb/nekko/build/claims-v3/aifoundry1-c1/mem/p1/bits.u32","ok":true}
Opening device 1
MEMPROBE {"test":"program","name":"t_raw","hart":0,"arena_base":"0x8040000000","ops":4001,"results":16000,"cycles":514684,"wall_s":0.0028,"t_start_ms":1790412423214,"t_end_ms":1790412423217,"out":"/home/yaroslavvb/nekko/build/claims-v3/aifoundry1-c1/mem/p1/t_raw.u32","ok":true}
Opening device 1
MEMPROBE {"test":"program","name":"ladder","hart":0,"arena_base":"0x8040000000","ops":4481,"results":1408,"cycles":759514,"wall_s":0.0023,"t_start_ms":1790412423637,"t_end_ms":1790412423639,"out":"/home/yaroslavvb/nekko/build/claims-v3/aifoundry1-c1/mem/p1/ladder.u32","ok":true}
Opening device 1
MEMPROBE {"test":"program","name":"ladder","hart":448,"arena_base":"0x8040000000","ops":4481,"results":1408,"cycles":746332,"wall_s":0.0024,"t_start_ms":1790412424060,"t_end_ms":1790412424063,"out":"/home/yaroslavvb/nekko/build/claims-v3/aifoundry1-c1/mem/p1/req7/ladder.u32","ok":true}
Opening device 1
MEMPROBE {"test":"program","name":"decomp","hart":448,"arena_base":"0x8040000000","ops":67501,"results":13500,"cycles":13683246,"wall_s":0.0341,"t_start_ms":1790412424485,"t_end_ms":1790412424519,"out":"/home/yaroslavvb/nekko/build/claims-v3/aifoundry1-c1/mem/p1/req7/decomp.u32","ok":true}
Opening device 1
MEMPROBE {"test":"program","name":"ladder","hart":1536,"arena_base":"0x8040000000","ops":4481,"results":1408,"cycles":746429,"wall_s":0.0023,"t_start_ms":1790412424938,"t_end_ms":1790412424941,"out":"/home/yaroslavvb/nekko/build/claims-v3/aifoundry1-c1/mem/p1/req24/ladder.u32","ok":true}
Opening device 1
MEMPROBE {"test":"program","name":"decomp","hart":1536,"arena_base":"0x8040000000","ops":67501,"results":13500,"cycles":13515454,"wall_s":0.0336,"t_start_ms":1790412425363,"t_end_ms":1790412425396,"out":"/home/yaroslavvb/nekko/build/claims-v3/aifoundry1-c1/mem/p1/req24/decomp.u32","ok":true}
Opening device 1
MEMPROBE {"test":"program","name":"ladder","hart":1984,"arena_base":"0x8040000000","ops":4481,"results":1408,"cycles":760012,"wall_s":0.0024,"t_start_ms":1790412425816,"t_end_ms":1790412425818,"out":"/home/yaroslavvb/nekko/build/claims-v3/aifoundry1-c1/mem/p1/req31/ladder.u32","ok":true}
Opening device 1
MEMPROBE {"test":"program","name":"decomp","hart":1984,"arena_base":"0x8040000000","ops":67501,"results":13500,"cycles":13675854,"wall_s":0.0343,"t_start_ms":1790412426243,"t_end_ms":1790412426277,"out":"/home/yaroslavvb/nekko/build/claims-v3/aifoundry1-c1/mem/p1/req31/decomp.u32","ok":true}
Opening device 1
MEMPROBE {"test":"program","name":"wakeup","hart":0,"arena_base":"0x8040000000","ops":5429,"results":1128,"cycles":2911966925,"wall_s":4.8546,"t_start_ms":1790412468030,"t_end_ms":1790412472885,"out":"/home/yaroslavvb/nekko/build/claims-v3/aifoundry1-c1/mem/p1/wake/wakeup.u32","ok":true}
