PCIE {"t_ms":1790547179155,"test":"open","open_ns":177409124,"link":[{"bdf":"0000:02:00.0","speed":"16.0 GT/s PCIe","width":"8","max_speed":"16.0 GT/s PCIe","max_width":"8","cma_allocated":"2057 MB"}]}
PCIE {"t_ms":1790547179371,"test":"verify","bytes":1048576,"equal":true}
PCIE {"t_ms":1790547179405,"test":"bw","dir":"h2d","copy":"staged","bytes":4096,"warm_ns":230672,"ns":[610398,525077,111020,201266,164823,97486,563296,561725,151443,148495,145699,203095,562744,201257,149280,560973,561467,561810,143470,202919],"stream_errors":0}
PCIE {"t_ms":1790547179405,"test":"bw","dir":"h2d","copy":"dma","bytes":4096,"warm_ns":274313,"ns":[154627,147905,562668,159020,561483,561713,99028,202544,97359,564092,561536,561222,150080,137408,561647,158487,98435,203092,110366,160921],"stream_errors":0}
PCIE {"t_ms":1790547179405,"test":"bw","dir":"d2h","copy":"staged","bytes":4096,"warm_ns":697988,"ns":[264212,592484,528903,63805,569654,621690,623854,104035,112451,567524,162880,567691,156744,567750,621101,612022,616658,104748,628096,615527],"stream_errors":0}
PCIE {"t_ms":1790547179405,"test":"bw","dir":"d2h","copy":"dma","bytes":4096,"warm_ns":666504,"ns":[186295,307258,743356,613785,567374,153647,152174,569973,617781,619371,104326,567799,104938,631849,111841,518649,61512,567754,103378,567387],"stream_errors":0}
PCIE {"t_ms":1790547179438,"test":"bw","dir":"h2d","copy":"staged","bytes":8192,"warm_ns":544977,"ns":[201582,562666,158428,203561,202495,114595,561768,157152,567731,144869,188982,608532,558946,148023,200627,560455,562579,196380,139281,560741],"stream_errors":0}
PCIE {"t_ms":1790547179438,"test":"bw","dir":"h2d","copy":"dma","bytes":8192,"warm_ns":561715,"ns":[563057,203084,202653,563043,152874,561672,149682,562153,152531,613230,559436,175681,562465,609969,558475,192520,149856,603460,149636,559102],"stream_errors":0}
PCIE {"t_ms":1790547179438,"test":"bw","dir":"d2h","copy":"staged","bytes":8192,"warm_ns":621093,"ns":[105999,103643,105106,567334,624035,567544,210242,115001,154728,659091,577560,559368,618060,625410,575107,202676,578573,158214,580137,618257],"stream_errors":0}
PCIE {"t_ms":1790547179438,"test":"bw","dir":"d2h","copy":"dma","bytes":8192,"warm_ns":153511,"ns":[567667,574177,618055,565628,103976,156268,582661,611133,565739,617954,573995,237788,610627,237119,567491,111510,201098,621448,619056,55221],"stream_errors":0}
PCIE {"t_ms":1790547179467,"test":"bw","dir":"h2d","copy":"staged","bytes":16384,"warm_ns":84520,"ns":[151983,99476,560829,98806,155917,561086,560517,199968,136752,563024,563195,100388,146589,149117,560875,145120,561430,96298,98998,96629],"stream_errors":0}
PCIE {"t_ms":1790547179467,"test":"bw","dir":"h2d","copy":"dma","bytes":16384,"warm_ns":560435,"ns":[96349,148926,97480,560940,99107,200030,173350,562906,97520,199013,97075,562619,100243,98152,155314,97866,147694,561405,200684,98041],"stream_errors":0}
PCIE {"t_ms":1790547179467,"test":"bw","dir":"d2h","copy":"staged","bytes":16384,"warm_ns":622396,"ns":[567990,619861,568625,628505,150834,107107,106047,106833,569786,568437,104692,566602,104638,570182,569689,569303,568170,626060,568536,105980],"stream_errors":0}
PCIE {"t_ms":1790547179467,"test":"bw","dir":"d2h","copy":"dma","bytes":16384,"warm_ns":156534,"ns":[154232,567426,567063,146894,567680,567188,568075,567677,630664,567644,106925,564202,621058,617687,148455,622704,653002,148542,566567,623834],"stream_errors":0}
PCIE {"t_ms":1790547179497,"test":"bw","dir":"h2d","copy":"staged","bytes":32768,"warm_ns":550151,"ns":[560368,152267,560308,560117,149359,99323,559175,201305,561260,561325,200199,144253,104795,560571,198204,559798,560726,146067,99397,95925],"stream_errors":0}
PCIE {"t_ms":1790547179497,"test":"bw","dir":"h2d","copy":"dma","bytes":32768,"warm_ns":560508,"ns":[201863,560411,148223,561139,97553,96193,197412,558894,200772,560381,561356,98435,560899,199256,561632,198141,95356,99870,560271,149719],"stream_errors":0}
PCIE {"t_ms":1790547179497,"test":"bw","dir":"d2h","copy":"staged","bytes":32768,"warm_ns":628102,"ns":[104062,572081,156618,57882,569135,568813,571565,110596,572400,625098,105598,623936,571105,568962,110765,569756,154919,621287,568319,108076],"stream_errors":0}
PCIE {"t_ms":1790547179497,"test":"bw","dir":"d2h","copy":"dma","bytes":32768,"warm_ns":148599,"ns":[104485,150266,567632,616547,155356,628199,566876,103463,100723,150100,105496,567273,151900,566607,105927,570313,621470,103392,567154,618545],"stream_errors":0}
PCIE {"t_ms":1790547179528,"test":"bw","dir":"h2d","copy":"staged","bytes":65536,"warm_ns":545507,"ns":[198860,197424,561053,560410,141047,196856,560133,146793,95766,560231,143870,136379,151338,560049,558146,99884,93777,560716,560465,560708],"stream_errors":0}
PCIE {"t_ms":1790547179528,"test":"bw","dir":"h2d","copy":"dma","bytes":65536,"warm_ns":559350,"ns":[99334,559906,560223,201642,97739,560242,196004,561388,149934,560711,95773,563365,95627,199971,97300,560852,560538,93142,200952,560112],"stream_errors":0}
PCIE {"t_ms":1790547179528,"test":"bw","dir":"d2h","copy":"staged","bytes":65536,"warm_ns":626229,"ns":[571164,108861,629535,107232,627745,570928,113215,158922,569870,616505,105616,159175,570055,573500,571374,572186,151623,626556,108206,154180],"stream_errors":0}
PCIE {"t_ms":1790547179528,"test":"bw","dir":"d2h","copy":"dma","bytes":65536,"warm_ns":148405,"ns":[569141,102371,563266,103545,567436,568296,102728,567795,618967,161171,625255,565104,617860,101306,567091,103704,629202,147388,104416,624989],"stream_errors":0}
PCIE {"t_ms":1790547179558,"test":"bw","dir":"h2d","copy":"staged","bytes":131072,"warm_ns":86357,"ns":[560280,561224,93016,89835,560332,560436,99003,159900,141473,559855,562147,156838,560493,93767,558826,90625,99240,93934,138272,554872],"stream_errors":0}
PCIE {"t_ms":1790547179558,"test":"bw","dir":"h2d","copy":"dma","bytes":131072,"warm_ns":560916,"ns":[91536,96404,199476,160000,201101,194042,142985,142928,99306,193378,195155,135053,98947,154545,561731,561492,560061,151420,99504,560099],"stream_errors":0}
PCIE {"t_ms":1790547179558,"test":"bw","dir":"d2h","copy":"staged","bytes":131072,"warm_ns":626475,"ns":[112891,572894,574939,574791,111077,574663,162360,633418,627461,114050,111492,632704,572769,573889,166642,624827,573061,104786,631817,574989],"stream_errors":0}
PCIE {"t_ms":1790547179558,"test":"bw","dir":"d2h","copy":"dma","bytes":131072,"warm_ns":147518,"ns":[567818,106984,569255,566703,100175,566439,569167,625387,566847,566036,567943,566058,567595,145257,617130,149698,105221,616812,565855,151027],"stream_errors":0}
PCIE {"t_ms":1790547179588,"test":"bw","dir":"h2d","copy":"staged","bytes":262144,"warm_ns":552569,"ns":[98842,559957,134820,560284,153592,97702,560920,190466,560798,201876,151529,157228,560709,99838,101070,140689,124196,561676,184105,561669],"stream_errors":0}
PCIE {"t_ms":1790547179588,"test":"bw","dir":"h2d","copy":"dma","bytes":262144,"warm_ns":560221,"ns":[141153,97571,99135,200182,84167,561179,86913,154198,560744,559835,560773,559771,560660,560574,559614,86668,86286,559984,83959,85990],"stream_errors":0}
PCIE {"t_ms":1790547179588,"test":"bw","dir":"d2h","copy":"staged","bytes":262144,"warm_ns":635258,"ns":[164591,581627,633835,582165,580838,578118,631173,118729,167529,104597,583382,581976,636512,630208,578979,167001,578837,167627,584241,118831],"stream_errors":0}
PCIE {"t_ms":1790547179588,"test":"bw","dir":"d2h","copy":"dma","bytes":262144,"warm_ns":140487,"ns":[567206,569482,89584,567849,139440,568583,142150,613328,576249,93570,139956,134517,137514,144768,103917,567073,618050,621495,566789,564482],"stream_errors":0}
PCIE {"t_ms":1790547179619,"test":"bw","dir":"h2d","copy":"staged","bytes":524288,"warm_ns":195158,"ns":[201641,560567,168530,199869,202628,513756,563022,199758,560127,200399,562405,199272,561086,560535,203915,561021,218334,559970,202044,154357],"stream_errors":0}
PCIE {"t_ms":1790547179619,"test":"bw","dir":"h2d","copy":"dma","bytes":524288,"warm_ns":559550,"ns":[200950,197855,559953,96991,118559,174457,98849,561808,122860,628963,172725,561482,560115,173193,123819,560753,98164,125122,559912,144144],"stream_errors":0}
PCIE {"t_ms":1790547179619,"test":"bw","dir":"d2h","copy":"staged","bytes":524288,"warm_ns":647499,"ns":[605624,156029,600736,598243,648531,594963,185831,210444,184266,596448,649830,133804,180101,162431,643568,642824,652891,181044,596118,593256],"stream_errors":0}
PCIE {"t_ms":1790547179619,"test":"bw","dir":"d2h","copy":"dma","bytes":524288,"warm_ns":127891,"ns":[566984,181829,568136,569602,176902,566259,616058,180001,567062,551315,123302,181903,620868,567317,103760,132275,105052,567755,179410,624480],"stream_errors":0}
PCIE {"t_ms":1790547179654,"test":"bw","dir":"h2d","copy":"staged","bytes":1048576,"warm_ns":547750,"ns":[560838,202115,560910,281250,279271,562985,257118,301949,335275,561358,243294,335610,623765,561842,563081,236948,563876,563407,560423,563813],"stream_errors":0}
PCIE {"t_ms":1790547179654,"test":"bw","dir":"h2d","copy":"dma","bytes":1048576,"warm_ns":564081,"ns":[229807,154169,278986,203558,201940,558643,234358,560255,559925,201933,191432,563445,202828,194348,560236,150015,560603,203249,187190,157500],"stream_errors":0}
PCIE {"t_ms":1790547179654,"test":"bw","dir":"d2h","copy":"staged","bytes":1048576,"warm_ns":690506,"ns":[278950,641372,639409,693708,693920,227294,639051,638104,280866,636323,320516,638902,706221,282054,230341,209593,691350,689810,637162,635686],"stream_errors":0}
PCIE {"t_ms":1790547179654,"test":"bw","dir":"d2h","copy":"dma","bytes":1048576,"warm_ns":189911,"ns":[567233,182187,569204,133503,565921,619972,183455,568206,136988,543208,570089,567352,171363,188218,621019,618167,186893,187969,209782,183960],"stream_errors":0}
PCIE {"t_ms":1790547179695,"test":"bw","dir":"h2d","copy":"staged","bytes":2097152,"warm_ns":536564,"ns":[562039,562017,388656,394374,341955,562072,561956,536753,561089,424664,350907,406448,357913,462420,365968,563606,381856,407741,408939,419331],"stream_errors":0}
PCIE {"t_ms":1790547179695,"test":"bw","dir":"h2d","copy":"dma","bytes":2097152,"warm_ns":561033,"ns":[275433,340969,255646,561332,304731,560761,299070,271013,306521,286294,255872,563905,560947,304026,525626,277738,560296,320950,242915,560791],"stream_errors":0}
PCIE {"t_ms":1790547179695,"test":"bw","dir":"d2h","copy":"staged","bytes":2097152,"warm_ns":801855,"ns":[432716,761559,434183,786517,376694,781793,780621,446779,784515,790587,830731,804917,793288,730224,731276,582883,726971,728173,372770,393285],"stream_errors":0}
PCIE {"t_ms":1790547179695,"test":"bw","dir":"d2h","copy":"dma","bytes":2097152,"warm_ns":279834,"ns":[613042,526280,614384,564724,567719,300599,301207,567088,301757,258660,589092,277923,567320,566548,403175,566449,253584,567008,566952,568583],"stream_errors":0}
PCIE {"t_ms":1790547179742,"test":"bw","dir":"h2d","copy":"staged","bytes":4194304,"warm_ns":870049,"ns":[817004,793677,744257,723558,791458,759826,777493,809826,767758,772567,775644,704083,743629,701943,617337,670418],"stream_errors":0}
PCIE {"t_ms":1790547179742,"test":"bw","dir":"h2d","copy":"dma","bytes":4194304,"warm_ns":554741,"ns":[397367,563542,407739,451350,553278,464738,428680,549217,501477,496660,500103,502082,560515,560229,453844,490664],"stream_errors":0}
PCIE {"t_ms":1790547179742,"test":"bw","dir":"d2h","copy":"staged","bytes":4194304,"warm_ns":965284,"ns":[833030,957146,813996,1004535,988513,954850,787610,971602,873686,991761,967419,1036535,973446,947687,986896,999841],"stream_errors":0}
PCIE {"t_ms":1790547179742,"test":"bw","dir":"d2h","copy":"dma","bytes":4194304,"warm_ns":569919,"ns":[568443,567046,567532,567785,417978,571707,576461,574603,573335,575726,358712,572878,377210,552515,526247,573083],"stream_errors":0}
PCIE {"t_ms":1790547179786,"test":"bw","dir":"h2d","copy":"staged","bytes":8388608,"warm_ns":1575340,"ns":[1590466,1513489,1317057,1336879,1278704,1388018,1383275,1313772],"stream_errors":0}
PCIE {"t_ms":1790547179786,"test":"bw","dir":"h2d","copy":"dma","bytes":8388608,"warm_ns":872635,"ns":[774476,902257,869433,907313,867472,891805,908913,882717],"stream_errors":0}
PCIE {"t_ms":1790547179786,"test":"bw","dir":"d2h","copy":"staged","bytes":8388608,"warm_ns":1856570,"ns":[1651071,1665476,1795951,1829240,1792886,1756633,1782102,1810697],"stream_errors":0}
PCIE {"t_ms":1790547179786,"test":"bw","dir":"d2h","copy":"dma","bytes":8388608,"warm_ns":771286,"ns":[818184,827953,826617,819184,910588,847061,821106,806028],"stream_errors":0}
PCIE {"t_ms":1790547179834,"test":"bw","dir":"h2d","copy":"staged","bytes":16777216,"warm_ns":3016499,"ns":[2891338,3006097,2934153,2989694],"stream_errors":0}
PCIE {"t_ms":1790547179834,"test":"bw","dir":"h2d","copy":"dma","bytes":16777216,"warm_ns":1516435,"ns":[1590285,1622144,1719560,1726472],"stream_errors":0}
PCIE {"t_ms":1790547179834,"test":"bw","dir":"d2h","copy":"staged","bytes":16777216,"warm_ns":3712671,"ns":[3383733,3299498,3433272,3491847],"stream_errors":0}
PCIE {"t_ms":1790547179834,"test":"bw","dir":"d2h","copy":"dma","bytes":16777216,"warm_ns":1534105,"ns":[1567167,1532836,1542630,1519558],"stream_errors":0}
PCIE {"t_ms":1790547179913,"test":"bw","dir":"h2d","copy":"staged","bytes":33554432,"warm_ns":6186622,"ns":[6254167,6199562,6221629],"stream_errors":0}
PCIE {"t_ms":1790547179913,"test":"bw","dir":"h2d","copy":"dma","bytes":33554432,"warm_ns":2902943,"ns":[2900836,2922441,2892958],"stream_errors":0}
PCIE {"t_ms":1790547179913,"test":"bw","dir":"d2h","copy":"staged","bytes":33554432,"warm_ns":7595177,"ns":[6395123,7485625,7508163],"stream_errors":0}
PCIE {"t_ms":1790547179913,"test":"bw","dir":"d2h","copy":"dma","bytes":33554432,"warm_ns":2750934,"ns":[3876677,3784819,2697067],"stream_errors":0}
PCIE {"t_ms":1790547180071,"test":"bw","dir":"h2d","copy":"staged","bytes":67108864,"warm_ns":12700651,"ns":[12640427,12767329,12644237],"stream_errors":0}
PCIE {"t_ms":1790547180071,"test":"bw","dir":"h2d","copy":"dma","bytes":67108864,"warm_ns":5586946,"ns":[5664584,5616142,5686902],"stream_errors":0}
PCIE {"t_ms":1790547180071,"test":"bw","dir":"d2h","copy":"staged","bytes":67108864,"warm_ns":14356235,"ns":[14559205,14402201,14495213],"stream_errors":0}
PCIE {"t_ms":1790547180071,"test":"bw","dir":"d2h","copy":"dma","bytes":67108864,"warm_ns":6813053,"ns":[6760477,6727764,6751627],"stream_errors":0}
PCIE {"t_ms":1790547180381,"test":"bw","dir":"h2d","copy":"staged","bytes":134217728,"warm_ns":25399935,"ns":[25404568,25411525,25427001],"stream_errors":0}
PCIE {"t_ms":1790547180381,"test":"bw","dir":"h2d","copy":"dma","bytes":134217728,"warm_ns":10759578,"ns":[10832464,10847967,10755526],"stream_errors":0}
PCIE {"t_ms":1790547180381,"test":"bw","dir":"d2h","copy":"staged","bytes":134217728,"warm_ns":28141401,"ns":[28174075,28135385,28143152],"stream_errors":0}
PCIE {"t_ms":1790547180381,"test":"bw","dir":"d2h","copy":"dma","bytes":134217728,"warm_ns":12973602,"ns":[13358670,13090154,13121101],"stream_errors":0}
PCIE {"t_ms":1790547180999,"test":"bw","dir":"h2d","copy":"staged","bytes":268435456,"warm_ns":51185335,"ns":[51453883,51576396,51538167],"stream_errors":0}
PCIE {"t_ms":1790547180999,"test":"bw","dir":"h2d","copy":"dma","bytes":268435456,"warm_ns":21314939,"ns":[21300248,21297624,21271178],"stream_errors":0}
PCIE {"t_ms":1790547180999,"test":"bw","dir":"d2h","copy":"staged","bytes":268435456,"warm_ns":55923765,"ns":[55923000,56015583,55932323],"stream_errors":0}
PCIE {"t_ms":1790547180999,"test":"bw","dir":"d2h","copy":"dma","bytes":268435456,"warm_ns":25624371,"ns":[25664770,26007940,25816542],"stream_errors":0}
PCIE {"t_ms":1790547181013,"test":"done","which":"bw","elapsed_s":2.035305}
