PCIE {"t_ms":1790547186268,"test":"open","open_ns":177760113,"link":[{"bdf":"0000:02:00.0","speed":"16.0 GT/s PCIe","width":"8","max_speed":"16.0 GT/s PCIe","max_width":"8","cma_allocated":"2057 MB"}]}
PCIE {"t_ms":1790547186398,"test":"conc","trial":0,"copy":"dma","cfg":"h2d","legs":1,"bytes_per_leg":134217728,"leg_ns":[22122533],"wall_ns":22124606,"stream_errors":0}
PCIE {"t_ms":1790547186410,"test":"conc","trial":0,"copy":"dma","cfg":"d2h","legs":1,"bytes_per_leg":134217728,"leg_ns":[11995049],"wall_ns":11996793,"stream_errors":0}
PCIE {"t_ms":1790547186433,"test":"conc","trial":0,"copy":"dma","cfg":"h2d+d2h","legs":2,"bytes_per_leg":134217728,"leg_ns":[22582602,12251015],"wall_ns":22584345,"stream_errors":0}
PCIE {"t_ms":1790547186478,"test":"conc","trial":0,"copy":"dma","cfg":"2xh2d","legs":2,"bytes_per_leg":134217728,"leg_ns":[44842344,44845910],"wall_ns":44847649,"stream_errors":0}
PCIE {"t_ms":1790547186503,"test":"conc","trial":0,"copy":"dma","cfg":"2xd2h","legs":2,"bytes_per_leg":134217728,"leg_ns":[25813872,25813372],"wall_ns":25815528,"stream_errors":0}
PCIE {"t_ms":1790547186514,"test":"conc","trial":0,"copy":"dma","cfg":"h2d/ser","legs":1,"bytes_per_leg":134217728,"leg_ns":[10805457],"wall_ns":10807168,"stream_errors":0}
PCIE {"t_ms":1790547186528,"test":"conc","trial":0,"copy":"dma","cfg":"d2h/ser","legs":1,"bytes_per_leg":134217728,"leg_ns":[13376008],"wall_ns":13377686,"stream_errors":0}
PCIE {"t_ms":1790547186544,"test":"conc","trial":0,"copy":"dma","cfg":"h2d+d2h/ser","legs":2,"bytes_per_leg":134217728,"leg_ns":[15913866,14688064],"wall_ns":15915471,"stream_errors":0}
PCIE {"t_ms":1790547186580,"test":"conc","trial":0,"copy":"staged","cfg":"h2d","legs":1,"bytes_per_leg":134217728,"leg_ns":[36309969],"wall_ns":36312244,"stream_errors":0}
PCIE {"t_ms":1790547186607,"test":"conc","trial":0,"copy":"staged","cfg":"d2h","legs":1,"bytes_per_leg":134217728,"leg_ns":[27187984],"wall_ns":27302408,"stream_errors":0}
PCIE {"t_ms":1790547186653,"test":"conc","trial":0,"copy":"staged","cfg":"h2d+d2h","legs":2,"bytes_per_leg":134217728,"leg_ns":[45509458,41043723],"wall_ns":45511441,"stream_errors":0}
PCIE {"t_ms":1790547186721,"test":"conc","trial":0,"copy":"staged","cfg":"2xh2d","legs":2,"bytes_per_leg":134217728,"leg_ns":[67399619,68022708],"wall_ns":68024942,"stream_errors":0}
PCIE {"t_ms":1790547186778,"test":"conc","trial":0,"copy":"staged","cfg":"2xd2h","legs":2,"bytes_per_leg":134217728,"leg_ns":[55711714,56972408],"wall_ns":56974072,"stream_errors":0}
PCIE {"t_ms":1790547186801,"test":"conc","trial":0,"copy":"staged","cfg":"h2d/ser","legs":1,"bytes_per_leg":134217728,"leg_ns":[23273304],"wall_ns":23275590,"stream_errors":0}
PCIE {"t_ms":1790547186827,"test":"conc","trial":0,"copy":"staged","cfg":"d2h/ser","legs":1,"bytes_per_leg":134217728,"leg_ns":[25903805],"wall_ns":25905538,"stream_errors":0}
PCIE {"t_ms":1790547186872,"test":"conc","trial":0,"copy":"staged","cfg":"h2d+d2h/ser","legs":2,"bytes_per_leg":134217728,"leg_ns":[45282651,38436339],"wall_ns":45285092,"stream_errors":0}
PCIE {"t_ms":1790547186894,"test":"conc","trial":1,"copy":"dma","cfg":"h2d","legs":1,"bytes_per_leg":134217728,"leg_ns":[22017207],"wall_ns":22018839,"stream_errors":0}
PCIE {"t_ms":1790547186906,"test":"conc","trial":1,"copy":"dma","cfg":"d2h","legs":1,"bytes_per_leg":134217728,"leg_ns":[12035417],"wall_ns":12037116,"stream_errors":0}
PCIE {"t_ms":1790547186929,"test":"conc","trial":1,"copy":"dma","cfg":"h2d+d2h","legs":2,"bytes_per_leg":134217728,"leg_ns":[22514102,12177552],"wall_ns":22515800,"stream_errors":0}
PCIE {"t_ms":1790547186974,"test":"conc","trial":1,"copy":"dma","cfg":"2xh2d","legs":2,"bytes_per_leg":134217728,"leg_ns":[44797599,44798020],"wall_ns":44799661,"stream_errors":0}
PCIE {"t_ms":1790547186999,"test":"conc","trial":1,"copy":"dma","cfg":"2xd2h","legs":2,"bytes_per_leg":134217728,"leg_ns":[25863016,25862623],"wall_ns":25864690,"stream_errors":0}
PCIE {"t_ms":1790547187010,"test":"conc","trial":1,"copy":"dma","cfg":"h2d/ser","legs":1,"bytes_per_leg":134217728,"leg_ns":[10768160],"wall_ns":10769759,"stream_errors":0}
PCIE {"t_ms":1790547187024,"test":"conc","trial":1,"copy":"dma","cfg":"d2h/ser","legs":1,"bytes_per_leg":134217728,"leg_ns":[13398674],"wall_ns":13400875,"stream_errors":0}
PCIE {"t_ms":1790547187040,"test":"conc","trial":1,"copy":"dma","cfg":"h2d+d2h/ser","legs":2,"bytes_per_leg":134217728,"leg_ns":[15974606,14854891],"wall_ns":15976749,"stream_errors":0}
PCIE {"t_ms":1790547187074,"test":"conc","trial":1,"copy":"staged","cfg":"h2d","legs":1,"bytes_per_leg":134217728,"leg_ns":[34608693],"wall_ns":34610879,"stream_errors":0}
PCIE {"t_ms":1790547187102,"test":"conc","trial":1,"copy":"staged","cfg":"d2h","legs":1,"bytes_per_leg":134217728,"leg_ns":[27295891],"wall_ns":27299750,"stream_errors":0}
PCIE {"t_ms":1790547187151,"test":"conc","trial":1,"copy":"staged","cfg":"h2d+d2h","legs":2,"bytes_per_leg":134217728,"leg_ns":[49553426,38390458],"wall_ns":49555648,"stream_errors":0}
PCIE {"t_ms":1790547187221,"test":"conc","trial":1,"copy":"staged","cfg":"2xh2d","legs":2,"bytes_per_leg":134217728,"leg_ns":[69784940,69783006],"wall_ns":69787272,"stream_errors":0}
PCIE {"t_ms":1790547187278,"test":"conc","trial":1,"copy":"staged","cfg":"2xd2h","legs":2,"bytes_per_leg":134217728,"leg_ns":[51222850,57249009],"wall_ns":57250815,"stream_errors":0}
PCIE {"t_ms":1790547187301,"test":"conc","trial":1,"copy":"staged","cfg":"h2d/ser","legs":1,"bytes_per_leg":134217728,"leg_ns":[23247674],"wall_ns":23249975,"stream_errors":0}
PCIE {"t_ms":1790547187327,"test":"conc","trial":1,"copy":"staged","cfg":"d2h/ser","legs":1,"bytes_per_leg":134217728,"leg_ns":[25778020],"wall_ns":25779771,"stream_errors":0}
PCIE {"t_ms":1790547187372,"test":"conc","trial":1,"copy":"staged","cfg":"h2d+d2h/ser","legs":2,"bytes_per_leg":134217728,"leg_ns":[45040877,38422343],"wall_ns":45042945,"stream_errors":0}
PCIE {"t_ms":1790547187394,"test":"conc","trial":2,"copy":"dma","cfg":"h2d","legs":1,"bytes_per_leg":134217728,"leg_ns":[22049509],"wall_ns":22051091,"stream_errors":0}
PCIE {"t_ms":1790547187406,"test":"conc","trial":2,"copy":"dma","cfg":"d2h","legs":1,"bytes_per_leg":134217728,"leg_ns":[11953545],"wall_ns":11955221,"stream_errors":0}
PCIE {"t_ms":1790547187429,"test":"conc","trial":2,"copy":"dma","cfg":"h2d+d2h","legs":2,"bytes_per_leg":134217728,"leg_ns":[22177397,12294496],"wall_ns":22179179,"stream_errors":0}
PCIE {"t_ms":1790547187473,"test":"conc","trial":2,"copy":"dma","cfg":"2xh2d","legs":2,"bytes_per_leg":134217728,"leg_ns":[44673184,44673875],"wall_ns":44675721,"stream_errors":0}
PCIE {"t_ms":1790547187499,"test":"conc","trial":2,"copy":"dma","cfg":"2xd2h","legs":2,"bytes_per_leg":134217728,"leg_ns":[25846001,25847046],"wall_ns":25848659,"stream_errors":0}
PCIE {"t_ms":1790547187510,"test":"conc","trial":2,"copy":"dma","cfg":"h2d/ser","legs":1,"bytes_per_leg":134217728,"leg_ns":[10717664],"wall_ns":10719300,"stream_errors":0}
PCIE {"t_ms":1790547187523,"test":"conc","trial":2,"copy":"dma","cfg":"d2h/ser","legs":1,"bytes_per_leg":134217728,"leg_ns":[13190705],"wall_ns":13193497,"stream_errors":0}
PCIE {"t_ms":1790547187539,"test":"conc","trial":2,"copy":"dma","cfg":"h2d+d2h/ser","legs":2,"bytes_per_leg":134217728,"leg_ns":[15800269,14671692],"wall_ns":15805173,"stream_errors":0}
PCIE {"t_ms":1790547187573,"test":"conc","trial":2,"copy":"staged","cfg":"h2d","legs":1,"bytes_per_leg":134217728,"leg_ns":[34587080],"wall_ns":34590557,"stream_errors":0}
PCIE {"t_ms":1790547187601,"test":"conc","trial":2,"copy":"staged","cfg":"d2h","legs":1,"bytes_per_leg":134217728,"leg_ns":[27272506],"wall_ns":27275349,"stream_errors":0}
PCIE {"t_ms":1790547187651,"test":"conc","trial":2,"copy":"staged","cfg":"h2d+d2h","legs":2,"bytes_per_leg":134217728,"leg_ns":[49908712,38200551],"wall_ns":49911736,"stream_errors":0}
PCIE {"t_ms":1790547187719,"test":"conc","trial":2,"copy":"staged","cfg":"2xh2d","legs":2,"bytes_per_leg":134217728,"leg_ns":[68597743,68598368],"wall_ns":68601896,"stream_errors":0}
PCIE {"t_ms":1790547187777,"test":"conc","trial":2,"copy":"staged","cfg":"2xd2h","legs":2,"bytes_per_leg":134217728,"leg_ns":[57300844,57399276],"wall_ns":57630454,"stream_errors":0}
PCIE {"t_ms":1790547187800,"test":"conc","trial":2,"copy":"staged","cfg":"h2d/ser","legs":1,"bytes_per_leg":134217728,"leg_ns":[23327115],"wall_ns":23330573,"stream_errors":0}
PCIE {"t_ms":1790547187826,"test":"conc","trial":2,"copy":"staged","cfg":"d2h/ser","legs":1,"bytes_per_leg":134217728,"leg_ns":[25848704],"wall_ns":25851623,"stream_errors":0}
PCIE {"t_ms":1790547187871,"test":"conc","trial":2,"copy":"staged","cfg":"h2d+d2h/ser","legs":2,"bytes_per_leg":134217728,"leg_ns":[44718077,38480131],"wall_ns":44721779,"stream_errors":0}
PCIE {"t_ms":1790547187879,"test":"done","which":"conc","elapsed_s":1.788605}
