aifoundry2: 82 configurations x 3 passes, about 74 min
pass 0 wbern/p0.25/hop1: 8 launches
pass 0 wlegacy/random/hop3: 8 launches
pass 0 wbern/p0.1/hop2: 8 launches
pass 0 wbern/p0.9/hop4: 8 launches
pass 0 waxis/x/hop3/p0: 8 launches
pass 0 wbern/p0.9/hop2: 8 launches
pass 0 walt/n128/hop1: 8 launches
pass 0 walt/n256/hop6: 8 launches
pass 0 wbern/p0.5/hop1: 8 launches
pass 0 wbern/p0.9/hop0: 8 launches
pass 0 wbern/p0.1/hop0: 8 launches
pass 0 walt/n16/hop3: 8 launches
pass 0 walt/n32/hop6: 8 launches
pass 0 wbern/p1/hop4: 8 launches
pass 0 walt/n16/hop6: 8 launches
pass 0 wbern/p0.75/hop3: 8 launches
pass 0 wbern/p0.75/hop1: 8 launches
pass 0 wbern/p0.9/hop6: 8 launches
pass 0 wbern/p0.5/hop3: 8 launches
pass 0 wlegacy/random/hop1: 8 launches
pass 0 wbern/p0.5/hop4: 8 launches
pass 0 walt/n16/hop0: 8 launches
pass 0 walt/n64/hop3: 8 launches
pass 0 waxis/x/hop1/p0.5: 8 launches
pass 0 walt/n64/hop1: 8 launches
pass 0 walt/n16/hop1: 8 launches
pass 0 wbern/p0.1/hop3: 8 launches
pass 0 walt/n32/hop3: 8 launches
pass 0 wbern/p0.1/hop1: 8 launches
pass 0 waxis/y/hop4/p0: 8 launches
pass 0 walt/n256/hop0: 8 launches
pass 0 wbern/p0.25/hop4: 8 launches
pass 0 wbern/p1/hop0: 8 launches
pass 0 wbern/p0.75/hop2: 8 launches
pass 0 wbern/p0.25/hop6: 8 launches
pass 0 walt/n32/hop0: 8 launches
pass 0 waxis/y/hop2/p0.5: 8 launches
pass 0 walt/n128/hop3: 8 launches
pass 0 wbern/p0.9/hop1: 8 launches
pass 0 waxis/x/hop3/p0.5: 8 launches
pass 0 wbern/p0.25/hop2: 8 launches
pass 0 walt/n128/hop0: 8 launches
pass 0 waxis/x/hop2/p0: 8 launches
pass 0 wbern/p1/hop1: 8 launches
pass 0 wbern/p0.75/hop4: 8 launches
pass 0 wbern/p0.5/hop2: 8 launches
pass 0 wbern/p0.75/hop6: 8 launches
pass 0 wbern/p0/hop1: 8 launches
pass 0 waxis/x/hop4/p0: 8 launches
pass 0 wbern/p0.25/hop3: 8 launches
pass 0 waxis/y/hop1/p0: 8 launches
pass 0 wbern/p0/hop2: 8 launches
pass 0 wbern/p0/hop3: 8 launches
pass 0 wbern/p0/hop4: 8 launches
pass 0 wbern/p0.9/hop3: 8 launches
pass 0 walt/n64/hop6: 8 launches
pass 0 wbern/p0/hop0: 8 launches
pass 0 waxis/y/hop2/p0: 8 launches
pass 0 wbern/p0.1/hop4: 8 launches
pass 0 waxis/x/hop1/p0: 8 launches
pass 0 wbern/p1/hop3: 8 launches
pass 0 walt/n32/hop1: 8 launches
pass 0 wbern/p1/hop6: 8 launches
pass 0 waxis/x/hop4/p0.5: 8 launches
pass 0 walt/n64/hop0: 8 launches
pass 0 wbern/p0/hop6: 8 launches
pass 0 wbern/p0.1/hop6: 8 launches
pass 0 wbern/p0.5/hop0: 8 launches
pass 0 wbern/p1/hop2: 8 launches
pass 0 wlegacy/random/hop0: 8 launches
pass 0 wbern/p0.25/hop0: 8 launches
pass 0 waxis/y/hop3/p0: 8 launches
pass 0 walt/n256/hop3: 8 launches
pass 0 waxis/y/hop4/p0.5: 8 launches
pass 0 wbern/p0.5/hop6: 8 launches
pass 0 wbern/p0.75/hop0: 8 launches
pass 0 waxis/y/hop3/p0.5: 8 launches
pass 0 waxis/x/hop2/p0.5: 8 launches
pass 0 wlegacy/random/hop6: 8 launches
pass 0 walt/n256/hop1: 8 launches
pass 0 waxis/y/hop1/p0.5: 8 launches
pass 0 walt/n128/hop6: 8 launches
pass 1 wbern/p1/hop4: 8 launches
pass 1 wbern/p1/hop6: 8 launches
pass 1 wbern/p1/hop1: 8 launches
pass 1 wbern/p0.1/hop3: 8 launches
pass 1 wbern/p0.9/hop1: 8 launches
pass 1 wbern/p0.5/hop4: 8 launches
pass 1 wbern/p0.5/hop6: 8 launches
pass 1 wbern/p1/hop2: 8 launches
pass 1 walt/n16/hop6: 8 launches
pass 1 walt/n32/hop6: 8 launches
pass 1 waxis/y/hop1/p0.5: 8 launches
pass 1 wbern/p0.9/hop3: 8 launches
pass 1 waxis/x/hop4/p0: 8 launches
pass 1 wbern/p0.75/hop0: 8 launches
pass 1 waxis/x/hop3/p0: 8 launches
pass 1 wbern/p0.25/hop4: 8 launches
pass 1 wbern/p0.1/hop6: 8 launches
pass 1 wbern/p1/hop3: 8 launches
pass 1 wbern/p0.1/hop0: 8 launches
pass 1 wbern/p0/hop2: 8 launches
pass 1 waxis/x/hop4/p0.5: 8 launches
pass 1 wbern/p0.25/hop6: 8 launches
pass 1 wbern/p0.9/hop0: 8 launches
pass 1 waxis/x/hop1/p0.5: 8 launches
pass 1 walt/n128/hop1: 8 launches
pass 1 wbern/p0.25/hop3: 8 launches
pass 1 waxis/y/hop1/p0: 8 launches
pass 1 walt/n128/hop0: 8 launches
pass 1 wbern/p0.25/hop1: 8 launches
pass 1 wbern/p0.5/hop1: 8 launches
pass 1 walt/n256/hop1: 8 launches
pass 1 wlegacy/random/hop0: 8 launches
pass 1 walt/n32/hop0: 8 launches
pass 1 waxis/y/hop2/p0.5: 8 launches
pass 1 waxis/y/hop4/p0: 8 launches
pass 1 wbern/p0.1/hop4: 8 launches
pass 1 waxis/y/hop2/p0: 8 launches
pass 1 waxis/x/hop2/p0.5: 8 launches
pass 1 wlegacy/random/hop3: 8 launches
pass 1 wbern/p0.1/hop2: 8 launches
pass 1 walt/n64/hop6: 8 launches
pass 1 wbern/p0.1/hop1: 8 launches
pass 1 wbern/p0.75/hop4: 8 launches
pass 1 wbern/p0.75/hop3: 8 launches
pass 1 walt/n64/hop0: 8 launches
pass 1 wbern/p0.25/hop2: 8 launches
pass 1 walt/n128/hop6: 8 launches
pass 1 walt/n16/hop0: 8 launches
pass 1 waxis/x/hop1/p0: 8 launches
pass 1 waxis/y/hop3/p0.5: 8 launches
pass 1 wbern/p0/hop6: 8 launches
pass 1 walt/n64/hop1: 8 launches
pass 1 wbern/p0.75/hop1: 8 launches
pass 1 wlegacy/random/hop1: 8 launches
pass 1 wbern/p0.5/hop3: 8 launches
pass 1 wlegacy/random/hop6: 8 launches
pass 1 waxis/x/hop2/p0: 8 launches
pass 1 wbern/p0.9/hop2: 8 launches
pass 1 wbern/p0/hop4: 8 launches
pass 1 wbern/p0.25/hop0: 8 launches
pass 1 walt/n64/hop3: 8 launches
pass 1 wbern/p1/hop0: 8 launches
pass 1 wbern/p0/hop3: 8 launches
pass 1 wbern/p0.75/hop2: 8 launches
pass 1 walt/n16/hop1: 8 launches
pass 1 wbern/p0.5/hop2: 8 launches
pass 1 waxis/y/hop3/p0: 8 launches
pass 1 walt/n128/hop3: 8 launches
pass 1 waxis/y/hop4/p0.5: 8 launches
pass 1 wbern/p0/hop0: 8 launches
pass 1 wbern/p0.75/hop6: 8 launches
pass 1 walt/n256/hop0: 8 launches
pass 1 wbern/p0.9/hop6: 8 launches
pass 1 walt/n256/hop6: 8 launches
pass 1 walt/n32/hop1: 8 launches
pass 1 wbern/p0/hop1: 8 launches
pass 1 walt/n32/hop3: 8 launches
pass 1 wbern/p0.5/hop0: 8 launches
pass 1 walt/n16/hop3: 8 launches
pass 1 waxis/x/hop3/p0.5: 8 launches
pass 1 wbern/p0.9/hop4: 8 launches
pass 1 walt/n256/hop3: 8 launches
pass 2 wbern/p0.9/hop0: 8 launches
pass 2 waxis/x/hop1/p0.5: 8 launches
pass 2 waxis/x/hop2/p0: 8 launches
pass 2 wbern/p0.5/hop3: 8 launches
pass 2 wbern/p1/hop3: 8 launches
pass 2 wbern/p0/hop0: 8 launches
pass 2 wbern/p0.25/hop1: 8 launches
pass 2 wbern/p0.25/hop6: 8 launches
pass 2 wlegacy/random/hop0: 8 launches
pass 2 waxis/x/hop3/p0: 8 launches
pass 2 wbern/p0/hop2: 8 launches
pass 2 wbern/p0.9/hop2: 8 launches
pass 2 wbern/p0.75/hop0: 8 launches
pass 2 waxis/x/hop4/p0.5: 8 launches
pass 2 walt/n16/hop1: 8 launches
pass 2 wbern/p1/hop6: 8 launches
pass 2 wbern/p1/hop2: 8 launches
pass 2 wbern/p0.25/hop3: 8 launches
pass 2 wbern/p0/hop4: 8 launches
pass 2 wbern/p0.25/hop0: 8 launches
pass 2 waxis/y/hop1/p0: 8 launches
pass 2 wbern/p0.5/hop1: 8 launches
pass 2 wbern/p0.75/hop1: 8 launches
pass 2 walt/n32/hop3: 8 launches
pass 2 wbern/p0.75/hop2: 8 launches
pass 2 wbern/p0.9/hop4: 8 launches
pass 2 walt/n128/hop0: 8 launches
pass 2 walt/n16/hop6: 8 launches
pass 2 wbern/p0/hop6: 8 launches
pass 2 wbern/p0.1/hop0: 8 launches
pass 2 waxis/y/hop2/p0.5: 8 launches
pass 2 wbern/p0.1/hop6: 8 launches
pass 2 wlegacy/random/hop6: 8 launches
pass 2 walt/n32/hop0: 8 launches
pass 2 walt/n256/hop1: 8 launches
pass 2 waxis/x/hop1/p0: 8 launches
pass 2 walt/n256/hop0: 8 launches
pass 2 walt/n32/hop6: 8 launches
pass 2 wbern/p0.1/hop1: 8 launches
pass 2 wbern/p0.5/hop2: 8 launches
pass 2 wbern/p1/hop4: 8 launches
pass 2 walt/n16/hop3: 8 launches
pass 2 waxis/y/hop3/p0.5: 8 launches
pass 2 walt/n16/hop0: 8 launches
pass 2 walt/n64/hop6: 8 launches
pass 2 wbern/p1/hop0: 8 launches
pass 2 waxis/x/hop2/p0.5: 8 launches
pass 2 wbern/p0.9/hop1: 8 launches
pass 2 wbern/p0.25/hop2: 8 launches
pass 2 wbern/p0.5/hop4: 8 launches
pass 2 walt/n128/hop6: 8 launches
pass 2 walt/n256/hop6: 8 launches
pass 2 wbern/p0.1/hop2: 8 launches
pass 2 waxis/y/hop1/p0.5: 8 launches
pass 2 walt/n32/hop1: 8 launches
pass 2 waxis/y/hop4/p0: 8 launches
pass 2 walt/n64/hop3: 8 launches
pass 2 waxis/x/hop3/p0.5: 8 launches
pass 2 walt/n256/hop3: 8 launches
pass 2 walt/n128/hop3: 8 launches
pass 2 walt/n64/hop1: 8 launches
pass 2 walt/n64/hop0: 8 launches
pass 2 waxis/y/hop2/p0: 8 launches
pass 2 wbern/p0.1/hop4: 8 launches
pass 2 waxis/y/hop4/p0.5: 8 launches
pass 2 wbern/p0.9/hop6: 8 launches
pass 2 wbern/p0/hop1: 8 launches
pass 2 waxis/y/hop3/p0: 8 launches
pass 2 walt/n128/hop1: 8 launches
pass 2 wbern/p0/hop3: 8 launches
pass 2 wlegacy/random/hop3: 8 launches
pass 2 wbern/p0.75/hop3: 8 launches
pass 2 waxis/x/hop4/p0: 8 launches
pass 2 wbern/p0.1/hop3: 8 launches
pass 2 wbern/p0.25/hop4: 8 launches
pass 2 wlegacy/random/hop1: 8 launches
pass 2 wbern/p0.75/hop4: 8 launches
pass 2 wbern/p0.5/hop0: 8 launches
pass 2 wbern/p0.75/hop6: 8 launches
pass 2 wbern/p0.5/hop6: 8 launches
pass 2 wbern/p1/hop1: 8 launches
pass 2 wbern/p0.9/hop3: 8 launches
done
