08:17:23 sparseparity card_run m4 on aifoundry3 (lock /run/lock/etsoc-shire0.lock), out ../sparseparity-card/aifoundry3-m4-0817
08:17:23 kernel /home/yaroslavvb/nekko/build/sparseparity-h-src/../sparseparity-h/kernel/sparseparity.elf: .text sha256 4c2e7bdeb1b4e614109eca32fce8506291ff4ef49ac513237d84f5b57484015f
08:17:24 m4-probe-l2-scp1 [PASS, model 0.29 s] OK PASS launch_s [0.332966] x1.15 of model open_s 0.18 cyc/op 3440.3 MHz 599 cyc max/med 199537559/195699000 wait 144542539 solved False unique True sum_c partial sum_c2 partial oracle 'exact, all 32 minions' coverage partial stage scp/1 scp_kb_device 2560 problems []
08:17:26 m4-probe-l2-dram1 [PASS, model 0.49 s] OK PASS launch_s [0.556367] x1.15 of model open_s 0.18 cyc/op 5752.5 MHz 600 cyc max/med 333647528/333503000 wait 271160127 solved False unique True sum_c partial sum_c2 partial oracle 'exact, all 32 minions' coverage partial stage dram/1 scp_kb_device 2560 problems []
08:17:27 m4-probe-l2-dram2 [PASS, model 0.45 s] OK PASS launch_s [0.523252] x1.17 of model open_s 0.18 cyc/op 5410.0 MHz 600 cyc max/med 313782511/311183000 wait 204543922 solved False unique True sum_c partial sum_c2 partial oracle 'exact, all 32 minions' coverage partial stage dram/2 scp_kb_device 2560 problems []
08:17:28 m4-probe-l2-scp1-abuf3 [PASS, model 0.28 s] OK PASS launch_s [0.333479] x1.18 of model open_s 0.18 cyc/op 3446.3 MHz 599 cyc max/med 199887563/196680000 wait 146872297 solved False unique True sum_c partial sum_c2 partial oracle 'exact, all 32 minions' coverage partial stage scp/1 scp_kb_device 2560 problems []
08:17:28 m4-probe-c1-scp1 [PASS, model 5 ms] OK PASS launch_s [0.00657162] x1.44 of model SLOW open_s 0.18 cyc/op 6283.0 MHz 574 cyc max/med 3769817/3578380 wait 361284 solved True unique True sum_c partial sum_c2 partial oracle 'exact, all 32 minions' coverage partial stage scp/1 scp_kb_device 2560 problems []
08:17:29 m4-probe-c1-dram1 [PASS, model 7 ms] OK PASS launch_s [0.00640272] x0.97 of model open_s 0.18 cyc/op 6229.2 MHz 584 cyc max/med 3737527/3558150 wait 460035 solved True unique True sum_c partial sum_c2 partial oracle 'exact, all 32 minions' coverage partial stage dram/1 scp_kb_device 2560 problems []
08:17:30 m4-1s-l1-w-m1 [PASS, model 1.12 s] OK PASS launch_s [1.21018] x1.08 of model open_s 0.18 cyc/op 823.2 MHz 600 cyc max/med 725967819/718854000 wait 1694418 solved False unique True sum_c partial sum_c2 partial oracle 'exact, 1 of 32 minions (sampled)' coverage partial stage scp/2 scp_kb_device 2560 problems []
08:17:43   m4-1s-l1-w-m1 offline verify: PASS exact, all 32 minions
08:17:45 m4-1s-l1-w-a [PASS, model 1.11 s] OK PASS launch_s [1.20608] x1.09 of model open_s 0.18 cyc/op 816.7 MHz 600 cyc max/med 723402322/720204000 wait 1702794 solved False unique True sum_c partial sum_c2 partial oracle 'exact, 1 of 32 minions (sampled)' coverage partial stage scp/2 scp_kb_device 2560 problems []
08:17:58   m4-1s-l1-w-a offline verify: PASS exact, all 32 minions
08:18:00 m4-1s-l1-w-m4 [PASS, model 0.69 s] OK PASS launch_s [1.70555] x2.45 of model SLOW open_s 0.18 cyc/op 1154.7 MHz 600 cyc max/med 1023139733/1013940000 wait 1650892 solved False unique True sum_c partial sum_c2 partial oracle 'exact, 1 of 32 minions (sampled)' coverage partial stage scp/2 scp_kb_device 2560 problems []
08:18:13   m4-1s-l1-w-m4 offline verify: PASS exact, all 32 minions
08:18:15 m4-1s-l1-w-m4d [PASS, model 0.59 s] OK PASS launch_s [1.78938] x3.06 of model SLOW open_s 0.18 cyc/op 1210.2 MHz 600 cyc max/med 1073409983/1056870000 wait 1538028 solved False unique True sum_c partial sum_c2 partial oracle 'exact, 1 of 32 minions (sampled)' coverage partial stage scp/2 scp_kb_device 2560 problems []
08:18:28   m4-1s-l1-w-m4d offline verify: PASS exact, all 32 minions
08:18:31 m4-1s-l1-n-m1 [PASS, model 2.48 s] OK PASS launch_s [2.43915] x0.99 of model open_s 0.18 cyc/op 1906.0 MHz 600 cyc max/med 1463303265/1051330000 wait 591503316 solved False unique True sum_c partial sum_c2 partial oracle 'exact, 1 of 32 minions (sampled)' coverage partial stage scp/2 scp_kb_device 2560 problems []
08:18:42   m4-1s-l1-n-m1 offline verify: PASS exact, all 32 minions
08:18:45 m4-1s-l1-n-a [PASS, model 1.92 s] OK PASS launch_s [1.93386] x1.01 of model open_s 0.18 cyc/op 1563.2 MHz 600 cyc max/med 1160124481/1147560000 wait 364093721 solved False unique True sum_c partial sum_c2 partial oracle 'exact, 1 of 32 minions (sampled)' coverage partial stage scp/2 scp_kb_device 2560 problems []
08:18:56   m4-1s-l1-n-a offline verify: PASS exact, all 32 minions
08:18:59 m4-1s-l1-n-m4 [PASS, model 1.25 s] OK PASS launch_s [2.40716] x1.93 of model SLOW open_s 0.18 cyc/op 1480.0 MHz 600 cyc max/med 1443999278/1278480000 wait 39406522 solved False unique True sum_c partial sum_c2 partial oracle 'exact, 1 of 32 minions (sampled)' coverage partial stage scp/2 scp_kb_device 2560 problems []
08:19:10   m4-1s-l1-n-m4 offline verify: PASS exact, all 32 minions
08:19:13 m4-1s-l1-n-m4d [PASS, model 1.20 s] OK PASS launch_s [2.46784] x2.06 of model SLOW open_s 0.18 cyc/op 1561.0 MHz 600 cyc max/med 1480447977/1343430000 wait 52532297 solved False unique True sum_c partial sum_c2 partial oracle 'exact, 1 of 32 minions (sampled)' coverage partial stage scp/2 scp_kb_device 2560 problems []
08:19:24   m4-1s-l1-n-m4d offline verify: PASS exact, all 32 minions
08:19:26 m4-1s-l2-w-m1 [PASS, model 1.50 s] OK PASS launch_s [1.44335] x0.96 of model open_s 0.18 cyc/op 627.8 MHz 600 cyc max/med 865802442/854274000 wait 253608067 solved False unique True sum_c partial sum_c2 partial oracle 'exact, 1 of 32 minions (sampled)' coverage partial stage scp/1 scp_kb_device 2560 problems []
08:19:36   m4-1s-l2-w-m1 offline verify: PASS exact, all 32 minions
08:19:38 m4-1s-l2-w-a [PASS, model 1.48 s] OK PASS launch_s [1.44724] x0.98 of model open_s 0.18 cyc/op 622.6 MHz 600 cyc max/med 868180874/851829000 wait 252946710 solved False unique True sum_c partial sum_c2 partial oracle 'exact, 2 of 32 minions (sampled)' coverage partial stage scp/1 scp_kb_device 2560 problems []
08:19:47   m4-1s-l2-w-a offline verify: PASS exact, all 32 minions
08:19:50 m4-1s-l2-w-m4 [PASS, model 1.18 s] OK PASS launch_s [1.70154] x1.44 of model SLOW open_s 0.18 cyc/op 744.1 MHz 600 cyc max/med 1020710597/1016970000 wait 189427470 solved False unique True sum_c partial sum_c2 partial oracle 'exact, 1 of 32 minions (sampled)' coverage partial stage scp/1 scp_kb_device 2560 problems []
08:19:59   m4-1s-l2-w-m4 offline verify: PASS exact, all 32 minions
08:20:02 m4-1s-l2-w-m4d [PASS, model 1.01 s] OK PASS launch_s [1.81046] x1.79 of model SLOW open_s 0.18 cyc/op 779.1 MHz 600 cyc max/med 1086018387/1079880000 wait 198256086 solved False unique True sum_c partial sum_c2 partial oracle 'exact, 1 of 32 minions (sampled)' coverage partial stage scp/1 scp_kb_device 2560 problems []
08:20:11   m4-1s-l2-w-m4d offline verify: PASS exact, all 32 minions
08:20:14 m4-1s-l2-n-m1 [PASS, model 2.71 s] OK PASS launch_s [2.49733] x0.92 of model open_s 0.18 cyc/op 2823.8 MHz 600 cyc max/med 1498242155/1430450000 wait 1215724875 solved False unique True sum_c partial sum_c2 partial oracle 'exact, 4 of 32 minions (sampled)' coverage partial stage scp/1 scp_kb_device 2560 problems []
08:20:18   m4-1s-l2-n-m1 offline verify: PASS exact, all 32 minions
08:20:21 m4-1s-l2-n-a [PASS, model 2.52 s] OK PASS launch_s [2.3633] x0.94 of model open_s 0.18 cyc/op 2474.7 MHz 600 cyc max/med 1417802176/1400380000 wait 1135637923 solved False unique True sum_c partial sum_c2 partial oracle 'exact, 4 of 32 minions (sampled)' coverage partial stage scp/1 scp_kb_device 2560 problems []
08:20:25   m4-1s-l2-n-a offline verify: PASS exact, all 32 minions
08:20:27 m4-1s-l2-n-m4 [PASS, model 1.66 s] OK PASS launch_s [2.05416] x1.24 of model open_s 0.18 cyc/op 1990.1 MHz 600 cyc max/med 1232301628/1207050000 wait 764763288 solved False unique True sum_c partial sum_c2 partial oracle 'exact, 4 of 32 minions (sampled)' coverage partial stage scp/1 scp_kb_device 2560 problems []
08:20:31   m4-1s-l2-n-m4 offline verify: PASS exact, all 32 minions
08:20:34 m4-1s-l2-n-m4d [PASS, model 1.59 s] OK PASS launch_s [2.14803] x1.35 of model SLOW open_s 0.18 cyc/op 2058.9 MHz 600 cyc max/med 1288641163/1257060000 wait 793329372 solved False unique True sum_c partial sum_c2 partial oracle 'exact, 4 of 32 minions (sampled)' coverage partial stage scp/1 scp_kb_device 2560 problems []
08:20:38   m4-1s-l2-n-m4d offline verify: PASS exact, all 32 minions
08:20:39 m4-32s-l1-m1 [PASS, model 207 ms] OK PASS launch_s [0.204741] x0.99 of model open_s 0.18 cyc/op 1643.6 MHz 599 cyc max/med 122657933/77220800 wait 49232390 solved True unique True sum_c ok sum_c2 ok oracle 'exact, 17 of 1024 minions (sampled)' coverage full stage scp/2 scp_kb_device 2560 problems []
08:20:40 m4-32s-l1-a [PASS, model 134 ms] OK PASS launch_s [0.142282] x1.06 of model open_s 0.18 cyc/op 927.8 MHz 598 cyc max/med 85127455/82715200 wait 17292907 solved True unique True sum_c ok sum_c2 ok oracle 'exact, 17 of 1024 minions (sampled)' coverage full stage scp/2 scp_kb_device 2560 problems []
08:20:41 m4-32s-l1-b [PASS, model 113 ms] OK PASS launch_s [0.130268] x1.15 of model open_s 0.18 cyc/op 905.6 MHz 598 cyc max/med 77924796/75099200 wait 8867011 solved True unique True sum_c ok sum_c2 ok oracle 'exact, 17 of 1024 minions (sampled)' coverage full stage scp/2 scp_kb_device 2560 problems []
08:20:42 m4-32s-l1-c [PASS, model 110 ms] OK PASS launch_s [0.202641] x1.84 of model SLOW open_s 0.18 cyc/op 1272.5 MHz 599 cyc max/med 121363147/106653000 wait 10616939 solved True unique True sum_c ok sum_c2 ok oracle 'exact, 17 of 1024 minions (sampled)' coverage full stage scp/2 scp_kb_device 2560 problems []
08:20:44 m4-32s-l1-m4 [PASS, model 86 ms] OK PASS launch_s [0.197942] x2.31 of model SLOW open_s 0.18 cyc/op 1288.6 MHz 599 cyc max/med 118562594/108059000 wait 4247872 solved True unique True sum_c ok sum_c2 ok oracle 'exact, 17 of 1024 minions (sampled)' coverage full stage scp/2 scp_kb_device 2560 problems []
08:20:45 m4-32s-l1-m4d [PASS, model 78 ms] OK PASS launch_s [0.215861] x2.76 of model SLOW open_s 0.18 cyc/op 1364.0 MHz 599 cyc max/med 129364830/114962000 wait 4018615 solved True unique True sum_c ok sum_c2 ok oracle 'exact, 18 of 1024 minions (sampled)' coverage full stage scp/2 scp_kb_device 2560 problems []
08:20:47 m4-32s-l2-m1 [PASS, model 835 ms] OK PASS launch_s [0.754926] x0.90 of model open_s 0.18 cyc/op 1466.2 MHz 600 cyc max/med 452791087/294196000 wait 303532396 solved True unique True sum_c ok sum_c2 ok oracle 'exact, 8 of 1024 minions (sampled)' coverage full stage scp/1 scp_kb_device 2560 problems []
08:20:48 m4-32s-l2-a [PASS, model 545 ms] OK PASS launch_s [0.529668] x0.97 of model open_s 0.18 cyc/op 819.1 MHz 600 cyc max/med 317645952/310681000 wait 180857997 solved True unique True sum_c ok sum_c2 ok oracle 'exact, 7 of 1024 minions (sampled)' coverage full stage scp/1 scp_kb_device 2560 problems []
08:20:49 m4-32s-l2-b [PASS, model 427 ms] OK PASS launch_s [0.42934] x1.00 of model open_s 0.18 cyc/op 726.9 MHz 599 cyc max/med 257356994/252096000 wait 117840685 solved True unique True sum_c ok sum_c2 ok oracle 'exact, 8 of 1024 minions (sampled)' coverage full stage scp/1 scp_kb_device 2560 problems []
08:20:51 m4-32s-l2-c [PASS, model 520 ms] OK PASS launch_s [0.707516] x1.36 of model SLOW open_s 0.18 cyc/op 1065.9 MHz 600 cyc max/med 424326415/393542000 wait 196434313 solved True unique True sum_c ok sum_c2 ok oracle 'exact, 8 of 1024 minions (sampled)' coverage full stage scp/1 scp_kb_device 2560 problems []
08:20:53 m4-32s-l2-m4 [PASS, model 403 ms] OK PASS launch_s [0.580739] x1.44 of model SLOW open_s 0.18 cyc/op 924.6 MHz 600 cyc max/med 348239239/335132000 wait 132672286 solved True unique True sum_c ok sum_c2 ok oracle 'exact, 8 of 1024 minions (sampled)' coverage full stage scp/1 scp_kb_device 2560 problems []
08:20:54 m4-32s-l2-m4d [PASS, model 362 ms] OK PASS launch_s [0.62471] x1.73 of model SLOW open_s 0.18 cyc/op 962.3 MHz 600 cyc max/med 374647151/352647000 wait 133309540 solved True unique True sum_c ok sum_c2 ok oracle 'exact, 8 of 1024 minions (sampled)' coverage full stage scp/1 scp_kb_device 2560 problems []
08:20:56 m4-32s-l2-m4a [PASS, model 545 ms] OK PASS launch_s [0.597187] x1.10 of model open_s 0.18 cyc/op 899.0 MHz 600 cyc max/med 358123491/334561000 wait 127247995 solved True unique True sum_c ok sum_c2 ok oracle 'exact, 8 of 1024 minions (sampled)' coverage full stage scp/1 scp_kb_device 2560 problems []
08:20:58 m4-32s-f5-h0-m1 [PASS, model 1.30 s] OK PASS launch_s [1.31309] x1.01 of model open_s 0.18 cyc/op 1240.4 MHz 600 cyc max/med 787643059/743735000 wait 493745900 solved True unique True sum_c partial sum_c2 partial oracle 'exact, 4 of 1024 minions (sampled)' coverage partial stage scp/1 scp_kb_device 2560 problems []
08:23:43   m4-32s-f5-h0-m1 offline verify: PASS exact, all 1024 minions
08:23:45 m4-32s-f5-h0-m4 [PASS, model 0.83 s] OK PASS launch_s [1.26019] x1.51 of model SLOW open_s 0.18 cyc/op 1098.2 MHz 600 cyc max/med 755933973/738675000 wait 318162468 solved True unique True sum_c partial sum_c2 partial oracle 'exact, 4 of 1024 minions (sampled)' coverage partial stage scp/1 scp_kb_device 2560 problems []
08:26:30   m4-32s-f5-h0-m4 offline verify: PASS exact, all 1024 minions
08:26:33 m4-32s-f5-h0-m4d [PASS, model 0.76 s] OK PASS launch_s [1.34131] x1.78 of model SLOW open_s 0.18 cyc/op 1145.2 MHz 600 cyc max/med 804633712/777650000 wait 328553815 solved True unique True sum_c partial sum_c2 partial oracle 'exact, 4 of 1024 minions (sampled)' coverage partial stage scp/1 scp_kb_device 2560 problems []
08:29:18   m4-32s-f5-h0-m4d offline verify: PASS exact, all 1024 minions
08:29:21 m4-32s-f5-h1-m1 [PASS, model 2.55 s] OK PASS launch_s [2.59247] x1.02 of model open_s 0.18 cyc/op 2852.6 MHz 600 cyc max/med 1555202354/1511070000 wait 1272925730 solved False unique True sum_c partial sum_c2 partial oracle 'exact, 4 of 1024 minions (sampled)' coverage partial stage scp/1 scp_kb_device 2560 problems []
08:31:43   m4-32s-f5-h1-m1 offline verify: PASS exact, all 1024 minions
08:31:46 m4-32s-f5-h1-m4 [PASS, model 1.41 s] OK PASS launch_s [1.9603] x1.39 of model SLOW open_s 0.18 cyc/op 1992.8 MHz 600 cyc max/med 1175883150/1138270000 wait 748642000 solved False unique True sum_c partial sum_c2 partial oracle 'exact, 4 of 1024 minions (sampled)' coverage partial stage scp/1 scp_kb_device 2560 problems []
08:34:07   m4-32s-f5-h1-m4 offline verify: PASS exact, all 1024 minions
08:34:10 m4-32s-f5-h1-m4d [PASS, model 1.34 s] OK PASS launch_s [2.0547] x1.53 of model SLOW open_s 0.18 cyc/op 1937.3 MHz 600 cyc max/med 1232624547/1178590000 wait 751411433 solved False unique True sum_c partial sum_c2 partial oracle 'exact, 4 of 1024 minions (sampled)' coverage partial stage scp/1 scp_kb_device 2560 problems []
08:36:32   m4-32s-f5-h1-m4d offline verify: PASS exact, all 1024 minions
08:36:32 SKIP m4-32s-f5-m4: its guard trusts M4's predicted model (--trust-model), and not every gate ran within x1.3 of its model in ../sparseparity-card/aifoundry3-m4-0817: m4-32s-f5-h0-m4 m4-32s-f5-h1-m4 (run the gates with --out ../sparseparity-card/aifoundry3-m4-0817 first, or refit the constants and pass --pipe-set)
08:37:08   m4-32s-l1-m4 offline verify (full oracle): PASS exact, all 1024 minions
08:37:44   m4-32s-l1-m4d offline verify (full oracle): PASS exact, all 1024 minions
08:38:56   m4-32s-l2-m4 offline verify (full oracle): PASS exact, all 1024 minions
08:40:07   m4-32s-l2-m4d offline verify (full oracle): PASS exact, all 1024 minions
08:40:07 DONE m4: every step run as expected; skipped (gates): m4-32s-f5-m4
