aifoundry1-c1: 101 configurations x 1 passes, at most 17 min; host build/enercat_gs/host/enercat_host
pass 0 gs/E/fgw.ps/dram-1K/rand/random/h2/mff/n1024: 8 launches (die 70 -> 70 C, 0 heater)
pass 0 gs/E/fgw.ps/scp-16K/s16/random/h2/mff/n1024: 8 launches (die 70 -> 70 C, 0 heater)
pass 0 gs/E/fgw.ps/dram-4K/line/random/h2/mff/n1024: 8 launches (die 69 -> 69 C, 0 heater)
pass 0 gs/E/famoaddg.pi/dram-512B/bcast/zeros/h2/mff/n1024: 8 launches (die 67 -> 67 C, 0 heater)
pass 0 gs/E/fsw/scp-16K/rand/random/h2/mff/n1024: 8 launches (die 65 -> 65 C, 0 heater)
pass 0 gs/E/fscwg.ps/dram-256K/rand/random/h2/mff/n1024: 8 launches (die 66 -> 66 C, 0 heater)
pass 0 gs/E/fsw/dram-512B/rand/random/h2/mff/n1024: 8 launches (die 64 -> 64 C, 0 heater)
pass 0 gs/E/fscw.ps/dram-256K/unit/random/h2/mff/n1024: 8 launches (die 64 -> 64 C, 0 heater)
pass 0 gs/E/fgw.ps/scp-16K/rand/zeros/h2/mff/n1024: 8 launches (die 63 -> 63 C, 0 heater)
pass 0 gs/E/fgw.ps/dram-4K/s16/random/h2/mff/n1024: 8 launches (die 62 -> 62 C, 0 heater)
pass 0 gs/E/fsch.ps/dram-512B/rand/random/h2/mff/n1024: 8 launches (die 62 -> 62 C, 0 heater)
pass 0 gs/E/fgw.ps/dram-256K/s16/random/h2/mff/n1024: 8 launches (die 61 -> 61 C, 0 heater)
pass 0 gs/E/fscw.ps/dram-512B/rand/random/h2/mff/n1024: 8 launches (die 61 -> 61 C, 0 heater)
pass 0 gs/E/fgw.ps/dram-512B/bcast/random/h2/mff/n1024: 8 launches (die 61 -> 61 C, 0 heater)
pass 0 gs/E/fsc32w.ps/dram-4K/rand/random/h2/mff/n1024: 8 launches (die 60 -> 60 C, 0 heater)
pass 0 gs/E/fg32w.ps/dram-4K/rand/random/h2/mff/n1024: 8 launches (die 62 -> 62 C, 0 heater)
pass 0 gs/E/amoaddl.w/shire-256K/rand/zeros/h2/mff/n1024: 8 launches (die 61 -> 61 C, 0 heater)
pass 0 gs/E/fscw.ps/dram-512B/unit/random/h2/mff/n1024: 8 launches (die 60 -> 60 C, 0 heater)
pass 0 gs/E/fgw.ps/dram-4K/unit/random/h2/mff/n1024: 8 launches (die 60 -> 60 C, 0 heater)
pass 0 gs/E/fg32w.ps/dram-256K/rand/random/h2/mff/n1024: 8 launches (die 59 -> 59 C, 0 heater)
pass 0 gs/E/fgw.ps/dram-256K/rand/zeros/h2/mff/n1024: 8 launches (die 59 -> 59 C, 0 heater)
pass 0 gs/E/fgw.ps/dram-256B/rand/random/h2/mff/n1024: 8 launches (die 59 -> 59 C, 0 heater)
pass 0 gs/E/flw/dram-256K/rand/random/h2/mff/n1024: 8 launches (die 59 -> 59 C, 0 heater)
pass 0 gs/E/upd/dram-256K/rand/random/h2/mff/n1024: 8 launches (die 59 -> 59 C, 0 heater)
pass 0 gs/E/fgwl.ps/scp-16K/rand/random/h2/mff/n1024: 8 launches (die 59 -> 59 C, 0 heater)
pass 0 gs/E/fgw.ps/dram-8K/rand/random/h1/mff/n1024: 8 launches (die 59 -> 59 C, 0 heater)
pass 0 gs/E/fsc32w.ps/scp-16K/rand/random/h2/mff/n1024: 8 launches (die 59 -> 59 C, 0 heater)
pass 0 gs/E/fg32w.ps/dram-512B/rand/random/h2/mff/n1024: 8 launches (die 60 -> 60 C, 0 heater)
pass 0 gs/E/fgw.ps/dram-512B/rand/random/h2/mff/n1024: 8 launches (die 59 -> 59 C, 0 heater)
pass 0 gs/E/fscw.ps/dram-4K/unit/random/h2/mff/n1024: 8 launches (die 59 -> 59 C, 0 heater)
pass 0 gs/E/fgb.ps/dram-512B/rand/random/h2/mff/n1024: 8 launches (die 59 -> 59 C, 0 heater)
pass 0 gs/E/fgw.ps/dram-4K/rand/random/h2/mff/n1024: 8 launches (die 59 -> 59 C, 0 heater)
pass 0 gs/E/fgw.ps/scp-16K/rand/random/h2/mff/n1024: 8 launches (die 59 -> 59 C, 0 heater)
pass 0 gs/E/fgw.ps/scp-16K/unit/random/h2/mff/n1024: 8 launches (die 60 -> 60 C, 0 heater)
pass 0 gs/E/fgw.ps/dram-512B/rand/random/h1/mff/n1024: 8 launches (die 59 -> 59 C, 0 heater)
pass 0 gs/E/fgw.ps/dram-512B/s16/random/h2/mff/n1024: 8 launches (die 59 -> 59 C, 0 heater)
pass 0 gs/E/fscw.ps/dram-8K/rand/random/h1/mff/n1024: 8 launches (die 59 -> 59 C, 0 heater)
pass 0 gs/E/famoaddl.pi/dram-512B/bcast/zeros/h2/mff/n1024: 8 launches (die 60 -> 60 C, 0 heater)
pass 0 gs/E/fscw.ps/dram-256K/rand/random/h2/mff/n1024: 8 launches (die 59 -> 59 C, 0 heater)
pass 0 gs/E/fgw.ps/dram-256K/rand/random/h1/mff/n1024: 8 launches (die 59 -> 59 C, 0 heater)
pass 0 gs/E/fgw.ps/dram-4K/s4/random/h2/mff/n1024: 8 launches (die 59 -> 59 C, 0 heater)
pass 0 gs/E/fg32w.ps/scp-16K/rand/random/h2/mff/n1024: 8 launches (die 59 -> 59 C, 0 heater)
pass 0 gs/E/fgw.ps/dram-4K/rand/zeros/h2/mff/n1024: 8 launches (die 60 -> 60 C, 0 heater)
pass 0 gs/E/fscw.ps/dram-16K/rand/random/h2/mff/n1024: 8 launches (die 59 -> 59 C, 0 heater)
pass 0 gs/E/fg32b.ps/dram-512B/rand/random/h2/mff/n1024: 8 launches (die 62 -> 62 C, 0 heater)
pass 0 gs/E/fsw/dram-4K/rand/random/h2/mff/n1024: 8 launches (die 60 -> 60 C, 0 heater)
pass 0 gs/E/fgw.ps/dram-512B/rand/random/h2/m0f/n1024: 8 launches (die 61 -> 61 C, 0 heater)
pass 0 gs/E/fgw.ps/dram-16K/rand/random/h2/mff/n1024: 8 launches (die 60 -> 60 C, 0 heater)
pass 0 gs/E/fscwg.ps/rscp-16K/rand/random/h2/mff/n1024: 8 launches (die 61 -> 61 C, 0 heater)
pass 0 gs/E/fscb.ps/dram-4K/rand/random/h2/mff/n1024: 8 launches (die 60 -> 60 C, 0 heater)
pass 0 gs/E/fscw.ps/dram-4K/line/random/h2/mff/n1024: 8 launches (die 61 -> 61 C, 0 heater)
pass 0 gs/E/fgw.ps/rscp-16K/rand/random/h2/mff/n1024: 8 launches (die 61 -> 61 C, 0 heater)
pass 0 gs/E/fscw.ps/dram-4K/s16/random/h2/mff/n1024: 8 launches (die 60 -> 60 C, 0 heater)
pass 0 gs/E/fscb.ps/dram-512B/rand/random/h2/mff/n1024: 8 launches (die 61 -> 61 C, 0 heater)
pass 0 gs/E/fscw.ps/rscp-16K/rand/random/h2/mff/n1024: 8 launches (die 60 -> 60 C, 0 heater)
pass 0 gs/E/flw/dram-4K/rand/random/h2/mff/n1024: 8 launches (die 62 -> 62 C, 0 heater)
pass 0 gs/E/fgw.ps/dram-256K/rand/random/h2/mff/n1024: 8 launches (die 61 -> 61 C, 0 heater)
pass 0 gs/E/fscwl.ps/dram-4K/rand/random/h2/mff/n1024: 8 launches (die 60 -> 60 C, 0 heater)
pass 0 gs/E/amoaddg.w/chip-8M/rand/zeros/h2/mff/n1024: 8 launches (die 60 -> 60 C, 0 heater)
pass 0 gs/E/fgh.ps/dram-4K/rand/random/h2/mff/n1024: 8 launches (die 59 -> 59 C, 0 heater)
pass 0 gs/E/fgwl.ps/dram-4K/rand/random/h2/mff/n1024: 8 launches (die 60 -> 60 C, 0 heater)
pass 0 gs/E/flw/scp-16K/rand/random/h2/mff/n1024: 8 launches (die 59 -> 59 C, 0 heater)
pass 0 gs/E/fscw.ps/scp-16K/unit/random/h2/mff/n1024: 8 launches (die 60 -> 60 C, 0 heater)
pass 0 gs/E/fgw.ps/dram-512B/s4/random/h2/mff/n1024: 8 launches (die 60 -> 60 C, 0 heater)
pass 0 gs/E/fscw.ps/dram-4K/rand/zeros/h2/mff/n1024: 8 launches (die 59 -> 59 C, 0 heater)
pass 0 gs/E/fgw.ps/dram-512B/s2/random/h2/mff/n1024: 8 launches (die 59 -> 59 C, 0 heater)
pass 0 gs/E/fsch.ps/dram-4K/rand/random/h2/mff/n1024: 8 launches (die 59 -> 59 C, 0 heater)
pass 0 gs/E/fgw.ps/dram-256K/unit/random/h2/mff/n1024: 8 launches (die 60 -> 60 C, 0 heater)
pass 0 gs/E/fscwl.ps/scp-16K/rand/random/h2/mff/n1024: 8 launches (die 59 -> 59 C, 0 heater)
pass 0 gs/E/upd/dram-4K/rand/random/h2/mff/n1024: 8 launches (die 59 -> 59 C, 0 heater)
pass 0 gs/E/famoaddg.pi/chip-8M/rand/zeros/h2/mff/n1024: 8 launches (die 60 -> 60 C, 0 heater)
pass 0 gs/E/fgw.ps/dram-512B/rand/zeros/h2/mff/n1024: 8 launches (die 59 -> 59 C, 0 heater)
pass 0 gs/E/fscw.ps/dram-512B/s16/random/h2/mff/n1024: 8 launches (die 59 -> 59 C, 0 heater)
pass 0 gs/E/fscw.ps/dram-512B/rand/zeros/h2/mff/n1024: 8 launches (die 59 -> 59 C, 0 heater)
pass 0 gs/E/fgw.ps/dram-4K/rand/random/h2/m0f/n1024: 8 launches (die 58 -> 58 C, 0 heater)
pass 0 gs/E/fgw.ps/rscp-16K/unit/random/h2/mff/n1024: 8 launches (die 59 -> 59 C, 0 heater)
pass 0 gs/E/fgw.ps/dram-512B/unit/random/h2/mff/n1024: 8 launches (die 59 -> 59 C, 0 heater)
pass 0 gs/E/fscw.ps/dram-512B/line/random/h2/mff/n1024: 8 launches (die 58 -> 58 C, 0 heater)
pass 0 gs/E/fscw.ps/scp-16K/rand/random/h2/mff/n1024: 8 launches (die 58 -> 58 C, 0 heater)
pass 0 gs/E/fgwg.ps/rscp-16K/rand/random/h2/mff/n1024: 8 launches (die 60 -> 60 C, 0 heater)
pass 0 gs/E/upd/scp-16K/rand/random/h2/mff/n1024: 8 launches (die 59 -> 59 C, 0 heater)
pass 0 gs/E/fgw.ps/dram-64K/rand/random/h2/mff/n1024: 8 launches (die 60 -> 60 C, 0 heater)
pass 0 gs/E/fgwl.ps/dram-4K/unit/random/h2/mff/n1024: 8 launches (die 59 -> 59 C, 0 heater)
pass 0 gs/E/fgw.ps/dram-512B/rand/random/h2/m01/n1024: 8 launches (die 59 -> 59 C, 0 heater)
pass 0 gs/E/flw/dram-512B/rand/random/h2/mff/n1024: 8 launches (die 59 -> 59 C, 0 heater)
pass 0 gs/E/fgw.ps/dram-512B/line/random/h2/mff/n1024: 8 launches (die 59 -> 59 C, 0 heater)
pass 0 gs/E/fgw.ps/dram-4K/s2/random/h2/mff/n1024: 8 launches (die 58 -> 58 C, 0 heater)
pass 0 gs/E/fgw.ps/dram-4K/rand/random/h2/m01/n1024: 8 launches (die 58 -> 58 C, 0 heater)
pass 0 gs/E/fgb.ps/dram-4K/rand/random/h2/mff/n1024: 8 launches (die 59 -> 59 C, 0 heater)
pass 0 gs/E/fgh.ps/dram-512B/rand/random/h2/mff/n1024: 8 launches (die 59 -> 59 C, 0 heater)
pass 0 gs/E/fgwg.ps/dram-4K/rand/random/h2/mff/n1024: 8 launches (die 58 -> 58 C, 0 heater)
pass 0 gs/E/fgwg.ps/dram-256K/rand/random/h2/mff/n1024: 8 launches (die 59 -> 59 C, 0 heater)
pass 0 gs/E/fscwg.ps/dram-4K/rand/random/h2/mff/n1024: 8 launches (die 59 -> 59 C, 0 heater)
pass 0 gs/E/fgw.ps/dram-4K/bcast/random/h2/mff/n1024: 8 launches (die 59 -> 59 C, 0 heater)
pass 0 gs/E/fscw.ps/dram-512B/rand/random/h1/mff/n1024: 8 launches (die 58 -> 58 C, 0 heater)
pass 0 gs/E/famoaddl.pi/shire-256K/rand/zeros/h2/mff/n1024: 8 launches (die 58 -> 58 C, 0 heater)
pass 0 gs/E/fscw.ps/dram-4K/bcast/random/h2/mff/n1024: 8 launches (die 58 -> 58 C, 0 heater)
pass 0 gs/E/fscw.ps/dram-512B/bcast/random/h2/mff/n1024: 8 launches (die 59 -> 59 C, 0 heater)
pass 0 gs/E/fscw.ps/dram-4K/rand/random/h2/mff/n1024: 8 launches (die 58 -> 58 C, 0 heater)
pass 0 gs/E/upd/dram-512B/rand/random/h2/mff/n1024: 8 launches (die 60 -> 60 C, 0 heater)
pass 0 gs/E/fsc32w.ps/dram-512B/rand/random/h2/mff/n1024: 8 launches (die 59 -> 59 C, 0 heater)
done
