Opening device 1
PCIE {"t_ms":1790545740032,"test":"open","open_ns":130030945,"link":[{"bdf":"0000:01:00.0","speed":"16.0 GT/s PCIe","width":"8","max_speed":"16.0 GT/s PCIe","max_width":"8","cma_allocated":"0 MB"},{"bdf":"0000:02:00.0","speed":"16.0 GT/s PCIe","width":"8","max_speed":"16.0 GT/s PCIe","max_width":"8","cma_allocated":"2057 MB"}]}
PCIE {"t_ms":1790545740249,"test":"verify","bytes":1048576,"equal":true}
PCIE {"t_ms":1790545740279,"test":"bw","dir":"h2d","copy":"staged","bytes":4096,"warm_ns":642910,"ns":[354204,617652,590833,305119,602505,226359,594163,625240,202948,577896,591130,174149,242966,143239,210392,103989,117939,104243,207467,151935],"stream_errors":0}
PCIE {"t_ms":1790545740279,"test":"bw","dir":"h2d","copy":"dma","bytes":4096,"warm_ns":417949,"ns":[655903,605192,298806,213093,647864,572770,219710,176172,604335,207560,197327,223361,172271,103764,118489,151567,119050,119456,117906,97309],"stream_errors":0}
PCIE {"t_ms":1790545740279,"test":"bw","dir":"d2h","copy":"staged","bytes":4096,"warm_ns":517027,"ns":[634945,627554,598403,590154,664111,285658,275622,247571,286348,234493,219161,114835,129028,114848,130128,186480,160037,653685,114339,128211],"stream_errors":0}
PCIE {"t_ms":1790545740279,"test":"bw","dir":"d2h","copy":"dma","bytes":4096,"warm_ns":662602,"ns":[325394,634205,633219,252992,637289,233895,234877,195071,225763,224653,182440,129673,114083,184213,113803,587479,188119,153611,113795,184561],"stream_errors":0}
PCIE {"t_ms":1790545740292,"test":"bw","dir":"h2d","copy":"staged","bytes":8192,"warm_ns":176704,"ns":[103404,104251,153007,153306,104205,183225,149388,187240,117819,207741,188349,206444,210248,104354,104331,206729,104328,207977,101627,570691],"stream_errors":0}
PCIE {"t_ms":1790545740292,"test":"bw","dir":"h2d","copy":"dma","bytes":8192,"warm_ns":118567,"ns":[208013,117593,102908,118629,118944,103538,104389,152325,207122,119182,103495,119540,118380,223617,207983,105407,118628,100096,145716,104130],"stream_errors":0}
PCIE {"t_ms":1790545740292,"test":"bw","dir":"d2h","copy":"staged","bytes":8192,"warm_ns":183811,"ns":[128250,190877,129808,148934,115342,129992,172798,129522,115913,114217,114760,128596,114063,128578,127277,128405,172625,573518,172960,112953],"stream_errors":0}
PCIE {"t_ms":1790545740292,"test":"bw","dir":"d2h","copy":"dma","bytes":8192,"warm_ns":145148,"ns":[127484,121945,168041,127202,128798,128742,129869,183438,128140,113969,129159,584861,113505,127936,128834,130007,182731,127651,129511,127555],"stream_errors":0}
PCIE {"t_ms":1790545740307,"test":"bw","dir":"h2d","copy":"staged","bytes":16384,"warm_ns":547681,"ns":[154762,221426,103521,117228,150478,103561,196393,197294,102840,104012,221883,207425,103854,181446,103017,103522,569854,110052,568219,101859],"stream_errors":0}
PCIE {"t_ms":1790545740307,"test":"bw","dir":"h2d","copy":"dma","bytes":16384,"warm_ns":117569,"ns":[104421,103211,138110,207817,190565,104267,117180,104404,221620,151467,102881,96619,103288,118553,103588,146404,569028,153739,150448,221100],"stream_errors":0}
PCIE {"t_ms":1790545740307,"test":"bw","dir":"d2h","copy":"staged","bytes":16384,"warm_ns":185215,"ns":[129501,130094,115184,128844,187062,129405,183594,129629,114372,252988,130728,130660,130788,163404,128704,116025,634734,179427,170897,129950],"stream_errors":0}
PCIE {"t_ms":1790545740307,"test":"bw","dir":"d2h","copy":"dma","bytes":16384,"warm_ns":162603,"ns":[168886,129547,195402,113514,127517,129045,163301,129575,127891,114773,127699,128257,114004,186066,103221,185917,166814,109800,582324,587642],"stream_errors":0}
PCIE {"t_ms":1790545740323,"test":"bw","dir":"h2d","copy":"staged","bytes":32768,"warm_ns":180765,"ns":[103817,98823,102605,569671,102524,117538,118771,132203,102822,149404,118239,119071,101316,100128,569760,119117,118715,207131,98678,155410],"stream_errors":0}
PCIE {"t_ms":1790545740323,"test":"bw","dir":"h2d","copy":"dma","bytes":32768,"warm_ns":118357,"ns":[117264,104839,157837,525516,99037,208265,98862,103951,151245,569199,206852,150666,151850,569720,100952,205662,118352,118741,117589,102840],"stream_errors":0}
PCIE {"t_ms":1790545740323,"test":"bw","dir":"d2h","copy":"staged","bytes":32768,"warm_ns":183937,"ns":[186628,185712,117484,153792,189081,117159,162999,181254,130610,713879,114431,238449,132481,581074,115175,114237,162756,116287,166142,131422],"stream_errors":0}
PCIE {"t_ms":1790545740323,"test":"bw","dir":"d2h","copy":"dma","bytes":32768,"warm_ns":149506,"ns":[158275,161318,173657,650070,156658,111377,186934,112923,181339,129891,114735,128146,180156,583082,580355,120898,179091,112864,183030,164210],"stream_errors":0}
PCIE {"t_ms":1790545740336,"test":"bw","dir":"h2d","copy":"staged","bytes":65536,"warm_ns":173586,"ns":[196497,103263,118560,204068,119295,220409,114580,154057,183548,104160,178107,220727,101518,151550,198766,104451,105114,205534,208002,153806],"stream_errors":0}
PCIE {"t_ms":1790545740336,"test":"bw","dir":"h2d","copy":"dma","bytes":65536,"warm_ns":117637,"ns":[702689,185491,118562,104345,105022,104138,102336,118297,118021,117296,118200,103886,207161,102557,204644,196610,118484,118285,118249,119873],"stream_errors":0}
PCIE {"t_ms":1790545740336,"test":"bw","dir":"d2h","copy":"staged","bytes":65536,"warm_ns":186037,"ns":[115052,129379,187643,198542,154593,131605,133641,130530,131732,130872,114766,130960,131469,132467,131164,130591,119400,121365,131938,134038],"stream_errors":0}
PCIE {"t_ms":1790545740336,"test":"bw","dir":"d2h","copy":"dma","bytes":65536,"warm_ns":158972,"ns":[116201,112574,158336,128741,184151,111353,169790,165553,128353,110799,111997,128521,104459,167474,128202,129583,108822,127779,111034,165603],"stream_errors":0}
PCIE {"t_ms":1790545740350,"test":"bw","dir":"h2d","copy":"staged","bytes":131072,"warm_ns":194950,"ns":[117630,202875,150170,182651,201039,575053,117857,196351,199331,174942,224481,200227,201609,200912,117747,104400,117157,118569,145786,176969],"stream_errors":0}
PCIE {"t_ms":1790545740350,"test":"bw","dir":"h2d","copy":"dma","bytes":131072,"warm_ns":116627,"ns":[208103,226035,100731,201804,583099,99339,161465,119130,222171,220489,201274,138423,117526,104653,104437,98769,201007,205512,118607,141563],"stream_errors":0}
PCIE {"t_ms":1790545740350,"test":"bw","dir":"d2h","copy":"staged","bytes":131072,"warm_ns":191145,"ns":[119079,133378,118430,136894,135065,586848,190300,120502,137169,119886,118186,120395,189354,136264,118540,133434,119505,134306,176500,134226],"stream_errors":0}
PCIE {"t_ms":1790545740350,"test":"bw","dir":"d2h","copy":"dma","bytes":131072,"warm_ns":157416,"ns":[107473,131021,187048,128388,190474,129487,155886,114205,128746,129971,128406,196983,156411,119503,106921,127631,189318,108098,128668,192546],"stream_errors":0}
PCIE {"t_ms":1790545740368,"test":"bw","dir":"h2d","copy":"staged","bytes":262144,"warm_ns":193993,"ns":[222832,668669,190220,569955,567360,205168,205448,222462,144677,221455,138121,206644,221535,143225,151933,222229,206039,192491,192951,118550],"stream_errors":0}
PCIE {"t_ms":1790545740368,"test":"bw","dir":"h2d","copy":"dma","bytes":262144,"warm_ns":116584,"ns":[205967,205738,141373,574269,205964,117761,220507,192314,118480,117293,207170,190783,117487,206556,118482,118112,117624,573356,193916,206265],"stream_errors":0}
PCIE {"t_ms":1790545740368,"test":"bw","dir":"d2h","copy":"staged","bytes":262144,"warm_ns":197147,"ns":[171732,575137,180157,190856,174394,217671,132035,128397,175684,175348,197985,141485,143845,176619,131424,199069,180998,171506,600379,196623],"stream_errors":0}
PCIE {"t_ms":1790545740368,"test":"bw","dir":"d2h","copy":"dma","bytes":262144,"warm_ns":140596,"ns":[183779,207749,579934,124108,634359,205835,128922,203892,120750,175688,206045,129536,190520,130649,261675,589677,168200,181473,128999,115931],"stream_errors":0}
PCIE {"t_ms":1790545740388,"test":"bw","dir":"h2d","copy":"staged","bytes":524288,"warm_ns":181999,"ns":[211237,180864,282847,205915,250416,181710,220466,181334,219683,220406,188669,153110,221811,182580,205512,704155,220676,244968,186112,221165],"stream_errors":0}
PCIE {"t_ms":1790545740388,"test":"bw","dir":"h2d","copy":"dma","bytes":524288,"warm_ns":220104,"ns":[206273,207448,218987,205287,178680,222325,205039,203609,175379,206503,282774,181334,284462,220360,220608,182155,207755,148692,151350,286311],"stream_errors":0}
PCIE {"t_ms":1790545740388,"test":"bw","dir":"d2h","copy":"staged","bytes":524288,"warm_ns":210647,"ns":[256405,257768,258350,154784,220716,154516,221768,242326,250734,158995,244251,257485,237297,257997,186693,298205,258232,215676,255619,245287],"stream_errors":0}
PCIE {"t_ms":1790545740388,"test":"bw","dir":"d2h","copy":"dma","bytes":524288,"warm_ns":587984,"ns":[232808,192540,233633,129688,191405,233169,229422,184948,634156,128414,188095,182094,127781,233521,288144,129335,183354,297319,288171,128184],"stream_errors":0}
PCIE {"t_ms":1790545740410,"test":"bw","dir":"h2d","copy":"staged","bytes":1048576,"warm_ns":298410,"ns":[309529,323997,223006,251913,324726,257914,309212,253104,309308,309278,311306,221598,220285,221585,310097,221419,257468,308116,311827,302473],"stream_errors":0}
PCIE {"t_ms":1790545740410,"test":"bw","dir":"h2d","copy":"dma","bytes":1048576,"warm_ns":221153,"ns":[311282,234674,206807,206998,252116,324784,324444,253908,256017,322678,221480,199270,208511,206408,254582,254288,253938,220733,323845,176499],"stream_errors":0}
PCIE {"t_ms":1790545740410,"test":"bw","dir":"d2h","copy":"staged","bytes":1048576,"warm_ns":343863,"ns":[287328,320107,318249,325867,328684,285385,261347,286561,285860,288042,271563,328406,286180,290507,287916,322083,313450,283530,290145,341471],"stream_errors":0}
PCIE {"t_ms":1790545740410,"test":"bw","dir":"d2h","copy":"dma","bytes":1048576,"warm_ns":211235,"ns":[232127,231001,286611,232950,232920,234086,217690,234514,234450,230728,164385,232625,231990,217648,230820,290376,257709,271754,233042,261304],"stream_errors":0}
PCIE {"t_ms":1790545740441,"test":"bw","dir":"h2d","copy":"staged","bytes":2097152,"warm_ns":495571,"ns":[426166,481027,424245,405886,404806,427258,413344,383975,427507,404528,427774,406456,405082,397321,411285,413648,411724,388255,411233,401732],"stream_errors":0}
PCIE {"t_ms":1790545740441,"test":"bw","dir":"h2d","copy":"dma","bytes":2097152,"warm_ns":323304,"ns":[309822,306929,276362,299780,310233,284403,308834,324219,323966,324309,261000,279355,324469,324327,324158,324004,302959,323989,308261,323782],"stream_errors":0}
PCIE {"t_ms":1790545740441,"test":"bw","dir":"d2h","copy":"staged","bytes":2097152,"warm_ns":511200,"ns":[450487,448059,449231,428425,445816,458992,423835,432101,429990,382913,438166,445825,432801,448824,402323,423656,421822,448997,450224,450230],"stream_errors":0}
PCIE {"t_ms":1790545740441,"test":"bw","dir":"d2h","copy":"dma","bytes":2097152,"warm_ns":308279,"ns":[318419,312222,337030,342689,313189,301846,305729,337530,333932,338188,318315,337357,336519,313698,311493,320481,337312,312285,284445,310660],"stream_errors":0}
PCIE {"t_ms":1790545740484,"test":"bw","dir":"h2d","copy":"staged","bytes":4194304,"warm_ns":797346,"ns":[743693,723670,737373,712154,616717,618501,719532,642573,670158,730101,681350,652763,673681,631744,733641,675276],"stream_errors":0}
PCIE {"t_ms":1790545740484,"test":"bw","dir":"h2d","copy":"dma","bytes":4194304,"warm_ns":428463,"ns":[525410,514965,480599,568352,495913,576840,530205,571674,516010,495561,559140,530323,554042,519801,576990,558887],"stream_errors":0}
PCIE {"t_ms":1790545740484,"test":"bw","dir":"d2h","copy":"staged","bytes":4194304,"warm_ns":784863,"ns":[716299,668554,679384,701627,737312,722417,866345,713817,867559,813923,831209,871486,832931,691556,758125,811446],"stream_errors":0}
PCIE {"t_ms":1790545740484,"test":"bw","dir":"d2h","copy":"dma","bytes":4194304,"warm_ns":528313,"ns":[437149,400126,491407,397494,586793,437139,491736,587569,577618,635838,459279,491652,535976,577722,459819,493714],"stream_errors":0}
PCIE {"t_ms":1790545740520,"test":"bw","dir":"h2d","copy":"staged","bytes":8388608,"warm_ns":1324438,"ns":[1136590,1245413,1179612,1082710,1235950,1152033,1100328,1104708],"stream_errors":0}
PCIE {"t_ms":1790545740520,"test":"bw","dir":"h2d","copy":"dma","bytes":8388608,"warm_ns":875878,"ns":[828222,909793,825277,980660,833890,814582,824889,895764],"stream_errors":0}
PCIE {"t_ms":1790545740520,"test":"bw","dir":"d2h","copy":"staged","bytes":8388608,"warm_ns":1346853,"ns":[1243914,1164107,1215942,1138225,1166354,1164334,1106057,1192545],"stream_errors":0}
PCIE {"t_ms":1790545740520,"test":"bw","dir":"d2h","copy":"dma","bytes":8388608,"warm_ns":842876,"ns":[830374,753985,773309,839756,749018,786402,853024,703599],"stream_errors":0}
PCIE {"t_ms":1790545740561,"test":"bw","dir":"h2d","copy":"staged","bytes":16777216,"warm_ns":2549386,"ns":[2266821,2411217,2428388,2437320],"stream_errors":0}
PCIE {"t_ms":1790545740561,"test":"bw","dir":"h2d","copy":"dma","bytes":16777216,"warm_ns":1660935,"ns":[1646694,1737381,1801879,1690559],"stream_errors":0}
PCIE {"t_ms":1790545740561,"test":"bw","dir":"d2h","copy":"staged","bytes":16777216,"warm_ns":2493388,"ns":[2337965,2448502,2430602,2557015],"stream_errors":0}
PCIE {"t_ms":1790545740561,"test":"bw","dir":"d2h","copy":"dma","bytes":16777216,"warm_ns":1407130,"ns":[1592511,1679901,1655066,1719674],"stream_errors":0}
PCIE {"t_ms":1790545740625,"test":"bw","dir":"h2d","copy":"staged","bytes":33554432,"warm_ns":5045795,"ns":[4575713,4469828,4485729],"stream_errors":0}
PCIE {"t_ms":1790545740625,"test":"bw","dir":"h2d","copy":"dma","bytes":33554432,"warm_ns":3202656,"ns":[3047254,3056090,3060882],"stream_errors":0}
PCIE {"t_ms":1790545740625,"test":"bw","dir":"d2h","copy":"staged","bytes":33554432,"warm_ns":5462800,"ns":[5462006,5459044,4317921],"stream_errors":0}
PCIE {"t_ms":1790545740625,"test":"bw","dir":"d2h","copy":"dma","bytes":33554432,"warm_ns":2764009,"ns":[2796252,2768589,3867223],"stream_errors":0}
PCIE {"t_ms":1790545740752,"test":"bw","dir":"h2d","copy":"staged","bytes":67108864,"warm_ns":9820036,"ns":[8781536,8854692,8849299],"stream_errors":0}
PCIE {"t_ms":1790545740752,"test":"bw","dir":"h2d","copy":"dma","bytes":67108864,"warm_ns":5653994,"ns":[5759093,5730584,5750550],"stream_errors":0}
PCIE {"t_ms":1790545740752,"test":"bw","dir":"d2h","copy":"staged","bytes":67108864,"warm_ns":10185197,"ns":[10193479,10086740,10261805],"stream_errors":0}
PCIE {"t_ms":1790545740752,"test":"bw","dir":"d2h","copy":"dma","bytes":67108864,"warm_ns":6816368,"ns":[6746107,6938377,6684146],"stream_errors":0}
PCIE {"t_ms":1790545740999,"test":"bw","dir":"h2d","copy":"staged","bytes":134217728,"warm_ns":19565572,"ns":[17451516,17476147,17442614],"stream_errors":0}
PCIE {"t_ms":1790545740999,"test":"bw","dir":"h2d","copy":"dma","bytes":134217728,"warm_ns":11004952,"ns":[10981530,11024133,10982929],"stream_errors":0}
PCIE {"t_ms":1790545740999,"test":"bw","dir":"d2h","copy":"staged","bytes":134217728,"warm_ns":19591439,"ns":[19478772,19324228,19415299],"stream_errors":0}
PCIE {"t_ms":1790545740999,"test":"bw","dir":"d2h","copy":"dma","bytes":134217728,"warm_ns":12962952,"ns":[13339655,13222922,13399048],"stream_errors":0}
PCIE {"t_ms":1790545741481,"test":"bw","dir":"h2d","copy":"staged","bytes":268435456,"warm_ns":36108345,"ns":[34542005,34385443,34502712],"stream_errors":0}
PCIE {"t_ms":1790545741481,"test":"bw","dir":"h2d","copy":"dma","bytes":268435456,"warm_ns":21584181,"ns":[21524997,21528499,21447982],"stream_errors":0}
PCIE {"t_ms":1790545741481,"test":"bw","dir":"d2h","copy":"staged","bytes":268435456,"warm_ns":38475889,"ns":[38207340,38567824,38497475],"stream_errors":0}
PCIE {"t_ms":1790545741481,"test":"bw","dir":"d2h","copy":"dma","bytes":268435456,"warm_ns":25576895,"ns":[25770083,25821967,25794338],"stream_errors":0}
PCIE {"t_ms":1790545741498,"test":"done","which":"bw","elapsed_s":1.597141}
