Opening device 1
PCIE {"t_ms":1790545746758,"test":"open","open_ns":131567658,"link":[{"bdf":"0000:01:00.0","speed":"16.0 GT/s PCIe","width":"8","max_speed":"16.0 GT/s PCIe","max_width":"8","cma_allocated":"0 MB"},{"bdf":"0000:02:00.0","speed":"16.0 GT/s PCIe","width":"8","max_speed":"16.0 GT/s PCIe","max_width":"8","cma_allocated":"2057 MB"}]}
PCIE {"t_ms":1790545746889,"test":"conc","trial":0,"copy":"dma","cfg":"h2d","legs":1,"bytes_per_leg":134217728,"leg_ns":[22330688],"wall_ns":22346884,"stream_errors":0}
PCIE {"t_ms":1790545746901,"test":"conc","trial":0,"copy":"dma","cfg":"d2h","legs":1,"bytes_per_leg":134217728,"leg_ns":[12115461],"wall_ns":12133268,"stream_errors":0}
PCIE {"t_ms":1790545746924,"test":"conc","trial":0,"copy":"dma","cfg":"h2d+d2h","legs":2,"bytes_per_leg":134217728,"leg_ns":[22552602,12300079],"wall_ns":22572751,"stream_errors":0}
PCIE {"t_ms":1790545746969,"test":"conc","trial":0,"copy":"dma","cfg":"2xh2d","legs":2,"bytes_per_leg":134217728,"leg_ns":[45088874,45093300],"wall_ns":45108249,"stream_errors":0}
PCIE {"t_ms":1790545746995,"test":"conc","trial":0,"copy":"dma","cfg":"2xd2h","legs":2,"bytes_per_leg":134217728,"leg_ns":[26247321,26250438],"wall_ns":26265395,"stream_errors":0}
PCIE {"t_ms":1790545747006,"test":"conc","trial":0,"copy":"dma","cfg":"h2d/ser","legs":1,"bytes_per_leg":134217728,"leg_ns":[10933277],"wall_ns":10953170,"stream_errors":0}
PCIE {"t_ms":1790545747020,"test":"conc","trial":0,"copy":"dma","cfg":"d2h/ser","legs":1,"bytes_per_leg":134217728,"leg_ns":[13344362],"wall_ns":13358124,"stream_errors":0}
PCIE {"t_ms":1790545747036,"test":"conc","trial":0,"copy":"dma","cfg":"h2d+d2h/ser","legs":2,"bytes_per_leg":134217728,"leg_ns":[15846988,14788840],"wall_ns":15866120,"stream_errors":0}
PCIE {"t_ms":1790545747065,"test":"conc","trial":0,"copy":"staged","cfg":"h2d","legs":1,"bytes_per_leg":134217728,"leg_ns":[29320272],"wall_ns":29335927,"stream_errors":0}
PCIE {"t_ms":1790545747083,"test":"conc","trial":0,"copy":"staged","cfg":"d2h","legs":1,"bytes_per_leg":134217728,"leg_ns":[18343762],"wall_ns":18356782,"stream_errors":0}
PCIE {"t_ms":1790545747111,"test":"conc","trial":0,"copy":"staged","cfg":"h2d+d2h","legs":2,"bytes_per_leg":134217728,"leg_ns":[27886761,19806115],"wall_ns":27900244,"stream_errors":0}
PCIE {"t_ms":1790545747165,"test":"conc","trial":0,"copy":"staged","cfg":"2xh2d","legs":2,"bytes_per_leg":134217728,"leg_ns":[53457848,53782308],"wall_ns":53798145,"stream_errors":0}
PCIE {"t_ms":1790545747205,"test":"conc","trial":0,"copy":"staged","cfg":"2xd2h","legs":2,"bytes_per_leg":134217728,"leg_ns":[39171688,39562044],"wall_ns":39580049,"stream_errors":0}
PCIE {"t_ms":1790545747221,"test":"conc","trial":0,"copy":"staged","cfg":"h2d/ser","legs":1,"bytes_per_leg":134217728,"leg_ns":[16164100],"wall_ns":16179602,"stream_errors":0}
PCIE {"t_ms":1790545747237,"test":"conc","trial":0,"copy":"staged","cfg":"d2h/ser","legs":1,"bytes_per_leg":134217728,"leg_ns":[16436161],"wall_ns":16452020,"stream_errors":0}
PCIE {"t_ms":1790545747259,"test":"conc","trial":0,"copy":"staged","cfg":"h2d+d2h/ser","legs":2,"bytes_per_leg":134217728,"leg_ns":[21689990,17623058],"wall_ns":21705281,"stream_errors":0}
PCIE {"t_ms":1790545747281,"test":"conc","trial":1,"copy":"dma","cfg":"h2d","legs":1,"bytes_per_leg":134217728,"leg_ns":[22095668],"wall_ns":22109578,"stream_errors":0}
PCIE {"t_ms":1790545747293,"test":"conc","trial":1,"copy":"dma","cfg":"d2h","legs":1,"bytes_per_leg":134217728,"leg_ns":[12184985],"wall_ns":12196768,"stream_errors":0}
PCIE {"t_ms":1790545747316,"test":"conc","trial":1,"copy":"dma","cfg":"h2d+d2h","legs":2,"bytes_per_leg":134217728,"leg_ns":[22361739,12195352],"wall_ns":22374478,"stream_errors":0}
PCIE {"t_ms":1790545747361,"test":"conc","trial":1,"copy":"dma","cfg":"2xh2d","legs":2,"bytes_per_leg":134217728,"leg_ns":[44999231,45045884],"wall_ns":45059677,"stream_errors":0}
PCIE {"t_ms":1790545747387,"test":"conc","trial":1,"copy":"dma","cfg":"2xd2h","legs":2,"bytes_per_leg":134217728,"leg_ns":[26280487,26282589],"wall_ns":26295836,"stream_errors":0}
PCIE {"t_ms":1790545747398,"test":"conc","trial":1,"copy":"dma","cfg":"h2d/ser","legs":1,"bytes_per_leg":134217728,"leg_ns":[10853742],"wall_ns":10865565,"stream_errors":0}
PCIE {"t_ms":1790545747411,"test":"conc","trial":1,"copy":"dma","cfg":"d2h/ser","legs":1,"bytes_per_leg":134217728,"leg_ns":[13177504],"wall_ns":13189835,"stream_errors":0}
PCIE {"t_ms":1790545747427,"test":"conc","trial":1,"copy":"dma","cfg":"h2d+d2h/ser","legs":2,"bytes_per_leg":134217728,"leg_ns":[15761564,14759456],"wall_ns":15773939,"stream_errors":0}
PCIE {"t_ms":1790545747455,"test":"conc","trial":1,"copy":"staged","cfg":"h2d","legs":1,"bytes_per_leg":134217728,"leg_ns":[27394717],"wall_ns":27409506,"stream_errors":0}
PCIE {"t_ms":1790545747473,"test":"conc","trial":1,"copy":"staged","cfg":"d2h","legs":1,"bytes_per_leg":134217728,"leg_ns":[18486391],"wall_ns":18498980,"stream_errors":0}
PCIE {"t_ms":1790545747503,"test":"conc","trial":1,"copy":"staged","cfg":"h2d+d2h","legs":2,"bytes_per_leg":134217728,"leg_ns":[29744020,19417915],"wall_ns":29759089,"stream_errors":0}
PCIE {"t_ms":1790545747559,"test":"conc","trial":1,"copy":"staged","cfg":"2xh2d","legs":2,"bytes_per_leg":134217728,"leg_ns":[56449945,56453449],"wall_ns":56476286,"stream_errors":0}
PCIE {"t_ms":1790545747599,"test":"conc","trial":1,"copy":"staged","cfg":"2xd2h","legs":2,"bytes_per_leg":134217728,"leg_ns":[39212640,39268476],"wall_ns":39284810,"stream_errors":0}
PCIE {"t_ms":1790545747615,"test":"conc","trial":1,"copy":"staged","cfg":"h2d/ser","legs":1,"bytes_per_leg":134217728,"leg_ns":[16285608],"wall_ns":16302574,"stream_errors":0}
PCIE {"t_ms":1790545747632,"test":"conc","trial":1,"copy":"staged","cfg":"d2h/ser","legs":1,"bytes_per_leg":134217728,"leg_ns":[16519625],"wall_ns":16536982,"stream_errors":0}
PCIE {"t_ms":1790545747653,"test":"conc","trial":1,"copy":"staged","cfg":"h2d+d2h/ser","legs":2,"bytes_per_leg":134217728,"leg_ns":[21678224,17841869],"wall_ns":21707415,"stream_errors":0}
PCIE {"t_ms":1790545747676,"test":"conc","trial":2,"copy":"dma","cfg":"h2d","legs":1,"bytes_per_leg":134217728,"leg_ns":[22376034],"wall_ns":22388771,"stream_errors":0}
PCIE {"t_ms":1790545747688,"test":"conc","trial":2,"copy":"dma","cfg":"d2h","legs":1,"bytes_per_leg":134217728,"leg_ns":[12242482],"wall_ns":12254533,"stream_errors":0}
PCIE {"t_ms":1790545747711,"test":"conc","trial":2,"copy":"dma","cfg":"h2d+d2h","legs":2,"bytes_per_leg":134217728,"leg_ns":[22599513,12267127],"wall_ns":22618124,"stream_errors":0}
PCIE {"t_ms":1790545747756,"test":"conc","trial":2,"copy":"dma","cfg":"2xh2d","legs":2,"bytes_per_leg":134217728,"leg_ns":[45019525,45025833],"wall_ns":45040534,"stream_errors":0}
PCIE {"t_ms":1790545747782,"test":"conc","trial":2,"copy":"dma","cfg":"2xd2h","legs":2,"bytes_per_leg":134217728,"leg_ns":[26536209,26721538],"wall_ns":26735575,"stream_errors":0}
PCIE {"t_ms":1790545747793,"test":"conc","trial":2,"copy":"dma","cfg":"h2d/ser","legs":1,"bytes_per_leg":134217728,"leg_ns":[10932089],"wall_ns":10945095,"stream_errors":0}
PCIE {"t_ms":1790545747807,"test":"conc","trial":2,"copy":"dma","cfg":"d2h/ser","legs":1,"bytes_per_leg":134217728,"leg_ns":[13297736],"wall_ns":13311350,"stream_errors":0}
PCIE {"t_ms":1790545747823,"test":"conc","trial":2,"copy":"dma","cfg":"h2d+d2h/ser","legs":2,"bytes_per_leg":134217728,"leg_ns":[15968373,14879521],"wall_ns":15986432,"stream_errors":0}
PCIE {"t_ms":1790545747850,"test":"conc","trial":2,"copy":"staged","cfg":"h2d","legs":1,"bytes_per_leg":134217728,"leg_ns":[27554862],"wall_ns":27570486,"stream_errors":0}
PCIE {"t_ms":1790545747869,"test":"conc","trial":2,"copy":"staged","cfg":"d2h","legs":1,"bytes_per_leg":134217728,"leg_ns":[18582161],"wall_ns":18595052,"stream_errors":0}
PCIE {"t_ms":1790545747899,"test":"conc","trial":2,"copy":"staged","cfg":"h2d+d2h","legs":2,"bytes_per_leg":134217728,"leg_ns":[29936399,19583143],"wall_ns":29951944,"stream_errors":0}
PCIE {"t_ms":1790545747955,"test":"conc","trial":2,"copy":"staged","cfg":"2xh2d","legs":2,"bytes_per_leg":134217728,"leg_ns":[55861806,55866152],"wall_ns":55883269,"stream_errors":0}
PCIE {"t_ms":1790545747995,"test":"conc","trial":2,"copy":"staged","cfg":"2xd2h","legs":2,"bytes_per_leg":134217728,"leg_ns":[39845870,39462940],"wall_ns":39871358,"stream_errors":0}
PCIE {"t_ms":1790545748011,"test":"conc","trial":2,"copy":"staged","cfg":"h2d/ser","legs":1,"bytes_per_leg":134217728,"leg_ns":[16104424],"wall_ns":16121135,"stream_errors":0}
PCIE {"t_ms":1790545748027,"test":"conc","trial":2,"copy":"staged","cfg":"d2h/ser","legs":1,"bytes_per_leg":134217728,"leg_ns":[16493362],"wall_ns":16514089,"stream_errors":0}
PCIE {"t_ms":1790545748049,"test":"conc","trial":2,"copy":"staged","cfg":"h2d+d2h/ser","legs":2,"bytes_per_leg":134217728,"leg_ns":[21619311,17732558],"wall_ns":21642393,"stream_errors":0}
PCIE {"t_ms":1790545748058,"test":"done","which":"conc","elapsed_s":1.431787}
