aifoundry3: 44 configurations x 3 passes, about 34 min
pass 0 wu/p0.25/hop4: 8 launches
pass 0 wfrz/hop3: 8 launches
pass 0 wu/p0.5/hop3: 8 launches
pass 0 wu/p0.25/hop2: 8 launches
pass 0 wu/p0.75/hop6: 8 launches
pass 0 wfrz/hop1: 8 launches
pass 0 wsep/p0/hop4: 8 launches
pass 0 wu/p0.75/hop0: 8 launches
pass 0 wu/p0.25/hop1: 8 launches
pass 0 wu/p0.5/hop1: 8 launches
pass 0 wsep/p0/hop5: 8 launches
pass 0 wu/p0.75/hop3: 8 launches
pass 0 wu/p0/hop3: 8 launches
pass 0 wu/p1/hop0: 8 launches
pass 0 wu/p1/hop3: 8 launches
pass 0 wsep/p0/hop2: 8 launches
pass 0 wu/p0.5/hop4: 8 launches
pass 0 wu/p0/hop0: 8 launches
pass 0 wu/p0/hop6: 8 launches
pass 0 wu/p1/hop2: 8 launches
pass 0 wu/p0.5/hop2: 8 launches
pass 0 wsep/p0.5/hop4: 8 launches
pass 0 wu/p0.75/hop1: 8 launches
pass 0 wu/p0/hop1: 8 launches
pass 0 wu/p0.75/hop2: 8 launches
pass 0 wu/p0.75/hop4: 8 launches
pass 0 wu/p1/hop1: 8 launches
pass 0 wu/p0.5/hop6: 8 launches
pass 0 wu/p0/hop2: 8 launches
pass 0 wu/p0/hop4: 8 launches
pass 0 wu/p0.25/hop3: 8 launches
pass 0 wfrz/hop0: 8 launches
pass 0 wu/p0.25/hop0: 8 launches
pass 0 wsep/p0.5/hop2: 8 launches
pass 0 wsep/p0/hop1: 8 launches
pass 0 wsep/p0.5/hop5: 8 launches
pass 0 wu/p0.25/hop6: 8 launches
pass 0 wu/p0.5/hop0: 8 launches
pass 0 wsep/p0.5/hop3: 8 launches
pass 0 wsep/p0/hop3: 8 launches
pass 0 wfrz/hop6: 8 launches
pass 0 wu/p1/hop6: 8 launches
pass 0 wsep/p0.5/hop1: 8 launches
pass 0 wu/p1/hop4: 8 launches
pass 1 wu/p1/hop2: 8 launches
pass 1 wu/p1/hop4: 8 launches
pass 1 wu/p0.5/hop3: 8 launches
pass 1 wsep/p0.5/hop5: 8 launches
pass 1 wsep/p0.5/hop1: 8 launches
pass 1 wu/p1/hop1: 8 launches
pass 1 wu/p0.5/hop1: 8 launches
pass 1 wu/p0.25/hop1: 8 launches
pass 1 wu/p0.75/hop2: 8 launches
pass 1 wfrz/hop0: 8 launches
pass 1 wu/p0/hop3: 8 launches
pass 1 wu/p0.25/hop2: 8 launches
pass 1 wsep/p0/hop5: 8 launches
pass 1 wu/p1/hop3: 8 launches
pass 1 wsep/p0/hop2: 8 launches
pass 1 wfrz/hop1: 8 launches
pass 1 wu/p0.5/hop0: 8 launches
pass 1 wsep/p0.5/hop4: 8 launches
pass 1 wu/p0.5/hop4: 8 launches
pass 1 wu/p0/hop2: 8 launches
pass 1 wsep/p0.5/hop2: 8 launches
pass 1 wu/p0.75/hop0: 8 launches
pass 1 wu/p0/hop1: 8 launches
pass 1 wu/p0.25/hop0: 8 launches
pass 1 wu/p0.25/hop4: 8 launches
pass 1 wu/p0/hop6: 8 launches
pass 1 wu/p0.25/hop6: 8 launches
pass 1 wsep/p0/hop3: 8 launches
pass 1 wu/p0/hop4: 8 launches
pass 1 wu/p0.75/hop1: 8 launches
pass 1 wu/p0.75/hop3: 8 launches
pass 1 wsep/p0.5/hop3: 8 launches
pass 1 wu/p0.5/hop2: 8 launches
pass 1 wu/p1/hop6: 8 launches
pass 1 wfrz/hop3: 8 launches
pass 1 wfrz/hop6: 8 launches
pass 1 wu/p0.75/hop6: 8 launches
pass 1 wu/p0/hop0: 8 launches
pass 1 wu/p1/hop0: 8 launches
pass 1 wu/p0.25/hop3: 8 launches
pass 1 wu/p0.75/hop4: 8 launches
pass 1 wsep/p0/hop4: 8 launches
pass 1 wu/p0.5/hop6: 8 launches
pass 1 wsep/p0/hop1: 8 launches
pass 2 wu/p1/hop4: 8 launches
pass 2 wsep/p0/hop2: 8 launches
pass 2 wu/p0/hop3: 8 launches
pass 2 wsep/p0/hop3: 8 launches
pass 2 wu/p0.75/hop4: 8 launches
pass 2 wu/p1/hop1: 8 launches
pass 2 wu/p0.75/hop2: 8 launches
pass 2 wfrz/hop6: 8 launches
pass 2 wu/p0.25/hop4: 8 launches
pass 2 wu/p0/hop6: 8 launches
pass 2 wu/p0.25/hop0: 8 launches
pass 2 wsep/p0.5/hop5: 8 launches
pass 2 wu/p0.5/hop6: 8 launches
pass 2 wu/p0.5/hop0: 8 launches
pass 2 wu/p0.5/hop3: 8 launches
pass 2 wu/p0.25/hop1: 8 launches
pass 2 wsep/p0.5/hop3: 8 launches
pass 2 wu/p1/hop3: 8 launches
pass 2 wu/p0.75/hop6: 8 launches
pass 2 wsep/p0/hop1: 8 launches
pass 2 wsep/p0.5/hop4: 8 launches
pass 2 wu/p1/hop0: 8 launches
pass 2 wu/p0/hop2: 8 launches
pass 2 wu/p1/hop6: 8 launches
pass 2 wsep/p0.5/hop2: 8 launches
pass 2 wu/p0/hop0: 8 launches
pass 2 wu/p0.75/hop1: 8 launches
pass 2 wu/p0.75/hop3: 8 launches
pass 2 wu/p1/hop2: 8 launches
pass 2 wsep/p0.5/hop1: 8 launches
pass 2 wsep/p0/hop4: 8 launches
pass 2 wu/p0/hop1: 8 launches
pass 2 wfrz/hop3: 8 launches
pass 2 wu/p0.5/hop1: 8 launches
pass 2 wsep/p0/hop5: 8 launches
pass 2 wu/p0/hop4: 8 launches
pass 2 wu/p0.25/hop2: 8 launches
pass 2 wfrz/hop1: 8 launches
pass 2 wfrz/hop0: 8 launches
pass 2 wu/p0.25/hop3: 8 launches
pass 2 wu/p0.5/hop2: 8 launches
pass 2 wu/p0.25/hop6: 8 launches
pass 2 wu/p0.75/hop0: 8 launches
pass 2 wu/p0.5/hop4: 8 launches
done
