Opening device 1
PCIE {"t_ms":1790547194084,"test":"open","open_ns":130424537,"link":[{"bdf":"0000:01:00.0","speed":"16.0 GT/s PCIe","width":"8","max_speed":"16.0 GT/s PCIe","max_width":"8","cma_allocated":"0 MB"},{"bdf":"0000:02:00.0","speed":"16.0 GT/s PCIe","width":"8","max_speed":"16.0 GT/s PCIe","max_width":"8","cma_allocated":"2057 MB"}]}
PCIE {"t_ms":1790547194301,"test":"verify","bytes":1048576,"equal":true}
PCIE {"t_ms":1790547194336,"test":"bw","dir":"h2d","copy":"staged","bytes":4096,"warm_ns":594397,"ns":[614762,192930,569347,199150,197248,148685,567430,567460,163415,244115,149274,199136,567132,198517,209815,569097,566933,568051,145687,199043],"stream_errors":0}
PCIE {"t_ms":1790547194336,"test":"bw","dir":"h2d","copy":"dma","bytes":4096,"warm_ns":480739,"ns":[202029,217350,570352,147962,568807,216815,155073,199165,153082,570338,567829,569551,147396,149125,570449,153457,154112,158340,197942,159385],"stream_errors":0}
PCIE {"t_ms":1790547194336,"test":"bw","dir":"d2h","copy":"staged","bytes":4096,"warm_ns":324006,"ns":[275317,672331,208555,170340,638254,632862,633679,170101,209595,628114,162920,585097,163287,588486,624718,630304,638635,169720,639633,626598],"stream_errors":0}
PCIE {"t_ms":1790547194336,"test":"bw","dir":"d2h","copy":"dma","bytes":4096,"warm_ns":389951,"ns":[232358,662394,606794,637129,581259,213350,172632,632790,633898,610610,171040,635825,132231,637830,226041,633430,221859,634975,169458,558006],"stream_errors":0}
PCIE {"t_ms":1790547194368,"test":"bw","dir":"h2d","copy":"staged","bytes":8192,"warm_ns":571616,"ns":[247975,568905,152900,200126,198874,139399,570856,206338,569241,157135,108472,206710,570307,151600,198669,568184,571960,151547,199355,568784],"stream_errors":0}
PCIE {"t_ms":1790547194368,"test":"bw","dir":"h2d","copy":"dma","bytes":8192,"warm_ns":217281,"ns":[115298,269566,262882,571030,205537,569677,205992,570034,150811,206007,571283,149175,545499,208251,568247,152411,189937,569385,191965,567654],"stream_errors":0}
PCIE {"t_ms":1790547194368,"test":"bw","dir":"d2h","copy":"staged","bytes":8192,"warm_ns":639904,"ns":[639179,228193,641616,639432,576872,586955,131088,159069,160141,579644,637783,638369,167962,635207,635416,118456,182098,156957,664743,578501],"stream_errors":0}
PCIE {"t_ms":1790547194368,"test":"bw","dir":"d2h","copy":"dma","bytes":8192,"warm_ns":244834,"ns":[267993,765002,640795,135852,160932,159903,635159,636789,587313,586407,636268,155490,579718,157973,586889,158345,158575,589768,579162,175665],"stream_errors":0}
PCIE {"t_ms":1790547194401,"test":"bw","dir":"h2d","copy":"staged","bytes":16384,"warm_ns":184989,"ns":[208233,200567,567535,150804,206877,568984,569415,153044,206504,569684,571001,205608,298836,303688,564926,306776,572023,600547,199841,156328],"stream_errors":0}
PCIE {"t_ms":1790547194401,"test":"bw","dir":"h2d","copy":"dma","bytes":16384,"warm_ns":567575,"ns":[146489,207240,193725,566252,150909,148231,152124,615340,197075,144046,150605,568608,204746,201693,214095,201329,204874,563231,194468,196678],"stream_errors":0}
PCIE {"t_ms":1790547194401,"test":"bw","dir":"d2h","copy":"staged","bytes":16384,"warm_ns":579375,"ns":[635839,545814,587106,582146,160833,163398,157914,164440,588353,639771,162755,633698,162632,582880,582340,584726,630941,584530,591859,616185],"stream_errors":0}
PCIE {"t_ms":1790547194401,"test":"bw","dir":"d2h","copy":"dma","bytes":16384,"warm_ns":172965,"ns":[157683,587389,634323,167599,633777,134366,588137,585848,579183,637736,163112,575243,642445,555206,212987,580974,581610,217716,636058,581803],"stream_errors":0}
PCIE {"t_ms":1790547194434,"test":"bw","dir":"h2d","copy":"staged","bytes":32768,"warm_ns":588698,"ns":[569138,248497,567533,568469,247239,158036,568372,158098,570646,569224,156320,153566,248335,567787,157176,568382,570871,161072,206342,204770],"stream_errors":0}
PCIE {"t_ms":1790547194434,"test":"bw","dir":"h2d","copy":"dma","bytes":32768,"warm_ns":564029,"ns":[102252,569105,255537,568569,112801,207203,210064,568383,150285,116174,567427,206512,568577,154266,568452,164712,148940,206304,568851,160516],"stream_errors":0}
PCIE {"t_ms":1790547194434,"test":"bw","dir":"d2h","copy":"staged","bytes":32768,"warm_ns":534553,"ns":[180863,635431,210906,218021,628731,580650,639122,168685,580370,639846,163047,632987,631796,638217,169785,636510,219164,631017,638511,586705],"stream_errors":0}
PCIE {"t_ms":1790547194434,"test":"bw","dir":"d2h","copy":"dma","bytes":32768,"warm_ns":169675,"ns":[176222,191754,643011,636847,228850,633158,633789,166400,168649,210961,168988,580005,219260,634867,159877,630912,629478,161559,575032,631390],"stream_errors":0}
PCIE {"t_ms":1790547194468,"test":"bw","dir":"h2d","copy":"staged","bytes":65536,"warm_ns":533627,"ns":[253556,251758,569286,568408,252206,151443,567080,208894,207006,569201,251445,248581,249302,567787,568776,208745,148730,568864,567793,570170],"stream_errors":0}
PCIE {"t_ms":1790547194468,"test":"bw","dir":"h2d","copy":"dma","bytes":65536,"warm_ns":566632,"ns":[147590,569496,567644,155559,207837,568246,159089,568436,160596,568065,167945,568123,203153,242266,203208,568933,569263,102939,247556,567809],"stream_errors":0}
PCIE {"t_ms":1790547194468,"test":"bw","dir":"d2h","copy":"staged","bytes":65536,"warm_ns":635319,"ns":[636896,170986,637983,161308,636852,633754,165658,229411,580811,632041,162555,218284,581776,580567,582993,636251,228051,638215,218587,214303],"stream_errors":0}
PCIE {"t_ms":1790547194468,"test":"bw","dir":"d2h","copy":"dma","bytes":65536,"warm_ns":218051,"ns":[635167,157632,213700,169044,579248,638641,585990,631738,630557,219988,639578,637171,613934,176463,631325,134976,630404,212655,215982,638798],"stream_errors":0}
PCIE {"t_ms":1790547194504,"test":"bw","dir":"h2d","copy":"staged","bytes":131072,"warm_ns":573185,"ns":[568265,569198,246463,254456,568009,568272,250537,246318,151549,568182,568328,229025,568964,218680,569116,251496,253137,245244,254355,150064],"stream_errors":0}
PCIE {"t_ms":1790547194504,"test":"bw","dir":"h2d","copy":"dma","bytes":131072,"warm_ns":566719,"ns":[197289,251592,158850,250334,246583,566419,249192,246791,157595,247795,248065,148919,162953,250669,567855,569200,569138,163981,253072,567453],"stream_errors":0}
PCIE {"t_ms":1790547194504,"test":"bw","dir":"d2h","copy":"staged","bytes":131072,"warm_ns":646407,"ns":[224232,623976,636352,636703,215254,643518,215386,642856,632706,219276,219225,635161,636824,639304,642009,628770,639700,214691,636564,638707],"stream_errors":0}
PCIE {"t_ms":1790547194504,"test":"bw","dir":"d2h","copy":"dma","bytes":131072,"warm_ns":204860,"ns":[636889,215311,632462,640882,214003,637602,629094,644600,636449,636731,637026,634178,628868,211748,634214,212955,215465,630422,633629,213308],"stream_errors":0}
PCIE {"t_ms":1790547194539,"test":"bw","dir":"h2d","copy":"staged","bytes":262144,"warm_ns":541147,"ns":[251173,568405,246133,568177,265117,254515,568402,237365,570938,254601,245064,254269,568248,191354,254664,238850,255546,568153,243467,567964],"stream_errors":0}
PCIE {"t_ms":1790547194539,"test":"bw","dir":"h2d","copy":"dma","bytes":262144,"warm_ns":566167,"ns":[240249,254412,265729,253802,184250,568515,240422,249667,567568,568951,568833,567612,551909,568125,568897,239242,239417,569629,247565,244631],"stream_errors":0}
PCIE {"t_ms":1790547194539,"test":"bw","dir":"d2h","copy":"staged","bytes":262144,"warm_ns":650471,"ns":[231792,651419,642170,602080,644855,647691,640547,232720,227733,211019,643436,647569,643609,648073,622055,231012,651673,228963,643694,231582],"stream_errors":0}
PCIE {"t_ms":1790547194539,"test":"bw","dir":"d2h","copy":"dma","bytes":262144,"warm_ns":204164,"ns":[631821,634481,646032,634391,201808,633779,210983,638381,630442,205066,208648,203699,164461,203416,214343,634090,180279,631694,631717,637774],"stream_errors":0}
PCIE {"t_ms":1790547194581,"test":"bw","dir":"h2d","copy":"staged","bytes":524288,"warm_ns":572250,"ns":[253317,568967,582488,253864,252761,566288,566387,266253,566736,255166,569567,253852,568143,568283,255007,567020,302237,610212,607315,627409],"stream_errors":0}
PCIE {"t_ms":1790547194581,"test":"bw","dir":"h2d","copy":"dma","bytes":524288,"warm_ns":567638,"ns":[251200,253811,558632,253609,210283,573368,242011,567622,153228,566286,575060,569476,564921,573493,576293,567519,252663,577652,568122,592134],"stream_errors":0}
PCIE {"t_ms":1790547194581,"test":"bw","dir":"d2h","copy":"staged","bytes":524288,"warm_ns":664635,"ns":[659992,663383,654468,661733,231088,663132,243944,647522,185075,659074,660515,241096,250394,303116,657421,663303,696792,316712,662175,610486],"stream_errors":0}
PCIE {"t_ms":1790547194581,"test":"bw","dir":"d2h","copy":"dma","bytes":524288,"warm_ns":242050,"ns":[636130,644776,182206,627006,640641,635677,634627,638662,633809,631784,250149,643122,631270,627295,212982,646057,209436,591614,672681,603720],"stream_errors":0}
PCIE {"t_ms":1790547194623,"test":"bw","dir":"h2d","copy":"staged","bytes":1048576,"warm_ns":537405,"ns":[561478,600372,559976,316059,605305,569863,625660,294283,404515,574987,413018,397392,567079,521113,568191,308078,571204,321484,568697,571989],"stream_errors":0}
PCIE {"t_ms":1790547194623,"test":"bw","dir":"h2d","copy":"dma","bytes":1048576,"warm_ns":571720,"ns":[306226,317148,620940,301241,312117,565221,254594,550181,565922,314474,354982,563549,250337,305054,570368,246368,568509,255154,249864,254647],"stream_errors":0}
PCIE {"t_ms":1790547194623,"test":"bw","dir":"d2h","copy":"staged","bytes":1048576,"warm_ns":686304,"ns":[725449,677103,679411,678958,629367,634191,632555,640179,712390,683725,666820,692480,689316,328398,362877,302441,683706,686694,683468,681513],"stream_errors":0}
PCIE {"t_ms":1790547194623,"test":"bw","dir":"d2h","copy":"dma","bytes":1048576,"warm_ns":368427,"ns":[607489,326836,626941,314028,576385,590010,364734,592134,666429,632147,644853,649485,607941,213447,636265,641742,271646,272107,316817,268552],"stream_errors":0}
PCIE {"t_ms":1790547194666,"test":"bw","dir":"h2d","copy":"staged","bytes":2097152,"warm_ns":378778,"ns":[567153,350276,457077,454251,463530,567335,568420,566907,567443,354925,418899,458970,467224,465086,466426,567133,458302,478297,358759,448028],"stream_errors":0}
PCIE {"t_ms":1790547194666,"test":"bw","dir":"h2d","copy":"dma","bytes":2097152,"warm_ns":567552,"ns":[253426,415120,357416,567438,354723,568975,356494,318567,356252,355787,355094,567455,606971,620187,568160,409998,577743,357186,401701,569743],"stream_errors":0}
PCIE {"t_ms":1790547194666,"test":"bw","dir":"d2h","copy":"staged","bytes":2097152,"warm_ns":736824,"ns":[479686,744613,423426,739761,424671,740849,739320,426712,739813,739153,744272,739743,731268,473254,737378,428265,743797,501363,439807,443795],"stream_errors":0}
PCIE {"t_ms":1790547194666,"test":"bw","dir":"d2h","copy":"dma","bytes":2097152,"warm_ns":320607,"ns":[584271,633942,632860,635111,635938,309844,319307,633012,304098,319477,634622,316817,419871,424598,314965,635405,315748,635526,630614,612725],"stream_errors":0}
PCIE {"t_ms":1790547194711,"test":"bw","dir":"h2d","copy":"staged","bytes":4194304,"warm_ns":849855,"ns":[668557,640439,680102,635881,653059,650217,670742,683648,670011,653653,673013,674738,659840,665856,672844,733855],"stream_errors":0}
PCIE {"t_ms":1790547194711,"test":"bw","dir":"h2d","copy":"dma","bytes":4194304,"warm_ns":566644,"ns":[575964,568109,566016,565745,566681,564565,545284,568464,558630,532268,556529,563489,567979,568041,563145,567025],"stream_errors":0}
PCIE {"t_ms":1790547194711,"test":"bw","dir":"d2h","copy":"staged","bytes":4194304,"warm_ns":858926,"ns":[764960,866782,756246,858075,745672,858072,750286,850508,711498,692119,860809,881786,868188,859590,862690,879381],"stream_errors":0}
PCIE {"t_ms":1790547194711,"test":"bw","dir":"d2h","copy":"dma","bytes":4194304,"warm_ns":483879,"ns":[635393,631278,633951,632720,639976,631847,632898,639510,635764,497546,515390,633301,644733,646585,633231,457790],"stream_errors":0}
PCIE {"t_ms":1790547194749,"test":"bw","dir":"h2d","copy":"staged","bytes":8388608,"warm_ns":1294516,"ns":[1192068,1136220,1143147,1125778,1123712,1210818,1146453,1166095],"stream_errors":0}
PCIE {"t_ms":1790547194749,"test":"bw","dir":"h2d","copy":"dma","bytes":8388608,"warm_ns":949148,"ns":[930852,880440,938585,817013,875654,946959,866362,954595],"stream_errors":0}
PCIE {"t_ms":1790547194749,"test":"bw","dir":"d2h","copy":"staged","bytes":8388608,"warm_ns":1364638,"ns":[1200232,1342731,1261811,1280051,1268707,1245192,1303143,1212651],"stream_errors":0}
PCIE {"t_ms":1790547194749,"test":"bw","dir":"d2h","copy":"dma","bytes":8388608,"warm_ns":871733,"ns":[841800,843654,850683,911513,879074,845854,878680,845691],"stream_errors":0}
PCIE {"t_ms":1790547194789,"test":"bw","dir":"h2d","copy":"staged","bytes":16777216,"warm_ns":2503377,"ns":[2325218,2404937,2355778,2344234],"stream_errors":0}
PCIE {"t_ms":1790547194789,"test":"bw","dir":"h2d","copy":"dma","bytes":16777216,"warm_ns":1672728,"ns":[1694680,1661778,1651354,1639456],"stream_errors":0}
PCIE {"t_ms":1790547194789,"test":"bw","dir":"d2h","copy":"staged","bytes":16777216,"warm_ns":2665178,"ns":[2425860,2318548,2335559,2324263],"stream_errors":0}
PCIE {"t_ms":1790547194789,"test":"bw","dir":"d2h","copy":"dma","bytes":16777216,"warm_ns":1595447,"ns":[1589638,1691958,1350120,1596984],"stream_errors":0}
PCIE {"t_ms":1790547194854,"test":"bw","dir":"h2d","copy":"staged","bytes":33554432,"warm_ns":5062793,"ns":[4537776,4536328,4419033],"stream_errors":0}
PCIE {"t_ms":1790547194854,"test":"bw","dir":"h2d","copy":"dma","bytes":33554432,"warm_ns":3086239,"ns":[3093830,2994593,2996812],"stream_errors":0}
PCIE {"t_ms":1790547194854,"test":"bw","dir":"d2h","copy":"staged","bytes":33554432,"warm_ns":5381769,"ns":[4420121,5374470,5382936],"stream_errors":0}
PCIE {"t_ms":1790547194854,"test":"bw","dir":"d2h","copy":"dma","bytes":33554432,"warm_ns":2788906,"ns":[3858538,3777591,2820932],"stream_errors":0}
PCIE {"t_ms":1790547194981,"test":"bw","dir":"h2d","copy":"staged","bytes":67108864,"warm_ns":9859678,"ns":[9600390,8856822,8951691],"stream_errors":0}
PCIE {"t_ms":1790547194982,"test":"bw","dir":"h2d","copy":"dma","bytes":67108864,"warm_ns":5746803,"ns":[5674437,5672833,5701059],"stream_errors":0}
PCIE {"t_ms":1790547194982,"test":"bw","dir":"d2h","copy":"staged","bytes":67108864,"warm_ns":10146077,"ns":[10214524,10111882,10118591],"stream_errors":0}
PCIE {"t_ms":1790547194982,"test":"bw","dir":"d2h","copy":"dma","bytes":67108864,"warm_ns":6749371,"ns":[6687625,6758794,6728430],"stream_errors":0}
PCIE {"t_ms":1790547195228,"test":"bw","dir":"h2d","copy":"staged","bytes":134217728,"warm_ns":19573493,"ns":[17357919,17377108,17361990],"stream_errors":0}
PCIE {"t_ms":1790547195228,"test":"bw","dir":"h2d","copy":"dma","bytes":134217728,"warm_ns":10896213,"ns":[10968292,10946739,10962770],"stream_errors":0}
PCIE {"t_ms":1790547195228,"test":"bw","dir":"d2h","copy":"staged","bytes":134217728,"warm_ns":19664266,"ns":[19610262,19549764,19582607],"stream_errors":0}
PCIE {"t_ms":1790547195228,"test":"bw","dir":"d2h","copy":"dma","bytes":134217728,"warm_ns":13174820,"ns":[13265929,13101476,13061454],"stream_errors":0}
PCIE {"t_ms":1790547195711,"test":"bw","dir":"h2d","copy":"staged","bytes":268435456,"warm_ns":36058530,"ns":[34401162,34508878,34496939],"stream_errors":0}
PCIE {"t_ms":1790547195711,"test":"bw","dir":"h2d","copy":"dma","bytes":268435456,"warm_ns":21574739,"ns":[21508732,21470029,21502020],"stream_errors":0}
PCIE {"t_ms":1790547195711,"test":"bw","dir":"d2h","copy":"staged","bytes":268435456,"warm_ns":38665697,"ns":[38776665,38566993,38695373],"stream_errors":0}
PCIE {"t_ms":1790547195711,"test":"bw","dir":"d2h","copy":"dma","bytes":268435456,"warm_ns":25640504,"ns":[25633145,25835349,25812450],"stream_errors":0}
PCIE {"t_ms":1790547195724,"test":"done","which":"bw","elapsed_s":1.770960}
