Opening device 1
PCIE {"t_ms":1790547200680,"test":"open","open_ns":129650590,"link":[{"bdf":"0000:01:00.0","speed":"16.0 GT/s PCIe","width":"8","max_speed":"16.0 GT/s PCIe","max_width":"8","cma_allocated":"0 MB"},{"bdf":"0000:02:00.0","speed":"16.0 GT/s PCIe","width":"8","max_speed":"16.0 GT/s PCIe","max_width":"8","cma_allocated":"2057 MB"}]}
PCIE {"t_ms":1790547200810,"test":"conc","trial":0,"copy":"dma","cfg":"h2d","legs":1,"bytes_per_leg":134217728,"leg_ns":[22168075],"wall_ns":22184095,"stream_errors":0}
PCIE {"t_ms":1790547200822,"test":"conc","trial":0,"copy":"dma","cfg":"d2h","legs":1,"bytes_per_leg":134217728,"leg_ns":[12265512],"wall_ns":12278884,"stream_errors":0}
PCIE {"t_ms":1790547200844,"test":"conc","trial":0,"copy":"dma","cfg":"h2d+d2h","legs":2,"bytes_per_leg":134217728,"leg_ns":[22500029,12249846],"wall_ns":22513876,"stream_errors":0}
PCIE {"t_ms":1790547200890,"test":"conc","trial":0,"copy":"dma","cfg":"2xh2d","legs":2,"bytes_per_leg":134217728,"leg_ns":[45141021,45143249],"wall_ns":45157143,"stream_errors":0}
PCIE {"t_ms":1790547200916,"test":"conc","trial":0,"copy":"dma","cfg":"2xd2h","legs":2,"bytes_per_leg":134217728,"leg_ns":[26368411,26181290],"wall_ns":26381269,"stream_errors":0}
PCIE {"t_ms":1790547200927,"test":"conc","trial":0,"copy":"dma","cfg":"h2d/ser","legs":1,"bytes_per_leg":134217728,"leg_ns":[10908894],"wall_ns":10927850,"stream_errors":0}
PCIE {"t_ms":1790547200940,"test":"conc","trial":0,"copy":"dma","cfg":"d2h/ser","legs":1,"bytes_per_leg":134217728,"leg_ns":[13420289],"wall_ns":13432935,"stream_errors":0}
PCIE {"t_ms":1790547200956,"test":"conc","trial":0,"copy":"dma","cfg":"h2d+d2h/ser","legs":2,"bytes_per_leg":134217728,"leg_ns":[15897705,14915035],"wall_ns":15911551,"stream_errors":0}
PCIE {"t_ms":1790547200986,"test":"conc","trial":0,"copy":"staged","cfg":"h2d","legs":1,"bytes_per_leg":134217728,"leg_ns":[29381902],"wall_ns":29409534,"stream_errors":0}
PCIE {"t_ms":1790547201005,"test":"conc","trial":0,"copy":"staged","cfg":"d2h","legs":1,"bytes_per_leg":134217728,"leg_ns":[18574484],"wall_ns":18708541,"stream_errors":0}
PCIE {"t_ms":1790547201032,"test":"conc","trial":0,"copy":"staged","cfg":"h2d+d2h","legs":2,"bytes_per_leg":134217728,"leg_ns":[27406522,19728272],"wall_ns":27421440,"stream_errors":0}
PCIE {"t_ms":1790547201086,"test":"conc","trial":0,"copy":"staged","cfg":"2xh2d","legs":2,"bytes_per_leg":134217728,"leg_ns":[53701248,53964250],"wall_ns":53980932,"stream_errors":0}
PCIE {"t_ms":1790547201126,"test":"conc","trial":0,"copy":"staged","cfg":"2xd2h","legs":2,"bytes_per_leg":134217728,"leg_ns":[39303852,39702154],"wall_ns":39716242,"stream_errors":0}
PCIE {"t_ms":1790547201142,"test":"conc","trial":0,"copy":"staged","cfg":"h2d/ser","legs":1,"bytes_per_leg":134217728,"leg_ns":[16236540],"wall_ns":16266367,"stream_errors":0}
PCIE {"t_ms":1790547201159,"test":"conc","trial":0,"copy":"staged","cfg":"d2h/ser","legs":1,"bytes_per_leg":134217728,"leg_ns":[16510750],"wall_ns":16528294,"stream_errors":0}
PCIE {"t_ms":1790547201180,"test":"conc","trial":0,"copy":"staged","cfg":"h2d+d2h/ser","legs":2,"bytes_per_leg":134217728,"leg_ns":[21596672,17784956],"wall_ns":21612846,"stream_errors":0}
PCIE {"t_ms":1790547201203,"test":"conc","trial":1,"copy":"dma","cfg":"h2d","legs":1,"bytes_per_leg":134217728,"leg_ns":[22365577],"wall_ns":22377989,"stream_errors":0}
PCIE {"t_ms":1790547201215,"test":"conc","trial":1,"copy":"dma","cfg":"d2h","legs":1,"bytes_per_leg":134217728,"leg_ns":[12188034],"wall_ns":12200288,"stream_errors":0}
PCIE {"t_ms":1790547201237,"test":"conc","trial":1,"copy":"dma","cfg":"h2d+d2h","legs":2,"bytes_per_leg":134217728,"leg_ns":[22359769,12325179],"wall_ns":22372235,"stream_errors":0}
PCIE {"t_ms":1790547201282,"test":"conc","trial":1,"copy":"dma","cfg":"2xh2d","legs":2,"bytes_per_leg":134217728,"leg_ns":[45165816,45174404],"wall_ns":45189308,"stream_errors":0}
PCIE {"t_ms":1790547201310,"test":"conc","trial":1,"copy":"dma","cfg":"2xd2h","legs":2,"bytes_per_leg":134217728,"leg_ns":[27090530,27094865],"wall_ns":27108146,"stream_errors":0}
PCIE {"t_ms":1790547201320,"test":"conc","trial":1,"copy":"dma","cfg":"h2d/ser","legs":1,"bytes_per_leg":134217728,"leg_ns":[10891755],"wall_ns":10903678,"stream_errors":0}
PCIE {"t_ms":1790547201334,"test":"conc","trial":1,"copy":"dma","cfg":"d2h/ser","legs":1,"bytes_per_leg":134217728,"leg_ns":[13429965],"wall_ns":13443341,"stream_errors":0}
PCIE {"t_ms":1790547201350,"test":"conc","trial":1,"copy":"dma","cfg":"h2d+d2h/ser","legs":2,"bytes_per_leg":134217728,"leg_ns":[15823905,14846160],"wall_ns":15838553,"stream_errors":0}
PCIE {"t_ms":1790547201377,"test":"conc","trial":1,"copy":"staged","cfg":"h2d","legs":1,"bytes_per_leg":134217728,"leg_ns":[27475707],"wall_ns":27497048,"stream_errors":0}
PCIE {"t_ms":1790547201396,"test":"conc","trial":1,"copy":"staged","cfg":"d2h","legs":1,"bytes_per_leg":134217728,"leg_ns":[18555647],"wall_ns":18749928,"stream_errors":0}
PCIE {"t_ms":1790547201426,"test":"conc","trial":1,"copy":"staged","cfg":"h2d+d2h","legs":2,"bytes_per_leg":134217728,"leg_ns":[29713136,19436036],"wall_ns":29730139,"stream_errors":0}
PCIE {"t_ms":1790547201482,"test":"conc","trial":1,"copy":"staged","cfg":"2xh2d","legs":2,"bytes_per_leg":134217728,"leg_ns":[55653087,55670025],"wall_ns":55687970,"stream_errors":0}
PCIE {"t_ms":1790547201521,"test":"conc","trial":1,"copy":"staged","cfg":"2xd2h","legs":2,"bytes_per_leg":134217728,"leg_ns":[38721666,39452212],"wall_ns":39572720,"stream_errors":0}
PCIE {"t_ms":1790547201537,"test":"conc","trial":1,"copy":"staged","cfg":"h2d/ser","legs":1,"bytes_per_leg":134217728,"leg_ns":[16140363],"wall_ns":16158386,"stream_errors":0}
PCIE {"t_ms":1790547201554,"test":"conc","trial":1,"copy":"staged","cfg":"d2h/ser","legs":1,"bytes_per_leg":134217728,"leg_ns":[16458099],"wall_ns":16471594,"stream_errors":0}
PCIE {"t_ms":1790547201576,"test":"conc","trial":1,"copy":"staged","cfg":"h2d+d2h/ser","legs":2,"bytes_per_leg":134217728,"leg_ns":[21757633,17776586],"wall_ns":21774281,"stream_errors":0}
PCIE {"t_ms":1790547201598,"test":"conc","trial":2,"copy":"dma","cfg":"h2d","legs":1,"bytes_per_leg":134217728,"leg_ns":[22171929],"wall_ns":22184758,"stream_errors":0}
PCIE {"t_ms":1790547201610,"test":"conc","trial":2,"copy":"dma","cfg":"d2h","legs":1,"bytes_per_leg":134217728,"leg_ns":[12052841],"wall_ns":12072697,"stream_errors":0}
PCIE {"t_ms":1790547201632,"test":"conc","trial":2,"copy":"dma","cfg":"h2d+d2h","legs":2,"bytes_per_leg":134217728,"leg_ns":[22265370,12319151],"wall_ns":22278547,"stream_errors":0}
PCIE {"t_ms":1790547201677,"test":"conc","trial":2,"copy":"dma","cfg":"2xh2d","legs":2,"bytes_per_leg":134217728,"leg_ns":[44977131,44991980],"wall_ns":45005178,"stream_errors":0}
PCIE {"t_ms":1790547201704,"test":"conc","trial":2,"copy":"dma","cfg":"2xd2h","legs":2,"bytes_per_leg":134217728,"leg_ns":[26181302,26185066],"wall_ns":26199306,"stream_errors":0}
PCIE {"t_ms":1790547201714,"test":"conc","trial":2,"copy":"dma","cfg":"h2d/ser","legs":1,"bytes_per_leg":134217728,"leg_ns":[10937945],"wall_ns":10950624,"stream_errors":0}
PCIE {"t_ms":1790547201728,"test":"conc","trial":2,"copy":"dma","cfg":"d2h/ser","legs":1,"bytes_per_leg":134217728,"leg_ns":[13132262],"wall_ns":13144682,"stream_errors":0}
PCIE {"t_ms":1790547201743,"test":"conc","trial":2,"copy":"dma","cfg":"h2d+d2h/ser","legs":2,"bytes_per_leg":134217728,"leg_ns":[15820595,14600568],"wall_ns":15833659,"stream_errors":0}
PCIE {"t_ms":1790547201771,"test":"conc","trial":2,"copy":"staged","cfg":"h2d","legs":1,"bytes_per_leg":134217728,"leg_ns":[27309694],"wall_ns":27327765,"stream_errors":0}
PCIE {"t_ms":1790547201789,"test":"conc","trial":2,"copy":"staged","cfg":"d2h","legs":1,"bytes_per_leg":134217728,"leg_ns":[18560172],"wall_ns":18597321,"stream_errors":0}
PCIE {"t_ms":1790547201819,"test":"conc","trial":2,"copy":"staged","cfg":"h2d+d2h","legs":2,"bytes_per_leg":134217728,"leg_ns":[29735986,19601702],"wall_ns":29751665,"stream_errors":0}
PCIE {"t_ms":1790547201875,"test":"conc","trial":2,"copy":"staged","cfg":"2xh2d","legs":2,"bytes_per_leg":134217728,"leg_ns":[55666729,55675428],"wall_ns":55691548,"stream_errors":0}
PCIE {"t_ms":1790547201914,"test":"conc","trial":2,"copy":"staged","cfg":"2xd2h","legs":2,"bytes_per_leg":134217728,"leg_ns":[39194072,39294039],"wall_ns":39362417,"stream_errors":0}
PCIE {"t_ms":1790547201931,"test":"conc","trial":2,"copy":"staged","cfg":"h2d/ser","legs":1,"bytes_per_leg":134217728,"leg_ns":[16195155],"wall_ns":16211844,"stream_errors":0}
PCIE {"t_ms":1790547201947,"test":"conc","trial":2,"copy":"staged","cfg":"d2h/ser","legs":1,"bytes_per_leg":134217728,"leg_ns":[16408670],"wall_ns":16421706,"stream_errors":0}
PCIE {"t_ms":1790547201969,"test":"conc","trial":2,"copy":"staged","cfg":"h2d+d2h/ser","legs":2,"bytes_per_leg":134217728,"leg_ns":[21821728,17775903],"wall_ns":21850253,"stream_errors":0}
PCIE {"t_ms":1790547201975,"test":"done","which":"conc","elapsed_s":1.425025}
