aifoundry3: 23 configurations x 1 passes, at most 4 min; host build/enercat_v2/host/enercat_host
pass 0 dramrow2/rowmiss/zeros: 8 launches (die 57 -> 57 C, 0 heater)
pass 0 tstore/dram/random: 8 launches (die 57 -> 57 C, 0 heater)
pass 0 nop/zeros/h2: 8 launches (die 58 -> 58 C, 0 heater)
pass 0 tload/dram/const: 8 launches (die 57 -> 57 C, 0 heater)
pass 0 tstore/dram/zeros: 8 launches (die 57 -> 57 C, 0 heater)
pass 0 tload/scp/random: 8 launches (die 57 -> 57 C, 0 heater)
pass 0 tstore/dram/const: 8 launches (die 58 -> 58 C, 0 heater)
pass 0 fence/zeros/h2: 8 launches (die 58 -> 58 C, 0 heater)
pass 0 dramrow2/rowhit/zeros: 8 launches (die 57 -> 57 C, 0 heater)
pass 0 l1fill/stride64/random: 8 launches (die 57 -> 57 C, 0 heater)
pass 0 tload/dram/zeros: 8 launches (die 58 -> 58 C, 0 heater)
pass 0 l1fill/stride64/zeros: 8 launches (die 57 -> 57 C, 0 heater)
pass 0 tload/dram/random: 8 launches (die 57 -> 57 C, 0 heater)
pass 0 nop/random/h2: 8 launches (die 58 -> 58 C, 0 heater)
pass 0 dramrow2/seq/random: 8 launches (die 57 -> 57 C, 0 heater)
pass 0 tload/scp/const: 8 launches (die 57 -> 57 C, 0 heater)
pass 0 fence/random/h2: 8 launches (die 58 -> 58 C, 0 heater)
pass 0 tload/scp/zeros: 8 launches (die 57 -> 57 C, 0 heater)
pass 0 l1fill/stride32/random: 8 launches (die 57 -> 57 C, 0 heater)
pass 0 l1fill/stride32/zeros: 8 launches (die 58 -> 58 C, 0 heater)
pass 0 dramrow2/rowhit/random: 8 launches (die 57 -> 57 C, 0 heater)
pass 0 dramrow2/rowmiss/random: 8 launches (die 57 -> 57 C, 0 heater)
pass 0 dramrow2/seq/zeros: 8 launches (die 57 -> 57 C, 0 heater)
done
