PCIE {"t_ms":1790726712760,"test":"open","open_ns":136420196,"src":"PCIEBENCH_SRC_SHA256 main=27b7ed06330c4bae26cd24be189cdac0d67432cb52b1e8c7fca1116abda1aa5f args=8ae69bd7d46097957b638ff4c6630eb3e66d3cb0654b77d3bf55f3336c61c508 touch=92180a93c6dae0a1dce8c379156f827bd6588115777499dc45e64bf606b46ec0","link":[{"bdf":"0000:02:00.0","speed":"16.0 GT/s PCIe","width":"8","max_speed":"16.0 GT/s PCIe","max_width":"8","cma_allocated":"2057 MB"}]}
PCIE {"t_ms":1790726712790,"test":"conc","trial":0,"copy":"dma","cfg":"d2h","legs":1,"bytes_per_leg":33554432,"leg_ns":[3282055],"wall_ns":3298304,"stream_errors":0,"mb":16,"cmds_per_leg":2,"elements":0}
PCIE {"t_ms":1790726712793,"test":"conc","trial":0,"copy":"dma","cfg":"d2h/ser","legs":1,"bytes_per_leg":33554432,"leg_ns":[2628815],"wall_ns":2644039,"stream_errors":0,"mb":16,"cmds_per_leg":2,"elements":0}
PCIE {"t_ms":1790726712799,"test":"conc","trial":0,"copy":"dma","cfg":"h2d","legs":1,"bytes_per_leg":33554432,"leg_ns":[5720849],"wall_ns":5733719,"stream_errors":0,"mb":16,"cmds_per_leg":2,"elements":0}
PCIE {"t_ms":1790726712804,"test":"conc","trial":0,"copy":"dma","cfg":"2xh2d/ser","legs":2,"bytes_per_leg":33554432,"leg_ns":[4320562,5672907],"wall_ns":5686440,"stream_errors":0,"mb":16,"cmds_per_leg":2,"elements":0}
PCIE {"t_ms":1790726712807,"test":"conc","trial":0,"copy":"dma","cfg":"h2d/ser","legs":1,"bytes_per_leg":33554432,"leg_ns":[2930800],"wall_ns":2943406,"stream_errors":0,"mb":16,"cmds_per_leg":2,"elements":0}
PCIE {"t_ms":1790726712813,"test":"conc","trial":1,"copy":"dma","cfg":"h2d","legs":1,"bytes_per_leg":33554432,"leg_ns":[5632384],"wall_ns":5645187,"stream_errors":0,"mb":16,"cmds_per_leg":2,"elements":0}
PCIE {"t_ms":1790726712819,"test":"conc","trial":1,"copy":"dma","cfg":"2xh2d/ser","legs":2,"bytes_per_leg":33554432,"leg_ns":[4226679,5581746],"wall_ns":5596758,"stream_errors":0,"mb":16,"cmds_per_leg":2,"elements":0}
PCIE {"t_ms":1790726712821,"test":"conc","trial":1,"copy":"dma","cfg":"h2d/ser","legs":1,"bytes_per_leg":33554432,"leg_ns":[2926478],"wall_ns":2939222,"stream_errors":0,"mb":16,"cmds_per_leg":2,"elements":0}
PCIE {"t_ms":1790726712825,"test":"conc","trial":1,"copy":"dma","cfg":"d2h","legs":1,"bytes_per_leg":33554432,"leg_ns":[3297996],"wall_ns":3310882,"stream_errors":0,"mb":16,"cmds_per_leg":2,"elements":0}
PCIE {"t_ms":1790726712828,"test":"conc","trial":1,"copy":"dma","cfg":"d2h/ser","legs":1,"bytes_per_leg":33554432,"leg_ns":[2743987],"wall_ns":2756725,"stream_errors":0,"mb":16,"cmds_per_leg":2,"elements":0}
PCIE {"t_ms":1790726712830,"test":"conc","trial":2,"copy":"dma","cfg":"d2h/ser","legs":1,"bytes_per_leg":33554432,"leg_ns":[2709967],"wall_ns":2729601,"stream_errors":0,"mb":16,"cmds_per_leg":2,"elements":0}
PCIE {"t_ms":1790726712833,"test":"conc","trial":2,"copy":"dma","cfg":"h2d/ser","legs":1,"bytes_per_leg":33554432,"leg_ns":[2845440],"wall_ns":2858861,"stream_errors":0,"mb":16,"cmds_per_leg":2,"elements":0}
PCIE {"t_ms":1790726712836,"test":"conc","trial":2,"copy":"dma","cfg":"d2h","legs":1,"bytes_per_leg":33554432,"leg_ns":[2962511],"wall_ns":2975339,"stream_errors":0,"mb":16,"cmds_per_leg":2,"elements":0}
PCIE {"t_ms":1790726712842,"test":"conc","trial":2,"copy":"dma","cfg":"h2d","legs":1,"bytes_per_leg":33554432,"leg_ns":[5557435],"wall_ns":5569919,"stream_errors":0,"mb":16,"cmds_per_leg":2,"elements":0}
PCIE {"t_ms":1790726712847,"test":"conc","trial":2,"copy":"dma","cfg":"2xh2d/ser","legs":2,"bytes_per_leg":33554432,"leg_ns":[4262811,5580841],"wall_ns":5594398,"stream_errors":0,"mb":16,"cmds_per_leg":2,"elements":0}
PCIE {"t_ms":1790726712853,"test":"conc","trial":3,"copy":"dma","cfg":"h2d","legs":1,"bytes_per_leg":33554432,"leg_ns":[5575358],"wall_ns":5588419,"stream_errors":0,"mb":16,"cmds_per_leg":2,"elements":0}
PCIE {"t_ms":1790726712856,"test":"conc","trial":3,"copy":"dma","cfg":"h2d/ser","legs":1,"bytes_per_leg":33554432,"leg_ns":[2856858],"wall_ns":2869403,"stream_errors":0,"mb":16,"cmds_per_leg":2,"elements":0}
PCIE {"t_ms":1790726712861,"test":"conc","trial":3,"copy":"dma","cfg":"2xh2d/ser","legs":2,"bytes_per_leg":33554432,"leg_ns":[4190201,5499125],"wall_ns":5513694,"stream_errors":0,"mb":16,"cmds_per_leg":2,"elements":0}
PCIE {"t_ms":1790726712865,"test":"conc","trial":3,"copy":"dma","cfg":"d2h/ser","legs":1,"bytes_per_leg":33554432,"leg_ns":[3192967],"wall_ns":3205392,"stream_errors":0,"mb":16,"cmds_per_leg":2,"elements":0}
PCIE {"t_ms":1790726712868,"test":"conc","trial":3,"copy":"dma","cfg":"d2h","legs":1,"bytes_per_leg":33554432,"leg_ns":[3006194],"wall_ns":3026922,"stream_errors":0,"mb":16,"cmds_per_leg":2,"elements":0}
PCIE {"t_ms":1790726712871,"test":"conc","trial":4,"copy":"dma","cfg":"d2h","legs":1,"bytes_per_leg":33554432,"leg_ns":[3042031],"wall_ns":3055595,"stream_errors":0,"mb":16,"cmds_per_leg":2,"elements":0}
PCIE {"t_ms":1790726712873,"test":"conc","trial":4,"copy":"dma","cfg":"h2d/ser","legs":1,"bytes_per_leg":33554432,"leg_ns":[2813828],"wall_ns":2827887,"stream_errors":0,"mb":16,"cmds_per_leg":2,"elements":0}
PCIE {"t_ms":1790726712879,"test":"conc","trial":4,"copy":"dma","cfg":"h2d","legs":1,"bytes_per_leg":33554432,"leg_ns":[5545296],"wall_ns":5558918,"stream_errors":0,"mb":16,"cmds_per_leg":2,"elements":0}
PCIE {"t_ms":1790726712882,"test":"conc","trial":4,"copy":"dma","cfg":"d2h/ser","legs":1,"bytes_per_leg":33554432,"leg_ns":[2608931],"wall_ns":2621664,"stream_errors":0,"mb":16,"cmds_per_leg":2,"elements":0}
PCIE {"t_ms":1790726712887,"test":"conc","trial":4,"copy":"dma","cfg":"2xh2d/ser","legs":2,"bytes_per_leg":33554432,"leg_ns":[4218980,5525481],"wall_ns":5538022,"stream_errors":0,"mb":16,"cmds_per_leg":2,"elements":0}
PCIE {"t_ms":1790726712893,"test":"conc","trial":5,"copy":"dma","cfg":"h2d","legs":1,"bytes_per_leg":33554432,"leg_ns":[5581155],"wall_ns":5593940,"stream_errors":0,"mb":16,"cmds_per_leg":2,"elements":0}
PCIE {"t_ms":1790726712896,"test":"conc","trial":5,"copy":"dma","cfg":"h2d/ser","legs":1,"bytes_per_leg":33554432,"leg_ns":[2864175],"wall_ns":2876598,"stream_errors":0,"mb":16,"cmds_per_leg":2,"elements":0}
PCIE {"t_ms":1790726712899,"test":"conc","trial":5,"copy":"dma","cfg":"d2h/ser","legs":1,"bytes_per_leg":33554432,"leg_ns":[3103823],"wall_ns":3116058,"stream_errors":0,"mb":16,"cmds_per_leg":2,"elements":0}
PCIE {"t_ms":1790726712902,"test":"conc","trial":5,"copy":"dma","cfg":"d2h","legs":1,"bytes_per_leg":33554432,"leg_ns":[3006534],"wall_ns":3020550,"stream_errors":0,"mb":16,"cmds_per_leg":2,"elements":0}
PCIE {"t_ms":1790726712907,"test":"conc","trial":5,"copy":"dma","cfg":"2xh2d/ser","legs":2,"bytes_per_leg":33554432,"leg_ns":[4245491,5553320],"wall_ns":5566232,"stream_errors":0,"mb":16,"cmds_per_leg":2,"elements":0}
PCIE {"t_ms":1790726712911,"test":"conc","trial":6,"copy":"dma","cfg":"d2h/ser","legs":1,"bytes_per_leg":33554432,"leg_ns":[3093098],"wall_ns":3105862,"stream_errors":0,"mb":16,"cmds_per_leg":2,"elements":0}
PCIE {"t_ms":1790726712916,"test":"conc","trial":6,"copy":"dma","cfg":"2xh2d/ser","legs":2,"bytes_per_leg":33554432,"leg_ns":[4249953,5551646],"wall_ns":5564672,"stream_errors":0,"mb":16,"cmds_per_leg":2,"elements":0}
PCIE {"t_ms":1790726712919,"test":"conc","trial":6,"copy":"dma","cfg":"h2d/ser","legs":1,"bytes_per_leg":33554432,"leg_ns":[2872603],"wall_ns":2885207,"stream_errors":0,"mb":16,"cmds_per_leg":2,"elements":0}
PCIE {"t_ms":1790726712922,"test":"conc","trial":6,"copy":"dma","cfg":"d2h","legs":1,"bytes_per_leg":33554432,"leg_ns":[3226189],"wall_ns":3243229,"stream_errors":0,"mb":16,"cmds_per_leg":2,"elements":0}
PCIE {"t_ms":1790726712928,"test":"conc","trial":6,"copy":"dma","cfg":"h2d","legs":1,"bytes_per_leg":33554432,"leg_ns":[5538625],"wall_ns":5551253,"stream_errors":0,"mb":16,"cmds_per_leg":2,"elements":0}
PCIE {"t_ms":1790726712930,"test":"conc","trial":7,"copy":"dma","cfg":"d2h/ser","legs":1,"bytes_per_leg":33554432,"leg_ns":[2621719],"wall_ns":2635207,"stream_errors":0,"mb":16,"cmds_per_leg":2,"elements":0}
PCIE {"t_ms":1790726712933,"test":"conc","trial":7,"copy":"dma","cfg":"h2d/ser","legs":1,"bytes_per_leg":33554432,"leg_ns":[2833694],"wall_ns":2848181,"stream_errors":0,"mb":16,"cmds_per_leg":2,"elements":0}
PCIE {"t_ms":1790726712939,"test":"conc","trial":7,"copy":"dma","cfg":"2xh2d/ser","legs":2,"bytes_per_leg":33554432,"leg_ns":[4181669,5567084],"wall_ns":5579695,"stream_errors":0,"mb":16,"cmds_per_leg":2,"elements":0}
PCIE {"t_ms":1790726712944,"test":"conc","trial":7,"copy":"dma","cfg":"h2d","legs":1,"bytes_per_leg":33554432,"leg_ns":[5512654],"wall_ns":5525415,"stream_errors":0,"mb":16,"cmds_per_leg":2,"elements":0}
PCIE {"t_ms":1790726712948,"test":"conc","trial":7,"copy":"dma","cfg":"d2h","legs":1,"bytes_per_leg":33554432,"leg_ns":[3106808],"wall_ns":3121358,"stream_errors":0,"mb":16,"cmds_per_leg":2,"elements":0}
PCIE {"t_ms":1790726712950,"test":"conc","trial":8,"copy":"dma","cfg":"h2d/ser","legs":1,"bytes_per_leg":33554432,"leg_ns":[2832891],"wall_ns":2845456,"stream_errors":0,"mb":16,"cmds_per_leg":2,"elements":0}
PCIE {"t_ms":1790726712953,"test":"conc","trial":8,"copy":"dma","cfg":"d2h/ser","legs":1,"bytes_per_leg":33554432,"leg_ns":[2632682],"wall_ns":2645560,"stream_errors":0,"mb":16,"cmds_per_leg":2,"elements":0}
PCIE {"t_ms":1790726712959,"test":"conc","trial":8,"copy":"dma","cfg":"h2d","legs":1,"bytes_per_leg":33554432,"leg_ns":[5450161],"wall_ns":5462380,"stream_errors":0,"mb":16,"cmds_per_leg":2,"elements":0}
PCIE {"t_ms":1790726712964,"test":"conc","trial":8,"copy":"dma","cfg":"2xh2d/ser","legs":2,"bytes_per_leg":33554432,"leg_ns":[4243707,5548894],"wall_ns":5561219,"stream_errors":0,"mb":16,"cmds_per_leg":2,"elements":0}
PCIE {"t_ms":1790726712967,"test":"conc","trial":8,"copy":"dma","cfg":"d2h","legs":1,"bytes_per_leg":33554432,"leg_ns":[3223275],"wall_ns":3271957,"stream_errors":0,"mb":16,"cmds_per_leg":2,"elements":0}
PCIE {"t_ms":1790726712970,"test":"conc","trial":9,"copy":"dma","cfg":"d2h/ser","legs":1,"bytes_per_leg":33554432,"leg_ns":[2618069],"wall_ns":2631008,"stream_errors":0,"mb":16,"cmds_per_leg":2,"elements":0}
PCIE {"t_ms":1790726712973,"test":"conc","trial":9,"copy":"dma","cfg":"d2h","legs":1,"bytes_per_leg":33554432,"leg_ns":[2997504],"wall_ns":3010367,"stream_errors":0,"mb":16,"cmds_per_leg":2,"elements":0}
PCIE {"t_ms":1790726712979,"test":"conc","trial":9,"copy":"dma","cfg":"h2d","legs":1,"bytes_per_leg":33554432,"leg_ns":[5645626],"wall_ns":5658098,"stream_errors":0,"mb":16,"cmds_per_leg":2,"elements":0}
PCIE {"t_ms":1790726712982,"test":"conc","trial":9,"copy":"dma","cfg":"h2d/ser","legs":1,"bytes_per_leg":33554432,"leg_ns":[2966072],"wall_ns":2978297,"stream_errors":0,"mb":16,"cmds_per_leg":2,"elements":0}
PCIE {"t_ms":1790726712987,"test":"conc","trial":9,"copy":"dma","cfg":"2xh2d/ser","legs":2,"bytes_per_leg":33554432,"leg_ns":[4192616,5501835],"wall_ns":5514880,"stream_errors":0,"mb":16,"cmds_per_leg":2,"elements":0}
PCIE {"t_ms":1790726712990,"test":"conc","trial":10,"copy":"dma","cfg":"d2h/ser","legs":1,"bytes_per_leg":33554432,"leg_ns":[3117925],"wall_ns":3130627,"stream_errors":0,"mb":16,"cmds_per_leg":2,"elements":0}
PCIE {"t_ms":1790726712993,"test":"conc","trial":10,"copy":"dma","cfg":"d2h","legs":1,"bytes_per_leg":33554432,"leg_ns":[2981822],"wall_ns":2995193,"stream_errors":0,"mb":16,"cmds_per_leg":2,"elements":0}
PCIE {"t_ms":1790726712996,"test":"conc","trial":10,"copy":"dma","cfg":"h2d/ser","legs":1,"bytes_per_leg":33554432,"leg_ns":[2935094],"wall_ns":2947549,"stream_errors":0,"mb":16,"cmds_per_leg":2,"elements":0}
PCIE {"t_ms":1790726713002,"test":"conc","trial":10,"copy":"dma","cfg":"2xh2d/ser","legs":2,"bytes_per_leg":33554432,"leg_ns":[4192690,5569831],"wall_ns":5582737,"stream_errors":0,"mb":16,"cmds_per_leg":2,"elements":0}
PCIE {"t_ms":1790726713007,"test":"conc","trial":10,"copy":"dma","cfg":"h2d","legs":1,"bytes_per_leg":33554432,"leg_ns":[5540729],"wall_ns":5553832,"stream_errors":0,"mb":16,"cmds_per_leg":2,"elements":0}
PCIE {"t_ms":1790726713009,"test":"done","which":"conc","elapsed_s":0.386142}
