PCIE {"t_ms":1790726716846,"test":"open","open_ns":134062015,"src":"PCIEBENCH_SRC_SHA256 main=27b7ed06330c4bae26cd24be189cdac0d67432cb52b1e8c7fca1116abda1aa5f args=8ae69bd7d46097957b638ff4c6630eb3e66d3cb0654b77d3bf55f3336c61c508 touch=92180a93c6dae0a1dce8c379156f827bd6588115777499dc45e64bf606b46ec0","link":[{"bdf":"0000:02:00.0","speed":"16.0 GT/s PCIe","width":"8","max_speed":"16.0 GT/s PCIe","max_width":"8","cma_allocated":"2057 MB"}]}
PCIE {"t_ms":1790726716854,"test":"conc","trial":0,"copy":"dma","cfg":"d2h","legs":1,"bytes_per_leg":8388608,"leg_ns":[1058771],"wall_ns":1077790,"stream_errors":0,"mb":4,"cmds_per_leg":2,"elements":0}
PCIE {"t_ms":1790726716855,"test":"conc","trial":0,"copy":"dma","cfg":"d2h/ser","legs":1,"bytes_per_leg":8388608,"leg_ns":[938056],"wall_ns":952888,"stream_errors":0,"mb":4,"cmds_per_leg":2,"elements":0}
PCIE {"t_ms":1790726716856,"test":"conc","trial":0,"copy":"dma","cfg":"h2d","legs":1,"bytes_per_leg":8388608,"leg_ns":[1371661],"wall_ns":1384603,"stream_errors":0,"mb":4,"cmds_per_leg":2,"elements":0}
PCIE {"t_ms":1790726716858,"test":"conc","trial":0,"copy":"dma","cfg":"2xh2d/ser","legs":2,"bytes_per_leg":8388608,"leg_ns":[1171424,1543216],"wall_ns":1555912,"stream_errors":0,"mb":4,"cmds_per_leg":2,"elements":0}
PCIE {"t_ms":1790726716859,"test":"conc","trial":0,"copy":"dma","cfg":"h2d/ser","legs":1,"bytes_per_leg":8388608,"leg_ns":[840287],"wall_ns":852885,"stream_errors":0,"mb":4,"cmds_per_leg":2,"elements":0}
PCIE {"t_ms":1790726716860,"test":"conc","trial":1,"copy":"dma","cfg":"h2d","legs":1,"bytes_per_leg":8388608,"leg_ns":[1139735],"wall_ns":1152345,"stream_errors":0,"mb":4,"cmds_per_leg":2,"elements":0}
PCIE {"t_ms":1790726716861,"test":"conc","trial":1,"copy":"dma","cfg":"2xh2d/ser","legs":2,"bytes_per_leg":8388608,"leg_ns":[1179809,1600258],"wall_ns":1613093,"stream_errors":0,"mb":4,"cmds_per_leg":2,"elements":0}
PCIE {"t_ms":1790726716862,"test":"conc","trial":1,"copy":"dma","cfg":"h2d/ser","legs":1,"bytes_per_leg":8388608,"leg_ns":[834640],"wall_ns":846987,"stream_errors":0,"mb":4,"cmds_per_leg":2,"elements":0}
PCIE {"t_ms":1790726716863,"test":"conc","trial":1,"copy":"dma","cfg":"d2h","legs":1,"bytes_per_leg":8388608,"leg_ns":[842023],"wall_ns":854473,"stream_errors":0,"mb":4,"cmds_per_leg":2,"elements":0}
PCIE {"t_ms":1790726716864,"test":"conc","trial":1,"copy":"dma","cfg":"d2h/ser","legs":1,"bytes_per_leg":8388608,"leg_ns":[786204],"wall_ns":799392,"stream_errors":0,"mb":4,"cmds_per_leg":2,"elements":0}
PCIE {"t_ms":1790726716865,"test":"conc","trial":2,"copy":"dma","cfg":"d2h/ser","legs":1,"bytes_per_leg":8388608,"leg_ns":[712493],"wall_ns":725414,"stream_errors":0,"mb":4,"cmds_per_leg":2,"elements":0}
PCIE {"t_ms":1790726716866,"test":"conc","trial":2,"copy":"dma","cfg":"h2d/ser","legs":1,"bytes_per_leg":8388608,"leg_ns":[825834],"wall_ns":838553,"stream_errors":0,"mb":4,"cmds_per_leg":2,"elements":0}
PCIE {"t_ms":1790726716866,"test":"conc","trial":2,"copy":"dma","cfg":"d2h","legs":1,"bytes_per_leg":8388608,"leg_ns":[857903],"wall_ns":870617,"stream_errors":0,"mb":4,"cmds_per_leg":2,"elements":0}
PCIE {"t_ms":1790726716868,"test":"conc","trial":2,"copy":"dma","cfg":"h2d","legs":1,"bytes_per_leg":8388608,"leg_ns":[1384124],"wall_ns":1396887,"stream_errors":0,"mb":4,"cmds_per_leg":2,"elements":0}
PCIE {"t_ms":1790726716869,"test":"conc","trial":2,"copy":"dma","cfg":"2xh2d/ser","legs":2,"bytes_per_leg":8388608,"leg_ns":[1174238,1496558],"wall_ns":1510275,"stream_errors":0,"mb":4,"cmds_per_leg":2,"elements":0}
PCIE {"t_ms":1790726716871,"test":"conc","trial":3,"copy":"dma","cfg":"h2d","legs":1,"bytes_per_leg":8388608,"leg_ns":[1455525],"wall_ns":1469423,"stream_errors":0,"mb":4,"cmds_per_leg":2,"elements":0}
PCIE {"t_ms":1790726716872,"test":"conc","trial":3,"copy":"dma","cfg":"h2d/ser","legs":1,"bytes_per_leg":8388608,"leg_ns":[762870],"wall_ns":776071,"stream_errors":0,"mb":4,"cmds_per_leg":2,"elements":0}
PCIE {"t_ms":1790726716873,"test":"conc","trial":3,"copy":"dma","cfg":"2xh2d/ser","legs":2,"bytes_per_leg":8388608,"leg_ns":[1172003,1492546],"wall_ns":1506144,"stream_errors":0,"mb":4,"cmds_per_leg":2,"elements":0}
PCIE {"t_ms":1790726716874,"test":"conc","trial":3,"copy":"dma","cfg":"d2h/ser","legs":1,"bytes_per_leg":8388608,"leg_ns":[753154],"wall_ns":767042,"stream_errors":0,"mb":4,"cmds_per_leg":2,"elements":0}
PCIE {"t_ms":1790726716875,"test":"conc","trial":3,"copy":"dma","cfg":"d2h","legs":1,"bytes_per_leg":8388608,"leg_ns":[840405],"wall_ns":854109,"stream_errors":0,"mb":4,"cmds_per_leg":2,"elements":0}
PCIE {"t_ms":1790726716876,"test":"conc","trial":4,"copy":"dma","cfg":"d2h","legs":1,"bytes_per_leg":8388608,"leg_ns":[840990],"wall_ns":856107,"stream_errors":0,"mb":4,"cmds_per_leg":2,"elements":0}
PCIE {"t_ms":1790726716876,"test":"conc","trial":4,"copy":"dma","cfg":"h2d/ser","legs":1,"bytes_per_leg":8388608,"leg_ns":[815579],"wall_ns":828920,"stream_errors":0,"mb":4,"cmds_per_leg":2,"elements":0}
PCIE {"t_ms":1790726716878,"test":"conc","trial":4,"copy":"dma","cfg":"h2d","legs":1,"bytes_per_leg":8388608,"leg_ns":[1455951],"wall_ns":1469477,"stream_errors":0,"mb":4,"cmds_per_leg":2,"elements":0}
PCIE {"t_ms":1790726716879,"test":"conc","trial":4,"copy":"dma","cfg":"d2h/ser","legs":1,"bytes_per_leg":8388608,"leg_ns":[755856],"wall_ns":769249,"stream_errors":0,"mb":4,"cmds_per_leg":2,"elements":0}
PCIE {"t_ms":1790726716880,"test":"conc","trial":4,"copy":"dma","cfg":"2xh2d/ser","legs":2,"bytes_per_leg":8388608,"leg_ns":[1156099,1477118],"wall_ns":1490631,"stream_errors":0,"mb":4,"cmds_per_leg":2,"elements":0}
PCIE {"t_ms":1790726716882,"test":"conc","trial":5,"copy":"dma","cfg":"h2d","legs":1,"bytes_per_leg":8388608,"leg_ns":[1404308],"wall_ns":1417973,"stream_errors":0,"mb":4,"cmds_per_leg":2,"elements":0}
PCIE {"t_ms":1790726716882,"test":"conc","trial":5,"copy":"dma","cfg":"h2d/ser","legs":1,"bytes_per_leg":8388608,"leg_ns":[834218],"wall_ns":847069,"stream_errors":0,"mb":4,"cmds_per_leg":2,"elements":0}
PCIE {"t_ms":1790726716883,"test":"conc","trial":5,"copy":"dma","cfg":"d2h/ser","legs":1,"bytes_per_leg":8388608,"leg_ns":[754823],"wall_ns":768274,"stream_errors":0,"mb":4,"cmds_per_leg":2,"elements":0}
PCIE {"t_ms":1790726716884,"test":"conc","trial":5,"copy":"dma","cfg":"d2h","legs":1,"bytes_per_leg":8388608,"leg_ns":[848562],"wall_ns":861808,"stream_errors":0,"mb":4,"cmds_per_leg":2,"elements":0}
PCIE {"t_ms":1790726716886,"test":"conc","trial":5,"copy":"dma","cfg":"2xh2d/ser","legs":2,"bytes_per_leg":8388608,"leg_ns":[1122330,1445618],"wall_ns":1459260,"stream_errors":0,"mb":4,"cmds_per_leg":2,"elements":0}
PCIE {"t_ms":1790726716886,"test":"conc","trial":6,"copy":"dma","cfg":"d2h/ser","legs":1,"bytes_per_leg":8388608,"leg_ns":[744532],"wall_ns":757710,"stream_errors":0,"mb":4,"cmds_per_leg":2,"elements":0}
PCIE {"t_ms":1790726716888,"test":"conc","trial":6,"copy":"dma","cfg":"2xh2d/ser","legs":2,"bytes_per_leg":8388608,"leg_ns":[1157019,1437264],"wall_ns":1450760,"stream_errors":0,"mb":4,"cmds_per_leg":2,"elements":0}
PCIE {"t_ms":1790726716889,"test":"conc","trial":6,"copy":"dma","cfg":"h2d/ser","legs":1,"bytes_per_leg":8388608,"leg_ns":[845167],"wall_ns":858500,"stream_errors":0,"mb":4,"cmds_per_leg":2,"elements":0}
PCIE {"t_ms":1790726716890,"test":"conc","trial":6,"copy":"dma","cfg":"d2h","legs":1,"bytes_per_leg":8388608,"leg_ns":[846224],"wall_ns":859195,"stream_errors":0,"mb":4,"cmds_per_leg":2,"elements":0}
PCIE {"t_ms":1790726716891,"test":"conc","trial":6,"copy":"dma","cfg":"h2d","legs":1,"bytes_per_leg":8388608,"leg_ns":[1471093],"wall_ns":1484426,"stream_errors":0,"mb":4,"cmds_per_leg":2,"elements":0}
PCIE {"t_ms":1790726716892,"test":"conc","trial":7,"copy":"dma","cfg":"d2h/ser","legs":1,"bytes_per_leg":8388608,"leg_ns":[749919],"wall_ns":763527,"stream_errors":0,"mb":4,"cmds_per_leg":2,"elements":0}
PCIE {"t_ms":1790726716893,"test":"conc","trial":7,"copy":"dma","cfg":"h2d/ser","legs":1,"bytes_per_leg":8388608,"leg_ns":[782654],"wall_ns":796084,"stream_errors":0,"mb":4,"cmds_per_leg":2,"elements":0}
PCIE {"t_ms":1790726716894,"test":"conc","trial":7,"copy":"dma","cfg":"2xh2d/ser","legs":2,"bytes_per_leg":8388608,"leg_ns":[1170142,1493106],"wall_ns":1506713,"stream_errors":0,"mb":4,"cmds_per_leg":2,"elements":0}
PCIE {"t_ms":1790726716896,"test":"conc","trial":7,"copy":"dma","cfg":"h2d","legs":1,"bytes_per_leg":8388608,"leg_ns":[1466933],"wall_ns":1480642,"stream_errors":0,"mb":4,"cmds_per_leg":2,"elements":0}
PCIE {"t_ms":1790726716896,"test":"conc","trial":7,"copy":"dma","cfg":"d2h","legs":1,"bytes_per_leg":8388608,"leg_ns":[853881],"wall_ns":867029,"stream_errors":0,"mb":4,"cmds_per_leg":2,"elements":0}
PCIE {"t_ms":1790726716897,"test":"conc","trial":8,"copy":"dma","cfg":"h2d/ser","legs":1,"bytes_per_leg":8388608,"leg_ns":[821284],"wall_ns":834602,"stream_errors":0,"mb":4,"cmds_per_leg":2,"elements":0}
PCIE {"t_ms":1790726716898,"test":"conc","trial":8,"copy":"dma","cfg":"d2h/ser","legs":1,"bytes_per_leg":8388608,"leg_ns":[700610],"wall_ns":713742,"stream_errors":0,"mb":4,"cmds_per_leg":2,"elements":0}
PCIE {"t_ms":1790726716900,"test":"conc","trial":8,"copy":"dma","cfg":"h2d","legs":1,"bytes_per_leg":8388608,"leg_ns":[1441291],"wall_ns":1454597,"stream_errors":0,"mb":4,"cmds_per_leg":2,"elements":0}
PCIE {"t_ms":1790726716901,"test":"conc","trial":8,"copy":"dma","cfg":"2xh2d/ser","legs":2,"bytes_per_leg":8388608,"leg_ns":[1159784,1473936],"wall_ns":1487336,"stream_errors":0,"mb":4,"cmds_per_leg":2,"elements":0}
PCIE {"t_ms":1790726716902,"test":"conc","trial":8,"copy":"dma","cfg":"d2h","legs":1,"bytes_per_leg":8388608,"leg_ns":[824287],"wall_ns":837705,"stream_errors":0,"mb":4,"cmds_per_leg":2,"elements":0}
PCIE {"t_ms":1790726716903,"test":"conc","trial":9,"copy":"dma","cfg":"d2h/ser","legs":1,"bytes_per_leg":8388608,"leg_ns":[735106],"wall_ns":748362,"stream_errors":0,"mb":4,"cmds_per_leg":2,"elements":0}
PCIE {"t_ms":1790726716903,"test":"conc","trial":9,"copy":"dma","cfg":"d2h","legs":1,"bytes_per_leg":8388608,"leg_ns":[847281],"wall_ns":860605,"stream_errors":0,"mb":4,"cmds_per_leg":2,"elements":0}
PCIE {"t_ms":1790726716905,"test":"conc","trial":9,"copy":"dma","cfg":"h2d","legs":1,"bytes_per_leg":8388608,"leg_ns":[1447817],"wall_ns":1461167,"stream_errors":0,"mb":4,"cmds_per_leg":2,"elements":0}
PCIE {"t_ms":1790726716906,"test":"conc","trial":9,"copy":"dma","cfg":"h2d/ser","legs":1,"bytes_per_leg":8388608,"leg_ns":[837992],"wall_ns":851238,"stream_errors":0,"mb":4,"cmds_per_leg":2,"elements":0}
PCIE {"t_ms":1790726716907,"test":"conc","trial":9,"copy":"dma","cfg":"2xh2d/ser","legs":2,"bytes_per_leg":8388608,"leg_ns":[1174654,1492945],"wall_ns":1506560,"stream_errors":0,"mb":4,"cmds_per_leg":2,"elements":0}
PCIE {"t_ms":1790726716908,"test":"conc","trial":10,"copy":"dma","cfg":"d2h/ser","legs":1,"bytes_per_leg":8388608,"leg_ns":[719517],"wall_ns":732952,"stream_errors":0,"mb":4,"cmds_per_leg":2,"elements":0}
PCIE {"t_ms":1790726716909,"test":"conc","trial":10,"copy":"dma","cfg":"d2h","legs":1,"bytes_per_leg":8388608,"leg_ns":[849057],"wall_ns":862409,"stream_errors":0,"mb":4,"cmds_per_leg":2,"elements":0}
PCIE {"t_ms":1790726716910,"test":"conc","trial":10,"copy":"dma","cfg":"h2d/ser","legs":1,"bytes_per_leg":8388608,"leg_ns":[826012],"wall_ns":839441,"stream_errors":0,"mb":4,"cmds_per_leg":2,"elements":0}
PCIE {"t_ms":1790726716911,"test":"conc","trial":10,"copy":"dma","cfg":"2xh2d/ser","legs":2,"bytes_per_leg":8388608,"leg_ns":[1151658,1469652],"wall_ns":1483130,"stream_errors":0,"mb":4,"cmds_per_leg":2,"elements":0}
PCIE {"t_ms":1790726716913,"test":"conc","trial":10,"copy":"dma","cfg":"h2d","legs":1,"bytes_per_leg":8388608,"leg_ns":[1454163],"wall_ns":1467922,"stream_errors":0,"mb":4,"cmds_per_leg":2,"elements":0}
PCIE {"t_ms":1790726716914,"test":"conc","trial":11,"copy":"dma","cfg":"h2d/ser","legs":1,"bytes_per_leg":8388608,"leg_ns":[835902],"wall_ns":849368,"stream_errors":0,"mb":4,"cmds_per_leg":2,"elements":0}
PCIE {"t_ms":1790726716915,"test":"conc","trial":11,"copy":"dma","cfg":"2xh2d/ser","legs":2,"bytes_per_leg":8388608,"leg_ns":[1173651,1490953],"wall_ns":1504599,"stream_errors":0,"mb":4,"cmds_per_leg":2,"elements":0}
PCIE {"t_ms":1790726716917,"test":"conc","trial":11,"copy":"dma","cfg":"h2d","legs":1,"bytes_per_leg":8388608,"leg_ns":[1438919],"wall_ns":1452109,"stream_errors":0,"mb":4,"cmds_per_leg":2,"elements":0}
PCIE {"t_ms":1790726716917,"test":"conc","trial":11,"copy":"dma","cfg":"d2h/ser","legs":1,"bytes_per_leg":8388608,"leg_ns":[736080],"wall_ns":749293,"stream_errors":0,"mb":4,"cmds_per_leg":2,"elements":0}
PCIE {"t_ms":1790726716918,"test":"conc","trial":11,"copy":"dma","cfg":"d2h","legs":1,"bytes_per_leg":8388608,"leg_ns":[834320],"wall_ns":847599,"stream_errors":0,"mb":4,"cmds_per_leg":2,"elements":0}
PCIE {"t_ms":1790726716920,"test":"conc","trial":12,"copy":"dma","cfg":"2xh2d/ser","legs":2,"bytes_per_leg":8388608,"leg_ns":[1156689,1476937],"wall_ns":1490575,"stream_errors":0,"mb":4,"cmds_per_leg":2,"elements":0}
PCIE {"t_ms":1790726716921,"test":"conc","trial":12,"copy":"dma","cfg":"h2d/ser","legs":1,"bytes_per_leg":8388608,"leg_ns":[834580],"wall_ns":847814,"stream_errors":0,"mb":4,"cmds_per_leg":2,"elements":0}
PCIE {"t_ms":1790726716921,"test":"conc","trial":12,"copy":"dma","cfg":"d2h/ser","legs":1,"bytes_per_leg":8388608,"leg_ns":[710065],"wall_ns":723494,"stream_errors":0,"mb":4,"cmds_per_leg":2,"elements":0}
PCIE {"t_ms":1790726716923,"test":"conc","trial":12,"copy":"dma","cfg":"h2d","legs":1,"bytes_per_leg":8388608,"leg_ns":[1444036],"wall_ns":1457222,"stream_errors":0,"mb":4,"cmds_per_leg":2,"elements":0}
PCIE {"t_ms":1790726716924,"test":"conc","trial":12,"copy":"dma","cfg":"d2h","legs":1,"bytes_per_leg":8388608,"leg_ns":[860561],"wall_ns":874310,"stream_errors":0,"mb":4,"cmds_per_leg":2,"elements":0}
PCIE {"t_ms":1790726716925,"test":"conc","trial":13,"copy":"dma","cfg":"h2d","legs":1,"bytes_per_leg":8388608,"leg_ns":[1407998],"wall_ns":1421403,"stream_errors":0,"mb":4,"cmds_per_leg":2,"elements":0}
PCIE {"t_ms":1790726716926,"test":"conc","trial":13,"copy":"dma","cfg":"d2h","legs":1,"bytes_per_leg":8388608,"leg_ns":[859235],"wall_ns":879260,"stream_errors":0,"mb":4,"cmds_per_leg":2,"elements":0}
PCIE {"t_ms":1790726716927,"test":"conc","trial":13,"copy":"dma","cfg":"d2h/ser","legs":1,"bytes_per_leg":8388608,"leg_ns":[785967],"wall_ns":799852,"stream_errors":0,"mb":4,"cmds_per_leg":2,"elements":0}
PCIE {"t_ms":1790726716928,"test":"conc","trial":13,"copy":"dma","cfg":"2xh2d/ser","legs":2,"bytes_per_leg":8388608,"leg_ns":[1155775,1476181],"wall_ns":1489178,"stream_errors":0,"mb":4,"cmds_per_leg":2,"elements":0}
PCIE {"t_ms":1790726716929,"test":"conc","trial":13,"copy":"dma","cfg":"h2d/ser","legs":1,"bytes_per_leg":8388608,"leg_ns":[793105],"wall_ns":806021,"stream_errors":0,"mb":4,"cmds_per_leg":2,"elements":0}
PCIE {"t_ms":1790726716930,"test":"conc","trial":14,"copy":"dma","cfg":"h2d/ser","legs":1,"bytes_per_leg":8388608,"leg_ns":[845612],"wall_ns":858544,"stream_errors":0,"mb":4,"cmds_per_leg":2,"elements":0}
PCIE {"t_ms":1790726716931,"test":"conc","trial":14,"copy":"dma","cfg":"d2h","legs":1,"bytes_per_leg":8388608,"leg_ns":[816774],"wall_ns":829738,"stream_errors":0,"mb":4,"cmds_per_leg":2,"elements":0}
PCIE {"t_ms":1790726716932,"test":"conc","trial":14,"copy":"dma","cfg":"2xh2d/ser","legs":2,"bytes_per_leg":8388608,"leg_ns":[1156335,1472546],"wall_ns":1485593,"stream_errors":0,"mb":4,"cmds_per_leg":2,"elements":0}
PCIE {"t_ms":1790726716933,"test":"conc","trial":14,"copy":"dma","cfg":"d2h/ser","legs":1,"bytes_per_leg":8388608,"leg_ns":[750392],"wall_ns":763377,"stream_errors":0,"mb":4,"cmds_per_leg":2,"elements":0}
PCIE {"t_ms":1790726716934,"test":"conc","trial":14,"copy":"dma","cfg":"h2d","legs":1,"bytes_per_leg":8388608,"leg_ns":[1422104],"wall_ns":1434998,"stream_errors":0,"mb":4,"cmds_per_leg":2,"elements":0}
PCIE {"t_ms":1790726716936,"test":"conc","trial":15,"copy":"dma","cfg":"2xh2d/ser","legs":2,"bytes_per_leg":8388608,"leg_ns":[1147052,1468493],"wall_ns":1481404,"stream_errors":0,"mb":4,"cmds_per_leg":2,"elements":0}
PCIE {"t_ms":1790726716937,"test":"conc","trial":15,"copy":"dma","cfg":"d2h/ser","legs":1,"bytes_per_leg":8388608,"leg_ns":[754483],"wall_ns":767877,"stream_errors":0,"mb":4,"cmds_per_leg":2,"elements":0}
PCIE {"t_ms":1790726716938,"test":"conc","trial":15,"copy":"dma","cfg":"d2h","legs":1,"bytes_per_leg":8388608,"leg_ns":[830468],"wall_ns":843084,"stream_errors":0,"mb":4,"cmds_per_leg":2,"elements":0}
PCIE {"t_ms":1790726716938,"test":"conc","trial":15,"copy":"dma","cfg":"h2d/ser","legs":1,"bytes_per_leg":8388608,"leg_ns":[831639],"wall_ns":844605,"stream_errors":0,"mb":4,"cmds_per_leg":2,"elements":0}
PCIE {"t_ms":1790726716940,"test":"conc","trial":15,"copy":"dma","cfg":"h2d","legs":1,"bytes_per_leg":8388608,"leg_ns":[1403555],"wall_ns":1416686,"stream_errors":0,"mb":4,"cmds_per_leg":2,"elements":0}
PCIE {"t_ms":1790726716941,"test":"conc","trial":16,"copy":"dma","cfg":"h2d/ser","legs":1,"bytes_per_leg":8388608,"leg_ns":[841305],"wall_ns":854277,"stream_errors":0,"mb":4,"cmds_per_leg":2,"elements":0}
PCIE {"t_ms":1790726716942,"test":"conc","trial":16,"copy":"dma","cfg":"h2d","legs":1,"bytes_per_leg":8388608,"leg_ns":[1422524],"wall_ns":1435393,"stream_errors":0,"mb":4,"cmds_per_leg":2,"elements":0}
PCIE {"t_ms":1790726716944,"test":"conc","trial":16,"copy":"dma","cfg":"2xh2d/ser","legs":2,"bytes_per_leg":8388608,"leg_ns":[1174660,1453445],"wall_ns":1466585,"stream_errors":0,"mb":4,"cmds_per_leg":2,"elements":0}
PCIE {"t_ms":1790726716944,"test":"conc","trial":16,"copy":"dma","cfg":"d2h","legs":1,"bytes_per_leg":8388608,"leg_ns":[856946],"wall_ns":869597,"stream_errors":0,"mb":4,"cmds_per_leg":2,"elements":0}
PCIE {"t_ms":1790726716945,"test":"conc","trial":16,"copy":"dma","cfg":"d2h/ser","legs":1,"bytes_per_leg":8388608,"leg_ns":[740115],"wall_ns":753081,"stream_errors":0,"mb":4,"cmds_per_leg":2,"elements":0}
PCIE {"t_ms":1790726716946,"test":"conc","trial":17,"copy":"dma","cfg":"h2d/ser","legs":1,"bytes_per_leg":8388608,"leg_ns":[824138],"wall_ns":837123,"stream_errors":0,"mb":4,"cmds_per_leg":2,"elements":0}
PCIE {"t_ms":1790726716947,"test":"conc","trial":17,"copy":"dma","cfg":"d2h/ser","legs":1,"bytes_per_leg":8388608,"leg_ns":[721821],"wall_ns":735004,"stream_errors":0,"mb":4,"cmds_per_leg":2,"elements":0}
PCIE {"t_ms":1790726716948,"test":"conc","trial":17,"copy":"dma","cfg":"2xh2d/ser","legs":2,"bytes_per_leg":8388608,"leg_ns":[1163557,1478554],"wall_ns":1491561,"stream_errors":0,"mb":4,"cmds_per_leg":2,"elements":0}
PCIE {"t_ms":1790726716950,"test":"conc","trial":17,"copy":"dma","cfg":"h2d","legs":1,"bytes_per_leg":8388608,"leg_ns":[1479706],"wall_ns":1492770,"stream_errors":0,"mb":4,"cmds_per_leg":2,"elements":0}
PCIE {"t_ms":1790726716951,"test":"conc","trial":17,"copy":"dma","cfg":"d2h","legs":1,"bytes_per_leg":8388608,"leg_ns":[859959],"wall_ns":872923,"stream_errors":0,"mb":4,"cmds_per_leg":2,"elements":0}
PCIE {"t_ms":1790726716952,"test":"conc","trial":18,"copy":"dma","cfg":"h2d/ser","legs":1,"bytes_per_leg":8388608,"leg_ns":[819132],"wall_ns":831944,"stream_errors":0,"mb":4,"cmds_per_leg":2,"elements":0}
PCIE {"t_ms":1790726716953,"test":"conc","trial":18,"copy":"dma","cfg":"2xh2d/ser","legs":2,"bytes_per_leg":8388608,"leg_ns":[1148289,1470737],"wall_ns":1483831,"stream_errors":0,"mb":4,"cmds_per_leg":2,"elements":0}
PCIE {"t_ms":1790726716954,"test":"conc","trial":18,"copy":"dma","cfg":"d2h","legs":1,"bytes_per_leg":8388608,"leg_ns":[850313],"wall_ns":863411,"stream_errors":0,"mb":4,"cmds_per_leg":2,"elements":0}
PCIE {"t_ms":1790726716955,"test":"conc","trial":18,"copy":"dma","cfg":"d2h/ser","legs":1,"bytes_per_leg":8388608,"leg_ns":[700390],"wall_ns":713445,"stream_errors":0,"mb":4,"cmds_per_leg":2,"elements":0}
PCIE {"t_ms":1790726716956,"test":"conc","trial":18,"copy":"dma","cfg":"h2d","legs":1,"bytes_per_leg":8388608,"leg_ns":[1443583],"wall_ns":1456552,"stream_errors":0,"mb":4,"cmds_per_leg":2,"elements":0}
PCIE {"t_ms":1790726716958,"test":"conc","trial":19,"copy":"dma","cfg":"h2d","legs":1,"bytes_per_leg":8388608,"leg_ns":[1442497],"wall_ns":1455390,"stream_errors":0,"mb":4,"cmds_per_leg":2,"elements":0}
PCIE {"t_ms":1790726716958,"test":"conc","trial":19,"copy":"dma","cfg":"h2d/ser","legs":1,"bytes_per_leg":8388608,"leg_ns":[845323],"wall_ns":858150,"stream_errors":0,"mb":4,"cmds_per_leg":2,"elements":0}
PCIE {"t_ms":1790726716960,"test":"conc","trial":19,"copy":"dma","cfg":"2xh2d/ser","legs":2,"bytes_per_leg":8388608,"leg_ns":[1139512,1462532],"wall_ns":1475784,"stream_errors":0,"mb":4,"cmds_per_leg":2,"elements":0}
PCIE {"t_ms":1790726716961,"test":"conc","trial":19,"copy":"dma","cfg":"d2h","legs":1,"bytes_per_leg":8388608,"leg_ns":[825865],"wall_ns":838991,"stream_errors":0,"mb":4,"cmds_per_leg":2,"elements":0}
PCIE {"t_ms":1790726716962,"test":"conc","trial":19,"copy":"dma","cfg":"d2h/ser","legs":1,"bytes_per_leg":8388608,"leg_ns":[736071],"wall_ns":748722,"stream_errors":0,"mb":4,"cmds_per_leg":2,"elements":0}
PCIE {"t_ms":1790726716962,"test":"conc","trial":20,"copy":"dma","cfg":"d2h/ser","legs":1,"bytes_per_leg":8388608,"leg_ns":[737817],"wall_ns":750840,"stream_errors":0,"mb":4,"cmds_per_leg":2,"elements":0}
PCIE {"t_ms":1790726716964,"test":"conc","trial":20,"copy":"dma","cfg":"h2d","legs":1,"bytes_per_leg":8388608,"leg_ns":[1449677],"wall_ns":1462883,"stream_errors":0,"mb":4,"cmds_per_leg":2,"elements":0}
PCIE {"t_ms":1790726716965,"test":"conc","trial":20,"copy":"dma","cfg":"d2h","legs":1,"bytes_per_leg":8388608,"leg_ns":[857011],"wall_ns":869760,"stream_errors":0,"mb":4,"cmds_per_leg":2,"elements":0}
PCIE {"t_ms":1790726716966,"test":"conc","trial":20,"copy":"dma","cfg":"2xh2d/ser","legs":2,"bytes_per_leg":8388608,"leg_ns":[1162543,1480040],"wall_ns":1493055,"stream_errors":0,"mb":4,"cmds_per_leg":2,"elements":0}
PCIE {"t_ms":1790726716967,"test":"conc","trial":20,"copy":"dma","cfg":"h2d/ser","legs":1,"bytes_per_leg":8388608,"leg_ns":[807065],"wall_ns":819872,"stream_errors":0,"mb":4,"cmds_per_leg":2,"elements":0}
PCIE {"t_ms":1790726716968,"test":"conc","trial":21,"copy":"dma","cfg":"d2h/ser","legs":1,"bytes_per_leg":8388608,"leg_ns":[749562],"wall_ns":762518,"stream_errors":0,"mb":4,"cmds_per_leg":2,"elements":0}
PCIE {"t_ms":1790726716969,"test":"conc","trial":21,"copy":"dma","cfg":"h2d","legs":1,"bytes_per_leg":8388608,"leg_ns":[1413263],"wall_ns":1426162,"stream_errors":0,"mb":4,"cmds_per_leg":2,"elements":0}
PCIE {"t_ms":1790726716970,"test":"conc","trial":21,"copy":"dma","cfg":"d2h","legs":1,"bytes_per_leg":8388608,"leg_ns":[850660],"wall_ns":863586,"stream_errors":0,"mb":4,"cmds_per_leg":2,"elements":0}
PCIE {"t_ms":1790726716971,"test":"conc","trial":21,"copy":"dma","cfg":"2xh2d/ser","legs":2,"bytes_per_leg":8388608,"leg_ns":[1115348,1438606],"wall_ns":1451673,"stream_errors":0,"mb":4,"cmds_per_leg":2,"elements":0}
PCIE {"t_ms":1790726716972,"test":"conc","trial":21,"copy":"dma","cfg":"h2d/ser","legs":1,"bytes_per_leg":8388608,"leg_ns":[844088],"wall_ns":857137,"stream_errors":0,"mb":4,"cmds_per_leg":2,"elements":0}
PCIE {"t_ms":1790726716974,"test":"conc","trial":22,"copy":"dma","cfg":"2xh2d/ser","legs":2,"bytes_per_leg":8388608,"leg_ns":[1123365,1446776],"wall_ns":1459805,"stream_errors":0,"mb":4,"cmds_per_leg":2,"elements":0}
PCIE {"t_ms":1790726716975,"test":"conc","trial":22,"copy":"dma","cfg":"d2h/ser","legs":1,"bytes_per_leg":8388608,"leg_ns":[749724],"wall_ns":762817,"stream_errors":0,"mb":4,"cmds_per_leg":2,"elements":0}
PCIE {"t_ms":1790726716976,"test":"conc","trial":22,"copy":"dma","cfg":"h2d","legs":1,"bytes_per_leg":8388608,"leg_ns":[1442202],"wall_ns":1455107,"stream_errors":0,"mb":4,"cmds_per_leg":2,"elements":0}
PCIE {"t_ms":1790726716977,"test":"conc","trial":22,"copy":"dma","cfg":"d2h","legs":1,"bytes_per_leg":8388608,"leg_ns":[853141],"wall_ns":866013,"stream_errors":0,"mb":4,"cmds_per_leg":2,"elements":0}
PCIE {"t_ms":1790726716978,"test":"conc","trial":22,"copy":"dma","cfg":"h2d/ser","legs":1,"bytes_per_leg":8388608,"leg_ns":[796601],"wall_ns":809430,"stream_errors":0,"mb":4,"cmds_per_leg":2,"elements":0}
PCIE {"t_ms":1790726716979,"test":"conc","trial":23,"copy":"dma","cfg":"h2d/ser","legs":1,"bytes_per_leg":8388608,"leg_ns":[834489],"wall_ns":854629,"stream_errors":0,"mb":4,"cmds_per_leg":2,"elements":0}
PCIE {"t_ms":1790726716980,"test":"conc","trial":23,"copy":"dma","cfg":"2xh2d/ser","legs":2,"bytes_per_leg":8388608,"leg_ns":[1115035,1433595],"wall_ns":1446722,"stream_errors":0,"mb":4,"cmds_per_leg":2,"elements":0}
PCIE {"t_ms":1790726716981,"test":"conc","trial":23,"copy":"dma","cfg":"d2h","legs":1,"bytes_per_leg":8388608,"leg_ns":[859645],"wall_ns":872608,"stream_errors":0,"mb":4,"cmds_per_leg":2,"elements":0}
PCIE {"t_ms":1790726716982,"test":"conc","trial":23,"copy":"dma","cfg":"d2h/ser","legs":1,"bytes_per_leg":8388608,"leg_ns":[693371],"wall_ns":706346,"stream_errors":0,"mb":4,"cmds_per_leg":2,"elements":0}
PCIE {"t_ms":1790726716983,"test":"conc","trial":23,"copy":"dma","cfg":"h2d","legs":1,"bytes_per_leg":8388608,"leg_ns":[1450202],"wall_ns":1463174,"stream_errors":0,"mb":4,"cmds_per_leg":2,"elements":0}
PCIE {"t_ms":1790726716984,"test":"conc","trial":24,"copy":"dma","cfg":"d2h","legs":1,"bytes_per_leg":8388608,"leg_ns":[831053],"wall_ns":843997,"stream_errors":0,"mb":4,"cmds_per_leg":2,"elements":0}
PCIE {"t_ms":1790726716985,"test":"conc","trial":24,"copy":"dma","cfg":"d2h/ser","legs":1,"bytes_per_leg":8388608,"leg_ns":[738728],"wall_ns":751659,"stream_errors":0,"mb":4,"cmds_per_leg":2,"elements":0}
PCIE {"t_ms":1790726716986,"test":"conc","trial":24,"copy":"dma","cfg":"2xh2d/ser","legs":2,"bytes_per_leg":8388608,"leg_ns":[1153955,1476187],"wall_ns":1489390,"stream_errors":0,"mb":4,"cmds_per_leg":2,"elements":0}
PCIE {"t_ms":1790726716987,"test":"conc","trial":24,"copy":"dma","cfg":"h2d/ser","legs":1,"bytes_per_leg":8388608,"leg_ns":[816475],"wall_ns":829396,"stream_errors":0,"mb":4,"cmds_per_leg":2,"elements":0}
PCIE {"t_ms":1790726716989,"test":"conc","trial":24,"copy":"dma","cfg":"h2d","legs":1,"bytes_per_leg":8388608,"leg_ns":[1457966],"wall_ns":1470851,"stream_errors":0,"mb":4,"cmds_per_leg":2,"elements":0}
PCIE {"t_ms":1790726716989,"test":"done","which":"conc","elapsed_s":0.277369}
