PCIE {"t_ms":1790726720402,"test":"open","open_ns":131304041,"src":"PCIEBENCH_SRC_SHA256 main=27b7ed06330c4bae26cd24be189cdac0d67432cb52b1e8c7fca1116abda1aa5f args=8ae69bd7d46097957b638ff4c6630eb3e66d3cb0654b77d3bf55f3336c61c508 touch=92180a93c6dae0a1dce8c379156f827bd6588115777499dc45e64bf606b46ec0","link":[{"bdf":"0000:02:00.0","speed":"16.0 GT/s PCIe","width":"8","max_speed":"16.0 GT/s PCIe","max_width":"8","cma_allocated":"2057 MB"}]}
PCIE {"t_ms":1790726720432,"test":"conc","trial":0,"copy":"dma","cfg":"d2h","legs":1,"bytes_per_leg":33554432,"leg_ns":[3388544],"wall_ns":3405005,"stream_errors":0,"mb":16,"cmds_per_leg":2,"elements":8}
PCIE {"t_ms":1790726720435,"test":"conc","trial":0,"copy":"dma","cfg":"d2h/ser","legs":1,"bytes_per_leg":33554432,"leg_ns":[2726260],"wall_ns":2747116,"stream_errors":0,"mb":16,"cmds_per_leg":2,"elements":8}
PCIE {"t_ms":1790726720441,"test":"conc","trial":0,"copy":"dma","cfg":"h2d","legs":1,"bytes_per_leg":33554432,"leg_ns":[5581701],"wall_ns":5595880,"stream_errors":0,"mb":16,"cmds_per_leg":2,"elements":8}
PCIE {"t_ms":1790726720447,"test":"conc","trial":0,"copy":"dma","cfg":"2xh2d/ser","legs":2,"bytes_per_leg":33554432,"leg_ns":[4448768,5723005],"wall_ns":5738421,"stream_errors":0,"mb":16,"cmds_per_leg":2,"elements":8}
PCIE {"t_ms":1790726720450,"test":"conc","trial":0,"copy":"dma","cfg":"h2d/ser","legs":1,"bytes_per_leg":33554432,"leg_ns":[3177020],"wall_ns":3189740,"stream_errors":0,"mb":16,"cmds_per_leg":2,"elements":8}
PCIE {"t_ms":1790726720455,"test":"conc","trial":1,"copy":"dma","cfg":"h2d","legs":1,"bytes_per_leg":33554432,"leg_ns":[5606688],"wall_ns":5619236,"stream_errors":0,"mb":16,"cmds_per_leg":2,"elements":8}
PCIE {"t_ms":1790726720461,"test":"conc","trial":1,"copy":"dma","cfg":"2xh2d/ser","legs":2,"bytes_per_leg":33554432,"leg_ns":[4251349,5561682],"wall_ns":5574442,"stream_errors":0,"mb":16,"cmds_per_leg":2,"elements":8}
PCIE {"t_ms":1790726720464,"test":"conc","trial":1,"copy":"dma","cfg":"h2d/ser","legs":1,"bytes_per_leg":33554432,"leg_ns":[2979302],"wall_ns":2991767,"stream_errors":0,"mb":16,"cmds_per_leg":2,"elements":8}
PCIE {"t_ms":1790726720467,"test":"conc","trial":1,"copy":"dma","cfg":"d2h","legs":1,"bytes_per_leg":33554432,"leg_ns":[3381499],"wall_ns":3434605,"stream_errors":0,"mb":16,"cmds_per_leg":2,"elements":8}
PCIE {"t_ms":1790726720470,"test":"conc","trial":1,"copy":"dma","cfg":"d2h/ser","legs":1,"bytes_per_leg":33554432,"leg_ns":[2643422],"wall_ns":2656846,"stream_errors":0,"mb":16,"cmds_per_leg":2,"elements":8}
PCIE {"t_ms":1790726720473,"test":"conc","trial":2,"copy":"dma","cfg":"d2h/ser","legs":1,"bytes_per_leg":33554432,"leg_ns":[2682056],"wall_ns":2696635,"stream_errors":0,"mb":16,"cmds_per_leg":2,"elements":8}
PCIE {"t_ms":1790726720476,"test":"conc","trial":2,"copy":"dma","cfg":"h2d/ser","legs":1,"bytes_per_leg":33554432,"leg_ns":[2963737],"wall_ns":2977122,"stream_errors":0,"mb":16,"cmds_per_leg":2,"elements":8}
PCIE {"t_ms":1790726720479,"test":"conc","trial":2,"copy":"dma","cfg":"d2h","legs":1,"bytes_per_leg":33554432,"leg_ns":[3014454],"wall_ns":3028463,"stream_errors":0,"mb":16,"cmds_per_leg":2,"elements":8}
PCIE {"t_ms":1790726720484,"test":"conc","trial":2,"copy":"dma","cfg":"h2d","legs":1,"bytes_per_leg":33554432,"leg_ns":[5574333],"wall_ns":5587187,"stream_errors":0,"mb":16,"cmds_per_leg":2,"elements":8}
PCIE {"t_ms":1790726720490,"test":"conc","trial":2,"copy":"dma","cfg":"2xh2d/ser","legs":2,"bytes_per_leg":33554432,"leg_ns":[4247587,5553709],"wall_ns":5566444,"stream_errors":0,"mb":16,"cmds_per_leg":2,"elements":8}
PCIE {"t_ms":1790726720496,"test":"conc","trial":3,"copy":"dma","cfg":"h2d","legs":1,"bytes_per_leg":33554432,"leg_ns":[5502355],"wall_ns":5514858,"stream_errors":0,"mb":16,"cmds_per_leg":2,"elements":8}
PCIE {"t_ms":1790726720498,"test":"conc","trial":3,"copy":"dma","cfg":"h2d/ser","legs":1,"bytes_per_leg":33554432,"leg_ns":[2870660],"wall_ns":2883358,"stream_errors":0,"mb":16,"cmds_per_leg":2,"elements":8}
PCIE {"t_ms":1790726720504,"test":"conc","trial":3,"copy":"dma","cfg":"2xh2d/ser","legs":2,"bytes_per_leg":33554432,"leg_ns":[4261181,5565960],"wall_ns":5578851,"stream_errors":0,"mb":16,"cmds_per_leg":2,"elements":8}
PCIE {"t_ms":1790726720507,"test":"conc","trial":3,"copy":"dma","cfg":"d2h/ser","legs":1,"bytes_per_leg":33554432,"leg_ns":[3163473],"wall_ns":3177785,"stream_errors":0,"mb":16,"cmds_per_leg":2,"elements":8}
PCIE {"t_ms":1790726720510,"test":"conc","trial":3,"copy":"dma","cfg":"d2h","legs":1,"bytes_per_leg":33554432,"leg_ns":[3022103],"wall_ns":3035897,"stream_errors":0,"mb":16,"cmds_per_leg":2,"elements":8}
PCIE {"t_ms":1790726720513,"test":"conc","trial":4,"copy":"dma","cfg":"d2h","legs":1,"bytes_per_leg":33554432,"leg_ns":[2959753],"wall_ns":2973475,"stream_errors":0,"mb":16,"cmds_per_leg":2,"elements":8}
PCIE {"t_ms":1790726720516,"test":"conc","trial":4,"copy":"dma","cfg":"h2d/ser","legs":1,"bytes_per_leg":33554432,"leg_ns":[2870479],"wall_ns":2883290,"stream_errors":0,"mb":16,"cmds_per_leg":2,"elements":8}
PCIE {"t_ms":1790726720522,"test":"conc","trial":4,"copy":"dma","cfg":"h2d","legs":1,"bytes_per_leg":33554432,"leg_ns":[5467296],"wall_ns":5483758,"stream_errors":0,"mb":16,"cmds_per_leg":2,"elements":8}
PCIE {"t_ms":1790726720524,"test":"conc","trial":4,"copy":"dma","cfg":"d2h/ser","legs":1,"bytes_per_leg":33554432,"leg_ns":[2594191],"wall_ns":2608023,"stream_errors":0,"mb":16,"cmds_per_leg":2,"elements":8}
PCIE {"t_ms":1790726720530,"test":"conc","trial":4,"copy":"dma","cfg":"2xh2d/ser","legs":2,"bytes_per_leg":33554432,"leg_ns":[4286353,5567490],"wall_ns":5580636,"stream_errors":0,"mb":16,"cmds_per_leg":2,"elements":8}
PCIE {"t_ms":1790726720535,"test":"conc","trial":5,"copy":"dma","cfg":"h2d","legs":1,"bytes_per_leg":33554432,"leg_ns":[5503546],"wall_ns":5515707,"stream_errors":0,"mb":16,"cmds_per_leg":2,"elements":8}
PCIE {"t_ms":1790726720538,"test":"conc","trial":5,"copy":"dma","cfg":"h2d/ser","legs":1,"bytes_per_leg":33554432,"leg_ns":[2870128],"wall_ns":2883798,"stream_errors":0,"mb":16,"cmds_per_leg":2,"elements":8}
PCIE {"t_ms":1790726720541,"test":"conc","trial":5,"copy":"dma","cfg":"d2h/ser","legs":1,"bytes_per_leg":33554432,"leg_ns":[3151374],"wall_ns":3165348,"stream_errors":0,"mb":16,"cmds_per_leg":2,"elements":8}
PCIE {"t_ms":1790726720545,"test":"conc","trial":5,"copy":"dma","cfg":"d2h","legs":1,"bytes_per_leg":33554432,"leg_ns":[3192252],"wall_ns":3205748,"stream_errors":0,"mb":16,"cmds_per_leg":2,"elements":8}
PCIE {"t_ms":1790726720550,"test":"conc","trial":5,"copy":"dma","cfg":"2xh2d/ser","legs":2,"bytes_per_leg":33554432,"leg_ns":[4289181,5591938],"wall_ns":5606620,"stream_errors":0,"mb":16,"cmds_per_leg":2,"elements":8}
PCIE {"t_ms":1790726720554,"test":"conc","trial":6,"copy":"dma","cfg":"d2h/ser","legs":1,"bytes_per_leg":33554432,"leg_ns":[3267480],"wall_ns":3280715,"stream_errors":0,"mb":16,"cmds_per_leg":2,"elements":8}
PCIE {"t_ms":1790726720559,"test":"conc","trial":6,"copy":"dma","cfg":"2xh2d/ser","legs":2,"bytes_per_leg":33554432,"leg_ns":[4286008,5690487],"wall_ns":5704246,"stream_errors":0,"mb":16,"cmds_per_leg":2,"elements":8}
PCIE {"t_ms":1790726720562,"test":"conc","trial":6,"copy":"dma","cfg":"h2d/ser","legs":1,"bytes_per_leg":33554432,"leg_ns":[2875512],"wall_ns":2889137,"stream_errors":0,"mb":16,"cmds_per_leg":2,"elements":8}
PCIE {"t_ms":1790726720566,"test":"conc","trial":6,"copy":"dma","cfg":"d2h","legs":1,"bytes_per_leg":33554432,"leg_ns":[3367496],"wall_ns":3381018,"stream_errors":0,"mb":16,"cmds_per_leg":2,"elements":8}
PCIE {"t_ms":1790726720571,"test":"conc","trial":6,"copy":"dma","cfg":"h2d","legs":1,"bytes_per_leg":33554432,"leg_ns":[5298689],"wall_ns":5312744,"stream_errors":0,"mb":16,"cmds_per_leg":2,"elements":8}
PCIE {"t_ms":1790726720574,"test":"conc","trial":7,"copy":"dma","cfg":"d2h/ser","legs":1,"bytes_per_leg":33554432,"leg_ns":[2752314],"wall_ns":2773107,"stream_errors":0,"mb":16,"cmds_per_leg":2,"elements":8}
PCIE {"t_ms":1790726720577,"test":"conc","trial":7,"copy":"dma","cfg":"h2d/ser","legs":1,"bytes_per_leg":33554432,"leg_ns":[2901818],"wall_ns":2915191,"stream_errors":0,"mb":16,"cmds_per_leg":2,"elements":8}
PCIE {"t_ms":1790726720582,"test":"conc","trial":7,"copy":"dma","cfg":"2xh2d/ser","legs":2,"bytes_per_leg":33554432,"leg_ns":[4363946,5669690],"wall_ns":5683305,"stream_errors":0,"mb":16,"cmds_per_leg":2,"elements":8}
PCIE {"t_ms":1790726720588,"test":"conc","trial":7,"copy":"dma","cfg":"h2d","legs":1,"bytes_per_leg":33554432,"leg_ns":[5355088],"wall_ns":5368251,"stream_errors":0,"mb":16,"cmds_per_leg":2,"elements":8}
PCIE {"t_ms":1790726720591,"test":"conc","trial":7,"copy":"dma","cfg":"d2h","legs":1,"bytes_per_leg":33554432,"leg_ns":[3423794],"wall_ns":3437772,"stream_errors":0,"mb":16,"cmds_per_leg":2,"elements":8}
PCIE {"t_ms":1790726720594,"test":"conc","trial":8,"copy":"dma","cfg":"h2d/ser","legs":1,"bytes_per_leg":33554432,"leg_ns":[2942630],"wall_ns":2955935,"stream_errors":0,"mb":16,"cmds_per_leg":2,"elements":8}
PCIE {"t_ms":1790726720597,"test":"conc","trial":8,"copy":"dma","cfg":"d2h/ser","legs":1,"bytes_per_leg":33554432,"leg_ns":[2691828],"wall_ns":2712777,"stream_errors":0,"mb":16,"cmds_per_leg":2,"elements":8}
PCIE {"t_ms":1790726720602,"test":"conc","trial":8,"copy":"dma","cfg":"h2d","legs":1,"bytes_per_leg":33554432,"leg_ns":[5476388],"wall_ns":5489599,"stream_errors":0,"mb":16,"cmds_per_leg":2,"elements":8}
PCIE {"t_ms":1790726720608,"test":"conc","trial":8,"copy":"dma","cfg":"2xh2d/ser","legs":2,"bytes_per_leg":33554432,"leg_ns":[4277817,5558173],"wall_ns":5571782,"stream_errors":0,"mb":16,"cmds_per_leg":2,"elements":8}
PCIE {"t_ms":1790726720611,"test":"conc","trial":8,"copy":"dma","cfg":"d2h","legs":1,"bytes_per_leg":33554432,"leg_ns":[3379554],"wall_ns":3394879,"stream_errors":0,"mb":16,"cmds_per_leg":2,"elements":8}
PCIE {"t_ms":1790726720614,"test":"conc","trial":9,"copy":"dma","cfg":"d2h/ser","legs":1,"bytes_per_leg":33554432,"leg_ns":[2744705],"wall_ns":2758831,"stream_errors":0,"mb":16,"cmds_per_leg":2,"elements":8}
PCIE {"t_ms":1790726720617,"test":"conc","trial":9,"copy":"dma","cfg":"d2h","legs":1,"bytes_per_leg":33554432,"leg_ns":[3256373],"wall_ns":3276742,"stream_errors":0,"mb":16,"cmds_per_leg":2,"elements":8}
PCIE {"t_ms":1790726720623,"test":"conc","trial":9,"copy":"dma","cfg":"h2d","legs":1,"bytes_per_leg":33554432,"leg_ns":[5419832],"wall_ns":5433408,"stream_errors":0,"mb":16,"cmds_per_leg":2,"elements":8}
PCIE {"t_ms":1790726720626,"test":"conc","trial":9,"copy":"dma","cfg":"h2d/ser","legs":1,"bytes_per_leg":33554432,"leg_ns":[2872189],"wall_ns":2885844,"stream_errors":0,"mb":16,"cmds_per_leg":2,"elements":8}
PCIE {"t_ms":1790726720631,"test":"conc","trial":9,"copy":"dma","cfg":"2xh2d/ser","legs":2,"bytes_per_leg":33554432,"leg_ns":[4291960,5602658],"wall_ns":5616375,"stream_errors":0,"mb":16,"cmds_per_leg":2,"elements":8}
PCIE {"t_ms":1790726720635,"test":"conc","trial":10,"copy":"dma","cfg":"d2h/ser","legs":1,"bytes_per_leg":33554432,"leg_ns":[3352605],"wall_ns":3366314,"stream_errors":0,"mb":16,"cmds_per_leg":2,"elements":8}
PCIE {"t_ms":1790726720638,"test":"conc","trial":10,"copy":"dma","cfg":"d2h","legs":1,"bytes_per_leg":33554432,"leg_ns":[3223128],"wall_ns":3237585,"stream_errors":0,"mb":16,"cmds_per_leg":2,"elements":8}
PCIE {"t_ms":1790726720641,"test":"conc","trial":10,"copy":"dma","cfg":"h2d/ser","legs":1,"bytes_per_leg":33554432,"leg_ns":[2939714],"wall_ns":2953564,"stream_errors":0,"mb":16,"cmds_per_leg":2,"elements":8}
PCIE {"t_ms":1790726720646,"test":"conc","trial":10,"copy":"dma","cfg":"2xh2d/ser","legs":2,"bytes_per_leg":33554432,"leg_ns":[4289003,5593070],"wall_ns":5606821,"stream_errors":0,"mb":16,"cmds_per_leg":2,"elements":8}
PCIE {"t_ms":1790726720652,"test":"conc","trial":10,"copy":"dma","cfg":"h2d","legs":1,"bytes_per_leg":33554432,"leg_ns":[5573205],"wall_ns":5586346,"stream_errors":0,"mb":16,"cmds_per_leg":2,"elements":8}
PCIE {"t_ms":1790726720654,"test":"done","which":"conc","elapsed_s":0.382727}
