PCIE {"t_ms":1790726707841,"test":"open","open_ns":134509443,"src":"PCIEBENCH_SRC_SHA256 main=27b7ed06330c4bae26cd24be189cdac0d67432cb52b1e8c7fca1116abda1aa5f args=8ae69bd7d46097957b638ff4c6630eb3e66d3cb0654b77d3bf55f3336c61c508 touch=92180a93c6dae0a1dce8c379156f827bd6588115777499dc45e64bf606b46ec0","link":[{"bdf":"0000:02:00.0","speed":"16.0 GT/s PCIe","width":"8","max_speed":"16.0 GT/s PCIe","max_width":"8","cma_allocated":"2057 MB"}]}
PCIE {"t_ms":1790726707959,"test":"conc","trial":0,"copy":"dma","cfg":"d2h","legs":1,"bytes_per_leg":134217728,"leg_ns":[12062965],"wall_ns":12089574,"stream_errors":0,"mb":64,"cmds_per_leg":2,"elements":1}
PCIE {"t_ms":1790726707972,"test":"conc","trial":0,"copy":"dma","cfg":"d2h/ser","legs":1,"bytes_per_leg":134217728,"leg_ns":[12958584],"wall_ns":12972174,"stream_errors":0,"mb":64,"cmds_per_leg":2,"elements":1}
PCIE {"t_ms":1790726707994,"test":"conc","trial":0,"copy":"dma","cfg":"h2d","legs":1,"bytes_per_leg":134217728,"leg_ns":[21793746],"wall_ns":21807048,"stream_errors":0,"mb":64,"cmds_per_leg":2,"elements":1}
PCIE {"t_ms":1790726708015,"test":"conc","trial":0,"copy":"dma","cfg":"2xh2d/ser","legs":2,"bytes_per_leg":134217728,"leg_ns":[16065683,21370835],"wall_ns":21386039,"stream_errors":0,"mb":64,"cmds_per_leg":2,"elements":1}
PCIE {"t_ms":1790726708026,"test":"conc","trial":0,"copy":"dma","cfg":"h2d/ser","legs":1,"bytes_per_leg":134217728,"leg_ns":[10770897],"wall_ns":10784538,"stream_errors":0,"mb":64,"cmds_per_leg":2,"elements":1}
PCIE {"t_ms":1790726708048,"test":"conc","trial":1,"copy":"dma","cfg":"h2d","legs":1,"bytes_per_leg":134217728,"leg_ns":[21785976],"wall_ns":21801113,"stream_errors":0,"mb":64,"cmds_per_leg":2,"elements":1}
PCIE {"t_ms":1790726708069,"test":"conc","trial":1,"copy":"dma","cfg":"2xh2d/ser","legs":2,"bytes_per_leg":134217728,"leg_ns":[16067389,21372265],"wall_ns":21387091,"stream_errors":0,"mb":64,"cmds_per_leg":2,"elements":1}
PCIE {"t_ms":1790726708080,"test":"conc","trial":1,"copy":"dma","cfg":"h2d/ser","legs":1,"bytes_per_leg":134217728,"leg_ns":[10874162],"wall_ns":10886889,"stream_errors":0,"mb":64,"cmds_per_leg":2,"elements":1}
PCIE {"t_ms":1790726708092,"test":"conc","trial":1,"copy":"dma","cfg":"d2h","legs":1,"bytes_per_leg":134217728,"leg_ns":[12038949],"wall_ns":12051656,"stream_errors":0,"mb":64,"cmds_per_leg":2,"elements":1}
PCIE {"t_ms":1790726708105,"test":"conc","trial":1,"copy":"dma","cfg":"d2h/ser","legs":1,"bytes_per_leg":134217728,"leg_ns":[12928505],"wall_ns":12943335,"stream_errors":0,"mb":64,"cmds_per_leg":2,"elements":1}
PCIE {"t_ms":1790726708118,"test":"conc","trial":2,"copy":"dma","cfg":"d2h/ser","legs":1,"bytes_per_leg":134217728,"leg_ns":[13080784],"wall_ns":13095498,"stream_errors":0,"mb":64,"cmds_per_leg":2,"elements":1}
PCIE {"t_ms":1790726708129,"test":"conc","trial":2,"copy":"dma","cfg":"h2d/ser","legs":1,"bytes_per_leg":134217728,"leg_ns":[10863088],"wall_ns":10876385,"stream_errors":0,"mb":64,"cmds_per_leg":2,"elements":1}
PCIE {"t_ms":1790726708141,"test":"conc","trial":2,"copy":"dma","cfg":"d2h","legs":1,"bytes_per_leg":134217728,"leg_ns":[12218796],"wall_ns":12232456,"stream_errors":0,"mb":64,"cmds_per_leg":2,"elements":1}
PCIE {"t_ms":1790726708163,"test":"conc","trial":2,"copy":"dma","cfg":"h2d","legs":1,"bytes_per_leg":134217728,"leg_ns":[22052929],"wall_ns":22066436,"stream_errors":0,"mb":64,"cmds_per_leg":2,"elements":1}
PCIE {"t_ms":1790726708185,"test":"conc","trial":2,"copy":"dma","cfg":"2xh2d/ser","legs":2,"bytes_per_leg":134217728,"leg_ns":[16150795,21457000],"wall_ns":21470400,"stream_errors":0,"mb":64,"cmds_per_leg":2,"elements":1}
PCIE {"t_ms":1790726708207,"test":"conc","trial":3,"copy":"dma","cfg":"h2d","legs":1,"bytes_per_leg":134217728,"leg_ns":[22121291],"wall_ns":22136405,"stream_errors":0,"mb":64,"cmds_per_leg":2,"elements":1}
PCIE {"t_ms":1790726708218,"test":"conc","trial":3,"copy":"dma","cfg":"h2d/ser","legs":1,"bytes_per_leg":134217728,"leg_ns":[10833669],"wall_ns":10847403,"stream_errors":0,"mb":64,"cmds_per_leg":2,"elements":1}
PCIE {"t_ms":1790726708239,"test":"conc","trial":3,"copy":"dma","cfg":"2xh2d/ser","legs":2,"bytes_per_leg":134217728,"leg_ns":[16081796,21394899],"wall_ns":21413235,"stream_errors":0,"mb":64,"cmds_per_leg":2,"elements":1}
PCIE {"t_ms":1790726708253,"test":"conc","trial":3,"copy":"dma","cfg":"d2h/ser","legs":1,"bytes_per_leg":134217728,"leg_ns":[13340016],"wall_ns":13352515,"stream_errors":0,"mb":64,"cmds_per_leg":2,"elements":1}
PCIE {"t_ms":1790726708265,"test":"conc","trial":3,"copy":"dma","cfg":"d2h","legs":1,"bytes_per_leg":134217728,"leg_ns":[11845121],"wall_ns":11858419,"stream_errors":0,"mb":64,"cmds_per_leg":2,"elements":1}
PCIE {"t_ms":1790726708276,"test":"conc","trial":4,"copy":"dma","cfg":"d2h","legs":1,"bytes_per_leg":134217728,"leg_ns":[11832055],"wall_ns":11845208,"stream_errors":0,"mb":64,"cmds_per_leg":2,"elements":1}
PCIE {"t_ms":1790726708287,"test":"conc","trial":4,"copy":"dma","cfg":"h2d/ser","legs":1,"bytes_per_leg":134217728,"leg_ns":[10889556],"wall_ns":10902858,"stream_errors":0,"mb":64,"cmds_per_leg":2,"elements":1}
PCIE {"t_ms":1790726708309,"test":"conc","trial":4,"copy":"dma","cfg":"h2d","legs":1,"bytes_per_leg":134217728,"leg_ns":[21888148],"wall_ns":21900875,"stream_errors":0,"mb":64,"cmds_per_leg":2,"elements":1}
PCIE {"t_ms":1790726708323,"test":"conc","trial":4,"copy":"dma","cfg":"d2h/ser","legs":1,"bytes_per_leg":134217728,"leg_ns":[13292408],"wall_ns":13306000,"stream_errors":0,"mb":64,"cmds_per_leg":2,"elements":1}
PCIE {"t_ms":1790726708344,"test":"conc","trial":4,"copy":"dma","cfg":"2xh2d/ser","legs":2,"bytes_per_leg":134217728,"leg_ns":[16243985,21448142],"wall_ns":21461791,"stream_errors":0,"mb":64,"cmds_per_leg":2,"elements":1}
PCIE {"t_ms":1790726708366,"test":"conc","trial":5,"copy":"dma","cfg":"h2d","legs":1,"bytes_per_leg":134217728,"leg_ns":[22089587],"wall_ns":22107694,"stream_errors":0,"mb":64,"cmds_per_leg":2,"elements":1}
PCIE {"t_ms":1790726708377,"test":"conc","trial":5,"copy":"dma","cfg":"h2d/ser","legs":1,"bytes_per_leg":134217728,"leg_ns":[10865461],"wall_ns":10878963,"stream_errors":0,"mb":64,"cmds_per_leg":2,"elements":1}
PCIE {"t_ms":1790726708390,"test":"conc","trial":5,"copy":"dma","cfg":"d2h/ser","legs":1,"bytes_per_leg":134217728,"leg_ns":[13364785],"wall_ns":13378239,"stream_errors":0,"mb":64,"cmds_per_leg":2,"elements":1}
PCIE {"t_ms":1790726708402,"test":"conc","trial":5,"copy":"dma","cfg":"d2h","legs":1,"bytes_per_leg":134217728,"leg_ns":[11964958],"wall_ns":11978489,"stream_errors":0,"mb":64,"cmds_per_leg":2,"elements":1}
PCIE {"t_ms":1790726708424,"test":"conc","trial":5,"copy":"dma","cfg":"2xh2d/ser","legs":2,"bytes_per_leg":134217728,"leg_ns":[16200800,21503849],"wall_ns":21516744,"stream_errors":0,"mb":64,"cmds_per_leg":2,"elements":1}
PCIE {"t_ms":1790726708437,"test":"conc","trial":6,"copy":"dma","cfg":"d2h/ser","legs":1,"bytes_per_leg":134217728,"leg_ns":[13414622],"wall_ns":13427811,"stream_errors":0,"mb":64,"cmds_per_leg":2,"elements":1}
PCIE {"t_ms":1790726708459,"test":"conc","trial":6,"copy":"dma","cfg":"2xh2d/ser","legs":2,"bytes_per_leg":134217728,"leg_ns":[16163352,21441973],"wall_ns":21455603,"stream_errors":0,"mb":64,"cmds_per_leg":2,"elements":1}
PCIE {"t_ms":1790726708470,"test":"conc","trial":6,"copy":"dma","cfg":"h2d/ser","legs":1,"bytes_per_leg":134217728,"leg_ns":[10872003],"wall_ns":10884924,"stream_errors":0,"mb":64,"cmds_per_leg":2,"elements":1}
PCIE {"t_ms":1790726708482,"test":"conc","trial":6,"copy":"dma","cfg":"d2h","legs":1,"bytes_per_leg":134217728,"leg_ns":[12114880],"wall_ns":12127966,"stream_errors":0,"mb":64,"cmds_per_leg":2,"elements":1}
PCIE {"t_ms":1790726708504,"test":"conc","trial":6,"copy":"dma","cfg":"h2d","legs":1,"bytes_per_leg":134217728,"leg_ns":[21956420],"wall_ns":21969316,"stream_errors":0,"mb":64,"cmds_per_leg":2,"elements":1}
PCIE {"t_ms":1790726708517,"test":"conc","trial":7,"copy":"dma","cfg":"d2h/ser","legs":1,"bytes_per_leg":134217728,"leg_ns":[13320977],"wall_ns":13334260,"stream_errors":0,"mb":64,"cmds_per_leg":2,"elements":1}
PCIE {"t_ms":1790726708528,"test":"conc","trial":7,"copy":"dma","cfg":"h2d/ser","legs":1,"bytes_per_leg":134217728,"leg_ns":[10740414],"wall_ns":10753302,"stream_errors":0,"mb":64,"cmds_per_leg":2,"elements":1}
PCIE {"t_ms":1790726708549,"test":"conc","trial":7,"copy":"dma","cfg":"2xh2d/ser","legs":2,"bytes_per_leg":134217728,"leg_ns":[16078717,21385344],"wall_ns":21398648,"stream_errors":0,"mb":64,"cmds_per_leg":2,"elements":1}
PCIE {"t_ms":1790726708571,"test":"conc","trial":7,"copy":"dma","cfg":"h2d","legs":1,"bytes_per_leg":134217728,"leg_ns":[21993732],"wall_ns":22013302,"stream_errors":0,"mb":64,"cmds_per_leg":2,"elements":1}
PCIE {"t_ms":1790726708583,"test":"conc","trial":7,"copy":"dma","cfg":"d2h","legs":1,"bytes_per_leg":134217728,"leg_ns":[11941462],"wall_ns":11954794,"stream_errors":0,"mb":64,"cmds_per_leg":2,"elements":1}
PCIE {"t_ms":1790726708594,"test":"conc","trial":8,"copy":"dma","cfg":"h2d/ser","legs":1,"bytes_per_leg":134217728,"leg_ns":[10790008],"wall_ns":10803780,"stream_errors":0,"mb":64,"cmds_per_leg":2,"elements":1}
PCIE {"t_ms":1790726708607,"test":"conc","trial":8,"copy":"dma","cfg":"d2h/ser","legs":1,"bytes_per_leg":134217728,"leg_ns":[13331701],"wall_ns":13344986,"stream_errors":0,"mb":64,"cmds_per_leg":2,"elements":1}
PCIE {"t_ms":1790726708630,"test":"conc","trial":8,"copy":"dma","cfg":"h2d","legs":1,"bytes_per_leg":134217728,"leg_ns":[22049680],"wall_ns":22063256,"stream_errors":0,"mb":64,"cmds_per_leg":2,"elements":1}
PCIE {"t_ms":1790726708651,"test":"conc","trial":8,"copy":"dma","cfg":"2xh2d/ser","legs":2,"bytes_per_leg":134217728,"leg_ns":[16146022,21348075],"wall_ns":21361398,"stream_errors":0,"mb":64,"cmds_per_leg":2,"elements":1}
PCIE {"t_ms":1790726708663,"test":"conc","trial":8,"copy":"dma","cfg":"d2h","legs":1,"bytes_per_leg":134217728,"leg_ns":[12161676],"wall_ns":12174752,"stream_errors":0,"mb":64,"cmds_per_leg":2,"elements":1}
PCIE {"t_ms":1790726708671,"test":"done","which":"conc","elapsed_s":0.964815}
