PCIE {"t_ms":1790726721945,"test":"open","open_ns":133877204,"src":"PCIEBENCH_SRC_SHA256 main=27b7ed06330c4bae26cd24be189cdac0d67432cb52b1e8c7fca1116abda1aa5f args=8ae69bd7d46097957b638ff4c6630eb3e66d3cb0654b77d3bf55f3336c61c508 touch=92180a93c6dae0a1dce8c379156f827bd6588115777499dc45e64bf606b46ec0","link":[{"bdf":"0000:02:00.0","speed":"16.0 GT/s PCIe","width":"8","max_speed":"16.0 GT/s PCIe","max_width":"8","cma_allocated":"2057 MB"}]}
PCIE {"t_ms":1790726721948,"test":"conc","trial":0,"copy":"dma","cfg":"d2h","legs":1,"bytes_per_leg":2097152,"leg_ns":[631417],"wall_ns":658115,"stream_errors":0,"mb":1,"cmds_per_leg":2,"elements":8}
PCIE {"t_ms":1790726721948,"test":"conc","trial":0,"copy":"dma","cfg":"d2h/ser","legs":1,"bytes_per_leg":2097152,"leg_ns":[588858],"wall_ns":604005,"stream_errors":0,"mb":1,"cmds_per_leg":2,"elements":8}
PCIE {"t_ms":1790726721949,"test":"conc","trial":0,"copy":"dma","cfg":"h2d","legs":1,"bytes_per_leg":2097152,"leg_ns":[544297],"wall_ns":558631,"stream_errors":0,"mb":1,"cmds_per_leg":2,"elements":8}
PCIE {"t_ms":1790726721950,"test":"conc","trial":0,"copy":"dma","cfg":"2xh2d/ser","legs":2,"bytes_per_leg":2097152,"leg_ns":[579624,590346],"wall_ns":604593,"stream_errors":0,"mb":1,"cmds_per_leg":2,"elements":8}
PCIE {"t_ms":1790726721950,"test":"conc","trial":0,"copy":"dma","cfg":"h2d/ser","legs":1,"bytes_per_leg":2097152,"leg_ns":[562690],"wall_ns":576212,"stream_errors":0,"mb":1,"cmds_per_leg":2,"elements":8}
PCIE {"t_ms":1790726721951,"test":"conc","trial":1,"copy":"dma","cfg":"h2d","legs":1,"bytes_per_leg":2097152,"leg_ns":[563966],"wall_ns":578125,"stream_errors":0,"mb":1,"cmds_per_leg":2,"elements":8}
PCIE {"t_ms":1790726721951,"test":"conc","trial":1,"copy":"dma","cfg":"2xh2d/ser","legs":2,"bytes_per_leg":2097152,"leg_ns":[577612,586878],"wall_ns":600580,"stream_errors":0,"mb":1,"cmds_per_leg":2,"elements":8}
PCIE {"t_ms":1790726721952,"test":"conc","trial":1,"copy":"dma","cfg":"h2d/ser","legs":1,"bytes_per_leg":2097152,"leg_ns":[568059],"wall_ns":582308,"stream_errors":0,"mb":1,"cmds_per_leg":2,"elements":8}
PCIE {"t_ms":1790726721953,"test":"conc","trial":1,"copy":"dma","cfg":"d2h","legs":1,"bytes_per_leg":2097152,"leg_ns":[703752],"wall_ns":717924,"stream_errors":0,"mb":1,"cmds_per_leg":2,"elements":8}
PCIE {"t_ms":1790726721953,"test":"conc","trial":1,"copy":"dma","cfg":"d2h/ser","legs":1,"bytes_per_leg":2097152,"leg_ns":[391033],"wall_ns":404960,"stream_errors":0,"mb":1,"cmds_per_leg":2,"elements":8}
PCIE {"t_ms":1790726721953,"test":"conc","trial":2,"copy":"dma","cfg":"d2h/ser","legs":1,"bytes_per_leg":2097152,"leg_ns":[375934],"wall_ns":389554,"stream_errors":0,"mb":1,"cmds_per_leg":2,"elements":8}
PCIE {"t_ms":1790726721954,"test":"conc","trial":2,"copy":"dma","cfg":"h2d/ser","legs":1,"bytes_per_leg":2097152,"leg_ns":[397863],"wall_ns":412406,"stream_errors":0,"mb":1,"cmds_per_leg":2,"elements":8}
PCIE {"t_ms":1790726721955,"test":"conc","trial":2,"copy":"dma","cfg":"d2h","legs":1,"bytes_per_leg":2097152,"leg_ns":[666839],"wall_ns":680629,"stream_errors":0,"mb":1,"cmds_per_leg":2,"elements":8}
PCIE {"t_ms":1790726721955,"test":"conc","trial":2,"copy":"dma","cfg":"h2d","legs":1,"bytes_per_leg":2097152,"leg_ns":[476939],"wall_ns":491396,"stream_errors":0,"mb":1,"cmds_per_leg":2,"elements":8}
PCIE {"t_ms":1790726721956,"test":"conc","trial":2,"copy":"dma","cfg":"2xh2d/ser","legs":2,"bytes_per_leg":2097152,"leg_ns":[577042,590360],"wall_ns":604799,"stream_errors":0,"mb":1,"cmds_per_leg":2,"elements":8}
PCIE {"t_ms":1790726721956,"test":"conc","trial":3,"copy":"dma","cfg":"h2d","legs":1,"bytes_per_leg":2097152,"leg_ns":[560079],"wall_ns":574149,"stream_errors":0,"mb":1,"cmds_per_leg":2,"elements":8}
PCIE {"t_ms":1790726721957,"test":"conc","trial":3,"copy":"dma","cfg":"h2d/ser","legs":1,"bytes_per_leg":2097152,"leg_ns":[563625],"wall_ns":577950,"stream_errors":0,"mb":1,"cmds_per_leg":2,"elements":8}
PCIE {"t_ms":1790726721957,"test":"conc","trial":3,"copy":"dma","cfg":"2xh2d/ser","legs":2,"bytes_per_leg":2097152,"leg_ns":[574152,584854],"wall_ns":598835,"stream_errors":0,"mb":1,"cmds_per_leg":2,"elements":8}
PCIE {"t_ms":1790726721958,"test":"conc","trial":3,"copy":"dma","cfg":"d2h/ser","legs":1,"bytes_per_leg":2097152,"leg_ns":[680339],"wall_ns":694257,"stream_errors":0,"mb":1,"cmds_per_leg":2,"elements":8}
PCIE {"t_ms":1790726721959,"test":"conc","trial":3,"copy":"dma","cfg":"d2h","legs":1,"bytes_per_leg":2097152,"leg_ns":[383852],"wall_ns":397527,"stream_errors":0,"mb":1,"cmds_per_leg":2,"elements":8}
PCIE {"t_ms":1790726721959,"test":"conc","trial":4,"copy":"dma","cfg":"d2h","legs":1,"bytes_per_leg":2097152,"leg_ns":[384359],"wall_ns":398461,"stream_errors":0,"mb":1,"cmds_per_leg":2,"elements":8}
PCIE {"t_ms":1790726721960,"test":"conc","trial":4,"copy":"dma","cfg":"h2d/ser","legs":1,"bytes_per_leg":2097152,"leg_ns":[592989],"wall_ns":606784,"stream_errors":0,"mb":1,"cmds_per_leg":2,"elements":8}
PCIE {"t_ms":1790726721960,"test":"conc","trial":4,"copy":"dma","cfg":"h2d","legs":1,"bytes_per_leg":2097152,"leg_ns":[566146],"wall_ns":580770,"stream_errors":0,"mb":1,"cmds_per_leg":2,"elements":8}
PCIE {"t_ms":1790726721961,"test":"conc","trial":4,"copy":"dma","cfg":"d2h/ser","legs":1,"bytes_per_leg":2097152,"leg_ns":[675590],"wall_ns":689713,"stream_errors":0,"mb":1,"cmds_per_leg":2,"elements":8}
PCIE {"t_ms":1790726721961,"test":"conc","trial":4,"copy":"dma","cfg":"2xh2d/ser","legs":2,"bytes_per_leg":2097152,"leg_ns":[482543,596769],"wall_ns":611005,"stream_errors":0,"mb":1,"cmds_per_leg":2,"elements":8}
PCIE {"t_ms":1790726721962,"test":"conc","trial":5,"copy":"dma","cfg":"h2d","legs":1,"bytes_per_leg":2097152,"leg_ns":[562336],"wall_ns":576163,"stream_errors":0,"mb":1,"cmds_per_leg":2,"elements":8}
PCIE {"t_ms":1790726721963,"test":"conc","trial":5,"copy":"dma","cfg":"h2d/ser","legs":1,"bytes_per_leg":2097152,"leg_ns":[567748],"wall_ns":582015,"stream_errors":0,"mb":1,"cmds_per_leg":2,"elements":8}
PCIE {"t_ms":1790726721963,"test":"conc","trial":5,"copy":"dma","cfg":"d2h/ser","legs":1,"bytes_per_leg":2097152,"leg_ns":[679390],"wall_ns":693612,"stream_errors":0,"mb":1,"cmds_per_leg":2,"elements":8}
PCIE {"t_ms":1790726721964,"test":"conc","trial":5,"copy":"dma","cfg":"d2h","legs":1,"bytes_per_leg":2097152,"leg_ns":[485050],"wall_ns":499232,"stream_errors":0,"mb":1,"cmds_per_leg":2,"elements":8}
PCIE {"t_ms":1790726721964,"test":"conc","trial":5,"copy":"dma","cfg":"2xh2d/ser","legs":2,"bytes_per_leg":2097152,"leg_ns":[496615,610356],"wall_ns":624169,"stream_errors":0,"mb":1,"cmds_per_leg":2,"elements":8}
PCIE {"t_ms":1790726721965,"test":"conc","trial":6,"copy":"dma","cfg":"d2h/ser","legs":1,"bytes_per_leg":2097152,"leg_ns":[690512],"wall_ns":704505,"stream_errors":0,"mb":1,"cmds_per_leg":2,"elements":8}
PCIE {"t_ms":1790726721966,"test":"conc","trial":6,"copy":"dma","cfg":"2xh2d/ser","legs":2,"bytes_per_leg":2097152,"leg_ns":[607333,619294],"wall_ns":633328,"stream_errors":0,"mb":1,"cmds_per_leg":2,"elements":8}
PCIE {"t_ms":1790726721966,"test":"conc","trial":6,"copy":"dma","cfg":"h2d/ser","legs":1,"bytes_per_leg":2097152,"leg_ns":[561375],"wall_ns":575496,"stream_errors":0,"mb":1,"cmds_per_leg":2,"elements":8}
PCIE {"t_ms":1790726721967,"test":"conc","trial":6,"copy":"dma","cfg":"d2h","legs":1,"bytes_per_leg":2097152,"leg_ns":[676768],"wall_ns":690790,"stream_errors":0,"mb":1,"cmds_per_leg":2,"elements":8}
PCIE {"t_ms":1790726721967,"test":"conc","trial":6,"copy":"dma","cfg":"h2d","legs":1,"bytes_per_leg":2097152,"leg_ns":[355928],"wall_ns":369450,"stream_errors":0,"mb":1,"cmds_per_leg":2,"elements":8}
PCIE {"t_ms":1790726721968,"test":"conc","trial":7,"copy":"dma","cfg":"d2h/ser","legs":1,"bytes_per_leg":2097152,"leg_ns":[677252],"wall_ns":691258,"stream_errors":0,"mb":1,"cmds_per_leg":2,"elements":8}
PCIE {"t_ms":1790726721969,"test":"conc","trial":7,"copy":"dma","cfg":"h2d/ser","legs":1,"bytes_per_leg":2097152,"leg_ns":[368011],"wall_ns":381865,"stream_errors":0,"mb":1,"cmds_per_leg":2,"elements":8}
PCIE {"t_ms":1790726721969,"test":"conc","trial":7,"copy":"dma","cfg":"2xh2d/ser","legs":2,"bytes_per_leg":2097152,"leg_ns":[577921,588604],"wall_ns":602849,"stream_errors":0,"mb":1,"cmds_per_leg":2,"elements":8}
PCIE {"t_ms":1790726721970,"test":"conc","trial":7,"copy":"dma","cfg":"h2d","legs":1,"bytes_per_leg":2097152,"leg_ns":[558908],"wall_ns":573338,"stream_errors":0,"mb":1,"cmds_per_leg":2,"elements":8}
PCIE {"t_ms":1790726721970,"test":"conc","trial":7,"copy":"dma","cfg":"d2h","legs":1,"bytes_per_leg":2097152,"leg_ns":[668666],"wall_ns":682408,"stream_errors":0,"mb":1,"cmds_per_leg":2,"elements":8}
PCIE {"t_ms":1790726721971,"test":"conc","trial":8,"copy":"dma","cfg":"h2d/ser","legs":1,"bytes_per_leg":2097152,"leg_ns":[373124],"wall_ns":387289,"stream_errors":0,"mb":1,"cmds_per_leg":2,"elements":8}
PCIE {"t_ms":1790726721971,"test":"conc","trial":8,"copy":"dma","cfg":"d2h/ser","legs":1,"bytes_per_leg":2097152,"leg_ns":[659073],"wall_ns":673100,"stream_errors":0,"mb":1,"cmds_per_leg":2,"elements":8}
PCIE {"t_ms":1790726721972,"test":"conc","trial":8,"copy":"dma","cfg":"h2d","legs":1,"bytes_per_leg":2097152,"leg_ns":[424300],"wall_ns":438223,"stream_errors":0,"mb":1,"cmds_per_leg":2,"elements":8}
PCIE {"t_ms":1790726721973,"test":"conc","trial":8,"copy":"dma","cfg":"2xh2d/ser","legs":2,"bytes_per_leg":2097152,"leg_ns":[574506,576855],"wall_ns":590706,"stream_errors":0,"mb":1,"cmds_per_leg":2,"elements":8}
PCIE {"t_ms":1790726721973,"test":"conc","trial":8,"copy":"dma","cfg":"d2h","legs":1,"bytes_per_leg":2097152,"leg_ns":[657683],"wall_ns":671763,"stream_errors":0,"mb":1,"cmds_per_leg":2,"elements":8}
PCIE {"t_ms":1790726721974,"test":"conc","trial":9,"copy":"dma","cfg":"d2h/ser","legs":1,"bytes_per_leg":2097152,"leg_ns":[387291],"wall_ns":402937,"stream_errors":0,"mb":1,"cmds_per_leg":2,"elements":8}
PCIE {"t_ms":1790726721974,"test":"conc","trial":9,"copy":"dma","cfg":"d2h","legs":1,"bytes_per_leg":2097152,"leg_ns":[679406],"wall_ns":693298,"stream_errors":0,"mb":1,"cmds_per_leg":2,"elements":8}
PCIE {"t_ms":1790726721975,"test":"conc","trial":9,"copy":"dma","cfg":"h2d","legs":1,"bytes_per_leg":2097152,"leg_ns":[464914],"wall_ns":479033,"stream_errors":0,"mb":1,"cmds_per_leg":2,"elements":8}
PCIE {"t_ms":1790726721975,"test":"conc","trial":9,"copy":"dma","cfg":"h2d/ser","legs":1,"bytes_per_leg":2097152,"leg_ns":[554343],"wall_ns":568121,"stream_errors":0,"mb":1,"cmds_per_leg":2,"elements":8}
PCIE {"t_ms":1790726721976,"test":"conc","trial":9,"copy":"dma","cfg":"2xh2d/ser","legs":2,"bytes_per_leg":2097152,"leg_ns":[575623,581021],"wall_ns":594906,"stream_errors":0,"mb":1,"cmds_per_leg":2,"elements":8}
PCIE {"t_ms":1790726721977,"test":"conc","trial":10,"copy":"dma","cfg":"d2h/ser","legs":1,"bytes_per_leg":2097152,"leg_ns":[648050],"wall_ns":663883,"stream_errors":0,"mb":1,"cmds_per_leg":2,"elements":8}
PCIE {"t_ms":1790726721977,"test":"conc","trial":10,"copy":"dma","cfg":"d2h","legs":1,"bytes_per_leg":2097152,"leg_ns":[456793],"wall_ns":471243,"stream_errors":0,"mb":1,"cmds_per_leg":2,"elements":8}
PCIE {"t_ms":1790726721978,"test":"conc","trial":10,"copy":"dma","cfg":"h2d/ser","legs":1,"bytes_per_leg":2097152,"leg_ns":[351024],"wall_ns":366370,"stream_errors":0,"mb":1,"cmds_per_leg":2,"elements":8}
PCIE {"t_ms":1790726721978,"test":"conc","trial":10,"copy":"dma","cfg":"2xh2d/ser","legs":2,"bytes_per_leg":2097152,"leg_ns":[565634,575547],"wall_ns":590520,"stream_errors":0,"mb":1,"cmds_per_leg":2,"elements":8}
PCIE {"t_ms":1790726721979,"test":"conc","trial":10,"copy":"dma","cfg":"h2d","legs":1,"bytes_per_leg":2097152,"leg_ns":[554379],"wall_ns":570845,"stream_errors":0,"mb":1,"cmds_per_leg":2,"elements":8}
PCIE {"t_ms":1790726721979,"test":"conc","trial":11,"copy":"dma","cfg":"h2d/ser","legs":1,"bytes_per_leg":2097152,"leg_ns":[551818],"wall_ns":567494,"stream_errors":0,"mb":1,"cmds_per_leg":2,"elements":8}
PCIE {"t_ms":1790726721980,"test":"conc","trial":11,"copy":"dma","cfg":"2xh2d/ser","legs":2,"bytes_per_leg":2097152,"leg_ns":[568521,578221],"wall_ns":594144,"stream_errors":0,"mb":1,"cmds_per_leg":2,"elements":8}
PCIE {"t_ms":1790726721980,"test":"conc","trial":11,"copy":"dma","cfg":"h2d","legs":1,"bytes_per_leg":2097152,"leg_ns":[552452],"wall_ns":567939,"stream_errors":0,"mb":1,"cmds_per_leg":2,"elements":8}
PCIE {"t_ms":1790726721981,"test":"conc","trial":11,"copy":"dma","cfg":"d2h/ser","legs":1,"bytes_per_leg":2097152,"leg_ns":[651226],"wall_ns":666485,"stream_errors":0,"mb":1,"cmds_per_leg":2,"elements":8}
PCIE {"t_ms":1790726721981,"test":"conc","trial":11,"copy":"dma","cfg":"d2h","legs":1,"bytes_per_leg":2097152,"leg_ns":[352722],"wall_ns":367309,"stream_errors":0,"mb":1,"cmds_per_leg":2,"elements":8}
PCIE {"t_ms":1790726721982,"test":"conc","trial":12,"copy":"dma","cfg":"2xh2d/ser","legs":2,"bytes_per_leg":2097152,"leg_ns":[479465,589990],"wall_ns":604197,"stream_errors":0,"mb":1,"cmds_per_leg":2,"elements":8}
PCIE {"t_ms":1790726721983,"test":"conc","trial":12,"copy":"dma","cfg":"h2d/ser","legs":1,"bytes_per_leg":2097152,"leg_ns":[507796],"wall_ns":521261,"stream_errors":0,"mb":1,"cmds_per_leg":2,"elements":8}
PCIE {"t_ms":1790726721983,"test":"conc","trial":12,"copy":"dma","cfg":"d2h/ser","legs":1,"bytes_per_leg":2097152,"leg_ns":[652927],"wall_ns":666527,"stream_errors":0,"mb":1,"cmds_per_leg":2,"elements":8}
PCIE {"t_ms":1790726721984,"test":"conc","trial":12,"copy":"dma","cfg":"h2d","legs":1,"bytes_per_leg":2097152,"leg_ns":[370119],"wall_ns":383354,"stream_errors":0,"mb":1,"cmds_per_leg":2,"elements":8}
PCIE {"t_ms":1790726721984,"test":"conc","trial":12,"copy":"dma","cfg":"d2h","legs":1,"bytes_per_leg":2097152,"leg_ns":[647501],"wall_ns":660743,"stream_errors":0,"mb":1,"cmds_per_leg":2,"elements":8}
PCIE {"t_ms":1790726721985,"test":"conc","trial":13,"copy":"dma","cfg":"h2d","legs":1,"bytes_per_leg":2097152,"leg_ns":[363002],"wall_ns":376361,"stream_errors":0,"mb":1,"cmds_per_leg":2,"elements":8}
PCIE {"t_ms":1790726721985,"test":"conc","trial":13,"copy":"dma","cfg":"d2h","legs":1,"bytes_per_leg":2097152,"leg_ns":[654179],"wall_ns":667353,"stream_errors":0,"mb":1,"cmds_per_leg":2,"elements":8}
PCIE {"t_ms":1790726721986,"test":"conc","trial":13,"copy":"dma","cfg":"d2h/ser","legs":1,"bytes_per_leg":2097152,"leg_ns":[375305],"wall_ns":388814,"stream_errors":0,"mb":1,"cmds_per_leg":2,"elements":8}
PCIE {"t_ms":1790726721986,"test":"conc","trial":13,"copy":"dma","cfg":"2xh2d/ser","legs":2,"bytes_per_leg":2097152,"leg_ns":[494717,502168],"wall_ns":515745,"stream_errors":0,"mb":1,"cmds_per_leg":2,"elements":8}
PCIE {"t_ms":1790726721987,"test":"conc","trial":13,"copy":"dma","cfg":"h2d/ser","legs":1,"bytes_per_leg":2097152,"leg_ns":[557715],"wall_ns":571207,"stream_errors":0,"mb":1,"cmds_per_leg":2,"elements":8}
PCIE {"t_ms":1790726721987,"test":"conc","trial":14,"copy":"dma","cfg":"h2d/ser","legs":1,"bytes_per_leg":2097152,"leg_ns":[558198],"wall_ns":571175,"stream_errors":0,"mb":1,"cmds_per_leg":2,"elements":8}
PCIE {"t_ms":1790726721988,"test":"conc","trial":14,"copy":"dma","cfg":"d2h","legs":1,"bytes_per_leg":2097152,"leg_ns":[672714],"wall_ns":685843,"stream_errors":0,"mb":1,"cmds_per_leg":2,"elements":8}
PCIE {"t_ms":1790726721989,"test":"conc","trial":14,"copy":"dma","cfg":"2xh2d/ser","legs":2,"bytes_per_leg":2097152,"leg_ns":[481631,598708],"wall_ns":612235,"stream_errors":0,"mb":1,"cmds_per_leg":2,"elements":8}
PCIE {"t_ms":1790726721989,"test":"conc","trial":14,"copy":"dma","cfg":"d2h/ser","legs":1,"bytes_per_leg":2097152,"leg_ns":[651532],"wall_ns":664842,"stream_errors":0,"mb":1,"cmds_per_leg":2,"elements":8}
PCIE {"t_ms":1790726721990,"test":"conc","trial":14,"copy":"dma","cfg":"h2d","legs":1,"bytes_per_leg":2097152,"leg_ns":[343237],"wall_ns":356575,"stream_errors":0,"mb":1,"cmds_per_leg":2,"elements":8}
PCIE {"t_ms":1790726721990,"test":"conc","trial":15,"copy":"dma","cfg":"2xh2d/ser","legs":2,"bytes_per_leg":2097152,"leg_ns":[568196,576896],"wall_ns":590454,"stream_errors":0,"mb":1,"cmds_per_leg":2,"elements":8}
PCIE {"t_ms":1790726721991,"test":"conc","trial":15,"copy":"dma","cfg":"d2h/ser","legs":1,"bytes_per_leg":2097152,"leg_ns":[634228],"wall_ns":647340,"stream_errors":0,"mb":1,"cmds_per_leg":2,"elements":8}
PCIE {"t_ms":1790726721991,"test":"conc","trial":15,"copy":"dma","cfg":"d2h","legs":1,"bytes_per_leg":2097152,"leg_ns":[359559],"wall_ns":372832,"stream_errors":0,"mb":1,"cmds_per_leg":2,"elements":8}
PCIE {"t_ms":1790726721992,"test":"conc","trial":15,"copy":"dma","cfg":"h2d/ser","legs":1,"bytes_per_leg":2097152,"leg_ns":[352772],"wall_ns":366258,"stream_errors":0,"mb":1,"cmds_per_leg":2,"elements":8}
PCIE {"t_ms":1790726721992,"test":"conc","trial":15,"copy":"dma","cfg":"h2d","legs":1,"bytes_per_leg":2097152,"leg_ns":[552511],"wall_ns":565438,"stream_errors":0,"mb":1,"cmds_per_leg":2,"elements":8}
PCIE {"t_ms":1790726721993,"test":"conc","trial":16,"copy":"dma","cfg":"h2d/ser","legs":1,"bytes_per_leg":2097152,"leg_ns":[556814],"wall_ns":570207,"stream_errors":0,"mb":1,"cmds_per_leg":2,"elements":8}
PCIE {"t_ms":1790726721994,"test":"conc","trial":16,"copy":"dma","cfg":"h2d","legs":1,"bytes_per_leg":2097152,"leg_ns":[554413],"wall_ns":567582,"stream_errors":0,"mb":1,"cmds_per_leg":2,"elements":8}
PCIE {"t_ms":1790726721994,"test":"conc","trial":16,"copy":"dma","cfg":"2xh2d/ser","legs":2,"bytes_per_leg":2097152,"leg_ns":[572352,578584],"wall_ns":591838,"stream_errors":0,"mb":1,"cmds_per_leg":2,"elements":8}
PCIE {"t_ms":1790726721995,"test":"conc","trial":16,"copy":"dma","cfg":"d2h","legs":1,"bytes_per_leg":2097152,"leg_ns":[659832],"wall_ns":673281,"stream_errors":0,"mb":1,"cmds_per_leg":2,"elements":8}
PCIE {"t_ms":1790726721996,"test":"conc","trial":16,"copy":"dma","cfg":"d2h/ser","legs":1,"bytes_per_leg":2097152,"leg_ns":[683088],"wall_ns":696162,"stream_errors":0,"mb":1,"cmds_per_leg":2,"elements":8}
PCIE {"t_ms":1790726721996,"test":"conc","trial":17,"copy":"dma","cfg":"h2d/ser","legs":1,"bytes_per_leg":2097152,"leg_ns":[366550],"wall_ns":380240,"stream_errors":0,"mb":1,"cmds_per_leg":2,"elements":8}
PCIE {"t_ms":1790726721997,"test":"conc","trial":17,"copy":"dma","cfg":"d2h/ser","legs":1,"bytes_per_leg":2097152,"leg_ns":[640826],"wall_ns":657710,"stream_errors":0,"mb":1,"cmds_per_leg":2,"elements":8}
PCIE {"t_ms":1790726721997,"test":"conc","trial":17,"copy":"dma","cfg":"2xh2d/ser","legs":2,"bytes_per_leg":2097152,"leg_ns":[585901,592160],"wall_ns":605307,"stream_errors":0,"mb":1,"cmds_per_leg":2,"elements":8}
PCIE {"t_ms":1790726721998,"test":"conc","trial":17,"copy":"dma","cfg":"h2d","legs":1,"bytes_per_leg":2097152,"leg_ns":[556000],"wall_ns":569468,"stream_errors":0,"mb":1,"cmds_per_leg":2,"elements":8}
PCIE {"t_ms":1790726721998,"test":"conc","trial":17,"copy":"dma","cfg":"d2h","legs":1,"bytes_per_leg":2097152,"leg_ns":[652305],"wall_ns":665418,"stream_errors":0,"mb":1,"cmds_per_leg":2,"elements":8}
PCIE {"t_ms":1790726721999,"test":"conc","trial":18,"copy":"dma","cfg":"h2d/ser","legs":1,"bytes_per_leg":2097152,"leg_ns":[362862],"wall_ns":376935,"stream_errors":0,"mb":1,"cmds_per_leg":2,"elements":8}
PCIE {"t_ms":1790726721999,"test":"conc","trial":18,"copy":"dma","cfg":"2xh2d/ser","legs":2,"bytes_per_leg":2097152,"leg_ns":[565938,571277],"wall_ns":584423,"stream_errors":0,"mb":1,"cmds_per_leg":2,"elements":8}
PCIE {"t_ms":1790726722000,"test":"conc","trial":18,"copy":"dma","cfg":"d2h","legs":1,"bytes_per_leg":2097152,"leg_ns":[659176],"wall_ns":673296,"stream_errors":0,"mb":1,"cmds_per_leg":2,"elements":8}
PCIE {"t_ms":1790726722000,"test":"conc","trial":18,"copy":"dma","cfg":"d2h/ser","legs":1,"bytes_per_leg":2097152,"leg_ns":[363518],"wall_ns":376730,"stream_errors":0,"mb":1,"cmds_per_leg":2,"elements":8}
PCIE {"t_ms":1790726722001,"test":"conc","trial":18,"copy":"dma","cfg":"h2d","legs":1,"bytes_per_leg":2097152,"leg_ns":[346240],"wall_ns":359742,"stream_errors":0,"mb":1,"cmds_per_leg":2,"elements":8}
PCIE {"t_ms":1790726722001,"test":"conc","trial":19,"copy":"dma","cfg":"h2d","legs":1,"bytes_per_leg":2097152,"leg_ns":[556162],"wall_ns":569633,"stream_errors":0,"mb":1,"cmds_per_leg":2,"elements":8}
PCIE {"t_ms":1790726722002,"test":"conc","trial":19,"copy":"dma","cfg":"h2d/ser","legs":1,"bytes_per_leg":2097152,"leg_ns":[563089],"wall_ns":576519,"stream_errors":0,"mb":1,"cmds_per_leg":2,"elements":8}
PCIE {"t_ms":1790726722003,"test":"conc","trial":19,"copy":"dma","cfg":"2xh2d/ser","legs":2,"bytes_per_leg":2097152,"leg_ns":[577628,585860],"wall_ns":599331,"stream_errors":0,"mb":1,"cmds_per_leg":2,"elements":8}
PCIE {"t_ms":1790726722003,"test":"conc","trial":19,"copy":"dma","cfg":"d2h","legs":1,"bytes_per_leg":2097152,"leg_ns":[643807],"wall_ns":658210,"stream_errors":0,"mb":1,"cmds_per_leg":2,"elements":8}
PCIE {"t_ms":1790726722004,"test":"conc","trial":19,"copy":"dma","cfg":"d2h/ser","legs":1,"bytes_per_leg":2097152,"leg_ns":[430720],"wall_ns":445454,"stream_errors":0,"mb":1,"cmds_per_leg":2,"elements":8}
PCIE {"t_ms":1790726722004,"test":"conc","trial":20,"copy":"dma","cfg":"d2h/ser","legs":1,"bytes_per_leg":2097152,"leg_ns":[385994],"wall_ns":400012,"stream_errors":0,"mb":1,"cmds_per_leg":2,"elements":8}
PCIE {"t_ms":1790726722005,"test":"conc","trial":20,"copy":"dma","cfg":"h2d","legs":1,"bytes_per_leg":2097152,"leg_ns":[463212],"wall_ns":478405,"stream_errors":0,"mb":1,"cmds_per_leg":2,"elements":8}
PCIE {"t_ms":1790726722005,"test":"conc","trial":20,"copy":"dma","cfg":"d2h","legs":1,"bytes_per_leg":2097152,"leg_ns":[676439],"wall_ns":690777,"stream_errors":0,"mb":1,"cmds_per_leg":2,"elements":8}
PCIE {"t_ms":1790726722006,"test":"conc","trial":20,"copy":"dma","cfg":"2xh2d/ser","legs":2,"bytes_per_leg":2097152,"leg_ns":[517281,532918],"wall_ns":548612,"stream_errors":0,"mb":1,"cmds_per_leg":2,"elements":8}
PCIE {"t_ms":1790726722006,"test":"conc","trial":20,"copy":"dma","cfg":"h2d/ser","legs":1,"bytes_per_leg":2097152,"leg_ns":[577990],"wall_ns":593421,"stream_errors":0,"mb":1,"cmds_per_leg":2,"elements":8}
PCIE {"t_ms":1790726722007,"test":"conc","trial":21,"copy":"dma","cfg":"d2h/ser","legs":1,"bytes_per_leg":2097152,"leg_ns":[682894],"wall_ns":697180,"stream_errors":0,"mb":1,"cmds_per_leg":2,"elements":8}
PCIE {"t_ms":1790726722008,"test":"conc","trial":21,"copy":"dma","cfg":"h2d","legs":1,"bytes_per_leg":2097152,"leg_ns":[408674],"wall_ns":424555,"stream_errors":0,"mb":1,"cmds_per_leg":2,"elements":8}
PCIE {"t_ms":1790726722008,"test":"conc","trial":21,"copy":"dma","cfg":"d2h","legs":1,"bytes_per_leg":2097152,"leg_ns":[686187],"wall_ns":700483,"stream_errors":0,"mb":1,"cmds_per_leg":2,"elements":8}
PCIE {"t_ms":1790726722009,"test":"conc","trial":21,"copy":"dma","cfg":"2xh2d/ser","legs":2,"bytes_per_leg":2097152,"leg_ns":[421587,544967],"wall_ns":560681,"stream_errors":0,"mb":1,"cmds_per_leg":2,"elements":8}
PCIE {"t_ms":1790726722009,"test":"conc","trial":21,"copy":"dma","cfg":"h2d/ser","legs":1,"bytes_per_leg":2097152,"leg_ns":[576959],"wall_ns":592720,"stream_errors":0,"mb":1,"cmds_per_leg":2,"elements":8}
PCIE {"t_ms":1790726722010,"test":"conc","trial":22,"copy":"dma","cfg":"2xh2d/ser","legs":2,"bytes_per_leg":2097152,"leg_ns":[577417,584664],"wall_ns":599397,"stream_errors":0,"mb":1,"cmds_per_leg":2,"elements":8}
PCIE {"t_ms":1790726722011,"test":"conc","trial":22,"copy":"dma","cfg":"d2h/ser","legs":1,"bytes_per_leg":2097152,"leg_ns":[612859],"wall_ns":626448,"stream_errors":0,"mb":1,"cmds_per_leg":2,"elements":8}
PCIE {"t_ms":1790726722011,"test":"conc","trial":22,"copy":"dma","cfg":"h2d","legs":1,"bytes_per_leg":2097152,"leg_ns":[469051],"wall_ns":482410,"stream_errors":0,"mb":1,"cmds_per_leg":2,"elements":8}
PCIE {"t_ms":1790726722012,"test":"conc","trial":22,"copy":"dma","cfg":"d2h","legs":1,"bytes_per_leg":2097152,"leg_ns":[662180],"wall_ns":675676,"stream_errors":0,"mb":1,"cmds_per_leg":2,"elements":8}
PCIE {"t_ms":1790726722012,"test":"conc","trial":22,"copy":"dma","cfg":"h2d/ser","legs":1,"bytes_per_leg":2097152,"leg_ns":[373814],"wall_ns":387164,"stream_errors":0,"mb":1,"cmds_per_leg":2,"elements":8}
PCIE {"t_ms":1790726722013,"test":"conc","trial":23,"copy":"dma","cfg":"h2d/ser","legs":1,"bytes_per_leg":2097152,"leg_ns":[559517],"wall_ns":572847,"stream_errors":0,"mb":1,"cmds_per_leg":2,"elements":8}
PCIE {"t_ms":1790726722013,"test":"conc","trial":23,"copy":"dma","cfg":"2xh2d/ser","legs":2,"bytes_per_leg":2097152,"leg_ns":[568589,578642],"wall_ns":592240,"stream_errors":0,"mb":1,"cmds_per_leg":2,"elements":8}
PCIE {"t_ms":1790726722014,"test":"conc","trial":23,"copy":"dma","cfg":"d2h","legs":1,"bytes_per_leg":2097152,"leg_ns":[652468],"wall_ns":665848,"stream_errors":0,"mb":1,"cmds_per_leg":2,"elements":8}
PCIE {"t_ms":1790726722015,"test":"conc","trial":23,"copy":"dma","cfg":"d2h/ser","legs":1,"bytes_per_leg":2097152,"leg_ns":[356819],"wall_ns":370393,"stream_errors":0,"mb":1,"cmds_per_leg":2,"elements":8}
PCIE {"t_ms":1790726722015,"test":"conc","trial":23,"copy":"dma","cfg":"h2d","legs":1,"bytes_per_leg":2097152,"leg_ns":[467509],"wall_ns":480770,"stream_errors":0,"mb":1,"cmds_per_leg":2,"elements":8}
PCIE {"t_ms":1790726722016,"test":"conc","trial":24,"copy":"dma","cfg":"d2h","legs":1,"bytes_per_leg":2097152,"leg_ns":[649833],"wall_ns":663255,"stream_errors":0,"mb":1,"cmds_per_leg":2,"elements":8}
PCIE {"t_ms":1790726722016,"test":"conc","trial":24,"copy":"dma","cfg":"d2h/ser","legs":1,"bytes_per_leg":2097152,"leg_ns":[360582],"wall_ns":373901,"stream_errors":0,"mb":1,"cmds_per_leg":2,"elements":8}
PCIE {"t_ms":1790726722017,"test":"conc","trial":24,"copy":"dma","cfg":"2xh2d/ser","legs":2,"bytes_per_leg":2097152,"leg_ns":[513372,522807],"wall_ns":536647,"stream_errors":0,"mb":1,"cmds_per_leg":2,"elements":8}
PCIE {"t_ms":1790726722017,"test":"conc","trial":24,"copy":"dma","cfg":"h2d/ser","legs":1,"bytes_per_leg":2097152,"leg_ns":[558606],"wall_ns":571972,"stream_errors":0,"mb":1,"cmds_per_leg":2,"elements":8}
PCIE {"t_ms":1790726722018,"test":"conc","trial":24,"copy":"dma","cfg":"h2d","legs":1,"bytes_per_leg":2097152,"leg_ns":[559951],"wall_ns":573332,"stream_errors":0,"mb":1,"cmds_per_leg":2,"elements":8}
PCIE {"t_ms":1790726722018,"test":"done","which":"conc","elapsed_s":0.206719}
