Opening device 1
MEMPROBE {"test":"program","name":"t_rawodd","hart":0,"arena_base":"0x8040000000","ops":8001,"results":20000,"cycles":875604,"wall_s":0.0041,"t_start_ms":1790421143037,"t_end_ms":1790421143041,"out":"/home/yaroslavvb/nekko/build/claims-v3/aifoundry1-c1/mem/p3/t_rawodd.u32","ok":true}
Opening device 1
MEMPROBE {"test":"program","name":"t_glitch","hart":0,"arena_base":"0x8040000000","ops":8001,"results":8000,"cycles":804746,"wall_s":0.0033,"t_start_ms":1790421143458,"t_end_ms":1790421143461,"out":"/home/yaroslavvb/nekko/build/claims-v3/aifoundry1-c1/mem/p3/t_glitch.u32","ok":true}
Opening device 1
MEMPROBE {"test":"program","name":"bits","hart":0,"arena_base":"0x8040000000","ops":74701,"results":15000,"cycles":34612205,"wall_s":0.0703,"t_start_ms":1790421143881,"t_end_ms":1790421143952,"out":"/home/yaroslavvb/nekko/build/claims-v3/aifoundry1-c1/mem/p3/bits.u32","ok":true}
Opening device 1
MEMPROBE {"test":"program","name":"ladder","hart":0,"arena_base":"0x8040000000","ops":4481,"results":1408,"cycles":757660,"wall_s":0.0025,"t_start_ms":1790421144372,"t_end_ms":1790421144374,"out":"/home/yaroslavvb/nekko/build/claims-v3/aifoundry1-c1/mem/p3/ladder.u32","ok":true}
Opening device 1
MEMPROBE {"test":"program","name":"msmap","hart":0,"arena_base":"0x8040000000","ops":5121,"results":1024,"cycles":2860983,"wall_s":0.0059,"t_start_ms":1790421144795,"t_end_ms":1790421144801,"out":"/home/yaroslavvb/nekko/build/claims-v3/aifoundry1-c1/mem/p3/msmap.u32","ok":true}
Opening device 1
MEMPROBE {"test":"program","name":"pagetimeout","hart":0,"arena_base":"0x8040000000","ops":7021,"results":1560,"cycles":5917537,"wall_s":0.0114,"t_start_ms":1790421145219,"t_end_ms":1790421145231,"out":"/home/yaroslavvb/nekko/build/claims-v3/aifoundry1-c1/mem/p3/pagetimeout.u32","ok":true}
Opening device 1
MEMPROBE {"test":"program","name":"refresh_jit","hart":0,"arena_base":"0x8040000000","ops":95002,"results":38000,"cycles":41027609,"wall_s":0.0853,"t_start_ms":1790421145653,"t_end_ms":1790421145738,"out":"/home/yaroslavvb/nekko/build/claims-v3/aifoundry1-c1/mem/p3/refresh_jit.u32","ok":true}
Opening device 1
MEMPROBE {"test":"program","name":"refresh","hart":0,"arena_base":"0x8040000000","ops":96002,"results":48000,"cycles":13953648,"wall_s":0.0411,"t_start_ms":1790421146156,"t_end_ms":1790421146197,"out":"/home/yaroslavvb/nekko/build/claims-v3/aifoundry1-c1/mem/p3/refresh.u32","ok":true}
Opening device 1
MEMPROBE {"test":"program","name":"l3map","hart":0,"arena_base":"0x8040000000","ops":81921,"results":16384,"cycles":11556284,"wall_s":0.0331,"t_start_ms":1790421146617,"t_end_ms":1790421146651,"out":"/home/yaroslavvb/nekko/build/claims-v3/aifoundry1-c1/mem/p3/l3map.u32","ok":true}
Opening device 1
MEMPROBE {"test":"program","name":"decomp","hart":0,"arena_base":"0x8040000000","ops":67501,"results":13500,"cycles":13855052,"wall_s":0.0347,"t_start_ms":1790421147073,"t_end_ms":1790421147108,"out":"/home/yaroslavvb/nekko/build/claims-v3/aifoundry1-c1/mem/p3/decomp.u32","ok":true}
Opening device 1
MEMPROBE {"test":"program","name":"t_raw","hart":0,"arena_base":"0x8040000000","ops":4001,"results":16000,"cycles":514683,"wall_s":0.0029,"t_start_ms":1790421147530,"t_end_ms":1790421147533,"out":"/home/yaroslavvb/nekko/build/claims-v3/aifoundry1-c1/mem/p3/t_raw.u32","ok":true}
Opening device 1
MEMPROBE {"test":"program","name":"ladder","hart":448,"arena_base":"0x8040000000","ops":4481,"results":1408,"cycles":746428,"wall_s":0.0024,"t_start_ms":1790421147952,"t_end_ms":1790421147955,"out":"/home/yaroslavvb/nekko/build/claims-v3/aifoundry1-c1/mem/p3/req7/ladder.u32","ok":true}
Opening device 1
MEMPROBE {"test":"program","name":"decomp","hart":448,"arena_base":"0x8040000000","ops":67501,"results":13500,"cycles":13647265,"wall_s":0.0339,"t_start_ms":1790421148376,"t_end_ms":1790421148410,"out":"/home/yaroslavvb/nekko/build/claims-v3/aifoundry1-c1/mem/p3/req7/decomp.u32","ok":true}
Opening device 1
MEMPROBE {"test":"program","name":"ladder","hart":1536,"arena_base":"0x8040000000","ops":4481,"results":1408,"cycles":746204,"wall_s":0.0024,"t_start_ms":1790421148830,"t_end_ms":1790421148833,"out":"/home/yaroslavvb/nekko/build/claims-v3/aifoundry1-c1/mem/p3/req24/ladder.u32","ok":true}
Opening device 1
MEMPROBE {"test":"program","name":"decomp","hart":1536,"arena_base":"0x8040000000","ops":67501,"results":13500,"cycles":13528851,"wall_s":0.0336,"t_start_ms":1790421149253,"t_end_ms":1790421149287,"out":"/home/yaroslavvb/nekko/build/claims-v3/aifoundry1-c1/mem/p3/req24/decomp.u32","ok":true}
Opening device 1
MEMPROBE {"test":"program","name":"ladder","hart":1984,"arena_base":"0x8040000000","ops":4481,"results":1408,"cycles":758531,"wall_s":0.0024,"t_start_ms":1790421149706,"t_end_ms":1790421149709,"out":"/home/yaroslavvb/nekko/build/claims-v3/aifoundry1-c1/mem/p3/req31/ladder.u32","ok":true}
Opening device 1
MEMPROBE {"test":"program","name":"decomp","hart":1984,"arena_base":"0x8040000000","ops":67501,"results":13500,"cycles":13672304,"wall_s":0.0343,"t_start_ms":1790421150129,"t_end_ms":1790421150164,"out":"/home/yaroslavvb/nekko/build/claims-v3/aifoundry1-c1/mem/p3/req31/decomp.u32","ok":true}
Opening device 1
MEMPROBE {"test":"program","name":"wakeup","hart":0,"arena_base":"0x8040000000","ops":5429,"results":1128,"cycles":2903965619,"wall_s":4.8413,"t_start_ms":1790421211222,"t_end_ms":1790421216064,"out":"/home/yaroslavvb/nekko/build/claims-v3/aifoundry1-c1/mem/p3/wake/wakeup.u32","ok":true}
