PCIE {"t_ms":1790666493475,"test":"open","open_ns":180131184,"src":"PCIEBENCH_SRC_SHA256 main=27b7ed06330c4bae26cd24be189cdac0d67432cb52b1e8c7fca1116abda1aa5f args=8ae69bd7d46097957b638ff4c6630eb3e66d3cb0654b77d3bf55f3336c61c508 touch=92180a93c6dae0a1dce8c379156f827bd6588115777499dc45e64bf606b46ec0","link":[{"bdf":"0000:02:00.0","speed":"16.0 GT/s PCIe","width":"8","max_speed":"16.0 GT/s PCIe","max_width":"8","cma_allocated":"2057 MB"}]}
PCIE {"t_ms":1790666493477,"test":"conc","trial":0,"copy":"dma","cfg":"d2h/ser","legs":1,"bytes_per_leg":2097152,"leg_ns":[499549],"wall_ns":501512,"stream_errors":0,"mb":1,"cmds_per_leg":2,"elements":8}
PCIE {"t_ms":1790666493478,"test":"conc","trial":0,"copy":"dma","cfg":"2xh2d/ser","legs":2,"bytes_per_leg":2097152,"leg_ns":[600319,704221],"wall_ns":705946,"stream_errors":0,"mb":1,"cmds_per_leg":2,"elements":8}
PCIE {"t_ms":1790666493479,"test":"conc","trial":0,"copy":"dma","cfg":"h2d/ser","legs":1,"bytes_per_leg":2097152,"leg_ns":[553100],"wall_ns":554839,"stream_errors":0,"mb":1,"cmds_per_leg":2,"elements":8}
PCIE {"t_ms":1790666493479,"test":"conc","trial":0,"copy":"dma","cfg":"h2d","legs":1,"bytes_per_leg":2097152,"leg_ns":[556616],"wall_ns":558386,"stream_errors":0,"mb":1,"cmds_per_leg":2,"elements":8}
PCIE {"t_ms":1790666493480,"test":"conc","trial":0,"copy":"dma","cfg":"d2h","legs":1,"bytes_per_leg":2097152,"leg_ns":[638330],"wall_ns":640002,"stream_errors":0,"mb":1,"cmds_per_leg":2,"elements":8}
PCIE {"t_ms":1790666493480,"test":"conc","trial":1,"copy":"dma","cfg":"d2h","legs":1,"bytes_per_leg":2097152,"leg_ns":[316556],"wall_ns":318246,"stream_errors":0,"mb":1,"cmds_per_leg":2,"elements":8}
PCIE {"t_ms":1790666493480,"test":"conc","trial":1,"copy":"dma","cfg":"d2h/ser","legs":1,"bytes_per_leg":2097152,"leg_ns":[370908],"wall_ns":373204,"stream_errors":0,"mb":1,"cmds_per_leg":2,"elements":8}
PCIE {"t_ms":1790666493481,"test":"conc","trial":1,"copy":"dma","cfg":"h2d/ser","legs":1,"bytes_per_leg":2097152,"leg_ns":[393000],"wall_ns":394784,"stream_errors":0,"mb":1,"cmds_per_leg":2,"elements":8}
PCIE {"t_ms":1790666493481,"test":"conc","trial":1,"copy":"dma","cfg":"h2d","legs":1,"bytes_per_leg":2097152,"leg_ns":[556123],"wall_ns":557954,"stream_errors":0,"mb":1,"cmds_per_leg":2,"elements":8}
PCIE {"t_ms":1790666493482,"test":"conc","trial":1,"copy":"dma","cfg":"2xh2d/ser","legs":2,"bytes_per_leg":2097152,"leg_ns":[561564,561075],"wall_ns":563282,"stream_errors":0,"mb":1,"cmds_per_leg":2,"elements":8}
PCIE {"t_ms":1790666493483,"test":"conc","trial":2,"copy":"dma","cfg":"h2d","legs":1,"bytes_per_leg":2097152,"leg_ns":[555582],"wall_ns":557376,"stream_errors":0,"mb":1,"cmds_per_leg":2,"elements":8}
PCIE {"t_ms":1790666493483,"test":"conc","trial":2,"copy":"dma","cfg":"h2d/ser","legs":1,"bytes_per_leg":2097152,"leg_ns":[553200],"wall_ns":555038,"stream_errors":0,"mb":1,"cmds_per_leg":2,"elements":8}
PCIE {"t_ms":1790666493484,"test":"conc","trial":2,"copy":"dma","cfg":"2xh2d/ser","legs":2,"bytes_per_leg":2097152,"leg_ns":[565325,565798],"wall_ns":567660,"stream_errors":0,"mb":1,"cmds_per_leg":2,"elements":8}
PCIE {"t_ms":1790666493484,"test":"conc","trial":2,"copy":"dma","cfg":"d2h","legs":1,"bytes_per_leg":2097152,"leg_ns":[573091],"wall_ns":574795,"stream_errors":0,"mb":1,"cmds_per_leg":2,"elements":8}
PCIE {"t_ms":1790666493485,"test":"conc","trial":2,"copy":"dma","cfg":"d2h/ser","legs":1,"bytes_per_leg":2097152,"leg_ns":[315709],"wall_ns":317424,"stream_errors":0,"mb":1,"cmds_per_leg":2,"elements":8}
PCIE {"t_ms":1790666493485,"test":"conc","trial":3,"copy":"dma","cfg":"d2h","legs":1,"bytes_per_leg":2097152,"leg_ns":[330878],"wall_ns":332623,"stream_errors":0,"mb":1,"cmds_per_leg":2,"elements":8}
PCIE {"t_ms":1790666493485,"test":"conc","trial":3,"copy":"dma","cfg":"2xh2d/ser","legs":2,"bytes_per_leg":2097152,"leg_ns":[465359,465823],"wall_ns":467569,"stream_errors":0,"mb":1,"cmds_per_leg":2,"elements":8}
PCIE {"t_ms":1790666493486,"test":"conc","trial":3,"copy":"dma","cfg":"d2h/ser","legs":1,"bytes_per_leg":2097152,"leg_ns":[579623],"wall_ns":581340,"stream_errors":0,"mb":1,"cmds_per_leg":2,"elements":8}
PCIE {"t_ms":1790666493486,"test":"conc","trial":3,"copy":"dma","cfg":"h2d","legs":1,"bytes_per_leg":2097152,"leg_ns":[387437],"wall_ns":389452,"stream_errors":0,"mb":1,"cmds_per_leg":2,"elements":8}
PCIE {"t_ms":1790666493487,"test":"conc","trial":3,"copy":"dma","cfg":"h2d/ser","legs":1,"bytes_per_leg":2097152,"leg_ns":[554820],"wall_ns":556800,"stream_errors":0,"mb":1,"cmds_per_leg":2,"elements":8}
PCIE {"t_ms":1790666493487,"test":"conc","trial":4,"copy":"dma","cfg":"h2d/ser","legs":1,"bytes_per_leg":2097152,"leg_ns":[554210],"wall_ns":556186,"stream_errors":0,"mb":1,"cmds_per_leg":2,"elements":8}
PCIE {"t_ms":1790666493488,"test":"conc","trial":4,"copy":"dma","cfg":"d2h/ser","legs":1,"bytes_per_leg":2097152,"leg_ns":[574181],"wall_ns":576131,"stream_errors":0,"mb":1,"cmds_per_leg":2,"elements":8}
PCIE {"t_ms":1790666493488,"test":"conc","trial":4,"copy":"dma","cfg":"h2d","legs":1,"bytes_per_leg":2097152,"leg_ns":[394214],"wall_ns":396131,"stream_errors":0,"mb":1,"cmds_per_leg":2,"elements":8}
PCIE {"t_ms":1790666493489,"test":"conc","trial":4,"copy":"dma","cfg":"2xh2d/ser","legs":2,"bytes_per_leg":2097152,"leg_ns":[561599,562068],"wall_ns":564351,"stream_errors":0,"mb":1,"cmds_per_leg":2,"elements":8}
PCIE {"t_ms":1790666493490,"test":"conc","trial":4,"copy":"dma","cfg":"d2h","legs":1,"bytes_per_leg":2097152,"leg_ns":[588591],"wall_ns":590465,"stream_errors":0,"mb":1,"cmds_per_leg":2,"elements":8}
PCIE {"t_ms":1790666493490,"test":"conc","trial":5,"copy":"dma","cfg":"h2d/ser","legs":1,"bytes_per_leg":2097152,"leg_ns":[291162],"wall_ns":292904,"stream_errors":0,"mb":1,"cmds_per_leg":2,"elements":8}
PCIE {"t_ms":1790666493491,"test":"conc","trial":5,"copy":"dma","cfg":"d2h","legs":1,"bytes_per_leg":2097152,"leg_ns":[580551],"wall_ns":582352,"stream_errors":0,"mb":1,"cmds_per_leg":2,"elements":8}
PCIE {"t_ms":1790666493491,"test":"conc","trial":5,"copy":"dma","cfg":"d2h/ser","legs":1,"bytes_per_leg":2097152,"leg_ns":[310380],"wall_ns":312216,"stream_errors":0,"mb":1,"cmds_per_leg":2,"elements":8}
PCIE {"t_ms":1790666493491,"test":"conc","trial":5,"copy":"dma","cfg":"2xh2d/ser","legs":2,"bytes_per_leg":2097152,"leg_ns":[409202,514737],"wall_ns":516469,"stream_errors":0,"mb":1,"cmds_per_leg":2,"elements":8}
PCIE {"t_ms":1790666493492,"test":"conc","trial":5,"copy":"dma","cfg":"h2d","legs":1,"bytes_per_leg":2097152,"leg_ns":[555450],"wall_ns":557565,"stream_errors":0,"mb":1,"cmds_per_leg":2,"elements":8}
PCIE {"t_ms":1790666493492,"test":"conc","trial":6,"copy":"dma","cfg":"h2d/ser","legs":1,"bytes_per_leg":2097152,"leg_ns":[552003],"wall_ns":553792,"stream_errors":0,"mb":1,"cmds_per_leg":2,"elements":8}
PCIE {"t_ms":1790666493493,"test":"conc","trial":6,"copy":"dma","cfg":"2xh2d/ser","legs":2,"bytes_per_leg":2097152,"leg_ns":[561137,560671],"wall_ns":562862,"stream_errors":0,"mb":1,"cmds_per_leg":2,"elements":8}
PCIE {"t_ms":1790666493494,"test":"conc","trial":6,"copy":"dma","cfg":"d2h/ser","legs":1,"bytes_per_leg":2097152,"leg_ns":[570796],"wall_ns":573109,"stream_errors":0,"mb":1,"cmds_per_leg":2,"elements":8}
PCIE {"t_ms":1790666493494,"test":"conc","trial":6,"copy":"dma","cfg":"h2d","legs":1,"bytes_per_leg":2097152,"leg_ns":[397031],"wall_ns":398849,"stream_errors":0,"mb":1,"cmds_per_leg":2,"elements":8}
PCIE {"t_ms":1790666493495,"test":"conc","trial":6,"copy":"dma","cfg":"d2h","legs":1,"bytes_per_leg":2097152,"leg_ns":[575594],"wall_ns":577342,"stream_errors":0,"mb":1,"cmds_per_leg":2,"elements":8}
PCIE {"t_ms":1790666493495,"test":"conc","trial":7,"copy":"dma","cfg":"h2d/ser","legs":1,"bytes_per_leg":2097152,"leg_ns":[293896],"wall_ns":295710,"stream_errors":0,"mb":1,"cmds_per_leg":2,"elements":8}
PCIE {"t_ms":1790666493495,"test":"conc","trial":7,"copy":"dma","cfg":"h2d","legs":1,"bytes_per_leg":2097152,"leg_ns":[554986],"wall_ns":556763,"stream_errors":0,"mb":1,"cmds_per_leg":2,"elements":8}
PCIE {"t_ms":1790666493496,"test":"conc","trial":7,"copy":"dma","cfg":"d2h","legs":1,"bytes_per_leg":2097152,"leg_ns":[586467],"wall_ns":588157,"stream_errors":0,"mb":1,"cmds_per_leg":2,"elements":8}
PCIE {"t_ms":1790666493496,"test":"conc","trial":7,"copy":"dma","cfg":"d2h/ser","legs":1,"bytes_per_leg":2097152,"leg_ns":[300422],"wall_ns":302173,"stream_errors":0,"mb":1,"cmds_per_leg":2,"elements":8}
PCIE {"t_ms":1790666493497,"test":"conc","trial":7,"copy":"dma","cfg":"2xh2d/ser","legs":2,"bytes_per_leg":2097152,"leg_ns":[408075,514372],"wall_ns":516157,"stream_errors":0,"mb":1,"cmds_per_leg":2,"elements":8}
PCIE {"t_ms":1790666493497,"test":"conc","trial":8,"copy":"dma","cfg":"h2d","legs":1,"bytes_per_leg":2097152,"leg_ns":[556985],"wall_ns":558804,"stream_errors":0,"mb":1,"cmds_per_leg":2,"elements":8}
PCIE {"t_ms":1790666493498,"test":"conc","trial":8,"copy":"dma","cfg":"2xh2d/ser","legs":2,"bytes_per_leg":2097152,"leg_ns":[555754,559210],"wall_ns":560994,"stream_errors":0,"mb":1,"cmds_per_leg":2,"elements":8}
PCIE {"t_ms":1790666493499,"test":"conc","trial":8,"copy":"dma","cfg":"d2h","legs":1,"bytes_per_leg":2097152,"leg_ns":[577936],"wall_ns":579652,"stream_errors":0,"mb":1,"cmds_per_leg":2,"elements":8}
PCIE {"t_ms":1790666493499,"test":"conc","trial":8,"copy":"dma","cfg":"h2d/ser","legs":1,"bytes_per_leg":2097152,"leg_ns":[289874],"wall_ns":291639,"stream_errors":0,"mb":1,"cmds_per_leg":2,"elements":8}
PCIE {"t_ms":1790666493499,"test":"conc","trial":8,"copy":"dma","cfg":"d2h/ser","legs":1,"bytes_per_leg":2097152,"leg_ns":[581113],"wall_ns":582809,"stream_errors":0,"mb":1,"cmds_per_leg":2,"elements":8}
PCIE {"t_ms":1790666493500,"test":"conc","trial":9,"copy":"dma","cfg":"d2h/ser","legs":1,"bytes_per_leg":2097152,"leg_ns":[314389],"wall_ns":316132,"stream_errors":0,"mb":1,"cmds_per_leg":2,"elements":8}
PCIE {"t_ms":1790666493500,"test":"conc","trial":9,"copy":"dma","cfg":"2xh2d/ser","legs":2,"bytes_per_leg":2097152,"leg_ns":[403384,492678],"wall_ns":494504,"stream_errors":0,"mb":1,"cmds_per_leg":2,"elements":8}
PCIE {"t_ms":1790666493501,"test":"conc","trial":9,"copy":"dma","cfg":"d2h","legs":1,"bytes_per_leg":2097152,"leg_ns":[591354],"wall_ns":593025,"stream_errors":0,"mb":1,"cmds_per_leg":2,"elements":8}
PCIE {"t_ms":1790666493501,"test":"conc","trial":9,"copy":"dma","cfg":"h2d/ser","legs":1,"bytes_per_leg":2097152,"leg_ns":[284198],"wall_ns":285961,"stream_errors":0,"mb":1,"cmds_per_leg":2,"elements":8}
PCIE {"t_ms":1790666493502,"test":"conc","trial":9,"copy":"dma","cfg":"h2d","legs":1,"bytes_per_leg":2097152,"leg_ns":[555817],"wall_ns":557576,"stream_errors":0,"mb":1,"cmds_per_leg":2,"elements":8}
PCIE {"t_ms":1790666493502,"test":"conc","trial":10,"copy":"dma","cfg":"d2h","legs":1,"bytes_per_leg":2097152,"leg_ns":[572300],"wall_ns":574093,"stream_errors":0,"mb":1,"cmds_per_leg":2,"elements":8}
PCIE {"t_ms":1790666493503,"test":"conc","trial":10,"copy":"dma","cfg":"2xh2d/ser","legs":2,"bytes_per_leg":2097152,"leg_ns":[403862,509738],"wall_ns":511513,"stream_errors":0,"mb":1,"cmds_per_leg":2,"elements":8}
PCIE {"t_ms":1790666493503,"test":"conc","trial":10,"copy":"dma","cfg":"d2h/ser","legs":1,"bytes_per_leg":2097152,"leg_ns":[578958],"wall_ns":580684,"stream_errors":0,"mb":1,"cmds_per_leg":2,"elements":8}
PCIE {"t_ms":1790666493504,"test":"conc","trial":10,"copy":"dma","cfg":"h2d","legs":1,"bytes_per_leg":2097152,"leg_ns":[393664],"wall_ns":395427,"stream_errors":0,"mb":1,"cmds_per_leg":2,"elements":8}
PCIE {"t_ms":1790666493504,"test":"conc","trial":10,"copy":"dma","cfg":"h2d/ser","legs":1,"bytes_per_leg":2097152,"leg_ns":[554766],"wall_ns":556545,"stream_errors":0,"mb":1,"cmds_per_leg":2,"elements":8}
PCIE {"t_ms":1790666493505,"test":"conc","trial":11,"copy":"dma","cfg":"d2h","legs":1,"bytes_per_leg":2097152,"leg_ns":[579002],"wall_ns":580701,"stream_errors":0,"mb":1,"cmds_per_leg":2,"elements":8}
PCIE {"t_ms":1790666493505,"test":"conc","trial":11,"copy":"dma","cfg":"h2d/ser","legs":1,"bytes_per_leg":2097152,"leg_ns":[294383],"wall_ns":296130,"stream_errors":0,"mb":1,"cmds_per_leg":2,"elements":8}
PCIE {"t_ms":1790666493506,"test":"conc","trial":11,"copy":"dma","cfg":"h2d","legs":1,"bytes_per_leg":2097152,"leg_ns":[553821],"wall_ns":555681,"stream_errors":0,"mb":1,"cmds_per_leg":2,"elements":8}
PCIE {"t_ms":1790666493506,"test":"conc","trial":11,"copy":"dma","cfg":"2xh2d/ser","legs":2,"bytes_per_leg":2097152,"leg_ns":[563627,563186],"wall_ns":565383,"stream_errors":0,"mb":1,"cmds_per_leg":2,"elements":8}
PCIE {"t_ms":1790666493507,"test":"conc","trial":11,"copy":"dma","cfg":"d2h/ser","legs":1,"bytes_per_leg":2097152,"leg_ns":[568975],"wall_ns":570646,"stream_errors":0,"mb":1,"cmds_per_leg":2,"elements":8}
PCIE {"t_ms":1790666493507,"test":"conc","trial":12,"copy":"dma","cfg":"d2h/ser","legs":1,"bytes_per_leg":2097152,"leg_ns":[316884],"wall_ns":318581,"stream_errors":0,"mb":1,"cmds_per_leg":2,"elements":8}
PCIE {"t_ms":1790666493508,"test":"conc","trial":12,"copy":"dma","cfg":"h2d","legs":1,"bytes_per_leg":2097152,"leg_ns":[401752],"wall_ns":403536,"stream_errors":0,"mb":1,"cmds_per_leg":2,"elements":8}
PCIE {"t_ms":1790666493508,"test":"conc","trial":12,"copy":"dma","cfg":"2xh2d/ser","legs":2,"bytes_per_leg":2097152,"leg_ns":[559688,560112],"wall_ns":561833,"stream_errors":0,"mb":1,"cmds_per_leg":2,"elements":8}
PCIE {"t_ms":1790666493509,"test":"conc","trial":12,"copy":"dma","cfg":"h2d/ser","legs":1,"bytes_per_leg":2097152,"leg_ns":[555945],"wall_ns":557734,"stream_errors":0,"mb":1,"cmds_per_leg":2,"elements":8}
PCIE {"t_ms":1790666493509,"test":"conc","trial":12,"copy":"dma","cfg":"d2h","legs":1,"bytes_per_leg":2097152,"leg_ns":[582553],"wall_ns":584293,"stream_errors":0,"mb":1,"cmds_per_leg":2,"elements":8}
PCIE {"t_ms":1790666493510,"test":"conc","trial":13,"copy":"dma","cfg":"h2d/ser","legs":1,"bytes_per_leg":2097152,"leg_ns":[286026],"wall_ns":287832,"stream_errors":0,"mb":1,"cmds_per_leg":2,"elements":8}
PCIE {"t_ms":1790666493510,"test":"conc","trial":13,"copy":"dma","cfg":"d2h","legs":1,"bytes_per_leg":2097152,"leg_ns":[574172],"wall_ns":575861,"stream_errors":0,"mb":1,"cmds_per_leg":2,"elements":8}
PCIE {"t_ms":1790666493511,"test":"conc","trial":13,"copy":"dma","cfg":"h2d","legs":1,"bytes_per_leg":2097152,"leg_ns":[397775],"wall_ns":399515,"stream_errors":0,"mb":1,"cmds_per_leg":2,"elements":8}
PCIE {"t_ms":1790666493511,"test":"conc","trial":13,"copy":"dma","cfg":"d2h/ser","legs":1,"bytes_per_leg":2097152,"leg_ns":[578187],"wall_ns":579884,"stream_errors":0,"mb":1,"cmds_per_leg":2,"elements":8}
PCIE {"t_ms":1790666493512,"test":"conc","trial":13,"copy":"dma","cfg":"2xh2d/ser","legs":2,"bytes_per_leg":2097152,"leg_ns":[371175,476321],"wall_ns":478092,"stream_errors":0,"mb":1,"cmds_per_leg":2,"elements":8}
PCIE {"t_ms":1790666493512,"test":"conc","trial":14,"copy":"dma","cfg":"d2h","legs":1,"bytes_per_leg":2097152,"leg_ns":[581268],"wall_ns":582999,"stream_errors":0,"mb":1,"cmds_per_leg":2,"elements":8}
PCIE {"t_ms":1790666493513,"test":"conc","trial":14,"copy":"dma","cfg":"h2d/ser","legs":1,"bytes_per_leg":2097152,"leg_ns":[284967],"wall_ns":286702,"stream_errors":0,"mb":1,"cmds_per_leg":2,"elements":8}
PCIE {"t_ms":1790666493513,"test":"conc","trial":14,"copy":"dma","cfg":"d2h/ser","legs":1,"bytes_per_leg":2097152,"leg_ns":[587768],"wall_ns":589493,"stream_errors":0,"mb":1,"cmds_per_leg":2,"elements":8}
PCIE {"t_ms":1790666493514,"test":"conc","trial":14,"copy":"dma","cfg":"2xh2d/ser","legs":2,"bytes_per_leg":2097152,"leg_ns":[400348,505761],"wall_ns":507603,"stream_errors":0,"mb":1,"cmds_per_leg":2,"elements":8}
PCIE {"t_ms":1790666493514,"test":"conc","trial":14,"copy":"dma","cfg":"h2d","legs":1,"bytes_per_leg":2097152,"leg_ns":[551862],"wall_ns":553671,"stream_errors":0,"mb":1,"cmds_per_leg":2,"elements":8}
PCIE {"t_ms":1790666493515,"test":"conc","trial":15,"copy":"dma","cfg":"d2h","legs":1,"bytes_per_leg":2097152,"leg_ns":[576663],"wall_ns":578380,"stream_errors":0,"mb":1,"cmds_per_leg":2,"elements":8}
PCIE {"t_ms":1790666493515,"test":"conc","trial":15,"copy":"dma","cfg":"d2h/ser","legs":1,"bytes_per_leg":2097152,"leg_ns":[319197],"wall_ns":320947,"stream_errors":0,"mb":1,"cmds_per_leg":2,"elements":8}
PCIE {"t_ms":1790666493515,"test":"conc","trial":15,"copy":"dma","cfg":"h2d/ser","legs":1,"bytes_per_leg":2097152,"leg_ns":[297711],"wall_ns":299495,"stream_errors":0,"mb":1,"cmds_per_leg":2,"elements":8}
PCIE {"t_ms":1790666493516,"test":"conc","trial":15,"copy":"dma","cfg":"2xh2d/ser","legs":2,"bytes_per_leg":2097152,"leg_ns":[554271,555535],"wall_ns":557301,"stream_errors":0,"mb":1,"cmds_per_leg":2,"elements":8}
PCIE {"t_ms":1790666493517,"test":"conc","trial":15,"copy":"dma","cfg":"h2d","legs":1,"bytes_per_leg":2097152,"leg_ns":[556422],"wall_ns":558189,"stream_errors":0,"mb":1,"cmds_per_leg":2,"elements":8}
PCIE {"t_ms":1790666493517,"test":"conc","trial":16,"copy":"dma","cfg":"d2h/ser","legs":1,"bytes_per_leg":2097152,"leg_ns":[584429],"wall_ns":586124,"stream_errors":0,"mb":1,"cmds_per_leg":2,"elements":8}
PCIE {"t_ms":1790666493517,"test":"conc","trial":16,"copy":"dma","cfg":"h2d/ser","legs":1,"bytes_per_leg":2097152,"leg_ns":[282626],"wall_ns":284387,"stream_errors":0,"mb":1,"cmds_per_leg":2,"elements":8}
PCIE {"t_ms":1790666493518,"test":"conc","trial":16,"copy":"dma","cfg":"d2h","legs":1,"bytes_per_leg":2097152,"leg_ns":[579243],"wall_ns":580940,"stream_errors":0,"mb":1,"cmds_per_leg":2,"elements":8}
PCIE {"t_ms":1790666493518,"test":"conc","trial":16,"copy":"dma","cfg":"h2d","legs":1,"bytes_per_leg":2097152,"leg_ns":[454258],"wall_ns":456079,"stream_errors":0,"mb":1,"cmds_per_leg":2,"elements":8}
PCIE {"t_ms":1790666493519,"test":"conc","trial":16,"copy":"dma","cfg":"2xh2d/ser","legs":2,"bytes_per_leg":2097152,"leg_ns":[556737,560068],"wall_ns":561831,"stream_errors":0,"mb":1,"cmds_per_leg":2,"elements":8}
PCIE {"t_ms":1790666493520,"test":"conc","trial":17,"copy":"dma","cfg":"h2d","legs":1,"bytes_per_leg":2097152,"leg_ns":[555096],"wall_ns":556865,"stream_errors":0,"mb":1,"cmds_per_leg":2,"elements":8}
PCIE {"t_ms":1790666493520,"test":"conc","trial":17,"copy":"dma","cfg":"h2d/ser","legs":1,"bytes_per_leg":2097152,"leg_ns":[554501],"wall_ns":556245,"stream_errors":0,"mb":1,"cmds_per_leg":2,"elements":8}
PCIE {"t_ms":1790666493521,"test":"conc","trial":17,"copy":"dma","cfg":"2xh2d/ser","legs":2,"bytes_per_leg":2097152,"leg_ns":[557897,559106],"wall_ns":560915,"stream_errors":0,"mb":1,"cmds_per_leg":2,"elements":8}
PCIE {"t_ms":1790666493521,"test":"conc","trial":17,"copy":"dma","cfg":"d2h/ser","legs":1,"bytes_per_leg":2097152,"leg_ns":[566173],"wall_ns":567893,"stream_errors":0,"mb":1,"cmds_per_leg":2,"elements":8}
PCIE {"t_ms":1790666493522,"test":"conc","trial":17,"copy":"dma","cfg":"d2h","legs":1,"bytes_per_leg":2097152,"leg_ns":[311279],"wall_ns":312946,"stream_errors":0,"mb":1,"cmds_per_leg":2,"elements":8}
PCIE {"t_ms":1790666493522,"test":"conc","trial":18,"copy":"dma","cfg":"2xh2d/ser","legs":2,"bytes_per_leg":2097152,"leg_ns":[401504,505774],"wall_ns":507496,"stream_errors":0,"mb":1,"cmds_per_leg":2,"elements":8}
PCIE {"t_ms":1790666493523,"test":"conc","trial":18,"copy":"dma","cfg":"d2h","legs":1,"bytes_per_leg":2097152,"leg_ns":[579416],"wall_ns":581109,"stream_errors":0,"mb":1,"cmds_per_leg":2,"elements":8}
PCIE {"t_ms":1790666493523,"test":"conc","trial":18,"copy":"dma","cfg":"h2d","legs":1,"bytes_per_leg":2097152,"leg_ns":[392480],"wall_ns":394256,"stream_errors":0,"mb":1,"cmds_per_leg":2,"elements":8}
PCIE {"t_ms":1790666493524,"test":"conc","trial":18,"copy":"dma","cfg":"d2h/ser","legs":1,"bytes_per_leg":2097152,"leg_ns":[581489],"wall_ns":583153,"stream_errors":0,"mb":1,"cmds_per_leg":2,"elements":8}
PCIE {"t_ms":1790666493524,"test":"conc","trial":18,"copy":"dma","cfg":"h2d/ser","legs":1,"bytes_per_leg":2097152,"leg_ns":[286606],"wall_ns":288353,"stream_errors":0,"mb":1,"cmds_per_leg":2,"elements":8}
PCIE {"t_ms":1790666493525,"test":"conc","trial":19,"copy":"dma","cfg":"h2d/ser","legs":1,"bytes_per_leg":2097152,"leg_ns":[554966],"wall_ns":556723,"stream_errors":0,"mb":1,"cmds_per_leg":2,"elements":8}
PCIE {"t_ms":1790666493525,"test":"conc","trial":19,"copy":"dma","cfg":"2xh2d/ser","legs":2,"bytes_per_leg":2097152,"leg_ns":[558247,558684],"wall_ns":560425,"stream_errors":0,"mb":1,"cmds_per_leg":2,"elements":8}
PCIE {"t_ms":1790666493526,"test":"conc","trial":19,"copy":"dma","cfg":"d2h/ser","legs":1,"bytes_per_leg":2097152,"leg_ns":[574114],"wall_ns":575813,"stream_errors":0,"mb":1,"cmds_per_leg":2,"elements":8}
PCIE {"t_ms":1790666493526,"test":"conc","trial":19,"copy":"dma","cfg":"d2h","legs":1,"bytes_per_leg":2097152,"leg_ns":[319060],"wall_ns":320750,"stream_errors":0,"mb":1,"cmds_per_leg":2,"elements":8}
PCIE {"t_ms":1790666493526,"test":"conc","trial":19,"copy":"dma","cfg":"h2d","legs":1,"bytes_per_leg":2097152,"leg_ns":[476006],"wall_ns":477788,"stream_errors":0,"mb":1,"cmds_per_leg":2,"elements":8}
PCIE {"t_ms":1790666493527,"test":"conc","trial":20,"copy":"dma","cfg":"h2d","legs":1,"bytes_per_leg":2097152,"leg_ns":[554110],"wall_ns":555975,"stream_errors":0,"mb":1,"cmds_per_leg":2,"elements":8}
PCIE {"t_ms":1790666493528,"test":"conc","trial":20,"copy":"dma","cfg":"d2h/ser","legs":1,"bytes_per_leg":2097152,"leg_ns":[575035],"wall_ns":576727,"stream_errors":0,"mb":1,"cmds_per_leg":2,"elements":8}
PCIE {"t_ms":1790666493528,"test":"conc","trial":20,"copy":"dma","cfg":"2xh2d/ser","legs":2,"bytes_per_leg":2097152,"leg_ns":[399522,506587],"wall_ns":508385,"stream_errors":0,"mb":1,"cmds_per_leg":2,"elements":8}
PCIE {"t_ms":1790666493529,"test":"conc","trial":20,"copy":"dma","cfg":"h2d/ser","legs":1,"bytes_per_leg":2097152,"leg_ns":[554918],"wall_ns":556695,"stream_errors":0,"mb":1,"cmds_per_leg":2,"elements":8}
PCIE {"t_ms":1790666493529,"test":"conc","trial":20,"copy":"dma","cfg":"d2h","legs":1,"bytes_per_leg":2097152,"leg_ns":[585225],"wall_ns":586922,"stream_errors":0,"mb":1,"cmds_per_leg":2,"elements":8}
PCIE {"t_ms":1790666493530,"test":"conc","trial":21,"copy":"dma","cfg":"d2h/ser","legs":1,"bytes_per_leg":2097152,"leg_ns":[297621],"wall_ns":299382,"stream_errors":0,"mb":1,"cmds_per_leg":2,"elements":8}
PCIE {"t_ms":1790666493530,"test":"conc","trial":21,"copy":"dma","cfg":"h2d/ser","legs":1,"bytes_per_leg":2097152,"leg_ns":[300971],"wall_ns":302750,"stream_errors":0,"mb":1,"cmds_per_leg":2,"elements":8}
PCIE {"t_ms":1790666493530,"test":"conc","trial":21,"copy":"dma","cfg":"d2h","legs":1,"bytes_per_leg":2097152,"leg_ns":[579820],"wall_ns":581531,"stream_errors":0,"mb":1,"cmds_per_leg":2,"elements":8}
PCIE {"t_ms":1790666493531,"test":"conc","trial":21,"copy":"dma","cfg":"2xh2d/ser","legs":2,"bytes_per_leg":2097152,"leg_ns":[400320,506415],"wall_ns":508191,"stream_errors":0,"mb":1,"cmds_per_leg":2,"elements":8}
PCIE {"t_ms":1790666493532,"test":"conc","trial":21,"copy":"dma","cfg":"h2d","legs":1,"bytes_per_leg":2097152,"leg_ns":[554833],"wall_ns":556657,"stream_errors":0,"mb":1,"cmds_per_leg":2,"elements":8}
PCIE {"t_ms":1790666493532,"test":"conc","trial":22,"copy":"dma","cfg":"h2d","legs":1,"bytes_per_leg":2097152,"leg_ns":[550992],"wall_ns":552783,"stream_errors":0,"mb":1,"cmds_per_leg":2,"elements":8}
PCIE {"t_ms":1790666493533,"test":"conc","trial":22,"copy":"dma","cfg":"d2h/ser","legs":1,"bytes_per_leg":2097152,"leg_ns":[580199],"wall_ns":581922,"stream_errors":0,"mb":1,"cmds_per_leg":2,"elements":8}
PCIE {"t_ms":1790666493533,"test":"conc","trial":22,"copy":"dma","cfg":"2xh2d/ser","legs":2,"bytes_per_leg":2097152,"leg_ns":[394750,500520],"wall_ns":502306,"stream_errors":0,"mb":1,"cmds_per_leg":2,"elements":8}
PCIE {"t_ms":1790666493534,"test":"conc","trial":22,"copy":"dma","cfg":"h2d/ser","legs":1,"bytes_per_leg":2097152,"leg_ns":[552980],"wall_ns":554802,"stream_errors":0,"mb":1,"cmds_per_leg":2,"elements":8}
PCIE {"t_ms":1790666493534,"test":"conc","trial":22,"copy":"dma","cfg":"d2h","legs":1,"bytes_per_leg":2097152,"leg_ns":[550975],"wall_ns":552631,"stream_errors":0,"mb":1,"cmds_per_leg":2,"elements":8}
PCIE {"t_ms":1790666493535,"test":"conc","trial":23,"copy":"dma","cfg":"d2h/ser","legs":1,"bytes_per_leg":2097152,"leg_ns":[317182],"wall_ns":318862,"stream_errors":0,"mb":1,"cmds_per_leg":2,"elements":8}
PCIE {"t_ms":1790666493535,"test":"conc","trial":23,"copy":"dma","cfg":"2xh2d/ser","legs":2,"bytes_per_leg":2097152,"leg_ns":[404516,508966],"wall_ns":510772,"stream_errors":0,"mb":1,"cmds_per_leg":2,"elements":8}
PCIE {"t_ms":1790666493536,"test":"conc","trial":23,"copy":"dma","cfg":"d2h","legs":1,"bytes_per_leg":2097152,"leg_ns":[581456],"wall_ns":583122,"stream_errors":0,"mb":1,"cmds_per_leg":2,"elements":8}
PCIE {"t_ms":1790666493536,"test":"conc","trial":23,"copy":"dma","cfg":"h2d/ser","legs":1,"bytes_per_leg":2097152,"leg_ns":[291800],"wall_ns":293547,"stream_errors":0,"mb":1,"cmds_per_leg":2,"elements":8}
PCIE {"t_ms":1790666493537,"test":"conc","trial":23,"copy":"dma","cfg":"h2d","legs":1,"bytes_per_leg":2097152,"leg_ns":[553173],"wall_ns":555010,"stream_errors":0,"mb":1,"cmds_per_leg":2,"elements":8}
PCIE {"t_ms":1790666493537,"test":"conc","trial":24,"copy":"dma","cfg":"h2d/ser","legs":1,"bytes_per_leg":2097152,"leg_ns":[555332],"wall_ns":557068,"stream_errors":0,"mb":1,"cmds_per_leg":2,"elements":8}
PCIE {"t_ms":1790666493538,"test":"conc","trial":24,"copy":"dma","cfg":"d2h","legs":1,"bytes_per_leg":2097152,"leg_ns":[574637],"wall_ns":576315,"stream_errors":0,"mb":1,"cmds_per_leg":2,"elements":8}
PCIE {"t_ms":1790666493538,"test":"conc","trial":24,"copy":"dma","cfg":"d2h/ser","legs":1,"bytes_per_leg":2097152,"leg_ns":[313285],"wall_ns":314978,"stream_errors":0,"mb":1,"cmds_per_leg":2,"elements":8}
PCIE {"t_ms":1790666493539,"test":"conc","trial":24,"copy":"dma","cfg":"2xh2d/ser","legs":2,"bytes_per_leg":2097152,"leg_ns":[405211,511859],"wall_ns":513680,"stream_errors":0,"mb":1,"cmds_per_leg":2,"elements":8}
PCIE {"t_ms":1790666493539,"test":"conc","trial":24,"copy":"dma","cfg":"h2d","legs":1,"bytes_per_leg":2097152,"leg_ns":[554094],"wall_ns":555920,"stream_errors":0,"mb":1,"cmds_per_leg":2,"elements":8}
PCIE {"t_ms":1790666493539,"test":"done","which":"conc","elapsed_s":0.244547}
