2026-09-27T20:37:49 run_queue.sh: aifoundry3, /home/yaroslavvb/nekko/tools/claims-v3/schedule-hp-aifoundry3-r2.txt: checks passed; exec queue.sh
2026-09-27T20:37:49 [aifoundry3] queue starts: /home/yaroslavvb/nekko/tools/claims-v3/schedule-hp-aifoundry3-r2.txt
2026-09-27T20:37:49 [aifoundry3] skip hp p2301 (done)
2026-09-27T20:37:50 [aifoundry3] hp p2204 begins (die 57 C) -> /home/yaroslavvb/nekko/build/claims-v3/aifoundry3/hp/p2204
2026-09-27T20:39:04 [aifoundry3] run 1 (cal ALL24, L): launches 12, first66 +26 s, edge ok, stop none
2026-09-27T20:40:21 [aifoundry3] run 2 (meas INT16@32, L): launches 21, first66 +51 s, edge ok, stop none
2026-09-27T20:42:15 [aifoundry3] run 3 (meas PER16@32, L): launches 32, first66 +82 s, edge ok, stop none
2026-09-27T20:44:04 [aifoundry3] run 4 (meas UNI32@16, L): launches 28, first66 +70 s, edge ok, stop none
2026-09-27T20:44:04 [aifoundry3] BLOCKCHECK round r2, params tools/claims-v3/hp/params/params-r2-aifoundry3.json, 0 void run(s), 0 to re-run
2026-09-27T20:44:07 [aifoundry3] hp p2204 ends: ok 4 runs (L16): telemetry 4, heater lines 4, first 66 live 4, edge misses 0, stops 0, rc all 0
2026-09-27T20:49:28 [aifoundry3] hp p2205 begins (die 54 C) -> /home/yaroslavvb/nekko/build/claims-v3/aifoundry3/hp/p2205
2026-09-27T20:51:09 [aifoundry3] run 1 (cal ALL24, L): launches 13, first66 +29 s, edge ok, stop none
2026-09-27T20:52:57 [aifoundry3] run 2 (meas PER16@32, L): launches 33, first66 +84 s, edge ok, stop none
2026-09-27T20:54:39 [aifoundry3] run 3 (meas UNI32@16, L): launches 26, first66 +65 s, edge ok, stop none
2026-09-27T20:56:04 [aifoundry3] run 4 (meas INT16@32, L): launches 20, first66 +48 s, edge ok, stop none
2026-09-27T20:56:04 [aifoundry3] BLOCKCHECK round r2, params tools/claims-v3/hp/params/params-r2-aifoundry3.json, 0 void run(s), 0 to re-run
2026-09-27T20:56:07 [aifoundry3] hp p2205 ends: ok 4 runs (L16): telemetry 4, heater lines 4, first 66 live 4, edge misses 0, stops 0, rc all 0
2026-09-27T21:01:28 [aifoundry3] hp p2206 begins (die 54 C) -> /home/yaroslavvb/nekko/build/claims-v3/aifoundry3/hp/p2206
2026-09-27T21:03:12 [aifoundry3] run 1 (cal ALL24, L): launches 13, first66 +29 s, edge ok, stop none
2026-09-27T21:05:05 [aifoundry3] run 2 (meas UNI32@16, L): launches 35, first66 +90 s, edge ok, stop none
2026-09-27T21:06:35 [aifoundry3] run 3 (meas INT16@32, L): launches 23, first66 +56 s, edge ok, stop none
2026-09-27T21:08:35 [aifoundry3] run 4 (meas PER16@32, L): launches 35, first66 +89 s, edge ok, stop none
2026-09-27T21:08:35 [aifoundry3] BLOCKCHECK round r2, params tools/claims-v3/hp/params/params-r2-aifoundry3.json, 0 void run(s), 0 to re-run
2026-09-27T21:08:38 [aifoundry3] hp p2206 ends: ok 4 runs (L16): telemetry 4, heater lines 4, first 66 live 4, edge misses 0, stops 0, rc all 0
2026-09-27T21:08:58 [aifoundry3] queue ends: /home/yaroslavvb/nekko/tools/claims-v3/schedule-hp-aifoundry3-r2.txt
