2026-09-27T18:02:29 run_queue.sh: aifoundry3, /home/yaroslavvb/nekko/tools/claims-v3/schedule-hp-aifoundry3-r1c.txt: checks passed; exec queue.sh
2026-09-27T18:02:29 [aifoundry3] queue starts: /home/yaroslavvb/nekko/tools/claims-v3/schedule-hp-aifoundry3-r1c.txt
2026-09-27T18:02:31 [aifoundry3] hp p1201 begins (die 53 C) -> /home/yaroslavvb/nekko/build/claims-v3/aifoundry3/hp/p1201
2026-09-27T18:04:27 [aifoundry3] run 1 (cal ALL24, L): launches 13, first66 +28 s, edge ok, stop none
2026-09-27T18:05:05 [aifoundry3] run 2 (cal ALL24, L): launches 7, first66 +12 s, edge ok, stop none
2026-09-27T18:06:55 [aifoundry3] run 3 (meas UNI32@16, L): launches 33, first66 +84 s, edge ok, stop none
2026-09-27T18:08:56 [aifoundry3] run 4 (meas PER16@32, L): launches 34, first66 +86 s, edge ok, stop none
2026-09-27T18:10:25 [aifoundry3] run 5 (meas INT16@32, L): launches 21, first66 +51 s, edge ok, stop none
2026-09-27T18:10:25 [aifoundry3] BLOCKCHECK round r1, params tools/claims-v3/hp/params/params-r1-aifoundry3.json, 0 void run(s), 0 to re-run
2026-09-27T18:10:29 [aifoundry3] hp p1201 ends: ok 5 runs (L16): telemetry 5, heater lines 5, first 66 live 5, edge misses 0, stops 0, rc all 0
2026-09-27T18:10:50 [aifoundry3] hp p1101 begins (die 62 C) -> /home/yaroslavvb/nekko/build/claims-v3/aifoundry3/hp/p1101
2026-09-27T18:12:21 [aifoundry3] run 1 (cal ALL24, S): launches 1, first66 +0 s, edge ok, stop none
2026-09-27T18:13:13 [aifoundry3] run 2 (meas B4NE, S): launches 1, first66 none, edge ok, stop none
2026-09-27T18:14:24 [aifoundry3] run 3 (meas INT16@32, S): launches 1, first66 +1 s, edge ok, stop none
2026-09-27T18:15:23 [aifoundry3] run 4 (meas B4NE, S): launches 1, first66 none, edge ok, stop none
2026-09-27T18:16:28 [aifoundry3] run 5 (meas PER16@32, S): launches 1, first66 +1 s, edge ok, stop none
2026-09-27T18:17:27 [aifoundry3] run 6 (meas B4SW, S): launches 1, first66 none, edge ok, stop none
2026-09-27T18:18:32 [aifoundry3] run 7 (meas UNI32@16, S): launches 1, first66 +1 s, edge ok, stop none
2026-09-27T18:19:27 [aifoundry3] run 8 (meas B4SW, S): launches 1, first66 none, edge ok, stop none
2026-09-27T18:19:27 [aifoundry3] BLOCKCHECK round r1, params tools/claims-v3/hp/params/params-r1-aifoundry3.json, 0 void run(s), 0 to re-run
2026-09-27T18:19:30 [aifoundry3] hp p1101 ends: ok 8 runs (S): telemetry 8, heater lines 8, first 66 live 4, edge misses 0, stops 0, rc all 0
2026-09-27T18:24:52 [aifoundry3] hp p1202 begins (die 54 C) -> /home/yaroslavvb/nekko/build/claims-v3/aifoundry3/hp/p1202
2026-09-27T18:26:36 [aifoundry3] run 1 (cal ALL24, L): launches 13, first66 +29 s, edge ok, stop none
2026-09-27T18:27:59 [aifoundry3] run 2 (meas INT16@32, L): launches 24, first66 +59 s, edge ok, stop none
2026-09-27T18:29:48 [aifoundry3] run 3 (meas UNI32@16, L): launches 31, first66 +78 s, edge ok, stop none
2026-09-27T18:31:49 [aifoundry3] run 4 (meas PER16@32, L): launches 34, first66 +87 s, edge ok, stop none
2026-09-27T18:31:49 [aifoundry3] BLOCKCHECK round r1, params tools/claims-v3/hp/params/params-r1-aifoundry3.json, 0 void run(s), 0 to re-run
2026-09-27T18:31:52 [aifoundry3] hp p1202 ends: ok 4 runs (L16): telemetry 4, heater lines 4, first 66 live 4, edge misses 0, stops 0, rc all 0
2026-09-27T18:32:13 [aifoundry3] hp p1102 begins (die 62 C) -> /home/yaroslavvb/nekko/build/claims-v3/aifoundry3/hp/p1102
2026-09-27T18:33:46 [aifoundry3] run 1 (cal ALL24, S): launches 1, first66 +0 s, edge ok, stop none
2026-09-27T18:34:38 [aifoundry3] run 2 (meas INT16@32, S): launches 1, first66 +1 s, edge ok, stop none
2026-09-27T18:35:37 [aifoundry3] run 3 (meas B4NE, S): launches 1, first66 none, edge ok, stop none
2026-09-27T18:36:45 [aifoundry3] run 4 (meas B4NE, S): launches 1, first66 none, edge ok, stop none
2026-09-27T18:37:53 [aifoundry3] run 5 (meas UNI32@16, S): launches 1, first66 +1 s, edge ok, stop none
2026-09-27T18:38:49 [aifoundry3] run 6 (meas B4SW, S): launches 1, first66 none, edge ok, stop none
2026-09-27T18:39:57 [aifoundry3] run 7 (meas B4SW, S): launches 1, first66 none, edge ok, stop none
2026-09-27T18:41:01 [aifoundry3] run 8 (meas PER16@32, S): launches 1, first66 +2 s, edge ok, stop none
2026-09-27T18:41:01 [aifoundry3] BLOCKCHECK round r1, params tools/claims-v3/hp/params/params-r1-aifoundry3.json, 0 void run(s), 0 to re-run
2026-09-27T18:41:04 [aifoundry3] hp p1102 ends: ok 8 runs (S): telemetry 8, heater lines 8, first 66 live 4, edge misses 0, stops 0, rc all 0
2026-09-27T18:46:26 [aifoundry3] hp p1203 begins (die 54 C) -> /home/yaroslavvb/nekko/build/claims-v3/aifoundry3/hp/p1203
2026-09-27T18:48:11 [aifoundry3] run 1 (cal ALL24, L): launches 12, first66 +27 s, edge ok, stop none
2026-09-27T18:50:10 [aifoundry3] run 2 (meas PER16@32, L): launches 37, first66 +95 s, edge ok, stop none
2026-09-27T18:51:44 [aifoundry3] run 3 (meas INT16@32, L): launches 23, first66 +57 s, edge ok, stop none
2026-09-27T18:53:29 [aifoundry3] run 4 (meas UNI32@16, L): launches 30, first66 +75 s, edge ok, stop none
2026-09-27T18:53:29 [aifoundry3] BLOCKCHECK round r1, params tools/claims-v3/hp/params/params-r1-aifoundry3.json, 0 void run(s), 0 to re-run
2026-09-27T18:53:32 [aifoundry3] hp p1203 ends: ok 4 runs (L16): telemetry 4, heater lines 4, first 66 live 4, edge misses 0, stops 0, rc all 0
2026-09-27T18:53:53 [aifoundry3] hp p1103 begins (die 62 C) -> /home/yaroslavvb/nekko/build/claims-v3/aifoundry3/hp/p1103
2026-09-27T18:55:26 [aifoundry3] run 1 (cal ALL24, S): launches 1, first66 +0 s, edge ok, stop none
2026-09-27T18:56:15 [aifoundry3] run 2 (meas UNI32@16, S): launches 1, first66 +1 s, edge ok, stop none
2026-09-27T18:57:15 [aifoundry3] run 3 (meas B4NE, S): launches 1, first66 none, edge ok, stop none
2026-09-27T18:58:23 [aifoundry3] run 4 (meas B4SW, S): launches 1, first66 none, edge ok, stop none
2026-09-27T18:59:31 [aifoundry3] run 5 (meas PER16@32, S): launches 1, first66 +1 s, edge ok, stop none
2026-09-27T19:00:26 [aifoundry3] run 6 (meas INT16@32, S): launches 1, first66 +1 s, edge ok, stop none
2026-09-27T19:01:22 [aifoundry3] run 7 (meas B4SW, S): launches 1, first66 none, edge ok, stop none
2026-09-27T19:02:30 [aifoundry3] run 8 (meas B4NE, S): launches 1, first66 none, edge ok, stop none
2026-09-27T19:02:30 [aifoundry3] BLOCKCHECK round r1, params tools/claims-v3/hp/params/params-r1-aifoundry3.json, 0 void run(s), 0 to re-run
2026-09-27T19:02:33 [aifoundry3] hp p1103 ends: ok 8 runs (S): telemetry 8, heater lines 8, first 66 live 4, edge misses 0, stops 0, rc all 0
2026-09-27T19:02:53 [aifoundry3] queue ends: /home/yaroslavvb/nekko/tools/claims-v3/schedule-hp-aifoundry3-r1c.txt
