2026-09-27T21:12:01 run_queue.sh: aifoundry3, /home/yaroslavvb/nekko/tools/claims-v3/schedule-hp-aifoundry3-r3.txt: checks passed; exec queue.sh
2026-09-27T21:12:01 [aifoundry3] queue starts: /home/yaroslavvb/nekko/tools/claims-v3/schedule-hp-aifoundry3-r3.txt
2026-09-27T21:12:02 [aifoundry3] hp p3201 begins (die 56 C) -> /home/yaroslavvb/nekko/build/claims-v3/aifoundry3/hp/p3201
2026-09-27T21:13:25 [aifoundry3] run 1 (cal ALL24, L): launches 12, first66 +27 s, edge ok, stop none
2026-09-27T21:15:03 [aifoundry3] run 2 (meas UNI32@16, L): launches 29, first66 +73 s, edge ok, stop none
2026-09-27T21:17:11 [aifoundry3] run 3 (meas PER16@32, L): launches 36, first66 +92 s, edge ok, stop none
2026-09-27T21:18:42 [aifoundry3] run 4 (meas INT16@32, L): launches 22, first66 +53 s, edge ok, stop none
2026-09-27T21:18:42 [aifoundry3] BLOCKCHECK round r3, params tools/claims-v3/hp/params/params-r3-aifoundry3.json, 0 void run(s), 0 to re-run
2026-09-27T21:18:45 [aifoundry3] hp p3201 ends: ok 4 runs (L16): telemetry 4, heater lines 4, first 66 live 4, edge misses 0, stops 0, rc all 0
2026-09-27T21:19:06 [aifoundry3] hp p3101 begins (die 62 C) -> /home/yaroslavvb/nekko/build/claims-v3/aifoundry3/hp/p3101
2026-09-27T21:20:44 [aifoundry3] run 1 (cal ALL24, S): launches 1, first66 +0 s, edge ok, stop none
2026-09-27T21:21:36 [aifoundry3] run 2 (meas B4SW, S): launches 1, first66 none, edge ok, stop none
2026-09-27T21:22:50 [aifoundry3] run 3 (meas UNI32@16, S): launches 1, first66 +1 s, edge ok, stop none
2026-09-27T21:23:48 [aifoundry3] run 4 (meas B4NE, S): launches 1, first66 none, edge ok, stop none
2026-09-27T21:24:58 [aifoundry3] run 5 (meas PER16@32, S): launches 1, first66 +1 s, edge ok, stop none
2026-09-27T21:26:01 [aifoundry3] run 6 (meas B4NE, S): launches 1, first66 none, edge ok, stop none
2026-09-27T21:27:08 [aifoundry3] run 7 (meas B4SW, S): launches 1, first66 none, edge ok, stop none
2026-09-27T21:28:16 [aifoundry3] run 8 (meas INT16@32, S): launches 1, first66 +1 s, edge ok, stop none
2026-09-27T21:28:16 [aifoundry3] BLOCKCHECK round r3, params tools/claims-v3/hp/params/params-r3-aifoundry3.json, 0 void run(s), 0 to re-run
2026-09-27T21:28:19 [aifoundry3] hp p3101 ends: ok 8 runs (S): telemetry 8, heater lines 8, first 66 live 4, edge misses 0, stops 0, rc all 0
2026-09-27T21:33:41 [aifoundry3] hp p3202 begins (die 55 C) -> /home/yaroslavvb/nekko/build/claims-v3/aifoundry3/hp/p3202
2026-09-27T21:35:19 [aifoundry3] run 1 (cal ALL24, L): launches 12, first66 +27 s, edge ok, stop none
2026-09-27T21:36:40 [aifoundry3] run 2 (meas INT16@32, L): launches 23, first66 +57 s, edge ok, stop none
2026-09-27T21:38:23 [aifoundry3] run 3 (meas UNI32@16, L): launches 29, first66 +73 s, edge ok, stop none
2026-09-27T21:40:21 [aifoundry3] run 4 (meas PER16@32, L): launches 33, first66 +84 s, edge ok, stop none
2026-09-27T21:40:21 [aifoundry3] BLOCKCHECK round r3, params tools/claims-v3/hp/params/params-r3-aifoundry3.json, 0 void run(s), 0 to re-run
2026-09-27T21:40:24 [aifoundry3] hp p3202 ends: ok 4 runs (L16): telemetry 4, heater lines 4, first 66 live 4, edge misses 0, stops 0, rc all 0
2026-09-27T21:40:46 [aifoundry3] hp p3102 begins (die 62 C) -> /home/yaroslavvb/nekko/build/claims-v3/aifoundry3/hp/p3102
2026-09-27T21:42:07 [aifoundry3] run 1 (cal ALL24, S): launches 1, first66 +0 s, edge ok, stop none
2026-09-27T21:42:59 [aifoundry3] run 2 (meas B4SW, S): launches 1, first66 none, edge ok, stop none
2026-09-27T21:44:08 [aifoundry3] run 3 (meas UNI32@16, S): launches 1, first66 +1 s, edge ok, stop none
2026-09-27T21:45:07 [aifoundry3] run 4 (meas INT16@32, S): launches 1, first66 +1 s, edge ok, stop none
2026-09-27T21:45:59 [aifoundry3] run 5 (meas PER16@32, S): launches 1, first66 +1 s, edge ok, stop none
2026-09-27T21:47:00 [aifoundry3] run 6 (meas B4SW, S): launches 1, first66 none, edge ok, stop none
2026-09-27T21:48:08 [aifoundry3] run 7 (meas B4NE, S): launches 1, first66 none, edge ok, stop none
2026-09-27T21:49:21 [aifoundry3] run 8 (meas B4NE, S): launches 1, first66 none, edge ok, stop none
2026-09-27T21:49:21 [aifoundry3] BLOCKCHECK round r3, params tools/claims-v3/hp/params/params-r3-aifoundry3.json, 0 void run(s), 0 to re-run
2026-09-27T21:49:24 [aifoundry3] hp p3102 ends: ok 8 runs (S): telemetry 8, heater lines 8, first 66 live 4, edge misses 0, stops 0, rc all 0
2026-09-27T21:54:46 [aifoundry3] hp p3203 begins (die 55 C) -> /home/yaroslavvb/nekko/build/claims-v3/aifoundry3/hp/p3203
2026-09-27T21:56:24 [aifoundry3] run 1 (cal ALL24, L): launches 13, first66 +29 s, edge ok, stop none
2026-09-27T21:58:18 [aifoundry3] run 2 (meas PER16@32, L): launches 35, first66 +89 s, edge ok, stop none
2026-09-27T21:59:48 [aifoundry3] run 3 (meas INT16@32, L): launches 22, first66 +54 s, edge ok, stop none
2026-09-27T22:01:38 [aifoundry3] run 4 (meas UNI32@16, L): launches 31, first66 +79 s, edge ok, stop none
2026-09-27T22:01:38 [aifoundry3] BLOCKCHECK round r3, params tools/claims-v3/hp/params/params-r3-aifoundry3.json, 0 void run(s), 0 to re-run
2026-09-27T22:01:41 [aifoundry3] hp p3203 ends: ok 4 runs (L16): telemetry 4, heater lines 4, first 66 live 4, edge misses 0, stops 0, rc all 0
2026-09-27T22:02:02 [aifoundry3] hp p3103 begins (die 62 C) -> /home/yaroslavvb/nekko/build/claims-v3/aifoundry3/hp/p3103
2026-09-27T22:03:34 [aifoundry3] run 1 (cal ALL24, S): launches 1, first66 +0 s, edge ok, stop none
2026-09-27T22:04:26 [aifoundry3] run 2 (meas INT16@32, S): launches 1, first66 +1 s, edge ok, stop none
2026-09-27T22:05:24 [aifoundry3] run 3 (meas B4SW, S): launches 1, first66 none, edge ok, stop none
2026-09-27T22:06:32 [aifoundry3] run 4 (meas B4NE, S): launches 1, first66 none, edge ok, stop none
2026-09-27T22:07:42 [aifoundry3] run 5 (meas B4NE, S): launches 1, first66 none, edge ok, stop none
2026-09-27T22:08:48 [aifoundry3] run 6 (meas UNI32@16, S): launches 1, first66 +1 s, edge ok, stop none
2026-09-27T22:09:46 [aifoundry3] run 7 (meas PER16@32, S): launches 1, first66 +1 s, edge ok, stop none
2026-09-27T22:10:45 [aifoundry3] run 8 (meas B4SW, S): launches 1, first66 none, edge ok, stop none
2026-09-27T22:10:45 [aifoundry3] BLOCKCHECK round r3, params tools/claims-v3/hp/params/params-r3-aifoundry3.json, 0 void run(s), 0 to re-run
2026-09-27T22:10:48 [aifoundry3] hp p3103 ends: ok 8 runs (S): telemetry 8, heater lines 8, first 66 live 4, edge misses 0, stops 0, rc all 0
2026-09-27T22:11:08 [aifoundry3] queue ends: /home/yaroslavvb/nekko/tools/claims-v3/schedule-hp-aifoundry3-r3.txt
