2026-09-29T01:20:04 done vexh C0 t=1 cores rc=0 0.00s
2026-09-29T01:20:04 done vexh C0 t=2 cores rc=0 0.00s
2026-09-29T01:20:04 done vexh C0 t=4 cores rc=0 0.00s
2026-09-29T01:20:04 done vexh C0 t=6 cores rc=0 0.00s
2026-09-29T01:20:04 done vexh C0 t=2 smt2 rc=0 0.00s
2026-09-29T01:20:04 done vexh C1 t=1 cores rc=0 0.08s
2026-09-29T01:20:05 done vexh C1 t=2 cores rc=0 0.04s
2026-09-29T01:20:05 done vexh C1 t=4 cores rc=0 0.02s
2026-09-29T01:20:05 done vexh C1 t=6 cores rc=0 0.01s
2026-09-29T01:20:05 done vexh C1 t=2 smt2 rc=0 0.07s
2026-09-29T01:20:08 done vexh L1 t=1 cores rc=0 3.18s
2026-09-29T01:20:10 done vexh L1 t=2 cores rc=0 1.56s
2026-09-29T01:20:11 done vexh L1 t=4 cores rc=0 0.78s
2026-09-29T01:20:12 done vexh L1 t=6 cores rc=0 0.54s
2026-09-29T01:20:15 done vexh L1 t=2 smt2 rc=0 3.27s
2026-09-29T01:20:27 done vexh L2 t=1 cores rc=0 11.87s
2026-09-29T01:20:33 done vexh L2 t=2 cores rc=0 5.95s
2026-09-29T01:20:36 done vexh L2 t=4 cores rc=0 3.05s
2026-09-29T01:20:39 done vexh L2 t=6 cores rc=0 2.17s
2026-09-29T01:20:50 done vexh L2 t=2 smt2 rc=0 11.48s
2026-09-29T01:21:06 done vexh F5 t=1 cores rc=0 15.04s
2026-09-29T01:21:13 done vexh F5 t=2 cores rc=0 7.32s
2026-09-29T01:21:17 done vexh F5 t=4 cores rc=0 3.74s
2026-09-29T01:21:20 done vexh F5 t=6 cores rc=0 2.57s
2026-09-29T01:21:34 done vexh F5 t=2 smt2 rc=0 14.04s
2026-09-29T01:21:41 done vexh L5/64 t=1 cores rc=0 7.50s
2026-09-29T01:21:46 done vexh L5/64 two-stage t=1 cores rc=0 4.73s
2026-09-29T01:21:53 done vexh L2 two-stage t=1 cores rc=0 6.98s
2026-09-29T01:21:54 done batch B1 t=1 cores rc=0 0.80s
2026-09-29T01:21:58 done vexh L5/64 t=2 cores rc=0 3.76s
2026-09-29T01:22:01 done vexh L5/64 two-stage t=2 cores rc=0 2.44s
2026-09-29T01:22:05 done vexh L2 two-stage t=2 cores rc=0 3.78s
2026-09-29T01:22:05 done batch B1 t=2 cores rc=0 0.40s
2026-09-29T01:22:07 done vexh L5/64 t=4 cores rc=0 1.93s
2026-09-29T01:22:09 done vexh L5/64 two-stage t=4 cores rc=0 1.24s
2026-09-29T01:22:11 done vexh L2 two-stage t=4 cores rc=0 1.88s
2026-09-29T01:22:11 done batch B1 t=4 cores rc=0 0.20s
2026-09-29T01:22:13 done vexh L5/64 t=6 cores rc=0 1.32s
2026-09-29T01:22:14 done vexh L5/64 two-stage t=6 cores rc=0 0.84s
2026-09-29T01:22:15 done vexh L2 two-stage t=6 cores rc=0 1.38s
2026-09-29T01:22:15 done batch B1 t=6 cores rc=0 0.14s
2026-09-29T01:22:23 done vexh L5/64 t=2 smt2 rc=0 7.17s
2026-09-29T01:22:24 done batch B1 t=2 smt2 rc=0 0.77s
2026-09-29T01:22:24 done vexh sums L1 t=6 cores rc=0 0.23s
2026-09-29T01:22:25 done vexh sums L2 t=6 cores rc=0 0.73s
2026-09-29T01:22:28 done vexh sums F5 t=6 cores rc=0 2.66s
2026-09-29T01:22:28 done spref C1 t=6 cores rc=0 0.01s
2026-09-29T01:22:30 done spref L1 t=6 cores rc=0 1.89s
2026-09-29T01:22:33 done spref L2 t=6 cores rc=0 3.01s
2026-09-29T01:22:37 done spref L5/64 two-stage stage 1 (plan slice 0 of 64) t=6 cores rc=0 3.75s
2026-09-29T01:22:40 done spref L2 plan t=6 cores rc=0 3.01s
2026-09-29T01:22:45 done spbits L1 t=1 cores rc=0 4.73s
2026-09-29T01:22:46 done spbits L1 t=6 cores rc=0 0.83s
2026-09-29T01:22:56 done spbits L2 t=1 cores rc=0 9.61s
2026-09-29T01:22:57 done spbits L2 t=6 cores rc=0 1.68s
2026-09-29T01:22:58 done mitm C0 t=6 cores rc=0 0.00s
2026-09-29T01:22:58 done mitm C0 t=6 cores rc=0 0.00s
2026-09-29T01:22:58 done mitm C0 t=6 cores rc=0 0.00s
2026-09-29T01:22:58 done mitm C0 t=6 cores rc=0 0.00s
2026-09-29T01:22:58 done mitm C0 t=6 cores rc=0 0.00s
2026-09-29T01:22:58 done mitm C0 t=1 cores rc=0 0.00s
2026-09-29T01:22:58 done mitm C0 t=1 cores rc=0 0.00s
2026-09-29T01:22:59 done mitm C1 t=6 cores rc=0 0.00s
2026-09-29T01:22:59 done mitm C1 t=6 cores rc=0 0.00s
2026-09-29T01:22:59 done mitm C1 t=6 cores rc=0 0.00s
2026-09-29T01:22:59 done mitm C1 t=6 cores rc=0 0.00s
2026-09-29T01:22:59 done mitm C1 t=6 cores rc=0 0.00s
2026-09-29T01:22:59 done mitm C1 t=1 cores rc=0 0.01s
2026-09-29T01:22:59 done mitm C1 t=1 cores rc=0 0.01s
2026-09-29T01:23:00 done mitm L1 t=6 cores rc=0 0.28s
2026-09-29T01:23:00 done mitm L1 t=6 cores rc=0 0.14s
2026-09-29T01:23:00 done mitm L1 t=6 cores rc=0 0.19s
2026-09-29T01:23:01 done mitm L1 t=6 cores rc=0 0.12s
2026-09-29T01:23:01 done mitm L1 t=6 cores rc=0 0.09s
2026-09-29T01:23:03 done mitm L1 t=1 cores rc=0 1.39s
2026-09-29T01:23:03 done mitm L1 t=1 cores rc=0 0.61s
2026-09-29T01:23:31 done mitm L2 t=6 cores rc=0 27.93s
2026-09-29T01:24:00 done mitm L2 t=6 cores rc=0 28.78s
2026-09-29T01:24:19 done mitm L2 t=6 cores rc=0 18.18s
2026-09-29T01:24:20 done mitm L2 t=6 cores rc=0 1.63s
2026-09-29T01:24:57 done mitm L2 t=6 cores rc=0 36.15s
2026-09-29T01:26:39 done mitm L2 t=1 cores rc=0 102.71s
2026-09-29T01:28:27 done mitm L2 t=1 cores rc=0 107.07s
2026-09-29T01:28:50 done mitm F5 t=6 cores rc=0 23.33s
2026-09-29T01:30:47 done mitm F5 t=6 cores rc=0 116.72s
2026-09-29T01:33:00 done mitm F5 t=6 cores rc=0 133.27s
2026-09-29T01:33:02 done mitm F5 reps t=1 cores rc=0 1.41s
2026-09-29T01:33:05 done mitm L5 reps t=6 cores rc=0 2.40s
2026-09-29T01:33:07 done mitm L5 reps t=1 cores rc=0 1.96s
2026-09-29T01:33:16 done mitm L2 r-sweep t=6 cores rc=0 9.26s
2026-09-29T01:33:19 done mitm L2 r-sweep t=6 cores rc=0 2.52s
2026-09-29T01:33:20 done mitm L2 r-sweep t=6 cores rc=0 0.79s
2026-09-29T01:33:20 done mitm L2 r-sweep t=6 cores rc=0 0.42s
2026-09-29T01:33:21 done mitm L2 r-sweep t=6 cores rc=0 0.29s
2026-09-29T01:33:21 done mitm L2 r-sweep t=6 cores rc=0 0.28s
2026-09-29T01:33:21 all done
