PCIE {"t_ms":1790544244298,"test":"open","open_ns":178649265,"link":[{"bdf":"0000:02:00.0","speed":"16.0 GT/s PCIe","width":"8","max_speed":"16.0 GT/s PCIe","max_width":"8","cma_allocated":"2057 MB"}]}
PCIE {"t_ms":1790544244514,"test":"verify","bytes":1048576,"equal":true}
PCIE {"t_ms":1790544244554,"test":"bw","dir":"h2d","copy":"staged","bytes":4096,"warm_ns":558360,"ns":[248333,597087,541971,486208,258546,254289,613327,185193,523184,554243,553864,560330,558998,208340,194934,613328,561807,502434,559532,561745],"stream_errors":0}
PCIE {"t_ms":1790544244554,"test":"bw","dir":"h2d","copy":"dma","bytes":4096,"warm_ns":252908,"ns":[614916,520741,254727,645559,242098,536522,564744,200692,607277,188486,606417,108071,204540,551090,157692,551656,204985,207323,551789,606947],"stream_errors":0}
PCIE {"t_ms":1790544244554,"test":"bw","dir":"d2h","copy":"staged","bytes":4096,"warm_ns":469596,"ns":[496978,385941,769868,395521,270790,257618,603099,574720,567750,605914,209603,150866,617501,614022,616531,571306,603900,630329,243144,578246],"stream_errors":0}
PCIE {"t_ms":1790544244554,"test":"bw","dir":"d2h","copy":"dma","bytes":4096,"warm_ns":631092,"ns":[651252,329570,591083,263056,213147,125194,147715,561837,254399,611494,574684,56887,616483,615625,554638,154029,615533,604503,575622,242115],"stream_errors":0}
PCIE {"t_ms":1790544244586,"test":"bw","dir":"h2d","copy":"staged","bytes":8192,"warm_ns":591254,"ns":[555463,610016,201236,200305,148974,560804,161925,155992,559152,150530,55690,203461,153584,54945,53650,561031,202523,156936,560421,155507],"stream_errors":0}
PCIE {"t_ms":1790544244586,"test":"bw","dir":"h2d","copy":"dma","bytes":8192,"warm_ns":555916,"ns":[615252,556086,198883,530816,155954,156925,157901,203660,55003,55345,149660,200863,561069,560375,561392,558820,201885,560249,99115,560958],"stream_errors":0}
PCIE {"t_ms":1790544244586,"test":"bw","dir":"d2h","copy":"staged","bytes":8192,"warm_ns":573845,"ns":[612000,155875,516515,569338,618754,567559,616421,611841,611036,618618,617006,566388,612005,522193,154681,569107,566355,611659,60393,566527],"stream_errors":0}
PCIE {"t_ms":1790544244586,"test":"bw","dir":"d2h","copy":"dma","bytes":8192,"warm_ns":247263,"ns":[161308,563386,567086,620434,616166,151024,616753,59596,613879,619626,613623,54716,616395,154397,54704,148746,58533,619071,620001,154113],"stream_errors":0}
PCIE {"t_ms":1790544244616,"test":"bw","dir":"h2d","copy":"staged","bytes":16384,"warm_ns":140282,"ns":[97491,561305,560836,561379,559516,614598,549615,140706,146175,54241,564530,560566,204073,560578,55000,201834,201220,199822,149351,57306],"stream_errors":0}
PCIE {"t_ms":1790544244616,"test":"bw","dir":"h2d","copy":"dma","bytes":16384,"warm_ns":560480,"ns":[56421,199562,152587,54269,144871,53264,561003,560085,155483,59227,160095,560157,153979,560080,560746,202178,199862,560796,561212,559726],"stream_errors":0}
PCIE {"t_ms":1790544244616,"test":"bw","dir":"d2h","copy":"staged","bytes":16384,"warm_ns":567574,"ns":[147735,58465,566509,59994,624783,153938,567692,160347,614083,611762,149004,567119,611780,568816,151770,567499,567577,616903,566729,614420],"stream_errors":0}
PCIE {"t_ms":1790544244616,"test":"bw","dir":"d2h","copy":"dma","bytes":16384,"warm_ns":149552,"ns":[628020,619489,615544,147020,626454,147031,153608,567389,623420,626256,153460,155867,59019,153437,55901,567010,568413,110371,157487,611816],"stream_errors":0}
PCIE {"t_ms":1790544244646,"test":"bw","dir":"h2d","copy":"staged","bytes":32768,"warm_ns":145545,"ns":[145906,560605,163700,561022,562806,561931,560361,561009,150161,560659,156717,560952,198746,560417,153527,155473,97995,560254,561115,149869],"stream_errors":0}
PCIE {"t_ms":1790544244646,"test":"bw","dir":"h2d","copy":"dma","bytes":32768,"warm_ns":560856,"ns":[200770,199968,199502,55834,560495,97630,148717,156615,200318,560609,200638,200556,151858,560869,149659,159505,163185,200005,200307,55581],"stream_errors":0}
PCIE {"t_ms":1790544244646,"test":"bw","dir":"d2h","copy":"staged","bytes":32768,"warm_ns":568710,"ns":[164344,64346,567688,569353,151551,59182,159931,619131,612440,149487,64319,567880,128511,152400,619391,616296,59061,58867,567688,619101],"stream_errors":0}
PCIE {"t_ms":1790544244646,"test":"bw","dir":"d2h","copy":"dma","bytes":32768,"warm_ns":159698,"ns":[614936,617022,568851,147334,568416,616622,55300,613644,60583,569201,612998,616713,600673,567089,617605,615957,630218,616999,619407,611999],"stream_errors":0}
PCIE {"t_ms":1790544244677,"test":"bw","dir":"h2d","copy":"staged","bytes":65536,"warm_ns":134861,"ns":[196723,565313,204327,560915,155176,158058,561336,201147,560314,560550,559124,153703,559310,199903,559891,154339,561339,162046,196280,151368],"stream_errors":0}
PCIE {"t_ms":1790544244677,"test":"bw","dir":"h2d","copy":"dma","bytes":65536,"warm_ns":560293,"ns":[561092,560368,196856,197211,560057,161585,153360,196418,201851,201180,202626,562348,199821,560280,560711,560306,146659,560428,200074,560404],"stream_errors":0}
PCIE {"t_ms":1790544244677,"test":"bw","dir":"d2h","copy":"staged","bytes":65536,"warm_ns":570983,"ns":[66377,569651,571279,69516,618884,621887,155649,571252,613636,624491,617895,153859,616254,616182,154184,155091,622126,618923,571485,157901],"stream_errors":0}
PCIE {"t_ms":1790544244677,"test":"bw","dir":"d2h","copy":"dma","bytes":65536,"warm_ns":145178,"ns":[618299,153320,58013,616835,611097,613794,158952,567638,60803,103984,58129,566275,61201,61144,568521,56990,621004,159313,164077,565637],"stream_errors":0}
PCIE {"t_ms":1790544244709,"test":"bw","dir":"h2d","copy":"staged","bytes":131072,"warm_ns":552635,"ns":[196819,200361,559775,194927,560189,560681,158045,154907,103143,200253,202826,561289,598021,202504,200364,141844,148782,151012,199715,561066],"stream_errors":0}
PCIE {"t_ms":1790544244709,"test":"bw","dir":"h2d","copy":"dma","bytes":131072,"warm_ns":561186,"ns":[152265,561026,173306,146470,561078,196160,129656,165479,151141,194192,193082,146304,145755,196131,560397,561243,562471,561305,560173,156830],"stream_errors":0}
PCIE {"t_ms":1790544244709,"test":"bw","dir":"d2h","copy":"staged","bytes":131072,"warm_ns":575975,"ns":[167507,625968,622440,161661,575006,167492,637774,624089,622017,164954,575547,621955,159877,573701,640456,160403,157770,163936,621207,160050],"stream_errors":0}
PCIE {"t_ms":1790544244709,"test":"bw","dir":"d2h","copy":"dma","bytes":131072,"warm_ns":145881,"ns":[614352,568300,148867,623601,144890,611653,623075,610393,617308,568759,566874,620508,155895,551420,568691,135245,569247,565571,565165,144199],"stream_errors":0}
PCIE {"t_ms":1790544244741,"test":"bw","dir":"h2d","copy":"staged","bytes":262144,"warm_ns":552639,"ns":[157440,137862,561292,561690,260964,580576,620773,631778,98263,138003,191112,188888,560602,560382,153569,560350,86776,87428,158467,189512],"stream_errors":0}
PCIE {"t_ms":1790544244741,"test":"bw","dir":"h2d","copy":"dma","bytes":262144,"warm_ns":561330,"ns":[149716,560138,154857,561004,183105,633727,97425,99879,606171,561284,618184,546848,156444,87090,139780,85358,560301,146414,560761,560120],"stream_errors":0}
PCIE {"t_ms":1790544244741,"test":"bw","dir":"d2h","copy":"staged","bytes":262144,"warm_ns":585102,"ns":[633820,170163,582371,177629,618882,127598,120934,683992,590655,693694,164330,581024,634666,175611,167372,580975,170080,580028,580013,141812],"stream_errors":0}
PCIE {"t_ms":1790544244741,"test":"bw","dir":"d2h","copy":"dma","bytes":262144,"warm_ns":134531,"ns":[618738,140365,137813,568043,199827,93732,563744,89031,74266,656855,655479,612208,190653,617287,567327,617271,622230,612192,142143,610196],"stream_errors":0}
PCIE {"t_ms":1790544244772,"test":"bw","dir":"h2d","copy":"staged","bytes":524288,"warm_ns":150732,"ns":[153160,233083,201831,127692,561578,177239,201410,231374,172943,203228,174951,559328,560122,559369,201448,560527,559623,175440,173828,174162],"stream_errors":0}
PCIE {"t_ms":1790544244772,"test":"bw","dir":"h2d","copy":"dma","bytes":524288,"warm_ns":579272,"ns":[560009,97472,560090,224249,175895,560185,156431,122089,561140,560158,560445,99366,98294,150489,152758,122843,121363,97741,514730,560591],"stream_errors":0}
PCIE {"t_ms":1790544244772,"test":"bw","dir":"d2h","copy":"staged","bytes":524288,"warm_ns":597768,"ns":[594764,645470,644032,185691,644672,153878,646923,178187,186743,645169,156969,647166,155335,594113,646518,184957,183831,594059,133521,594434],"stream_errors":0}
PCIE {"t_ms":1790544244772,"test":"bw","dir":"d2h","copy":"dma","bytes":524288,"warm_ns":227065,"ns":[228874,160716,564733,566263,566227,615716,566936,567036,566763,565282,612345,162717,182688,616628,566831,568425,566589,131386,566144,613811],"stream_errors":0}
PCIE {"t_ms":1790544244808,"test":"bw","dir":"h2d","copy":"staged","bytes":1048576,"warm_ns":268553,"ns":[201525,201583,520336,560558,225475,560258,561202,200881,331616,282658,201646,302556,559777,561112,303764,286300,183751,559979,258574,559707],"stream_errors":0}
PCIE {"t_ms":1790544244808,"test":"bw","dir":"h2d","copy":"dma","bytes":1048576,"warm_ns":559490,"ns":[231272,232167,234493,233652,561429,199585,199690,234497,560101,201264,558975,561862,202581,181630,244786,559302,258363,185435,187096,559829],"stream_errors":0}
PCIE {"t_ms":1790544244808,"test":"bw","dir":"d2h","copy":"staged","bytes":1048576,"warm_ns":648404,"ns":[639672,637528,276344,277420,643984,231469,685887,692717,285045,689288,687759,320398,689437,308381,687954,281416,314143,684391,278069,341320],"stream_errors":0}
PCIE {"t_ms":1790544244808,"test":"bw","dir":"d2h","copy":"dma","bytes":1048576,"warm_ns":178670,"ns":[157349,566403,567555,568105,617245,213036,568505,190886,566618,566612,566925,179608,565108,618499,564596,616379,612197,615702,611773,611523],"stream_errors":0}
PCIE {"t_ms":1790544244846,"test":"bw","dir":"h2d","copy":"staged","bytes":2097152,"warm_ns":485789,"ns":[560654,559864,564407,560270,405386,376361,560011,411900,541999,455788,400602,460000,448098,446345,431586,417431,458072,447535,458371,560558],"stream_errors":0}
PCIE {"t_ms":1790544244846,"test":"bw","dir":"h2d","copy":"dma","bytes":2097152,"warm_ns":559001,"ns":[338343,560164,285768,302755,560252,356799,300284,560392,361594,356277,362350,357777,352988,310830,333135,328946,399527,350914,357247,356031],"stream_errors":0}
PCIE {"t_ms":1790544244846,"test":"bw","dir":"d2h","copy":"staged","bytes":2097152,"warm_ns":801573,"ns":[501421,485868,396786,791121,483181,786285,729119,777773,629688,410931,366177,413730,423755,416735,791429,431857,839069,425443,418872,773287],"stream_errors":0}
PCIE {"t_ms":1790544244846,"test":"bw","dir":"d2h","copy":"dma","bytes":2097152,"warm_ns":277646,"ns":[313973,614704,568176,567454,569574,615190,615140,252731,219512,267834,260241,268048,258576,206085,266645,262596,540688,218879,622076,333190],"stream_errors":0}
PCIE {"t_ms":1790544244892,"test":"bw","dir":"h2d","copy":"staged","bytes":4194304,"warm_ns":858825,"ns":[826022,662561,654846,679494,661999,663790,652048,663734,661355,662597,688428,667329,693388,689730,662001,647025],"stream_errors":0}
PCIE {"t_ms":1790544244892,"test":"bw","dir":"h2d","copy":"dma","bytes":4194304,"warm_ns":560018,"ns":[561557,526113,559694,515859,480038,470368,560283,448191,462181,534937,559251,434519,559992,459708,483858,559963],"stream_errors":0}
PCIE {"t_ms":1790544244892,"test":"bw","dir":"d2h","copy":"staged","bytes":4194304,"warm_ns":1016085,"ns":[842029,1043589,834359,805040,959189,1015065,834718,1003988,857759,1007446,802073,1005321,1005516,1002768,1001963,1005097],"stream_errors":0}
PCIE {"t_ms":1790544244892,"test":"bw","dir":"d2h","copy":"dma","bytes":4194304,"warm_ns":403385,"ns":[482028,613497,616696,617147,618581,617204,419846,626634,498489,617435,612656,613634,616086,615848,413356,445540],"stream_errors":0}
PCIE {"t_ms":1790544244935,"test":"bw","dir":"h2d","copy":"staged","bytes":8388608,"warm_ns":1539901,"ns":[1434439,1336753,1314107,1356013,1256760,1284132,1237858,1410998],"stream_errors":0}
PCIE {"t_ms":1790544244935,"test":"bw","dir":"h2d","copy":"dma","bytes":8388608,"warm_ns":764942,"ns":[867877,867481,882289,862675,874658,870711,900714,981947],"stream_errors":0}
PCIE {"t_ms":1790544244935,"test":"bw","dir":"d2h","copy":"staged","bytes":8388608,"warm_ns":1809730,"ns":[1719987,1831548,1833666,1825831,1642733,1799168,1705572,1809468],"stream_errors":0}
PCIE {"t_ms":1790544244935,"test":"bw","dir":"d2h","copy":"dma","bytes":8388608,"warm_ns":788372,"ns":[789964,908200,828025,870266,791203,760127,823792,724398],"stream_errors":0}
PCIE {"t_ms":1790544244984,"test":"bw","dir":"h2d","copy":"staged","bytes":16777216,"warm_ns":3114501,"ns":[3121386,3015030,2952101,3090002],"stream_errors":0}
PCIE {"t_ms":1790544244984,"test":"bw","dir":"h2d","copy":"dma","bytes":16777216,"warm_ns":1589491,"ns":[1660510,1640683,1624655,1723528],"stream_errors":0}
PCIE {"t_ms":1790544244984,"test":"bw","dir":"d2h","copy":"staged","bytes":16777216,"warm_ns":3701775,"ns":[3474873,3580785,3467991,3481363],"stream_errors":0}
PCIE {"t_ms":1790544244984,"test":"bw","dir":"d2h","copy":"dma","bytes":16777216,"warm_ns":1494675,"ns":[1609140,1598130,1534681,1606123],"stream_errors":0}
PCIE {"t_ms":1790544245063,"test":"bw","dir":"h2d","copy":"staged","bytes":33554432,"warm_ns":6291076,"ns":[6166673,6173138,6259932],"stream_errors":0}
PCIE {"t_ms":1790544245063,"test":"bw","dir":"h2d","copy":"dma","bytes":33554432,"warm_ns":2994979,"ns":[2867490,2911164,2952263],"stream_errors":0}
PCIE {"t_ms":1790544245063,"test":"bw","dir":"d2h","copy":"staged","bytes":33554432,"warm_ns":7548695,"ns":[6493568,7457859,6530171],"stream_errors":0}
PCIE {"t_ms":1790544245063,"test":"bw","dir":"d2h","copy":"dma","bytes":33554432,"warm_ns":2786710,"ns":[3751012,3780588,3831368],"stream_errors":0}
PCIE {"t_ms":1790544245220,"test":"bw","dir":"h2d","copy":"staged","bytes":67108864,"warm_ns":12658196,"ns":[12579184,12626180,12595924],"stream_errors":0}
PCIE {"t_ms":1790544245221,"test":"bw","dir":"h2d","copy":"dma","bytes":67108864,"warm_ns":5589566,"ns":[5564618,5563339,5415832],"stream_errors":0}
PCIE {"t_ms":1790544245221,"test":"bw","dir":"d2h","copy":"staged","bytes":67108864,"warm_ns":14360442,"ns":[14245552,14371036,14432112],"stream_errors":0}
PCIE {"t_ms":1790544245221,"test":"bw","dir":"d2h","copy":"dma","bytes":67108864,"warm_ns":6802531,"ns":[7030908,6785226,6855341],"stream_errors":0}
PCIE {"t_ms":1790544245529,"test":"bw","dir":"h2d","copy":"staged","bytes":134217728,"warm_ns":25471165,"ns":[25313040,25310847,25426026],"stream_errors":0}
PCIE {"t_ms":1790544245529,"test":"bw","dir":"h2d","copy":"dma","bytes":134217728,"warm_ns":10790826,"ns":[10742158,10741712,10736493],"stream_errors":0}
PCIE {"t_ms":1790544245529,"test":"bw","dir":"d2h","copy":"staged","bytes":134217728,"warm_ns":27999030,"ns":[27962149,28127628,27831034],"stream_errors":0}
PCIE {"t_ms":1790544245529,"test":"bw","dir":"d2h","copy":"dma","bytes":134217728,"warm_ns":12949538,"ns":[13401959,12992574,13156677],"stream_errors":0}
PCIE {"t_ms":1790544246147,"test":"bw","dir":"h2d","copy":"staged","bytes":268435456,"warm_ns":51272055,"ns":[51319941,51766429,51620456],"stream_errors":0}
PCIE {"t_ms":1790544246147,"test":"bw","dir":"h2d","copy":"dma","bytes":268435456,"warm_ns":21207238,"ns":[21279146,21247039,21274489],"stream_errors":0}
PCIE {"t_ms":1790544246147,"test":"bw","dir":"d2h","copy":"staged","bytes":268435456,"warm_ns":56161507,"ns":[56058675,56056118,55852144],"stream_errors":0}
PCIE {"t_ms":1790544246147,"test":"bw","dir":"d2h","copy":"dma","bytes":268435456,"warm_ns":25642843,"ns":[25509617,25541395,25834826],"stream_errors":0}
PCIE {"t_ms":1790544246161,"test":"done","which":"bw","elapsed_s":2.041557}
