PCIE {"t_ms":1790544251448,"test":"open","open_ns":178264820,"link":[{"bdf":"0000:02:00.0","speed":"16.0 GT/s PCIe","width":"8","max_speed":"16.0 GT/s PCIe","max_width":"8","cma_allocated":"2057 MB"}]}
PCIE {"t_ms":1790544251579,"test":"conc","trial":0,"copy":"dma","cfg":"h2d","legs":1,"bytes_per_leg":134217728,"leg_ns":[22170382],"wall_ns":22172490,"stream_errors":0}
PCIE {"t_ms":1790544251591,"test":"conc","trial":0,"copy":"dma","cfg":"d2h","legs":1,"bytes_per_leg":134217728,"leg_ns":[12034739],"wall_ns":12036497,"stream_errors":0}
PCIE {"t_ms":1790544251613,"test":"conc","trial":0,"copy":"dma","cfg":"h2d+d2h","legs":2,"bytes_per_leg":134217728,"leg_ns":[22418878,12442224],"wall_ns":22420516,"stream_errors":0}
PCIE {"t_ms":1790544251658,"test":"conc","trial":0,"copy":"dma","cfg":"2xh2d","legs":2,"bytes_per_leg":134217728,"leg_ns":[44503809,44550467],"wall_ns":44552121,"stream_errors":0}
PCIE {"t_ms":1790544251684,"test":"conc","trial":0,"copy":"dma","cfg":"2xd2h","legs":2,"bytes_per_leg":134217728,"leg_ns":[25776244,25784625],"wall_ns":25786206,"stream_errors":0}
PCIE {"t_ms":1790544251694,"test":"conc","trial":0,"copy":"dma","cfg":"h2d/ser","legs":1,"bytes_per_leg":134217728,"leg_ns":[10746300],"wall_ns":10747909,"stream_errors":0}
PCIE {"t_ms":1790544251708,"test":"conc","trial":0,"copy":"dma","cfg":"d2h/ser","legs":1,"bytes_per_leg":134217728,"leg_ns":[13320757],"wall_ns":13322551,"stream_errors":0}
PCIE {"t_ms":1790544251724,"test":"conc","trial":0,"copy":"dma","cfg":"h2d+d2h/ser","legs":2,"bytes_per_leg":134217728,"leg_ns":[15930277,14695868],"wall_ns":15932479,"stream_errors":0}
PCIE {"t_ms":1790544251760,"test":"conc","trial":0,"copy":"staged","cfg":"h2d","legs":1,"bytes_per_leg":134217728,"leg_ns":[36198940],"wall_ns":36201633,"stream_errors":0}
PCIE {"t_ms":1790544251787,"test":"conc","trial":0,"copy":"staged","cfg":"d2h","legs":1,"bytes_per_leg":134217728,"leg_ns":[27149165],"wall_ns":27151113,"stream_errors":0}
PCIE {"t_ms":1790544251833,"test":"conc","trial":0,"copy":"staged","cfg":"h2d+d2h","legs":2,"bytes_per_leg":134217728,"leg_ns":[45920456,43374810],"wall_ns":45922947,"stream_errors":0}
PCIE {"t_ms":1790544251901,"test":"conc","trial":0,"copy":"staged","cfg":"2xh2d","legs":2,"bytes_per_leg":134217728,"leg_ns":[67681222,68195510],"wall_ns":68197630,"stream_errors":0}
PCIE {"t_ms":1790544251958,"test":"conc","trial":0,"copy":"staged","cfg":"2xd2h","legs":2,"bytes_per_leg":134217728,"leg_ns":[57073545,56741307],"wall_ns":57075739,"stream_errors":0}
PCIE {"t_ms":1790544251982,"test":"conc","trial":0,"copy":"staged","cfg":"h2d/ser","legs":1,"bytes_per_leg":134217728,"leg_ns":[23594652],"wall_ns":23597253,"stream_errors":0}
PCIE {"t_ms":1790544252008,"test":"conc","trial":0,"copy":"staged","cfg":"d2h/ser","legs":1,"bytes_per_leg":134217728,"leg_ns":[25890375],"wall_ns":25892137,"stream_errors":0}
PCIE {"t_ms":1790544252053,"test":"conc","trial":0,"copy":"staged","cfg":"h2d+d2h/ser","legs":2,"bytes_per_leg":134217728,"leg_ns":[44736587,38119668],"wall_ns":44740017,"stream_errors":0}
PCIE {"t_ms":1790544252075,"test":"conc","trial":1,"copy":"dma","cfg":"h2d","legs":1,"bytes_per_leg":134217728,"leg_ns":[21986135],"wall_ns":21988956,"stream_errors":0}
PCIE {"t_ms":1790544252087,"test":"conc","trial":1,"copy":"dma","cfg":"d2h","legs":1,"bytes_per_leg":134217728,"leg_ns":[11939586],"wall_ns":11942424,"stream_errors":0}
PCIE {"t_ms":1790544252109,"test":"conc","trial":1,"copy":"dma","cfg":"h2d+d2h","legs":2,"bytes_per_leg":134217728,"leg_ns":[22453519,12110715],"wall_ns":22456447,"stream_errors":0}
PCIE {"t_ms":1790544252154,"test":"conc","trial":1,"copy":"dma","cfg":"2xh2d","legs":2,"bytes_per_leg":134217728,"leg_ns":[44634292,44635004],"wall_ns":44637985,"stream_errors":0}
PCIE {"t_ms":1790544252180,"test":"conc","trial":1,"copy":"dma","cfg":"2xd2h","legs":2,"bytes_per_leg":134217728,"leg_ns":[25893625,26009668],"wall_ns":26012566,"stream_errors":0}
PCIE {"t_ms":1790544252190,"test":"conc","trial":1,"copy":"dma","cfg":"h2d/ser","legs":1,"bytes_per_leg":134217728,"leg_ns":[10720448],"wall_ns":10725293,"stream_errors":0}
PCIE {"t_ms":1790544252204,"test":"conc","trial":1,"copy":"dma","cfg":"d2h/ser","legs":1,"bytes_per_leg":134217728,"leg_ns":[13144405],"wall_ns":13147195,"stream_errors":0}
PCIE {"t_ms":1790544252219,"test":"conc","trial":1,"copy":"dma","cfg":"h2d+d2h/ser","legs":2,"bytes_per_leg":134217728,"leg_ns":[15830314,14614079],"wall_ns":15833388,"stream_errors":0}
PCIE {"t_ms":1790544252254,"test":"conc","trial":1,"copy":"staged","cfg":"h2d","legs":1,"bytes_per_leg":134217728,"leg_ns":[34716670],"wall_ns":34719370,"stream_errors":0}
PCIE {"t_ms":1790544252281,"test":"conc","trial":1,"copy":"staged","cfg":"d2h","legs":1,"bytes_per_leg":134217728,"leg_ns":[27327390],"wall_ns":27330256,"stream_errors":0}
PCIE {"t_ms":1790544252331,"test":"conc","trial":1,"copy":"staged","cfg":"h2d+d2h","legs":2,"bytes_per_leg":134217728,"leg_ns":[49750271,38310878],"wall_ns":49753680,"stream_errors":0}
PCIE {"t_ms":1790544252401,"test":"conc","trial":1,"copy":"staged","cfg":"2xh2d","legs":2,"bytes_per_leg":134217728,"leg_ns":[69576206,69577865],"wall_ns":69581342,"stream_errors":0}
PCIE {"t_ms":1790544252458,"test":"conc","trial":1,"copy":"staged","cfg":"2xd2h","legs":2,"bytes_per_leg":134217728,"leg_ns":[57078723,56854535],"wall_ns":57081681,"stream_errors":0}
PCIE {"t_ms":1790544252481,"test":"conc","trial":1,"copy":"staged","cfg":"h2d/ser","legs":1,"bytes_per_leg":134217728,"leg_ns":[23377640],"wall_ns":23380844,"stream_errors":0}
PCIE {"t_ms":1790544252507,"test":"conc","trial":1,"copy":"staged","cfg":"d2h/ser","legs":1,"bytes_per_leg":134217728,"leg_ns":[25892879],"wall_ns":25895882,"stream_errors":0}
PCIE {"t_ms":1790544252552,"test":"conc","trial":1,"copy":"staged","cfg":"h2d+d2h/ser","legs":2,"bytes_per_leg":134217728,"leg_ns":[44596567,38146330],"wall_ns":44599508,"stream_errors":0}
PCIE {"t_ms":1790544252574,"test":"conc","trial":2,"copy":"dma","cfg":"h2d","legs":1,"bytes_per_leg":134217728,"leg_ns":[21985349],"wall_ns":21988109,"stream_errors":0}
PCIE {"t_ms":1790544252586,"test":"conc","trial":2,"copy":"dma","cfg":"d2h","legs":1,"bytes_per_leg":134217728,"leg_ns":[12058761],"wall_ns":12073297,"stream_errors":0}
PCIE {"t_ms":1790544252608,"test":"conc","trial":2,"copy":"dma","cfg":"h2d+d2h","legs":2,"bytes_per_leg":134217728,"leg_ns":[22222796,12185871],"wall_ns":22225671,"stream_errors":0}
PCIE {"t_ms":1790544252653,"test":"conc","trial":2,"copy":"dma","cfg":"2xh2d","legs":2,"bytes_per_leg":134217728,"leg_ns":[44648929,44649662],"wall_ns":44652502,"stream_errors":0}
PCIE {"t_ms":1790544252679,"test":"conc","trial":2,"copy":"dma","cfg":"2xd2h","legs":2,"bytes_per_leg":134217728,"leg_ns":[25770567,25771309],"wall_ns":25774419,"stream_errors":0}
PCIE {"t_ms":1790544252689,"test":"conc","trial":2,"copy":"dma","cfg":"h2d/ser","legs":1,"bytes_per_leg":134217728,"leg_ns":[10728092],"wall_ns":10730959,"stream_errors":0}
PCIE {"t_ms":1790544252703,"test":"conc","trial":2,"copy":"dma","cfg":"d2h/ser","legs":1,"bytes_per_leg":134217728,"leg_ns":[13299758],"wall_ns":13301391,"stream_errors":0}
PCIE {"t_ms":1790544252718,"test":"conc","trial":2,"copy":"dma","cfg":"h2d+d2h/ser","legs":2,"bytes_per_leg":134217728,"leg_ns":[15792676,14678500],"wall_ns":15795506,"stream_errors":0}
PCIE {"t_ms":1790544252753,"test":"conc","trial":2,"copy":"staged","cfg":"h2d","legs":1,"bytes_per_leg":134217728,"leg_ns":[34612585],"wall_ns":34616120,"stream_errors":0}
PCIE {"t_ms":1790544252780,"test":"conc","trial":2,"copy":"staged","cfg":"d2h","legs":1,"bytes_per_leg":134217728,"leg_ns":[27066155],"wall_ns":27240258,"stream_errors":0}
PCIE {"t_ms":1790544252830,"test":"conc","trial":2,"copy":"staged","cfg":"h2d+d2h","legs":2,"bytes_per_leg":134217728,"leg_ns":[49430806,38899802],"wall_ns":49434722,"stream_errors":0}
PCIE {"t_ms":1790544252899,"test":"conc","trial":2,"copy":"staged","cfg":"2xh2d","legs":2,"bytes_per_leg":134217728,"leg_ns":[69286559,69287590],"wall_ns":69290900,"stream_errors":0}
PCIE {"t_ms":1790544252956,"test":"conc","trial":2,"copy":"staged","cfg":"2xd2h","legs":2,"bytes_per_leg":134217728,"leg_ns":[56895481,56566159],"wall_ns":56898481,"stream_errors":0}
PCIE {"t_ms":1790544252979,"test":"conc","trial":2,"copy":"staged","cfg":"h2d/ser","legs":1,"bytes_per_leg":134217728,"leg_ns":[23456453],"wall_ns":23459900,"stream_errors":0}
PCIE {"t_ms":1790544253005,"test":"conc","trial":2,"copy":"staged","cfg":"d2h/ser","legs":1,"bytes_per_leg":134217728,"leg_ns":[25952693],"wall_ns":25955925,"stream_errors":0}
PCIE {"t_ms":1790544253050,"test":"conc","trial":2,"copy":"staged","cfg":"h2d+d2h/ser","legs":2,"bytes_per_leg":134217728,"leg_ns":[44843769,38339120],"wall_ns":44847074,"stream_errors":0}
PCIE {"t_ms":1790544253057,"test":"done","which":"conc","elapsed_s":1.787145}
