PCIE {"t_ms":1790545047674,"test":"open","open_ns":159363476,"link":[{"bdf":"0000:02:00.0","speed":"16.0 GT/s PCIe","width":"8","max_speed":"16.0 GT/s PCIe","max_width":"8","cma_allocated":"2057 MB"}]}
PCIE {"t_ms":1790545047909,"test":"verify","bytes":1048576,"equal":true}
PCIE {"t_ms":1790545047931,"test":"bw","dir":"h2d","copy":"staged","bytes":4096,"warm_ns":248185,"ns":[187061,214196,130974,578228,200513,101526,106961,106136,581271,580220,123893,575843,102185,585666,207545,106290,122947,123629,105174,104770],"stream_errors":0}
PCIE {"t_ms":1790545047931,"test":"bw","dir":"h2d","copy":"dma","bytes":4096,"warm_ns":581750,"ns":[227632,580118,212123,115064,202422,107389,218223,123215,106948,107338,103320,102304,580155,119973,123054,579647,106592,117494,104863,122946],"stream_errors":0}
PCIE {"t_ms":1790545047931,"test":"bw","dir":"d2h","copy":"staged","bytes":4096,"warm_ns":244972,"ns":[205821,213951,221245,146787,144534,596321,132118,136201,111604,114741,132677,592260,137904,127539,595646,135138,116826,135351,592893,596675],"stream_errors":0}
PCIE {"t_ms":1790545047931,"test":"bw","dir":"d2h","copy":"dma","bytes":4096,"warm_ns":194323,"ns":[150021,142732,219236,210608,220538,131386,592440,133143,597430,117072,126492,593279,119008,120560,136396,117618,134417,119436,116053,114159],"stream_errors":0}
PCIE {"t_ms":1790545047947,"test":"bw","dir":"h2d","copy":"staged","bytes":8192,"warm_ns":552158,"ns":[203837,574614,106837,101610,103594,121472,105440,103703,104534,580525,101299,197131,121869,105124,105093,120657,122373,120113,104209,122317],"stream_errors":0}
PCIE {"t_ms":1790545047947,"test":"bw","dir":"h2d","copy":"dma","bytes":8192,"warm_ns":577112,"ns":[104484,105567,126268,101358,122015,108088,107074,121638,104995,122671,107630,122628,106150,106527,109027,122638,110834,124052,122795,104729],"stream_errors":0}
PCIE {"t_ms":1790545047947,"test":"bw","dir":"d2h","copy":"staged","bytes":8192,"warm_ns":592308,"ns":[117703,114251,136026,134890,593733,595041,113260,138920,132812,117821,117362,117512,133810,135635,115472,116673,117291,193589,124032,117872],"stream_errors":0}
PCIE {"t_ms":1790545047947,"test":"bw","dir":"d2h","copy":"dma","bytes":8192,"warm_ns":113272,"ns":[585969,594783,148431,122535,134960,113575,133233,136526,118872,132684,589196,132227,133769,136475,135565,588504,115460,587934,132278,135068],"stream_errors":0}
PCIE {"t_ms":1790545047969,"test":"bw","dir":"h2d","copy":"staged","bytes":16384,"warm_ns":195868,"ns":[106750,106710,122771,107703,105758,106748,208439,117403,682389,575656,610771,120710,106633,210029,579083,119020,105653,572960,158894,669398],"stream_errors":0}
PCIE {"t_ms":1790545047969,"test":"bw","dir":"h2d","copy":"dma","bytes":16384,"warm_ns":120461,"ns":[104833,576815,121540,123216,122472,111249,617918,170928,210572,104643,178922,178589,99258,106207,106052,103452,175326,106933,109057,668325],"stream_errors":0}
PCIE {"t_ms":1790545047969,"test":"bw","dir":"d2h","copy":"staged","bytes":16384,"warm_ns":596947,"ns":[132563,116094,114313,132937,121420,116063,140253,625940,127747,114998,690999,136145,592944,139913,108344,686573,685117,686836,645147,585837],"stream_errors":0}
PCIE {"t_ms":1790545047969,"test":"bw","dir":"d2h","copy":"dma","bytes":16384,"warm_ns":114999,"ns":[132366,118676,591425,113264,132497,593538,227314,692357,122891,126385,164431,113057,136137,116746,155848,132738,583791,97312,116950,112520],"stream_errors":0}
PCIE {"t_ms":1790545048000,"test":"bw","dir":"h2d","copy":"staged","bytes":32768,"warm_ns":206740,"ns":[627687,101538,677265,573890,209082,178380,571498,105142,672247,215025,107174,576577,675599,102291,168677,575560,569886,101708,602756,199268],"stream_errors":0}
PCIE {"t_ms":1790545048000,"test":"bw","dir":"h2d","copy":"dma","bytes":32768,"warm_ns":666080,"ns":[209925,200599,176832,174429,105477,181256,102820,616673,104580,102994,125230,105605,177141,680162,101239,104922,104009,205319,632014,201513],"stream_errors":0}
PCIE {"t_ms":1790545048000,"test":"bw","dir":"d2h","copy":"staged","bytes":32768,"warm_ns":686911,"ns":[117228,586560,690998,191649,116462,688198,689303,192556,119005,586579,115650,170168,633650,191084,596429,111827,597070,618576,619410,126265],"stream_errors":0}
PCIE {"t_ms":1790545048000,"test":"bw","dir":"d2h","copy":"dma","bytes":32768,"warm_ns":189809,"ns":[118735,591132,686441,683690,608311,679192,585814,690674,185058,589569,142946,681871,677847,684014,591874,682224,194509,195657,117754,668541],"stream_errors":0}
PCIE {"t_ms":1790545048032,"test":"bw","dir":"h2d","copy":"staged","bytes":65536,"warm_ns":546881,"ns":[217946,180043,194358,668591,201507,104154,570943,637091,102678,202274,103527,178761,102915,206904,668820,119843,206152,200239,576296,201851],"stream_errors":0}
PCIE {"t_ms":1790545048032,"test":"bw","dir":"h2d","copy":"dma","bytes":65536,"warm_ns":575376,"ns":[169103,123629,194212,103029,621013,166743,103349,109362,110623,686167,580299,202117,197753,606095,207007,186476,103545,581351,201298,182126],"stream_errors":0}
PCIE {"t_ms":1790545048032,"test":"bw","dir":"d2h","copy":"staged","bytes":65536,"warm_ns":690067,"ns":[690427,140132,151625,576583,587467,693155,689823,585940,112809,591751,588097,595505,116281,589686,248634,198522,686972,698336,179563,618402],"stream_errors":0}
PCIE {"t_ms":1790545048032,"test":"bw","dir":"d2h","copy":"dma","bytes":65536,"warm_ns":195837,"ns":[119899,683754,681359,107460,690278,645662,108316,112844,626073,586944,112366,216256,582239,586841,649507,681432,109605,590864,687506,596680],"stream_errors":0}
PCIE {"t_ms":1790545048062,"test":"bw","dir":"h2d","copy":"staged","bytes":131072,"warm_ns":184361,"ns":[576593,198088,569199,206385,569199,220714,107018,181490,121100,205852,571016,150066,118063,121203,569709,113704,194956,202567,221157,205688],"stream_errors":0}
PCIE {"t_ms":1790545048062,"test":"bw","dir":"h2d","copy":"dma","bytes":131072,"warm_ns":625918,"ns":[196963,572119,206219,157258,668905,106526,575715,174420,599933,118849,205140,181073,213993,211419,183376,194998,634852,569094,220692,672347],"stream_errors":0}
PCIE {"t_ms":1790545048062,"test":"bw","dir":"d2h","copy":"staged","bytes":131072,"warm_ns":692433,"ns":[119291,211592,628445,697383,575916,597731,689525,695322,126740,590803,132379,596353,227321,122137,210901,139879,126027,694750,190230,119598],"stream_errors":0}
PCIE {"t_ms":1790545048062,"test":"bw","dir":"d2h","copy":"dma","bytes":131072,"warm_ns":178990,"ns":[682622,598735,103926,627961,112133,211346,186843,682082,685184,119449,684800,684983,209351,132949,600515,112951,583139,632804,608902,683725],"stream_errors":0}
PCIE {"t_ms":1790545048095,"test":"bw","dir":"h2d","copy":"staged","bytes":262144,"warm_ns":158305,"ns":[207898,206632,191046,205749,216804,189961,194765,217153,666089,205276,184053,185737,202831,164848,577702,596581,205662,569485,208404,172113],"stream_errors":0}
PCIE {"t_ms":1790545048095,"test":"bw","dir":"h2d","copy":"dma","bytes":262144,"warm_ns":574628,"ns":[579556,579333,675121,191115,200820,200930,661707,184804,203064,579084,673762,577166,193352,170314,187444,669206,190919,190112,190747,582082],"stream_errors":0}
PCIE {"t_ms":1790545048095,"test":"bw","dir":"d2h","copy":"staged","bytes":262144,"warm_ns":148567,"ns":[604833,596486,597347,247044,600712,608534,648637,146155,588411,599584,130682,211714,598129,690795,231125,595006,129950,133365,607205,692930],"stream_errors":0}
PCIE {"t_ms":1790545048095,"test":"bw","dir":"d2h","copy":"dma","bytes":262144,"warm_ns":197415,"ns":[113862,196295,201830,589516,205556,589179,614030,199563,210266,585863,594083,206562,540462,684700,596014,202523,583904,590673,662192,683248],"stream_errors":0}
PCIE {"t_ms":1790545048129,"test":"bw","dir":"h2d","copy":"staged","bytes":524288,"warm_ns":654637,"ns":[164804,156093,207829,173669,167890,669445,206087,634104,207797,171493,174291,570770,570817,212842,201745,628766,207539,601496,269505,177338],"stream_errors":0}
PCIE {"t_ms":1790545048129,"test":"bw","dir":"h2d","copy":"dma","bytes":524288,"warm_ns":647515,"ns":[206402,172095,667586,178045,141963,553514,570911,165665,570760,178846,569306,182451,569138,211850,174526,570544,589154,206947,676216,575222],"stream_errors":0}
PCIE {"t_ms":1790545048129,"test":"bw","dir":"d2h","copy":"staged","bytes":524288,"warm_ns":620630,"ns":[619130,250733,604440,216543,712134,205467,216391,608534,617529,207779,614180,253977,627735,689462,228960,624197,721532,199011,243552,275894],"stream_errors":0}
PCIE {"t_ms":1790545048129,"test":"bw","dir":"d2h","copy":"dma","bytes":524288,"warm_ns":193692,"ns":[682920,629170,579658,588634,687826,681673,191334,586403,215337,682789,594435,225601,184955,587909,638662,188662,215800,191322,591247,584072],"stream_errors":0}
PCIE {"t_ms":1790545048171,"test":"bw","dir":"h2d","copy":"staged","bytes":1048576,"warm_ns":556637,"ns":[606336,574427,691137,257553,574320,311051,254823,298603,636517,255251,313925,623049,606710,302538,564631,619043,602074,573692,571493,595459],"stream_errors":0}
PCIE {"t_ms":1790545048171,"test":"bw","dir":"h2d","copy":"dma","bytes":1048576,"warm_ns":573750,"ns":[218515,254126,208639,208951,257342,671433,670618,607110,571318,208549,574050,261362,257789,610100,587098,261219,574530,608848,569399,311372],"stream_errors":0}
PCIE {"t_ms":1790545048171,"test":"bw","dir":"d2h","copy":"staged","bytes":1048576,"warm_ns":645485,"ns":[645220,278327,650720,645695,272512,677037,282259,714545,744981,258440,742865,638231,641013,639204,641081,375606,384743,335673,335722,828721],"stream_errors":0}
PCIE {"t_ms":1790545048171,"test":"bw","dir":"d2h","copy":"dma","bytes":1048576,"warm_ns":263020,"ns":[220948,584361,270459,584994,557746,589146,268889,696519,648620,687606,623480,625994,584301,597435,592763,582893,585487,592596,595219,591001],"stream_errors":0}
PCIE {"t_ms":1790545048218,"test":"bw","dir":"h2d","copy":"staged","bytes":2097152,"warm_ns":561068,"ns":[523723,366509,570461,570193,509481,412484,634791,558931,579058,526283,625963,365539,630718,591581,422104,460937,411085,568607,655227,412397],"stream_errors":0}
PCIE {"t_ms":1790545048218,"test":"bw","dir":"h2d","copy":"dma","bytes":2097152,"warm_ns":568730,"ns":[650087,573546,635170,407286,301866,575401,410788,414070,569973,388317,644898,572312,407619,357703,570784,356354,405823,380839,419582,663678],"stream_errors":0}
PCIE {"t_ms":1790545048218,"test":"bw","dir":"d2h","copy":"staged","bytes":2097152,"warm_ns":703905,"ns":[447257,766496,462623,746275,395820,680436,708773,708414,440116,782429,740427,714684,705284,767020,704377,711787,710161,708481,703675,709692],"stream_errors":0}
PCIE {"t_ms":1790545048218,"test":"bw","dir":"d2h","copy":"dma","bytes":2097152,"warm_ns":674686,"ns":[588347,588089,587610,587433,636345,334656,582964,407260,587661,321065,586514,638912,586987,332337,577301,588853,586353,314604,374570,578459],"stream_errors":0}
PCIE {"t_ms":1790545048263,"test":"bw","dir":"h2d","copy":"staged","bytes":4194304,"warm_ns":865439,"ns":[741296,781022,774669,739887,723287,782974,683325,728035,740392,671471,628742,707421,631893,679105,702948,636108],"stream_errors":0}
PCIE {"t_ms":1790545048263,"test":"bw","dir":"h2d","copy":"dma","bytes":4194304,"warm_ns":529906,"ns":[605104,567152,615036,517679,616032,606609,573750,617220,518289,571806,622345,525332,464907,574686,543453,521266],"stream_errors":0}
PCIE {"t_ms":1790545048263,"test":"bw","dir":"d2h","copy":"staged","bytes":4194304,"warm_ns":837354,"ns":[904220,792384,912359,860322,837801,850357,810250,848600,796535,803284,734959,770138,845278,856983,706379,671410],"stream_errors":0}
PCIE {"t_ms":1790545048263,"test":"bw","dir":"d2h","copy":"dma","bytes":4194304,"warm_ns":479651,"ns":[589760,607284,584008,600814,587953,588369,579945,631381,478576,588329,576798,631960,592496,518508,433522,496360],"stream_errors":0}
PCIE {"t_ms":1790545048299,"test":"bw","dir":"h2d","copy":"staged","bytes":8388608,"warm_ns":1376984,"ns":[1245930,1272171,1186517,1134180,1218459,1198634,1196990,1130587],"stream_errors":0}
PCIE {"t_ms":1790545048299,"test":"bw","dir":"h2d","copy":"dma","bytes":8388608,"warm_ns":828729,"ns":[837065,839809,801332,892916,830301,784962,809723,813932],"stream_errors":0}
PCIE {"t_ms":1790545048299,"test":"bw","dir":"d2h","copy":"staged","bytes":8388608,"warm_ns":1347972,"ns":[1228703,1282328,1214187,1174474,1332806,1214214,1196508,1184500],"stream_errors":0}
PCIE {"t_ms":1790545048299,"test":"bw","dir":"d2h","copy":"dma","bytes":8388608,"warm_ns":824318,"ns":[738600,787687,709658,744177,786739,736387,710589,795150],"stream_errors":0}
PCIE {"t_ms":1790545048339,"test":"bw","dir":"h2d","copy":"staged","bytes":16777216,"warm_ns":2540722,"ns":[2429057,2514324,2512314,2508825],"stream_errors":0}
PCIE {"t_ms":1790545048339,"test":"bw","dir":"h2d","copy":"dma","bytes":16777216,"warm_ns":1548622,"ns":[1580487,1616266,1646846,1647348],"stream_errors":0}
PCIE {"t_ms":1790545048339,"test":"bw","dir":"d2h","copy":"staged","bytes":16777216,"warm_ns":2627085,"ns":[2316686,2388385,2348036,2431042],"stream_errors":0}
PCIE {"t_ms":1790545048339,"test":"bw","dir":"d2h","copy":"dma","bytes":16777216,"warm_ns":1344976,"ns":[1436555,1390475,1497988,1397835],"stream_errors":0}
PCIE {"t_ms":1790545048407,"test":"bw","dir":"h2d","copy":"staged","bytes":33554432,"warm_ns":5270563,"ns":[4865542,5163782,5152460],"stream_errors":0}
PCIE {"t_ms":1790545048407,"test":"bw","dir":"h2d","copy":"dma","bytes":33554432,"warm_ns":3019963,"ns":[2978675,3065930,3034263],"stream_errors":0}
PCIE {"t_ms":1790545048407,"test":"bw","dir":"d2h","copy":"staged","bytes":33554432,"warm_ns":5715636,"ns":[5771603,4707243,5770875],"stream_errors":0}
PCIE {"t_ms":1790545048407,"test":"bw","dir":"d2h","copy":"dma","bytes":33554432,"warm_ns":2706718,"ns":[2697998,3789152,3758583],"stream_errors":0}
PCIE {"t_ms":1790545048539,"test":"bw","dir":"h2d","copy":"staged","bytes":67108864,"warm_ns":10440989,"ns":[9792584,9643084,9637575],"stream_errors":0}
PCIE {"t_ms":1790545048539,"test":"bw","dir":"h2d","copy":"dma","bytes":67108864,"warm_ns":5698106,"ns":[5575308,5570618,5635666],"stream_errors":0}
PCIE {"t_ms":1790545048539,"test":"bw","dir":"d2h","copy":"staged","bytes":67108864,"warm_ns":10826298,"ns":[10404125,10890195,10959972],"stream_errors":0}
PCIE {"t_ms":1790545048539,"test":"bw","dir":"d2h","copy":"dma","bytes":67108864,"warm_ns":6635744,"ns":[6915195,6937626,6853637],"stream_errors":0}
PCIE {"t_ms":1790545048795,"test":"bw","dir":"h2d","copy":"staged","bytes":134217728,"warm_ns":20724426,"ns":[18858611,18769300,18954082],"stream_errors":0}
PCIE {"t_ms":1790545048795,"test":"bw","dir":"h2d","copy":"dma","bytes":134217728,"warm_ns":10979731,"ns":[10945137,10904682,11016585],"stream_errors":0}
PCIE {"t_ms":1790545048795,"test":"bw","dir":"d2h","copy":"staged","bytes":134217728,"warm_ns":20779254,"ns":[20813341,20463175,20858568],"stream_errors":0}
PCIE {"t_ms":1790545048795,"test":"bw","dir":"d2h","copy":"dma","bytes":134217728,"warm_ns":12777836,"ns":[13187493,12838317,13042542],"stream_errors":0}
PCIE {"t_ms":1790545049299,"test":"bw","dir":"h2d","copy":"staged","bytes":268435456,"warm_ns":38904026,"ns":[37908065,37703976,37705482],"stream_errors":0}
PCIE {"t_ms":1790545049299,"test":"bw","dir":"h2d","copy":"dma","bytes":268435456,"warm_ns":21491818,"ns":[21517504,21454080,21596656],"stream_errors":0}
PCIE {"t_ms":1790545049299,"test":"bw","dir":"d2h","copy":"staged","bytes":268435456,"warm_ns":41127615,"ns":[40783183,41411442,41275741],"stream_errors":0}
PCIE {"t_ms":1790545049299,"test":"bw","dir":"d2h","copy":"dma","bytes":268435456,"warm_ns":25293644,"ns":[25279263,25521839,25222337],"stream_errors":0}
PCIE {"t_ms":1790545049318,"test":"done","which":"bw","elapsed_s":1.803529}
