D1 aifoundry2: samples 336070, mhz.minion {600: 336070}, sp.minion_mhz max {800: 336070}, lowest mean 65, busy at <=65 C {}, <=64 C and 45-63 W {}
D7 aifoundry2: sp.system_c {(0, 0, 0): 335882, (0, 65535, 0): 188}
D1 aifoundry3: samples 397813, mhz.minion {600: 397813}, sp.minion_mhz max {600: 397813}, lowest mean 52, busy at <=65 C {600: 12811}, <=64 C and 45-63 W {600: 12085}
D7 aifoundry3: sp.system_c {(0, 0, 0): 397561, (0, 65535, 0): 252}
D1 aifoundry1-c1: samples 359657, mhz.minion {600: 359657}, sp.minion_mhz max {600: 359657}, lowest mean 56, busy at <=65 C {600: 14295}, <=64 C and 45-63 W {600: 11446}
D7 aifoundry1-c1: sp.system_c {(0, 0, 0): 359444, (0, 65535, 0): 213}
D2 aifoundry2: 72 blocks, start 67-99 C, end 67-99 C
D2 aifoundry3: 74 blocks, start 52-67 C, end 53-69 C
D2 aifoundry1-c1: 72 blocks, start 55-69 C, end 55-74 C
D3 aifoundry2 p1: start 74 C, to >65 C None s, 20 bursts / 53 s (target), max mean 88, max high 91, max board 69.82 W, after cooling 72 C
D3 aifoundry2 p2: start 77 C, to >65 C None s, 13 bursts / 35 s (target), max mean 88, max high 90, max board 69.15 W, after cooling 67 C
D3 aifoundry2 p3: start 80 C, to >65 C None s, 5 bursts / 13 s (target), max mean 88, max high 90, max board 69.32 W, after cooling 77 C
D4 aifoundry2: 38 heater processes, median 2653.0 ms (max 2666), median gap 25 ms, rc {0: 38}
D3 aifoundry3 p1: start 58 C, to >65 C 23.151 s, 126 bursts / 344 s (target), max mean 90, max high 93, max board 74.55 W, after cooling 55 C
D3 aifoundry3 p2: start 58 C, to >65 C 20.849 s, 131 bursts / 357 s (target), max mean 90, max high 93, max board 74.72 W, after cooling 55 C
D3 aifoundry3 p3: start 56 C, to >65 C 34.461 s, 150 bursts / 409 s (bursts), max mean 90, max high 93, max board 74.6 W, after cooling 54 C
D4 aifoundry3: 407 heater processes, median 2706 ms (max 2726), median gap 22.0 ms, rc {0: 407}
D3 aifoundry1-c1 p1: start 61 C, to >65 C 5.447 s, 51 bursts / 148 s (target), max mean 88, max high 91, max board 86.13 W, after cooling 57 C
D3 aifoundry1-c1 p2: start 67 C, to >65 C None s, 43 bursts / 124 s (target), max mean 88, max high 91, max board 86.11 W, after cooling 57 C
D3 aifoundry1-c1 p3: start 66 C, to >65 C None s, 57 bursts / 165 s (target), max mean 88, max high 91, max board 86.21 W, after cooling 56 C
D4 aifoundry1-c1: 151 heater processes, median 2646 ms (max 2666), median gap 251.0 ms, rc {0: 151}
D5 cold1 run 0 zeros start 62 C (waited 0 s): >650 MHz at 1.09 s, first down-step at 6.09 s, 800->600 MHz, mean 64 C, board 38.96 W
D5 cold1 run 1 randn start 63 C (waited 2 s): >650 MHz at 0.64 s, first down-step at 0.94 s, 800->600 MHz, mean 66 C, board 87.55 W
D5 cold1 run 2 ones start 63 C (waited 62 s): >650 MHz at 0.66 s, first down-step at 1.26 s, 800->700 MHz, mean 66 C, board 55.86 W
D5 cold1 run 3 randn start 63 C (waited 23 s): >650 MHz at 1.13 s, first down-step at 1.23 s, 800->700 MHz, mean 67 C, board 53.72 W
D5 cold1 run 4 zeros start 63 C (waited 35 s): >650 MHz at 0.53 s, first down-step at 5.63 s, 800->700 MHz, mean 65 C, board 39.43 W
D5 cold1 run 5 ones start 63 C (waited 13 s): >650 MHz at 0.96 s, first down-step at 1.46 s, 800->700 MHz, mean 65 C, board 55.56 W
D5 cold2 run 0 randn start 63 C (waited 0 s): >650 MHz at 0.89 s, first down-step at 1.09 s, 800->700 MHz, mean 67 C, board 87.82 W
D6 aifoundry2 cat p11: block 91->99 C; hottest sample mean 103 C, high 106 C, board 83.63 W, 600 MHz
