aifoundry3 p1: start 58 C idle_w 25.66 end_w 25.12 end_T 55
   heat first-read s: 55:0.0 56:0.0 57:0.0 58:0.0 59:0.5 60:1.1 61:2.2 62:4.3 63:7.2 64:10.7 65:15.9 66:23.2 67:29.3 68:37.2 69:45.1
   cool first-read s after heat_end: 75:57 70:99 68:119 67:131 66:143 65:156 64:171 63:187 62:206 61:228 60:253 59:284 58:320 57:372 56:446 55:821
aifoundry3 p2: start 58 C idle_w 25.83 end_w 24.99 end_T 55
   heat first-read s: 55:0.0 56:0.0 57:0.0 58:0.0 59:0.3 60:0.9 61:1.7 62:3.8 63:6.5 64:9.9 65:15.2 66:20.8 67:28.7 68:34.8 69:42.7
   cool first-read s after heat_end: 75:57 70:99 68:120 67:131 66:143 65:156 64:170 63:186 62:204 61:225 60:251 59:281 58:319 57:367 56:441 55:568
aifoundry3 p3: start 56 C idle_w 25.08 end_w 24.65 end_T 54
   heat first-read s: 55:0.0 56:0.0 57:0.4 58:1.0 59:1.9 60:4.1 61:6.8 62:10.2 63:15.3 64:21.0 65:27.2 66:34.5 67:42.6 68:50.7 69:58.9
   cool first-read s after heat_end: 75:54 70:93 68:112 67:122 66:133 65:145 64:157 63:171 62:186 61:203 60:222 59:248 58:276 57:315 56:365 55:440
aifoundry1-c1 p1: start 61 C idle_w 34.41 end_w 32.73 end_T 57
   heat first-read s: 55:0.0 56:0.0 57:0.0 58:0.0 59:0.0 60:0.0 61:0.0 62:0.5 63:0.9 64:1.8 65:3.9 66:5.4 67:8.1 68:11.1 69:14.2
   cool first-read s after heat_end: 75:23 70:42 68:52 67:57 66:63 65:70 64:77 63:86 62:96 61:109 60:125 59:146 58:183 57:271
aifoundry1-c1 p2: start 67 C idle_w 38.59 end_w 32.41 end_T 57
   heat first-read s: 55:0.0 56:0.0 57:0.0 58:0.0 59:0.0 60:0.0 61:0.0 62:0.0 63:0.0 64:0.0 65:0.0 66:0.0 67:0.0 68:0.4 69:0.7
   cool first-read s after heat_end: 75:23 70:41 68:51 67:56 66:62 65:68 64:75 63:83 62:93 61:106 60:120 59:140 58:171 57:242
aifoundry1-c1 p3: start 66 C idle_w 37.59 end_w 31.96 end_T 56
   heat first-read s: 55:0.0 56:0.0 57:0.0 58:0.0 59:0.0 60:0.0 61:0.0 62:0.0 63:0.0 64:0.0 65:0.0 66:0.0 67:0.5 68:0.9 69:1.8
   cool first-read s after heat_end: 75:21 70:39 68:48 67:53 66:59 65:65 64:71 63:80 62:89 61:99 60:113 59:129 58:154 57:204 56:316
aifoundry2 p1: start 74 C idle_w 32.06 end_w 31.06 end_T 72
   heat first-read s: 55:0.0 56:0.0 57:0.0 58:0.0 59:0.0 60:0.0 61:0.0 62:0.0 63:0.0 64:0.0 65:0.0 66:0.0 67:0.0 68:0.0 69:0.0
   cool first-read s after heat_end: 75:302
aifoundry2 p2: start 77 C idle_w 34.39 end_w 28.99 end_T 67
   heat first-read s: 55:0.0 56:0.0 57:0.0 58:0.0 59:0.0 60:0.0 61:0.0 62:0.0 63:0.0 64:0.0 65:0.0 66:0.0 67:0.0 68:0.0 69:0.0
   cool first-read s after heat_end: 75:121 70:324 68:544 67:840
aifoundry2 p3: start 80 C idle_w 36.11 end_w 33.89 end_T 77
   heat first-read s: 55:0.0 56:0.0 57:0.0 58:0.0 59:0.0 60:0.0 61:0.0 62:0.0 63:0.0 64:0.0 65:0.0 66:0.0 67:0.0 68:0.0 69:0.0
   cool first-read s after heat_end: 
rise times from the block's start reading (s):
   aifoundry3 p1 start 58 C, board 3-8 s 50.9 W: +3:2 +5:7 +8:23 +10:37 +12:53 +15:81 +20:138 +25:209
   aifoundry3 p2 start 58 C, board 3-8 s 53.8 W: +3:2 +5:7 +8:21 +10:35 +12:51 +15:78 +20:136 +25:210
   aifoundry3 p3 start 56 C, board 3-8 s 51.2 W: +3:2 +5:7 +8:21 +10:34 +12:51 +15:76 +20:130 +25:202
   aifoundry1-c1 p1 start 61 C, board 3-8 s 57.9 W: +3:2 +5:5 +8:14 +10:22 +12:31 +15:45 +20:78 +25:127
