PCIE {"t_ms":1790545767153,"test":"open","open_ns":177799983,"link":[{"bdf":"0000:02:00.0","speed":"16.0 GT/s PCIe","width":"8","max_speed":"16.0 GT/s PCIe","max_width":"8","cma_allocated":"2057 MB"}]}
PCIE {"t_ms":1790545767369,"test":"verify","bytes":1048576,"equal":true}
PCIE {"t_ms":1790545767404,"test":"bw","dir":"h2d","copy":"staged","bytes":4096,"warm_ns":504207,"ns":[586471,562184,196282,598805,197464,571119,129533,184155,148335,565452,111961,560117,152207,98713,99075,54675,560510,98167,97905,98501],"stream_errors":0}
PCIE {"t_ms":1790545767404,"test":"bw","dir":"h2d","copy":"dma","bytes":4096,"warm_ns":205490,"ns":[560140,606587,530887,558601,152923,184611,545814,563728,197043,197004,195096,514595,607503,98024,560773,97889,561009,560249,560966,98070],"stream_errors":0}
PCIE {"t_ms":1790545767404,"test":"bw","dir":"d2h","copy":"staged","bytes":4096,"warm_ns":344474,"ns":[730928,739618,652400,619844,198160,210159,151075,107547,619145,555833,211259,105217,575260,152357,567560,566309,105272,568822,106619,567443],"stream_errors":0}
PCIE {"t_ms":1790545767404,"test":"bw","dir":"d2h","copy":"dma","bytes":4096,"warm_ns":630978,"ns":[279898,613619,118242,574835,625617,577361,575045,567714,590320,569399,571322,567168,154585,567706,104225,617437,565915,103363,104941,566570],"stream_errors":0}
PCIE {"t_ms":1790545767432,"test":"bw","dir":"h2d","copy":"staged","bytes":8192,"warm_ns":544494,"ns":[100239,99388,60270,98384,96827,561579,96525,102787,561081,97846,559892,98045,99098,100095,97049,98836,98630,99569,98468,561129],"stream_errors":0}
PCIE {"t_ms":1790545767432,"test":"bw","dir":"h2d","copy":"dma","bytes":8192,"warm_ns":559841,"ns":[96631,559682,96236,559498,559758,98385,95612,97163,97142,559896,94345,561474,560813,557435,99035,98329,561057,97546,98284,98516],"stream_errors":0}
PCIE {"t_ms":1790545767432,"test":"bw","dir":"d2h","copy":"staged","bytes":8192,"warm_ns":568322,"ns":[567485,569806,566355,105039,105740,568709,106837,568151,568637,105976,109297,567050,107171,568649,568923,567163,104404,567491,106490,104572],"stream_errors":0}
PCIE {"t_ms":1790545767432,"test":"bw","dir":"d2h","copy":"dma","bytes":8192,"warm_ns":103734,"ns":[568041,104386,104879,567862,568472,567432,567316,566351,567369,104755,566845,566017,103195,567584,565821,564960,570821,565644,565970,567810],"stream_errors":0}
PCIE {"t_ms":1790545767460,"test":"bw","dir":"h2d","copy":"staged","bytes":16384,"warm_ns":549773,"ns":[97794,561858,99378,560188,96491,98360,562330,99951,97921,99139,560971,97738,99261,560819,97390,97625,560299,99309,560911,98912],"stream_errors":0}
PCIE {"t_ms":1790545767460,"test":"bw","dir":"h2d","copy":"dma","bytes":16384,"warm_ns":560126,"ns":[99072,96217,100015,98588,101511,98923,559507,98197,560272,97374,97619,97546,96975,560732,96493,99522,559309,97840,96750,560294],"stream_errors":0}
PCIE {"t_ms":1790545767460,"test":"bw","dir":"d2h","copy":"staged","bytes":16384,"warm_ns":567531,"ns":[567844,568960,104964,565605,567542,567974,567931,568230,107482,568760,567954,569062,568785,105389,567733,105943,570254,567469,106194,569450],"stream_errors":0}
PCIE {"t_ms":1790545767460,"test":"bw","dir":"d2h","copy":"dma","bytes":16384,"warm_ns":104144,"ns":[105197,565583,567657,104908,567049,566795,104323,564344,565758,104670,568106,567247,103618,569138,567592,567571,103123,103083,568246,567468],"stream_errors":0}
PCIE {"t_ms":1790545767488,"test":"bw","dir":"h2d","copy":"staged","bytes":32768,"warm_ns":87299,"ns":[98324,560454,96852,561212,95852,559769,560216,96577,97019,90933,561040,559977,97219,98666,559578,562772,561980,97490,561687,201033],"stream_errors":0}
PCIE {"t_ms":1790545767488,"test":"bw","dir":"h2d","copy":"dma","bytes":32768,"warm_ns":560547,"ns":[561292,97721,99105,560052,560120,98567,560227,101031,96371,558875,98713,199090,199174,561052,100254,96986,562703,563231,562226,154170],"stream_errors":0}
PCIE {"t_ms":1790545767488,"test":"bw","dir":"d2h","copy":"staged","bytes":32768,"warm_ns":569708,"ns":[573287,571006,106859,107424,571466,105410,105057,567758,568456,532048,105823,104629,568759,619098,54875,109246,162558,151467,156363,569102],"stream_errors":0}
PCIE {"t_ms":1790545767488,"test":"bw","dir":"d2h","copy":"dma","bytes":32768,"warm_ns":102694,"ns":[99850,100838,566414,567042,101809,103552,569362,101722,568506,566710,105136,569159,568828,566680,622231,153151,570623,104597,567907,103630],"stream_errors":0}
PCIE {"t_ms":1790545767518,"test":"bw","dir":"h2d","copy":"staged","bytes":65536,"warm_ns":529866,"ns":[95003,200000,559962,93257,557736,560279,201435,200686,96678,63389,100213,560449,141202,201348,560055,152041,99520,200572,206228,199766],"stream_errors":0}
PCIE {"t_ms":1790545767518,"test":"bw","dir":"h2d","copy":"dma","bytes":65536,"warm_ns":560136,"ns":[560118,560649,560292,154408,156080,99355,140642,560470,560413,560142,560294,99462,97885,157326,91769,93675,560199,560239,562976,559973],"stream_errors":0}
PCIE {"t_ms":1790545767518,"test":"bw","dir":"d2h","copy":"staged","bytes":65536,"warm_ns":570513,"ns":[107992,570675,522994,571309,155920,627760,570673,570999,622751,615496,163320,628001,619597,568295,573043,568097,63894,102381,153232,570350],"stream_errors":0}
PCIE {"t_ms":1790545767518,"test":"bw","dir":"d2h","copy":"dma","bytes":65536,"warm_ns":148218,"ns":[161442,103642,154371,617546,567561,157431,101573,101401,568147,152520,101647,566382,567110,101768,619600,619228,102096,614691,72130,102220],"stream_errors":0}
PCIE {"t_ms":1790545767550,"test":"bw","dir":"h2d","copy":"staged","bytes":131072,"warm_ns":549787,"ns":[560529,193913,201605,197885,191584,558622,559860,144446,192708,194931,560095,194881,561267,141321,558733,202853,561239,560326,192873,194528],"stream_errors":0}
PCIE {"t_ms":1790545767550,"test":"bw","dir":"h2d","copy":"dma","bytes":131072,"warm_ns":562051,"ns":[201037,559706,193794,193191,200826,194668,145119,560915,559904,561106,195649,200260,559614,154070,153165,193400,144497,135925,560028,200483],"stream_errors":0}
PCIE {"t_ms":1790545767550,"test":"bw","dir":"d2h","copy":"staged","bytes":131072,"warm_ns":574081,"ns":[171998,573724,162064,574499,575900,573373,574928,261556,574898,161505,153975,162645,574445,626184,168074,573775,161203,572448,171257,571842],"stream_errors":0}
PCIE {"t_ms":1790545767550,"test":"bw","dir":"d2h","copy":"dma","bytes":131072,"warm_ns":141416,"ns":[201313,619709,568063,541168,567895,623307,247955,572054,617654,625310,616183,567678,246507,613307,149412,567567,565950,145333,618193,567102],"stream_errors":0}
PCIE {"t_ms":1790545767581,"test":"bw","dir":"h2d","copy":"staged","bytes":262144,"warm_ns":551909,"ns":[560741,560624,131048,558953,558321,151968,200173,560607,186995,561799,185896,200193,560142,186107,200254,561286,156069,135235,132270,559934],"stream_errors":0}
PCIE {"t_ms":1790545767581,"test":"bw","dir":"h2d","copy":"dma","bytes":262144,"warm_ns":559625,"ns":[149220,200513,188768,559887,158414,560849,560155,135684,559789,558851,201036,166530,559994,146600,560892,560818,559854,560022,135366,149224],"stream_errors":0}
PCIE {"t_ms":1790545767581,"test":"bw","dir":"d2h","copy":"staged","bytes":262144,"warm_ns":583255,"ns":[170060,636905,175997,581917,167727,144980,635052,169624,172969,167288,581913,580397,584764,171479,635587,580233,170147,232046,635507,582729],"stream_errors":0}
PCIE {"t_ms":1790545767581,"test":"bw","dir":"d2h","copy":"dma","bytes":262144,"warm_ns":140406,"ns":[567960,143533,618631,134278,567866,142944,565870,140684,621425,567732,144595,568287,142424,619489,139616,141867,568075,567773,618665,143544],"stream_errors":0}
PCIE {"t_ms":1790545767613,"test":"bw","dir":"h2d","copy":"staged","bytes":524288,"warm_ns":141197,"ns":[153365,223462,127870,131241,202653,174361,560609,170885,560484,561804,563145,203567,560356,172495,201757,171226,560797,201813,257103,560726],"stream_errors":0}
PCIE {"t_ms":1790545767613,"test":"bw","dir":"h2d","copy":"dma","bytes":524288,"warm_ns":558212,"ns":[148316,100379,562159,101387,173422,560665,99083,98258,127772,201625,127907,174910,189641,563605,560314,166652,199831,274211,200416,231453],"stream_errors":0}
PCIE {"t_ms":1790545767613,"test":"bw","dir":"d2h","copy":"staged","bytes":524288,"warm_ns":596288,"ns":[650195,626008,642494,593632,209960,595258,710297,136493,180452,594306,180053,592277,184384,598491,139892,189215,593638,211743,593880,279576],"stream_errors":0}
PCIE {"t_ms":1790545767613,"test":"bw","dir":"d2h","copy":"dma","bytes":524288,"warm_ns":232307,"ns":[619805,179817,566912,611564,567227,566393,107191,567430,569440,565681,179858,567233,567909,566281,569157,614963,568120,566045,565337,568432],"stream_errors":0}
PCIE {"t_ms":1790545767648,"test":"bw","dir":"h2d","copy":"staged","bytes":1048576,"warm_ns":548413,"ns":[306375,559828,559920,320667,561060,344190,301528,239190,201949,202710,259942,549204,560384,560895,236115,561811,336729,258814,299193,234117],"stream_errors":0}
PCIE {"t_ms":1790545767648,"test":"bw","dir":"h2d","copy":"dma","bytes":1048576,"warm_ns":559541,"ns":[259014,325736,208786,206114,195617,558576,534949,191745,192797,171849,615424,136045,192198,200554,134940,138955,200700,560292,560403,200376],"stream_errors":0}
PCIE {"t_ms":1790545767648,"test":"bw","dir":"d2h","copy":"staged","bytes":1048576,"warm_ns":634836,"ns":[635715,327673,269330,334111,315163,631077,632756,679270,677844,674412,278523,215375,679936,634159,629699,272912,216922,631969,629544,640075],"stream_errors":0}
PCIE {"t_ms":1790545767648,"test":"bw","dir":"d2h","copy":"dma","bytes":1048576,"warm_ns":247410,"ns":[611424,565964,568698,536906,568325,566197,210009,566545,566878,566146,182799,610989,566580,208944,609965,567266,567120,187539,567332,147222],"stream_errors":0}
PCIE {"t_ms":1790545767689,"test":"bw","dir":"h2d","copy":"staged","bytes":2097152,"warm_ns":554895,"ns":[559977,441868,562499,438794,335612,560776,406914,385702,564706,428873,564693,448175,348024,562826,401639,405907,409268,560376,404881,405728],"stream_errors":0}
PCIE {"t_ms":1790545767689,"test":"bw","dir":"h2d","copy":"dma","bytes":2097152,"warm_ns":560515,"ns":[275217,275747,560737,560699,288900,559482,303561,560749,560431,563420,296713,303326,560725,559667,558781,561431,322850,559472,303916,559542],"stream_errors":0}
PCIE {"t_ms":1790545767689,"test":"bw","dir":"d2h","copy":"staged","bytes":2097152,"warm_ns":743072,"ns":[741463,785765,762974,382316,742160,739257,769468,426083,372148,434490,419154,729479,426541,732789,736067,729197,434425,729715,796783,773735],"stream_errors":0}
PCIE {"t_ms":1790545767689,"test":"bw","dir":"d2h","copy":"dma","bytes":2097152,"warm_ns":237024,"ns":[207976,297309,564477,568209,207880,241427,270008,565692,566782,565564,285958,568188,616518,251048,244330,209043,568639,250493,287562,569072],"stream_errors":0}
PCIE {"t_ms":1790545767734,"test":"bw","dir":"h2d","copy":"staged","bytes":4194304,"warm_ns":808399,"ns":[800081,769591,664077,634432,722907,721871,678887,668680,665395,712609,782468,713733,687875,665779,663388,685441],"stream_errors":0}
PCIE {"t_ms":1790545767734,"test":"bw","dir":"h2d","copy":"dma","bytes":4194304,"warm_ns":558753,"ns":[406449,462559,510265,560700,494156,561381,562402,558566,509447,532125,507549,479027,572872,508822,425863,406140],"stream_errors":0}
PCIE {"t_ms":1790545767734,"test":"bw","dir":"d2h","copy":"staged","bytes":4194304,"warm_ns":954945,"ns":[792097,952735,975227,808885,961595,960378,966696,894275,960032,855350,974397,861831,903407,958505,807402,801684],"stream_errors":0}
PCIE {"t_ms":1790545767734,"test":"bw","dir":"d2h","copy":"dma","bytes":4194304,"warm_ns":386867,"ns":[614764,480047,567480,450853,568570,566818,612864,571499,565925,567934,478370,474139,568537,421697,567592,567667],"stream_errors":0}
PCIE {"t_ms":1790545767777,"test":"bw","dir":"h2d","copy":"staged","bytes":8388608,"warm_ns":1423703,"ns":[1404110,1373917,1405698,1379681,1374774,1415001,1348173,1344817],"stream_errors":0}
PCIE {"t_ms":1790545767777,"test":"bw","dir":"h2d","copy":"dma","bytes":8388608,"warm_ns":766291,"ns":[794888,887764,822310,760496,849081,923433,885532,863949],"stream_errors":0}
PCIE {"t_ms":1790545767777,"test":"bw","dir":"d2h","copy":"staged","bytes":8388608,"warm_ns":1864055,"ns":[1647930,1695611,1696741,1700063,1916505,1822903,1752327,1735594],"stream_errors":0}
PCIE {"t_ms":1790545767777,"test":"bw","dir":"d2h","copy":"dma","bytes":8388608,"warm_ns":657419,"ns":[761537,776410,785146,821604,741192,762937,933974,781895],"stream_errors":0}
PCIE {"t_ms":1790545767824,"test":"bw","dir":"h2d","copy":"staged","bytes":16777216,"warm_ns":2952289,"ns":[3017156,3007442,2991154,3005030],"stream_errors":0}
PCIE {"t_ms":1790545767824,"test":"bw","dir":"h2d","copy":"dma","bytes":16777216,"warm_ns":1588148,"ns":[1558496,1475816,1578734,1580130],"stream_errors":0}
PCIE {"t_ms":1790545767824,"test":"bw","dir":"d2h","copy":"staged","bytes":16777216,"warm_ns":3515530,"ns":[3494521,3265381,3328783,3263563],"stream_errors":0}
PCIE {"t_ms":1790545767824,"test":"bw","dir":"d2h","copy":"dma","bytes":16777216,"warm_ns":1457505,"ns":[1473651,1555695,1584362,1631441],"stream_errors":0}
PCIE {"t_ms":1790545767901,"test":"bw","dir":"h2d","copy":"staged","bytes":33554432,"warm_ns":6122752,"ns":[6184267,6202522,6283813],"stream_errors":0}
PCIE {"t_ms":1790545767901,"test":"bw","dir":"h2d","copy":"dma","bytes":33554432,"warm_ns":2993129,"ns":[2958198,2949891,2998472],"stream_errors":0}
PCIE {"t_ms":1790545767901,"test":"bw","dir":"d2h","copy":"staged","bytes":33554432,"warm_ns":7528380,"ns":[7556624,7417403,6369276],"stream_errors":0}
PCIE {"t_ms":1790545767901,"test":"bw","dir":"d2h","copy":"dma","bytes":33554432,"warm_ns":2620970,"ns":[2592505,2623550,3757464],"stream_errors":0}
PCIE {"t_ms":1790545768058,"test":"bw","dir":"h2d","copy":"staged","bytes":67108864,"warm_ns":12624611,"ns":[12593841,12584953,12556048],"stream_errors":0}
PCIE {"t_ms":1790545768058,"test":"bw","dir":"h2d","copy":"dma","bytes":67108864,"warm_ns":5590444,"ns":[5646369,5563500,5580274],"stream_errors":0}
PCIE {"t_ms":1790545768058,"test":"bw","dir":"d2h","copy":"staged","bytes":67108864,"warm_ns":14242687,"ns":[14325820,14315180,14311330],"stream_errors":0}
PCIE {"t_ms":1790545768058,"test":"bw","dir":"d2h","copy":"dma","bytes":67108864,"warm_ns":6618717,"ns":[6612357,6848715,6598944],"stream_errors":0}
PCIE {"t_ms":1790545768367,"test":"bw","dir":"h2d","copy":"staged","bytes":134217728,"warm_ns":25399821,"ns":[25402101,25280679,25263384],"stream_errors":0}
PCIE {"t_ms":1790545768367,"test":"bw","dir":"h2d","copy":"dma","bytes":134217728,"warm_ns":10893572,"ns":[10811397,10778064,10809043],"stream_errors":0}
PCIE {"t_ms":1790545768367,"test":"bw","dir":"d2h","copy":"staged","bytes":134217728,"warm_ns":28036712,"ns":[27738152,27902733,27741453],"stream_errors":0}
PCIE {"t_ms":1790545768367,"test":"bw","dir":"d2h","copy":"dma","bytes":134217728,"warm_ns":13003688,"ns":[13118090,13255746,13232787],"stream_errors":0}
PCIE {"t_ms":1790545768985,"test":"bw","dir":"h2d","copy":"staged","bytes":268435456,"warm_ns":51308231,"ns":[51754723,51471867,51565044],"stream_errors":0}
PCIE {"t_ms":1790545768985,"test":"bw","dir":"h2d","copy":"dma","bytes":268435456,"warm_ns":21326070,"ns":[21379504,21372739,21301376],"stream_errors":0}
PCIE {"t_ms":1790545768985,"test":"bw","dir":"d2h","copy":"staged","bytes":268435456,"warm_ns":56040728,"ns":[55729820,56141614,55934743],"stream_errors":0}
PCIE {"t_ms":1790545768985,"test":"bw","dir":"d2h","copy":"dma","bytes":268435456,"warm_ns":25579446,"ns":[25801332,25828419,25828722],"stream_errors":0}
PCIE {"t_ms":1790545768999,"test":"done","which":"bw","elapsed_s":2.023655}
