PCIE {"t_ms":1790545774346,"test":"open","open_ns":177548679,"link":[{"bdf":"0000:02:00.0","speed":"16.0 GT/s PCIe","width":"8","max_speed":"16.0 GT/s PCIe","max_width":"8","cma_allocated":"2057 MB"}]}
PCIE {"t_ms":1790545774477,"test":"conc","trial":0,"copy":"dma","cfg":"h2d","legs":1,"bytes_per_leg":134217728,"leg_ns":[22043485],"wall_ns":22045588,"stream_errors":0}
PCIE {"t_ms":1790545774489,"test":"conc","trial":0,"copy":"dma","cfg":"d2h","legs":1,"bytes_per_leg":134217728,"leg_ns":[11887641],"wall_ns":11889353,"stream_errors":0}
PCIE {"t_ms":1790545774511,"test":"conc","trial":0,"copy":"dma","cfg":"h2d+d2h","legs":2,"bytes_per_leg":134217728,"leg_ns":[22335371,12323778],"wall_ns":22337145,"stream_errors":0}
PCIE {"t_ms":1790545774556,"test":"conc","trial":0,"copy":"dma","cfg":"2xh2d","legs":2,"bytes_per_leg":134217728,"leg_ns":[44728345,44728736],"wall_ns":44730342,"stream_errors":0}
PCIE {"t_ms":1790545774581,"test":"conc","trial":0,"copy":"dma","cfg":"2xd2h","legs":2,"bytes_per_leg":134217728,"leg_ns":[25719894,25834985],"wall_ns":25836638,"stream_errors":0}
PCIE {"t_ms":1790545774592,"test":"conc","trial":0,"copy":"dma","cfg":"h2d/ser","legs":1,"bytes_per_leg":134217728,"leg_ns":[10768425],"wall_ns":10770043,"stream_errors":0}
PCIE {"t_ms":1790545774606,"test":"conc","trial":0,"copy":"dma","cfg":"d2h/ser","legs":1,"bytes_per_leg":134217728,"leg_ns":[13307356],"wall_ns":13309082,"stream_errors":0}
PCIE {"t_ms":1790545774621,"test":"conc","trial":0,"copy":"dma","cfg":"h2d+d2h/ser","legs":2,"bytes_per_leg":134217728,"leg_ns":[15823873,14650921],"wall_ns":15825510,"stream_errors":0}
PCIE {"t_ms":1790545774657,"test":"conc","trial":0,"copy":"staged","cfg":"h2d","legs":1,"bytes_per_leg":134217728,"leg_ns":[35832381],"wall_ns":35834806,"stream_errors":0}
PCIE {"t_ms":1790545774684,"test":"conc","trial":0,"copy":"staged","cfg":"d2h","legs":1,"bytes_per_leg":134217728,"leg_ns":[27128079],"wall_ns":27129967,"stream_errors":0}
PCIE {"t_ms":1790545774730,"test":"conc","trial":0,"copy":"staged","cfg":"h2d+d2h","legs":2,"bytes_per_leg":134217728,"leg_ns":[45659288,42908843],"wall_ns":45661201,"stream_errors":0}
PCIE {"t_ms":1790545774799,"test":"conc","trial":0,"copy":"staged","cfg":"2xh2d","legs":2,"bytes_per_leg":134217728,"leg_ns":[68228386,68743123],"wall_ns":68745810,"stream_errors":0}
PCIE {"t_ms":1790545774856,"test":"conc","trial":0,"copy":"staged","cfg":"2xd2h","legs":2,"bytes_per_leg":134217728,"leg_ns":[57296180,57327409],"wall_ns":57329302,"stream_errors":0}
PCIE {"t_ms":1790545774880,"test":"conc","trial":0,"copy":"staged","cfg":"h2d/ser","legs":1,"bytes_per_leg":134217728,"leg_ns":[23528697],"wall_ns":23530681,"stream_errors":0}
PCIE {"t_ms":1790545774905,"test":"conc","trial":0,"copy":"staged","cfg":"d2h/ser","legs":1,"bytes_per_leg":134217728,"leg_ns":[25712154],"wall_ns":25713991,"stream_errors":0}
PCIE {"t_ms":1790545774950,"test":"conc","trial":0,"copy":"staged","cfg":"h2d+d2h/ser","legs":2,"bytes_per_leg":134217728,"leg_ns":[45012731,38316967],"wall_ns":45016896,"stream_errors":0}
PCIE {"t_ms":1790545774973,"test":"conc","trial":1,"copy":"dma","cfg":"h2d","legs":1,"bytes_per_leg":134217728,"leg_ns":[22056642],"wall_ns":22058331,"stream_errors":0}
PCIE {"t_ms":1790545774984,"test":"conc","trial":1,"copy":"dma","cfg":"d2h","legs":1,"bytes_per_leg":134217728,"leg_ns":[11874718],"wall_ns":11877051,"stream_errors":0}
PCIE {"t_ms":1790545775007,"test":"conc","trial":1,"copy":"dma","cfg":"h2d+d2h","legs":2,"bytes_per_leg":134217728,"leg_ns":[22388793,12919644],"wall_ns":22390485,"stream_errors":0}
PCIE {"t_ms":1790545775051,"test":"conc","trial":1,"copy":"dma","cfg":"2xh2d","legs":2,"bytes_per_leg":134217728,"leg_ns":[44645088,44690284],"wall_ns":44691982,"stream_errors":0}
PCIE {"t_ms":1790545775077,"test":"conc","trial":1,"copy":"dma","cfg":"2xd2h","legs":2,"bytes_per_leg":134217728,"leg_ns":[25827545,25830565],"wall_ns":25832764,"stream_errors":0}
PCIE {"t_ms":1790545775088,"test":"conc","trial":1,"copy":"dma","cfg":"h2d/ser","legs":1,"bytes_per_leg":134217728,"leg_ns":[10708073],"wall_ns":10709750,"stream_errors":0}
PCIE {"t_ms":1790545775101,"test":"conc","trial":1,"copy":"dma","cfg":"d2h/ser","legs":1,"bytes_per_leg":134217728,"leg_ns":[13359297],"wall_ns":13361449,"stream_errors":0}
PCIE {"t_ms":1790545775117,"test":"conc","trial":1,"copy":"dma","cfg":"h2d+d2h/ser","legs":2,"bytes_per_leg":134217728,"leg_ns":[15840735,14657151],"wall_ns":15842481,"stream_errors":0}
PCIE {"t_ms":1790545775152,"test":"conc","trial":1,"copy":"staged","cfg":"h2d","legs":1,"bytes_per_leg":134217728,"leg_ns":[34545193],"wall_ns":34547311,"stream_errors":0}
PCIE {"t_ms":1790545775179,"test":"conc","trial":1,"copy":"staged","cfg":"d2h","legs":1,"bytes_per_leg":134217728,"leg_ns":[27285100],"wall_ns":27371069,"stream_errors":0}
PCIE {"t_ms":1790545775229,"test":"conc","trial":1,"copy":"staged","cfg":"h2d+d2h","legs":2,"bytes_per_leg":134217728,"leg_ns":[49813342,38608887],"wall_ns":49815975,"stream_errors":0}
PCIE {"t_ms":1790545775299,"test":"conc","trial":1,"copy":"staged","cfg":"2xh2d","legs":2,"bytes_per_leg":134217728,"leg_ns":[69957294,69957712],"wall_ns":69959868,"stream_errors":0}
PCIE {"t_ms":1790545775357,"test":"conc","trial":1,"copy":"staged","cfg":"2xd2h","legs":2,"bytes_per_leg":134217728,"leg_ns":[56422234,57550481],"wall_ns":57552239,"stream_errors":0}
PCIE {"t_ms":1790545775380,"test":"conc","trial":1,"copy":"staged","cfg":"h2d/ser","legs":1,"bytes_per_leg":134217728,"leg_ns":[23293672],"wall_ns":23296085,"stream_errors":0}
PCIE {"t_ms":1790545775406,"test":"conc","trial":1,"copy":"staged","cfg":"d2h/ser","legs":1,"bytes_per_leg":134217728,"leg_ns":[25817846],"wall_ns":25819808,"stream_errors":0}
PCIE {"t_ms":1790545775451,"test":"conc","trial":1,"copy":"staged","cfg":"h2d+d2h/ser","legs":2,"bytes_per_leg":134217728,"leg_ns":[45108840,38708541],"wall_ns":45110962,"stream_errors":0}
PCIE {"t_ms":1790545775473,"test":"conc","trial":2,"copy":"dma","cfg":"h2d","legs":1,"bytes_per_leg":134217728,"leg_ns":[22089481],"wall_ns":22091160,"stream_errors":0}
PCIE {"t_ms":1790545775485,"test":"conc","trial":2,"copy":"dma","cfg":"d2h","legs":1,"bytes_per_leg":134217728,"leg_ns":[11896730],"wall_ns":11898424,"stream_errors":0}
PCIE {"t_ms":1790545775507,"test":"conc","trial":2,"copy":"dma","cfg":"h2d+d2h","legs":2,"bytes_per_leg":134217728,"leg_ns":[22395357,12199360],"wall_ns":22397026,"stream_errors":0}
PCIE {"t_ms":1790545775552,"test":"conc","trial":2,"copy":"dma","cfg":"2xh2d","legs":2,"bytes_per_leg":134217728,"leg_ns":[44727424,44727781],"wall_ns":44729580,"stream_errors":0}
PCIE {"t_ms":1790545775578,"test":"conc","trial":2,"copy":"dma","cfg":"2xd2h","legs":2,"bytes_per_leg":134217728,"leg_ns":[26080038,26081529],"wall_ns":26083192,"stream_errors":0}
PCIE {"t_ms":1790545775589,"test":"conc","trial":2,"copy":"dma","cfg":"h2d/ser","legs":1,"bytes_per_leg":134217728,"leg_ns":[10774159],"wall_ns":10775873,"stream_errors":0}
PCIE {"t_ms":1790545775602,"test":"conc","trial":2,"copy":"dma","cfg":"d2h/ser","legs":1,"bytes_per_leg":134217728,"leg_ns":[13338670],"wall_ns":13340373,"stream_errors":0}
PCIE {"t_ms":1790545775618,"test":"conc","trial":2,"copy":"dma","cfg":"h2d+d2h/ser","legs":2,"bytes_per_leg":134217728,"leg_ns":[15843765,14696133],"wall_ns":15845468,"stream_errors":0}
PCIE {"t_ms":1790545775653,"test":"conc","trial":2,"copy":"staged","cfg":"h2d","legs":1,"bytes_per_leg":134217728,"leg_ns":[34603018],"wall_ns":34605241,"stream_errors":0}
PCIE {"t_ms":1790545775680,"test":"conc","trial":2,"copy":"staged","cfg":"d2h","legs":1,"bytes_per_leg":134217728,"leg_ns":[26835666],"wall_ns":27275097,"stream_errors":0}
PCIE {"t_ms":1790545775730,"test":"conc","trial":2,"copy":"staged","cfg":"h2d+d2h","legs":2,"bytes_per_leg":134217728,"leg_ns":[49881366,38542821],"wall_ns":49884247,"stream_errors":0}
PCIE {"t_ms":1790545775800,"test":"conc","trial":2,"copy":"staged","cfg":"2xh2d","legs":2,"bytes_per_leg":134217728,"leg_ns":[69991249,69992376],"wall_ns":69994771,"stream_errors":0}
PCIE {"t_ms":1790545775857,"test":"conc","trial":2,"copy":"staged","cfg":"2xd2h","legs":2,"bytes_per_leg":134217728,"leg_ns":[55502570,56349277],"wall_ns":57256500,"stream_errors":0}
PCIE {"t_ms":1790545775881,"test":"conc","trial":2,"copy":"staged","cfg":"h2d/ser","legs":1,"bytes_per_leg":134217728,"leg_ns":[23413900],"wall_ns":23416188,"stream_errors":0}
PCIE {"t_ms":1790545775906,"test":"conc","trial":2,"copy":"staged","cfg":"d2h/ser","legs":1,"bytes_per_leg":134217728,"leg_ns":[25896060],"wall_ns":25897971,"stream_errors":0}
PCIE {"t_ms":1790545775952,"test":"conc","trial":2,"copy":"staged","cfg":"h2d+d2h/ser","legs":2,"bytes_per_leg":134217728,"leg_ns":[45060324,38459879],"wall_ns":45062686,"stream_errors":0}
PCIE {"t_ms":1790545775959,"test":"done","which":"conc","elapsed_s":1.790665}
