
==============================================================================================================
A. What the firmware can set
==============================================================================================================
HPDPLL table read from external/et-platform/etsoc-hal/include/hwinc/hpdpll_modes_config.h: 30 outputs <= 700 MHz with a 100 MHz reference match the recorded list [source]
minion clocks studied: 600 MHz (settable), 400 MHz (settable), 300 MHz (settable), 200 MHz (settable), 100 MHz (settable), 50 MHz (NOT settable: no PLL mode), 25 MHz (NOT settable: no PLL mode), 10 MHz (NOT settable: no PLL mode) [source]
below 100 MHz: the post-dividers could reach 10-50 MHz (HPDPLL 9 bits, LVDPLL 8 bits), but no mode table entry, DM command or BL2 path programs them; PLL4 bypass and the shire mux's reference position are 100 MHz too [source]
voltage floors the firmware accepts (0.20.0+): minion 400 mV, SRAM 660 mV, NoC 400 mV [source]; on the die a 400 mV set-point reads 398 mV (card 0) [measured]; 0.18.0 (card 1) checks nothing, and writes every NoC set to flash [source]
policies: "boot" = SET_FREQUENCY only, voltages stay at the card's 600 MHz point; "floor" = minion 400 mV and SRAM 660 mV at and below 300 MHz, linear to the 600 MHz point between (the safe state's pair; ASSUMED line between); "floor+NoC" = floor, and the NoC at 200 MHz (the vendor test's value, TestDevMgmtApiSyncCmds.cpp) and 400 mV (the firmware floor; the vendor's operating-point validator stops at 485 mV and 300 MHz, so untested) [source/assumed]
at 400 MHz the floor line gives 438 mV (aifoundry2); the 0.18.0 governor's own law (10 mV per 50 MHz from the boot point) would give 460-478 mV and the measured 600-800 MHz table's slope, extrapolated, 416 mV: which is safe at 400 MHz is not established; at and below 300 MHz 400 / 660 mV is the vendor's safe state [source/inference]
other rails are not lowered: DDR (700-870 mV accepted) feeds the memory shires at a fixed 933 MHz, PCIe-logic (731-815) the link (a link retrain hung a host on 30 Sep), Maxion is already at its 600 mV floor [source/inference]

==============================================================================================================
B. Idle rails against die temperature, per card [measured], and their fits [fitted]
==============================================================================================================
aifoundry2      26814 idle samples in 18 whole-degree bins 67-84 C; die mV minion 518, SRAM 704, NoC 484 [measured]
    67 C: board  29.02  minion  9.619  SRAM 1.660  NoC 3.114  off the rails  14.63 W
    70 C: board  30.19  minion 10.255  SRAM 1.808  NoC 3.322  off the rails  14.81 W
    75 C: board  32.85  minion 11.719  SRAM 2.124  NoC 3.831  off the rails  15.18 W
    80 C: board  35.96  minion 13.386  SRAM 2.501  NoC 4.424  off the rails  15.65 W
    84 C: board  38.60  minion 14.908  SRAM 2.773  NoC 4.925  off the rails  15.99 W
aifoundry3      26808 idle samples in 32 whole-degree bins 54-85 C; die mV minion 522, SRAM 698, NoC 484 [measured]
    54 C: board  24.72  minion  7.383  SRAM 2.066  NoC 2.293  off the rails  12.98 W
    60 C: board  26.68  minion  8.474  SRAM 2.351  NoC 2.673  off the rails  13.18 W
    62 C: board  27.44  minion  8.902  SRAM 2.462  NoC 2.833  off the rails  13.24 W
    65 C: board  28.72  minion  9.656  SRAM 2.622  NoC 3.090  off the rails  13.35 W
    70 C: board  31.13  minion 10.962  SRAM 2.936  NoC 3.556  off the rails  13.68 W
    75 C: board  34.00  minion 12.524  SRAM 3.287  NoC 4.123  off the rails  14.07 W
    80 C: board  37.38  minion 14.328  SRAM 3.677  NoC 4.731  off the rails  14.64 W
    85 C: board  41.02  minion 16.486  SRAM 4.108  NoC 5.463  off the rails  14.96 W
aifoundry1-c1   26803 idle samples in 27 whole-degree bins 56-82 C; die mV minion 499, SRAM 751, NoC 486 [measured]
    56 C: board  32.14  minion 10.007  SRAM 2.278  NoC 3.567  off the rails  16.29 W
    60 C: board  34.09  minion 11.135  SRAM 2.432  NoC 3.990  off the rails  16.53 W
    62 C: board  35.20  minion 11.739  SRAM 2.502  NoC 4.228  off the rails  16.73 W
    65 C: board  36.88  minion 12.713  SRAM 2.635  NoC 4.591  off the rails  16.94 W
    70 C: board  40.30  minion 14.631  SRAM 2.884  NoC 5.335  off the rails  17.45 W
    75 C: board  44.32  minion 16.848  SRAM 3.161  NoC 6.165  off the rails  18.15 W
    80 C: board  48.95  minion 19.416  SRAM 3.483  NoC 7.130  off the rails  18.92 W
    82 C: board  50.97  minion 20.567  SRAM 3.633  NoC 7.557  off the rails  19.21 W
aifoundry1-c0   12035 idle samples in 5 whole-degree bins 60-64 C; die mV minion 399, SRAM 660, NoC 486 [measured]
    60 C: board  17.56  minion  3.885  SRAM 0.845  NoC 2.633  off the rails  10.20 W
    62 C: board  17.96  minion  4.091  SRAM 0.879  NoC 2.750  off the rails  10.24 W
    64 C: board  18.39  minion  4.297  SRAM 0.909  NoC 2.862  off the rails  10.32 W

per-rail fits, rail = F + A e^((T-80)/T_L) [fitted]; acceptable = rms within 1.5x the best, F >= 0 (F = the temperature-independent part: the idle clock tree, D below)
  aifoundry2     minion: best T_L 33 C, F 1.57, A80 11.79 W, rms 37 mW; acceptable T_L 23-38 C, F 0.03-4.65 W, A80 8.71-13.32 W (16 fits)
  aifoundry2     sram  : best T_L 42 C, F -0.70, A80 3.19 W, rms 10 mW; acceptable T_L 25-31 C, F 0.04-0.44 W, A80 2.05-2.45 W (7 fits)
  aifoundry2     noc   : best T_L 31 C, F 0.51, A80 3.90 W, rms 13 mW; acceptable T_L 23-35 C, F 0.08-1.37 W, A80 3.04-4.33 W (13 fits)
  aifoundry3     minion: best T_L 32 C, F 1.73, A80 12.61 W, rms 24 mW; acceptable T_L 30-35 C, F 0.91-2.28 W, A80 12.08-13.40 W (6 fits)
  aifoundry3     sram  : best T_L 42 C, F 0.17, A80 3.51 W, rms 5 mW; acceptable T_L 39-44 C, F 0.05-0.36 W, A80 3.32-3.63 W (6 fits)
  aifoundry3     noc   : best T_L 33 C, F 0.21, A80 4.53 W, rms 10 mW; acceptable T_L 31-35 C, F 0.02-0.40 W, A80 4.34-4.71 W (5 fits)
  aifoundry1-c1  minion: best T_L 32 C, F 1.58, A80 17.84 W, rms 26 mW; acceptable T_L 29-35 C, F 0.45-2.72 W, A80 16.77-18.92 W (7 fits)
  aifoundry1-c1  sram  : best T_L 34 C, F 1.10, A80 2.39 W, rms 5 mW; acceptable T_L 30-39 C, F 0.86-1.30 W, A80 2.20-2.62 W (10 fits)
  aifoundry1-c1  noc   : best T_L 32 C, F 0.36, A80 6.77 W, rms 12 mW; acceptable T_L 29-34 C, F 0.08-0.79 W, A80 6.37-7.05 W (6 fits)

aifoundry2 on 21 Sep (cold1, cold2), idle at 600 MHz [measured]: 62 C minion 8.295 SRAM 1.342 NoC 2.700 W; 63 C minion 8.567 SRAM 1.378 NoC 2.775 W; 64 C minion 8.737 SRAM 1.408 NoC 2.813 W; 65 C minion 9.025 SRAM 1.480 NoC 2.918 W; 66 C minion 9.228 SRAM 1.552 NoC 2.984 W; 67 C minion 9.502 SRAM 1.616 NoC 3.067 W; 68 C minion 9.615 SRAM 1.633 NoC 3.111 W

==============================================================================================================
C. The anchors: how much of each rail the clock can remove, and how leakage falls with voltage
==============================================================================================================
(i) aifoundry2 idle: 35.0 W at 800 MHz / 0.618 V (die [64, 65] C) against 28.1 W at 600 MHz / 0.517 V (die [63, 68] C) [measured]; against the idle law at 64.5 C (27.66 W) the step is 7.34 W, raw 6.90 W: anchor 7.12 +- 0.72 W at the board
    the same governor points in E51 (aifoundry2, 28 Sep), median on die: minion 618 / 519 mV, SRAM 830 / 704 mV at 800 / 600 MHz (5282 and 40147 samples) [measured]: the SRAM rail steps too, and its step is part of the anchor
(ii) at a 62 C die: card 0 (1.4.1, 300 MHz, minion 0.399 V, SRAM 0.66 V) minion 4.091 W, SRAM 0.879, NoC 2.750 W; aifoundry2 (600 MHz, 0.519 V) minion 8.302 W, SRAM 1.336, NoC 2.698 W [measured]
     the NoC rails, same voltage and clock on both, agree to 1.019: the two chips leak alike; minion ratio corrected for it: 0.483 +- 10 % (the anchor)
     check at 67 C, aifoundry3 over aifoundry2: NoC rail x1.048, minion rail x1.054 at 522 against 518 mV [measured]
     check at 67 C, aifoundry1-c1 over aifoundry2: NoC rail x1.561, minion rail x1.400 at 499 against 518 mV [measured]
     card 0's own temperature slopes at 60-64 C: minion 0.100, SRAM 0.0166, NoC 0.054 W/C; aifoundry2 at 62 C: minion 0.236, SRAM 0.0442 W/C [measured]
shared minion clock tree at 600 MHz and 518 mV: the values at which every card's refit stays within 1.5x its best rms: 0.84-2.24 W (65 grid values of 0.01 W) [fitted]
shared noc clock tree (NoC at 400 MHz) and 484 mV: the values at which every card's refit stays within 1.5x its best rms: 0.02-0.42 W (29 grid values of 0.01 W) [fitted]

anchors: 12 % of prior draws pass (i), 25 % pass (ii), 94 % keep every refitted rail within 1.5x its best rms, 2 % pass all; the first 2000 are kept
kappa_m (minion leakage, per volt) [fitted]: 2 / 2.49 / 2.93  (prior 0.5-8; N7 DIBL-only 1.4 [outside, O11])
minion leakage at 398 mV over 518 mV, G = (V/V0) e^(kappa (V-V0)) [fitted]: 0.543 / 0.572 / 0.607;  DIBL-only [outside]: 0.65
minion leakage at 618 mV over 518 mV [fitted]: 1.46 / 1.54 / 1.61
minion clock tree at 600 MHz / 518 mV [fitted]: 0.889 / 1.69 / 2.22 W (correlation with kappa -0.67); NoC clock tree at 400 MHz: 0.0284 / 0.206 / 0.407 W
   aifoundry2     leakage T_L, minion 31 / 33 / 35 C, SRAM 25 / 28 / 31 C, NoC 32 / 34 / 35 C; SRAM clock tree 0.0395 / 0.242 / 0.445 W [fitted]
   aifoundry3     leakage T_L, minion 30 / 32 / 35 C, SRAM 39 / 41 / 44 C, NoC 31 / 33 / 35 C; SRAM clock tree 0.0456 / 0.234 / 0.36 W [fitted]
   aifoundry1-c1  leakage T_L, minion 31 / 32 / 34 C, SRAM 30 / 35 / 39 C, NoC 32 / 33 / 34 C; SRAM clock tree 0.858 / 1.05 / 1.3 W [fitted]
check (not an anchor): at 67 C, aifoundry3's minion rail over aifoundry2's, corrected to 518 mV with the fitted kappa: x1.035, against its NoC rail's x1.048: the NoC rail tracks a chip's leakage [measured/model]
check (not an anchor): at 67 C, aifoundry1-c1's minion rail over aifoundry2's, corrected to 518 mV with the fitted kappa: x1.523, against its NoC rail's x1.561: the NoC rail tracks a chip's leakage [measured/model]
kappa_s (SRAM leakage, per volt) [fitted, through anchor (i)]: 1.5 / 2.6 / 4.5 (prior 1.4-10); the SRAM rail's part of the 800 MHz step 0.728 / 1.02 / 1.57 W (of 7.12 +- 0.72)
SRAM leakage at 660 mV over 704 mV [fitted]: 0.769 / 0.836 / 0.878
anchor tension: (i) alone passes 12.3 % of the prior, (ii) alone 25.1 %, both 2.5 %; card 0's 1.4.1 low-power state may not be a pure change of voltage and clock [inference]
check (not an anchor): card 0's SRAM rail over aifoundry2's at 62 C, model 0.681 / 0.756 / 0.843, measured 0.66; the SRAM rails do not follow the NoC rails between cards (aifoundry3's is 1.84x aifoundry2's at 62 C), so the model keeps the wider range [measured/model]
check (not an anchor): card 0's minion temperature slope at 62 C, model (its leakage over aifoundry2's T_L) 0.108 / 0.109 / 0.112 W/C, measured 0.100; a larger T_L at low voltage would make the model's slopes at the floor a little high, i.e. pessimistic [model/measured]

==============================================================================================================
D. The decomposition of idle and loaded power, per card, at its own operating point
==============================================================================================================
Board power at the card's own point = (a) the part no minion clock or voltage touches (off the metered rails: SP, PCIe, memory shires and DRAM, IO, Maxion, board and regulator losses; plus the NoC rail at its own clock) + (b) minion and SRAM leakage (+ its regulator loss) + (c) the minion and SRAM clock tree at idle (+ loss).
(a) is the measured law less (b) and (c); (b) and (c) come from the per-rail fits (section B) [fitted/model]; the regulator loss of (b) and (c) is counted with them.
  aifoundry2 (600 MHz, 518/704 mV) die   25 C: board  17.4 W = (a) 11.9 / 12.2 / 12.7 + (b) 2.53 / 2.9 / 3.41 + (c) 1.28 / 2.24 / 2.94 W; (c) is 7.4 / 12.9 / 16.9 %  [model]
  aifoundry2 (600 MHz, 518/704 mV) die   40 C: board  20.0 W = (a) 12.9 / 13.2 / 13.5 + (b) 4.14 / 4.64 / 5.29 + (c) 1.28 / 2.24 / 2.94 W; (c) is 6.4 / 11.2 / 14.7 %  [model]
  aifoundry2 (600 MHz, 518/704 mV) die   60 C: board  25.8 W = (a) 14.7 / 15 / 15.2 + (b) 7.99 / 8.66 / 9.51 + (c) 1.28 / 2.24 / 2.94 W; (c) is 5.0 / 8.6 / 11.4 %  [model]
  aifoundry2 (600 MHz, 518/704 mV) die   73 C: board  31.8 W = (a) 16.2 / 16.6 / 16.8 + (b) 12.2 / 13 / 14 + (c) 1.28 / 2.23 / 2.94 W; (c) is 4.0 / 7.0 / 9.2 %  [model]
  aifoundry3 (600 MHz, 522/698 mV) die   25 C: board  18.9 W = (a) 12.8 / 13.1 / 13.4 + (b) 3.25 / 3.68 / 4.27 + (c) 1.28 / 2.2 / 2.87 W; (c) is 6.7 / 11.6 / 15.2 %  [model]
  aifoundry3 (600 MHz, 522/698 mV) die   40 C: board  21.2 W = (a) 13.1 / 13.3 / 13.6 + (b) 5.14 / 5.7 / 6.45 + (c) 1.28 / 2.2 / 2.87 W; (c) is 6.0 / 10.4 / 13.5 %  [model]
  aifoundry3 (600 MHz, 522/698 mV) die   56 C: board  25.3 W = (a) 13.7 / 14 / 14.2 + (b) 8.44 / 9.12 / 10 + (c) 1.28 / 2.2 / 2.87 W; (c) is 5.1 / 8.7 / 11.4 %  [model]
  aifoundry3 (600 MHz, 522/698 mV) die   60 C: board  26.7 W = (a) 14 / 14.2 / 14.5 + (b) 9.55 / 10.3 / 11.2 + (c) 1.28 / 2.2 / 2.87 W; (c) is 4.8 / 8.2 / 10.8 %  [model]
  aifoundry1-c1 (600 MHz, 499/751 mV) die   25 C: board  23.3 W = (a) 15.3 / 15.7 / 16 + (b) 4.05 / 4.49 / 5.07 + (c) 2.32 / 3.17 / 3.89 W; (c) is 10.0 / 13.6 / 16.7 %  [model]
  aifoundry1-c1 (600 MHz, 499/751 mV) die   40 C: board  26.5 W = (a) 16 / 16.3 / 16.6 + (b) 6.5 / 7.05 / 7.77 + (c) 2.29 / 3.13 / 3.85 W; (c) is 8.6 / 11.8 / 14.5 %  [model]
  aifoundry1-c1 (600 MHz, 499/751 mV) die   60 C: board  34.1 W = (a) 17.8 / 18.1 / 18.4 + (b) 12.2 / 12.9 / 13.8 + (c) 2.25 / 3.09 / 3.8 W; (c) is 6.6 / 9.1 / 11.1 %  [model]
  aifoundry1-c0 (300 MHz, 399/660 mV) die   25 C: board  13.5 W = (a) 10.9 / 11.2 / 11.6 + (b) 1.42 / 1.59 / 1.8 + (c) 0.417 / 0.703 / 0.93 W; (c) is 3.1 / 5.2 / 6.9 %  [model]
  aifoundry1-c0 (300 MHz, 399/660 mV) die   40 C: board  14.7 W = (a) 11.3 / 11.5 / 11.7 + (b) 2.34 / 2.54 / 2.8 + (c) 0.417 / 0.703 / 0.931 W; (c) is 2.8 / 4.8 / 6.3 %  [model]
  aifoundry1-c0 (300 MHz, 399/660 mV) die   60 C: board  17.6 W = (a) 12 / 12.1 / 12.2 + (b) 4.51 / 4.76 / 5.06 + (c) 0.417 / 0.702 / 0.93 W; (c) is 2.4 / 4.0 / 5.3 %  [model]
  aifoundry1-c0 (300 MHz, 399/660 mV) die   62 C: board  18.0 W = (a) 12.1 / 12.2 / 12.3 + (b) 4.82 / 5.07 / 5.37 + (c) 0.416 / 0.702 / 0.93 W; (c) is 2.3 / 3.9 / 5.2 %  [model]
loaded, aifoundry2 at 80 C, fp32 randn on 1,024 minions: 63.9 W at the board [measured, dvfs.json busy_randn_80c] = (a) 17.6 + (b) 16.2 + (c) 2.2 + switching 27.6 W [measured: busy - idle 36.3] (medians; (a)-(c) model): the switching is 43 %, the clock tree 3 %; at 100 MHz and the floor voltages the switching would be 2.7 W [model]
check against Esperanto's measured idle (outside O3, RISC-V Summit 2022: card 20.0 W, minion 5.8, NoC 1.6, SRAM 1.7 W; clock and temperature not given): aifoundry2's model reaches a 5.8 W minion rail at a 46 C die, where its NoC rail is 1.75 W, its SRAM rail 0.91 W (Esperanto: 1.7) and the card 21.5 W [model/outside]; 46 C lies below every measured bin of aifoundry2 (62-84 C), so these are its fitted laws extrapolated
loaded: fp32 randn TensorFMA adds 22.7 / 25.5 / 28.3 W at the board on 32 shires at 600 MHz (measured +27.1 on aifoundry2, 10-data-dependent-power.md) [measured/assumed range]; x f V^2: at 100 MHz and 398 mV 2.24 / 2.52 / 2.8 W, at 10 MHz 0.224 / 0.252 / 0.28 W [model]

==============================================================================================================
E. Operating points: idle board power at 25 / 40 / 60 C die, its slope, and loaded power (median [5-95])
==============================================================================================================
card            clock policy      minion/SRAM mV idle board W, 25 / 40 / 60 C [5-95 at 60]  dP/dT board W/C at 60  +16 shires at 60 C   +32 shires  status
aifoundry2        600 boot           518/ 704      17.4 / 20.0 / 25.8   [25.8-25.8]   0.378 (SoC 0.331)     38.7     51.5      settable
aifoundry2        400 boot           518/ 704      16.6 / 19.3 / 25.1   [24.9-25.4]   0.378 (SoC 0.331)     33.6     42.2      settable; the governor restores 600 MHz unless the owner changes it
aifoundry2        300 boot           518/ 704      16.3 / 18.9 / 24.7   [24.4-25.2]   0.378 (SoC 0.331)     31.1     37.5      settable; the governor restores 600 MHz unless the owner changes it
aifoundry2        200 boot           518/ 704      15.9 / 18.5 / 24.3   [23.9-25.0]   0.378 (SoC 0.331)     28.6     32.9      settable; the governor restores 600 MHz unless the owner changes it
aifoundry2        100 boot           518/ 704      15.5 / 18.2 / 24.0   [23.4-24.8]   0.378 (SoC 0.331)     26.1     28.2      settable; the governor restores 600 MHz unless the owner changes it
aifoundry2         50 boot           518/ 704      15.3 / 18.0 / 23.8   [23.1-24.7]   0.378 (SoC 0.331)     24.8     25.9      not settable (no PLL mode)
aifoundry2         25 boot           518/ 704      15.2 / 17.9 / 23.7   [23.0-24.6]   0.378 (SoC 0.331)     24.2     24.7      not settable (no PLL mode)
aifoundry2         10 boot           518/ 704      15.2 / 17.8 / 23.6   [23.0-24.6]   0.378 (SoC 0.331)     23.9     24.1      not settable (no PLL mode)
aifoundry2        400 floor          438/ 675      15.4 / 17.6 / 22.3   [22.1-22.4]   0.303 (SoC 0.266)     28.4     34.5      settable; the governor restores 600 MHz unless the owner changes it
aifoundry2        300 floor          398/ 660      14.7 / 16.7 / 20.9   [20.7-21.1]   0.272 (SoC 0.240)     24.7     28.4      settable; the governor restores 600 MHz unless the owner changes it
aifoundry2        200 floor          398/ 660      14.4 / 16.4 / 20.7   [20.4-20.9]   0.272 (SoC 0.240)     23.2     25.7      settable; the governor restores 600 MHz unless the owner changes it
aifoundry2        100 floor          398/ 660      14.2 / 16.2 / 20.4   [20.1-20.8]   0.272 (SoC 0.240)     21.7     22.9      settable; the governor restores 600 MHz unless the owner changes it
aifoundry2         50 floor          398/ 660      14.1 / 16.1 / 20.3   [19.9-20.7]   0.272 (SoC 0.240)     20.9     21.6      not settable (no PLL mode)
aifoundry2         25 floor          398/ 660      14.0 / 16.0 / 20.3   [19.9-20.7]   0.272 (SoC 0.240)     20.6     20.9      not settable (no PLL mode)
aifoundry2         10 floor          398/ 660      14.0 / 16.0 / 20.2   [19.8-20.6]   0.272 (SoC 0.240)     20.3     20.5      not settable (no PLL mode)
aifoundry2        600 floor+NoC      518/ 704*     16.8 / 19.3 / 24.7   [24.5-24.8]   0.348 (SoC 0.308)     37.5     50.3      settable
aifoundry2        400 floor+NoC      438/ 675*     14.9 / 16.9 / 21.1   [20.9-21.3]   0.273 (SoC 0.243)     27.2     33.3      settable; the governor restores 600 MHz unless the owner changes it
aifoundry2        300 floor+NoC      398/ 660*     14.1 / 15.9 / 19.7   [19.4-20.0]   0.242 (SoC 0.217)     23.5     27.3      settable; the governor restores 600 MHz unless the owner changes it
aifoundry2        200 floor+NoC      398/ 660*     13.9 / 15.7 / 19.5   [19.2-19.8]   0.242 (SoC 0.217)     22.0     24.5      settable; the governor restores 600 MHz unless the owner changes it
aifoundry2        100 floor+NoC      398/ 660*     13.7 / 15.5 / 19.2   [18.9-19.6]   0.242 (SoC 0.217)     20.5     21.8      settable; the governor restores 600 MHz unless the owner changes it
aifoundry2         50 floor+NoC      398/ 660*     13.6 / 15.3 / 19.1   [18.7-19.5]   0.242 (SoC 0.217)     19.8     20.4      not settable (no PLL mode)
aifoundry2         25 floor+NoC      398/ 660*     13.5 / 15.3 / 19.1   [18.7-19.5]   0.242 (SoC 0.217)     19.4     19.7      not settable (no PLL mode)
aifoundry2         10 floor+NoC      398/ 660*     13.5 / 15.3 / 19.0   [18.6-19.4]   0.242 (SoC 0.217)     19.2     19.3      not settable (no PLL mode)
aifoundry3        600 boot           522/ 698      18.9 / 21.2 / 26.7   [26.7-26.7]   0.375 (SoC 0.328)     39.7     52.7      settable
aifoundry3        400 boot           522/ 698      18.2 / 20.5 / 25.9   [25.7-26.3]   0.375 (SoC 0.328)     34.6     43.3      settable
aifoundry3        300 boot           522/ 698      17.8 / 20.1 / 25.6   [25.2-26.0]   0.375 (SoC 0.328)     32.1     38.6      settable
aifoundry3        200 boot           522/ 698      17.5 / 19.7 / 25.2   [24.7-25.8]   0.375 (SoC 0.328)     29.5     33.9      settable
aifoundry3        100 boot           522/ 698      17.1 / 19.4 / 24.8   [24.3-25.6]   0.375 (SoC 0.328)     27.0     29.2      settable
aifoundry3         50 boot           522/ 698      16.9 / 19.2 / 24.6   [24.0-25.5]   0.375 (SoC 0.328)     25.7     26.8      not settable (no PLL mode)
aifoundry3         25 boot           522/ 698      16.8 / 19.1 / 24.6   [23.9-25.5]   0.375 (SoC 0.328)     25.1     25.6      not settable (no PLL mode)
aifoundry3         10 boot           522/ 698      16.8 / 19.0 / 24.5   [23.8-25.4]   0.375 (SoC 0.328)     24.7     24.9      not settable (no PLL mode)
aifoundry3        400 floor          439/ 673      16.9 / 18.6 / 22.8   [22.6-23.0]   0.291 (SoC 0.257)     28.9     35.1      settable
aifoundry3        300 floor          398/ 660      16.1 / 17.6 / 21.3   [21.1-21.5]   0.257 (SoC 0.228)     25.1     28.9      settable
aifoundry3        200 floor          398/ 660      15.8 / 17.4 / 21.1   [20.8-21.3]   0.257 (SoC 0.228)     23.6     26.1      settable
aifoundry3        100 floor          398/ 660      15.6 / 17.1 / 20.9   [20.5-21.2]   0.257 (SoC 0.228)     22.1     23.4      settable
aifoundry3         50 floor          398/ 660      15.5 / 17.0 / 20.7   [20.4-21.1]   0.257 (SoC 0.228)     21.4     22.0      not settable (no PLL mode)
aifoundry3         25 floor          398/ 660      15.5 / 17.0 / 20.7   [20.3-21.1]   0.257 (SoC 0.228)     21.0     21.3      not settable (no PLL mode)
aifoundry3         10 floor          398/ 660      15.4 / 16.9 / 20.7   [20.3-21.0]   0.257 (SoC 0.228)     20.8     20.9      not settable (no PLL mode)
aifoundry3        600 floor+NoC      522/ 698*     18.4 / 20.5 / 25.4   [25.3-25.6]   0.342 (SoC 0.303)     38.5     51.5      settable
aifoundry3        400 floor+NoC      439/ 673*     16.3 / 17.8 / 21.6   [21.3-21.8]   0.258 (SoC 0.232)     27.7     33.9      settable
aifoundry3        300 floor+NoC      398/ 660*     15.5 / 16.8 / 20.1   [19.8-20.3]   0.224 (SoC 0.203)     23.8     27.6      settable
aifoundry3        200 floor+NoC      398/ 660*     15.3 / 16.6 / 19.8   [19.5-20.1]   0.224 (SoC 0.203)     22.4     24.9      settable
aifoundry3        100 floor+NoC      398/ 660*     15.1 / 16.4 / 19.6   [19.3-19.9]   0.224 (SoC 0.203)     20.9     22.1      settable
aifoundry3         50 floor+NoC      398/ 660*     15.0 / 16.3 / 19.5   [19.1-19.8]   0.224 (SoC 0.203)     20.1     20.8      not settable (no PLL mode)
aifoundry3         25 floor+NoC      398/ 660*     14.9 / 16.2 / 19.4   [19.1-19.8]   0.224 (SoC 0.203)     19.8     20.1      not settable (no PLL mode)
aifoundry3         10 floor+NoC      398/ 660*     14.9 / 16.2 / 19.4   [19.0-19.8]   0.224 (SoC 0.203)     19.5     19.7      not settable (no PLL mode)
aifoundry1-c1     600 boot           499/ 751      23.3 / 26.5 / 34.1   [34.1-34.1]   0.522 (SoC 0.456)     46.0     57.9      settable
aifoundry1-c1     400 boot           499/ 751      22.2 / 25.4 / 33.0   [32.7-33.3]   0.522 (SoC 0.456)     40.9     48.8      settable
aifoundry1-c1     300 boot           499/ 751      21.6 / 24.8 / 32.4   [32.1-32.8]   0.522 (SoC 0.456)     38.4     44.3      settable
aifoundry1-c1     200 boot           499/ 751      21.1 / 24.2 / 31.9   [31.4-32.4]   0.522 (SoC 0.456)     35.8     39.8      settable
aifoundry1-c1     100 boot           499/ 751      20.5 / 23.7 / 31.3   [30.7-32.0]   0.522 (SoC 0.456)     33.3     35.3      settable
aifoundry1-c1      50 boot           499/ 751      20.2 / 23.4 / 31.0   [30.4-31.8]   0.522 (SoC 0.456)     32.0     33.0      not settable (no PLL mode)
aifoundry1-c1      25 boot           499/ 751      20.1 / 23.3 / 30.9   [30.2-31.7]   0.522 (SoC 0.456)     31.4     31.9      not settable (no PLL mode)
aifoundry1-c1      10 boot           499/ 751      20.0 / 23.2 / 30.8   [30.1-31.6]   0.522 (SoC 0.456)     31.0     31.2      not settable (no PLL mode)
aifoundry1-c1     400 floor          432/ 690      20.6 / 23.1 / 29.2   [29.0-29.5]   0.420 (SoC 0.368)     35.2     41.1      forbidden by the lab rule (0.18.0: no range check, NoC sets written to flash)
aifoundry1-c1     300 floor          398/ 660      19.6 / 21.8 / 27.3   [27.0-27.6]   0.378 (SoC 0.331)     31.0     34.8      forbidden by the lab rule (0.18.0: no range check, NoC sets written to flash)
aifoundry1-c1     200 floor          398/ 660      19.2 / 21.4 / 26.9   [26.6-27.2]   0.378 (SoC 0.331)     29.4     31.9      forbidden by the lab rule (0.18.0: no range check, NoC sets written to flash)
aifoundry1-c1     100 floor          398/ 660      18.8 / 21.0 / 26.5   [26.1-26.9]   0.378 (SoC 0.331)     27.7     29.0      forbidden by the lab rule (0.18.0: no range check, NoC sets written to flash)
aifoundry1-c1      50 floor          398/ 660      18.6 / 20.8 / 26.3   [25.9-26.7]   0.378 (SoC 0.331)     26.9     27.5      not settable (no PLL mode)
aifoundry1-c1      25 floor          398/ 660      18.5 / 20.7 / 26.2   [25.8-26.6]   0.378 (SoC 0.331)     26.5     26.8      not settable (no PLL mode)
aifoundry1-c1      10 floor          398/ 660      18.4 / 20.7 / 26.1   [25.7-26.6]   0.378 (SoC 0.331)     26.3     26.4      not settable (no PLL mode)
aifoundry1-c1     600 floor+NoC      499/ 751*     22.6 / 25.5 / 32.4   [32.2-32.5]   0.475 (SoC 0.417)     44.3     56.2      forbidden by the lab rule (0.18.0: no range check, NoC sets written to flash)
aifoundry1-c1     400 floor+NoC      432/ 690*     19.9 / 22.1 / 27.5   [27.2-27.8]   0.373 (SoC 0.329)     33.4     39.4      forbidden by the lab rule (0.18.0: no range check, NoC sets written to flash)
aifoundry1-c1     300 floor+NoC      398/ 660*     18.9 / 20.8 / 25.5   [25.2-25.9]   0.331 (SoC 0.292)     29.3     33.1      forbidden by the lab rule (0.18.0: no range check, NoC sets written to flash)
aifoundry1-c1     200 floor+NoC      398/ 660*     18.5 / 20.4 / 25.1   [24.8-25.5]   0.331 (SoC 0.292)     27.7     30.2      forbidden by the lab rule (0.18.0: no range check, NoC sets written to flash)
aifoundry1-c1     100 floor+NoC      398/ 660*     18.1 / 20.0 / 24.8   [24.4-25.2]   0.331 (SoC 0.292)     26.0     27.3      forbidden by the lab rule (0.18.0: no range check, NoC sets written to flash)
aifoundry1-c1      50 floor+NoC      398/ 660*     17.9 / 19.8 / 24.6   [24.1-25.0]   0.331 (SoC 0.292)     25.2     25.8      not settable (no PLL mode)
aifoundry1-c1      25 floor+NoC      398/ 660*     17.8 / 19.7 / 24.5   [24.0-24.9]   0.331 (SoC 0.292)     24.8     25.1      not settable (no PLL mode)
aifoundry1-c1      10 floor+NoC      398/ 660*     17.7 / 19.6 / 24.4   [24.0-24.9]   0.331 (SoC 0.292)     24.5     24.7      not settable (no PLL mode)
aifoundry1-c0     300 floor          399/ 660      13.5 / 14.7 / 17.6   [17.6-17.6]   0.194 (SoC 0.170)     21.4     25.2      off-limits (card 0 overheats); its own 1.4.1 idle point
aifoundry1-c0     200 floor          399/ 660      13.3 / 14.5 / 17.3   [17.3-17.4]   0.194 (SoC 0.170)     19.9     22.4      off-limits (card 0 overheats)
aifoundry1-c0     100 floor          399/ 660      13.1 / 14.3 / 17.1   [17.0-17.3]   0.194 (SoC 0.170)     18.4     19.6      off-limits (card 0 overheats)
aifoundry1-c0      50 floor          399/ 660      13.0 / 14.1 / 17.0   [16.8-17.2]   0.194 (SoC 0.170)     17.6     18.3      not settable (no PLL mode)
aifoundry1-c0      25 floor          399/ 660      12.9 / 14.1 / 16.9   [16.7-17.2]   0.194 (SoC 0.170)     17.2     17.6      not settable (no PLL mode)
aifoundry1-c0      10 floor          399/ 660      12.9 / 14.1 / 16.9   [16.7-17.2]   0.194 (SoC 0.170)     17.0     17.1      not settable (no PLL mode)
aifoundry1-c0     300 floor+NoC      399/ 660*     13.0 / 14.0 / 16.3   [16.2-16.5]   0.163 (SoC 0.146)     20.1     23.9      off-limits (card 0 overheats); its own 1.4.1 idle point
aifoundry1-c0     200 floor+NoC      399/ 660*     12.7 / 13.7 / 16.1   [16.0-16.2]   0.163 (SoC 0.146)     18.6     21.2      off-limits (card 0 overheats)
aifoundry1-c0     100 floor+NoC      399/ 660*     12.5 / 13.5 / 15.9   [15.7-16.0]   0.163 (SoC 0.146)     17.1     18.4      off-limits (card 0 overheats)
aifoundry1-c0      50 floor+NoC      399/ 660*     12.4 / 13.4 / 15.8   [15.6-16.0]   0.163 (SoC 0.146)     16.4     17.0      not settable (no PLL mode)
aifoundry1-c0      25 floor+NoC      399/ 660*     12.3 / 13.3 / 15.7   [15.5-15.9]   0.163 (SoC 0.146)     16.0     16.3      not settable (no PLL mode)
aifoundry1-c0      10 floor+NoC      399/ 660*     12.3 / 13.3 / 15.7   [15.4-15.9]   0.163 (SoC 0.146)     15.8     15.9      not settable (no PLL mode)
(* NoC at 200 MHz / 400 mV; otherwise 400 MHz at the card's own voltage.  [model] throughout; 25 C lies below the measured range (54-85 C), so it is an extrapolation of the fitted exponentials)

What no clock removes (f -> 0, at the card's own temperature law) [model]:
  aifoundry2     voltages boot      : board 14.4 / 15.1 / 16.1 W at 25 C, 22.9 / 23.6 / 24.6 W at 60 C (the die's share 16.3 / 18.1 / 19.8 W); that is 5 / 9 / 11 % below 600 MHz idle
  aifoundry2     voltages floor     : board 13.5 / 14 / 14.7 W at 25 C, 19.8 / 20.2 / 20.6 W at 60 C (the die's share 13.6 / 15.2 / 16.7 W); that is 20 / 22 / 23 % below 600 MHz idle
  aifoundry2     voltages floor+NoC : board 12.9 / 13.4 / 14.1 W at 25 C, 18.6 / 19 / 19.4 W at 60 C (the die's share 12.7 / 14.2 / 15.8 W); that is 25 / 26 / 28 % below 600 MHz idle
  aifoundry3     voltages boot      : board 16 / 16.7 / 17.7 W at 25 C, 23.8 / 24.5 / 25.4 W at 60 C (the die's share 17.1 / 18.6 / 20.1 W); that is 5 / 8 / 11 % below 600 MHz idle
  aifoundry3     voltages floor     : board 14.9 / 15.4 / 16 W at 25 C, 20.3 / 20.6 / 21 W at 60 C (the die's share 13.9 / 15.3 / 16.7 W); that is 21 / 23 / 24 % below 600 MHz idle
  aifoundry3     voltages floor+NoC : board 14.4 / 14.9 / 15.5 W at 25 C, 19 / 19.4 / 19.8 W at 60 C (the die's share 13 / 14.3 / 15.7 W); that is 26 / 27 / 29 % below 600 MHz idle
  aifoundry1-c1  voltages boot      : board 19.2 / 20 / 20.8 W at 25 C, 30 / 30.7 / 31.6 W at 60 C (the die's share 22.5 / 24.3 / 26 W); that is 7 / 10 / 12 % below 600 MHz idle
  aifoundry1-c1  voltages floor     : board 17.8 / 18.4 / 19 W at 25 C, 25.7 / 26.1 / 26.5 W at 60 C (the die's share 18.6 / 20.2 / 21.8 W); that is 22 / 24 / 25 % below 600 MHz idle
  aifoundry1-c1  voltages floor+NoC : board 17.1 / 17.7 / 18.2 W at 25 C, 23.9 / 24.4 / 24.8 W at 60 C (the die's share 17.1 / 18.8 / 20.4 W); that is 27 / 29 / 30 % below 600 MHz idle

==============================================================================================================
F. Steady state: bare package (still air, fan), heatsink on, IR-window cooler
==============================================================================================================
theta SoC basis [model, nohs_calc.py B]: still 4.2 / 6.83 / 11.5, fan 2.13 / 3.76 / 6.61 C/W; IR-window cooler 0.103 / 0.182 / 0.338 C/W; heatsink (board basis, from each card's idle point): a2 1.43 / 1.51 / 1.6, a3 1.12 / 1.23 / 1.33, c1 0.947 / 1.03 / 1.11, c0 1.91 / 2.06 / 2.21
Cells: share of draws that settle below 85 C, then the median settled temperature of those that settle below 125 C ("(n st)" = only n of the draws settle below 125 C).  theta85 = the largest SoC-basis theta that settles at or below 85 C with Ta 25 C (bare lid: 4-12 still, 2-7 fan) [model]
-- load: idle
card            clock policy        still air          fan  heatsink on    theta85 SoC C/W
aifoundry2        600 boot                 0%    0% (9 st)    100%  73C 1.83 / 1.91 / 2.02
aifoundry2        400 boot                 0%   1% (16 st)    100%  68C 1.87 / 1.96 / 2.07
aifoundry2        300 boot                 0%   1% (18 st)    100%  66C  1.89 / 1.99 / 2.1
aifoundry2        200 boot                 0%      1%  63C    100%  65C 1.91 / 2.01 / 2.14
aifoundry2        100 boot                 0%      2%  63C    100%  63C 1.93 / 2.04 / 2.17
aifoundry2         50 boot                 0%      2%  63C    100%  62C 1.94 / 2.05 / 2.19   (not settable)
aifoundry2         25 boot                 0%      2%  63C    100%  62C  1.94 / 2.06 / 2.2   (not settable)
aifoundry2         10 boot                 0%      2%  63C    100%  62C 1.95 / 2.06 / 2.21   (not settable)
aifoundry2        400 floor                0%      9%  63C    100%  58C  2.17 / 2.3 / 2.44
aifoundry2        300 floor                0%     15%  61C    100%  54C 2.35 / 2.49 / 2.66
aifoundry2        200 floor                0%     16%  60C    100%  54C 2.37 / 2.51 / 2.68
aifoundry2        100 floor                0%     16%  59C    100%  53C 2.39 / 2.54 / 2.71
aifoundry2         50 floor                0%     17%  59C    100%  53C  2.4 / 2.55 / 2.73   (not settable)
aifoundry2         25 floor                0%     17%  59C    100%  53C 2.41 / 2.56 / 2.74   (not settable)
aifoundry2         10 floor                0%     17%  59C    100%  53C 2.41 / 2.56 / 2.74   (not settable)
aifoundry2        600 floor+NoC            0%      1%  65C    100%  65C 1.93 / 2.02 / 2.13
aifoundry2        400 floor+NoC            0%     14%  62C    100%  55C 2.32 / 2.45 / 2.62
aifoundry2        300 floor+NoC            0%     20%  59C    100%  52C 2.52 / 2.68 / 2.87
aifoundry2        200 floor+NoC            0%     21%  59C    100%  52C 2.54 / 2.71 / 2.91
aifoundry2        100 floor+NoC            0%     22%  58C    100%  51C 2.57 / 2.74 / 2.93
aifoundry2         50 floor+NoC            0%     22%  58C    100%  51C 2.58 / 2.75 / 2.95   (not settable)
aifoundry2         25 floor+NoC            0%     22%  57C    100%  51C 2.58 / 2.75 / 2.96   (not settable)
aifoundry2         10 floor+NoC            0%     22%  57C    100%  51C 2.58 / 2.76 / 2.96   (not settable)
aifoundry3        600 boot                 0%    0% (1 st)    100%  56C 1.77 / 1.86 / 1.96
aifoundry3        400 boot                 0%    0% (2 st)    100%  55C 1.81 / 1.91 / 2.01
aifoundry3        300 boot                 0%    0% (8 st)    100%  54C 1.83 / 1.93 / 2.04
aifoundry3        200 boot                 0%   1% (12 st)    100%  53C 1.85 / 1.96 / 2.07
aifoundry3        100 boot                 0%      1%  65C    100%  52C  1.87 / 1.98 / 2.1
aifoundry3         50 boot                 0%      1%  64C    100%  52C 1.88 / 1.99 / 2.12   (not settable)
aifoundry3         25 boot                 0%      1%  64C    100%  52C    1.89 / 2 / 2.13   (not settable)
aifoundry3         10 boot                 0%      2%  63C    100%  52C 1.89 / 2.01 / 2.14   (not settable)
aifoundry3        400 floor                0%      8%  63C    100%  50C  2.13 / 2.26 / 2.4
aifoundry3        300 floor                0%     14%  61C    100%  48C 2.31 / 2.47 / 2.64
aifoundry3        200 floor                0%     15%  61C    100%  48C 2.33 / 2.49 / 2.66
aifoundry3        100 floor                0%     15%  60C    100%  47C 2.35 / 2.51 / 2.69
aifoundry3         50 floor                0%     16%  60C    100%  47C  2.36 / 2.52 / 2.7   (not settable)
aifoundry3         25 floor                0%     16%  60C    100%  47C 2.37 / 2.53 / 2.71   (not settable)
aifoundry3         10 floor                0%     16%  60C    100%  47C 2.37 / 2.53 / 2.71   (not settable)
aifoundry3        600 floor+NoC            0%   1% (16 st)    100%  54C 1.87 / 1.97 / 2.08
aifoundry3        400 floor+NoC            0%     13%  62C    100%  48C 2.27 / 2.42 / 2.59
aifoundry3        300 floor+NoC            0%     19%  60C    100%  47C 2.47 / 2.66 / 2.86
aifoundry3        200 floor+NoC            0%     20%  60C    100%  46C  2.5 / 2.68 / 2.89
aifoundry3        100 floor+NoC            0%     21%  59C    100%  46C 2.52 / 2.71 / 2.92
aifoundry3         50 floor+NoC            0%     22%  59C    100%  46C 2.53 / 2.72 / 2.94   (not settable)
aifoundry3         25 floor+NoC            0%     22%  59C    100%  46C 2.54 / 2.73 / 2.95   (not settable)
aifoundry3         10 floor+NoC            0%     22%  59C    100%  46C 2.54 / 2.74 / 2.95   (not settable)
aifoundry1-c1     600 boot                 0%           0%    100%  60C  1.34 / 1.4 / 1.47
aifoundry1-c1     400 boot                 0%           0%    100%  58C 1.37 / 1.44 / 1.51
aifoundry1-c1     300 boot                 0%           0%    100%  57C 1.39 / 1.46 / 1.53
aifoundry1-c1     200 boot                 0%           0%    100%  55C 1.41 / 1.48 / 1.55
aifoundry1-c1     100 boot                 0%           0%    100%  54C  1.43 / 1.5 / 1.58
aifoundry1-c1      50 boot                 0%           0%    100%  54C 1.43 / 1.51 / 1.59   (not settable)
aifoundry1-c1      25 boot                 0%           0%    100%  54C  1.44 / 1.51 / 1.6   (not settable)
aifoundry1-c1      10 boot                 0%           0%    100%  54C  1.44 / 1.52 / 1.6   (not settable)
aifoundry1-c1     400 floor                0%           0%    100%  52C 1.59 / 1.67 / 1.77
aifoundry1-c1     300 floor                0%           0%    100%  50C 1.72 / 1.82 / 1.93
aifoundry1-c1     200 floor                0%           0%    100%  49C 1.73 / 1.84 / 1.95
aifoundry1-c1     100 floor                0%           0%    100%  49C 1.75 / 1.86 / 1.97
aifoundry1-c1      50 floor                0%    0% (1 st)    100%  48C 1.76 / 1.87 / 1.99   (not settable)
aifoundry1-c1      25 floor                0%    0% (2 st)    100%  48C 1.77 / 1.87 / 1.99   (not settable)
aifoundry1-c1      10 floor                0%    0% (2 st)    100%  48C    1.77 / 1.88 / 2   (not settable)
aifoundry1-c1     600 floor+NoC            0%           0%    100%  57C 1.42 / 1.49 / 1.57
aifoundry1-c1     400 floor+NoC            0%           0%    100%  50C  1.7 / 1.81 / 1.92
aifoundry1-c1     300 floor+NoC            0%      1%  66C    100%  48C 1.85 / 1.98 / 2.11
aifoundry1-c1     200 floor+NoC            0%      1%  66C    100%  47C    1.87 / 2 / 2.14
aifoundry1-c1     100 floor+NoC            0%      2%  64C    100%  47C 1.89 / 2.02 / 2.16
aifoundry1-c1      50 floor+NoC            0%      2%  64C    100%  47C  1.9 / 2.04 / 2.18   (not settable)
aifoundry1-c1      25 floor+NoC            0%      2%  63C    100%  46C 1.91 / 2.04 / 2.18   (not settable)
aifoundry1-c1      10 floor+NoC            0%      2%  63C    100%  46C 1.91 / 2.05 / 2.19   (not settable)
aifoundry1-c0     300 floor                0%     33%  56C    100%  62C 2.98 / 3.14 / 3.32
aifoundry1-c0     200 floor                0%     34%  56C    100%  61C 3.01 / 3.18 / 3.37
aifoundry1-c0     100 floor                0%     36%  55C    100%  60C 3.04 / 3.22 / 3.41
aifoundry1-c0      50 floor                0%     36%  55C    100%  60C 3.06 / 3.24 / 3.43   (not settable)
aifoundry1-c0      25 floor                0%     36%  55C    100%  60C 3.07 / 3.25 / 3.45   (not settable)
aifoundry1-c0      10 floor                0%     36%  55C    100%  60C 3.07 / 3.25 / 3.45   (not settable)
aifoundry1-c0     300 floor+NoC            0%     42%  56C    100%  58C 3.26 / 3.46 / 3.68
aifoundry1-c0     200 floor+NoC            0%     43%  55C    100%  57C  3.3 / 3.51 / 3.73
aifoundry1-c0     100 floor+NoC            0%     44%  55C    100%  57C 3.34 / 3.55 / 3.78
aifoundry1-c0      50 floor+NoC            0%     45%  55C    100%  56C 3.36 / 3.58 / 3.81   (not settable)
aifoundry1-c0      25 floor+NoC            0%     45%  54C    100%  56C 3.37 / 3.59 / 3.83   (not settable)
aifoundry1-c0      10 floor+NoC            0%     45%  54C    100%  56C  3.38 / 3.6 / 3.83   (not settable)
-- load: pattern (fp32 randn on 16 shires, the checkerboard or half-die pattern)
card            clock policy        still air          fan  heatsink on    theta85 SoC C/W
aifoundry2        600 boot                 0%           0%           0%  1.34 / 1.4 / 1.46
aifoundry2        400 boot                 0%           0%           0% 1.49 / 1.56 / 1.63
aifoundry2        300 boot                 0%           0%           0% 1.58 / 1.65 / 1.73
aifoundry2        200 boot                 0%           0%           0% 1.69 / 1.76 / 1.85
aifoundry2        100 boot                 0%    0% (6 st)     65%  73C  1.81 / 1.9 / 2.01
aifoundry2         50 boot                 0%   1% (17 st)    100%  67C  1.87 / 1.98 / 2.1   (not settable)
aifoundry2         25 boot                 0%      2%  62C    100%  64C 1.91 / 2.02 / 2.16   (not settable)
aifoundry2         10 boot                 0%      2%  62C    100%  63C 1.93 / 2.05 / 2.19   (not settable)
aifoundry2        400 floor                0%    0% (5 st)     81%  79C  1.81 / 1.9 / 1.99
aifoundry2        300 floor                0%      6%  71C    100%  64C 2.07 / 2.18 / 2.31
aifoundry2        200 floor                0%      9%  67C    100%  60C 2.17 / 2.29 / 2.43
aifoundry2        100 floor                0%     13%  64C    100%  56C 2.29 / 2.42 / 2.57
aifoundry2         50 floor                0%     15%  61C    100%  55C 2.35 / 2.49 / 2.65   (not settable)
aifoundry2         25 floor                0%     16%  60C    100%  54C  2.38 / 2.53 / 2.7   (not settable)
aifoundry2         10 floor                0%     17%  59C    100%  53C  2.4 / 2.55 / 2.72   (not settable)
aifoundry2        600 floor+NoC            0%           0%           0%  1.4 / 1.46 / 1.53
aifoundry2        400 floor+NoC            0%      1%  78C    100%  72C 1.91 / 2.01 / 2.12
aifoundry2        300 floor+NoC            0%     10%  68C    100%  61C  2.2 / 2.33 / 2.47
aifoundry2        200 floor+NoC            0%     15%  66C    100%  57C 2.32 / 2.45 / 2.61
aifoundry2        100 floor+NoC            0%     18%  61C    100%  54C  2.44 / 2.6 / 2.77
aifoundry2         50 floor+NoC            0%     20%  59C    100%  52C 2.51 / 2.68 / 2.87   (not settable)
aifoundry2         25 floor+NoC            0%     21%  58C    100%  52C 2.55 / 2.72 / 2.92   (not settable)
aifoundry2         10 floor+NoC            0%     22%  58C    100%  51C 2.57 / 2.74 / 2.95   (not settable)
aifoundry3        600 boot                 0%           0%           0% 1.29 / 1.35 / 1.42
aifoundry3        400 boot                 0%           0%     45%  76C 1.44 / 1.51 / 1.58
aifoundry3        300 boot                 0%           0%     98%  69C  1.53 / 1.6 / 1.68
aifoundry3        200 boot                 0%           0%    100%  62C  1.63 / 1.71 / 1.8
aifoundry3        100 boot                 0%           0%    100%  57C 1.75 / 1.84 / 1.95
aifoundry3         50 boot                 0%    0% (6 st)    100%  54C 1.82 / 1.92 / 2.04   (not settable)
aifoundry3         25 boot                 0%   1% (13 st)    100%  53C 1.86 / 1.96 / 2.09   (not settable)
aifoundry3         10 boot                 0%      1%  65C    100%  52C 1.88 / 1.99 / 2.12   (not settable)
aifoundry3        400 floor                0%           0%    100%  61C 1.76 / 1.85 / 1.95
aifoundry3        300 floor                0%      5%  69C    100%  54C 2.03 / 2.15 / 2.28
aifoundry3        200 floor                0%      8%  66C    100%  52C  2.13 / 2.26 / 2.4
aifoundry3        100 floor                0%     12%  63C    100%  49C 2.24 / 2.39 / 2.55
aifoundry3         50 floor                0%     14%  61C    100%  48C  2.3 / 2.46 / 2.63   (not settable)
aifoundry3         25 floor                0%     15%  61C    100%  48C  2.34 / 2.5 / 2.67   (not settable)
aifoundry3         10 floor                0%     16%  60C    100%  47C  2.36 / 2.52 / 2.7   (not settable)
aifoundry3        600 floor+NoC            0%           0%      4%  83C 1.35 / 1.41 / 1.48
aifoundry3        400 floor+NoC            0%   1% (11 st)    100%  58C 1.86 / 1.96 / 2.08
aifoundry3        300 floor+NoC            0%      9%  68C    100%  52C  2.16 / 2.3 / 2.45
aifoundry3        200 floor+NoC            0%     13%  65C    100%  50C 2.27 / 2.42 / 2.59
aifoundry3        100 floor+NoC            0%     17%  62C    100%  48C  2.4 / 2.57 / 2.76
aifoundry3         50 floor+NoC            0%     19%  60C    100%  47C 2.47 / 2.65 / 2.85   (not settable)
aifoundry3         25 floor+NoC            0%     20%  60C    100%  46C   2.5 / 2.69 / 2.9   (not settable)
aifoundry3         10 floor+NoC            0%     22%  59C    100%  46C 2.53 / 2.72 / 2.93   (not settable)
aifoundry1-c1     600 boot                 0%           0%           0%  1.06 / 1.1 / 1.15
aifoundry1-c1     400 boot                 0%           0%      3%  78C 1.16 / 1.21 / 1.26
aifoundry1-c1     300 boot                 0%           0%     65%  72C 1.22 / 1.27 / 1.32
aifoundry1-c1     200 boot                 0%           0%    100%  64C  1.28 / 1.34 / 1.4
aifoundry1-c1     100 boot                 0%           0%    100%  58C  1.36 / 1.42 / 1.5
aifoundry1-c1      50 boot                 0%           0%    100%  56C  1.4 / 1.47 / 1.55   (not settable)
aifoundry1-c1      25 boot                 0%           0%    100%  55C 1.42 / 1.49 / 1.58   (not settable)
aifoundry1-c1      10 boot                 0%           0%    100%  54C 1.43 / 1.51 / 1.59   (not settable)
aifoundry1-c1     400 floor                0%           0%    100%  62C 1.37 / 1.44 / 1.51
aifoundry1-c1     300 floor                0%           0%    100%  55C 1.55 / 1.63 / 1.72
aifoundry1-c1     200 floor                0%           0%    100%  53C  1.61 / 1.71 / 1.8
aifoundry1-c1     100 floor                0%           0%    100%  50C  1.69 / 1.79 / 1.9
aifoundry1-c1      50 floor                0%           0%    100%  49C 1.73 / 1.83 / 1.95   (not settable)
aifoundry1-c1      25 floor                0%           0%    100%  49C 1.75 / 1.86 / 1.97   (not settable)
aifoundry1-c1      10 floor                0%    0% (1 st)    100%  48C 1.76 / 1.87 / 1.99   (not settable)
aifoundry1-c1     600 floor+NoC            0%           0%           0% 1.11 / 1.16 / 1.21
aifoundry1-c1     400 floor+NoC            0%           0%    100%  59C 1.46 / 1.54 / 1.62
aifoundry1-c1     300 floor+NoC            0%           0%    100%  53C 1.66 / 1.76 / 1.87
aifoundry1-c1     200 floor+NoC            0%           0%    100%  51C 1.74 / 1.85 / 1.96
aifoundry1-c1     100 floor+NoC            0%   1% (11 st)    100%  49C 1.82 / 1.94 / 2.07
aifoundry1-c1      50 floor+NoC            0%      1%  66C    100%  47C 1.87 / 1.99 / 2.13   (not settable)
aifoundry1-c1      25 floor+NoC            0%      2%  64C    100%  47C 1.89 / 2.02 / 2.16   (not settable)
aifoundry1-c1      10 floor+NoC            0%      2%  63C    100%  47C  1.9 / 2.04 / 2.18   (not settable)
aifoundry1-c0     300 floor                0%     20%  64C     64%  79C  2.54 / 2.66 / 2.8
aifoundry1-c0     200 floor                0%     25%  61C    100%  71C 2.69 / 2.83 / 2.98
aifoundry1-c0     100 floor                0%     31%  58C    100%  65C  2.87 / 3.03 / 3.2
aifoundry1-c0      50 floor                0%     33%  56C    100%  62C 2.97 / 3.14 / 3.32   (not settable)
aifoundry1-c0      25 floor                0%     35%  56C    100%  61C  3.02 / 3.2 / 3.39   (not settable)
aifoundry1-c0      10 floor                0%     36%  55C    100%  60C 3.05 / 3.23 / 3.43   (not settable)
aifoundry1-c0     300 floor+NoC            0%     27%  63C    100%  71C  2.75 / 2.9 / 3.07
aifoundry1-c0     200 floor+NoC            0%     33%  60C    100%  65C 2.93 / 3.09 / 3.28
aifoundry1-c0     100 floor+NoC            0%     38%  58C    100%  60C 3.14 / 3.32 / 3.53
aifoundry1-c0      50 floor+NoC            0%     42%  56C    100%  58C 3.25 / 3.46 / 3.68   (not settable)
aifoundry1-c0      25 floor+NoC            0%     43%  55C    100%  57C 3.32 / 3.53 / 3.76   (not settable)
aifoundry1-c0      10 floor+NoC            0%     44%  55C    100%  56C 3.35 / 3.57 / 3.81   (not settable)
check against nohs_calc.out section D at the cards' own points (idle): a2 still 0.0 %, fan 0.4 %; a3 still 0.0 %, fan 0.1 %; c1 still 0.0 %, fan 0.0 %; c0 still 0.0 %, fan 33.5 % settle (nohs: 0, 0.2; 0, 0; 0, 0; 0, 33 %)
check: the heatsink model's aifoundry2 law with 1.467 C/W and 22.8 C holds a sustained switching load of up to 3.10 W at the board (recorded flip budget: 3.1 W, 12-heat-management.md) [model/measured]
IR-window cooler, 16-shire pattern: a2 600 MHz boot: 100 % below 85 C, median 30 C; a2 100 MHz boot: 100 % below 85 C, median 28 C; a2 100 MHz floor: 100 % below 85 C, median 27 C; a2 600 MHz floor+NoC: 100 % below 85 C, median 30 C; a2 100 MHz floor+NoC: 100 % below 85 C, median 27 C [model]

==============================================================================================================
F2. Bare: the transient model's network settled, and the window after the host boots
==============================================================================================================
(1) Settled on the transient model's network [model]: theta_eff = R_lid || (theta_JB + R_BA), C/W: still 3.8 / 5.54 / 7.83, fan 1.88 / 2.79 / 3.77 (section F draws 4-12 and 2-7); the board's heating adds Z phi P_off at the junction:
   aifoundry2 600 MHz boot       idle at a 60 C die: off-die 5.13 / 6.59 / 8.05 W; board heating adds 6.99 / 15.9 / 33.4 C (still), 2.18 / 5.18 / 11.5 C (fan) at the junction
   aifoundry2 100 MHz floor      idle at a 60 C die: off-die 4.35 / 5.79 / 7.26 W; board heating adds 6.16 / 13.9 / 29.7 C (still), 1.91 / 4.52 / 10.1 C (fan) at the junction
   aifoundry2 100 MHz floor+NoC  idle at a 60 C die: off-die 4.09 / 5.52 / 7 W; board heating adds 5.86 / 13.2 / 28.4 C (still), 1.81 / 4.3 / 9.72 C (fan) at the junction
Share of draws that settle below 85 C, idle | 16-shire pattern: section F (theta drawn, no board heating) against the network (with it) [model]:
   aifoundry2      600 MHz boot       still: F 0 | 0 %, network 0 | 0 %; fan: F 0 | 0 %, network 2 | 0 %
   aifoundry2      300 MHz floor      still: F 0 | 0 %, network 0 | 0 %; fan: F 15 | 6 %, network 22 | 10 %
   aifoundry2      100 MHz boot       still: F 0 | 0 %, network 0 | 0 %; fan: F 2 | 0 %, network 5 | 2 %
   aifoundry2      100 MHz floor      still: F 0 | 0 %, network 0 | 0 %; fan: F 16 | 13 %, network 24 | 18 %
   aifoundry2      100 MHz floor+NoC  still: F 0 | 0 %, network 0 | 0 %; fan: F 22 | 18 %, network 33 | 27 %
   aifoundry3      600 MHz boot       still: F 0 | 0 %, network 0 | 0 %; fan: F 0 | 0 %, network 2 | 0 %
   aifoundry3      300 MHz floor      still: F 0 | 0 %, network 0 | 0 %; fan: F 14 | 5 %, network 20 | 9 %
   aifoundry3      100 MHz boot       still: F 0 | 0 %, network 0 | 0 %; fan: F 1 | 0 %, network 4 | 2 %
   aifoundry3      100 MHz floor      still: F 0 | 0 %, network 0 | 0 %; fan: F 15 | 12 %, network 21 | 17 %
   aifoundry3      100 MHz floor+NoC  still: F 0 | 0 %, network 0 | 0 %; fan: F 21 | 17 %, network 32 | 26 %
   aifoundry1-c1   600 MHz boot       still: F 0 | 0 %, network 0 | 0 %; fan: F 0 | 0 %, network 0 | 0 %
   aifoundry1-c1   300 MHz floor      still: F 0 | 0 %, network 0 | 0 %; fan: F 0 | 0 %, network 1 | 0 %
   aifoundry1-c1   100 MHz boot       still: F 0 | 0 %, network 0 | 0 %; fan: F 0 | 0 %, network 0 | 0 %
   aifoundry1-c1   100 MHz floor      still: F 0 | 0 %, network 0 | 0 %; fan: F 0 | 0 %, network 2 | 1 %
   aifoundry1-c1   100 MHz floor+NoC  still: F 0 | 0 %, network 0 | 0 %; fan: F 2 | 1 %, network 5 | 4 %
   aifoundry1-c0   300 MHz floor      still: F 0 | 0 %, network 0 | 0 %; fan: F 33 | 20 %, network 54 | 29 %
   aifoundry1-c0   100 MHz floor      still: F 0 | 0 %, network 0 | 0 %; fan: F 36 | 31 %, network 58 | 47 %
   aifoundry1-c0   100 MHz floor+NoC  still: F 0 | 0 %, network 0 | 0 %; fan: F 44 | 38 %, network 74 | 64 %

(2) The window [model].  "set at boot": seconds from the end of the host boot to a die of 85 C if the point could be set at that instant (median [5-95]; ">30 min" = not within 30 min).  "look": seconds from the low point being set (20-60 s after the boot; none at 600 MHz) to the stop, median [5-95], and the share of draws with none left (the die at the stop before the point is set)
-- aifoundry2, still: die at the end of the host boot 44.8 / 59.8 / 95.6 C, at or above 85 C in 9 % of draws (nohs_calc.out E: a2 still 44 / 61 / 96, fan 43 / 56 / 78; a3 still 46 / 61 / 101, fan 45 / 58 / 93; already >= 90 C at boot: a2 8 %, 2 %; a3 9 %, 5 %)
    600 MHz boot       idle     set at boot, to 85 C 42 s; look to 75 C 28 s [0 s - 87 s], none 18 %; look to 80 C 35 s [0 s - 99 s], none 13 %; look to 85 C 42 s [0 s - 109 s], none 9 %
    600 MHz boot       pattern  set at boot, to 85 C 20 s; look to 75 C 12 s [0 s - 36 s], none 18 %; look to 80 C 16 s [0 s - 42 s], none 13 %; look to 85 C 20 s [0 s - 48 s], none 9 %
    400 MHz boot       idle     set at boot, to 85 C 44 s; look to 75 C 0 s [0 s - 51 s], none 63 %; look to 80 C 0 s [0 s - 64 s], none 55 %; look to 85 C 2 s [0 s - 74 s], none 48 %
    400 MHz boot       pattern  set at boot, to 85 C 25 s; look to 75 C 0 s [0 s - 26 s], none 63 %; look to 80 C 0 s [0 s - 33 s], none 55 %; look to 85 C 1 s [0 s - 40 s], none 48 %
    400 MHz floor      idle     set at boot, to 85 C 63 s; look to 75 C 0 s [0 s - 75 s], none 63 %; look to 80 C 0 s [0 s - 92 s], none 55 %; look to 85 C 4 s [0 s - 106 s], none 48 %
    400 MHz floor      pattern  set at boot, to 85 C 38 s; look to 75 C 0 s [0 s - 41 s], none 63 %; look to 80 C 0 s [0 s - 53 s], none 55 %; look to 85 C 2 s [0 s - 63 s], none 48 %
    300 MHz boot       idle     set at boot, to 85 C 46 s; look to 75 C 0 s [0 s - 53 s], none 63 %; look to 80 C 0 s [0 s - 66 s], none 55 %; look to 85 C 2 s [0 s - 77 s], none 48 %
    300 MHz boot       pattern  set at boot, to 85 C 29 s; look to 75 C 0 s [0 s - 31 s], none 63 %; look to 80 C 0 s [0 s - 40 s], none 55 %; look to 85 C 2 s [0 s - 47 s], none 48 %
    300 MHz floor      idle     set at boot, to 85 C 76 s; look to 75 C 0 s [0 s - 92 s], none 63 %; look to 80 C 0 s [0 s - 112 s], none 55 %; look to 85 C 6 s [0 s - 129 s], none 48 %
    300 MHz floor      pattern  set at boot, to 85 C 53 s; look to 75 C 0 s [0 s - 60 s], none 63 %; look to 80 C 0 s [0 s - 75 s], none 55 %; look to 85 C 3 s [0 s - 89 s], none 48 %
    200 MHz boot       idle     set at boot, to 85 C 47 s; look to 75 C 0 s [0 s - 56 s], none 63 %; look to 80 C 0 s [0 s - 68 s], none 55 %; look to 85 C 2 s [0 s - 80 s], none 48 %
    200 MHz boot       pattern  set at boot, to 85 C 34 s; look to 75 C 0 s [0 s - 37 s], none 63 %; look to 80 C 0 s [0 s - 47 s], none 55 %; look to 85 C 2 s [0 s - 56 s], none 48 %
    200 MHz floor      idle     set at boot, to 85 C 78 s; look to 75 C 0 s [0 s - 95 s], none 63 %; look to 80 C 0 s [0 s - 114 s], none 55 %; look to 85 C 6 s [0 s - 133 s], none 48 %
    200 MHz floor      pattern  set at boot, to 85 C 61 s; look to 75 C 0 s [0 s - 70 s], none 63 %; look to 80 C 0 s [0 s - 88 s], none 55 %; look to 85 C 4 s [0 s - 103 s], none 48 %
    100 MHz boot       idle     set at boot, to 85 C 48 s; look to 75 C 0 s [0 s - 58 s], none 63 %; look to 80 C 0 s [0 s - 71 s], none 55 %; look to 85 C 2 s [0 s - 82 s], none 48 %
    100 MHz boot       pattern  set at boot, to 85 C 41 s; look to 75 C 0 s [0 s - 47 s], none 63 %; look to 80 C 0 s [0 s - 58 s], none 55 %; look to 85 C 2 s [0 s - 68 s], none 48 %
    100 MHz floor      idle     set at boot, to 85 C 80 s; look to 75 C 0 s [0 s - 98 s], none 63 %; look to 80 C 0 s [0 s - 119 s], none 55 %; look to 85 C 6 s [0 s - 138 s], none 48 %
    100 MHz floor      pattern  set at boot, to 85 C 70 s; look to 75 C 0 s [0 s - 84 s], none 63 %; look to 80 C 0 s [0 s - 102 s], none 55 %; look to 85 C 5 s [0 s - 119 s], none 48 %
    100 MHz floor+NoC  idle     set at boot, to 85 C 94 s; look to 75 C 0 s [0 s - 117 s], none 63 %; look to 80 C 0 s [0 s - 142 s], none 55 %; look to 85 C 10 s [0 s - 165 s], none 48 %
    100 MHz floor+NoC  pattern  set at boot, to 85 C 82 s; look to 75 C 0 s [0 s - 99 s], none 63 %; look to 80 C 0 s [0 s - 121 s], none 55 %; look to 85 C 7 s [0 s - 142 s], none 48 %
-- aifoundry2, fan: die at the end of the host boot 43.4 / 55.7 / 81.1 C, at or above 85 C in 3 % of draws (nohs_calc.out E: a2 still 44 / 61 / 96, fan 43 / 56 / 78; a3 still 46 / 61 / 101, fan 45 / 58 / 93; already >= 90 C at boot: a2 8 %, 2 %; a3 9 %, 5 %)
    600 MHz boot       idle     set at boot, to 85 C 74 s; look to 75 C 52 s [0 s - 256 s], none 9 %; look to 80 C 64 s [0 s - 334 s], none 6 %; look to 85 C 74 s [5 s - 392 s], none 3 %
    600 MHz boot       pattern  set at boot, to 85 C 28 s; look to 75 C 18 s [0 s - 51 s], none 9 %; look to 80 C 23 s [0 s - 61 s], none 6 %; look to 85 C 28 s [2 s - 70 s], none 3 %
    400 MHz boot       idle     set at boot, to 85 C 80 s; look to 75 C 15 s [0 s - 295 s], none 39 %; look to 80 C 27 s [0 s - 408 s], none 31 %; look to 85 C 38 s [0 s - 499 s], none 26 %
    400 MHz boot       pattern  set at boot, to 85 C 38 s; look to 75 C 6 s [0 s - 55 s], none 39 %; look to 80 C 12 s [0 s - 70 s], none 31 %; look to 85 C 18 s [0 s - 85 s], none 26 %
    400 MHz floor      idle     set at boot, to 85 C 136 s; look to 75 C 32 s [0 s - >30 min], none 39 %; look to 80 C 56 s [0 s - >30 min], none 31 %; look to 85 C 75 s [0 s - >30 min], none 26 %
    400 MHz floor      pattern  set at boot, to 85 C 64 s; look to 75 C 11 s [0 s - 131 s], none 39 %; look to 80 C 21 s [0 s - 184 s], none 31 %; look to 85 C 32 s [0 s - 244 s], none 26 %
    300 MHz boot       idle     set at boot, to 85 C 84 s; look to 75 C 15 s [0 s - 379 s], none 39 %; look to 80 C 28 s [0 s - 491 s], none 31 %; look to 85 C 39 s [0 s - 633 s], none 26 %
    300 MHz boot       pattern  set at boot, to 85 C 46 s; look to 75 C 7 s [0 s - 74 s], none 39 %; look to 80 C 14 s [0 s - 93 s], none 31 %; look to 85 C 21 s [0 s - 112 s], none 26 %
    300 MHz floor      idle     set at boot, to 85 C 193 s; look to 75 C 53 s [0 s - >30 min], none 39 %; look to 80 C 85 s [0 s - >30 min], none 31 %; look to 85 C 118 s [0 s - >30 min], none 26 %
    300 MHz floor      pattern  set at boot, to 85 C 102 s; look to 75 C 21 s [0 s - >30 min], none 39 %; look to 80 C 39 s [0 s - >30 min], none 31 %; look to 85 C 55 s [0 s - >30 min], none 26 %
    200 MHz boot       idle     set at boot, to 85 C 88 s; look to 75 C 16 s [0 s - 497 s], none 39 %; look to 80 C 29 s [0 s - 813 s], none 31 %; look to 85 C 41 s [0 s - 996 s], none 26 %
    200 MHz boot       pattern  set at boot, to 85 C 56 s; look to 75 C 10 s [0 s - 107 s], none 39 %; look to 80 C 18 s [0 s - 138 s], none 31 %; look to 85 C 25 s [0 s - 163 s], none 26 %
    200 MHz floor      idle     set at boot, to 85 C 203 s; look to 75 C 57 s [0 s - >30 min], none 39 %; look to 80 C 91 s [0 s - >30 min], none 31 %; look to 85 C 124 s [0 s - >30 min], none 26 %
    200 MHz floor      pattern  set at boot, to 85 C 127 s; look to 75 C 28 s [0 s - >30 min], none 39 %; look to 80 C 52 s [0 s - >30 min], none 31 %; look to 85 C 72 s [0 s - >30 min], none 26 %
    100 MHz boot       idle     set at boot, to 85 C 91 s; look to 75 C 17 s [0 s - 1171 s], none 39 %; look to 80 C 31 s [0 s - >30 min], none 31 %; look to 85 C 43 s [0 s - >30 min], none 26 %
    100 MHz boot       pattern  set at boot, to 85 C 71 s; look to 75 C 12 s [0 s - 198 s], none 39 %; look to 80 C 23 s [0 s - 252 s], none 31 %; look to 85 C 33 s [0 s - 307 s], none 26 %
    100 MHz floor      idle     set at boot, to 85 C 214 s; look to 75 C 60 s [0 s - >30 min], none 39 %; look to 80 C 97 s [0 s - >30 min], none 31 %; look to 85 C 131 s [0 s - >30 min], none 26 %
    100 MHz floor      pattern  set at boot, to 85 C 164 s; look to 75 C 42 s [0 s - >30 min], none 39 %; look to 80 C 72 s [0 s - >30 min], none 31 %; look to 85 C 97 s [0 s - >30 min], none 26 %
    100 MHz floor+NoC  idle     set at boot, to 85 C 326 s; look to 75 C 93 s [0 s - >30 min], none 39 %; look to 80 C 157 s [0 s - >30 min], none 31 %; look to 85 C 220 s [0 s - >30 min], none 26 %
    100 MHz floor+NoC  pattern  set at boot, to 85 C 232 s; look to 75 C 65 s [0 s - >30 min], none 39 %; look to 80 C 108 s [0 s - >30 min], none 31 %; look to 85 C 150 s [0 s - >30 min], none 26 %
-- aifoundry3, still: die at the end of the host boot 46.1 / 61.5 / 104 C, at or above 85 C in 12 % of draws (nohs_calc.out E: a2 still 44 / 61 / 96, fan 43 / 56 / 78; a3 still 46 / 61 / 101, fan 45 / 58 / 93; already >= 90 C at boot: a2 8 %, 2 %; a3 9 %, 5 %)
    600 MHz boot       idle     set at boot, to 85 C 38 s; look to 75 C 25 s [0 s - 80 s], none 21 %; look to 80 C 32 s [0 s - 92 s], none 16 %; look to 85 C 38 s [0 s - 101 s], none 12 %
    600 MHz boot       pattern  set at boot, to 85 C 18 s; look to 75 C 11 s [0 s - 33 s], none 21 %; look to 80 C 14 s [0 s - 39 s], none 16 %; look to 85 C 18 s [0 s - 45 s], none 12 %
    400 MHz boot       idle     set at boot, to 85 C 40 s; look to 75 C 0 s [0 s - 45 s], none 68 %; look to 80 C 0 s [0 s - 56 s], none 59 %; look to 85 C 0 s [0 s - 66 s], none 53 %
    400 MHz boot       pattern  set at boot, to 85 C 23 s; look to 75 C 0 s [0 s - 22 s], none 68 %; look to 80 C 0 s [0 s - 29 s], none 59 %; look to 85 C 0 s [0 s - 35 s], none 53 %
    400 MHz floor      idle     set at boot, to 85 C 60 s; look to 75 C 0 s [0 s - 69 s], none 68 %; look to 80 C 0 s [0 s - 85 s], none 59 %; look to 85 C 0 s [0 s - 100 s], none 53 %
    400 MHz floor      pattern  set at boot, to 85 C 35 s; look to 75 C 0 s [0 s - 36 s], none 68 %; look to 80 C 0 s [0 s - 48 s], none 59 %; look to 85 C 0 s [0 s - 58 s], none 53 %
    300 MHz boot       idle     set at boot, to 85 C 41 s; look to 75 C 0 s [0 s - 47 s], none 68 %; look to 80 C 0 s [0 s - 58 s], none 59 %; look to 85 C 0 s [0 s - 68 s], none 53 %
    300 MHz boot       pattern  set at boot, to 85 C 26 s; look to 75 C 0 s [0 s - 26 s], none 68 %; look to 80 C 0 s [0 s - 34 s], none 59 %; look to 85 C 0 s [0 s - 41 s], none 53 %
    300 MHz floor      idle     set at boot, to 85 C 74 s; look to 75 C 0 s [0 s - 87 s], none 68 %; look to 80 C 0 s [0 s - 108 s], none 59 %; look to 85 C 0 s [0 s - 126 s], none 53 %
    300 MHz floor      pattern  set at boot, to 85 C 50 s; look to 75 C 0 s [0 s - 56 s], none 68 %; look to 80 C 0 s [0 s - 71 s], none 59 %; look to 85 C 0 s [0 s - 85 s], none 53 %
    200 MHz boot       idle     set at boot, to 85 C 43 s; look to 75 C 0 s [0 s - 49 s], none 68 %; look to 80 C 0 s [0 s - 61 s], none 59 %; look to 85 C 0 s [0 s - 71 s], none 53 %
    200 MHz boot       pattern  set at boot, to 85 C 31 s; look to 75 C 0 s [0 s - 32 s], none 68 %; look to 80 C 0 s [0 s - 41 s], none 59 %; look to 85 C 0 s [0 s - 50 s], none 53 %
    200 MHz floor      idle     set at boot, to 85 C 76 s; look to 75 C 0 s [0 s - 90 s], none 68 %; look to 80 C 0 s [0 s - 111 s], none 59 %; look to 85 C 0 s [0 s - 129 s], none 53 %
    200 MHz floor      pattern  set at boot, to 85 C 58 s; look to 75 C 0 s [0 s - 66 s], none 68 %; look to 80 C 0 s [0 s - 83 s], none 59 %; look to 85 C 0 s [0 s - 99 s], none 53 %
    100 MHz boot       idle     set at boot, to 85 C 44 s; look to 75 C 0 s [0 s - 51 s], none 68 %; look to 80 C 0 s [0 s - 63 s], none 59 %; look to 85 C 0 s [0 s - 73 s], none 53 %
    100 MHz boot       pattern  set at boot, to 85 C 37 s; look to 75 C 0 s [0 s - 41 s], none 68 %; look to 80 C 0 s [0 s - 51 s], none 59 %; look to 85 C 0 s [0 s - 60 s], none 53 %
    100 MHz floor      idle     set at boot, to 85 C 78 s; look to 75 C 0 s [0 s - 93 s], none 68 %; look to 80 C 0 s [0 s - 115 s], none 59 %; look to 85 C 0 s [0 s - 133 s], none 53 %
    100 MHz floor      pattern  set at boot, to 85 C 68 s; look to 75 C 0 s [0 s - 78 s], none 68 %; look to 80 C 0 s [0 s - 98 s], none 59 %; look to 85 C 0 s [0 s - 115 s], none 53 %
    100 MHz floor+NoC  idle     set at boot, to 85 C 92 s; look to 75 C 0 s [0 s - 114 s], none 68 %; look to 80 C 0 s [0 s - 139 s], none 59 %; look to 85 C 0 s [0 s - 160 s], none 53 %
    100 MHz floor+NoC  pattern  set at boot, to 85 C 80 s; look to 75 C 0 s [0 s - 95 s], none 68 %; look to 80 C 0 s [0 s - 119 s], none 59 %; look to 85 C 0 s [0 s - 138 s], none 53 %
-- aifoundry3, fan: die at the end of the host boot 44.7 / 57.1 / 84.2 C, at or above 85 C in 5 % of draws (nohs_calc.out E: a2 still 44 / 61 / 96, fan 43 / 56 / 78; a3 still 46 / 61 / 101, fan 45 / 58 / 93; already >= 90 C at boot: a2 8 %, 2 %; a3 9 %, 5 %)
    600 MHz boot       idle     set at boot, to 85 C 66 s; look to 75 C 46 s [0 s - 217 s], none 11 %; look to 80 C 57 s [0 s - 269 s], none 7 %; look to 85 C 66 s [1 s - 310 s], none 5 %
    600 MHz boot       pattern  set at boot, to 85 C 25 s; look to 75 C 16 s [0 s - 46 s], none 11 %; look to 80 C 21 s [0 s - 55 s], none 7 %; look to 85 C 25 s [0 s - 64 s], none 5 %
    400 MHz boot       idle     set at boot, to 85 C 71 s; look to 75 C 8 s [0 s - 222 s], none 44 %; look to 80 C 19 s [0 s - 286 s], none 36 %; look to 85 C 29 s [0 s - 337 s], none 30 %
    400 MHz boot       pattern  set at boot, to 85 C 34 s; look to 75 C 3 s [0 s - 49 s], none 44 %; look to 80 C 9 s [0 s - 62 s], none 36 %; look to 85 C 14 s [0 s - 74 s], none 30 %
    400 MHz floor      idle     set at boot, to 85 C 128 s; look to 75 C 19 s [0 s - >30 min], none 44 %; look to 80 C 43 s [0 s - >30 min], none 36 %; look to 85 C 63 s [0 s - >30 min], none 30 %
    400 MHz floor      pattern  set at boot, to 85 C 59 s; look to 75 C 6 s [0 s - 124 s], none 44 %; look to 80 C 17 s [0 s - 165 s], none 36 %; look to 85 C 26 s [0 s - 209 s], none 30 %
    300 MHz boot       idle     set at boot, to 85 C 74 s; look to 75 C 8 s [0 s - 253 s], none 44 %; look to 80 C 20 s [0 s - 337 s], none 36 %; look to 85 C 30 s [0 s - 386 s], none 30 %
    300 MHz boot       pattern  set at boot, to 85 C 41 s; look to 75 C 4 s [0 s - 65 s], none 44 %; look to 80 C 11 s [0 s - 82 s], none 36 %; look to 85 C 17 s [0 s - 98 s], none 30 %
    300 MHz floor      idle     set at boot, to 85 C 180 s; look to 75 C 36 s [0 s - >30 min], none 44 %; look to 80 C 74 s [0 s - >30 min], none 36 %; look to 85 C 102 s [0 s - >30 min], none 30 %
    300 MHz floor      pattern  set at boot, to 85 C 98 s; look to 75 C 13 s [0 s - >30 min], none 44 %; look to 80 C 32 s [0 s - >30 min], none 36 %; look to 85 C 48 s [0 s - >30 min], none 30 %
    200 MHz boot       idle     set at boot, to 85 C 77 s; look to 75 C 9 s [0 s - 304 s], none 44 %; look to 80 C 21 s [0 s - 412 s], none 36 %; look to 85 C 31 s [0 s - 479 s], none 30 %
    200 MHz boot       pattern  set at boot, to 85 C 50 s; look to 75 C 5 s [0 s - 94 s], none 44 %; look to 80 C 13 s [0 s - 118 s], none 36 %; look to 85 C 20 s [0 s - 140 s], none 30 %
    200 MHz floor      idle     set at boot, to 85 C 189 s; look to 75 C 39 s [0 s - >30 min], none 44 %; look to 80 C 79 s [0 s - >30 min], none 36 %; look to 85 C 108 s [0 s - >30 min], none 30 %
    200 MHz floor      pattern  set at boot, to 85 C 122 s; look to 75 C 18 s [0 s - >30 min], none 44 %; look to 80 C 42 s [0 s - >30 min], none 36 %; look to 85 C 63 s [0 s - >30 min], none 30 %
    100 MHz boot       idle     set at boot, to 85 C 81 s; look to 75 C 9 s [0 s - 429 s], none 44 %; look to 80 C 22 s [0 s - 566 s], none 36 %; look to 85 C 33 s [0 s - 637 s], none 30 %
    100 MHz boot       pattern  set at boot, to 85 C 64 s; look to 75 C 7 s [0 s - 156 s], none 44 %; look to 80 C 17 s [0 s - 201 s], none 36 %; look to 85 C 26 s [0 s - 237 s], none 30 %
    100 MHz floor      idle     set at boot, to 85 C 198 s; look to 75 C 43 s [0 s - >30 min], none 44 %; look to 80 C 84 s [0 s - >30 min], none 36 %; look to 85 C 115 s [0 s - >30 min], none 30 %
    100 MHz floor      pattern  set at boot, to 85 C 155 s; look to 75 C 28 s [0 s - >30 min], none 44 %; look to 80 C 61 s [0 s - >30 min], none 36 %; look to 85 C 85 s [0 s - >30 min], none 30 %
    100 MHz floor+NoC  idle     set at boot, to 85 C 318 s; look to 75 C 72 s [0 s - >30 min], none 44 %; look to 80 C 141 s [0 s - >30 min], none 36 %; look to 85 C 189 s [0 s - >30 min], none 30 %
    100 MHz floor+NoC  pattern  set at boot, to 85 C 220 s; look to 75 C 48 s [0 s - >30 min], none 44 %; look to 80 C 95 s [0 s - >30 min], none 36 %; look to 85 C 134 s [0 s - >30 min], none 30 %

==============================================================================================================
G. The envelope
==============================================================================================================
Highest clock at which the die settles below 85 C in >= 90 % of draws (settable clocks; "none" = no clock does, then the best share and where) [model]
-- still
   aifoundry2     idle     boot: none (0 % at every clock) | floor: none (0 % at every clock) | floor+NoC: none (0 % at every clock)
   aifoundry2     pattern  boot: none (0 % at every clock) | floor: none (0 % at every clock) | floor+NoC: none (0 % at every clock)
   aifoundry3     idle     boot: none (0 % at every clock) | floor: none (0 % at every clock) | floor+NoC: none (0 % at every clock)
   aifoundry3     pattern  boot: none (0 % at every clock) | floor: none (0 % at every clock) | floor+NoC: none (0 % at every clock)
   aifoundry1-c1  idle     boot: none (0 % at every clock) | floor: none (0 % at every clock) | floor+NoC: none (0 % at every clock)
   aifoundry1-c1  pattern  boot: none (0 % at every clock) | floor: none (0 % at every clock) | floor+NoC: none (0 % at every clock)
   aifoundry1-c0  idle     floor: none (0 % at every clock) | floor+NoC: none (0 % at every clock)
   aifoundry1-c0  pattern  floor: none (0 % at every clock) | floor+NoC: none (0 % at every clock)
-- fan
   aifoundry2     idle     boot: none (best 2 % at 10 MHz) | floor: none (best 17 % at 10 MHz) | floor+NoC: none (best 22 % at 10 MHz)
   aifoundry2     pattern  boot: none (best 2 % at 10 MHz) | floor: none (best 17 % at 10 MHz) | floor+NoC: none (best 22 % at 10 MHz)
   aifoundry3     idle     boot: none (best 2 % at 10 MHz) | floor: none (best 16 % at 10 MHz) | floor+NoC: none (best 22 % at 10 MHz)
   aifoundry3     pattern  boot: none (best 1 % at 10 MHz) | floor: none (best 16 % at 10 MHz) | floor+NoC: none (best 22 % at 10 MHz)
   aifoundry1-c1  idle     boot: none (0 % at every clock) | floor: none (best 0 % at 25 MHz) | floor+NoC: none (best 2 % at 25 MHz)
   aifoundry1-c1  pattern  boot: none (0 % at every clock) | floor: none (best 0 % at 10 MHz) | floor+NoC: none (best 2 % at 10 MHz)
   aifoundry1-c0  idle     floor: none (best 36 % at 10 MHz) | floor+NoC: none (best 45 % at 10 MHz)
   aifoundry1-c0  pattern  floor: none (best 36 % at 10 MHz) | floor+NoC: none (best 44 % at 10 MHz)
-- heatsink
   aifoundry2     idle     boot: 600 MHz | floor: 600 MHz | floor+NoC: 600 MHz
   aifoundry2     pattern  boot: none (best 100 % at 50 MHz) | floor: 300 MHz | floor+NoC: 400 MHz
   aifoundry3     idle     boot: 600 MHz | floor: 600 MHz | floor+NoC: 600 MHz
   aifoundry3     pattern  boot: 300 MHz | floor: 400 MHz | floor+NoC: 400 MHz
   aifoundry1-c1  idle     boot: 600 MHz | floor: 600 MHz | floor+NoC: 600 MHz
   aifoundry1-c1  pattern  boot: 200 MHz | floor: 400 MHz | floor+NoC: 400 MHz
   aifoundry1-c0  idle     floor: 300 MHz | floor+NoC: 300 MHz
   aifoundry1-c0  pattern  floor: 200 MHz | floor+NoC: 300 MHz

The cooling each point needs: theta85 (SoC basis, C/W, median [5-95]), idle and with the 16-shire pattern [model]
   aifoundry2     boot       600: 1.91|1.40  400: 1.96|1.56  300: 1.99|1.65  200: 2.01|1.76  100: 2.04|1.90  50: 2.05|1.98  25: 2.06|2.02  10: 2.06|2.05
   aifoundry2     floor      400: 2.30|1.90  300: 2.49|2.18  200: 2.51|2.29  100: 2.54|2.42  50: 2.55|2.49  25: 2.56|2.53  10: 2.56|2.55
   aifoundry2     floor+NoC  600: 2.02|1.46  400: 2.45|2.01  300: 2.68|2.33  200: 2.71|2.45  100: 2.74|2.60  50: 2.75|2.68  25: 2.75|2.72  10: 2.76|2.74
   aifoundry3     boot       600: 1.86|1.35  400: 1.91|1.51  300: 1.93|1.60  200: 1.96|1.71  100: 1.98|1.84  50: 1.99|1.92  25: 2.00|1.96  10: 2.01|1.99
   aifoundry3     floor      400: 2.26|1.85  300: 2.47|2.15  200: 2.49|2.26  100: 2.51|2.39  50: 2.52|2.46  25: 2.53|2.50  10: 2.53|2.52
   aifoundry3     floor+NoC  600: 1.97|1.41  400: 2.42|1.96  300: 2.66|2.30  200: 2.68|2.42  100: 2.71|2.57  50: 2.72|2.65  25: 2.73|2.69  10: 2.74|2.72
   aifoundry1-c1  boot       600: 1.40|1.10  400: 1.44|1.21  300: 1.46|1.27  200: 1.48|1.34  100: 1.50|1.42  50: 1.51|1.47  25: 1.51|1.49  10: 1.52|1.51
   aifoundry1-c1  floor      400: 1.67|1.44  300: 1.82|1.63  200: 1.84|1.71  100: 1.86|1.79  50: 1.87|1.83  25: 1.87|1.86  10: 1.88|1.87
   aifoundry1-c1  floor+NoC  600: 1.49|1.16  400: 1.81|1.54  300: 1.98|1.76  200: 2.00|1.85  100: 2.02|1.94  50: 2.04|1.99  25: 2.04|2.02  10: 2.05|2.04
   (bare lid: 4-12 C/W still air, 2-7 with a fan; the stock heatsink ~1.1-1.6 C/W on the board basis)

==============================================================================================================
H. Imaging at each settable point (imaging_calc.py's model, imaging_calc.json)
==============================================================================================================
read docs/reports/data/2026-09-30-without-heatsink/imaging_calc.json (seed 20260930, 240 draws)
the camera's reading per kelvin (medians, imaging_calc.json): (b) lid top, taped, fan 0.845; (b) lid top, taped, still air 0.845; (a) delidded die, black-coated, IR-window cooler 0.634
check: taped lid, fan, checkerboard at 100 MHz / 398 mV: 29 s by scaling the least power; the imaging model's own median at 100 MHz / 398 mV: 29 s
A look of 10 s or less needs no steady state: with the heatsink on, 512 minions of random data (13.6 W, about 16 shires) took 84 s from 80 to 90 C (12-heat-management.md) [measured]; bare, section F2 gives the seconds from the end of the host boot to 85 C with the pattern running (median) [model].
Per settable point (aifoundry2's voltages): per-shire switching power; for each view, whether a sustained 16-shire pattern settles below 85 C (share of draws), and per pattern the camera's apparent contrast in a 1 s-per-state difference image (mK, emissivity applied, product of medians) and the lock-in time to SNR 3 (median; "<=" = an upper bound; 10 = 10 s or less).  Sensors: contrast in real mK at the transistor plane.  [model]
-- 600 MHz, boot (518 mV): 683 mW per shire of fp32 randn (x1.004 of 600 MHz)
   the camera on the taped lid, heatsink off, a fan               [sustained: 0 % settle; after boot, a look of 18 s to the 75 C stop (none left in 9 %)]  checkerboard: 37.6 mK, 10; one shire: 95.1 mK, 10; 2x2 block moving: 347 mK, 10; half die: 3.2e+03 mK, 10
   the camera on the taped lid, heatsink off, still air           [sustained: 0 % settle; after boot, a look of 12 s to the 75 C stop (none left in 18 %)]  checkerboard: 37.6 mK, 10; one shire: 95.2 mK, 10; 2x2 block moving: 348 mK, 10; half die: 3.2e+03 mK, 10
   a delidded, black-coated die under an IR-window cooler         [sustained: 100 % settle]  checkerboard: 538 mK, 10; one shire: 480 mK, 10; 2x2 block moving: 833 mK, 10; half die: 3.6e+03 mK, 10
   the 34 on-die sensors, heatsink on, per-shire raw codes (a reb [sustained: 0 % settle]  checkerboard: 969 mK, 10; one shire: 656 mK, 10; 2x2 block moving: 962 mK, 10; half die: 3.99e+03 mK, 10
   the stock firmware's I/O-shire sensor, heatsink on (2x2 block  [sustained: 0 % settle]  2x2 block moving: 10
-- 400 MHz, boot (518 mV): 455 mW per shire of fp32 randn (x0.669 of 600 MHz)
   the camera on the taped lid, heatsink off, a fan               [sustained: 0 % settle; after boot, a look of 6 s to the 75 C stop (none left in 39 %)]  checkerboard: 25.1 mK, 10; one shire: 63.4 mK, 10; 2x2 block moving: 231 mK, 10; half die: 2.13e+03 mK, 10
   the camera on the taped lid, heatsink off, still air           [sustained: 0 % settle; after boot, a look of 0 s to the 75 C stop (none left in 63 %)]  checkerboard: 25.1 mK, 10; one shire: 63.4 mK, 10; 2x2 block moving: 232 mK, 10; half die: 2.14e+03 mK, 10
   a delidded, black-coated die under an IR-window cooler         [sustained: 100 % settle]  checkerboard: 359 mK, 10; one shire: 320 mK, 10; 2x2 block moving: 556 mK, 10; half die: 2.4e+03 mK, 10
   the 34 on-die sensors, heatsink on, per-shire raw codes (a reb [sustained: 0 % settle]  checkerboard: 646 mK, 10; one shire: 437 mK, 10; 2x2 block moving: 642 mK, 10; half die: 2.66e+03 mK, 10
   the stock firmware's I/O-shire sensor, heatsink on (2x2 block  [sustained: 0 % settle]  2x2 block moving: 10
-- 400 MHz, floor (438 mV): 325 mW per shire of fp32 randn (x0.478 of 600 MHz)
   the camera on the taped lid, heatsink off, a fan               [sustained: 0 % settle; after boot, a look of 11 s to the 75 C stop (none left in 39 %)]  checkerboard: 17.9 mK, 10; one shire: 45.3 mK, 10; 2x2 block moving: 165 mK, 10; half die: 1.52e+03 mK, 10
   the camera on the taped lid, heatsink off, still air           [sustained: 0 % settle; after boot, a look of 0 s to the 75 C stop (none left in 63 %)]  checkerboard: 17.9 mK, 10; one shire: 45.4 mK, 10; 2x2 block moving: 166 mK, 10; half die: 1.53e+03 mK, 10
   a delidded, black-coated die under an IR-window cooler         [sustained: 100 % settle]  checkerboard: 256 mK, 10; one shire: 229 mK, 10; 2x2 block moving: 397 mK, 10; half die: 1.72e+03 mK, 10
   the 34 on-die sensors, heatsink on, per-shire raw codes (a reb [sustained: 81 % settle]  checkerboard: 462 mK, 10; one shire: 313 mK, 10; 2x2 block moving: 459 mK, 10; half die: 1.9e+03 mK, 10
   the stock firmware's I/O-shire sensor, heatsink on (2x2 block  [sustained: 81 % settle]  2x2 block moving: <=11 s
-- 300 MHz, boot (518 mV): 341 mW per shire of fp32 randn (x0.502 of 600 MHz)
   the camera on the taped lid, heatsink off, a fan               [sustained: 0 % settle; after boot, a look of 7 s to the 75 C stop (none left in 39 %)]  checkerboard: 18.8 mK, 10; one shire: 47.5 mK, 10; 2x2 block moving: 174 mK, 10; half die: 1.6e+03 mK, 10
   the camera on the taped lid, heatsink off, still air           [sustained: 0 % settle; after boot, a look of 0 s to the 75 C stop (none left in 63 %)]  checkerboard: 18.8 mK, 10; one shire: 47.6 mK, 10; 2x2 block moving: 174 mK, 10; half die: 1.6e+03 mK, 10
   a delidded, black-coated die under an IR-window cooler         [sustained: 100 % settle]  checkerboard: 269 mK, 10; one shire: 240 mK, 10; 2x2 block moving: 417 mK, 10; half die: 1.8e+03 mK, 10
   the 34 on-die sensors, heatsink on, per-shire raw codes (a reb [sustained: 0 % settle]  checkerboard: 484 mK, 10; one shire: 328 mK, 10; 2x2 block moving: 481 mK, 10; half die: 1.99e+03 mK, 10
   the stock firmware's I/O-shire sensor, heatsink on (2x2 block  [sustained: 0 % settle]  2x2 block moving: <=10 s
-- 300 MHz, floor (398 mV): 201 mW per shire of fp32 randn (x0.296 of 600 MHz)
   the camera on the taped lid, heatsink off, a fan               [sustained: 6 % settle; after boot, a look of 21 s to the 75 C stop (none left in 39 %)]  checkerboard: 11.1 mK, 10; one shire: 28.1 mK, 10; 2x2 block moving: 102 mK, 10; half die: 944 mK, 10
   the camera on the taped lid, heatsink off, still air           [sustained: 0 % settle; after boot, a look of 0 s to the 75 C stop (none left in 63 %)]  checkerboard: 11.1 mK, 10; one shire: 28.1 mK, 10; 2x2 block moving: 103 mK, 10; half die: 946 mK, 10
   a delidded, black-coated die under an IR-window cooler         [sustained: 100 % settle]  checkerboard: 159 mK, 10; one shire: 142 mK, 10; 2x2 block moving: 246 mK, 10; half die: 1.06e+03 mK, 10
   the 34 on-die sensors, heatsink on, per-shire raw codes (a reb [sustained: 100 % settle]  checkerboard: 286 mK, 10; one shire: 194 mK, 10; 2x2 block moving: 284 mK, 10; half die: 1.18e+03 mK, 10
   the stock firmware's I/O-shire sensor, heatsink on (2x2 block  [sustained: 100 % settle]  2x2 block moving: <=29 s
-- 200 MHz, boot (518 mV): 228 mW per shire of fp32 randn (x0.335 of 600 MHz)
   the camera on the taped lid, heatsink off, a fan               [sustained: 0 % settle; after boot, a look of 10 s to the 75 C stop (none left in 39 %)]  checkerboard: 12.5 mK, 10; one shire: 31.7 mK, 10; 2x2 block moving: 116 mK, 10; half die: 1.07e+03 mK, 10
   the camera on the taped lid, heatsink off, still air           [sustained: 0 % settle; after boot, a look of 0 s to the 75 C stop (none left in 63 %)]  checkerboard: 12.5 mK, 10; one shire: 31.7 mK, 10; 2x2 block moving: 116 mK, 10; half die: 1.07e+03 mK, 10
   a delidded, black-coated die under an IR-window cooler         [sustained: 100 % settle]  checkerboard: 179 mK, 10; one shire: 160 mK, 10; 2x2 block moving: 278 mK, 10; half die: 1.2e+03 mK, 10
   the 34 on-die sensors, heatsink on, per-shire raw codes (a reb [sustained: 0 % settle]  checkerboard: 323 mK, 10; one shire: 219 mK, 10; 2x2 block moving: 321 mK, 10; half die: 1.33e+03 mK, 10
   the stock firmware's I/O-shire sensor, heatsink on (2x2 block  [sustained: 0 % settle]  2x2 block moving: <=23 s
-- 200 MHz, floor (398 mV): 134 mW per shire of fp32 randn (x0.198 of 600 MHz)
   the camera on the taped lid, heatsink off, a fan               [sustained: 9 % settle; after boot, a look of 28 s to the 75 C stop (none left in 39 %)]  checkerboard: 7.4 mK, 10; one shire: 18.7 mK, 10; 2x2 block moving: 68.3 mK, 10; half die: 629 mK, 10
   the camera on the taped lid, heatsink off, still air           [sustained: 0 % settle; after boot, a look of 0 s to the 75 C stop (none left in 63 %)]  checkerboard: 7.4 mK, 10; one shire: 18.7 mK, 10; 2x2 block moving: 68.4 mK, 10; half die: 631 mK, 10
   a delidded, black-coated die under an IR-window cooler         [sustained: 100 % settle]  checkerboard: 106 mK, 10; one shire: 94.5 mK, 10; 2x2 block moving: 164 mK, 10; half die: 709 mK, 10
   the 34 on-die sensors, heatsink on, per-shire raw codes (a reb [sustained: 100 % settle]  checkerboard: 191 mK, 10; one shire: 129 mK, 10; 2x2 block moving: 189 mK, 10; half die: 784 mK, 10
   the stock firmware's I/O-shire sensor, heatsink on (2x2 block  [sustained: 100 % settle]  2x2 block moving: <=65 s
-- 100 MHz, boot (518 mV): 114 mW per shire of fp32 randn (x0.167 of 600 MHz)
   the camera on the taped lid, heatsink off, a fan               [sustained: 0 % settle; after boot, a look of 12 s to the 75 C stop (none left in 39 %)]  checkerboard: 6.27 mK, <=10 s; one shire: 15.8 mK, 10; 2x2 block moving: 57.9 mK, 10; half die: 533 mK, 10
   the camera on the taped lid, heatsink off, still air           [sustained: 0 % settle; after boot, a look of 0 s to the 75 C stop (none left in 63 %)]  checkerboard: 6.27 mK, <=10 s; one shire: 15.9 mK, 10; 2x2 block moving: 58 mK, 10; half die: 534 mK, 10
   a delidded, black-coated die under an IR-window cooler         [sustained: 100 % settle]  checkerboard: 89.7 mK, 10; one shire: 80 mK, 10; 2x2 block moving: 139 mK, 10; half die: 601 mK, 10
   the 34 on-die sensors, heatsink on, per-shire raw codes (a reb [sustained: 65 % settle]  checkerboard: 161 mK, 10; one shire: 109 mK, 10; 2x2 block moving: 160 mK, 10; half die: 664 mK, 10
   the stock firmware's I/O-shire sensor, heatsink on (2x2 block  [sustained: 65 % settle]  2x2 block moving: <=91 s
-- 100 MHz, floor (398 mV): 67 mW per shire of fp32 randn (x0.099 of 600 MHz)
   the camera on the taped lid, heatsink off, a fan               [sustained: 13 % settle; after boot, a look of 42 s to the 75 C stop (none left in 39 %)]  checkerboard: 3.7 mK, <=29 s; one shire: 9.35 mK, 10; 2x2 block moving: 34.2 mK, 10; half die: 315 mK, 10
   the camera on the taped lid, heatsink off, still air           [sustained: 0 % settle; after boot, a look of 0 s to the 75 C stop (none left in 63 %)]  checkerboard: 3.7 mK, <=29 s; one shire: 9.36 mK, 10; 2x2 block moving: 34.2 mK, 10; half die: 315 mK, 10
   a delidded, black-coated die under an IR-window cooler         [sustained: 100 % settle]  checkerboard: 52.9 mK, 10; one shire: 47.2 mK, 10; 2x2 block moving: 82 mK, 10; half die: 355 mK, 10
   the 34 on-die sensors, heatsink on, per-shire raw codes (a reb [sustained: 100 % settle]  checkerboard: 95.3 mK, 10; one shire: 64.6 mK, 10; 2x2 block moving: 94.7 mK, 10; half die: 392 mK, 10
   the stock firmware's I/O-shire sensor, heatsink on (2x2 block  [sustained: 100 % settle]  2x2 block moving: 260 s

==============================================================================================================
I. Direct answers (numbers from the sections above)
==============================================================================================================
aifoundry2, idle, die at 60 C [model]: 25.8 W at 600 MHz.  100 MHz with the voltages left (SET_FREQUENCY alone) removes 1.06 / 1.87 / 2.45 W; the floor voltages remove 3.17 / 3.56 / 4.06 W more; the NoC at 200 MHz / 400 mV 1.06 / 1.19 / 1.32 W more; 10 MHz (not settable) would remove 0.123 / 0.209 / 0.276 W more.  Left: 18.9 / 19.2 / 19.6 W.  The die's dP/dT: 0.305 / 0.331 / 0.356 W/C at 600 MHz, 0.19 / 0.217 / 0.244 at 100 MHz floor+NoC
   bare, still: settles below 85 C at idle in 600 MHz boot 0 %, 100 MHz boot 0 %, 100 MHz floor 0 %, 100 MHz floor+NoC 0 %, 10 MHz floor+NoC 0 % of draws [model]
   bare, fan  : settles below 85 C at idle in 600 MHz boot 0 %, 100 MHz boot 2 %, 100 MHz floor 16 %, 100 MHz floor+NoC 22 %, 10 MHz floor+NoC 22 % of draws [model]
   to settle below 85 C at 100 MHz floor+NoC it needs theta <= 2.74 C/W on the SoC basis [5-95: 2.55-2.96]; the bare lid gives 4-12 in still air and 2-7 with a fan [model]
aifoundry3, idle, die at 60 C [model]: 26.7 W at 600 MHz.  100 MHz with the voltages left (SET_FREQUENCY alone) removes 1.07 / 1.86 / 2.43 W; the floor voltages remove 3.54 / 3.99 / 4.55 W more; the NoC at 200 MHz / 400 mV 1.12 / 1.24 / 1.37 W more; 10 MHz (not settable) would remove 0.122 / 0.203 / 0.267 W more.  Left: 19.3 / 19.6 / 19.9 W.  The die's dP/dT: 0.302 / 0.328 / 0.353 W/C at 600 MHz, 0.175 / 0.203 / 0.229 at 100 MHz floor+NoC
   bare, still: settles below 85 C at idle in 600 MHz boot 0 %, 100 MHz boot 0 %, 100 MHz floor 0 %, 100 MHz floor+NoC 0 %, 10 MHz floor+NoC 0 % of draws [model]
   bare, fan  : settles below 85 C at idle in 600 MHz boot 0 %, 100 MHz boot 1 %, 100 MHz floor 15 %, 100 MHz floor+NoC 21 %, 10 MHz floor+NoC 22 % of draws [model]
   to settle below 85 C at 100 MHz floor+NoC it needs theta <= 2.71 C/W on the SoC basis [5-95: 2.50-2.95]; the bare lid gives 4-12 in still air and 2-7 with a fan [model]
aifoundry1-c1, idle, die at 60 C [model]: 34.1 W at 600 MHz.  100 MHz with the voltages left (SET_FREQUENCY alone) removes 2.11 / 2.81 / 3.4 W; the floor voltages remove 4.39 / 4.83 / 5.33 W more; the NoC at 200 MHz / 400 mV 1.56 / 1.73 / 1.88 W more; 10 MHz (not settable) would remove 0.273 / 0.355 / 0.428 W more.  Left: 24.4 / 24.8 / 25.2 W.  The die's dP/dT: 0.421 / 0.456 / 0.492 W/C at 600 MHz, 0.256 / 0.292 / 0.329 at 100 MHz floor+NoC
   bare, still: settles below 85 C at idle in 600 MHz boot 0 %, 100 MHz boot 0 %, 100 MHz floor 0 %, 100 MHz floor+NoC 0 %, 10 MHz floor+NoC 0 % of draws [model]
   bare, fan  : settles below 85 C at idle in 600 MHz boot 0 %, 100 MHz boot 0 %, 100 MHz floor 0 %, 100 MHz floor+NoC 2 %, 10 MHz floor+NoC 2 % of draws [model]
   to settle below 85 C at 100 MHz floor+NoC it needs theta <= 2.02 C/W on the SoC basis [5-95: 1.88-2.18]; the bare lid gives 4-12 in still air and 2-7 with a fan [model]

Can the owner run at 100 MHz?  The command can: DM_CMD_SET_FREQUENCY -f 100,400 selects mode 62 (1100 MHz / 11) of the step clock; the handler is identical in 0.18.0, 0.20.0 and 0.21.0 (the public source nearest card 0's 0.21.2); it changes no voltage [source].  No lab card has run below 300 MHz (beyond the microseconds each PLL4 change spends bypassed to the 100 MHz reference: inference from io_pll.c), so whether the minions, the shire DLL and the master minion's runtime (its handshake timeouts, 5-10 timer ticks, are 52-105 ms of wall time if a tick is the 10.5 ms that the measured ~1.05 s heartbeat implies, review-governor.md section 1.4) work there is not established [inference].  aifoundry3 is the natural card (its governor is latched); on aifoundry2 the governor restores 600 MHz at its next idle or thermal-loop exit unless the owner changes it; card 1 must not have its voltages set; card 0 is off-limits [source].
Thermally, 100 MHz alone does not make a bare card safe: see the lines above.  With the heatsink on, every settable clock settles at idle, and a sustained 16-shire pattern settles below 85 C in >= 90 % of draws at: a2 no settable clock with the voltages left, 300 MHz at the floor; a3 300 MHz with the voltages left, 400 MHz at the floor; c1 200 MHz with the voltages left, 400 MHz at the floor [model]
10 MHz: no PLL mode exists; it needs a new BL2 (signed and flashed; the cards have never run one) or a debugger [source].  At the floor voltages the minion and SRAM clock tree left at 100 MHz is only 0.118 / 0.201 / 0.266 W on aifoundry2's die; 10 MHz would remove nine tenths of it, 0.123 / 0.209 / 0.276 W at the board with its regulators' loss (NoC lowered too): everything left is leakage and power no clock touches [model].
What ten times slower buys: the clock can be set to 100 MHz (6x slower; 60 MHz, 10x, is not in the table).  At idle it removes the clock tree, 1.06 / 1.87 / 2.45 W of aifoundry2's idle at 60 C (5th/50th/95th), and nothing of the leakage, which the voltage and the die temperature set.  Under a 16-shire pattern the switching falls from 11.3 / 12.8 / 14.2 W at the board at 600 MHz to 1.89 / 2.13 / 2.36 W with the voltages left, 1.12 / 1.26 / 1.4 W at the floor: the load stops mattering, the idle floor does not.  The camera's signal falls by the same factor, and the lock-in time a pattern needs grows as 1/signal^2: 36 times at 100 MHz with the voltages left, 103 times at the floor; on a taped lid most patterns still show within 10-40 s at 100 MHz (section H) [model].
A short look on a bare, taped lid (aifoundry2): lock-in seconds for SNR 3 against the look a bare card leaves, from the low point being set (20-60 s after the boot) to the plan's 75 C stop with the 16-shire pattern running (median, and the share with none left), and, for comparison, the seconds to 85 C had the point been set at the instant of boot (median) [model]:
   600 MHz boot      : lock-in checkerboard <=10 s, one shire <=10 s, 2x2 block moving <=10 s, half die <=10 s; look to 75 C still 12 s (18 % none), fan 18 s (9 % none); set at boot, to 85 C still 20 s, fan 28 s
   300 MHz floor     : lock-in checkerboard <=10 s, one shire <=10 s, 2x2 block moving <=10 s, half die <=10 s; look to 75 C still 0 s (63 % none), fan 21 s (39 % none); set at boot, to 85 C still 53 s, fan 102 s
   100 MHz floor     : lock-in checkerboard 29 s, one shire <=10 s, 2x2 block moving <=10 s, half die <=10 s; look to 75 C still 0 s (63 % none), fan 42 s (39 % none); set at boot, to 85 C still 70 s, fan 164 s
   100 MHz floor+NoC : lock-in checkerboard 29 s, one shire <=10 s, 2x2 block moving <=10 s, half die <=10 s; look to 75 C still 0 s (63 % none), fan 65 s (39 % none); set at boot, to 85 C still 82 s, fan 232 s

wrote lowclock_calc.json
