== 1. HPDPLL modes with a 100 MHz reference (etsoc-hal/include/hwinc/hpdpll_modes_config.h)
   72 of 112 entries; SET_FREQUENCY takes the FIRST table entry whose output equals the request (thermal_power_monitor.c pwr_svc_find_hpdpll_mode)
     100.0 MHz  mode  62  line  637  DCO 1100.0 MHz / postdiv 11
     125.0 MHz  mode  72  line  737  DCO 1125.0 MHz / postdiv  9
     150.0 MHz  mode  63  line  647  DCO 1200.0 MHz / postdiv  8
     166.0 MHz  mode  67  line  687  DCO 1162.0 MHz / postdiv  7
     175.0 MHz  mode  73  line  747  DCO 1225.0 MHz / postdiv  7
     200.0 MHz  mode  64  line  657  DCO 1200.0 MHz / postdiv  6
     225.0 MHz  mode  74  line  757  DCO 1125.0 MHz / postdiv  5
     250.0 MHz  mode  65  line  667  DCO 1250.0 MHz / postdiv  5
     275.0 MHz  mode  75  line  767  DCO 1100.0 MHz / postdiv  4
     300.0 MHz  mode  66  line  677  DCO 1200.0 MHz / postdiv  4
     325.0 MHz  mode  68  line  697  DCO 1300.0 MHz / postdiv  4
     333.0 MHz  mode  40  line  417  DCO 1332.0 MHz / postdiv  4
     350.0 MHz  mode  69  line  707  DCO 1400.0 MHz / postdiv  4
     375.0 MHz  mode  41  line  427  DCO 1125.0 MHz / postdiv  3
     400.0 MHz  mode  37  line  387  DCO 1200.0 MHz / postdiv  3
     425.0 MHz  mode  76  line  777  DCO 1275.0 MHz / postdiv  3
     450.0 MHz  mode  77  line  787  DCO 1350.0 MHz / postdiv  3
     475.0 MHz  mode  78  line  797  DCO 1425.0 MHz / postdiv  3
     498.0 MHz  mode  22  line  237  DCO 1494.0 MHz / postdiv  3
     500.0 MHz  mode   5  line   67  DCO 1500.0 MHz / postdiv  3
     502.0 MHz  mode  25  line  267  DCO 1506.0 MHz / postdiv  3
     505.0 MHz  mode  54  line  557  DCO 1515.0 MHz / postdiv  3
     525.0 MHz  mode  79  line  807  DCO 1575.0 MHz / postdiv  3
     550.0 MHz  mode  80  line  817  DCO 1100.0 MHz / postdiv  2
     575.0 MHz  mode  81  line  827  DCO 1150.0 MHz / postdiv  2
     600.0 MHz  mode  34  line  357  DCO 1200.0 MHz / postdiv  2
     625.0 MHz  mode  82  line  837  DCO 1250.0 MHz / postdiv  2
     650.0 MHz  mode  44  line  457  DCO 1300.0 MHz / postdiv  2
     650.0 MHz  mode  70  line  717  DCO 1300.0 MHz / postdiv  2  (duplicate; never chosen)
     675.0 MHz  mode  83  line  847  DCO 1350.0 MHz / postdiv  2
     700.0 MHz  mode  71  line  727  DCO 1400.0 MHz / postdiv  2
     725.0 MHz  mode  84  line  857  DCO 1450.0 MHz / postdiv  2
     750.0 MHz  mode   4  line   57  DCO 1500.0 MHz / postdiv  2
     758.0 MHz  mode  53  line  547  DCO 1516.0 MHz / postdiv  2
     775.0 MHz  mode  85  line  867  DCO 1550.0 MHz / postdiv  2
     795.0 MHz  mode  50  line  517  DCO 1590.0 MHz / postdiv  2
     800.0 MHz  mode  31  line  327  DCO 1600.0 MHz / postdiv  2
     825.0 MHz  mode  86  line  877  DCO 1650.0 MHz / postdiv  2
     850.0 MHz  mode  87  line  887  DCO 1700.0 MHz / postdiv  2
     875.0 MHz  mode  88  line  897  DCO 1750.0 MHz / postdiv  2
     900.0 MHz  mode  89  line  907  DCO 1800.0 MHz / postdiv  2
     925.0 MHz  mode  90  line  917  DCO 1850.0 MHz / postdiv  2
     933.0 MHz  mode  28  line  297  DCO 1866.0 MHz / postdiv  2
     950.0 MHz  mode  91  line  927  DCO 1900.0 MHz / postdiv  2
     975.0 MHz  mode  92  line  937  DCO 1950.0 MHz / postdiv  2
     995.0 MHz  mode  59  line  607  DCO 1990.0 MHz / postdiv  2
    1000.0 MHz  mode   3  line   47  DCO 2000.0 MHz / postdiv  2
    1000.0 MHz  mode  93  line  947  DCO 2000.0 MHz / postdiv  2  (duplicate; never chosen)
    1010.0 MHz  mode   6  line   77  DCO 2020.0 MHz / postdiv  2
    1025.0 MHz  mode  94  line  957  DCO 2050.0 MHz / postdiv  2
    1050.0 MHz  mode  95  line  967  DCO 2100.0 MHz / postdiv  2
    1066.0 MHz  mode  19  line  207  DCO 2132.0 MHz / postdiv  2
    1075.0 MHz  mode  96  line  977  DCO 1075.0 MHz / postdiv  1
    1100.0 MHz  mode  97  line  987  DCO 1100.0 MHz / postdiv  1
    1125.0 MHz  mode  98  line  997  DCO 1125.0 MHz / postdiv  1
    1150.0 MHz  mode  99  line 1007  DCO 1150.0 MHz / postdiv  1
    1175.0 MHz  mode 100  line 1017  DCO 1175.0 MHz / postdiv  1
    1200.0 MHz  mode 101  line 1027  DCO 1200.0 MHz / postdiv  1
    1225.0 MHz  mode 102  line 1037  DCO 1225.0 MHz / postdiv  1
    1250.0 MHz  mode 103  line 1047  DCO 1250.0 MHz / postdiv  1
    1275.0 MHz  mode 104  line 1057  DCO 1275.0 MHz / postdiv  1
    1300.0 MHz  mode 105  line 1067  DCO 1300.0 MHz / postdiv  1
    1325.0 MHz  mode 106  line 1077  DCO 1325.0 MHz / postdiv  1
    1350.0 MHz  mode 107  line 1087  DCO 1350.0 MHz / postdiv  1
    1375.0 MHz  mode 108  line 1097  DCO 1375.0 MHz / postdiv  1
    1400.0 MHz  mode 109  line 1107  DCO 1400.0 MHz / postdiv  1
    1425.0 MHz  mode 110  line 1117  DCO 1425.0 MHz / postdiv  1
    1450.0 MHz  mode 111  line 1127  DCO 1450.0 MHz / postdiv  1
    1475.0 MHz  mode 112  line 1137  DCO 1475.0 MHz / postdiv  1
    1500.0 MHz  mode   2  line   37  DCO 1500.0 MHz / postdiv  1
    2000.0 MHz  mode   1  line   27  DCO 2000.0 MHz / postdiv  1
    4000.0 MHz  mode  47  line  487  DCO 4000.0 MHz / postdiv  1
   below 300 MHz: 100, 125, 150, 166, 175, 200, 225, 250, 275 MHz
   lowest: 100 MHz (mode 62); highest: 4000 MHz

== 2. LVDPLL (per-shire minion PLL) modes, 100 MHz reference (lvdpll_modes_config.h)
   45 entries, 300-1400 MHz in 25 MHz steps; mode 1 = 300 MHz at line 28

== 3. Boot modes (BL2 main.c noc_pll_mode/min_step_pll_mode; io_pll.c; mem_controller.c)
   NoC PLL2 (noc_pll_mode[0])                                 mode  37 ->   400.0 MHz (in 100)
   minion step clock PLL4 (min_step_pll_mode[0])              mode  34 ->   600.0 MHz (in 100)
   minion LVDPLL (min_lvdpll_mode[0], unused: step clock chosen) mode   1 ->   300.0 MHz (in 100)
   SP PLL0 (PLL0_100_PERCENT_TARGET_MODE)                     mode   3 ->  1000.0 MHz (in 100)
   SP PLL1 (PLL1_100_PERCENT_TARGET_MODE)                     mode   1 ->  2000.0 MHz (in 100)
   PShire PLL (PSHR_PLL_50_PERCENT_TARGET_MODE)               mode  54 ->   505.0 MHz (in 100)
   memshire PLL 933 (min_lvdpll_mode_933MHz[0])               mode  28 ->   933.0 MHz (in 100)
   memshire PLL 795                                           mode  50 ->   795.0 MHz (in 100)
   memshire PLL 1066                                          mode  19 ->  1066.0 MHz (in 100)

== 4. Hardware headroom below the tables (NOT reachable through any DM command)
   HPDPLL POSTDIV0 width 9 bits (max 511; mvls_tn7_hpdpll.ipxact.h:1198); DCO in tables 1066-4000 MHz
   LVDPLL POSTDIV0 width 8 bits (max 255; mvls_tn7_lvdpll.ipxact.h:1197); DCO in tables 1075-2100 MHz
   largest post-divider any table entry uses: HPDPLL 11, LVDPLL 4
   50 MHz via HPDPLL: post-divider 22-80 at the tables' DCO range; field max 511 -> fits
   50 MHz via LVDPLL: post-divider 22-42 at the tables' DCO range; field max 255 -> fits
   25 MHz via HPDPLL: post-divider 43-160 at the tables' DCO range; field max 511 -> fits
   25 MHz via LVDPLL: post-divider 43-84 at the tables' DCO range; field max 255 -> fits
   10 MHz via HPDPLL: post-divider 107-400 at the tables' DCO range; field max 511 -> fits
   10 MHz via LVDPLL: post-divider 108-210 at the tables' DCO range; field max 255 -> fits
   minimum output at the lowest table DCO and the widest divider: HPDPLL 2.09 MHz, LVDPLL 4.22 MHz

== 5. Rail range checks (pmic_validate_voltage) and safe-state voltages, per BL2 build
   BL2 0.18.0 (da192816a):
      no per-rail range check in the PMIC driver
   BL2 0.20.0 (ffca4cbb4):
      MNN     400.00 -  620.00 mV
      SRM     660.00 -  850.00 mV
      NOC     400.00 -  600.00 mV
      DDR     700.00 -  870.00 mV
      MXN     600.00 -  870.00 mV
      PCL     731.25 -  815.00 mV
      PCIE   1400.00 - 1525.00 mV
      VDDQLP  580.00 -  660.00 mV
      VDDQ   1000.00 - 1120.00 mV
      SAFE_STATE_MNN_VOLTAGE 0x1E = 400 mV at SAFE_STATE_FREQUENCY 300 MHz
      SAFE_STATE_L2CACHE_VOLTAGE 0x50 = 650 mV at SAFE_STATE_FREQUENCY 300 MHz  <-- below this build's own SRAM minimum 660 mV
   BL2 0.21.0 (50310b06b):
      MNN     400.00 -  620.00 mV
      SRM     660.00 -  850.00 mV
      NOC     400.00 -  600.00 mV
      DDR     700.00 -  870.00 mV
      MXN     600.00 -  870.00 mV
      PCL     731.25 -  815.00 mV
      PCIE   1400.00 - 1525.00 mV
      VDDQLP  580.00 -  660.00 mV
      VDDQ   1000.00 - 1120.00 mV
      SAFE_STATE_MNN_VOLTAGE 0x1E = 400 mV at SAFE_STATE_FREQUENCY 300 MHz
      SAFE_STATE_L2CACHE_VOLTAGE 0x52 = 660 mV at SAFE_STATE_FREQUENCY 300 MHz
   BL2 HEAD (836a4ab):
      MNN     400.00 -  620.00 mV
      SRM     660.00 -  850.00 mV
      NOC     400.00 -  600.00 mV
      DDR     700.00 -  870.00 mV
      MXN     600.00 -  870.00 mV
      PCL     731.25 -  815.00 mV
      PCIE   1400.00 - 1525.00 mV
      VDDQLP  580.00 -  660.00 mV
      VDDQ   1000.00 - 1120.00 mV
      SAFE_STATE_MNN_VOLTAGE 0x1E = 400 mV at SAFE_STATE_FREQUENCY 300 MHz
      SAFE_STATE_L2CACHE_VOLTAGE 0x52 = 660 mV at SAFE_STATE_FREQUENCY 300 MHz
   code -> mV: 250 + 5*code for minion/SRAM/NoC/DDR/Maxion (PMIC_*_VOLTAGE_BASE/MULTIPLIER); code 0 = 250 mV

== 6. Small derived figures (inputs are recorded measurements; arithmetic only)
   idle minion rail per shire at 73 C: 0.325 W (11.05 W / 34 shires; no firmware power gating)
   idle board power outside the minion clock domain (off-rail + NoC rail; the SRAM rail's shire caches share the minion clock, errata 2.30): 59% (18.74 W of 31.79 W)
   0.18.0 law at 300 MHz: minion 440 mV, SRAM 690 mV (if its governor acted; card 1's is inactive)
   0.18.0 law at 200 MHz: minion 420 mV, SRAM 670 mV (if its governor acted; card 1's is inactive)
   0.18.0 law at 100 MHz: minion 400 mV, SRAM 650 mV (if its governor acted; card 1's is inactive)
