Opening device 1
MEMPROBE {"test":"program","name":"refresh","hart":0,"arena_base":"0x8040000000","ops":96002,"results":48000,"cycles":13953492,"wall_s":0.0414,"t_start_ms":1790417427295,"t_end_ms":1790417427336,"out":"/home/yaroslavvb/nekko/build/claims-v3/aifoundry1-c1/mem/p2/refresh.u32","ok":true}
Opening device 1
MEMPROBE {"test":"program","name":"decomp","hart":0,"arena_base":"0x8040000000","ops":67501,"results":13500,"cycles":13874125,"wall_s":0.0347,"t_start_ms":1790417427753,"t_end_ms":1790417427788,"out":"/home/yaroslavvb/nekko/build/claims-v3/aifoundry1-c1/mem/p2/decomp.u32","ok":true}
Opening device 1
MEMPROBE {"test":"program","name":"bits","hart":0,"arena_base":"0x8040000000","ops":74701,"results":15000,"cycles":34583159,"wall_s":0.0702,"t_start_ms":1790417428209,"t_end_ms":1790417428279,"out":"/home/yaroslavvb/nekko/build/claims-v3/aifoundry1-c1/mem/p2/bits.u32","ok":true}
Opening device 1
MEMPROBE {"test":"program","name":"pagetimeout","hart":0,"arena_base":"0x8040000000","ops":7021,"results":1560,"cycles":5914023,"wall_s":0.0114,"t_start_ms":1790417428699,"t_end_ms":1790417428710,"out":"/home/yaroslavvb/nekko/build/claims-v3/aifoundry1-c1/mem/p2/pagetimeout.u32","ok":true}
Opening device 1
MEMPROBE {"test":"program","name":"t_rawodd","hart":0,"arena_base":"0x8040000000","ops":8001,"results":20000,"cycles":875609,"wall_s":0.0044,"t_start_ms":1790417429131,"t_end_ms":1790417429136,"out":"/home/yaroslavvb/nekko/build/claims-v3/aifoundry1-c1/mem/p2/t_rawodd.u32","ok":true}
Opening device 1
MEMPROBE {"test":"program","name":"t_raw","hart":0,"arena_base":"0x8040000000","ops":4001,"results":16000,"cycles":514683,"wall_s":0.0028,"t_start_ms":1790417429553,"t_end_ms":1790417429556,"out":"/home/yaroslavvb/nekko/build/claims-v3/aifoundry1-c1/mem/p2/t_raw.u32","ok":true}
Opening device 1
MEMPROBE {"test":"program","name":"l3map","hart":0,"arena_base":"0x8040000000","ops":81921,"results":16384,"cycles":11553468,"wall_s":0.0330,"t_start_ms":1790417429976,"t_end_ms":1790417430009,"out":"/home/yaroslavvb/nekko/build/claims-v3/aifoundry1-c1/mem/p2/l3map.u32","ok":true}
Opening device 1
MEMPROBE {"test":"program","name":"ladder","hart":0,"arena_base":"0x8040000000","ops":4481,"results":1408,"cycles":758151,"wall_s":0.0024,"t_start_ms":1790417430428,"t_end_ms":1790417430430,"out":"/home/yaroslavvb/nekko/build/claims-v3/aifoundry1-c1/mem/p2/ladder.u32","ok":true}
Opening device 1
MEMPROBE {"test":"program","name":"msmap","hart":0,"arena_base":"0x8040000000","ops":5121,"results":1024,"cycles":2856624,"wall_s":0.0060,"t_start_ms":1790417430848,"t_end_ms":1790417430854,"out":"/home/yaroslavvb/nekko/build/claims-v3/aifoundry1-c1/mem/p2/msmap.u32","ok":true}
Opening device 1
MEMPROBE {"test":"program","name":"refresh_jit","hart":0,"arena_base":"0x8040000000","ops":95002,"results":38000,"cycles":41040397,"wall_s":0.0848,"t_start_ms":1790417431274,"t_end_ms":1790417431359,"out":"/home/yaroslavvb/nekko/build/claims-v3/aifoundry1-c1/mem/p2/refresh_jit.u32","ok":true}
Opening device 1
MEMPROBE {"test":"program","name":"t_glitch","hart":0,"arena_base":"0x8040000000","ops":8001,"results":8000,"cycles":804740,"wall_s":0.0035,"t_start_ms":1790417431776,"t_end_ms":1790417431779,"out":"/home/yaroslavvb/nekko/build/claims-v3/aifoundry1-c1/mem/p2/t_glitch.u32","ok":true}
Opening device 1
MEMPROBE {"test":"program","name":"ladder","hart":448,"arena_base":"0x8040000000","ops":4481,"results":1408,"cycles":747343,"wall_s":0.0024,"t_start_ms":1790417432198,"t_end_ms":1790417432200,"out":"/home/yaroslavvb/nekko/build/claims-v3/aifoundry1-c1/mem/p2/req7/ladder.u32","ok":true}
Opening device 1
MEMPROBE {"test":"program","name":"decomp","hart":448,"arena_base":"0x8040000000","ops":67501,"results":13500,"cycles":13659630,"wall_s":0.0341,"t_start_ms":1790417432617,"t_end_ms":1790417432651,"out":"/home/yaroslavvb/nekko/build/claims-v3/aifoundry1-c1/mem/p2/req7/decomp.u32","ok":true}
Opening device 1
MEMPROBE {"test":"program","name":"ladder","hart":1536,"arena_base":"0x8040000000","ops":4481,"results":1408,"cycles":747404,"wall_s":0.0024,"t_start_ms":1790417433070,"t_end_ms":1790417433073,"out":"/home/yaroslavvb/nekko/build/claims-v3/aifoundry1-c1/mem/p2/req24/ladder.u32","ok":true}
Opening device 1
MEMPROBE {"test":"program","name":"decomp","hart":1536,"arena_base":"0x8040000000","ops":67501,"results":13500,"cycles":13533020,"wall_s":0.0336,"t_start_ms":1790417433492,"t_end_ms":1790417433526,"out":"/home/yaroslavvb/nekko/build/claims-v3/aifoundry1-c1/mem/p2/req24/decomp.u32","ok":true}
Opening device 1
MEMPROBE {"test":"program","name":"ladder","hart":1984,"arena_base":"0x8040000000","ops":4481,"results":1408,"cycles":759459,"wall_s":0.0024,"t_start_ms":1790417433944,"t_end_ms":1790417433946,"out":"/home/yaroslavvb/nekko/build/claims-v3/aifoundry1-c1/mem/p2/req31/ladder.u32","ok":true}
Opening device 1
MEMPROBE {"test":"program","name":"decomp","hart":1984,"arena_base":"0x8040000000","ops":67501,"results":13500,"cycles":13680555,"wall_s":0.0343,"t_start_ms":1790417434364,"t_end_ms":1790417434399,"out":"/home/yaroslavvb/nekko/build/claims-v3/aifoundry1-c1/mem/p2/req31/decomp.u32","ok":true}
Opening device 1
MEMPROBE {"test":"program","name":"wakeup","hart":0,"arena_base":"0x8040000000","ops":5429,"results":1128,"cycles":2911967510,"wall_s":4.8547,"t_start_ms":1790417487702,"t_end_ms":1790417492557,"out":"/home/yaroslavvb/nekko/build/claims-v3/aifoundry1-c1/mem/p2/wake/wakeup.u32","ok":true}
