PCIE {"t_ms":1790665535643,"test":"open","open_ns":179366735,"src":"PCIEBENCH_SRC_SHA256 main=27b7ed06330c4bae26cd24be189cdac0d67432cb52b1e8c7fca1116abda1aa5f args=8ae69bd7d46097957b638ff4c6630eb3e66d3cb0654b77d3bf55f3336c61c508 touch=92180a93c6dae0a1dce8c379156f827bd6588115777499dc45e64bf606b46ec0","link":[{"bdf":"0000:02:00.0","speed":"16.0 GT/s PCIe","width":"8","max_speed":"16.0 GT/s PCIe","max_width":"8","cma_allocated":"2057 MB"}]}
PCIE {"t_ms":1790665535650,"test":"conc","trial":0,"copy":"dma","cfg":"h2d/ser","legs":1,"bytes_per_leg":8388608,"leg_ns":[853968],"wall_ns":855909,"stream_errors":0,"mb":4,"cmds_per_leg":2,"elements":0}
PCIE {"t_ms":1790665535652,"test":"conc","trial":0,"copy":"dma","cfg":"2xh2d/ser","legs":2,"bytes_per_leg":8388608,"leg_ns":[1190021,1501172],"wall_ns":1502933,"stream_errors":0,"mb":4,"cmds_per_leg":2,"elements":0}
PCIE {"t_ms":1790665535653,"test":"conc","trial":0,"copy":"dma","cfg":"d2h/ser","legs":1,"bytes_per_leg":8388608,"leg_ns":[935775],"wall_ns":937455,"stream_errors":0,"mb":4,"cmds_per_leg":2,"elements":0}
PCIE {"t_ms":1790665535654,"test":"conc","trial":0,"copy":"dma","cfg":"h2d","legs":1,"bytes_per_leg":8388608,"leg_ns":[1463588],"wall_ns":1465305,"stream_errors":0,"mb":4,"cmds_per_leg":2,"elements":0}
PCIE {"t_ms":1790665535655,"test":"conc","trial":0,"copy":"dma","cfg":"d2h","legs":1,"bytes_per_leg":8388608,"leg_ns":[993392],"wall_ns":995501,"stream_errors":0,"mb":4,"cmds_per_leg":2,"elements":0}
PCIE {"t_ms":1790665535657,"test":"conc","trial":1,"copy":"dma","cfg":"2xh2d/ser","legs":2,"bytes_per_leg":8388608,"leg_ns":[1269617,1579378],"wall_ns":1581116,"stream_errors":0,"mb":4,"cmds_per_leg":2,"elements":0}
PCIE {"t_ms":1790665535658,"test":"conc","trial":1,"copy":"dma","cfg":"d2h/ser","legs":1,"bytes_per_leg":8388608,"leg_ns":[925557],"wall_ns":927296,"stream_errors":0,"mb":4,"cmds_per_leg":2,"elements":0}
PCIE {"t_ms":1790665535659,"test":"conc","trial":1,"copy":"dma","cfg":"h2d","legs":1,"bytes_per_leg":8388608,"leg_ns":[1540352],"wall_ns":1542029,"stream_errors":0,"mb":4,"cmds_per_leg":2,"elements":0}
PCIE {"t_ms":1790665535660,"test":"conc","trial":1,"copy":"dma","cfg":"d2h","legs":1,"bytes_per_leg":8388608,"leg_ns":[895871],"wall_ns":897589,"stream_errors":0,"mb":4,"cmds_per_leg":2,"elements":0}
PCIE {"t_ms":1790665535661,"test":"conc","trial":1,"copy":"dma","cfg":"h2d/ser","legs":1,"bytes_per_leg":8388608,"leg_ns":[826042],"wall_ns":827784,"stream_errors":0,"mb":4,"cmds_per_leg":2,"elements":0}
PCIE {"t_ms":1790665535662,"test":"conc","trial":2,"copy":"dma","cfg":"2xh2d/ser","legs":2,"bytes_per_leg":8388608,"leg_ns":[1104528,1477584],"wall_ns":1479309,"stream_errors":0,"mb":4,"cmds_per_leg":2,"elements":0}
PCIE {"t_ms":1790665535664,"test":"conc","trial":2,"copy":"dma","cfg":"h2d","legs":1,"bytes_per_leg":8388608,"leg_ns":[1509125],"wall_ns":1510798,"stream_errors":0,"mb":4,"cmds_per_leg":2,"elements":0}
PCIE {"t_ms":1790665535665,"test":"conc","trial":2,"copy":"dma","cfg":"h2d/ser","legs":1,"bytes_per_leg":8388608,"leg_ns":[793775],"wall_ns":795444,"stream_errors":0,"mb":4,"cmds_per_leg":2,"elements":0}
PCIE {"t_ms":1790665535665,"test":"conc","trial":2,"copy":"dma","cfg":"d2h/ser","legs":1,"bytes_per_leg":8388608,"leg_ns":[739795],"wall_ns":741473,"stream_errors":0,"mb":4,"cmds_per_leg":2,"elements":0}
PCIE {"t_ms":1790665535666,"test":"conc","trial":2,"copy":"dma","cfg":"d2h","legs":1,"bytes_per_leg":8388608,"leg_ns":[894736],"wall_ns":896416,"stream_errors":0,"mb":4,"cmds_per_leg":2,"elements":0}
PCIE {"t_ms":1790665535667,"test":"conc","trial":3,"copy":"dma","cfg":"d2h/ser","legs":1,"bytes_per_leg":8388608,"leg_ns":[827563],"wall_ns":829217,"stream_errors":0,"mb":4,"cmds_per_leg":2,"elements":0}
PCIE {"t_ms":1790665535668,"test":"conc","trial":3,"copy":"dma","cfg":"h2d/ser","legs":1,"bytes_per_leg":8388608,"leg_ns":[829489],"wall_ns":831162,"stream_errors":0,"mb":4,"cmds_per_leg":2,"elements":0}
PCIE {"t_ms":1790665535669,"test":"conc","trial":3,"copy":"dma","cfg":"2xh2d/ser","legs":2,"bytes_per_leg":8388608,"leg_ns":[1102235,1479339],"wall_ns":1480991,"stream_errors":0,"mb":4,"cmds_per_leg":2,"elements":0}
PCIE {"t_ms":1790665535670,"test":"conc","trial":3,"copy":"dma","cfg":"d2h","legs":1,"bytes_per_leg":8388608,"leg_ns":[791730],"wall_ns":793380,"stream_errors":0,"mb":4,"cmds_per_leg":2,"elements":0}
PCIE {"t_ms":1790665535672,"test":"conc","trial":3,"copy":"dma","cfg":"h2d","legs":1,"bytes_per_leg":8388608,"leg_ns":[1517319],"wall_ns":1518975,"stream_errors":0,"mb":4,"cmds_per_leg":2,"elements":0}
PCIE {"t_ms":1790665535673,"test":"conc","trial":4,"copy":"dma","cfg":"d2h","legs":1,"bytes_per_leg":8388608,"leg_ns":[892122],"wall_ns":893802,"stream_errors":0,"mb":4,"cmds_per_leg":2,"elements":0}
PCIE {"t_ms":1790665535674,"test":"conc","trial":4,"copy":"dma","cfg":"2xh2d/ser","legs":2,"bytes_per_leg":8388608,"leg_ns":[1191305,1501963],"wall_ns":1503614,"stream_errors":0,"mb":4,"cmds_per_leg":2,"elements":0}
PCIE {"t_ms":1790665535675,"test":"conc","trial":4,"copy":"dma","cfg":"h2d/ser","legs":1,"bytes_per_leg":8388608,"leg_ns":[788200],"wall_ns":789854,"stream_errors":0,"mb":4,"cmds_per_leg":2,"elements":0}
PCIE {"t_ms":1790665535676,"test":"conc","trial":4,"copy":"dma","cfg":"h2d","legs":1,"bytes_per_leg":8388608,"leg_ns":[1482683],"wall_ns":1484437,"stream_errors":0,"mb":4,"cmds_per_leg":2,"elements":0}
PCIE {"t_ms":1790665535677,"test":"conc","trial":4,"copy":"dma","cfg":"d2h/ser","legs":1,"bytes_per_leg":8388608,"leg_ns":[773242],"wall_ns":774894,"stream_errors":0,"mb":4,"cmds_per_leg":2,"elements":0}
PCIE {"t_ms":1790665535678,"test":"conc","trial":5,"copy":"dma","cfg":"h2d/ser","legs":1,"bytes_per_leg":8388608,"leg_ns":[833408],"wall_ns":835089,"stream_errors":0,"mb":4,"cmds_per_leg":2,"elements":0}
PCIE {"t_ms":1790665535679,"test":"conc","trial":5,"copy":"dma","cfg":"d2h/ser","legs":1,"bytes_per_leg":8388608,"leg_ns":[748632],"wall_ns":750301,"stream_errors":0,"mb":4,"cmds_per_leg":2,"elements":0}
PCIE {"t_ms":1790665535680,"test":"conc","trial":5,"copy":"dma","cfg":"d2h","legs":1,"bytes_per_leg":8388608,"leg_ns":[838377],"wall_ns":840016,"stream_errors":0,"mb":4,"cmds_per_leg":2,"elements":0}
PCIE {"t_ms":1790665535681,"test":"conc","trial":5,"copy":"dma","cfg":"h2d","legs":1,"bytes_per_leg":8388608,"leg_ns":[1500300],"wall_ns":1502021,"stream_errors":0,"mb":4,"cmds_per_leg":2,"elements":0}
PCIE {"t_ms":1790665535683,"test":"conc","trial":5,"copy":"dma","cfg":"2xh2d/ser","legs":2,"bytes_per_leg":8388608,"leg_ns":[1176191,1486655],"wall_ns":1488345,"stream_errors":0,"mb":4,"cmds_per_leg":2,"elements":0}
PCIE {"t_ms":1790665535683,"test":"conc","trial":6,"copy":"dma","cfg":"d2h/ser","legs":1,"bytes_per_leg":8388608,"leg_ns":[696759],"wall_ns":698483,"stream_errors":0,"mb":4,"cmds_per_leg":2,"elements":0}
PCIE {"t_ms":1790665535684,"test":"conc","trial":6,"copy":"dma","cfg":"h2d/ser","legs":1,"bytes_per_leg":8388608,"leg_ns":[880851],"wall_ns":882534,"stream_errors":0,"mb":4,"cmds_per_leg":2,"elements":0}
PCIE {"t_ms":1790665535686,"test":"conc","trial":6,"copy":"dma","cfg":"2xh2d/ser","legs":2,"bytes_per_leg":8388608,"leg_ns":[1201188,1512365],"wall_ns":1514100,"stream_errors":0,"mb":4,"cmds_per_leg":2,"elements":0}
PCIE {"t_ms":1790665535687,"test":"conc","trial":6,"copy":"dma","cfg":"d2h","legs":1,"bytes_per_leg":8388608,"leg_ns":[794877],"wall_ns":796521,"stream_errors":0,"mb":4,"cmds_per_leg":2,"elements":0}
PCIE {"t_ms":1790665535688,"test":"conc","trial":6,"copy":"dma","cfg":"h2d","legs":1,"bytes_per_leg":8388608,"leg_ns":[1604376],"wall_ns":1606068,"stream_errors":0,"mb":4,"cmds_per_leg":2,"elements":0}
PCIE {"t_ms":1790665535689,"test":"conc","trial":7,"copy":"dma","cfg":"h2d/ser","legs":1,"bytes_per_leg":8388608,"leg_ns":[763092],"wall_ns":764797,"stream_errors":0,"mb":4,"cmds_per_leg":2,"elements":0}
PCIE {"t_ms":1790665535690,"test":"conc","trial":7,"copy":"dma","cfg":"d2h/ser","legs":1,"bytes_per_leg":8388608,"leg_ns":[777322],"wall_ns":779019,"stream_errors":0,"mb":4,"cmds_per_leg":2,"elements":0}
PCIE {"t_ms":1790665535691,"test":"conc","trial":7,"copy":"dma","cfg":"d2h","legs":1,"bytes_per_leg":8388608,"leg_ns":[842882],"wall_ns":844552,"stream_errors":0,"mb":4,"cmds_per_leg":2,"elements":0}
PCIE {"t_ms":1790665535692,"test":"conc","trial":7,"copy":"dma","cfg":"2xh2d/ser","legs":2,"bytes_per_leg":8388608,"leg_ns":[1191919,1502705],"wall_ns":1504373,"stream_errors":0,"mb":4,"cmds_per_leg":2,"elements":0}
PCIE {"t_ms":1790665535694,"test":"conc","trial":7,"copy":"dma","cfg":"h2d","legs":1,"bytes_per_leg":8388608,"leg_ns":[1475486],"wall_ns":1477174,"stream_errors":0,"mb":4,"cmds_per_leg":2,"elements":0}
PCIE {"t_ms":1790665535694,"test":"conc","trial":8,"copy":"dma","cfg":"h2d/ser","legs":1,"bytes_per_leg":8388608,"leg_ns":[790195],"wall_ns":791838,"stream_errors":0,"mb":4,"cmds_per_leg":2,"elements":0}
PCIE {"t_ms":1790665535696,"test":"conc","trial":8,"copy":"dma","cfg":"2xh2d/ser","legs":2,"bytes_per_leg":8388608,"leg_ns":[1099470,1513340],"wall_ns":1515000,"stream_errors":0,"mb":4,"cmds_per_leg":2,"elements":0}
PCIE {"t_ms":1790665535697,"test":"conc","trial":8,"copy":"dma","cfg":"h2d","legs":1,"bytes_per_leg":8388608,"leg_ns":[1455968],"wall_ns":1457627,"stream_errors":0,"mb":4,"cmds_per_leg":2,"elements":0}
PCIE {"t_ms":1790665535698,"test":"conc","trial":8,"copy":"dma","cfg":"d2h","legs":1,"bytes_per_leg":8388608,"leg_ns":[830138],"wall_ns":831764,"stream_errors":0,"mb":4,"cmds_per_leg":2,"elements":0}
PCIE {"t_ms":1790665535699,"test":"conc","trial":8,"copy":"dma","cfg":"d2h/ser","legs":1,"bytes_per_leg":8388608,"leg_ns":[713987],"wall_ns":715660,"stream_errors":0,"mb":4,"cmds_per_leg":2,"elements":0}
PCIE {"t_ms":1790665535700,"test":"conc","trial":9,"copy":"dma","cfg":"2xh2d/ser","legs":2,"bytes_per_leg":8388608,"leg_ns":[1193158,1467594],"wall_ns":1469266,"stream_errors":0,"mb":4,"cmds_per_leg":2,"elements":0}
PCIE {"t_ms":1790665535701,"test":"conc","trial":9,"copy":"dma","cfg":"d2h/ser","legs":1,"bytes_per_leg":8388608,"leg_ns":[776466],"wall_ns":778141,"stream_errors":0,"mb":4,"cmds_per_leg":2,"elements":0}
PCIE {"t_ms":1790665535702,"test":"conc","trial":9,"copy":"dma","cfg":"h2d/ser","legs":1,"bytes_per_leg":8388608,"leg_ns":[842516],"wall_ns":844187,"stream_errors":0,"mb":4,"cmds_per_leg":2,"elements":0}
PCIE {"t_ms":1790665535703,"test":"conc","trial":9,"copy":"dma","cfg":"d2h","legs":1,"bytes_per_leg":8388608,"leg_ns":[785998],"wall_ns":787662,"stream_errors":0,"mb":4,"cmds_per_leg":2,"elements":0}
PCIE {"t_ms":1790665535704,"test":"conc","trial":9,"copy":"dma","cfg":"h2d","legs":1,"bytes_per_leg":8388608,"leg_ns":[1478556],"wall_ns":1480246,"stream_errors":0,"mb":4,"cmds_per_leg":2,"elements":0}
PCIE {"t_ms":1790665535705,"test":"conc","trial":10,"copy":"dma","cfg":"d2h/ser","legs":1,"bytes_per_leg":8388608,"leg_ns":[728818],"wall_ns":730429,"stream_errors":0,"mb":4,"cmds_per_leg":2,"elements":0}
PCIE {"t_ms":1790665535707,"test":"conc","trial":10,"copy":"dma","cfg":"h2d","legs":1,"bytes_per_leg":8388608,"leg_ns":[1570143],"wall_ns":1571805,"stream_errors":0,"mb":4,"cmds_per_leg":2,"elements":0}
PCIE {"t_ms":1790665535707,"test":"conc","trial":10,"copy":"dma","cfg":"h2d/ser","legs":1,"bytes_per_leg":8388608,"leg_ns":[790759],"wall_ns":792415,"stream_errors":0,"mb":4,"cmds_per_leg":2,"elements":0}
PCIE {"t_ms":1790665535708,"test":"conc","trial":10,"copy":"dma","cfg":"d2h","legs":1,"bytes_per_leg":8388608,"leg_ns":[892152],"wall_ns":893957,"stream_errors":0,"mb":4,"cmds_per_leg":2,"elements":0}
PCIE {"t_ms":1790665535710,"test":"conc","trial":10,"copy":"dma","cfg":"2xh2d/ser","legs":2,"bytes_per_leg":8388608,"leg_ns":[1203146,1513707],"wall_ns":1515958,"stream_errors":0,"mb":4,"cmds_per_leg":2,"elements":0}
PCIE {"t_ms":1790665535711,"test":"conc","trial":11,"copy":"dma","cfg":"h2d","legs":1,"bytes_per_leg":8388608,"leg_ns":[1472581],"wall_ns":1474300,"stream_errors":0,"mb":4,"cmds_per_leg":2,"elements":0}
PCIE {"t_ms":1790665535713,"test":"conc","trial":11,"copy":"dma","cfg":"2xh2d/ser","legs":2,"bytes_per_leg":8388608,"leg_ns":[1200570,1511656],"wall_ns":1513349,"stream_errors":0,"mb":4,"cmds_per_leg":2,"elements":0}
PCIE {"t_ms":1790665535714,"test":"conc","trial":11,"copy":"dma","cfg":"d2h","legs":1,"bytes_per_leg":8388608,"leg_ns":[795851],"wall_ns":797524,"stream_errors":0,"mb":4,"cmds_per_leg":2,"elements":0}
PCIE {"t_ms":1790665535714,"test":"conc","trial":11,"copy":"dma","cfg":"h2d/ser","legs":1,"bytes_per_leg":8388608,"leg_ns":[777527],"wall_ns":779230,"stream_errors":0,"mb":4,"cmds_per_leg":2,"elements":0}
PCIE {"t_ms":1790665535715,"test":"conc","trial":11,"copy":"dma","cfg":"d2h/ser","legs":1,"bytes_per_leg":8388608,"leg_ns":[728505],"wall_ns":730148,"stream_errors":0,"mb":4,"cmds_per_leg":2,"elements":0}
PCIE {"t_ms":1790665535716,"test":"conc","trial":12,"copy":"dma","cfg":"d2h/ser","legs":1,"bytes_per_leg":8388608,"leg_ns":[735883],"wall_ns":737547,"stream_errors":0,"mb":4,"cmds_per_leg":2,"elements":0}
PCIE {"t_ms":1790665535717,"test":"conc","trial":12,"copy":"dma","cfg":"h2d","legs":1,"bytes_per_leg":8388608,"leg_ns":[1427369],"wall_ns":1429055,"stream_errors":0,"mb":4,"cmds_per_leg":2,"elements":0}
PCIE {"t_ms":1790665535718,"test":"conc","trial":12,"copy":"dma","cfg":"h2d/ser","legs":1,"bytes_per_leg":8388608,"leg_ns":[823178],"wall_ns":824824,"stream_errors":0,"mb":4,"cmds_per_leg":2,"elements":0}
PCIE {"t_ms":1790665535720,"test":"conc","trial":12,"copy":"dma","cfg":"2xh2d/ser","legs":2,"bytes_per_leg":8388608,"leg_ns":[1093299,1470298],"wall_ns":1471986,"stream_errors":0,"mb":4,"cmds_per_leg":2,"elements":0}
PCIE {"t_ms":1790665535720,"test":"conc","trial":12,"copy":"dma","cfg":"d2h","legs":1,"bytes_per_leg":8388608,"leg_ns":[803914],"wall_ns":805579,"stream_errors":0,"mb":4,"cmds_per_leg":2,"elements":0}
PCIE {"t_ms":1790665535721,"test":"conc","trial":13,"copy":"dma","cfg":"h2d/ser","legs":1,"bytes_per_leg":8388608,"leg_ns":[881773],"wall_ns":883434,"stream_errors":0,"mb":4,"cmds_per_leg":2,"elements":0}
PCIE {"t_ms":1790665535722,"test":"conc","trial":13,"copy":"dma","cfg":"d2h","legs":1,"bytes_per_leg":8388608,"leg_ns":[827797],"wall_ns":829527,"stream_errors":0,"mb":4,"cmds_per_leg":2,"elements":0}
PCIE {"t_ms":1790665535724,"test":"conc","trial":13,"copy":"dma","cfg":"h2d","legs":1,"bytes_per_leg":8388608,"leg_ns":[1573351],"wall_ns":1575028,"stream_errors":0,"mb":4,"cmds_per_leg":2,"elements":0}
PCIE {"t_ms":1790665535724,"test":"conc","trial":13,"copy":"dma","cfg":"d2h/ser","legs":1,"bytes_per_leg":8388608,"leg_ns":[705312],"wall_ns":707048,"stream_errors":0,"mb":4,"cmds_per_leg":2,"elements":0}
PCIE {"t_ms":1790665535726,"test":"conc","trial":13,"copy":"dma","cfg":"2xh2d/ser","legs":2,"bytes_per_leg":8388608,"leg_ns":[1184297,1495897],"wall_ns":1497547,"stream_errors":0,"mb":4,"cmds_per_leg":2,"elements":0}
PCIE {"t_ms":1790665535727,"test":"conc","trial":14,"copy":"dma","cfg":"2xh2d/ser","legs":2,"bytes_per_leg":8388608,"leg_ns":[1101683,1479038],"wall_ns":1480786,"stream_errors":0,"mb":4,"cmds_per_leg":2,"elements":0}
PCIE {"t_ms":1790665535728,"test":"conc","trial":14,"copy":"dma","cfg":"d2h","legs":1,"bytes_per_leg":8388608,"leg_ns":[829286],"wall_ns":831048,"stream_errors":0,"mb":4,"cmds_per_leg":2,"elements":0}
PCIE {"t_ms":1790665535730,"test":"conc","trial":14,"copy":"dma","cfg":"h2d","legs":1,"bytes_per_leg":8388608,"leg_ns":[1571895],"wall_ns":1573590,"stream_errors":0,"mb":4,"cmds_per_leg":2,"elements":0}
PCIE {"t_ms":1790665535730,"test":"conc","trial":14,"copy":"dma","cfg":"d2h/ser","legs":1,"bytes_per_leg":8388608,"leg_ns":[701820],"wall_ns":703550,"stream_errors":0,"mb":4,"cmds_per_leg":2,"elements":0}
PCIE {"t_ms":1790665535731,"test":"conc","trial":14,"copy":"dma","cfg":"h2d/ser","legs":1,"bytes_per_leg":8388608,"leg_ns":[879061],"wall_ns":880719,"stream_errors":0,"mb":4,"cmds_per_leg":2,"elements":0}
PCIE {"t_ms":1790665535732,"test":"conc","trial":15,"copy":"dma","cfg":"h2d/ser","legs":1,"bytes_per_leg":8388608,"leg_ns":[823424],"wall_ns":825086,"stream_errors":0,"mb":4,"cmds_per_leg":2,"elements":0}
PCIE {"t_ms":1790665535734,"test":"conc","trial":15,"copy":"dma","cfg":"h2d","legs":1,"bytes_per_leg":8388608,"leg_ns":[1581061],"wall_ns":1582773,"stream_errors":0,"mb":4,"cmds_per_leg":2,"elements":0}
PCIE {"t_ms":1790665535735,"test":"conc","trial":15,"copy":"dma","cfg":"2xh2d/ser","legs":2,"bytes_per_leg":8388608,"leg_ns":[1106547,1481447],"wall_ns":1483093,"stream_errors":0,"mb":4,"cmds_per_leg":2,"elements":0}
PCIE {"t_ms":1790665535736,"test":"conc","trial":15,"copy":"dma","cfg":"d2h/ser","legs":1,"bytes_per_leg":8388608,"leg_ns":[730812],"wall_ns":732463,"stream_errors":0,"mb":4,"cmds_per_leg":2,"elements":0}
PCIE {"t_ms":1790665535737,"test":"conc","trial":15,"copy":"dma","cfg":"d2h","legs":1,"bytes_per_leg":8388608,"leg_ns":[845017],"wall_ns":846689,"stream_errors":0,"mb":4,"cmds_per_leg":2,"elements":0}
PCIE {"t_ms":1790665535738,"test":"conc","trial":16,"copy":"dma","cfg":"2xh2d/ser","legs":2,"bytes_per_leg":8388608,"leg_ns":[1136689,1513723],"wall_ns":1515466,"stream_errors":0,"mb":4,"cmds_per_leg":2,"elements":0}
PCIE {"t_ms":1790665535740,"test":"conc","trial":16,"copy":"dma","cfg":"h2d","legs":1,"bytes_per_leg":8388608,"leg_ns":[1508876],"wall_ns":1510606,"stream_errors":0,"mb":4,"cmds_per_leg":2,"elements":0}
PCIE {"t_ms":1790665535741,"test":"conc","trial":16,"copy":"dma","cfg":"h2d/ser","legs":1,"bytes_per_leg":8388608,"leg_ns":[793796],"wall_ns":795479,"stream_errors":0,"mb":4,"cmds_per_leg":2,"elements":0}
PCIE {"t_ms":1790665535741,"test":"conc","trial":16,"copy":"dma","cfg":"d2h/ser","legs":1,"bytes_per_leg":8388608,"leg_ns":[697106],"wall_ns":698811,"stream_errors":0,"mb":4,"cmds_per_leg":2,"elements":0}
PCIE {"t_ms":1790665535742,"test":"conc","trial":16,"copy":"dma","cfg":"d2h","legs":1,"bytes_per_leg":8388608,"leg_ns":[881507],"wall_ns":883182,"stream_errors":0,"mb":4,"cmds_per_leg":2,"elements":0}
PCIE {"t_ms":1790665535743,"test":"conc","trial":17,"copy":"dma","cfg":"d2h/ser","legs":1,"bytes_per_leg":8388608,"leg_ns":[728040],"wall_ns":729685,"stream_errors":0,"mb":4,"cmds_per_leg":2,"elements":0}
PCIE {"t_ms":1790665535744,"test":"conc","trial":17,"copy":"dma","cfg":"2xh2d/ser","legs":2,"bytes_per_leg":8388608,"leg_ns":[1192939,1468061],"wall_ns":1469711,"stream_errors":0,"mb":4,"cmds_per_leg":2,"elements":0}
PCIE {"t_ms":1790665535745,"test":"conc","trial":17,"copy":"dma","cfg":"d2h","legs":1,"bytes_per_leg":8388608,"leg_ns":[801501],"wall_ns":803225,"stream_errors":0,"mb":4,"cmds_per_leg":2,"elements":0}
PCIE {"t_ms":1790665535747,"test":"conc","trial":17,"copy":"dma","cfg":"h2d","legs":1,"bytes_per_leg":8388608,"leg_ns":[1497598],"wall_ns":1499250,"stream_errors":0,"mb":4,"cmds_per_leg":2,"elements":0}
PCIE {"t_ms":1790665535748,"test":"conc","trial":17,"copy":"dma","cfg":"h2d/ser","legs":1,"bytes_per_leg":8388608,"leg_ns":[794197],"wall_ns":795861,"stream_errors":0,"mb":4,"cmds_per_leg":2,"elements":0}
PCIE {"t_ms":1790665535749,"test":"conc","trial":18,"copy":"dma","cfg":"h2d","legs":1,"bytes_per_leg":8388608,"leg_ns":[1504627],"wall_ns":1506290,"stream_errors":0,"mb":4,"cmds_per_leg":2,"elements":0}
PCIE {"t_ms":1790665535751,"test":"conc","trial":18,"copy":"dma","cfg":"2xh2d/ser","legs":2,"bytes_per_leg":8388608,"leg_ns":[1109177,1483727],"wall_ns":1485490,"stream_errors":0,"mb":4,"cmds_per_leg":2,"elements":0}
PCIE {"t_ms":1790665535751,"test":"conc","trial":18,"copy":"dma","cfg":"h2d/ser","legs":1,"bytes_per_leg":8388608,"leg_ns":[789958],"wall_ns":791647,"stream_errors":0,"mb":4,"cmds_per_leg":2,"elements":0}
PCIE {"t_ms":1790665535752,"test":"conc","trial":18,"copy":"dma","cfg":"d2h/ser","legs":1,"bytes_per_leg":8388608,"leg_ns":[782976],"wall_ns":784621,"stream_errors":0,"mb":4,"cmds_per_leg":2,"elements":0}
PCIE {"t_ms":1790665535753,"test":"conc","trial":18,"copy":"dma","cfg":"d2h","legs":1,"bytes_per_leg":8388608,"leg_ns":[836991],"wall_ns":838645,"stream_errors":0,"mb":4,"cmds_per_leg":2,"elements":0}
PCIE {"t_ms":1790665535755,"test":"conc","trial":19,"copy":"dma","cfg":"h2d","legs":1,"bytes_per_leg":8388608,"leg_ns":[1574953],"wall_ns":1576676,"stream_errors":0,"mb":4,"cmds_per_leg":2,"elements":0}
PCIE {"t_ms":1790665535755,"test":"conc","trial":19,"copy":"dma","cfg":"h2d/ser","legs":1,"bytes_per_leg":8388608,"leg_ns":[789633],"wall_ns":791333,"stream_errors":0,"mb":4,"cmds_per_leg":2,"elements":0}
PCIE {"t_ms":1790665535756,"test":"conc","trial":19,"copy":"dma","cfg":"d2h/ser","legs":1,"bytes_per_leg":8388608,"leg_ns":[777159],"wall_ns":778806,"stream_errors":0,"mb":4,"cmds_per_leg":2,"elements":0}
PCIE {"t_ms":1790665535757,"test":"conc","trial":19,"copy":"dma","cfg":"d2h","legs":1,"bytes_per_leg":8388608,"leg_ns":[843818],"wall_ns":845479,"stream_errors":0,"mb":4,"cmds_per_leg":2,"elements":0}
PCIE {"t_ms":1790665535758,"test":"conc","trial":19,"copy":"dma","cfg":"2xh2d/ser","legs":2,"bytes_per_leg":8388608,"leg_ns":[1196370,1468352],"wall_ns":1470072,"stream_errors":0,"mb":4,"cmds_per_leg":2,"elements":0}
PCIE {"t_ms":1790665535759,"test":"conc","trial":20,"copy":"dma","cfg":"d2h","legs":1,"bytes_per_leg":8388608,"leg_ns":[799780],"wall_ns":801438,"stream_errors":0,"mb":4,"cmds_per_leg":2,"elements":0}
PCIE {"t_ms":1790665535761,"test":"conc","trial":20,"copy":"dma","cfg":"2xh2d/ser","legs":2,"bytes_per_leg":8388608,"leg_ns":[1191749,1507533],"wall_ns":1509172,"stream_errors":0,"mb":4,"cmds_per_leg":2,"elements":0}
PCIE {"t_ms":1790665535762,"test":"conc","trial":20,"copy":"dma","cfg":"h2d/ser","legs":1,"bytes_per_leg":8388608,"leg_ns":[888767],"wall_ns":890450,"stream_errors":0,"mb":4,"cmds_per_leg":2,"elements":0}
PCIE {"t_ms":1790665535763,"test":"conc","trial":20,"copy":"dma","cfg":"h2d","legs":1,"bytes_per_leg":8388608,"leg_ns":[1505122],"wall_ns":1506780,"stream_errors":0,"mb":4,"cmds_per_leg":2,"elements":0}
PCIE {"t_ms":1790665535764,"test":"conc","trial":20,"copy":"dma","cfg":"d2h/ser","legs":1,"bytes_per_leg":8388608,"leg_ns":[753284],"wall_ns":755024,"stream_errors":0,"mb":4,"cmds_per_leg":2,"elements":0}
PCIE {"t_ms":1790665535765,"test":"conc","trial":21,"copy":"dma","cfg":"d2h","legs":1,"bytes_per_leg":8388608,"leg_ns":[835256],"wall_ns":836899,"stream_errors":0,"mb":4,"cmds_per_leg":2,"elements":0}
PCIE {"t_ms":1790665535766,"test":"conc","trial":21,"copy":"dma","cfg":"2xh2d/ser","legs":2,"bytes_per_leg":8388608,"leg_ns":[1201068,1475274],"wall_ns":1476916,"stream_errors":0,"mb":4,"cmds_per_leg":2,"elements":0}
PCIE {"t_ms":1790665535768,"test":"conc","trial":21,"copy":"dma","cfg":"h2d","legs":1,"bytes_per_leg":8388608,"leg_ns":[1613929],"wall_ns":1615579,"stream_errors":0,"mb":4,"cmds_per_leg":2,"elements":0}
PCIE {"t_ms":1790665535769,"test":"conc","trial":21,"copy":"dma","cfg":"d2h/ser","legs":1,"bytes_per_leg":8388608,"leg_ns":[702637],"wall_ns":704339,"stream_errors":0,"mb":4,"cmds_per_leg":2,"elements":0}
PCIE {"t_ms":1790665535769,"test":"conc","trial":21,"copy":"dma","cfg":"h2d/ser","legs":1,"bytes_per_leg":8388608,"leg_ns":[774038],"wall_ns":775681,"stream_errors":0,"mb":4,"cmds_per_leg":2,"elements":0}
PCIE {"t_ms":1790665535771,"test":"conc","trial":22,"copy":"dma","cfg":"2xh2d/ser","legs":2,"bytes_per_leg":8388608,"leg_ns":[1098869,1511963],"wall_ns":1513635,"stream_errors":0,"mb":4,"cmds_per_leg":2,"elements":0}
PCIE {"t_ms":1790665535772,"test":"conc","trial":22,"copy":"dma","cfg":"d2h/ser","legs":1,"bytes_per_leg":8388608,"leg_ns":[699195],"wall_ns":700823,"stream_errors":0,"mb":4,"cmds_per_leg":2,"elements":0}
PCIE {"t_ms":1790665535773,"test":"conc","trial":22,"copy":"dma","cfg":"h2d","legs":1,"bytes_per_leg":8388608,"leg_ns":[1599398],"wall_ns":1601131,"stream_errors":0,"mb":4,"cmds_per_leg":2,"elements":0}
PCIE {"t_ms":1790665535774,"test":"conc","trial":22,"copy":"dma","cfg":"h2d/ser","legs":1,"bytes_per_leg":8388608,"leg_ns":[791092],"wall_ns":792783,"stream_errors":0,"mb":4,"cmds_per_leg":2,"elements":0}
PCIE {"t_ms":1790665535775,"test":"conc","trial":22,"copy":"dma","cfg":"d2h","legs":1,"bytes_per_leg":8388608,"leg_ns":[856904],"wall_ns":858651,"stream_errors":0,"mb":4,"cmds_per_leg":2,"elements":0}
PCIE {"t_ms":1790665535776,"test":"conc","trial":23,"copy":"dma","cfg":"2xh2d/ser","legs":2,"bytes_per_leg":8388608,"leg_ns":[1138896,1516584],"wall_ns":1518296,"stream_errors":0,"mb":4,"cmds_per_leg":2,"elements":0}
PCIE {"t_ms":1790665535777,"test":"conc","trial":23,"copy":"dma","cfg":"h2d/ser","legs":1,"bytes_per_leg":8388608,"leg_ns":[822078],"wall_ns":823698,"stream_errors":0,"mb":4,"cmds_per_leg":2,"elements":0}
PCIE {"t_ms":1790665535779,"test":"conc","trial":23,"copy":"dma","cfg":"h2d","legs":1,"bytes_per_leg":8388608,"leg_ns":[1480491],"wall_ns":1482168,"stream_errors":0,"mb":4,"cmds_per_leg":2,"elements":0}
PCIE {"t_ms":1790665535779,"test":"conc","trial":23,"copy":"dma","cfg":"d2h","legs":1,"bytes_per_leg":8388608,"leg_ns":[793365],"wall_ns":795015,"stream_errors":0,"mb":4,"cmds_per_leg":2,"elements":0}
PCIE {"t_ms":1790665535780,"test":"conc","trial":23,"copy":"dma","cfg":"d2h/ser","legs":1,"bytes_per_leg":8388608,"leg_ns":[779433],"wall_ns":781193,"stream_errors":0,"mb":4,"cmds_per_leg":2,"elements":0}
PCIE {"t_ms":1790665535782,"test":"conc","trial":24,"copy":"dma","cfg":"2xh2d/ser","legs":2,"bytes_per_leg":8388608,"leg_ns":[1169309,1581984],"wall_ns":1583920,"stream_errors":0,"mb":4,"cmds_per_leg":2,"elements":0}
PCIE {"t_ms":1790665535783,"test":"conc","trial":24,"copy":"dma","cfg":"h2d","legs":1,"bytes_per_leg":8388608,"leg_ns":[1519760],"wall_ns":1521490,"stream_errors":0,"mb":4,"cmds_per_leg":2,"elements":0}
PCIE {"t_ms":1790665535784,"test":"conc","trial":24,"copy":"dma","cfg":"h2d/ser","legs":1,"bytes_per_leg":8388608,"leg_ns":[882412],"wall_ns":884066,"stream_errors":0,"mb":4,"cmds_per_leg":2,"elements":0}
PCIE {"t_ms":1790665535785,"test":"conc","trial":24,"copy":"dma","cfg":"d2h","legs":1,"bytes_per_leg":8388608,"leg_ns":[928936],"wall_ns":930664,"stream_errors":0,"mb":4,"cmds_per_leg":2,"elements":0}
PCIE {"t_ms":1790665535786,"test":"conc","trial":24,"copy":"dma","cfg":"d2h/ser","legs":1,"bytes_per_leg":8388608,"leg_ns":[740552],"wall_ns":742201,"stream_errors":0,"mb":4,"cmds_per_leg":2,"elements":0}
PCIE {"t_ms":1790665535786,"test":"done","which":"conc","elapsed_s":0.323249}
