PCIE {"t_ms":1790665532093,"test":"open","open_ns":179689181,"src":"PCIEBENCH_SRC_SHA256 main=27b7ed06330c4bae26cd24be189cdac0d67432cb52b1e8c7fca1116abda1aa5f args=8ae69bd7d46097957b638ff4c6630eb3e66d3cb0654b77d3bf55f3336c61c508 touch=92180a93c6dae0a1dce8c379156f827bd6588115777499dc45e64bf606b46ec0","link":[{"bdf":"0000:02:00.0","speed":"16.0 GT/s PCIe","width":"8","max_speed":"16.0 GT/s PCIe","max_width":"8","cma_allocated":"2057 MB"}]}
PCIE {"t_ms":1790665532095,"test":"conc","trial":0,"copy":"dma","cfg":"h2d/ser","legs":1,"bytes_per_leg":2097152,"leg_ns":[503961],"wall_ns":505994,"stream_errors":0,"mb":1,"cmds_per_leg":2,"elements":8}
PCIE {"t_ms":1790665532096,"test":"conc","trial":0,"copy":"dma","cfg":"2xh2d/ser","legs":2,"bytes_per_leg":2097152,"leg_ns":[548064,654817],"wall_ns":656609,"stream_errors":0,"mb":1,"cmds_per_leg":2,"elements":8}
PCIE {"t_ms":1790665532096,"test":"conc","trial":0,"copy":"dma","cfg":"d2h/ser","legs":1,"bytes_per_leg":2097152,"leg_ns":[639757],"wall_ns":643722,"stream_errors":0,"mb":1,"cmds_per_leg":2,"elements":8}
PCIE {"t_ms":1790665532097,"test":"conc","trial":0,"copy":"dma","cfg":"h2d","legs":1,"bytes_per_leg":2097152,"leg_ns":[479881],"wall_ns":481641,"stream_errors":0,"mb":1,"cmds_per_leg":2,"elements":8}
PCIE {"t_ms":1790665532097,"test":"conc","trial":0,"copy":"dma","cfg":"d2h","legs":1,"bytes_per_leg":2097152,"leg_ns":[663639],"wall_ns":665763,"stream_errors":0,"mb":1,"cmds_per_leg":2,"elements":8}
PCIE {"t_ms":1790665532098,"test":"conc","trial":1,"copy":"dma","cfg":"2xh2d/ser","legs":2,"bytes_per_leg":2097152,"leg_ns":[522827,628239],"wall_ns":630444,"stream_errors":0,"mb":1,"cmds_per_leg":2,"elements":8}
PCIE {"t_ms":1790665532099,"test":"conc","trial":1,"copy":"dma","cfg":"d2h/ser","legs":1,"bytes_per_leg":2097152,"leg_ns":[635207],"wall_ns":636908,"stream_errors":0,"mb":1,"cmds_per_leg":2,"elements":8}
PCIE {"t_ms":1790665532099,"test":"conc","trial":1,"copy":"dma","cfg":"h2d","legs":1,"bytes_per_leg":2097152,"leg_ns":[385349],"wall_ns":387073,"stream_errors":0,"mb":1,"cmds_per_leg":2,"elements":8}
PCIE {"t_ms":1790665532100,"test":"conc","trial":1,"copy":"dma","cfg":"d2h","legs":1,"bytes_per_leg":2097152,"leg_ns":[618868],"wall_ns":620556,"stream_errors":0,"mb":1,"cmds_per_leg":2,"elements":8}
PCIE {"t_ms":1790665532100,"test":"conc","trial":1,"copy":"dma","cfg":"h2d/ser","legs":1,"bytes_per_leg":2097152,"leg_ns":[250276],"wall_ns":252126,"stream_errors":0,"mb":1,"cmds_per_leg":2,"elements":8}
PCIE {"t_ms":1790665532101,"test":"conc","trial":2,"copy":"dma","cfg":"2xh2d/ser","legs":2,"bytes_per_leg":2097152,"leg_ns":[558749,558314],"wall_ns":561043,"stream_errors":0,"mb":1,"cmds_per_leg":2,"elements":8}
PCIE {"t_ms":1790665532101,"test":"conc","trial":2,"copy":"dma","cfg":"h2d","legs":1,"bytes_per_leg":2097152,"leg_ns":[547222],"wall_ns":549496,"stream_errors":0,"mb":1,"cmds_per_leg":2,"elements":8}
PCIE {"t_ms":1790665532102,"test":"conc","trial":2,"copy":"dma","cfg":"h2d/ser","legs":1,"bytes_per_leg":2097152,"leg_ns":[557620],"wall_ns":560046,"stream_errors":0,"mb":1,"cmds_per_leg":2,"elements":8}
PCIE {"t_ms":1790665532102,"test":"conc","trial":2,"copy":"dma","cfg":"d2h/ser","legs":1,"bytes_per_leg":2097152,"leg_ns":[571638],"wall_ns":573394,"stream_errors":0,"mb":1,"cmds_per_leg":2,"elements":8}
PCIE {"t_ms":1790665532103,"test":"conc","trial":2,"copy":"dma","cfg":"d2h","legs":1,"bytes_per_leg":2097152,"leg_ns":[308430],"wall_ns":310143,"stream_errors":0,"mb":1,"cmds_per_leg":2,"elements":8}
PCIE {"t_ms":1790665532103,"test":"conc","trial":3,"copy":"dma","cfg":"d2h/ser","legs":1,"bytes_per_leg":2097152,"leg_ns":[314269],"wall_ns":315995,"stream_errors":0,"mb":1,"cmds_per_leg":2,"elements":8}
PCIE {"t_ms":1790665532103,"test":"conc","trial":3,"copy":"dma","cfg":"h2d/ser","legs":1,"bytes_per_leg":2097152,"leg_ns":[302597],"wall_ns":304352,"stream_errors":0,"mb":1,"cmds_per_leg":2,"elements":8}
PCIE {"t_ms":1790665532104,"test":"conc","trial":3,"copy":"dma","cfg":"2xh2d/ser","legs":2,"bytes_per_leg":2097152,"leg_ns":[560776,564598],"wall_ns":566901,"stream_errors":0,"mb":1,"cmds_per_leg":2,"elements":8}
PCIE {"t_ms":1790665532104,"test":"conc","trial":3,"copy":"dma","cfg":"d2h","legs":1,"bytes_per_leg":2097152,"leg_ns":[632510],"wall_ns":636549,"stream_errors":0,"mb":1,"cmds_per_leg":2,"elements":8}
PCIE {"t_ms":1790665532105,"test":"conc","trial":3,"copy":"dma","cfg":"h2d","legs":1,"bytes_per_leg":2097152,"leg_ns":[438093],"wall_ns":439944,"stream_errors":0,"mb":1,"cmds_per_leg":2,"elements":8}
PCIE {"t_ms":1790665532105,"test":"conc","trial":4,"copy":"dma","cfg":"d2h","legs":1,"bytes_per_leg":2097152,"leg_ns":[573970],"wall_ns":575679,"stream_errors":0,"mb":1,"cmds_per_leg":2,"elements":8}
PCIE {"t_ms":1790665532106,"test":"conc","trial":4,"copy":"dma","cfg":"2xh2d/ser","legs":2,"bytes_per_leg":2097152,"leg_ns":[406237,512378],"wall_ns":514182,"stream_errors":0,"mb":1,"cmds_per_leg":2,"elements":8}
PCIE {"t_ms":1790665532107,"test":"conc","trial":4,"copy":"dma","cfg":"h2d/ser","legs":1,"bytes_per_leg":2097152,"leg_ns":[553476],"wall_ns":555249,"stream_errors":0,"mb":1,"cmds_per_leg":2,"elements":8}
PCIE {"t_ms":1790665532107,"test":"conc","trial":4,"copy":"dma","cfg":"h2d","legs":1,"bytes_per_leg":2097152,"leg_ns":[555783],"wall_ns":557521,"stream_errors":0,"mb":1,"cmds_per_leg":2,"elements":8}
PCIE {"t_ms":1790665532111,"test":"conc","trial":4,"copy":"dma","cfg":"d2h/ser","legs":1,"bytes_per_leg":2097152,"leg_ns":[4175935],"wall_ns":4177666,"stream_errors":0,"mb":1,"cmds_per_leg":2,"elements":8}
PCIE {"t_ms":1790665532112,"test":"conc","trial":5,"copy":"dma","cfg":"h2d/ser","legs":1,"bytes_per_leg":2097152,"leg_ns":[289708],"wall_ns":291451,"stream_errors":0,"mb":1,"cmds_per_leg":2,"elements":8}
PCIE {"t_ms":1790665532112,"test":"conc","trial":5,"copy":"dma","cfg":"d2h/ser","legs":1,"bytes_per_leg":2097152,"leg_ns":[580074],"wall_ns":581762,"stream_errors":0,"mb":1,"cmds_per_leg":2,"elements":8}
PCIE {"t_ms":1790665532112,"test":"conc","trial":5,"copy":"dma","cfg":"d2h","legs":1,"bytes_per_leg":2097152,"leg_ns":[314418],"wall_ns":316210,"stream_errors":0,"mb":1,"cmds_per_leg":2,"elements":8}
PCIE {"t_ms":1790665532113,"test":"conc","trial":5,"copy":"dma","cfg":"h2d","legs":1,"bytes_per_leg":2097152,"leg_ns":[395407],"wall_ns":397199,"stream_errors":0,"mb":1,"cmds_per_leg":2,"elements":8}
PCIE {"t_ms":1790665532113,"test":"conc","trial":5,"copy":"dma","cfg":"2xh2d/ser","legs":2,"bytes_per_leg":2097152,"leg_ns":[562533,562930],"wall_ns":564673,"stream_errors":0,"mb":1,"cmds_per_leg":2,"elements":8}
PCIE {"t_ms":1790665532114,"test":"conc","trial":6,"copy":"dma","cfg":"d2h/ser","legs":1,"bytes_per_leg":2097152,"leg_ns":[571789],"wall_ns":573460,"stream_errors":0,"mb":1,"cmds_per_leg":2,"elements":8}
PCIE {"t_ms":1790665532114,"test":"conc","trial":6,"copy":"dma","cfg":"h2d/ser","legs":1,"bytes_per_leg":2097152,"leg_ns":[299046],"wall_ns":300858,"stream_errors":0,"mb":1,"cmds_per_leg":2,"elements":8}
PCIE {"t_ms":1790665532115,"test":"conc","trial":6,"copy":"dma","cfg":"2xh2d/ser","legs":2,"bytes_per_leg":2097152,"leg_ns":[558959,558518],"wall_ns":560776,"stream_errors":0,"mb":1,"cmds_per_leg":2,"elements":8}
PCIE {"t_ms":1790665532115,"test":"conc","trial":6,"copy":"dma","cfg":"d2h","legs":1,"bytes_per_leg":2097152,"leg_ns":[579610],"wall_ns":581324,"stream_errors":0,"mb":1,"cmds_per_leg":2,"elements":8}
PCIE {"t_ms":1790665532116,"test":"conc","trial":6,"copy":"dma","cfg":"h2d","legs":1,"bytes_per_leg":2097152,"leg_ns":[373116],"wall_ns":374852,"stream_errors":0,"mb":1,"cmds_per_leg":2,"elements":8}
PCIE {"t_ms":1790665532116,"test":"conc","trial":7,"copy":"dma","cfg":"h2d/ser","legs":1,"bytes_per_leg":2097152,"leg_ns":[555109],"wall_ns":556866,"stream_errors":0,"mb":1,"cmds_per_leg":2,"elements":8}
PCIE {"t_ms":1790665532117,"test":"conc","trial":7,"copy":"dma","cfg":"d2h/ser","legs":1,"bytes_per_leg":2097152,"leg_ns":[580244],"wall_ns":581939,"stream_errors":0,"mb":1,"cmds_per_leg":2,"elements":8}
PCIE {"t_ms":1790665532117,"test":"conc","trial":7,"copy":"dma","cfg":"d2h","legs":1,"bytes_per_leg":2097152,"leg_ns":[296326],"wall_ns":298022,"stream_errors":0,"mb":1,"cmds_per_leg":2,"elements":8}
PCIE {"t_ms":1790665532118,"test":"conc","trial":7,"copy":"dma","cfg":"2xh2d/ser","legs":2,"bytes_per_leg":2097152,"leg_ns":[404497,510642],"wall_ns":512416,"stream_errors":0,"mb":1,"cmds_per_leg":2,"elements":8}
PCIE {"t_ms":1790665532118,"test":"conc","trial":7,"copy":"dma","cfg":"h2d","legs":1,"bytes_per_leg":2097152,"leg_ns":[554087],"wall_ns":555825,"stream_errors":0,"mb":1,"cmds_per_leg":2,"elements":8}
PCIE {"t_ms":1790665532119,"test":"conc","trial":8,"copy":"dma","cfg":"h2d/ser","legs":1,"bytes_per_leg":2097152,"leg_ns":[552423],"wall_ns":554163,"stream_errors":0,"mb":1,"cmds_per_leg":2,"elements":8}
PCIE {"t_ms":1790665532119,"test":"conc","trial":8,"copy":"dma","cfg":"2xh2d/ser","legs":2,"bytes_per_leg":2097152,"leg_ns":[558428,561039],"wall_ns":562771,"stream_errors":0,"mb":1,"cmds_per_leg":2,"elements":8}
PCIE {"t_ms":1790665532120,"test":"conc","trial":8,"copy":"dma","cfg":"h2d","legs":1,"bytes_per_leg":2097152,"leg_ns":[555791],"wall_ns":557600,"stream_errors":0,"mb":1,"cmds_per_leg":2,"elements":8}
PCIE {"t_ms":1790665532121,"test":"conc","trial":8,"copy":"dma","cfg":"d2h","legs":1,"bytes_per_leg":2097152,"leg_ns":[575541],"wall_ns":577218,"stream_errors":0,"mb":1,"cmds_per_leg":2,"elements":8}
PCIE {"t_ms":1790665532121,"test":"conc","trial":8,"copy":"dma","cfg":"d2h/ser","legs":1,"bytes_per_leg":2097152,"leg_ns":[311511],"wall_ns":313224,"stream_errors":0,"mb":1,"cmds_per_leg":2,"elements":8}
PCIE {"t_ms":1790665532121,"test":"conc","trial":9,"copy":"dma","cfg":"2xh2d/ser","legs":2,"bytes_per_leg":2097152,"leg_ns":[408697,514439],"wall_ns":516198,"stream_errors":0,"mb":1,"cmds_per_leg":2,"elements":8}
PCIE {"t_ms":1790665532122,"test":"conc","trial":9,"copy":"dma","cfg":"d2h/ser","legs":1,"bytes_per_leg":2097152,"leg_ns":[584533],"wall_ns":586202,"stream_errors":0,"mb":1,"cmds_per_leg":2,"elements":8}
PCIE {"t_ms":1790665532122,"test":"conc","trial":9,"copy":"dma","cfg":"h2d/ser","legs":1,"bytes_per_leg":2097152,"leg_ns":[295816],"wall_ns":297655,"stream_errors":0,"mb":1,"cmds_per_leg":2,"elements":8}
PCIE {"t_ms":1790665532123,"test":"conc","trial":9,"copy":"dma","cfg":"d2h","legs":1,"bytes_per_leg":2097152,"leg_ns":[574122],"wall_ns":575788,"stream_errors":0,"mb":1,"cmds_per_leg":2,"elements":8}
PCIE {"t_ms":1790665532123,"test":"conc","trial":9,"copy":"dma","cfg":"h2d","legs":1,"bytes_per_leg":2097152,"leg_ns":[395633],"wall_ns":397410,"stream_errors":0,"mb":1,"cmds_per_leg":2,"elements":8}
PCIE {"t_ms":1790665532124,"test":"conc","trial":10,"copy":"dma","cfg":"d2h/ser","legs":1,"bytes_per_leg":2097152,"leg_ns":[583287],"wall_ns":585057,"stream_errors":0,"mb":1,"cmds_per_leg":2,"elements":8}
PCIE {"t_ms":1790665532124,"test":"conc","trial":10,"copy":"dma","cfg":"h2d","legs":1,"bytes_per_leg":2097152,"leg_ns":[457775],"wall_ns":459515,"stream_errors":0,"mb":1,"cmds_per_leg":2,"elements":8}
PCIE {"t_ms":1790665532125,"test":"conc","trial":10,"copy":"dma","cfg":"h2d/ser","legs":1,"bytes_per_leg":2097152,"leg_ns":[553316],"wall_ns":555139,"stream_errors":0,"mb":1,"cmds_per_leg":2,"elements":8}
PCIE {"t_ms":1790665532126,"test":"conc","trial":10,"copy":"dma","cfg":"d2h","legs":1,"bytes_per_leg":2097152,"leg_ns":[580632],"wall_ns":582325,"stream_errors":0,"mb":1,"cmds_per_leg":2,"elements":8}
PCIE {"t_ms":1790665532126,"test":"conc","trial":10,"copy":"dma","cfg":"2xh2d/ser","legs":2,"bytes_per_leg":2097152,"leg_ns":[394058,499200],"wall_ns":500937,"stream_errors":0,"mb":1,"cmds_per_leg":2,"elements":8}
PCIE {"t_ms":1790665532127,"test":"conc","trial":11,"copy":"dma","cfg":"h2d","legs":1,"bytes_per_leg":2097152,"leg_ns":[554678],"wall_ns":556506,"stream_errors":0,"mb":1,"cmds_per_leg":2,"elements":8}
PCIE {"t_ms":1790665532127,"test":"conc","trial":11,"copy":"dma","cfg":"2xh2d/ser","legs":2,"bytes_per_leg":2097152,"leg_ns":[559068,559511],"wall_ns":561238,"stream_errors":0,"mb":1,"cmds_per_leg":2,"elements":8}
PCIE {"t_ms":1790665532128,"test":"conc","trial":11,"copy":"dma","cfg":"d2h","legs":1,"bytes_per_leg":2097152,"leg_ns":[579007],"wall_ns":580722,"stream_errors":0,"mb":1,"cmds_per_leg":2,"elements":8}
PCIE {"t_ms":1790665532128,"test":"conc","trial":11,"copy":"dma","cfg":"h2d/ser","legs":1,"bytes_per_leg":2097152,"leg_ns":[288362],"wall_ns":290106,"stream_errors":0,"mb":1,"cmds_per_leg":2,"elements":8}
PCIE {"t_ms":1790665532129,"test":"conc","trial":11,"copy":"dma","cfg":"d2h/ser","legs":1,"bytes_per_leg":2097152,"leg_ns":[579113],"wall_ns":580864,"stream_errors":0,"mb":1,"cmds_per_leg":2,"elements":8}
PCIE {"t_ms":1790665532129,"test":"conc","trial":12,"copy":"dma","cfg":"d2h/ser","legs":1,"bytes_per_leg":2097152,"leg_ns":[310768],"wall_ns":312488,"stream_errors":0,"mb":1,"cmds_per_leg":2,"elements":8}
PCIE {"t_ms":1790665532129,"test":"conc","trial":12,"copy":"dma","cfg":"h2d","legs":1,"bytes_per_leg":2097152,"leg_ns":[453569],"wall_ns":455328,"stream_errors":0,"mb":1,"cmds_per_leg":2,"elements":8}
PCIE {"t_ms":1790665532130,"test":"conc","trial":12,"copy":"dma","cfg":"h2d/ser","legs":1,"bytes_per_leg":2097152,"leg_ns":[556129],"wall_ns":557888,"stream_errors":0,"mb":1,"cmds_per_leg":2,"elements":8}
PCIE {"t_ms":1790665532131,"test":"conc","trial":12,"copy":"dma","cfg":"2xh2d/ser","legs":2,"bytes_per_leg":2097152,"leg_ns":[560476,561389],"wall_ns":563150,"stream_errors":0,"mb":1,"cmds_per_leg":2,"elements":8}
PCIE {"t_ms":1790665532131,"test":"conc","trial":12,"copy":"dma","cfg":"d2h","legs":1,"bytes_per_leg":2097152,"leg_ns":[588292],"wall_ns":589962,"stream_errors":0,"mb":1,"cmds_per_leg":2,"elements":8}
PCIE {"t_ms":1790665532131,"test":"conc","trial":13,"copy":"dma","cfg":"h2d/ser","legs":1,"bytes_per_leg":2097152,"leg_ns":[280607],"wall_ns":282347,"stream_errors":0,"mb":1,"cmds_per_leg":2,"elements":8}
PCIE {"t_ms":1790665532132,"test":"conc","trial":13,"copy":"dma","cfg":"d2h","legs":1,"bytes_per_leg":2097152,"leg_ns":[580633],"wall_ns":582351,"stream_errors":0,"mb":1,"cmds_per_leg":2,"elements":8}
PCIE {"t_ms":1790665532132,"test":"conc","trial":13,"copy":"dma","cfg":"h2d","legs":1,"bytes_per_leg":2097152,"leg_ns":[395744],"wall_ns":397544,"stream_errors":0,"mb":1,"cmds_per_leg":2,"elements":8}
PCIE {"t_ms":1790665532133,"test":"conc","trial":13,"copy":"dma","cfg":"d2h/ser","legs":1,"bytes_per_leg":2097152,"leg_ns":[580269],"wall_ns":581922,"stream_errors":0,"mb":1,"cmds_per_leg":2,"elements":8}
PCIE {"t_ms":1790665532133,"test":"conc","trial":13,"copy":"dma","cfg":"2xh2d/ser","legs":2,"bytes_per_leg":2097152,"leg_ns":[397442,505878],"wall_ns":507936,"stream_errors":0,"mb":1,"cmds_per_leg":2,"elements":8}
PCIE {"t_ms":1790665532134,"test":"conc","trial":14,"copy":"dma","cfg":"2xh2d/ser","legs":2,"bytes_per_leg":2097152,"leg_ns":[551950,552784],"wall_ns":554669,"stream_errors":0,"mb":1,"cmds_per_leg":2,"elements":8}
PCIE {"t_ms":1790665532135,"test":"conc","trial":14,"copy":"dma","cfg":"d2h","legs":1,"bytes_per_leg":2097152,"leg_ns":[588520],"wall_ns":590809,"stream_errors":0,"mb":1,"cmds_per_leg":2,"elements":8}
PCIE {"t_ms":1790665532135,"test":"conc","trial":14,"copy":"dma","cfg":"h2d","legs":1,"bytes_per_leg":2097152,"leg_ns":[383114],"wall_ns":384864,"stream_errors":0,"mb":1,"cmds_per_leg":2,"elements":8}
PCIE {"t_ms":1790665532136,"test":"conc","trial":14,"copy":"dma","cfg":"d2h/ser","legs":1,"bytes_per_leg":2097152,"leg_ns":[585205],"wall_ns":586986,"stream_errors":0,"mb":1,"cmds_per_leg":2,"elements":8}
PCIE {"t_ms":1790665532136,"test":"conc","trial":14,"copy":"dma","cfg":"h2d/ser","legs":1,"bytes_per_leg":2097152,"leg_ns":[284745],"wall_ns":286532,"stream_errors":0,"mb":1,"cmds_per_leg":2,"elements":8}
PCIE {"t_ms":1790665532136,"test":"conc","trial":15,"copy":"dma","cfg":"h2d/ser","legs":1,"bytes_per_leg":2097152,"leg_ns":[555276],"wall_ns":557057,"stream_errors":0,"mb":1,"cmds_per_leg":2,"elements":8}
PCIE {"t_ms":1790665532137,"test":"conc","trial":15,"copy":"dma","cfg":"h2d","legs":1,"bytes_per_leg":2097152,"leg_ns":[556129],"wall_ns":557936,"stream_errors":0,"mb":1,"cmds_per_leg":2,"elements":8}
PCIE {"t_ms":1790665532138,"test":"conc","trial":15,"copy":"dma","cfg":"2xh2d/ser","legs":2,"bytes_per_leg":2097152,"leg_ns":[564530,564970],"wall_ns":566698,"stream_errors":0,"mb":1,"cmds_per_leg":2,"elements":8}
PCIE {"t_ms":1790665532138,"test":"conc","trial":15,"copy":"dma","cfg":"d2h/ser","legs":1,"bytes_per_leg":2097152,"leg_ns":[571813],"wall_ns":573501,"stream_errors":0,"mb":1,"cmds_per_leg":2,"elements":8}
PCIE {"t_ms":1790665532138,"test":"conc","trial":15,"copy":"dma","cfg":"d2h","legs":1,"bytes_per_leg":2097152,"leg_ns":[312802],"wall_ns":314754,"stream_errors":0,"mb":1,"cmds_per_leg":2,"elements":8}
PCIE {"t_ms":1790665532139,"test":"conc","trial":16,"copy":"dma","cfg":"2xh2d/ser","legs":2,"bytes_per_leg":2097152,"leg_ns":[400563,506423],"wall_ns":508186,"stream_errors":0,"mb":1,"cmds_per_leg":2,"elements":8}
PCIE {"t_ms":1790665532140,"test":"conc","trial":16,"copy":"dma","cfg":"h2d","legs":1,"bytes_per_leg":2097152,"leg_ns":[553825],"wall_ns":555671,"stream_errors":0,"mb":1,"cmds_per_leg":2,"elements":8}
PCIE {"t_ms":1790665532140,"test":"conc","trial":16,"copy":"dma","cfg":"h2d/ser","legs":1,"bytes_per_leg":2097152,"leg_ns":[556118],"wall_ns":557862,"stream_errors":0,"mb":1,"cmds_per_leg":2,"elements":8}
PCIE {"t_ms":1790665532141,"test":"conc","trial":16,"copy":"dma","cfg":"d2h/ser","legs":1,"bytes_per_leg":2097152,"leg_ns":[571213],"wall_ns":572891,"stream_errors":0,"mb":1,"cmds_per_leg":2,"elements":8}
PCIE {"t_ms":1790665532141,"test":"conc","trial":16,"copy":"dma","cfg":"d2h","legs":1,"bytes_per_leg":2097152,"leg_ns":[315232],"wall_ns":316911,"stream_errors":0,"mb":1,"cmds_per_leg":2,"elements":8}
PCIE {"t_ms":1790665532141,"test":"conc","trial":17,"copy":"dma","cfg":"d2h/ser","legs":1,"bytes_per_leg":2097152,"leg_ns":[296764],"wall_ns":298475,"stream_errors":0,"mb":1,"cmds_per_leg":2,"elements":8}
PCIE {"t_ms":1790665532142,"test":"conc","trial":17,"copy":"dma","cfg":"2xh2d/ser","legs":2,"bytes_per_leg":2097152,"leg_ns":[409165,514282],"wall_ns":516052,"stream_errors":0,"mb":1,"cmds_per_leg":2,"elements":8}
PCIE {"t_ms":1790665532142,"test":"conc","trial":17,"copy":"dma","cfg":"d2h","legs":1,"bytes_per_leg":2097152,"leg_ns":[588046],"wall_ns":589733,"stream_errors":0,"mb":1,"cmds_per_leg":2,"elements":8}
PCIE {"t_ms":1790665532143,"test":"conc","trial":17,"copy":"dma","cfg":"h2d","legs":1,"bytes_per_leg":2097152,"leg_ns":[391839],"wall_ns":393648,"stream_errors":0,"mb":1,"cmds_per_leg":2,"elements":8}
PCIE {"t_ms":1790665532143,"test":"conc","trial":17,"copy":"dma","cfg":"h2d/ser","legs":1,"bytes_per_leg":2097152,"leg_ns":[554372],"wall_ns":556173,"stream_errors":0,"mb":1,"cmds_per_leg":2,"elements":8}
PCIE {"t_ms":1790665532144,"test":"conc","trial":18,"copy":"dma","cfg":"h2d","legs":1,"bytes_per_leg":2097152,"leg_ns":[552673],"wall_ns":554384,"stream_errors":0,"mb":1,"cmds_per_leg":2,"elements":8}
PCIE {"t_ms":1790665532144,"test":"conc","trial":18,"copy":"dma","cfg":"2xh2d/ser","legs":2,"bytes_per_leg":2097152,"leg_ns":[562218,562654],"wall_ns":564355,"stream_errors":0,"mb":1,"cmds_per_leg":2,"elements":8}
PCIE {"t_ms":1790665532145,"test":"conc","trial":18,"copy":"dma","cfg":"h2d/ser","legs":1,"bytes_per_leg":2097152,"leg_ns":[555677],"wall_ns":557534,"stream_errors":0,"mb":1,"cmds_per_leg":2,"elements":8}
PCIE {"t_ms":1790665532146,"test":"conc","trial":18,"copy":"dma","cfg":"d2h/ser","legs":1,"bytes_per_leg":2097152,"leg_ns":[577281],"wall_ns":578944,"stream_errors":0,"mb":1,"cmds_per_leg":2,"elements":8}
PCIE {"t_ms":1790665532146,"test":"conc","trial":18,"copy":"dma","cfg":"d2h","legs":1,"bytes_per_leg":2097152,"leg_ns":[311866],"wall_ns":313574,"stream_errors":0,"mb":1,"cmds_per_leg":2,"elements":8}
PCIE {"t_ms":1790665532146,"test":"conc","trial":19,"copy":"dma","cfg":"h2d","legs":1,"bytes_per_leg":2097152,"leg_ns":[396322],"wall_ns":398032,"stream_errors":0,"mb":1,"cmds_per_leg":2,"elements":8}
PCIE {"t_ms":1790665532147,"test":"conc","trial":19,"copy":"dma","cfg":"h2d/ser","legs":1,"bytes_per_leg":2097152,"leg_ns":[553128],"wall_ns":554918,"stream_errors":0,"mb":1,"cmds_per_leg":2,"elements":8}
PCIE {"t_ms":1790665532147,"test":"conc","trial":19,"copy":"dma","cfg":"d2h/ser","legs":1,"bytes_per_leg":2097152,"leg_ns":[576974],"wall_ns":578670,"stream_errors":0,"mb":1,"cmds_per_leg":2,"elements":8}
PCIE {"t_ms":1790665532148,"test":"conc","trial":19,"copy":"dma","cfg":"d2h","legs":1,"bytes_per_leg":2097152,"leg_ns":[307960],"wall_ns":309744,"stream_errors":0,"mb":1,"cmds_per_leg":2,"elements":8}
PCIE {"t_ms":1790665532148,"test":"conc","trial":19,"copy":"dma","cfg":"2xh2d/ser","legs":2,"bytes_per_leg":2097152,"leg_ns":[407582,481766],"wall_ns":483537,"stream_errors":0,"mb":1,"cmds_per_leg":2,"elements":8}
PCIE {"t_ms":1790665532149,"test":"conc","trial":20,"copy":"dma","cfg":"d2h","legs":1,"bytes_per_leg":2097152,"leg_ns":[577256],"wall_ns":578996,"stream_errors":0,"mb":1,"cmds_per_leg":2,"elements":8}
PCIE {"t_ms":1790665532149,"test":"conc","trial":20,"copy":"dma","cfg":"2xh2d/ser","legs":2,"bytes_per_leg":2097152,"leg_ns":[399862,505325],"wall_ns":507085,"stream_errors":0,"mb":1,"cmds_per_leg":2,"elements":8}
PCIE {"t_ms":1790665532150,"test":"conc","trial":20,"copy":"dma","cfg":"h2d/ser","legs":1,"bytes_per_leg":2097152,"leg_ns":[552894],"wall_ns":554679,"stream_errors":0,"mb":1,"cmds_per_leg":2,"elements":8}
PCIE {"t_ms":1790665532150,"test":"conc","trial":20,"copy":"dma","cfg":"h2d","legs":1,"bytes_per_leg":2097152,"leg_ns":[557097],"wall_ns":558884,"stream_errors":0,"mb":1,"cmds_per_leg":2,"elements":8}
PCIE {"t_ms":1790665532151,"test":"conc","trial":20,"copy":"dma","cfg":"d2h/ser","legs":1,"bytes_per_leg":2097152,"leg_ns":[575414],"wall_ns":577121,"stream_errors":0,"mb":1,"cmds_per_leg":2,"elements":8}
PCIE {"t_ms":1790665532151,"test":"conc","trial":21,"copy":"dma","cfg":"d2h","legs":1,"bytes_per_leg":2097152,"leg_ns":[311050],"wall_ns":312810,"stream_errors":0,"mb":1,"cmds_per_leg":2,"elements":8}
PCIE {"t_ms":1790665532152,"test":"conc","trial":21,"copy":"dma","cfg":"2xh2d/ser","legs":2,"bytes_per_leg":2097152,"leg_ns":[405095,510128],"wall_ns":511920,"stream_errors":0,"mb":1,"cmds_per_leg":2,"elements":8}
PCIE {"t_ms":1790665532152,"test":"conc","trial":21,"copy":"dma","cfg":"h2d","legs":1,"bytes_per_leg":2097152,"leg_ns":[555529],"wall_ns":557292,"stream_errors":0,"mb":1,"cmds_per_leg":2,"elements":8}
PCIE {"t_ms":1790665532153,"test":"conc","trial":21,"copy":"dma","cfg":"d2h/ser","legs":1,"bytes_per_leg":2097152,"leg_ns":[583877],"wall_ns":585562,"stream_errors":0,"mb":1,"cmds_per_leg":2,"elements":8}
PCIE {"t_ms":1790665532153,"test":"conc","trial":21,"copy":"dma","cfg":"h2d/ser","legs":1,"bytes_per_leg":2097152,"leg_ns":[387758],"wall_ns":389541,"stream_errors":0,"mb":1,"cmds_per_leg":2,"elements":8}
PCIE {"t_ms":1790665532154,"test":"conc","trial":22,"copy":"dma","cfg":"2xh2d/ser","legs":2,"bytes_per_leg":2097152,"leg_ns":[555962,559582],"wall_ns":561309,"stream_errors":0,"mb":1,"cmds_per_leg":2,"elements":8}
PCIE {"t_ms":1790665532155,"test":"conc","trial":22,"copy":"dma","cfg":"d2h/ser","legs":1,"bytes_per_leg":2097152,"leg_ns":[575552],"wall_ns":577292,"stream_errors":0,"mb":1,"cmds_per_leg":2,"elements":8}
PCIE {"t_ms":1790665532155,"test":"conc","trial":22,"copy":"dma","cfg":"h2d","legs":1,"bytes_per_leg":2097152,"leg_ns":[393834],"wall_ns":395653,"stream_errors":0,"mb":1,"cmds_per_leg":2,"elements":8}
PCIE {"t_ms":1790665532156,"test":"conc","trial":22,"copy":"dma","cfg":"h2d/ser","legs":1,"bytes_per_leg":2097152,"leg_ns":[556832],"wall_ns":558563,"stream_errors":0,"mb":1,"cmds_per_leg":2,"elements":8}
PCIE {"t_ms":1790665532156,"test":"conc","trial":22,"copy":"dma","cfg":"d2h","legs":1,"bytes_per_leg":2097152,"leg_ns":[578546],"wall_ns":580259,"stream_errors":0,"mb":1,"cmds_per_leg":2,"elements":8}
PCIE {"t_ms":1790665532157,"test":"conc","trial":23,"copy":"dma","cfg":"2xh2d/ser","legs":2,"bytes_per_leg":2097152,"leg_ns":[369932,475354],"wall_ns":477127,"stream_errors":0,"mb":1,"cmds_per_leg":2,"elements":8}
PCIE {"t_ms":1790665532157,"test":"conc","trial":23,"copy":"dma","cfg":"h2d/ser","legs":1,"bytes_per_leg":2097152,"leg_ns":[554629],"wall_ns":556448,"stream_errors":0,"mb":1,"cmds_per_leg":2,"elements":8}
PCIE {"t_ms":1790665532158,"test":"conc","trial":23,"copy":"dma","cfg":"h2d","legs":1,"bytes_per_leg":2097152,"leg_ns":[554771],"wall_ns":556563,"stream_errors":0,"mb":1,"cmds_per_leg":2,"elements":8}
PCIE {"t_ms":1790665532158,"test":"conc","trial":23,"copy":"dma","cfg":"d2h","legs":1,"bytes_per_leg":2097152,"leg_ns":[581921],"wall_ns":583624,"stream_errors":0,"mb":1,"cmds_per_leg":2,"elements":8}
PCIE {"t_ms":1790665532159,"test":"conc","trial":23,"copy":"dma","cfg":"d2h/ser","legs":1,"bytes_per_leg":2097152,"leg_ns":[311630],"wall_ns":313340,"stream_errors":0,"mb":1,"cmds_per_leg":2,"elements":8}
PCIE {"t_ms":1790665532159,"test":"conc","trial":24,"copy":"dma","cfg":"2xh2d/ser","legs":2,"bytes_per_leg":2097152,"leg_ns":[407539,514447],"wall_ns":516244,"stream_errors":0,"mb":1,"cmds_per_leg":2,"elements":8}
PCIE {"t_ms":1790665532160,"test":"conc","trial":24,"copy":"dma","cfg":"h2d","legs":1,"bytes_per_leg":2097152,"leg_ns":[554395],"wall_ns":556153,"stream_errors":0,"mb":1,"cmds_per_leg":2,"elements":8}
PCIE {"t_ms":1790665532160,"test":"conc","trial":24,"copy":"dma","cfg":"h2d/ser","legs":1,"bytes_per_leg":2097152,"leg_ns":[552534],"wall_ns":554296,"stream_errors":0,"mb":1,"cmds_per_leg":2,"elements":8}
PCIE {"t_ms":1790665532161,"test":"conc","trial":24,"copy":"dma","cfg":"d2h","legs":1,"bytes_per_leg":2097152,"leg_ns":[577337],"wall_ns":579030,"stream_errors":0,"mb":1,"cmds_per_leg":2,"elements":8}
PCIE {"t_ms":1790665532161,"test":"conc","trial":24,"copy":"dma","cfg":"d2h/ser","legs":1,"bytes_per_leg":2097152,"leg_ns":[307767],"wall_ns":309457,"stream_errors":0,"mb":1,"cmds_per_leg":2,"elements":8}
PCIE {"t_ms":1790665532161,"test":"done","which":"conc","elapsed_s":0.248347}
