PCIE {"t_ms":1790665529520,"test":"open","open_ns":179310039,"src":"PCIEBENCH_SRC_SHA256 main=27b7ed06330c4bae26cd24be189cdac0d67432cb52b1e8c7fca1116abda1aa5f args=8ae69bd7d46097957b638ff4c6630eb3e66d3cb0654b77d3bf55f3336c61c508 touch=92180a93c6dae0a1dce8c379156f827bd6588115777499dc45e64bf606b46ec0","link":[{"bdf":"0000:02:00.0","speed":"16.0 GT/s PCIe","width":"8","max_speed":"16.0 GT/s PCIe","max_width":"8","cma_allocated":"2057 MB"}]}
PCIE {"t_ms":1790665529527,"test":"conc","trial":0,"copy":"dma","cfg":"h2d/ser","legs":1,"bytes_per_leg":8388608,"leg_ns":[960432],"wall_ns":962302,"stream_errors":0,"mb":4,"cmds_per_leg":2,"elements":8}
PCIE {"t_ms":1790665529529,"test":"conc","trial":0,"copy":"dma","cfg":"2xh2d/ser","legs":2,"bytes_per_leg":8388608,"leg_ns":[1271037,1582239],"wall_ns":1583949,"stream_errors":0,"mb":4,"cmds_per_leg":2,"elements":8}
PCIE {"t_ms":1790665529530,"test":"conc","trial":0,"copy":"dma","cfg":"d2h/ser","legs":1,"bytes_per_leg":8388608,"leg_ns":[971497],"wall_ns":973695,"stream_errors":0,"mb":4,"cmds_per_leg":2,"elements":8}
PCIE {"t_ms":1790665529531,"test":"conc","trial":0,"copy":"dma","cfg":"h2d","legs":1,"bytes_per_leg":8388608,"leg_ns":[1343910],"wall_ns":1345580,"stream_errors":0,"mb":4,"cmds_per_leg":2,"elements":8}
PCIE {"t_ms":1790665529532,"test":"conc","trial":0,"copy":"dma","cfg":"d2h","legs":1,"bytes_per_leg":8388608,"leg_ns":[1041448],"wall_ns":1043233,"stream_errors":0,"mb":4,"cmds_per_leg":2,"elements":8}
PCIE {"t_ms":1790665529534,"test":"conc","trial":1,"copy":"dma","cfg":"2xh2d/ser","legs":2,"bytes_per_leg":8388608,"leg_ns":[1208696,1620401],"wall_ns":1622529,"stream_errors":0,"mb":4,"cmds_per_leg":2,"elements":8}
PCIE {"t_ms":1790665529535,"test":"conc","trial":1,"copy":"dma","cfg":"d2h/ser","legs":1,"bytes_per_leg":8388608,"leg_ns":[867976],"wall_ns":869710,"stream_errors":0,"mb":4,"cmds_per_leg":2,"elements":8}
PCIE {"t_ms":1790665529536,"test":"conc","trial":1,"copy":"dma","cfg":"h2d","legs":1,"bytes_per_leg":8388608,"leg_ns":[1432907],"wall_ns":1434589,"stream_errors":0,"mb":4,"cmds_per_leg":2,"elements":8}
PCIE {"t_ms":1790665529537,"test":"conc","trial":1,"copy":"dma","cfg":"d2h","legs":1,"bytes_per_leg":8388608,"leg_ns":[904270],"wall_ns":905950,"stream_errors":0,"mb":4,"cmds_per_leg":2,"elements":8}
PCIE {"t_ms":1790665529538,"test":"conc","trial":1,"copy":"dma","cfg":"h2d/ser","legs":1,"bytes_per_leg":8388608,"leg_ns":[789715],"wall_ns":791370,"stream_errors":0,"mb":4,"cmds_per_leg":2,"elements":8}
PCIE {"t_ms":1790665529539,"test":"conc","trial":2,"copy":"dma","cfg":"2xh2d/ser","legs":2,"bytes_per_leg":8388608,"leg_ns":[1172397,1574644],"wall_ns":1576543,"stream_errors":0,"mb":4,"cmds_per_leg":2,"elements":8}
PCIE {"t_ms":1790665529541,"test":"conc","trial":2,"copy":"dma","cfg":"h2d","legs":1,"bytes_per_leg":8388608,"leg_ns":[1469515],"wall_ns":1471265,"stream_errors":0,"mb":4,"cmds_per_leg":2,"elements":8}
PCIE {"t_ms":1790665529542,"test":"conc","trial":2,"copy":"dma","cfg":"h2d/ser","legs":1,"bytes_per_leg":8388608,"leg_ns":[862759],"wall_ns":864441,"stream_errors":0,"mb":4,"cmds_per_leg":2,"elements":8}
PCIE {"t_ms":1790665529543,"test":"conc","trial":2,"copy":"dma","cfg":"d2h/ser","legs":1,"bytes_per_leg":8388608,"leg_ns":[949500],"wall_ns":951212,"stream_errors":0,"mb":4,"cmds_per_leg":2,"elements":8}
PCIE {"t_ms":1790665529544,"test":"conc","trial":2,"copy":"dma","cfg":"d2h","legs":1,"bytes_per_leg":8388608,"leg_ns":[1086412],"wall_ns":1088144,"stream_errors":0,"mb":4,"cmds_per_leg":2,"elements":8}
PCIE {"t_ms":1790665529545,"test":"conc","trial":3,"copy":"dma","cfg":"d2h/ser","legs":1,"bytes_per_leg":8388608,"leg_ns":[807134],"wall_ns":809351,"stream_errors":0,"mb":4,"cmds_per_leg":2,"elements":8}
PCIE {"t_ms":1790665529545,"test":"conc","trial":3,"copy":"dma","cfg":"h2d/ser","legs":1,"bytes_per_leg":8388608,"leg_ns":[767734],"wall_ns":769585,"stream_errors":0,"mb":4,"cmds_per_leg":2,"elements":8}
PCIE {"t_ms":1790665529547,"test":"conc","trial":3,"copy":"dma","cfg":"2xh2d/ser","legs":2,"bytes_per_leg":8388608,"leg_ns":[1171249,1584108],"wall_ns":1585877,"stream_errors":0,"mb":4,"cmds_per_leg":2,"elements":8}
PCIE {"t_ms":1790665529548,"test":"conc","trial":3,"copy":"dma","cfg":"d2h","legs":1,"bytes_per_leg":8388608,"leg_ns":[831077],"wall_ns":832768,"stream_errors":0,"mb":4,"cmds_per_leg":2,"elements":8}
PCIE {"t_ms":1790665529549,"test":"conc","trial":3,"copy":"dma","cfg":"h2d","legs":1,"bytes_per_leg":8388608,"leg_ns":[1509672],"wall_ns":1511439,"stream_errors":0,"mb":4,"cmds_per_leg":2,"elements":8}
PCIE {"t_ms":1790665529550,"test":"conc","trial":4,"copy":"dma","cfg":"d2h","legs":1,"bytes_per_leg":8388608,"leg_ns":[843115],"wall_ns":844890,"stream_errors":0,"mb":4,"cmds_per_leg":2,"elements":8}
PCIE {"t_ms":1790665529552,"test":"conc","trial":4,"copy":"dma","cfg":"2xh2d/ser","legs":2,"bytes_per_leg":8388608,"leg_ns":[1122028,1534226],"wall_ns":1535986,"stream_errors":0,"mb":4,"cmds_per_leg":2,"elements":8}
PCIE {"t_ms":1790665529553,"test":"conc","trial":4,"copy":"dma","cfg":"h2d/ser","legs":1,"bytes_per_leg":8388608,"leg_ns":[861671],"wall_ns":863385,"stream_errors":0,"mb":4,"cmds_per_leg":2,"elements":8}
PCIE {"t_ms":1790665529554,"test":"conc","trial":4,"copy":"dma","cfg":"h2d","legs":1,"bytes_per_leg":8388608,"leg_ns":[1333580],"wall_ns":1335324,"stream_errors":0,"mb":4,"cmds_per_leg":2,"elements":8}
PCIE {"t_ms":1790665529555,"test":"conc","trial":4,"copy":"dma","cfg":"d2h/ser","legs":1,"bytes_per_leg":8388608,"leg_ns":[741454],"wall_ns":743157,"stream_errors":0,"mb":4,"cmds_per_leg":2,"elements":8}
PCIE {"t_ms":1790665529556,"test":"conc","trial":5,"copy":"dma","cfg":"h2d/ser","legs":1,"bytes_per_leg":8388608,"leg_ns":[843237],"wall_ns":844988,"stream_errors":0,"mb":4,"cmds_per_leg":2,"elements":8}
PCIE {"t_ms":1790665529556,"test":"conc","trial":5,"copy":"dma","cfg":"d2h/ser","legs":1,"bytes_per_leg":8388608,"leg_ns":[702463],"wall_ns":704570,"stream_errors":0,"mb":4,"cmds_per_leg":2,"elements":8}
PCIE {"t_ms":1790665529557,"test":"conc","trial":5,"copy":"dma","cfg":"d2h","legs":1,"bytes_per_leg":8388608,"leg_ns":[856722],"wall_ns":858549,"stream_errors":0,"mb":4,"cmds_per_leg":2,"elements":8}
PCIE {"t_ms":1790665529558,"test":"conc","trial":5,"copy":"dma","cfg":"h2d","legs":1,"bytes_per_leg":8388608,"leg_ns":[1303219],"wall_ns":1305024,"stream_errors":0,"mb":4,"cmds_per_leg":2,"elements":8}
PCIE {"t_ms":1790665529560,"test":"conc","trial":5,"copy":"dma","cfg":"2xh2d/ser","legs":2,"bytes_per_leg":8388608,"leg_ns":[1171087,1482492],"wall_ns":1484256,"stream_errors":0,"mb":4,"cmds_per_leg":2,"elements":8}
PCIE {"t_ms":1790665529561,"test":"conc","trial":6,"copy":"dma","cfg":"d2h/ser","legs":1,"bytes_per_leg":8388608,"leg_ns":[769756],"wall_ns":771483,"stream_errors":0,"mb":4,"cmds_per_leg":2,"elements":8}
PCIE {"t_ms":1790665529562,"test":"conc","trial":6,"copy":"dma","cfg":"h2d/ser","legs":1,"bytes_per_leg":8388608,"leg_ns":[913519],"wall_ns":915215,"stream_errors":0,"mb":4,"cmds_per_leg":2,"elements":8}
PCIE {"t_ms":1790665529563,"test":"conc","trial":6,"copy":"dma","cfg":"2xh2d/ser","legs":2,"bytes_per_leg":8388608,"leg_ns":[1175283,1586221],"wall_ns":1587998,"stream_errors":0,"mb":4,"cmds_per_leg":2,"elements":8}
PCIE {"t_ms":1790665529564,"test":"conc","trial":6,"copy":"dma","cfg":"d2h","legs":1,"bytes_per_leg":8388608,"leg_ns":[899402],"wall_ns":901058,"stream_errors":0,"mb":4,"cmds_per_leg":2,"elements":8}
PCIE {"t_ms":1790665529565,"test":"conc","trial":6,"copy":"dma","cfg":"h2d","legs":1,"bytes_per_leg":8388608,"leg_ns":[1210624],"wall_ns":1212372,"stream_errors":0,"mb":4,"cmds_per_leg":2,"elements":8}
PCIE {"t_ms":1790665529566,"test":"conc","trial":7,"copy":"dma","cfg":"h2d/ser","legs":1,"bytes_per_leg":8388608,"leg_ns":[861830],"wall_ns":863521,"stream_errors":0,"mb":4,"cmds_per_leg":2,"elements":8}
PCIE {"t_ms":1790665529567,"test":"conc","trial":7,"copy":"dma","cfg":"d2h/ser","legs":1,"bytes_per_leg":8388608,"leg_ns":[786573],"wall_ns":788282,"stream_errors":0,"mb":4,"cmds_per_leg":2,"elements":8}
PCIE {"t_ms":1790665529568,"test":"conc","trial":7,"copy":"dma","cfg":"d2h","legs":1,"bytes_per_leg":8388608,"leg_ns":[888272],"wall_ns":896004,"stream_errors":0,"mb":4,"cmds_per_leg":2,"elements":8}
PCIE {"t_ms":1790665529569,"test":"conc","trial":7,"copy":"dma","cfg":"2xh2d/ser","legs":2,"bytes_per_leg":8388608,"leg_ns":[1161719,1435471],"wall_ns":1437280,"stream_errors":0,"mb":4,"cmds_per_leg":2,"elements":8}
PCIE {"t_ms":1790665529571,"test":"conc","trial":7,"copy":"dma","cfg":"h2d","legs":1,"bytes_per_leg":8388608,"leg_ns":[1474275],"wall_ns":1475975,"stream_errors":0,"mb":4,"cmds_per_leg":2,"elements":8}
PCIE {"t_ms":1790665529572,"test":"conc","trial":8,"copy":"dma","cfg":"h2d/ser","legs":1,"bytes_per_leg":8388608,"leg_ns":[761139],"wall_ns":762877,"stream_errors":0,"mb":4,"cmds_per_leg":2,"elements":8}
PCIE {"t_ms":1790665529573,"test":"conc","trial":8,"copy":"dma","cfg":"2xh2d/ser","legs":2,"bytes_per_leg":8388608,"leg_ns":[1170000,1480589],"wall_ns":1482345,"stream_errors":0,"mb":4,"cmds_per_leg":2,"elements":8}
PCIE {"t_ms":1790665529575,"test":"conc","trial":8,"copy":"dma","cfg":"h2d","legs":1,"bytes_per_leg":8388608,"leg_ns":[1470639],"wall_ns":1472416,"stream_errors":0,"mb":4,"cmds_per_leg":2,"elements":8}
PCIE {"t_ms":1790665529575,"test":"conc","trial":8,"copy":"dma","cfg":"d2h","legs":1,"bytes_per_leg":8388608,"leg_ns":[775944],"wall_ns":777627,"stream_errors":0,"mb":4,"cmds_per_leg":2,"elements":8}
PCIE {"t_ms":1790665529576,"test":"conc","trial":8,"copy":"dma","cfg":"d2h/ser","legs":1,"bytes_per_leg":8388608,"leg_ns":[721874],"wall_ns":723547,"stream_errors":0,"mb":4,"cmds_per_leg":2,"elements":8}
PCIE {"t_ms":1790665529578,"test":"conc","trial":9,"copy":"dma","cfg":"2xh2d/ser","legs":2,"bytes_per_leg":8388608,"leg_ns":[1109806,1484989],"wall_ns":1486744,"stream_errors":0,"mb":4,"cmds_per_leg":2,"elements":8}
PCIE {"t_ms":1790665529578,"test":"conc","trial":9,"copy":"dma","cfg":"d2h/ser","legs":1,"bytes_per_leg":8388608,"leg_ns":[689255],"wall_ns":690916,"stream_errors":0,"mb":4,"cmds_per_leg":2,"elements":8}
PCIE {"t_ms":1790665529579,"test":"conc","trial":9,"copy":"dma","cfg":"h2d/ser","legs":1,"bytes_per_leg":8388608,"leg_ns":[805015],"wall_ns":806764,"stream_errors":0,"mb":4,"cmds_per_leg":2,"elements":8}
PCIE {"t_ms":1790665529580,"test":"conc","trial":9,"copy":"dma","cfg":"d2h","legs":1,"bytes_per_leg":8388608,"leg_ns":[791909],"wall_ns":793576,"stream_errors":0,"mb":4,"cmds_per_leg":2,"elements":8}
PCIE {"t_ms":1790665529581,"test":"conc","trial":9,"copy":"dma","cfg":"h2d","legs":1,"bytes_per_leg":8388608,"leg_ns":[1493437],"wall_ns":1495173,"stream_errors":0,"mb":4,"cmds_per_leg":2,"elements":8}
PCIE {"t_ms":1790665529582,"test":"conc","trial":10,"copy":"dma","cfg":"d2h/ser","legs":1,"bytes_per_leg":8388608,"leg_ns":[775066],"wall_ns":776751,"stream_errors":0,"mb":4,"cmds_per_leg":2,"elements":8}
PCIE {"t_ms":1790665529584,"test":"conc","trial":10,"copy":"dma","cfg":"h2d","legs":1,"bytes_per_leg":8388608,"leg_ns":[1422580],"wall_ns":1424581,"stream_errors":0,"mb":4,"cmds_per_leg":2,"elements":8}
PCIE {"t_ms":1790665529584,"test":"conc","trial":10,"copy":"dma","cfg":"h2d/ser","legs":1,"bytes_per_leg":8388608,"leg_ns":[757925],"wall_ns":759714,"stream_errors":0,"mb":4,"cmds_per_leg":2,"elements":8}
PCIE {"t_ms":1790665529585,"test":"conc","trial":10,"copy":"dma","cfg":"d2h","legs":1,"bytes_per_leg":8388608,"leg_ns":[777517],"wall_ns":779221,"stream_errors":0,"mb":4,"cmds_per_leg":2,"elements":8}
PCIE {"t_ms":1790665529587,"test":"conc","trial":10,"copy":"dma","cfg":"2xh2d/ser","legs":2,"bytes_per_leg":8388608,"leg_ns":[1120652,1431356],"wall_ns":1433098,"stream_errors":0,"mb":4,"cmds_per_leg":2,"elements":8}
PCIE {"t_ms":1790665529588,"test":"conc","trial":11,"copy":"dma","cfg":"h2d","legs":1,"bytes_per_leg":8388608,"leg_ns":[1476404],"wall_ns":1478131,"stream_errors":0,"mb":4,"cmds_per_leg":2,"elements":8}
PCIE {"t_ms":1790665529590,"test":"conc","trial":11,"copy":"dma","cfg":"2xh2d/ser","legs":2,"bytes_per_leg":8388608,"leg_ns":[1173589,1484143],"wall_ns":1485924,"stream_errors":0,"mb":4,"cmds_per_leg":2,"elements":8}
PCIE {"t_ms":1790665529590,"test":"conc","trial":11,"copy":"dma","cfg":"d2h","legs":1,"bytes_per_leg":8388608,"leg_ns":[863612],"wall_ns":865296,"stream_errors":0,"mb":4,"cmds_per_leg":2,"elements":8}
PCIE {"t_ms":1790665529591,"test":"conc","trial":11,"copy":"dma","cfg":"h2d/ser","legs":1,"bytes_per_leg":8388608,"leg_ns":[807473],"wall_ns":809280,"stream_errors":0,"mb":4,"cmds_per_leg":2,"elements":8}
PCIE {"t_ms":1790665529592,"test":"conc","trial":11,"copy":"dma","cfg":"d2h/ser","legs":1,"bytes_per_leg":8388608,"leg_ns":[681496],"wall_ns":683171,"stream_errors":0,"mb":4,"cmds_per_leg":2,"elements":8}
PCIE {"t_ms":1790665529593,"test":"conc","trial":12,"copy":"dma","cfg":"d2h/ser","legs":1,"bytes_per_leg":8388608,"leg_ns":[697418],"wall_ns":699110,"stream_errors":0,"mb":4,"cmds_per_leg":2,"elements":8}
PCIE {"t_ms":1790665529594,"test":"conc","trial":12,"copy":"dma","cfg":"h2d","legs":1,"bytes_per_leg":8388608,"leg_ns":[1483357],"wall_ns":1485143,"stream_errors":0,"mb":4,"cmds_per_leg":2,"elements":8}
PCIE {"t_ms":1790665529595,"test":"conc","trial":12,"copy":"dma","cfg":"h2d/ser","legs":1,"bytes_per_leg":8388608,"leg_ns":[758353],"wall_ns":760125,"stream_errors":0,"mb":4,"cmds_per_leg":2,"elements":8}
PCIE {"t_ms":1790665529596,"test":"conc","trial":12,"copy":"dma","cfg":"2xh2d/ser","legs":2,"bytes_per_leg":8388608,"leg_ns":[1173783,1484476],"wall_ns":1486246,"stream_errors":0,"mb":4,"cmds_per_leg":2,"elements":8}
PCIE {"t_ms":1790665529597,"test":"conc","trial":12,"copy":"dma","cfg":"d2h","legs":1,"bytes_per_leg":8388608,"leg_ns":[796666],"wall_ns":798327,"stream_errors":0,"mb":4,"cmds_per_leg":2,"elements":8}
PCIE {"t_ms":1790665529598,"test":"conc","trial":13,"copy":"dma","cfg":"h2d/ser","legs":1,"bytes_per_leg":8388608,"leg_ns":[793581],"wall_ns":795318,"stream_errors":0,"mb":4,"cmds_per_leg":2,"elements":8}
PCIE {"t_ms":1790665529599,"test":"conc","trial":13,"copy":"dma","cfg":"d2h","legs":1,"bytes_per_leg":8388608,"leg_ns":[790544],"wall_ns":792816,"stream_errors":0,"mb":4,"cmds_per_leg":2,"elements":8}
PCIE {"t_ms":1790665529600,"test":"conc","trial":13,"copy":"dma","cfg":"h2d","legs":1,"bytes_per_leg":8388608,"leg_ns":[1400270],"wall_ns":1402091,"stream_errors":0,"mb":4,"cmds_per_leg":2,"elements":8}
PCIE {"t_ms":1790665529601,"test":"conc","trial":13,"copy":"dma","cfg":"d2h/ser","legs":1,"bytes_per_leg":8388608,"leg_ns":[790214],"wall_ns":791898,"stream_errors":0,"mb":4,"cmds_per_leg":2,"elements":8}
PCIE {"t_ms":1790665529602,"test":"conc","trial":13,"copy":"dma","cfg":"2xh2d/ser","legs":2,"bytes_per_leg":8388608,"leg_ns":[1119383,1522100],"wall_ns":1523857,"stream_errors":0,"mb":4,"cmds_per_leg":2,"elements":8}
PCIE {"t_ms":1790665529604,"test":"conc","trial":14,"copy":"dma","cfg":"2xh2d/ser","legs":2,"bytes_per_leg":8388608,"leg_ns":[1173643,1482805],"wall_ns":1484599,"stream_errors":0,"mb":4,"cmds_per_leg":2,"elements":8}
PCIE {"t_ms":1790665529605,"test":"conc","trial":14,"copy":"dma","cfg":"d2h","legs":1,"bytes_per_leg":8388608,"leg_ns":[788882],"wall_ns":790657,"stream_errors":0,"mb":4,"cmds_per_leg":2,"elements":8}
PCIE {"t_ms":1790665529606,"test":"conc","trial":14,"copy":"dma","cfg":"h2d","legs":1,"bytes_per_leg":8388608,"leg_ns":[1418550],"wall_ns":1420362,"stream_errors":0,"mb":4,"cmds_per_leg":2,"elements":8}
PCIE {"t_ms":1790665529607,"test":"conc","trial":14,"copy":"dma","cfg":"d2h/ser","legs":1,"bytes_per_leg":8388608,"leg_ns":[678573],"wall_ns":680289,"stream_errors":0,"mb":4,"cmds_per_leg":2,"elements":8}
PCIE {"t_ms":1790665529608,"test":"conc","trial":14,"copy":"dma","cfg":"h2d/ser","legs":1,"bytes_per_leg":8388608,"leg_ns":[810449],"wall_ns":812211,"stream_errors":0,"mb":4,"cmds_per_leg":2,"elements":8}
PCIE {"t_ms":1790665529608,"test":"conc","trial":15,"copy":"dma","cfg":"h2d/ser","legs":1,"bytes_per_leg":8388608,"leg_ns":[760198],"wall_ns":761977,"stream_errors":0,"mb":4,"cmds_per_leg":2,"elements":8}
PCIE {"t_ms":1790665529610,"test":"conc","trial":15,"copy":"dma","cfg":"h2d","legs":1,"bytes_per_leg":8388608,"leg_ns":[1439464],"wall_ns":1441225,"stream_errors":0,"mb":4,"cmds_per_leg":2,"elements":8}
PCIE {"t_ms":1790665529611,"test":"conc","trial":15,"copy":"dma","cfg":"2xh2d/ser","legs":2,"bytes_per_leg":8388608,"leg_ns":[1174748,1483361],"wall_ns":1485181,"stream_errors":0,"mb":4,"cmds_per_leg":2,"elements":8}
PCIE {"t_ms":1790665529612,"test":"conc","trial":15,"copy":"dma","cfg":"d2h/ser","legs":1,"bytes_per_leg":8388608,"leg_ns":[770900],"wall_ns":772596,"stream_errors":0,"mb":4,"cmds_per_leg":2,"elements":8}
PCIE {"t_ms":1790665529613,"test":"conc","trial":15,"copy":"dma","cfg":"d2h","legs":1,"bytes_per_leg":8388608,"leg_ns":[831076],"wall_ns":832802,"stream_errors":0,"mb":4,"cmds_per_leg":2,"elements":8}
PCIE {"t_ms":1790665529614,"test":"conc","trial":16,"copy":"dma","cfg":"2xh2d/ser","legs":2,"bytes_per_leg":8388608,"leg_ns":[1105371,1482624],"wall_ns":1484399,"stream_errors":0,"mb":4,"cmds_per_leg":2,"elements":8}
PCIE {"t_ms":1790665529616,"test":"conc","trial":16,"copy":"dma","cfg":"h2d","legs":1,"bytes_per_leg":8388608,"leg_ns":[1374236],"wall_ns":1376032,"stream_errors":0,"mb":4,"cmds_per_leg":2,"elements":8}
PCIE {"t_ms":1790665529617,"test":"conc","trial":16,"copy":"dma","cfg":"h2d/ser","legs":1,"bytes_per_leg":8388608,"leg_ns":[761146],"wall_ns":762919,"stream_errors":0,"mb":4,"cmds_per_leg":2,"elements":8}
PCIE {"t_ms":1790665529617,"test":"conc","trial":16,"copy":"dma","cfg":"d2h/ser","legs":1,"bytes_per_leg":8388608,"leg_ns":[770349],"wall_ns":772058,"stream_errors":0,"mb":4,"cmds_per_leg":2,"elements":8}
PCIE {"t_ms":1790665529618,"test":"conc","trial":16,"copy":"dma","cfg":"d2h","legs":1,"bytes_per_leg":8388608,"leg_ns":[832572],"wall_ns":834344,"stream_errors":0,"mb":4,"cmds_per_leg":2,"elements":8}
PCIE {"t_ms":1790665529619,"test":"conc","trial":17,"copy":"dma","cfg":"d2h/ser","legs":1,"bytes_per_leg":8388608,"leg_ns":[777169],"wall_ns":778831,"stream_errors":0,"mb":4,"cmds_per_leg":2,"elements":8}
PCIE {"t_ms":1790665529620,"test":"conc","trial":17,"copy":"dma","cfg":"2xh2d/ser","legs":2,"bytes_per_leg":8388608,"leg_ns":[1185356,1461715],"wall_ns":1463518,"stream_errors":0,"mb":4,"cmds_per_leg":2,"elements":8}
PCIE {"t_ms":1790665529621,"test":"conc","trial":17,"copy":"dma","cfg":"d2h","legs":1,"bytes_per_leg":8388608,"leg_ns":[776433],"wall_ns":778095,"stream_errors":0,"mb":4,"cmds_per_leg":2,"elements":8}
PCIE {"t_ms":1790665529623,"test":"conc","trial":17,"copy":"dma","cfg":"h2d","legs":1,"bytes_per_leg":8388608,"leg_ns":[1418629],"wall_ns":1420429,"stream_errors":0,"mb":4,"cmds_per_leg":2,"elements":8}
PCIE {"t_ms":1790665529623,"test":"conc","trial":17,"copy":"dma","cfg":"h2d/ser","legs":1,"bytes_per_leg":8388608,"leg_ns":[761285],"wall_ns":763063,"stream_errors":0,"mb":4,"cmds_per_leg":2,"elements":8}
PCIE {"t_ms":1790665529625,"test":"conc","trial":18,"copy":"dma","cfg":"h2d","legs":1,"bytes_per_leg":8388608,"leg_ns":[1438219],"wall_ns":1439969,"stream_errors":0,"mb":4,"cmds_per_leg":2,"elements":8}
PCIE {"t_ms":1790665529626,"test":"conc","trial":18,"copy":"dma","cfg":"2xh2d/ser","legs":2,"bytes_per_leg":8388608,"leg_ns":[1173984,1479464],"wall_ns":1481236,"stream_errors":0,"mb":4,"cmds_per_leg":2,"elements":8}
PCIE {"t_ms":1790665529627,"test":"conc","trial":18,"copy":"dma","cfg":"h2d/ser","legs":1,"bytes_per_leg":8388608,"leg_ns":[759721],"wall_ns":761487,"stream_errors":0,"mb":4,"cmds_per_leg":2,"elements":8}
PCIE {"t_ms":1790665529628,"test":"conc","trial":18,"copy":"dma","cfg":"d2h/ser","legs":1,"bytes_per_leg":8388608,"leg_ns":[777673],"wall_ns":779360,"stream_errors":0,"mb":4,"cmds_per_leg":2,"elements":8}
PCIE {"t_ms":1790665529629,"test":"conc","trial":18,"copy":"dma","cfg":"d2h","legs":1,"bytes_per_leg":8388608,"leg_ns":[841646],"wall_ns":843344,"stream_errors":0,"mb":4,"cmds_per_leg":2,"elements":8}
PCIE {"t_ms":1790665529630,"test":"conc","trial":19,"copy":"dma","cfg":"h2d","legs":1,"bytes_per_leg":8388608,"leg_ns":[1414571],"wall_ns":1416465,"stream_errors":0,"mb":4,"cmds_per_leg":2,"elements":8}
PCIE {"t_ms":1790665529631,"test":"conc","trial":19,"copy":"dma","cfg":"h2d/ser","legs":1,"bytes_per_leg":8388608,"leg_ns":[760539],"wall_ns":762308,"stream_errors":0,"mb":4,"cmds_per_leg":2,"elements":8}
PCIE {"t_ms":1790665529632,"test":"conc","trial":19,"copy":"dma","cfg":"d2h/ser","legs":1,"bytes_per_leg":8388608,"leg_ns":[775557],"wall_ns":777254,"stream_errors":0,"mb":4,"cmds_per_leg":2,"elements":8}
PCIE {"t_ms":1790665529633,"test":"conc","trial":19,"copy":"dma","cfg":"d2h","legs":1,"bytes_per_leg":8388608,"leg_ns":[843150],"wall_ns":844919,"stream_errors":0,"mb":4,"cmds_per_leg":2,"elements":8}
PCIE {"t_ms":1790665529634,"test":"conc","trial":19,"copy":"dma","cfg":"2xh2d/ser","legs":2,"bytes_per_leg":8388608,"leg_ns":[1103306,1514709],"wall_ns":1516529,"stream_errors":0,"mb":4,"cmds_per_leg":2,"elements":8}
PCIE {"t_ms":1790665529635,"test":"conc","trial":20,"copy":"dma","cfg":"d2h","legs":1,"bytes_per_leg":8388608,"leg_ns":[776451],"wall_ns":778110,"stream_errors":0,"mb":4,"cmds_per_leg":2,"elements":8}
PCIE {"t_ms":1790665529636,"test":"conc","trial":20,"copy":"dma","cfg":"2xh2d/ser","legs":2,"bytes_per_leg":8388608,"leg_ns":[1114095,1493329],"wall_ns":1495138,"stream_errors":0,"mb":4,"cmds_per_leg":2,"elements":8}
PCIE {"t_ms":1790665529637,"test":"conc","trial":20,"copy":"dma","cfg":"h2d/ser","legs":1,"bytes_per_leg":8388608,"leg_ns":[758085],"wall_ns":759832,"stream_errors":0,"mb":4,"cmds_per_leg":2,"elements":8}
PCIE {"t_ms":1790665529639,"test":"conc","trial":20,"copy":"dma","cfg":"h2d","legs":1,"bytes_per_leg":8388608,"leg_ns":[1437433],"wall_ns":1439222,"stream_errors":0,"mb":4,"cmds_per_leg":2,"elements":8}
PCIE {"t_ms":1790665529639,"test":"conc","trial":20,"copy":"dma","cfg":"d2h/ser","legs":1,"bytes_per_leg":8388608,"leg_ns":[847066],"wall_ns":850988,"stream_errors":0,"mb":4,"cmds_per_leg":2,"elements":8}
PCIE {"t_ms":1790665529640,"test":"conc","trial":21,"copy":"dma","cfg":"d2h","legs":1,"bytes_per_leg":8388608,"leg_ns":[847832],"wall_ns":849583,"stream_errors":0,"mb":4,"cmds_per_leg":2,"elements":8}
PCIE {"t_ms":1790665529642,"test":"conc","trial":21,"copy":"dma","cfg":"2xh2d/ser","legs":2,"bytes_per_leg":8388608,"leg_ns":[1179911,1490485],"wall_ns":1492289,"stream_errors":0,"mb":4,"cmds_per_leg":2,"elements":8}
PCIE {"t_ms":1790665529643,"test":"conc","trial":21,"copy":"dma","cfg":"h2d","legs":1,"bytes_per_leg":8388608,"leg_ns":[1480786],"wall_ns":1482604,"stream_errors":0,"mb":4,"cmds_per_leg":2,"elements":8}
PCIE {"t_ms":1790665529644,"test":"conc","trial":21,"copy":"dma","cfg":"d2h/ser","legs":1,"bytes_per_leg":8388608,"leg_ns":[678815],"wall_ns":680525,"stream_errors":0,"mb":4,"cmds_per_leg":2,"elements":8}
PCIE {"t_ms":1790665529645,"test":"conc","trial":21,"copy":"dma","cfg":"h2d/ser","legs":1,"bytes_per_leg":8388608,"leg_ns":[808795],"wall_ns":810526,"stream_errors":0,"mb":4,"cmds_per_leg":2,"elements":8}
PCIE {"t_ms":1790665529646,"test":"conc","trial":22,"copy":"dma","cfg":"2xh2d/ser","legs":2,"bytes_per_leg":8388608,"leg_ns":[1174444,1484720],"wall_ns":1486507,"stream_errors":0,"mb":4,"cmds_per_leg":2,"elements":8}
PCIE {"t_ms":1790665529647,"test":"conc","trial":22,"copy":"dma","cfg":"d2h/ser","legs":1,"bytes_per_leg":8388608,"leg_ns":[687811],"wall_ns":689617,"stream_errors":0,"mb":4,"cmds_per_leg":2,"elements":8}
PCIE {"t_ms":1790665529648,"test":"conc","trial":22,"copy":"dma","cfg":"h2d","legs":1,"bytes_per_leg":8388608,"leg_ns":[1420382],"wall_ns":1422198,"stream_errors":0,"mb":4,"cmds_per_leg":2,"elements":8}
PCIE {"t_ms":1790665529649,"test":"conc","trial":22,"copy":"dma","cfg":"h2d/ser","legs":1,"bytes_per_leg":8388608,"leg_ns":[761989],"wall_ns":763771,"stream_errors":0,"mb":4,"cmds_per_leg":2,"elements":8}
PCIE {"t_ms":1790665529650,"test":"conc","trial":22,"copy":"dma","cfg":"d2h","legs":1,"bytes_per_leg":8388608,"leg_ns":[776012],"wall_ns":777686,"stream_errors":0,"mb":4,"cmds_per_leg":2,"elements":8}
PCIE {"t_ms":1790665529651,"test":"conc","trial":23,"copy":"dma","cfg":"2xh2d/ser","legs":2,"bytes_per_leg":8388608,"leg_ns":[1119596,1430199],"wall_ns":1431969,"stream_errors":0,"mb":4,"cmds_per_leg":2,"elements":8}
PCIE {"t_ms":1790665529652,"test":"conc","trial":23,"copy":"dma","cfg":"h2d/ser","legs":1,"bytes_per_leg":8388608,"leg_ns":[759801],"wall_ns":761572,"stream_errors":0,"mb":4,"cmds_per_leg":2,"elements":8}
PCIE {"t_ms":1790665529654,"test":"conc","trial":23,"copy":"dma","cfg":"h2d","legs":1,"bytes_per_leg":8388608,"leg_ns":[1456631],"wall_ns":1458433,"stream_errors":0,"mb":4,"cmds_per_leg":2,"elements":8}
PCIE {"t_ms":1790665529654,"test":"conc","trial":23,"copy":"dma","cfg":"d2h","legs":1,"bytes_per_leg":8388608,"leg_ns":[792460],"wall_ns":794192,"stream_errors":0,"mb":4,"cmds_per_leg":2,"elements":8}
PCIE {"t_ms":1790665529655,"test":"conc","trial":23,"copy":"dma","cfg":"d2h/ser","legs":1,"bytes_per_leg":8388608,"leg_ns":[701197],"wall_ns":702862,"stream_errors":0,"mb":4,"cmds_per_leg":2,"elements":8}
PCIE {"t_ms":1790665529657,"test":"conc","trial":24,"copy":"dma","cfg":"2xh2d/ser","legs":2,"bytes_per_leg":8388608,"leg_ns":[1110398,1488252],"wall_ns":1489973,"stream_errors":0,"mb":4,"cmds_per_leg":2,"elements":8}
PCIE {"t_ms":1790665529658,"test":"conc","trial":24,"copy":"dma","cfg":"h2d","legs":1,"bytes_per_leg":8388608,"leg_ns":[1476746],"wall_ns":1478485,"stream_errors":0,"mb":4,"cmds_per_leg":2,"elements":8}
PCIE {"t_ms":1790665529659,"test":"conc","trial":24,"copy":"dma","cfg":"h2d/ser","legs":1,"bytes_per_leg":8388608,"leg_ns":[760187],"wall_ns":761957,"stream_errors":0,"mb":4,"cmds_per_leg":2,"elements":8}
PCIE {"t_ms":1790665529660,"test":"conc","trial":24,"copy":"dma","cfg":"d2h","legs":1,"bytes_per_leg":8388608,"leg_ns":[779228],"wall_ns":780955,"stream_errors":0,"mb":4,"cmds_per_leg":2,"elements":8}
PCIE {"t_ms":1790665529660,"test":"conc","trial":24,"copy":"dma","cfg":"d2h/ser","legs":1,"bytes_per_leg":8388608,"leg_ns":[837634],"wall_ns":841563,"stream_errors":0,"mb":4,"cmds_per_leg":2,"elements":8}
PCIE {"t_ms":1790665529661,"test":"done","which":"conc","elapsed_s":0.320603}
