PCIE {"t_ms":1790727025849,"test":"open","open_ns":137105052,"src":"PCIEBENCH_SRC_SHA256 main=27b7ed06330c4bae26cd24be189cdac0d67432cb52b1e8c7fca1116abda1aa5f args=8ae69bd7d46097957b638ff4c6630eb3e66d3cb0654b77d3bf55f3336c61c508 touch=92180a93c6dae0a1dce8c379156f827bd6588115777499dc45e64bf606b46ec0","link":[{"bdf":"0000:02:00.0","speed":"16.0 GT/s PCIe","width":"8","max_speed":"16.0 GT/s PCIe","max_width":"8","cma_allocated":"2057 MB"}]}
PCIE {"t_ms":1790727025851,"test":"conc","trial":0,"copy":"dma","cfg":"d2h/ser","legs":1,"bytes_per_leg":2097152,"leg_ns":[516631],"wall_ns":536197,"stream_errors":0,"mb":1,"cmds_per_leg":2,"elements":0}
PCIE {"t_ms":1790727025852,"test":"conc","trial":0,"copy":"dma","cfg":"2xh2d/ser","legs":2,"bytes_per_leg":2097152,"leg_ns":[614174,607608],"wall_ns":629023,"stream_errors":0,"mb":1,"cmds_per_leg":2,"elements":0}
PCIE {"t_ms":1790727025852,"test":"conc","trial":0,"copy":"dma","cfg":"h2d/ser","legs":1,"bytes_per_leg":2097152,"leg_ns":[404680],"wall_ns":419348,"stream_errors":0,"mb":1,"cmds_per_leg":2,"elements":0}
PCIE {"t_ms":1790727025853,"test":"conc","trial":0,"copy":"dma","cfg":"h2d","legs":1,"bytes_per_leg":2097152,"leg_ns":[506944],"wall_ns":522034,"stream_errors":0,"mb":1,"cmds_per_leg":2,"elements":0}
PCIE {"t_ms":1790727025853,"test":"conc","trial":0,"copy":"dma","cfg":"d2h","legs":1,"bytes_per_leg":2097152,"leg_ns":[370261],"wall_ns":384551,"stream_errors":0,"mb":1,"cmds_per_leg":2,"elements":0}
PCIE {"t_ms":1790727025854,"test":"conc","trial":1,"copy":"dma","cfg":"h2d/ser","legs":1,"bytes_per_leg":2097152,"leg_ns":[386715],"wall_ns":400651,"stream_errors":0,"mb":1,"cmds_per_leg":2,"elements":0}
PCIE {"t_ms":1790727025854,"test":"conc","trial":1,"copy":"dma","cfg":"h2d","legs":1,"bytes_per_leg":2097152,"leg_ns":[432501],"wall_ns":446208,"stream_errors":0,"mb":1,"cmds_per_leg":2,"elements":0}
PCIE {"t_ms":1790727025855,"test":"conc","trial":1,"copy":"dma","cfg":"2xh2d/ser","legs":2,"bytes_per_leg":2097152,"leg_ns":[471973,483993],"wall_ns":498219,"stream_errors":0,"mb":1,"cmds_per_leg":2,"elements":0}
PCIE {"t_ms":1790727025855,"test":"conc","trial":1,"copy":"dma","cfg":"d2h/ser","legs":1,"bytes_per_leg":2097152,"leg_ns":[654200],"wall_ns":668536,"stream_errors":0,"mb":1,"cmds_per_leg":2,"elements":0}
PCIE {"t_ms":1790727025856,"test":"conc","trial":1,"copy":"dma","cfg":"d2h","legs":1,"bytes_per_leg":2097152,"leg_ns":[372952],"wall_ns":387061,"stream_errors":0,"mb":1,"cmds_per_leg":2,"elements":0}
PCIE {"t_ms":1790727025856,"test":"conc","trial":2,"copy":"dma","cfg":"h2d","legs":1,"bytes_per_leg":2097152,"leg_ns":[405995],"wall_ns":419973,"stream_errors":0,"mb":1,"cmds_per_leg":2,"elements":0}
PCIE {"t_ms":1790727025856,"test":"conc","trial":2,"copy":"dma","cfg":"h2d/ser","legs":1,"bytes_per_leg":2097152,"leg_ns":[319494],"wall_ns":333543,"stream_errors":0,"mb":1,"cmds_per_leg":2,"elements":0}
PCIE {"t_ms":1790727025857,"test":"conc","trial":2,"copy":"dma","cfg":"d2h","legs":1,"bytes_per_leg":2097152,"leg_ns":[592091],"wall_ns":606795,"stream_errors":0,"mb":1,"cmds_per_leg":2,"elements":0}
PCIE {"t_ms":1790727025857,"test":"conc","trial":2,"copy":"dma","cfg":"d2h/ser","legs":1,"bytes_per_leg":2097152,"leg_ns":[323407],"wall_ns":337381,"stream_errors":0,"mb":1,"cmds_per_leg":2,"elements":0}
PCIE {"t_ms":1790727025858,"test":"conc","trial":2,"copy":"dma","cfg":"2xh2d/ser","legs":2,"bytes_per_leg":2097152,"leg_ns":[379394,495327],"wall_ns":510037,"stream_errors":0,"mb":1,"cmds_per_leg":2,"elements":0}
PCIE {"t_ms":1790727025858,"test":"conc","trial":3,"copy":"dma","cfg":"d2h/ser","legs":1,"bytes_per_leg":2097152,"leg_ns":[329390],"wall_ns":342714,"stream_errors":0,"mb":1,"cmds_per_leg":2,"elements":0}
PCIE {"t_ms":1790727025859,"test":"conc","trial":3,"copy":"dma","cfg":"h2d/ser","legs":1,"bytes_per_leg":2097152,"leg_ns":[302420],"wall_ns":316580,"stream_errors":0,"mb":1,"cmds_per_leg":2,"elements":0}
PCIE {"t_ms":1790727025859,"test":"conc","trial":3,"copy":"dma","cfg":"2xh2d/ser","legs":2,"bytes_per_leg":2097152,"leg_ns":[418406,532332],"wall_ns":546658,"stream_errors":0,"mb":1,"cmds_per_leg":2,"elements":0}
PCIE {"t_ms":1790727025860,"test":"conc","trial":3,"copy":"dma","cfg":"h2d","legs":1,"bytes_per_leg":2097152,"leg_ns":[410869],"wall_ns":425156,"stream_errors":0,"mb":1,"cmds_per_leg":2,"elements":0}
PCIE {"t_ms":1790727025860,"test":"conc","trial":3,"copy":"dma","cfg":"d2h","legs":1,"bytes_per_leg":2097152,"leg_ns":[322570],"wall_ns":336703,"stream_errors":0,"mb":1,"cmds_per_leg":2,"elements":0}
PCIE {"t_ms":1790727025860,"test":"conc","trial":4,"copy":"dma","cfg":"2xh2d/ser","legs":2,"bytes_per_leg":2097152,"leg_ns":[414826,531480],"wall_ns":545808,"stream_errors":0,"mb":1,"cmds_per_leg":2,"elements":0}
PCIE {"t_ms":1790727025861,"test":"conc","trial":4,"copy":"dma","cfg":"h2d","legs":1,"bytes_per_leg":2097152,"leg_ns":[415557],"wall_ns":430342,"stream_errors":0,"mb":1,"cmds_per_leg":2,"elements":0}
PCIE {"t_ms":1790727025861,"test":"conc","trial":4,"copy":"dma","cfg":"d2h/ser","legs":1,"bytes_per_leg":2097152,"leg_ns":[327398],"wall_ns":341742,"stream_errors":0,"mb":1,"cmds_per_leg":2,"elements":0}
PCIE {"t_ms":1790727025862,"test":"conc","trial":4,"copy":"dma","cfg":"h2d/ser","legs":1,"bytes_per_leg":2097152,"leg_ns":[305709],"wall_ns":319878,"stream_errors":0,"mb":1,"cmds_per_leg":2,"elements":0}
PCIE {"t_ms":1790727025862,"test":"conc","trial":4,"copy":"dma","cfg":"d2h","legs":1,"bytes_per_leg":2097152,"leg_ns":[307064],"wall_ns":321382,"stream_errors":0,"mb":1,"cmds_per_leg":2,"elements":0}
PCIE {"t_ms":1790727025862,"test":"conc","trial":5,"copy":"dma","cfg":"2xh2d/ser","legs":2,"bytes_per_leg":2097152,"leg_ns":[428084,543511],"wall_ns":557332,"stream_errors":0,"mb":1,"cmds_per_leg":2,"elements":0}
PCIE {"t_ms":1790727025863,"test":"conc","trial":5,"copy":"dma","cfg":"d2h/ser","legs":1,"bytes_per_leg":2097152,"leg_ns":[316362],"wall_ns":331004,"stream_errors":0,"mb":1,"cmds_per_leg":2,"elements":0}
PCIE {"t_ms":1790727025863,"test":"conc","trial":5,"copy":"dma","cfg":"d2h","legs":1,"bytes_per_leg":2097152,"leg_ns":[330975],"wall_ns":345297,"stream_errors":0,"mb":1,"cmds_per_leg":2,"elements":0}
PCIE {"t_ms":1790727025864,"test":"conc","trial":5,"copy":"dma","cfg":"h2d","legs":1,"bytes_per_leg":2097152,"leg_ns":[408002],"wall_ns":422090,"stream_errors":0,"mb":1,"cmds_per_leg":2,"elements":0}
PCIE {"t_ms":1790727025864,"test":"conc","trial":5,"copy":"dma","cfg":"h2d/ser","legs":1,"bytes_per_leg":2097152,"leg_ns":[285885],"wall_ns":300234,"stream_errors":0,"mb":1,"cmds_per_leg":2,"elements":0}
PCIE {"t_ms":1790727025864,"test":"conc","trial":6,"copy":"dma","cfg":"d2h/ser","legs":1,"bytes_per_leg":2097152,"leg_ns":[324219],"wall_ns":338391,"stream_errors":0,"mb":1,"cmds_per_leg":2,"elements":0}
PCIE {"t_ms":1790727025865,"test":"conc","trial":6,"copy":"dma","cfg":"h2d","legs":1,"bytes_per_leg":2097152,"leg_ns":[414812],"wall_ns":429778,"stream_errors":0,"mb":1,"cmds_per_leg":2,"elements":0}
PCIE {"t_ms":1790727025865,"test":"conc","trial":6,"copy":"dma","cfg":"d2h","legs":1,"bytes_per_leg":2097152,"leg_ns":[331989],"wall_ns":346263,"stream_errors":0,"mb":1,"cmds_per_leg":2,"elements":0}
PCIE {"t_ms":1790727025865,"test":"conc","trial":6,"copy":"dma","cfg":"h2d/ser","legs":1,"bytes_per_leg":2097152,"leg_ns":[296827],"wall_ns":310815,"stream_errors":0,"mb":1,"cmds_per_leg":2,"elements":0}
PCIE {"t_ms":1790727025866,"test":"conc","trial":6,"copy":"dma","cfg":"2xh2d/ser","legs":2,"bytes_per_leg":2097152,"leg_ns":[425322,540551],"wall_ns":554912,"stream_errors":0,"mb":1,"cmds_per_leg":2,"elements":0}
PCIE {"t_ms":1790727025866,"test":"conc","trial":7,"copy":"dma","cfg":"h2d","legs":1,"bytes_per_leg":2097152,"leg_ns":[416934],"wall_ns":431253,"stream_errors":0,"mb":1,"cmds_per_leg":2,"elements":0}
PCIE {"t_ms":1790727025867,"test":"conc","trial":7,"copy":"dma","cfg":"h2d/ser","legs":1,"bytes_per_leg":2097152,"leg_ns":[303651],"wall_ns":317938,"stream_errors":0,"mb":1,"cmds_per_leg":2,"elements":0}
PCIE {"t_ms":1790727025867,"test":"conc","trial":7,"copy":"dma","cfg":"d2h","legs":1,"bytes_per_leg":2097152,"leg_ns":[335508],"wall_ns":349342,"stream_errors":0,"mb":1,"cmds_per_leg":2,"elements":0}
PCIE {"t_ms":1790727025867,"test":"conc","trial":7,"copy":"dma","cfg":"d2h/ser","legs":1,"bytes_per_leg":2097152,"leg_ns":[302418],"wall_ns":316582,"stream_errors":0,"mb":1,"cmds_per_leg":2,"elements":0}
PCIE {"t_ms":1790727025868,"test":"conc","trial":7,"copy":"dma","cfg":"2xh2d/ser","legs":2,"bytes_per_leg":2097152,"leg_ns":[420194,534455],"wall_ns":549001,"stream_errors":0,"mb":1,"cmds_per_leg":2,"elements":0}
PCIE {"t_ms":1790727025868,"test":"conc","trial":8,"copy":"dma","cfg":"2xh2d/ser","legs":2,"bytes_per_leg":2097152,"leg_ns":[442143,453188],"wall_ns":467298,"stream_errors":0,"mb":1,"cmds_per_leg":2,"elements":0}
PCIE {"t_ms":1790727025869,"test":"conc","trial":8,"copy":"dma","cfg":"h2d/ser","legs":1,"bytes_per_leg":2097152,"leg_ns":[319211],"wall_ns":334267,"stream_errors":0,"mb":1,"cmds_per_leg":2,"elements":0}
PCIE {"t_ms":1790727025869,"test":"conc","trial":8,"copy":"dma","cfg":"h2d","legs":1,"bytes_per_leg":2097152,"leg_ns":[416511],"wall_ns":430813,"stream_errors":0,"mb":1,"cmds_per_leg":2,"elements":0}
PCIE {"t_ms":1790727025869,"test":"conc","trial":8,"copy":"dma","cfg":"d2h/ser","legs":1,"bytes_per_leg":2097152,"leg_ns":[328293],"wall_ns":342414,"stream_errors":0,"mb":1,"cmds_per_leg":2,"elements":0}
PCIE {"t_ms":1790727025870,"test":"conc","trial":8,"copy":"dma","cfg":"d2h","legs":1,"bytes_per_leg":2097152,"leg_ns":[283862],"wall_ns":298487,"stream_errors":0,"mb":1,"cmds_per_leg":2,"elements":0}
PCIE {"t_ms":1790727025870,"test":"conc","trial":9,"copy":"dma","cfg":"d2h/ser","legs":1,"bytes_per_leg":2097152,"leg_ns":[313209],"wall_ns":328510,"stream_errors":0,"mb":1,"cmds_per_leg":2,"elements":0}
PCIE {"t_ms":1790727025871,"test":"conc","trial":9,"copy":"dma","cfg":"h2d","legs":1,"bytes_per_leg":2097152,"leg_ns":[406513],"wall_ns":420612,"stream_errors":0,"mb":1,"cmds_per_leg":2,"elements":0}
PCIE {"t_ms":1790727025871,"test":"conc","trial":9,"copy":"dma","cfg":"h2d/ser","legs":1,"bytes_per_leg":2097152,"leg_ns":[290253],"wall_ns":304450,"stream_errors":0,"mb":1,"cmds_per_leg":2,"elements":0}
PCIE {"t_ms":1790727025871,"test":"conc","trial":9,"copy":"dma","cfg":"2xh2d/ser","legs":2,"bytes_per_leg":2097152,"leg_ns":[441229,451298],"wall_ns":465433,"stream_errors":0,"mb":1,"cmds_per_leg":2,"elements":0}
PCIE {"t_ms":1790727025872,"test":"conc","trial":9,"copy":"dma","cfg":"d2h","legs":1,"bytes_per_leg":2097152,"leg_ns":[312217],"wall_ns":326542,"stream_errors":0,"mb":1,"cmds_per_leg":2,"elements":0}
PCIE {"t_ms":1790727025872,"test":"conc","trial":10,"copy":"dma","cfg":"h2d/ser","legs":1,"bytes_per_leg":2097152,"leg_ns":[304122],"wall_ns":318305,"stream_errors":0,"mb":1,"cmds_per_leg":2,"elements":0}
PCIE {"t_ms":1790727025872,"test":"conc","trial":10,"copy":"dma","cfg":"h2d","legs":1,"bytes_per_leg":2097152,"leg_ns":[416591],"wall_ns":430907,"stream_errors":0,"mb":1,"cmds_per_leg":2,"elements":0}
PCIE {"t_ms":1790727025873,"test":"conc","trial":10,"copy":"dma","cfg":"d2h/ser","legs":1,"bytes_per_leg":2097152,"leg_ns":[318755],"wall_ns":333442,"stream_errors":0,"mb":1,"cmds_per_leg":2,"elements":0}
PCIE {"t_ms":1790727025873,"test":"conc","trial":10,"copy":"dma","cfg":"d2h","legs":1,"bytes_per_leg":2097152,"leg_ns":[326085],"wall_ns":340265,"stream_errors":0,"mb":1,"cmds_per_leg":2,"elements":0}
PCIE {"t_ms":1790727025874,"test":"conc","trial":10,"copy":"dma","cfg":"2xh2d/ser","legs":2,"bytes_per_leg":2097152,"leg_ns":[432745,504727],"wall_ns":520228,"stream_errors":0,"mb":1,"cmds_per_leg":2,"elements":0}
PCIE {"t_ms":1790727025874,"test":"conc","trial":11,"copy":"dma","cfg":"2xh2d/ser","legs":2,"bytes_per_leg":2097152,"leg_ns":[437232,452949],"wall_ns":467037,"stream_errors":0,"mb":1,"cmds_per_leg":2,"elements":0}
PCIE {"t_ms":1790727025875,"test":"conc","trial":11,"copy":"dma","cfg":"h2d","legs":1,"bytes_per_leg":2097152,"leg_ns":[422100],"wall_ns":436157,"stream_errors":0,"mb":1,"cmds_per_leg":2,"elements":0}
PCIE {"t_ms":1790727025875,"test":"conc","trial":11,"copy":"dma","cfg":"d2h","legs":1,"bytes_per_leg":2097152,"leg_ns":[291824],"wall_ns":305870,"stream_errors":0,"mb":1,"cmds_per_leg":2,"elements":0}
PCIE {"t_ms":1790727025875,"test":"conc","trial":11,"copy":"dma","cfg":"d2h/ser","legs":1,"bytes_per_leg":2097152,"leg_ns":[312176],"wall_ns":326419,"stream_errors":0,"mb":1,"cmds_per_leg":2,"elements":0}
PCIE {"t_ms":1790727025876,"test":"conc","trial":11,"copy":"dma","cfg":"h2d/ser","legs":1,"bytes_per_leg":2097152,"leg_ns":[306852],"wall_ns":320859,"stream_errors":0,"mb":1,"cmds_per_leg":2,"elements":0}
PCIE {"t_ms":1790727025876,"test":"conc","trial":12,"copy":"dma","cfg":"h2d","legs":1,"bytes_per_leg":2097152,"leg_ns":[409391],"wall_ns":423479,"stream_errors":0,"mb":1,"cmds_per_leg":2,"elements":0}
PCIE {"t_ms":1790727025876,"test":"conc","trial":12,"copy":"dma","cfg":"d2h","legs":1,"bytes_per_leg":2097152,"leg_ns":[324812],"wall_ns":338668,"stream_errors":0,"mb":1,"cmds_per_leg":2,"elements":0}
PCIE {"t_ms":1790727025877,"test":"conc","trial":12,"copy":"dma","cfg":"2xh2d/ser","legs":2,"bytes_per_leg":2097152,"leg_ns":[428570,545057],"wall_ns":559604,"stream_errors":0,"mb":1,"cmds_per_leg":2,"elements":0}
PCIE {"t_ms":1790727025877,"test":"conc","trial":12,"copy":"dma","cfg":"d2h/ser","legs":1,"bytes_per_leg":2097152,"leg_ns":[326562],"wall_ns":340739,"stream_errors":0,"mb":1,"cmds_per_leg":2,"elements":0}
PCIE {"t_ms":1790727025878,"test":"conc","trial":12,"copy":"dma","cfg":"h2d/ser","legs":1,"bytes_per_leg":2097152,"leg_ns":[306717],"wall_ns":321016,"stream_errors":0,"mb":1,"cmds_per_leg":2,"elements":0}
PCIE {"t_ms":1790727025878,"test":"conc","trial":13,"copy":"dma","cfg":"d2h","legs":1,"bytes_per_leg":2097152,"leg_ns":[296077],"wall_ns":310543,"stream_errors":0,"mb":1,"cmds_per_leg":2,"elements":0}
PCIE {"t_ms":1790727025878,"test":"conc","trial":13,"copy":"dma","cfg":"h2d","legs":1,"bytes_per_leg":2097152,"leg_ns":[411114],"wall_ns":425194,"stream_errors":0,"mb":1,"cmds_per_leg":2,"elements":0}
PCIE {"t_ms":1790727025879,"test":"conc","trial":13,"copy":"dma","cfg":"2xh2d/ser","legs":2,"bytes_per_leg":2097152,"leg_ns":[449723,453777],"wall_ns":468397,"stream_errors":0,"mb":1,"cmds_per_leg":2,"elements":0}
PCIE {"t_ms":1790727025879,"test":"conc","trial":13,"copy":"dma","cfg":"d2h/ser","legs":1,"bytes_per_leg":2097152,"leg_ns":[326357],"wall_ns":340489,"stream_errors":0,"mb":1,"cmds_per_leg":2,"elements":0}
PCIE {"t_ms":1790727025879,"test":"conc","trial":13,"copy":"dma","cfg":"h2d/ser","legs":1,"bytes_per_leg":2097152,"leg_ns":[306563],"wall_ns":320797,"stream_errors":0,"mb":1,"cmds_per_leg":2,"elements":0}
PCIE {"t_ms":1790727025880,"test":"conc","trial":14,"copy":"dma","cfg":"2xh2d/ser","legs":2,"bytes_per_leg":2097152,"leg_ns":[407496,523674],"wall_ns":538467,"stream_errors":0,"mb":1,"cmds_per_leg":2,"elements":0}
PCIE {"t_ms":1790727025880,"test":"conc","trial":14,"copy":"dma","cfg":"d2h","legs":1,"bytes_per_leg":2097152,"leg_ns":[324402],"wall_ns":338500,"stream_errors":0,"mb":1,"cmds_per_leg":2,"elements":0}
PCIE {"t_ms":1790727025881,"test":"conc","trial":14,"copy":"dma","cfg":"d2h/ser","legs":1,"bytes_per_leg":2097152,"leg_ns":[291129],"wall_ns":305783,"stream_errors":0,"mb":1,"cmds_per_leg":2,"elements":0}
PCIE {"t_ms":1790727025881,"test":"conc","trial":14,"copy":"dma","cfg":"h2d","legs":1,"bytes_per_leg":2097152,"leg_ns":[400655],"wall_ns":415645,"stream_errors":0,"mb":1,"cmds_per_leg":2,"elements":0}
PCIE {"t_ms":1790727025881,"test":"conc","trial":14,"copy":"dma","cfg":"h2d/ser","legs":1,"bytes_per_leg":2097152,"leg_ns":[317109],"wall_ns":331311,"stream_errors":0,"mb":1,"cmds_per_leg":2,"elements":0}
PCIE {"t_ms":1790727025882,"test":"conc","trial":15,"copy":"dma","cfg":"d2h","legs":1,"bytes_per_leg":2097152,"leg_ns":[331941],"wall_ns":346041,"stream_errors":0,"mb":1,"cmds_per_leg":2,"elements":0}
PCIE {"t_ms":1790727025882,"test":"conc","trial":15,"copy":"dma","cfg":"h2d/ser","legs":1,"bytes_per_leg":2097152,"leg_ns":[307271],"wall_ns":321717,"stream_errors":0,"mb":1,"cmds_per_leg":2,"elements":0}
PCIE {"t_ms":1790727025883,"test":"conc","trial":15,"copy":"dma","cfg":"h2d","legs":1,"bytes_per_leg":2097152,"leg_ns":[416709],"wall_ns":430968,"stream_errors":0,"mb":1,"cmds_per_leg":2,"elements":0}
PCIE {"t_ms":1790727025883,"test":"conc","trial":15,"copy":"dma","cfg":"2xh2d/ser","legs":2,"bytes_per_leg":2097152,"leg_ns":[439890,443735],"wall_ns":458070,"stream_errors":0,"mb":1,"cmds_per_leg":2,"elements":0}
PCIE {"t_ms":1790727025883,"test":"conc","trial":15,"copy":"dma","cfg":"d2h/ser","legs":1,"bytes_per_leg":2097152,"leg_ns":[326264],"wall_ns":340606,"stream_errors":0,"mb":1,"cmds_per_leg":2,"elements":0}
PCIE {"t_ms":1790727025884,"test":"conc","trial":16,"copy":"dma","cfg":"d2h","legs":1,"bytes_per_leg":2097152,"leg_ns":[293648],"wall_ns":308048,"stream_errors":0,"mb":1,"cmds_per_leg":2,"elements":0}
PCIE {"t_ms":1790727025884,"test":"conc","trial":16,"copy":"dma","cfg":"d2h/ser","legs":1,"bytes_per_leg":2097152,"leg_ns":[315417],"wall_ns":329779,"stream_errors":0,"mb":1,"cmds_per_leg":2,"elements":0}
PCIE {"t_ms":1790727025884,"test":"conc","trial":16,"copy":"dma","cfg":"2xh2d/ser","legs":2,"bytes_per_leg":2097152,"leg_ns":[430663,444791],"wall_ns":458987,"stream_errors":0,"mb":1,"cmds_per_leg":2,"elements":0}
PCIE {"t_ms":1790727025885,"test":"conc","trial":16,"copy":"dma","cfg":"h2d/ser","legs":1,"bytes_per_leg":2097152,"leg_ns":[273146],"wall_ns":287773,"stream_errors":0,"mb":1,"cmds_per_leg":2,"elements":0}
PCIE {"t_ms":1790727025885,"test":"conc","trial":16,"copy":"dma","cfg":"h2d","legs":1,"bytes_per_leg":2097152,"leg_ns":[415744],"wall_ns":430166,"stream_errors":0,"mb":1,"cmds_per_leg":2,"elements":0}
PCIE {"t_ms":1790727025886,"test":"conc","trial":17,"copy":"dma","cfg":"2xh2d/ser","legs":2,"bytes_per_leg":2097152,"leg_ns":[424869,539056],"wall_ns":553452,"stream_errors":0,"mb":1,"cmds_per_leg":2,"elements":0}
PCIE {"t_ms":1790727025886,"test":"conc","trial":17,"copy":"dma","cfg":"d2h","legs":1,"bytes_per_leg":2097152,"leg_ns":[326146],"wall_ns":340325,"stream_errors":0,"mb":1,"cmds_per_leg":2,"elements":0}
PCIE {"t_ms":1790727025887,"test":"conc","trial":17,"copy":"dma","cfg":"h2d","legs":1,"bytes_per_leg":2097152,"leg_ns":[409172],"wall_ns":423387,"stream_errors":0,"mb":1,"cmds_per_leg":2,"elements":0}
PCIE {"t_ms":1790727025887,"test":"conc","trial":17,"copy":"dma","cfg":"h2d/ser","legs":1,"bytes_per_leg":2097152,"leg_ns":[308509],"wall_ns":322727,"stream_errors":0,"mb":1,"cmds_per_leg":2,"elements":0}
PCIE {"t_ms":1790727025887,"test":"conc","trial":17,"copy":"dma","cfg":"d2h/ser","legs":1,"bytes_per_leg":2097152,"leg_ns":[326094],"wall_ns":340249,"stream_errors":0,"mb":1,"cmds_per_leg":2,"elements":0}
PCIE {"t_ms":1790727025888,"test":"conc","trial":18,"copy":"dma","cfg":"h2d","legs":1,"bytes_per_leg":2097152,"leg_ns":[412414],"wall_ns":427050,"stream_errors":0,"mb":1,"cmds_per_leg":2,"elements":0}
PCIE {"t_ms":1790727025888,"test":"conc","trial":18,"copy":"dma","cfg":"h2d/ser","legs":1,"bytes_per_leg":2097152,"leg_ns":[316191],"wall_ns":330558,"stream_errors":0,"mb":1,"cmds_per_leg":2,"elements":0}
PCIE {"t_ms":1790727025888,"test":"conc","trial":18,"copy":"dma","cfg":"2xh2d/ser","legs":2,"bytes_per_leg":2097152,"leg_ns":[443445,453694],"wall_ns":467886,"stream_errors":0,"mb":1,"cmds_per_leg":2,"elements":0}
PCIE {"t_ms":1790727025889,"test":"conc","trial":18,"copy":"dma","cfg":"d2h/ser","legs":1,"bytes_per_leg":2097152,"leg_ns":[297079],"wall_ns":311828,"stream_errors":0,"mb":1,"cmds_per_leg":2,"elements":0}
PCIE {"t_ms":1790727025889,"test":"conc","trial":18,"copy":"dma","cfg":"d2h","legs":1,"bytes_per_leg":2097152,"leg_ns":[320586],"wall_ns":335071,"stream_errors":0,"mb":1,"cmds_per_leg":2,"elements":0}
PCIE {"t_ms":1790727025889,"test":"conc","trial":19,"copy":"dma","cfg":"h2d/ser","legs":1,"bytes_per_leg":2097152,"leg_ns":[305585],"wall_ns":319790,"stream_errors":0,"mb":1,"cmds_per_leg":2,"elements":0}
PCIE {"t_ms":1790727025890,"test":"conc","trial":19,"copy":"dma","cfg":"d2h","legs":1,"bytes_per_leg":2097152,"leg_ns":[301304],"wall_ns":315573,"stream_errors":0,"mb":1,"cmds_per_leg":2,"elements":0}
PCIE {"t_ms":1790727025890,"test":"conc","trial":19,"copy":"dma","cfg":"2xh2d/ser","legs":2,"bytes_per_leg":2097152,"leg_ns":[429184,547402],"wall_ns":561719,"stream_errors":0,"mb":1,"cmds_per_leg":2,"elements":0}
PCIE {"t_ms":1790727025891,"test":"conc","trial":19,"copy":"dma","cfg":"h2d","legs":1,"bytes_per_leg":2097152,"leg_ns":[395653],"wall_ns":410376,"stream_errors":0,"mb":1,"cmds_per_leg":2,"elements":0}
PCIE {"t_ms":1790727025891,"test":"conc","trial":19,"copy":"dma","cfg":"d2h/ser","legs":1,"bytes_per_leg":2097152,"leg_ns":[326110],"wall_ns":340693,"stream_errors":0,"mb":1,"cmds_per_leg":2,"elements":0}
PCIE {"t_ms":1790727025892,"test":"conc","trial":20,"copy":"dma","cfg":"2xh2d/ser","legs":2,"bytes_per_leg":2097152,"leg_ns":[427778,514631],"wall_ns":530115,"stream_errors":0,"mb":1,"cmds_per_leg":2,"elements":0}
PCIE {"t_ms":1790727025892,"test":"conc","trial":20,"copy":"dma","cfg":"h2d","legs":1,"bytes_per_leg":2097152,"leg_ns":[414913],"wall_ns":430296,"stream_errors":0,"mb":1,"cmds_per_leg":2,"elements":0}
PCIE {"t_ms":1790727025892,"test":"conc","trial":20,"copy":"dma","cfg":"d2h/ser","legs":1,"bytes_per_leg":2097152,"leg_ns":[328233],"wall_ns":342439,"stream_errors":0,"mb":1,"cmds_per_leg":2,"elements":0}
PCIE {"t_ms":1790727025893,"test":"conc","trial":20,"copy":"dma","cfg":"h2d/ser","legs":1,"bytes_per_leg":2097152,"leg_ns":[309924],"wall_ns":324848,"stream_errors":0,"mb":1,"cmds_per_leg":2,"elements":0}
PCIE {"t_ms":1790727025893,"test":"conc","trial":20,"copy":"dma","cfg":"d2h","legs":1,"bytes_per_leg":2097152,"leg_ns":[324560],"wall_ns":338685,"stream_errors":0,"mb":1,"cmds_per_leg":2,"elements":0}
PCIE {"t_ms":1790727025893,"test":"conc","trial":21,"copy":"dma","cfg":"h2d/ser","legs":1,"bytes_per_leg":2097152,"leg_ns":[305753],"wall_ns":319822,"stream_errors":0,"mb":1,"cmds_per_leg":2,"elements":0}
PCIE {"t_ms":1790727025894,"test":"conc","trial":21,"copy":"dma","cfg":"2xh2d/ser","legs":2,"bytes_per_leg":2097152,"leg_ns":[445426,449514],"wall_ns":464431,"stream_errors":0,"mb":1,"cmds_per_leg":2,"elements":0}
PCIE {"t_ms":1790727025894,"test":"conc","trial":21,"copy":"dma","cfg":"d2h/ser","legs":1,"bytes_per_leg":2097152,"leg_ns":[326652],"wall_ns":340660,"stream_errors":0,"mb":1,"cmds_per_leg":2,"elements":0}
PCIE {"t_ms":1790727025895,"test":"conc","trial":21,"copy":"dma","cfg":"d2h","legs":1,"bytes_per_leg":2097152,"leg_ns":[325394],"wall_ns":339428,"stream_errors":0,"mb":1,"cmds_per_leg":2,"elements":0}
PCIE {"t_ms":1790727025895,"test":"conc","trial":21,"copy":"dma","cfg":"h2d","legs":1,"bytes_per_leg":2097152,"leg_ns":[405502],"wall_ns":419578,"stream_errors":0,"mb":1,"cmds_per_leg":2,"elements":0}
PCIE {"t_ms":1790727025895,"test":"conc","trial":22,"copy":"dma","cfg":"2xh2d/ser","legs":2,"bytes_per_leg":2097152,"leg_ns":[449529,453226],"wall_ns":467317,"stream_errors":0,"mb":1,"cmds_per_leg":2,"elements":0}
PCIE {"t_ms":1790727025896,"test":"conc","trial":22,"copy":"dma","cfg":"d2h","legs":1,"bytes_per_leg":2097152,"leg_ns":[328920],"wall_ns":343355,"stream_errors":0,"mb":1,"cmds_per_leg":2,"elements":0}
PCIE {"t_ms":1790727025896,"test":"conc","trial":22,"copy":"dma","cfg":"h2d/ser","legs":1,"bytes_per_leg":2097152,"leg_ns":[306030],"wall_ns":320128,"stream_errors":0,"mb":1,"cmds_per_leg":2,"elements":0}
PCIE {"t_ms":1790727025897,"test":"conc","trial":22,"copy":"dma","cfg":"h2d","legs":1,"bytes_per_leg":2097152,"leg_ns":[422881],"wall_ns":439979,"stream_errors":0,"mb":1,"cmds_per_leg":2,"elements":0}
PCIE {"t_ms":1790727025897,"test":"conc","trial":22,"copy":"dma","cfg":"d2h/ser","legs":1,"bytes_per_leg":2097152,"leg_ns":[319891],"wall_ns":334251,"stream_errors":0,"mb":1,"cmds_per_leg":2,"elements":0}
PCIE {"t_ms":1790727025897,"test":"conc","trial":23,"copy":"dma","cfg":"h2d/ser","legs":1,"bytes_per_leg":2097152,"leg_ns":[306341],"wall_ns":320546,"stream_errors":0,"mb":1,"cmds_per_leg":2,"elements":0}
PCIE {"t_ms":1790727025898,"test":"conc","trial":23,"copy":"dma","cfg":"h2d","legs":1,"bytes_per_leg":2097152,"leg_ns":[422924],"wall_ns":437362,"stream_errors":0,"mb":1,"cmds_per_leg":2,"elements":0}
PCIE {"t_ms":1790727025898,"test":"conc","trial":23,"copy":"dma","cfg":"d2h/ser","legs":1,"bytes_per_leg":2097152,"leg_ns":[325721],"wall_ns":340321,"stream_errors":0,"mb":1,"cmds_per_leg":2,"elements":0}
PCIE {"t_ms":1790727025898,"test":"conc","trial":23,"copy":"dma","cfg":"d2h","legs":1,"bytes_per_leg":2097152,"leg_ns":[310287],"wall_ns":324357,"stream_errors":0,"mb":1,"cmds_per_leg":2,"elements":0}
PCIE {"t_ms":1790727025899,"test":"conc","trial":23,"copy":"dma","cfg":"2xh2d/ser","legs":2,"bytes_per_leg":2097152,"leg_ns":[434970,448803],"wall_ns":463137,"stream_errors":0,"mb":1,"cmds_per_leg":2,"elements":0}
PCIE {"t_ms":1790727025899,"test":"conc","trial":24,"copy":"dma","cfg":"h2d","legs":1,"bytes_per_leg":2097152,"leg_ns":[415796],"wall_ns":430143,"stream_errors":0,"mb":1,"cmds_per_leg":2,"elements":0}
PCIE {"t_ms":1790727025900,"test":"conc","trial":24,"copy":"dma","cfg":"d2h/ser","legs":1,"bytes_per_leg":2097152,"leg_ns":[311114],"wall_ns":325674,"stream_errors":0,"mb":1,"cmds_per_leg":2,"elements":0}
PCIE {"t_ms":1790727025900,"test":"conc","trial":24,"copy":"dma","cfg":"h2d/ser","legs":1,"bytes_per_leg":2097152,"leg_ns":[304370],"wall_ns":318355,"stream_errors":0,"mb":1,"cmds_per_leg":2,"elements":0}
PCIE {"t_ms":1790727025900,"test":"conc","trial":24,"copy":"dma","cfg":"d2h","legs":1,"bytes_per_leg":2097152,"leg_ns":[338940],"wall_ns":353303,"stream_errors":0,"mb":1,"cmds_per_leg":2,"elements":0}
PCIE {"t_ms":1790727025901,"test":"conc","trial":24,"copy":"dma","cfg":"2xh2d/ser","legs":2,"bytes_per_leg":2097152,"leg_ns":[397094,513629],"wall_ns":527980,"stream_errors":0,"mb":1,"cmds_per_leg":2,"elements":0}
PCIE {"t_ms":1790727025901,"test":"done","which":"conc","elapsed_s":0.189535}
