PCIE {"t_ms":1790727030279,"test":"open","open_ns":134968415,"src":"PCIEBENCH_SRC_SHA256 main=27b7ed06330c4bae26cd24be189cdac0d67432cb52b1e8c7fca1116abda1aa5f args=8ae69bd7d46097957b638ff4c6630eb3e66d3cb0654b77d3bf55f3336c61c508 touch=92180a93c6dae0a1dce8c379156f827bd6588115777499dc45e64bf606b46ec0","link":[{"bdf":"0000:02:00.0","speed":"16.0 GT/s PCIe","width":"8","max_speed":"16.0 GT/s PCIe","max_width":"8","cma_allocated":"2057 MB"}]}
PCIE {"t_ms":1790727030397,"test":"conc","trial":0,"copy":"dma","cfg":"d2h/ser","legs":1,"bytes_per_leg":134217728,"leg_ns":[13547486],"wall_ns":13563991,"stream_errors":0,"mb":64,"cmds_per_leg":2,"elements":1}
PCIE {"t_ms":1790727030419,"test":"conc","trial":0,"copy":"dma","cfg":"2xh2d/ser","legs":2,"bytes_per_leg":134217728,"leg_ns":[16249472,21402959],"wall_ns":21418274,"stream_errors":0,"mb":64,"cmds_per_leg":2,"elements":1}
PCIE {"t_ms":1790727030430,"test":"conc","trial":0,"copy":"dma","cfg":"h2d/ser","legs":1,"bytes_per_leg":134217728,"leg_ns":[10764546],"wall_ns":10777976,"stream_errors":0,"mb":64,"cmds_per_leg":2,"elements":1}
PCIE {"t_ms":1790727030452,"test":"conc","trial":0,"copy":"dma","cfg":"h2d","legs":1,"bytes_per_leg":134217728,"leg_ns":[21919764],"wall_ns":21932737,"stream_errors":0,"mb":64,"cmds_per_leg":2,"elements":1}
PCIE {"t_ms":1790727030464,"test":"conc","trial":0,"copy":"dma","cfg":"d2h","legs":1,"bytes_per_leg":134217728,"leg_ns":[12051064],"wall_ns":12065977,"stream_errors":0,"mb":64,"cmds_per_leg":2,"elements":1}
PCIE {"t_ms":1790727030475,"test":"conc","trial":1,"copy":"dma","cfg":"h2d/ser","legs":1,"bytes_per_leg":134217728,"leg_ns":[10896604],"wall_ns":10909422,"stream_errors":0,"mb":64,"cmds_per_leg":2,"elements":1}
PCIE {"t_ms":1790727030496,"test":"conc","trial":1,"copy":"dma","cfg":"h2d","legs":1,"bytes_per_leg":134217728,"leg_ns":[21783032],"wall_ns":21796482,"stream_errors":0,"mb":64,"cmds_per_leg":2,"elements":1}
PCIE {"t_ms":1790727030518,"test":"conc","trial":1,"copy":"dma","cfg":"2xh2d/ser","legs":2,"bytes_per_leg":134217728,"leg_ns":[16175523,21452817],"wall_ns":21466059,"stream_errors":0,"mb":64,"cmds_per_leg":2,"elements":1}
PCIE {"t_ms":1790727030531,"test":"conc","trial":1,"copy":"dma","cfg":"d2h/ser","legs":1,"bytes_per_leg":134217728,"leg_ns":[13352588],"wall_ns":13367462,"stream_errors":0,"mb":64,"cmds_per_leg":2,"elements":1}
PCIE {"t_ms":1790727030543,"test":"conc","trial":1,"copy":"dma","cfg":"d2h","legs":1,"bytes_per_leg":134217728,"leg_ns":[11760709],"wall_ns":11773926,"stream_errors":0,"mb":64,"cmds_per_leg":2,"elements":1}
PCIE {"t_ms":1790727030565,"test":"conc","trial":2,"copy":"dma","cfg":"h2d","legs":1,"bytes_per_leg":134217728,"leg_ns":[21939885],"wall_ns":21957665,"stream_errors":0,"mb":64,"cmds_per_leg":2,"elements":1}
PCIE {"t_ms":1790727030576,"test":"conc","trial":2,"copy":"dma","cfg":"h2d/ser","legs":1,"bytes_per_leg":134217728,"leg_ns":[10857597],"wall_ns":10870516,"stream_errors":0,"mb":64,"cmds_per_leg":2,"elements":1}
PCIE {"t_ms":1790727030588,"test":"conc","trial":2,"copy":"dma","cfg":"d2h","legs":1,"bytes_per_leg":134217728,"leg_ns":[11970126],"wall_ns":11986841,"stream_errors":0,"mb":64,"cmds_per_leg":2,"elements":1}
PCIE {"t_ms":1790727030601,"test":"conc","trial":2,"copy":"dma","cfg":"d2h/ser","legs":1,"bytes_per_leg":134217728,"leg_ns":[13085274],"wall_ns":13097941,"stream_errors":0,"mb":64,"cmds_per_leg":2,"elements":1}
PCIE {"t_ms":1790727030622,"test":"conc","trial":2,"copy":"dma","cfg":"2xh2d/ser","legs":2,"bytes_per_leg":134217728,"leg_ns":[16192934,21498868],"wall_ns":21511753,"stream_errors":0,"mb":64,"cmds_per_leg":2,"elements":1}
PCIE {"t_ms":1790727030636,"test":"conc","trial":3,"copy":"dma","cfg":"d2h/ser","legs":1,"bytes_per_leg":134217728,"leg_ns":[13276926],"wall_ns":13289901,"stream_errors":0,"mb":64,"cmds_per_leg":2,"elements":1}
PCIE {"t_ms":1790727030647,"test":"conc","trial":3,"copy":"dma","cfg":"h2d/ser","legs":1,"bytes_per_leg":134217728,"leg_ns":[10860254],"wall_ns":10873138,"stream_errors":0,"mb":64,"cmds_per_leg":2,"elements":1}
PCIE {"t_ms":1790727030668,"test":"conc","trial":3,"copy":"dma","cfg":"2xh2d/ser","legs":2,"bytes_per_leg":134217728,"leg_ns":[16190132,21495449],"wall_ns":21508458,"stream_errors":0,"mb":64,"cmds_per_leg":2,"elements":1}
PCIE {"t_ms":1790727030690,"test":"conc","trial":3,"copy":"dma","cfg":"h2d","legs":1,"bytes_per_leg":134217728,"leg_ns":[21984658],"wall_ns":21997718,"stream_errors":0,"mb":64,"cmds_per_leg":2,"elements":1}
PCIE {"t_ms":1790727030702,"test":"conc","trial":3,"copy":"dma","cfg":"d2h","legs":1,"bytes_per_leg":134217728,"leg_ns":[11956148],"wall_ns":11969444,"stream_errors":0,"mb":64,"cmds_per_leg":2,"elements":1}
PCIE {"t_ms":1790727030724,"test":"conc","trial":4,"copy":"dma","cfg":"2xh2d/ser","legs":2,"bytes_per_leg":134217728,"leg_ns":[16198648,21403503],"wall_ns":21416561,"stream_errors":0,"mb":64,"cmds_per_leg":2,"elements":1}
PCIE {"t_ms":1790727030745,"test":"conc","trial":4,"copy":"dma","cfg":"h2d","legs":1,"bytes_per_leg":134217728,"leg_ns":[21782510],"wall_ns":21796113,"stream_errors":0,"mb":64,"cmds_per_leg":2,"elements":1}
PCIE {"t_ms":1790727030759,"test":"conc","trial":4,"copy":"dma","cfg":"d2h/ser","legs":1,"bytes_per_leg":134217728,"leg_ns":[13304381],"wall_ns":13318171,"stream_errors":0,"mb":64,"cmds_per_leg":2,"elements":1}
PCIE {"t_ms":1790727030770,"test":"conc","trial":4,"copy":"dma","cfg":"h2d/ser","legs":1,"bytes_per_leg":134217728,"leg_ns":[10835052],"wall_ns":10864891,"stream_errors":0,"mb":64,"cmds_per_leg":2,"elements":1}
PCIE {"t_ms":1790727030782,"test":"conc","trial":4,"copy":"dma","cfg":"d2h","legs":1,"bytes_per_leg":134217728,"leg_ns":[12125802],"wall_ns":12141077,"stream_errors":0,"mb":64,"cmds_per_leg":2,"elements":1}
PCIE {"t_ms":1790727030803,"test":"conc","trial":5,"copy":"dma","cfg":"2xh2d/ser","legs":2,"bytes_per_leg":134217728,"leg_ns":[16205225,21406982],"wall_ns":21420432,"stream_errors":0,"mb":64,"cmds_per_leg":2,"elements":1}
PCIE {"t_ms":1790727030816,"test":"conc","trial":5,"copy":"dma","cfg":"d2h/ser","legs":1,"bytes_per_leg":134217728,"leg_ns":[13305761],"wall_ns":13318705,"stream_errors":0,"mb":64,"cmds_per_leg":2,"elements":1}
PCIE {"t_ms":1790727030828,"test":"conc","trial":5,"copy":"dma","cfg":"d2h","legs":1,"bytes_per_leg":134217728,"leg_ns":[11874948],"wall_ns":11889284,"stream_errors":0,"mb":64,"cmds_per_leg":2,"elements":1}
PCIE {"t_ms":1790727030850,"test":"conc","trial":5,"copy":"dma","cfg":"h2d","legs":1,"bytes_per_leg":134217728,"leg_ns":[21976257],"wall_ns":21989016,"stream_errors":0,"mb":64,"cmds_per_leg":2,"elements":1}
PCIE {"t_ms":1790727030861,"test":"conc","trial":5,"copy":"dma","cfg":"h2d/ser","legs":1,"bytes_per_leg":134217728,"leg_ns":[10768664],"wall_ns":10781106,"stream_errors":0,"mb":64,"cmds_per_leg":2,"elements":1}
PCIE {"t_ms":1790727030875,"test":"conc","trial":6,"copy":"dma","cfg":"d2h/ser","legs":1,"bytes_per_leg":134217728,"leg_ns":[13390743],"wall_ns":13406528,"stream_errors":0,"mb":64,"cmds_per_leg":2,"elements":1}
PCIE {"t_ms":1790727030897,"test":"conc","trial":6,"copy":"dma","cfg":"h2d","legs":1,"bytes_per_leg":134217728,"leg_ns":[21982770],"wall_ns":21998549,"stream_errors":0,"mb":64,"cmds_per_leg":2,"elements":1}
PCIE {"t_ms":1790727030909,"test":"conc","trial":6,"copy":"dma","cfg":"d2h","legs":1,"bytes_per_leg":134217728,"leg_ns":[12123638],"wall_ns":12138814,"stream_errors":0,"mb":64,"cmds_per_leg":2,"elements":1}
PCIE {"t_ms":1790727030920,"test":"conc","trial":6,"copy":"dma","cfg":"h2d/ser","legs":1,"bytes_per_leg":134217728,"leg_ns":[10805664],"wall_ns":10818493,"stream_errors":0,"mb":64,"cmds_per_leg":2,"elements":1}
PCIE {"t_ms":1790727030941,"test":"conc","trial":6,"copy":"dma","cfg":"2xh2d/ser","legs":2,"bytes_per_leg":134217728,"leg_ns":[16157847,21464469],"wall_ns":21477677,"stream_errors":0,"mb":64,"cmds_per_leg":2,"elements":1}
PCIE {"t_ms":1790727030963,"test":"conc","trial":7,"copy":"dma","cfg":"h2d","legs":1,"bytes_per_leg":134217728,"leg_ns":[21885747],"wall_ns":21898278,"stream_errors":0,"mb":64,"cmds_per_leg":2,"elements":1}
PCIE {"t_ms":1790727030974,"test":"conc","trial":7,"copy":"dma","cfg":"h2d/ser","legs":1,"bytes_per_leg":134217728,"leg_ns":[10868578],"wall_ns":10881085,"stream_errors":0,"mb":64,"cmds_per_leg":2,"elements":1}
PCIE {"t_ms":1790727030986,"test":"conc","trial":7,"copy":"dma","cfg":"d2h","legs":1,"bytes_per_leg":134217728,"leg_ns":[12056791],"wall_ns":12069481,"stream_errors":0,"mb":64,"cmds_per_leg":2,"elements":1}
PCIE {"t_ms":1790727030999,"test":"conc","trial":7,"copy":"dma","cfg":"d2h/ser","legs":1,"bytes_per_leg":134217728,"leg_ns":[12969979],"wall_ns":12983244,"stream_errors":0,"mb":64,"cmds_per_leg":2,"elements":1}
PCIE {"t_ms":1790727031020,"test":"conc","trial":7,"copy":"dma","cfg":"2xh2d/ser","legs":2,"bytes_per_leg":134217728,"leg_ns":[16014305,21422198],"wall_ns":21435342,"stream_errors":0,"mb":64,"cmds_per_leg":2,"elements":1}
PCIE {"t_ms":1790727031042,"test":"conc","trial":8,"copy":"dma","cfg":"2xh2d/ser","legs":2,"bytes_per_leg":134217728,"leg_ns":[16185157,21463147],"wall_ns":21477441,"stream_errors":0,"mb":64,"cmds_per_leg":2,"elements":1}
PCIE {"t_ms":1790727031053,"test":"conc","trial":8,"copy":"dma","cfg":"h2d/ser","legs":1,"bytes_per_leg":134217728,"leg_ns":[10771822],"wall_ns":10784394,"stream_errors":0,"mb":64,"cmds_per_leg":2,"elements":1}
PCIE {"t_ms":1790727031075,"test":"conc","trial":8,"copy":"dma","cfg":"h2d","legs":1,"bytes_per_leg":134217728,"leg_ns":[21931419],"wall_ns":21949093,"stream_errors":0,"mb":64,"cmds_per_leg":2,"elements":1}
PCIE {"t_ms":1790727031088,"test":"conc","trial":8,"copy":"dma","cfg":"d2h/ser","legs":1,"bytes_per_leg":134217728,"leg_ns":[13380689],"wall_ns":13393446,"stream_errors":0,"mb":64,"cmds_per_leg":2,"elements":1}
PCIE {"t_ms":1790727031100,"test":"conc","trial":8,"copy":"dma","cfg":"d2h","legs":1,"bytes_per_leg":134217728,"leg_ns":[11824502],"wall_ns":11838280,"stream_errors":0,"mb":64,"cmds_per_leg":2,"elements":1}
PCIE {"t_ms":1790727031106,"test":"done","which":"conc","elapsed_s":0.961495}
