PCIE {"t_ms":1790727037062,"test":"open","open_ns":132186834,"src":"PCIEBENCH_SRC_SHA256 main=27b7ed06330c4bae26cd24be189cdac0d67432cb52b1e8c7fca1116abda1aa5f args=8ae69bd7d46097957b638ff4c6630eb3e66d3cb0654b77d3bf55f3336c61c508 touch=92180a93c6dae0a1dce8c379156f827bd6588115777499dc45e64bf606b46ec0","link":[{"bdf":"0000:02:00.0","speed":"16.0 GT/s PCIe","width":"8","max_speed":"16.0 GT/s PCIe","max_width":"8","cma_allocated":"2057 MB"}]}
PCIE {"t_ms":1790727037069,"test":"conc","trial":0,"copy":"dma","cfg":"d2h/ser","legs":1,"bytes_per_leg":8388608,"leg_ns":[1002622],"wall_ns":1017045,"stream_errors":0,"mb":4,"cmds_per_leg":2,"elements":0}
PCIE {"t_ms":1790727037071,"test":"conc","trial":0,"copy":"dma","cfg":"2xh2d/ser","legs":2,"bytes_per_leg":8388608,"leg_ns":[1248143,1575163],"wall_ns":1588322,"stream_errors":0,"mb":4,"cmds_per_leg":2,"elements":0}
PCIE {"t_ms":1790727037072,"test":"conc","trial":0,"copy":"dma","cfg":"h2d/ser","legs":1,"bytes_per_leg":8388608,"leg_ns":[905708],"wall_ns":918371,"stream_errors":0,"mb":4,"cmds_per_leg":2,"elements":0}
PCIE {"t_ms":1790727037073,"test":"conc","trial":0,"copy":"dma","cfg":"h2d","legs":1,"bytes_per_leg":8388608,"leg_ns":[1309227],"wall_ns":1321562,"stream_errors":0,"mb":4,"cmds_per_leg":2,"elements":0}
PCIE {"t_ms":1790727037074,"test":"conc","trial":0,"copy":"dma","cfg":"d2h","legs":1,"bytes_per_leg":8388608,"leg_ns":[953803],"wall_ns":966422,"stream_errors":0,"mb":4,"cmds_per_leg":2,"elements":0}
PCIE {"t_ms":1790727037075,"test":"conc","trial":1,"copy":"dma","cfg":"h2d/ser","legs":1,"bytes_per_leg":8388608,"leg_ns":[802641],"wall_ns":814803,"stream_errors":0,"mb":4,"cmds_per_leg":2,"elements":0}
PCIE {"t_ms":1790727037076,"test":"conc","trial":1,"copy":"dma","cfg":"h2d","legs":1,"bytes_per_leg":8388608,"leg_ns":[1468120],"wall_ns":1480313,"stream_errors":0,"mb":4,"cmds_per_leg":2,"elements":0}
PCIE {"t_ms":1790727037078,"test":"conc","trial":1,"copy":"dma","cfg":"2xh2d/ser","legs":2,"bytes_per_leg":8388608,"leg_ns":[1217892,1543911],"wall_ns":1556587,"stream_errors":0,"mb":4,"cmds_per_leg":2,"elements":0}
PCIE {"t_ms":1790727037079,"test":"conc","trial":1,"copy":"dma","cfg":"d2h/ser","legs":1,"bytes_per_leg":8388608,"leg_ns":[734720],"wall_ns":749941,"stream_errors":0,"mb":4,"cmds_per_leg":2,"elements":0}
PCIE {"t_ms":1790727037080,"test":"conc","trial":1,"copy":"dma","cfg":"d2h","legs":1,"bytes_per_leg":8388608,"leg_ns":[956163],"wall_ns":969735,"stream_errors":0,"mb":4,"cmds_per_leg":2,"elements":0}
PCIE {"t_ms":1790727037081,"test":"conc","trial":2,"copy":"dma","cfg":"h2d","legs":1,"bytes_per_leg":8388608,"leg_ns":[1501583],"wall_ns":1515117,"stream_errors":0,"mb":4,"cmds_per_leg":2,"elements":0}
PCIE {"t_ms":1790727037082,"test":"conc","trial":2,"copy":"dma","cfg":"h2d/ser","legs":1,"bytes_per_leg":8388608,"leg_ns":[842847],"wall_ns":856229,"stream_errors":0,"mb":4,"cmds_per_leg":2,"elements":0}
PCIE {"t_ms":1790727037083,"test":"conc","trial":2,"copy":"dma","cfg":"d2h","legs":1,"bytes_per_leg":8388608,"leg_ns":[909884],"wall_ns":923746,"stream_errors":0,"mb":4,"cmds_per_leg":2,"elements":0}
PCIE {"t_ms":1790727037084,"test":"conc","trial":2,"copy":"dma","cfg":"d2h/ser","legs":1,"bytes_per_leg":8388608,"leg_ns":[857655],"wall_ns":871270,"stream_errors":0,"mb":4,"cmds_per_leg":2,"elements":0}
PCIE {"t_ms":1790727037085,"test":"conc","trial":2,"copy":"dma","cfg":"2xh2d/ser","legs":2,"bytes_per_leg":8388608,"leg_ns":[1205849,1537251],"wall_ns":1551307,"stream_errors":0,"mb":4,"cmds_per_leg":2,"elements":0}
PCIE {"t_ms":1790727037086,"test":"conc","trial":3,"copy":"dma","cfg":"d2h/ser","legs":1,"bytes_per_leg":8388608,"leg_ns":[744824],"wall_ns":758372,"stream_errors":0,"mb":4,"cmds_per_leg":2,"elements":0}
PCIE {"t_ms":1790727037087,"test":"conc","trial":3,"copy":"dma","cfg":"h2d/ser","legs":1,"bytes_per_leg":8388608,"leg_ns":[825380],"wall_ns":839417,"stream_errors":0,"mb":4,"cmds_per_leg":2,"elements":0}
PCIE {"t_ms":1790727037089,"test":"conc","trial":3,"copy":"dma","cfg":"2xh2d/ser","legs":2,"bytes_per_leg":8388608,"leg_ns":[1210130,1491827],"wall_ns":1505592,"stream_errors":0,"mb":4,"cmds_per_leg":2,"elements":0}
PCIE {"t_ms":1790727037090,"test":"conc","trial":3,"copy":"dma","cfg":"h2d","legs":1,"bytes_per_leg":8388608,"leg_ns":[1461877],"wall_ns":1475645,"stream_errors":0,"mb":4,"cmds_per_leg":2,"elements":0}
PCIE {"t_ms":1790727037091,"test":"conc","trial":3,"copy":"dma","cfg":"d2h","legs":1,"bytes_per_leg":8388608,"leg_ns":[837996],"wall_ns":851293,"stream_errors":0,"mb":4,"cmds_per_leg":2,"elements":0}
PCIE {"t_ms":1790727037092,"test":"conc","trial":4,"copy":"dma","cfg":"2xh2d/ser","legs":2,"bytes_per_leg":8388608,"leg_ns":[1160822,1484689],"wall_ns":1498389,"stream_errors":0,"mb":4,"cmds_per_leg":2,"elements":0}
PCIE {"t_ms":1790727037094,"test":"conc","trial":4,"copy":"dma","cfg":"h2d","legs":1,"bytes_per_leg":8388608,"leg_ns":[1460942],"wall_ns":1474697,"stream_errors":0,"mb":4,"cmds_per_leg":2,"elements":0}
PCIE {"t_ms":1790727037095,"test":"conc","trial":4,"copy":"dma","cfg":"d2h/ser","legs":1,"bytes_per_leg":8388608,"leg_ns":[751284],"wall_ns":764727,"stream_errors":0,"mb":4,"cmds_per_leg":2,"elements":0}
PCIE {"t_ms":1790727037096,"test":"conc","trial":4,"copy":"dma","cfg":"h2d/ser","legs":1,"bytes_per_leg":8388608,"leg_ns":[824265],"wall_ns":837521,"stream_errors":0,"mb":4,"cmds_per_leg":2,"elements":0}
PCIE {"t_ms":1790727037096,"test":"conc","trial":4,"copy":"dma","cfg":"d2h","legs":1,"bytes_per_leg":8388608,"leg_ns":[857926],"wall_ns":871235,"stream_errors":0,"mb":4,"cmds_per_leg":2,"elements":0}
PCIE {"t_ms":1790727037098,"test":"conc","trial":5,"copy":"dma","cfg":"2xh2d/ser","legs":2,"bytes_per_leg":8388608,"leg_ns":[1131887,1557301],"wall_ns":1570953,"stream_errors":0,"mb":4,"cmds_per_leg":2,"elements":0}
PCIE {"t_ms":1790727037099,"test":"conc","trial":5,"copy":"dma","cfg":"d2h/ser","legs":1,"bytes_per_leg":8388608,"leg_ns":[755984],"wall_ns":769633,"stream_errors":0,"mb":4,"cmds_per_leg":2,"elements":0}
PCIE {"t_ms":1790727037100,"test":"conc","trial":5,"copy":"dma","cfg":"d2h","legs":1,"bytes_per_leg":8388608,"leg_ns":[837913],"wall_ns":851392,"stream_errors":0,"mb":4,"cmds_per_leg":2,"elements":0}
PCIE {"t_ms":1790727037101,"test":"conc","trial":5,"copy":"dma","cfg":"h2d","legs":1,"bytes_per_leg":8388608,"leg_ns":[1436741],"wall_ns":1450195,"stream_errors":0,"mb":4,"cmds_per_leg":2,"elements":0}
PCIE {"t_ms":1790727037102,"test":"conc","trial":5,"copy":"dma","cfg":"h2d/ser","legs":1,"bytes_per_leg":8388608,"leg_ns":[811068],"wall_ns":824413,"stream_errors":0,"mb":4,"cmds_per_leg":2,"elements":0}
PCIE {"t_ms":1790727037103,"test":"conc","trial":6,"copy":"dma","cfg":"d2h/ser","legs":1,"bytes_per_leg":8388608,"leg_ns":[766652],"wall_ns":780127,"stream_errors":0,"mb":4,"cmds_per_leg":2,"elements":0}
PCIE {"t_ms":1790727037104,"test":"conc","trial":6,"copy":"dma","cfg":"h2d","legs":1,"bytes_per_leg":8388608,"leg_ns":[1443308],"wall_ns":1456778,"stream_errors":0,"mb":4,"cmds_per_leg":2,"elements":0}
PCIE {"t_ms":1790727037105,"test":"conc","trial":6,"copy":"dma","cfg":"d2h","legs":1,"bytes_per_leg":8388608,"leg_ns":[898297],"wall_ns":911715,"stream_errors":0,"mb":4,"cmds_per_leg":2,"elements":0}
PCIE {"t_ms":1790727037106,"test":"conc","trial":6,"copy":"dma","cfg":"h2d/ser","legs":1,"bytes_per_leg":8388608,"leg_ns":[807510],"wall_ns":821178,"stream_errors":0,"mb":4,"cmds_per_leg":2,"elements":0}
PCIE {"t_ms":1790727037107,"test":"conc","trial":6,"copy":"dma","cfg":"2xh2d/ser","legs":2,"bytes_per_leg":8388608,"leg_ns":[1173651,1499346],"wall_ns":1512848,"stream_errors":0,"mb":4,"cmds_per_leg":2,"elements":0}
PCIE {"t_ms":1790727037109,"test":"conc","trial":7,"copy":"dma","cfg":"h2d","legs":1,"bytes_per_leg":8388608,"leg_ns":[1455151],"wall_ns":1468495,"stream_errors":0,"mb":4,"cmds_per_leg":2,"elements":0}
PCIE {"t_ms":1790727037110,"test":"conc","trial":7,"copy":"dma","cfg":"h2d/ser","legs":1,"bytes_per_leg":8388608,"leg_ns":[860698],"wall_ns":873935,"stream_errors":0,"mb":4,"cmds_per_leg":2,"elements":0}
PCIE {"t_ms":1790727037111,"test":"conc","trial":7,"copy":"dma","cfg":"d2h","legs":1,"bytes_per_leg":8388608,"leg_ns":[858202],"wall_ns":871860,"stream_errors":0,"mb":4,"cmds_per_leg":2,"elements":0}
PCIE {"t_ms":1790727037111,"test":"conc","trial":7,"copy":"dma","cfg":"d2h/ser","legs":1,"bytes_per_leg":8388608,"leg_ns":[724370],"wall_ns":737722,"stream_errors":0,"mb":4,"cmds_per_leg":2,"elements":0}
PCIE {"t_ms":1790727037113,"test":"conc","trial":7,"copy":"dma","cfg":"2xh2d/ser","legs":2,"bytes_per_leg":8388608,"leg_ns":[1116932,1442987],"wall_ns":1456529,"stream_errors":0,"mb":4,"cmds_per_leg":2,"elements":0}
PCIE {"t_ms":1790727037114,"test":"conc","trial":8,"copy":"dma","cfg":"2xh2d/ser","legs":2,"bytes_per_leg":8388608,"leg_ns":[1174819,1497589],"wall_ns":1511482,"stream_errors":0,"mb":4,"cmds_per_leg":2,"elements":0}
PCIE {"t_ms":1790727037115,"test":"conc","trial":8,"copy":"dma","cfg":"h2d/ser","legs":1,"bytes_per_leg":8388608,"leg_ns":[801869],"wall_ns":815392,"stream_errors":0,"mb":4,"cmds_per_leg":2,"elements":0}
PCIE {"t_ms":1790727037117,"test":"conc","trial":8,"copy":"dma","cfg":"h2d","legs":1,"bytes_per_leg":8388608,"leg_ns":[1461419],"wall_ns":1474805,"stream_errors":0,"mb":4,"cmds_per_leg":2,"elements":0}
PCIE {"t_ms":1790727037118,"test":"conc","trial":8,"copy":"dma","cfg":"d2h/ser","legs":1,"bytes_per_leg":8388608,"leg_ns":[748810],"wall_ns":762236,"stream_errors":0,"mb":4,"cmds_per_leg":2,"elements":0}
PCIE {"t_ms":1790727037118,"test":"conc","trial":8,"copy":"dma","cfg":"d2h","legs":1,"bytes_per_leg":8388608,"leg_ns":[863574],"wall_ns":877451,"stream_errors":0,"mb":4,"cmds_per_leg":2,"elements":0}
PCIE {"t_ms":1790727037119,"test":"conc","trial":9,"copy":"dma","cfg":"d2h/ser","legs":1,"bytes_per_leg":8388608,"leg_ns":[723796],"wall_ns":737201,"stream_errors":0,"mb":4,"cmds_per_leg":2,"elements":0}
PCIE {"t_ms":1790727037121,"test":"conc","trial":9,"copy":"dma","cfg":"h2d","legs":1,"bytes_per_leg":8388608,"leg_ns":[1478581],"wall_ns":1491988,"stream_errors":0,"mb":4,"cmds_per_leg":2,"elements":0}
PCIE {"t_ms":1790727037121,"test":"conc","trial":9,"copy":"dma","cfg":"h2d/ser","legs":1,"bytes_per_leg":8388608,"leg_ns":[775417],"wall_ns":788767,"stream_errors":0,"mb":4,"cmds_per_leg":2,"elements":0}
PCIE {"t_ms":1790727037123,"test":"conc","trial":9,"copy":"dma","cfg":"2xh2d/ser","legs":2,"bytes_per_leg":8388608,"leg_ns":[1168640,1494576],"wall_ns":1507985,"stream_errors":0,"mb":4,"cmds_per_leg":2,"elements":0}
PCIE {"t_ms":1790727037124,"test":"conc","trial":9,"copy":"dma","cfg":"d2h","legs":1,"bytes_per_leg":8388608,"leg_ns":[915725],"wall_ns":929684,"stream_errors":0,"mb":4,"cmds_per_leg":2,"elements":0}
PCIE {"t_ms":1790727037125,"test":"conc","trial":10,"copy":"dma","cfg":"h2d/ser","legs":1,"bytes_per_leg":8388608,"leg_ns":[814106],"wall_ns":826864,"stream_errors":0,"mb":4,"cmds_per_leg":2,"elements":0}
PCIE {"t_ms":1790727037126,"test":"conc","trial":10,"copy":"dma","cfg":"h2d","legs":1,"bytes_per_leg":8388608,"leg_ns":[1521207],"wall_ns":1534763,"stream_errors":0,"mb":4,"cmds_per_leg":2,"elements":0}
PCIE {"t_ms":1790727037127,"test":"conc","trial":10,"copy":"dma","cfg":"d2h/ser","legs":1,"bytes_per_leg":8388608,"leg_ns":[759847],"wall_ns":772995,"stream_errors":0,"mb":4,"cmds_per_leg":2,"elements":0}
PCIE {"t_ms":1790727037128,"test":"conc","trial":10,"copy":"dma","cfg":"d2h","legs":1,"bytes_per_leg":8388608,"leg_ns":[908095],"wall_ns":921592,"stream_errors":0,"mb":4,"cmds_per_leg":2,"elements":0}
PCIE {"t_ms":1790727037129,"test":"conc","trial":10,"copy":"dma","cfg":"2xh2d/ser","legs":2,"bytes_per_leg":8388608,"leg_ns":[1152674,1477997],"wall_ns":1492661,"stream_errors":0,"mb":4,"cmds_per_leg":2,"elements":0}
PCIE {"t_ms":1790727037131,"test":"conc","trial":11,"copy":"dma","cfg":"2xh2d/ser","legs":2,"bytes_per_leg":8388608,"leg_ns":[1143193,1563893],"wall_ns":1578834,"stream_errors":0,"mb":4,"cmds_per_leg":2,"elements":0}
PCIE {"t_ms":1790727037133,"test":"conc","trial":11,"copy":"dma","cfg":"h2d","legs":1,"bytes_per_leg":8388608,"leg_ns":[1465553],"wall_ns":1478868,"stream_errors":0,"mb":4,"cmds_per_leg":2,"elements":0}
PCIE {"t_ms":1790727037133,"test":"conc","trial":11,"copy":"dma","cfg":"d2h","legs":1,"bytes_per_leg":8388608,"leg_ns":[915399],"wall_ns":928821,"stream_errors":0,"mb":4,"cmds_per_leg":2,"elements":0}
PCIE {"t_ms":1790727037134,"test":"conc","trial":11,"copy":"dma","cfg":"d2h/ser","legs":1,"bytes_per_leg":8388608,"leg_ns":[735595],"wall_ns":748536,"stream_errors":0,"mb":4,"cmds_per_leg":2,"elements":0}
PCIE {"t_ms":1790727037135,"test":"conc","trial":11,"copy":"dma","cfg":"h2d/ser","legs":1,"bytes_per_leg":8388608,"leg_ns":[800278],"wall_ns":813996,"stream_errors":0,"mb":4,"cmds_per_leg":2,"elements":0}
PCIE {"t_ms":1790727037137,"test":"conc","trial":12,"copy":"dma","cfg":"h2d","legs":1,"bytes_per_leg":8388608,"leg_ns":[1460278],"wall_ns":1473689,"stream_errors":0,"mb":4,"cmds_per_leg":2,"elements":0}
PCIE {"t_ms":1790727037137,"test":"conc","trial":12,"copy":"dma","cfg":"d2h","legs":1,"bytes_per_leg":8388608,"leg_ns":[815095],"wall_ns":828701,"stream_errors":0,"mb":4,"cmds_per_leg":2,"elements":0}
PCIE {"t_ms":1790727037139,"test":"conc","trial":12,"copy":"dma","cfg":"2xh2d/ser","legs":2,"bytes_per_leg":8388608,"leg_ns":[1163562,1489596],"wall_ns":1503421,"stream_errors":0,"mb":4,"cmds_per_leg":2,"elements":0}
PCIE {"t_ms":1790727037140,"test":"conc","trial":12,"copy":"dma","cfg":"d2h/ser","legs":1,"bytes_per_leg":8388608,"leg_ns":[738555],"wall_ns":752231,"stream_errors":0,"mb":4,"cmds_per_leg":2,"elements":0}
PCIE {"t_ms":1790727037140,"test":"conc","trial":12,"copy":"dma","cfg":"h2d/ser","legs":1,"bytes_per_leg":8388608,"leg_ns":[818515],"wall_ns":832138,"stream_errors":0,"mb":4,"cmds_per_leg":2,"elements":0}
PCIE {"t_ms":1790727037141,"test":"conc","trial":13,"copy":"dma","cfg":"d2h","legs":1,"bytes_per_leg":8388608,"leg_ns":[849864],"wall_ns":863418,"stream_errors":0,"mb":4,"cmds_per_leg":2,"elements":0}
PCIE {"t_ms":1790727037143,"test":"conc","trial":13,"copy":"dma","cfg":"h2d","legs":1,"bytes_per_leg":8388608,"leg_ns":[1480920],"wall_ns":1494366,"stream_errors":0,"mb":4,"cmds_per_leg":2,"elements":0}
PCIE {"t_ms":1790727037144,"test":"conc","trial":13,"copy":"dma","cfg":"2xh2d/ser","legs":2,"bytes_per_leg":8388608,"leg_ns":[1175445,1502273],"wall_ns":1517397,"stream_errors":0,"mb":4,"cmds_per_leg":2,"elements":0}
PCIE {"t_ms":1790727037145,"test":"conc","trial":13,"copy":"dma","cfg":"d2h/ser","legs":1,"bytes_per_leg":8388608,"leg_ns":[751643],"wall_ns":765505,"stream_errors":0,"mb":4,"cmds_per_leg":2,"elements":0}
PCIE {"t_ms":1790727037146,"test":"conc","trial":13,"copy":"dma","cfg":"h2d/ser","legs":1,"bytes_per_leg":8388608,"leg_ns":[779222],"wall_ns":792780,"stream_errors":0,"mb":4,"cmds_per_leg":2,"elements":0}
PCIE {"t_ms":1790727037147,"test":"conc","trial":14,"copy":"dma","cfg":"2xh2d/ser","legs":2,"bytes_per_leg":8388608,"leg_ns":[1172281,1499860],"wall_ns":1513365,"stream_errors":0,"mb":4,"cmds_per_leg":2,"elements":0}
PCIE {"t_ms":1790727037148,"test":"conc","trial":14,"copy":"dma","cfg":"d2h","legs":1,"bytes_per_leg":8388608,"leg_ns":[845290],"wall_ns":858956,"stream_errors":0,"mb":4,"cmds_per_leg":2,"elements":0}
PCIE {"t_ms":1790727037149,"test":"conc","trial":14,"copy":"dma","cfg":"d2h/ser","legs":1,"bytes_per_leg":8388608,"leg_ns":[813569],"wall_ns":826494,"stream_errors":0,"mb":4,"cmds_per_leg":2,"elements":0}
PCIE {"t_ms":1790727037151,"test":"conc","trial":14,"copy":"dma","cfg":"h2d","legs":1,"bytes_per_leg":8388608,"leg_ns":[1448479],"wall_ns":1462078,"stream_errors":0,"mb":4,"cmds_per_leg":2,"elements":0}
PCIE {"t_ms":1790727037151,"test":"conc","trial":14,"copy":"dma","cfg":"h2d/ser","legs":1,"bytes_per_leg":8388608,"leg_ns":[840799],"wall_ns":854245,"stream_errors":0,"mb":4,"cmds_per_leg":2,"elements":0}
PCIE {"t_ms":1790727037152,"test":"conc","trial":15,"copy":"dma","cfg":"d2h","legs":1,"bytes_per_leg":8388608,"leg_ns":[849995],"wall_ns":863555,"stream_errors":0,"mb":4,"cmds_per_leg":2,"elements":0}
PCIE {"t_ms":1790727037153,"test":"conc","trial":15,"copy":"dma","cfg":"h2d/ser","legs":1,"bytes_per_leg":8388608,"leg_ns":[832054],"wall_ns":845616,"stream_errors":0,"mb":4,"cmds_per_leg":2,"elements":0}
PCIE {"t_ms":1790727037155,"test":"conc","trial":15,"copy":"dma","cfg":"h2d","legs":1,"bytes_per_leg":8388608,"leg_ns":[1501291],"wall_ns":1514987,"stream_errors":0,"mb":4,"cmds_per_leg":2,"elements":0}
PCIE {"t_ms":1790727037156,"test":"conc","trial":15,"copy":"dma","cfg":"2xh2d/ser","legs":2,"bytes_per_leg":8388608,"leg_ns":[1179831,1501795],"wall_ns":1516416,"stream_errors":0,"mb":4,"cmds_per_leg":2,"elements":0}
PCIE {"t_ms":1790727037157,"test":"conc","trial":15,"copy":"dma","cfg":"d2h/ser","legs":1,"bytes_per_leg":8388608,"leg_ns":[748616],"wall_ns":762176,"stream_errors":0,"mb":4,"cmds_per_leg":2,"elements":0}
PCIE {"t_ms":1790727037158,"test":"conc","trial":16,"copy":"dma","cfg":"d2h","legs":1,"bytes_per_leg":8388608,"leg_ns":[895848],"wall_ns":908980,"stream_errors":0,"mb":4,"cmds_per_leg":2,"elements":0}
PCIE {"t_ms":1790727037159,"test":"conc","trial":16,"copy":"dma","cfg":"d2h/ser","legs":1,"bytes_per_leg":8388608,"leg_ns":[739637],"wall_ns":753019,"stream_errors":0,"mb":4,"cmds_per_leg":2,"elements":0}
PCIE {"t_ms":1790727037160,"test":"conc","trial":16,"copy":"dma","cfg":"2xh2d/ser","legs":2,"bytes_per_leg":8388608,"leg_ns":[1159442,1481763],"wall_ns":1495490,"stream_errors":0,"mb":4,"cmds_per_leg":2,"elements":0}
PCIE {"t_ms":1790727037161,"test":"conc","trial":16,"copy":"dma","cfg":"h2d/ser","legs":1,"bytes_per_leg":8388608,"leg_ns":[811785],"wall_ns":825437,"stream_errors":0,"mb":4,"cmds_per_leg":2,"elements":0}
PCIE {"t_ms":1790727037163,"test":"conc","trial":16,"copy":"dma","cfg":"h2d","legs":1,"bytes_per_leg":8388608,"leg_ns":[1459349],"wall_ns":1472693,"stream_errors":0,"mb":4,"cmds_per_leg":2,"elements":0}
PCIE {"t_ms":1790727037164,"test":"conc","trial":17,"copy":"dma","cfg":"2xh2d/ser","legs":2,"bytes_per_leg":8388608,"leg_ns":[1142362,1465677],"wall_ns":1479252,"stream_errors":0,"mb":4,"cmds_per_leg":2,"elements":0}
PCIE {"t_ms":1790727037165,"test":"conc","trial":17,"copy":"dma","cfg":"d2h","legs":1,"bytes_per_leg":8388608,"leg_ns":[817003],"wall_ns":830709,"stream_errors":0,"mb":4,"cmds_per_leg":2,"elements":0}
PCIE {"t_ms":1790727037166,"test":"conc","trial":17,"copy":"dma","cfg":"h2d","legs":1,"bytes_per_leg":8388608,"leg_ns":[1552579],"wall_ns":1566885,"stream_errors":0,"mb":4,"cmds_per_leg":2,"elements":0}
PCIE {"t_ms":1790727037167,"test":"conc","trial":17,"copy":"dma","cfg":"h2d/ser","legs":1,"bytes_per_leg":8388608,"leg_ns":[812076],"wall_ns":826615,"stream_errors":0,"mb":4,"cmds_per_leg":2,"elements":0}
PCIE {"t_ms":1790727037168,"test":"conc","trial":17,"copy":"dma","cfg":"d2h/ser","legs":1,"bytes_per_leg":8388608,"leg_ns":[751911],"wall_ns":765531,"stream_errors":0,"mb":4,"cmds_per_leg":2,"elements":0}
PCIE {"t_ms":1790727037170,"test":"conc","trial":18,"copy":"dma","cfg":"h2d","legs":1,"bytes_per_leg":8388608,"leg_ns":[1513504],"wall_ns":1527194,"stream_errors":0,"mb":4,"cmds_per_leg":2,"elements":0}
PCIE {"t_ms":1790727037170,"test":"conc","trial":18,"copy":"dma","cfg":"h2d/ser","legs":1,"bytes_per_leg":8388608,"leg_ns":[842812],"wall_ns":856160,"stream_errors":0,"mb":4,"cmds_per_leg":2,"elements":0}
PCIE {"t_ms":1790727037172,"test":"conc","trial":18,"copy":"dma","cfg":"2xh2d/ser","legs":2,"bytes_per_leg":8388608,"leg_ns":[1148199,1465341],"wall_ns":1478925,"stream_errors":0,"mb":4,"cmds_per_leg":2,"elements":0}
PCIE {"t_ms":1790727037173,"test":"conc","trial":18,"copy":"dma","cfg":"d2h/ser","legs":1,"bytes_per_leg":8388608,"leg_ns":[753607],"wall_ns":766917,"stream_errors":0,"mb":4,"cmds_per_leg":2,"elements":0}
PCIE {"t_ms":1790727037174,"test":"conc","trial":18,"copy":"dma","cfg":"d2h","legs":1,"bytes_per_leg":8388608,"leg_ns":[828084],"wall_ns":841454,"stream_errors":0,"mb":4,"cmds_per_leg":2,"elements":0}
PCIE {"t_ms":1790727037174,"test":"conc","trial":19,"copy":"dma","cfg":"h2d/ser","legs":1,"bytes_per_leg":8388608,"leg_ns":[805721],"wall_ns":819148,"stream_errors":0,"mb":4,"cmds_per_leg":2,"elements":0}
PCIE {"t_ms":1790727037175,"test":"conc","trial":19,"copy":"dma","cfg":"d2h","legs":1,"bytes_per_leg":8388608,"leg_ns":[847357],"wall_ns":860799,"stream_errors":0,"mb":4,"cmds_per_leg":2,"elements":0}
PCIE {"t_ms":1790727037177,"test":"conc","trial":19,"copy":"dma","cfg":"2xh2d/ser","legs":2,"bytes_per_leg":8388608,"leg_ns":[1129976,1456964],"wall_ns":1470527,"stream_errors":0,"mb":4,"cmds_per_leg":2,"elements":0}
PCIE {"t_ms":1790727037178,"test":"conc","trial":19,"copy":"dma","cfg":"h2d","legs":1,"bytes_per_leg":8388608,"leg_ns":[1524362],"wall_ns":1539105,"stream_errors":0,"mb":4,"cmds_per_leg":2,"elements":0}
PCIE {"t_ms":1790727037179,"test":"conc","trial":19,"copy":"dma","cfg":"d2h/ser","legs":1,"bytes_per_leg":8388608,"leg_ns":[747211],"wall_ns":760702,"stream_errors":0,"mb":4,"cmds_per_leg":2,"elements":0}
PCIE {"t_ms":1790727037181,"test":"conc","trial":20,"copy":"dma","cfg":"2xh2d/ser","legs":2,"bytes_per_leg":8388608,"leg_ns":[1156436,1479786],"wall_ns":1493508,"stream_errors":0,"mb":4,"cmds_per_leg":2,"elements":0}
PCIE {"t_ms":1790727037182,"test":"conc","trial":20,"copy":"dma","cfg":"h2d","legs":1,"bytes_per_leg":8388608,"leg_ns":[1508323],"wall_ns":1524088,"stream_errors":0,"mb":4,"cmds_per_leg":2,"elements":0}
PCIE {"t_ms":1790727037183,"test":"conc","trial":20,"copy":"dma","cfg":"d2h/ser","legs":1,"bytes_per_leg":8388608,"leg_ns":[744059],"wall_ns":758037,"stream_errors":0,"mb":4,"cmds_per_leg":2,"elements":0}
PCIE {"t_ms":1790727037184,"test":"conc","trial":20,"copy":"dma","cfg":"h2d/ser","legs":1,"bytes_per_leg":8388608,"leg_ns":[823079],"wall_ns":836714,"stream_errors":0,"mb":4,"cmds_per_leg":2,"elements":0}
PCIE {"t_ms":1790727037185,"test":"conc","trial":20,"copy":"dma","cfg":"d2h","legs":1,"bytes_per_leg":8388608,"leg_ns":[840834],"wall_ns":853980,"stream_errors":0,"mb":4,"cmds_per_leg":2,"elements":0}
PCIE {"t_ms":1790727037185,"test":"conc","trial":21,"copy":"dma","cfg":"h2d/ser","legs":1,"bytes_per_leg":8388608,"leg_ns":[807680],"wall_ns":821016,"stream_errors":0,"mb":4,"cmds_per_leg":2,"elements":0}
PCIE {"t_ms":1790727037187,"test":"conc","trial":21,"copy":"dma","cfg":"2xh2d/ser","legs":2,"bytes_per_leg":8388608,"leg_ns":[1173466,1498086],"wall_ns":1511899,"stream_errors":0,"mb":4,"cmds_per_leg":2,"elements":0}
PCIE {"t_ms":1790727037188,"test":"conc","trial":21,"copy":"dma","cfg":"d2h/ser","legs":1,"bytes_per_leg":8388608,"leg_ns":[739018],"wall_ns":752717,"stream_errors":0,"mb":4,"cmds_per_leg":2,"elements":0}
PCIE {"t_ms":1790727037188,"test":"conc","trial":21,"copy":"dma","cfg":"d2h","legs":1,"bytes_per_leg":8388608,"leg_ns":[827090],"wall_ns":842084,"stream_errors":0,"mb":4,"cmds_per_leg":2,"elements":0}
PCIE {"t_ms":1790727037190,"test":"conc","trial":21,"copy":"dma","cfg":"h2d","legs":1,"bytes_per_leg":8388608,"leg_ns":[1449498],"wall_ns":1463125,"stream_errors":0,"mb":4,"cmds_per_leg":2,"elements":0}
PCIE {"t_ms":1790727037191,"test":"conc","trial":22,"copy":"dma","cfg":"2xh2d/ser","legs":2,"bytes_per_leg":8388608,"leg_ns":[1175192,1500305],"wall_ns":1514117,"stream_errors":0,"mb":4,"cmds_per_leg":2,"elements":0}
PCIE {"t_ms":1790727037192,"test":"conc","trial":22,"copy":"dma","cfg":"d2h","legs":1,"bytes_per_leg":8388608,"leg_ns":[846666],"wall_ns":860117,"stream_errors":0,"mb":4,"cmds_per_leg":2,"elements":0}
PCIE {"t_ms":1790727037193,"test":"conc","trial":22,"copy":"dma","cfg":"h2d/ser","legs":1,"bytes_per_leg":8388608,"leg_ns":[788279],"wall_ns":801836,"stream_errors":0,"mb":4,"cmds_per_leg":2,"elements":0}
PCIE {"t_ms":1790727037195,"test":"conc","trial":22,"copy":"dma","cfg":"h2d","legs":1,"bytes_per_leg":8388608,"leg_ns":[1462351],"wall_ns":1475917,"stream_errors":0,"mb":4,"cmds_per_leg":2,"elements":0}
PCIE {"t_ms":1790727037195,"test":"conc","trial":22,"copy":"dma","cfg":"d2h/ser","legs":1,"bytes_per_leg":8388608,"leg_ns":[750534],"wall_ns":763507,"stream_errors":0,"mb":4,"cmds_per_leg":2,"elements":0}
PCIE {"t_ms":1790727037196,"test":"conc","trial":23,"copy":"dma","cfg":"h2d/ser","legs":1,"bytes_per_leg":8388608,"leg_ns":[826291],"wall_ns":839931,"stream_errors":0,"mb":4,"cmds_per_leg":2,"elements":0}
PCIE {"t_ms":1790727037198,"test":"conc","trial":23,"copy":"dma","cfg":"h2d","legs":1,"bytes_per_leg":8388608,"leg_ns":[1462859],"wall_ns":1478045,"stream_errors":0,"mb":4,"cmds_per_leg":2,"elements":0}
PCIE {"t_ms":1790727037199,"test":"conc","trial":23,"copy":"dma","cfg":"d2h/ser","legs":1,"bytes_per_leg":8388608,"leg_ns":[746943],"wall_ns":760344,"stream_errors":0,"mb":4,"cmds_per_leg":2,"elements":0}
PCIE {"t_ms":1790727037199,"test":"conc","trial":23,"copy":"dma","cfg":"d2h","legs":1,"bytes_per_leg":8388608,"leg_ns":[823695],"wall_ns":839251,"stream_errors":0,"mb":4,"cmds_per_leg":2,"elements":0}
PCIE {"t_ms":1790727037201,"test":"conc","trial":23,"copy":"dma","cfg":"2xh2d/ser","legs":2,"bytes_per_leg":8388608,"leg_ns":[1214662,1545757],"wall_ns":1560204,"stream_errors":0,"mb":4,"cmds_per_leg":2,"elements":0}
PCIE {"t_ms":1790727037202,"test":"conc","trial":24,"copy":"dma","cfg":"h2d","legs":1,"bytes_per_leg":8388608,"leg_ns":[1528087],"wall_ns":1544049,"stream_errors":0,"mb":4,"cmds_per_leg":2,"elements":0}
PCIE {"t_ms":1790727037203,"test":"conc","trial":24,"copy":"dma","cfg":"d2h/ser","legs":1,"bytes_per_leg":8388608,"leg_ns":[859085],"wall_ns":872651,"stream_errors":0,"mb":4,"cmds_per_leg":2,"elements":0}
PCIE {"t_ms":1790727037204,"test":"conc","trial":24,"copy":"dma","cfg":"h2d/ser","legs":1,"bytes_per_leg":8388608,"leg_ns":[826851],"wall_ns":841097,"stream_errors":0,"mb":4,"cmds_per_leg":2,"elements":0}
PCIE {"t_ms":1790727037205,"test":"conc","trial":24,"copy":"dma","cfg":"d2h","legs":1,"bytes_per_leg":8388608,"leg_ns":[827944],"wall_ns":841676,"stream_errors":0,"mb":4,"cmds_per_leg":2,"elements":0}
PCIE {"t_ms":1790727037207,"test":"conc","trial":24,"copy":"dma","cfg":"2xh2d/ser","legs":2,"bytes_per_leg":8388608,"leg_ns":[1158685,1485953],"wall_ns":1500429,"stream_errors":0,"mb":4,"cmds_per_leg":2,"elements":0}
PCIE {"t_ms":1790727037207,"test":"done","which":"conc","elapsed_s":0.277815}
