aifoundry3: 130 configurations x 1 passes, at most 22 min; host build/enercat_v2/host/enercat_host
pass 0 fmul.pi/random/h2: 8 launches (die 56 -> 56 C, 0 heater)
pass 0 fsw/zeros/h2: 8 launches (die 59 -> 59 C, 0 heater)
pass 0 mulhu/random/h2: 8 launches (die 58 -> 58 C, 0 heater)
pass 0 l1fill/stride32/zeros: 8 launches (die 57 -> 57 C, 0 heater)
pass 0 ffrc.ps/zeros/h2: 8 launches (die 57 -> 57 C, 0 heater)
pass 0 sraw/random/h2: 8 launches (die 58 -> 58 C, 0 heater)
pass 0 fnot.pi/random/h2: 8 launches (die 57 -> 57 C, 0 heater)
pass 0 bltu_data/zeros/h2: 8 launches (die 58 -> 58 C, 0 heater)
pass 0 fmax.ps/zeros/h2: 8 launches (die 57 -> 57 C, 0 heater)
pass 0 lhu/random/h2: 8 launches (die 58 -> 58 C, 0 heater)
pass 0 fsll.pi/random/h2: 8 launches (die 57 -> 57 C, 0 heater)
pass 0 fadd.ps/random/h2: 8 launches (die 58 -> 58 C, 0 heater)
pass 0 flw.ps/zeros/h2: 8 launches (die 60 -> 60 C, 0 heater)
pass 0 fswl.ps/zeros/h2: 8 launches (die 58 -> 58 C, 0 heater)
pass 0 srl/zeros/h2: 8 launches (die 58 -> 58 C, 0 heater)
pass 0 neigh/3/random: 8 launches (die 58 -> 58 C, 0 heater)
pass 0 slti/zeros/h2: 8 launches (die 58 -> 58 C, 0 heater)
pass 0 amoaddl.d/zeros/h2: 8 launches (die 57 -> 57 C, 0 heater)
pass 0 dramrow2/seq/random: 8 launches (die 58 -> 58 C, 0 heater)
pass 0 auipc/random/h2: 8 launches (die 57 -> 57 C, 0 heater)
pass 0 fcvt.wu.s/zeros/h2: 8 launches (die 57 -> 57 C, 0 heater)
pass 0 fltm.ps/random/h2: 8 launches (die 57 -> 57 C, 0 heater)
pass 0 lbu/zeros/h2: 8 launches (die 58 -> 58 C, 0 heater)
pass 0 fmv.w.x/zeros/h2: 8 launches (die 57 -> 57 C, 0 heater)
pass 0 wire/hop6/zeros: 8 launches (die 58 -> 58 C, 0 heater)
pass 0 for.pi/zeros/h2: 8 launches (die 58 -> 58 C, 0 heater)
pass 0 flw/zeros/h2: 8 launches (die 58 -> 58 C, 0 heater)
pass 0 remu/zeros/h2: 8 launches (die 58 -> 58 C, 0 heater)
pass 0 sllw/zeros/h2: 8 launches (die 57 -> 57 C, 0 heater)
pass 0 fslli.pi/random/h2: 8 launches (die 57 -> 57 C, 0 heater)
pass 0 addi_norvc/random/h2: 8 launches (die 58 -> 58 C, 0 heater)
pass 0 subw/zeros/h2: 8 launches (die 58 -> 58 C, 0 heater)
pass 0 amoaddg.d/random/h2: 8 launches (die 57 -> 57 C, 0 heater)
pass 0 fsub.ps/random/h2: 8 launches (die 58 -> 58 C, 0 heater)
pass 0 fsgnjn.ps/zeros/h2: 8 launches (die 60 -> 60 C, 0 heater)
pass 0 csrr_fccnb/random/h2: 8 launches (die 58 -> 58 C, 0 heater)
pass 0 neigh/0/random: 8 launches (die 58 -> 58 C, 0 heater)
pass 0 flt.ps/zeros/h2: 8 launches (die 58 -> 58 C, 0 heater)
pass 0 fpackrepb.pi/random/h2: 8 launches (die 59 -> 59 C, 0 heater)
pass 0 fltm.ps/zeros/h2: 8 launches (die 59 -> 59 C, 0 heater)
pass 0 dramrow/stride8K/zeros: 8 launches (die 58 -> 58 C, 0 heater)
pass 0 fsrai.pi/zeros/h2: 8 launches (die 59 -> 59 C, 0 heater)
pass 0 remw/random/h2: 8 launches (die 58 -> 58 C, 0 heater)
pass 0 fnmadd.s/zeros/h2: 8 launches (die 58 -> 58 C, 0 heater)
pass 0 fandi.pi/zeros/h2: 8 launches (die 59 -> 59 C, 0 heater)
pass 0 srlw/zeros/h2: 8 launches (die 58 -> 58 C, 0 heater)
pass 0 fle.pi/random/h2: 8 launches (die 58 -> 58 C, 0 heater)
pass 0 neigh/2/random: 8 launches (die 59 -> 59 C, 0 heater)
pass 0 fsgnjn.ps/random/h2: 8 launches (die 58 -> 58 C, 0 heater)
pass 0 amoaddg.w/zeros/h2: 8 launches (die 59 -> 59 C, 0 heater)
pass 0 fclass.s/random/h2: 8 launches (die 58 -> 58 C, 0 heater)
pass 0 fsrli.pi/random/h2: 8 launches (die 58 -> 58 C, 0 heater)
pass 0 spin/zeros/h1: 8 launches (die 59 -> 59 C, 0 heater)
pass 0 fpackreph.pi/zeros/h2: 8 launches (die 58 -> 58 C, 0 heater)
pass 0 dramrow/stride1K/random: 8 launches (die 58 -> 58 C, 0 heater)
pass 0 jal/random/h2: 8 launches (die 58 -> 58 C, 0 heater)
pass 0 wire/hop8/random: 8 launches (die 58 -> 58 C, 0 heater)
pass 0 fand.pi/zeros/h2: 8 launches (die 58 -> 58 C, 0 heater)
pass 0 sh/zeros/h2: 8 launches (die 58 -> 58 C, 0 heater)
pass 0 fsgnjx.ps/random/h2: 8 launches (die 58 -> 58 C, 0 heater)
pass 0 fmax.s/zeros/h2: 8 launches (die 59 -> 59 C, 0 heater)
pass 0 bge_data/zeros/h2: 8 launches (die 59 -> 59 C, 0 heater)
pass 0 fadd.pi/const/h2: 8 launches (die 58 -> 58 C, 0 heater)
pass 0 sra/zeros/h2: 8 launches (die 58 -> 58 C, 0 heater)
pass 0 amoaddg.d/zeros/h2: 8 launches (die 58 -> 58 C, 0 heater)
pass 0 fexp.ps/zeros/h2: 8 launches (die 58 -> 58 C, 0 heater)
pass 0 addi_norvc/zeros/h2: 8 launches (die 59 -> 59 C, 0 heater)
pass 0 wire/hop1/random: 8 launches (die 58 -> 58 C, 0 heater)
pass 0 fsw.ps/zeros/h2: 8 launches (die 59 -> 59 C, 0 heater)
pass 0 st_stream/dram/zeros: 8 launches (die 59 -> 59 C, 0 heater)
pass 0 wire/hop1/zeros: 8 launches (die 58 -> 58 C, 0 heater)
pass 0 wire/hop8/zeros: 8 launches (die 58 -> 58 C, 0 heater)
pass 0 fand.pi/random/h2: 8 launches (die 58 -> 58 C, 0 heater)
pass 0 l1fill/stride128/random: 8 launches (die 59 -> 59 C, 0 heater)
pass 0 add/random/h2: 8 launches (die 59 -> 59 C, 0 heater)
pass 0 faddi.pi/random/h2: 8 launches (die 58 -> 58 C, 0 heater)
pass 0 sll/zeros/h2: 8 launches (die 59 -> 59 C, 0 heater)
pass 0 wire/hop2/zeros: 8 launches (die 58 -> 58 C, 0 heater)
pass 0 remuw/random/h2: 8 launches (die 58 -> 58 C, 0 heater)
pass 0 fsub.ps/zeros/h2: 8 launches (die 58 -> 58 C, 0 heater)
pass 0 dramrow2/rowmiss/zeros: 8 launches (die 59 -> 59 C, 0 heater)
pass 0 fmul.ps/zeros/h2: 8 launches (die 57 -> 57 C, 0 heater)
pass 0 scpline/stride64/random: 8 launches (die 59 -> 59 C, 0 heater)
pass 0 mulh/zeros/h2: 8 launches (die 58 -> 58 C, 0 heater)
pass 0 fsub.pi/zeros/h2: 8 launches (die 58 -> 58 C, 0 heater)
pass 0 fsub.pi/random/h2: 8 launches (die 58 -> 58 C, 0 heater)
pass 0 remu/random/h2: 8 launches (die 59 -> 59 C, 0 heater)
pass 0 fsrl.pi/random/h2: 8 launches (die 58 -> 58 C, 0 heater)
pass 0 tload/scp/const: 8 launches (die 58 -> 58 C, 0 heater)
pass 0 fmin.s/zeros/h2: 8 launches (die 58 -> 58 C, 0 heater)
pass 0 fadd.pi/zeros/h2: 8 launches (die 59 -> 59 C, 0 heater)
pass 0 fmul.pi/zeros/h2: 8 launches (die 58 -> 58 C, 0 heater)
pass 0 fclass.ps/zeros/h2: 8 launches (die 59 -> 59 C, 0 heater)
pass 0 fcvt.ps.pw/zeros/h2: 8 launches (die 59 -> 59 C, 0 heater)
pass 0 fnmadd.ps/zeros/h2: 8 launches (die 59 -> 59 C, 0 heater)
pass 0 lh/random/h2: 8 launches (die 60 -> 60 C, 0 heater)
pass 0 fmul.pi/const/h2: 8 launches (die 59 -> 59 C, 0 heater)
pass 0 fnmsub.s/random/h2: 8 launches (die 60 -> 60 C, 0 heater)
pass 0 fmadd.s/zeros/h2: 8 launches (die 60 -> 60 C, 0 heater)
pass 0 amoaddl.d/random/h2: 8 launches (die 60 -> 60 C, 0 heater)
pass 0 wire/hop3/random: 8 launches (die 59 -> 59 C, 0 heater)
pass 0 fexp.ps/random/h1: 8 launches (die 61 -> 61 C, 0 heater)
pass 0 fsra.pi/zeros/h2: 8 launches (die 61 -> 61 C, 0 heater)
pass 0 fle.s/random/h2: 8 launches (die 60 -> 60 C, 0 heater)
pass 0 srl/random/h2: 8 launches (die 59 -> 59 C, 0 heater)
pass 0 fmax.ps/random/h2: 8 launches (die 59 -> 59 C, 0 heater)
pass 0 flt.s/zeros/h2: 8 launches (die 61 -> 61 C, 0 heater)
pass 0 fnmsub.ps/random/h2: 8 launches (die 59 -> 59 C, 0 heater)
pass 0 srli/zeros/h2: 8 launches (die 62 -> 62 C, 0 heater)
pass 0 andi/zeros/h2: 8 launches (die 59 -> 59 C, 0 heater)
pass 0 tstore/dram/const: 8 launches (die 59 -> 59 C, 0 heater)
pass 0 fle.ps/random/h2: 8 launches (die 59 -> 59 C, 0 heater)
pass 0 fcvt.s.w/zeros/h2: 8 launches (die 61 -> 61 C, 0 heater)
pass 0 c.mv/zeros/h2: 8 launches (die 60 -> 60 C, 0 heater)
pass 0 wire/hop5/zeros: 8 launches (die 59 -> 59 C, 0 heater)
pass 0 divuw/random/h2: 8 launches (die 60 -> 60 C, 0 heater)
pass 0 divu/random/h2: 8 launches (die 59 -> 59 C, 0 heater)
pass 0 tstore/scp/random: 8 launches (die 58 -> 58 C, 0 heater)
pass 0 faddi.pi/zeros/h2: 8 launches (die 60 -> 60 C, 0 heater)
pass 0 feq.ps/random/h2: 8 launches (die 59 -> 59 C, 0 heater)
pass 0 fcvt.s.wu/random/h2: 8 launches (die 61 -> 61 C, 0 heater)
pass 0 flw/random/h2: 8 launches (die 60 -> 60 C, 0 heater)
pass 0 fsgnjn.s/zeros/h2: 8 launches (die 59 -> 59 C, 0 heater)
pass 0 slt/random/h2: 8 launches (die 59 -> 59 C, 0 heater)
pass 0 ori/zeros/h2: 8 launches (die 59 -> 59 C, 0 heater)
pass 0 amoaddl.w/zeros/h2: 8 launches (die 59 -> 59 C, 0 heater)
pass 0 tload/dram/const: 8 launches (die 59 -> 59 C, 0 heater)
pass 0 fmulh.pi/zeros/h2: 8 launches (die 59 -> 59 C, 0 heater)
pass 0 tstore/dram/zeros: 8 launches (die 60 -> 60 C, 0 heater)
pass 0 fcvt.s.w/random/h2: 8 launches (die 59 -> 59 C, 0 heater)
done
