PCIE {"t_ms":1790545753906,"test":"open","open_ns":132730579,"link":[{"bdf":"0000:02:00.0","speed":"16.0 GT/s PCIe","width":"8","max_speed":"16.0 GT/s PCIe","max_width":"8","cma_allocated":"2057 MB"}]}
PCIE {"t_ms":1790545754134,"test":"verify","bytes":1048576,"equal":true}
PCIE {"t_ms":1790545754172,"test":"bw","dir":"h2d","copy":"staged","bytes":4096,"warm_ns":655812,"ns":[236677,553683,161287,203391,209969,668995,206385,207937,202487,666556,206362,598515,205429,208315,206126,174471,569816,206066,206573,154329],"stream_errors":0}
PCIE {"t_ms":1790545754172,"test":"bw","dir":"h2d","copy":"dma","bytes":4096,"warm_ns":359235,"ns":[618529,642471,193199,572788,181900,207753,573115,668931,194150,192967,206342,617040,576596,206280,572015,210296,667588,673374,670188,171014],"stream_errors":0}
PCIE {"t_ms":1790545754172,"test":"bw","dir":"d2h","copy":"staged","bytes":4096,"warm_ns":740810,"ns":[662501,573713,233809,583913,186810,187230,113727,114983,599311,597687,118178,212980,681545,200439,617786,620419,209977,574275,114816,686641],"stream_errors":0}
PCIE {"t_ms":1790545754172,"test":"bw","dir":"d2h","copy":"dma","bytes":4096,"warm_ns":640099,"ns":[207395,602766,588454,678694,680965,682628,583122,614513,583876,579872,582440,622591,117237,607722,117567,682007,637973,118535,115192,681424],"stream_errors":0}
PCIE {"t_ms":1790545754203,"test":"bw","dir":"h2d","copy":"staged","bytes":8192,"warm_ns":600816,"ns":[203417,206805,199006,205709,212540,669554,210833,217403,120152,194533,632255,212917,173427,171690,200548,204440,195884,205991,207383,671422],"stream_errors":0}
PCIE {"t_ms":1790545754203,"test":"bw","dir":"h2d","copy":"dma","bytes":8192,"warm_ns":116442,"ns":[199057,569789,203662,568516,571120,188041,205905,195478,203923,632183,204877,561599,108893,616157,180211,160513,672083,205932,206477,202127],"stream_errors":0}
PCIE {"t_ms":1790545754203,"test":"bw","dir":"d2h","copy":"staged","bytes":8192,"warm_ns":585106,"ns":[588637,587470,683939,222390,115164,577931,204950,557895,599502,224351,211573,597291,115186,592624,681089,663296,196788,616737,205044,118289],"stream_errors":0}
PCIE {"t_ms":1790545754203,"test":"bw","dir":"d2h","copy":"dma","bytes":8192,"warm_ns":225393,"ns":[585523,222699,194481,583791,580581,665389,682532,614337,134328,208596,687657,126765,112213,686353,691863,616914,659915,614373,645132,646554],"stream_errors":0}
PCIE {"t_ms":1790545754230,"test":"bw","dir":"h2d","copy":"staged","bytes":16384,"warm_ns":535970,"ns":[153679,222253,200750,670590,170576,102403,118063,203860,203273,103253,571674,172350,98908,571484,105812,99097,686216,160751,669034,177744],"stream_errors":0}
PCIE {"t_ms":1790545754230,"test":"bw","dir":"h2d","copy":"dma","bytes":16384,"warm_ns":573716,"ns":[100625,99296,181271,187590,99731,97511,571996,198913,672864,103249,199801,207168,100830,668916,103406,102436,119186,168090,102797,118385],"stream_errors":0}
PCIE {"t_ms":1790545754230,"test":"bw","dir":"d2h","copy":"staged","bytes":16384,"warm_ns":629019,"ns":[127142,133248,200835,130460,686817,132048,644791,613529,186221,624354,639560,132675,585576,115433,614252,119059,687893,689666,113553,693235],"stream_errors":0}
PCIE {"t_ms":1790545754230,"test":"bw","dir":"d2h","copy":"dma","bytes":16384,"warm_ns":178119,"ns":[155641,130228,176232,109331,121561,590713,201938,682705,590402,215689,132496,646145,116849,572999,131722,610641,191870,117447,577530,689429],"stream_errors":0}
PCIE {"t_ms":1790545754259,"test":"bw","dir":"h2d","copy":"staged","bytes":32768,"warm_ns":171105,"ns":[103362,670182,199985,677648,103665,570291,577978,172307,170042,173694,573496,576903,200403,195646,570450,222218,569078,155370,585124,101861],"stream_errors":0}
PCIE {"t_ms":1790545754259,"test":"bw","dir":"h2d","copy":"dma","bytes":32768,"warm_ns":668519,"ns":[636425,104594,103663,651332,671761,102025,667895,99127,172725,671763,151677,205950,185915,569709,197598,147482,117784,671821,102747,101529],"stream_errors":0}
PCIE {"t_ms":1790545754259,"test":"bw","dir":"d2h","copy":"staged","bytes":32768,"warm_ns":570484,"ns":[687676,583814,123515,117429,682076,126004,196219,686592,689233,646261,165449,164470,597022,634815,174889,171764,133148,120649,195764,686920],"stream_errors":0}
PCIE {"t_ms":1790545754259,"test":"bw","dir":"d2h","copy":"dma","bytes":32768,"warm_ns":113013,"ns":[193749,113536,130424,576103,188413,105674,689398,117228,685287,131705,115813,178566,684205,584725,636729,167833,584185,250876,689708,193226],"stream_errors":0}
PCIE {"t_ms":1790545754288,"test":"bw","dir":"h2d","copy":"staged","bytes":65536,"warm_ns":626512,"ns":[99263,207912,569186,204413,569649,552439,204517,206905,103736,173086,173897,568820,153457,205644,569466,150542,102988,117027,101972,102982],"stream_errors":0}
PCIE {"t_ms":1790545754288,"test":"bw","dir":"h2d","copy":"dma","bytes":65536,"warm_ns":118208,"ns":[568481,571323,569141,150963,148484,99335,146404,572182,568889,117958,118169,98950,102482,205048,98099,98643,568914,569435,678221,680186],"stream_errors":0}
PCIE {"t_ms":1790545754288,"test":"bw","dir":"d2h","copy":"staged","bytes":65536,"warm_ns":587781,"ns":[114384,587345,587400,586161,172374,641371,586625,586100,631477,626114,219314,634634,640423,131927,585561,585338,170924,167305,640700,592560],"stream_errors":0}
PCIE {"t_ms":1790545754288,"test":"bw","dir":"d2h","copy":"dma","bytes":65536,"warm_ns":163101,"ns":[168404,111233,165208,187208,569279,161140,110878,111119,584391,222618,213012,197650,582154,112662,637028,636997,106587,574192,184008,113790],"stream_errors":0}
PCIE {"t_ms":1790545754322,"test":"bw","dir":"h2d","copy":"staged","bytes":131072,"warm_ns":671502,"ns":[575886,181868,185244,182704,187380,672037,647265,200942,173786,199020,574110,198594,577038,189801,621682,184401,573989,667927,200424,197972],"stream_errors":0}
PCIE {"t_ms":1790545754322,"test":"bw","dir":"h2d","copy":"dma","bytes":131072,"warm_ns":669089,"ns":[104373,672033,197845,199672,112428,177518,204767,673829,669422,649083,195218,103357,572674,105671,105120,195679,200325,207722,673221,197849],"stream_errors":0}
PCIE {"t_ms":1790545754322,"test":"bw","dir":"d2h","copy":"staged","bytes":131072,"warm_ns":598289,"ns":[127104,653971,126171,595077,663226,693976,689592,119362,703110,125267,212452,121737,617917,698339,132837,664683,121506,696176,124160,598708],"stream_errors":0}
PCIE {"t_ms":1790545754322,"test":"bw","dir":"d2h","copy":"dma","bytes":131072,"warm_ns":211444,"ns":[107714,612343,684408,689492,584700,588242,195330,125497,593828,682622,588980,585509,109890,622656,208382,684738,645192,187689,613467,689271],"stream_errors":0}
PCIE {"t_ms":1790545754358,"test":"bw","dir":"h2d","copy":"staged","bytes":262144,"warm_ns":659135,"ns":[673533,573585,169865,570847,639930,206585,179144,640775,174370,669596,194467,182150,574346,195532,197403,572374,207033,197874,166982,572900],"stream_errors":0}
PCIE {"t_ms":1790545754358,"test":"bw","dir":"h2d","copy":"dma","bytes":262144,"warm_ns":672339,"ns":[204072,204747,160041,573866,206171,572651,674352,195054,648406,671036,203778,175065,670296,208973,639833,573164,670138,669192,197079,206012],"stream_errors":0}
PCIE {"t_ms":1790545754358,"test":"bw","dir":"d2h","copy":"staged","bytes":262144,"warm_ns":600926,"ns":[204126,700199,205984,654842,198080,229450,597309,126277,213673,222058,600732,668962,702681,129627,597344,631890,213308,210767,704399,609906],"stream_errors":0}
PCIE {"t_ms":1790545754358,"test":"bw","dir":"d2h","copy":"dma","bytes":262144,"warm_ns":210512,"ns":[691948,211865,689233,208813,695911,204755,690011,212300,684328,578930,212857,688565,206282,596743,208069,204825,687724,685565,625393,195856],"stream_errors":0}
PCIE {"t_ms":1790545754392,"test":"bw","dir":"h2d","copy":"staged","bytes":524288,"warm_ns":186492,"ns":[178521,179076,161376,206654,207545,158615,630409,178290,574205,669714,667889,207429,631782,156957,220807,177451,671355,203124,240971,574459],"stream_errors":0}
PCIE {"t_ms":1790545754392,"test":"bw","dir":"h2d","copy":"dma","bytes":524288,"warm_ns":669054,"ns":[207488,205981,573222,207240,176546,680964,208052,206508,179269,184086,180429,176898,179102,671291,634143,171036,201325,168514,195287,170897],"stream_errors":0}
PCIE {"t_ms":1790545754392,"test":"bw","dir":"d2h","copy":"staged","bytes":524288,"warm_ns":708866,"ns":[615556,618210,711777,611934,226853,686438,680361,251358,244355,692278,245835,661662,237898,714662,323240,241916,615439,220299,716210,246285],"stream_errors":0}
PCIE {"t_ms":1790545754392,"test":"bw","dir":"d2h","copy":"dma","bytes":524288,"warm_ns":177540,"ns":[691966,192008,639975,595223,587090,638367,189281,661058,589318,684778,197006,586911,690040,587849,677290,234135,194841,644758,593814,589262],"stream_errors":0}
PCIE {"t_ms":1790545754428,"test":"bw","dir":"h2d","copy":"staged","bytes":1048576,"warm_ns":609255,"ns":[308680,571234,660014,246292,570974,315578,309916,250880,273006,307580,308057,310013,651223,223379,305286,573318,248460,301504,300028,251189],"stream_errors":0}
PCIE {"t_ms":1790545754428,"test":"bw","dir":"h2d","copy":"dma","bytes":1048576,"warm_ns":631609,"ns":[203088,242322,277767,269583,246992,666166,570365,688597,240198,250726,670657,221274,246111,265662,252794,248097,203861,189328,658090,205872],"stream_errors":0}
PCIE {"t_ms":1790545754428,"test":"bw","dir":"d2h","copy":"staged","bytes":1048576,"warm_ns":638002,"ns":[670403,326525,273242,290289,318971,744109,642334,665055,714090,641047,280705,250423,296999,289895,643918,268241,330674,645425,637891,642211],"stream_errors":0}
PCIE {"t_ms":1790545754428,"test":"bw","dir":"d2h","copy":"dma","bytes":1048576,"warm_ns":258099,"ns":[586076,680561,647821,688103,684462,668474,192138,665143,625397,584422,257954,683913,687239,698768,586345,235988,234737,267967,591122,266099],"stream_errors":0}
PCIE {"t_ms":1790545754469,"test":"bw","dir":"h2d","copy":"staged","bytes":2097152,"warm_ns":557928,"ns":[570681,374693,571034,374671,406403,571779,383265,393041,571571,388677,571618,393442,393212,570194,391073,406664,415273,571109,412634,380092],"stream_errors":0}
PCIE {"t_ms":1790545754469,"test":"bw","dir":"h2d","copy":"dma","bytes":2097152,"warm_ns":570240,"ns":[307247,306446,276432,323816,309908,326826,309495,629685,624845,550302,291541,306699,571491,629368,631795,636484,279420,571647,315203,638061],"stream_errors":0}
PCIE {"t_ms":1790545754469,"test":"bw","dir":"d2h","copy":"staged","bytes":2097152,"warm_ns":735282,"ns":[787910,789923,474117,440103,454435,730683,795516,421797,438210,435227,439879,708575,427212,715988,708557,794575,421188,705321,709770,720303],"stream_errors":0}
PCIE {"t_ms":1790545754469,"test":"bw","dir":"d2h","copy":"dma","bytes":2097152,"warm_ns":301369,"ns":[281611,272622,647499,585019,320428,296000,285626,676704,587505,663520,316552,588789,672251,332666,307425,325924,585477,302840,306823,582815],"stream_errors":0}
PCIE {"t_ms":1790545754513,"test":"bw","dir":"h2d","copy":"staged","bytes":4194304,"warm_ns":810809,"ns":[681578,675214,672910,668004,717925,719229,702098,702207,693343,668406,657058,664484,719723,690981,673039,735186],"stream_errors":0}
PCIE {"t_ms":1790545754513,"test":"bw","dir":"h2d","copy":"dma","bytes":4194304,"warm_ns":569981,"ns":[514616,511097,463834,569949,499165,525145,571470,526838,512214,525660,502870,571741,520987,486224,475517,576063],"stream_errors":0}
PCIE {"t_ms":1790545754513,"test":"bw","dir":"d2h","copy":"staged","bytes":4194304,"warm_ns":838889,"ns":[687999,841324,840892,733913,891064,890301,839771,733769,890008,686611,859867,894476,664895,727608,671932,736039],"stream_errors":0}
PCIE {"t_ms":1790545754513,"test":"bw","dir":"d2h","copy":"dma","bytes":4194304,"warm_ns":439447,"ns":[584479,482763,640345,513955,585974,584977,602800,500154,587960,639551,601762,645354,519362,587081,597012,629904],"stream_errors":0}
PCIE {"t_ms":1790545754550,"test":"bw","dir":"h2d","copy":"staged","bytes":8388608,"warm_ns":1260320,"ns":[1148443,1207578,1190447,1089045,1189420,1190269,1195184,1190648],"stream_errors":0}
PCIE {"t_ms":1790545754550,"test":"bw","dir":"h2d","copy":"dma","bytes":8388608,"warm_ns":878437,"ns":[765801,855256,820291,900263,842231,819958,879171,776747],"stream_errors":0}
PCIE {"t_ms":1790545754550,"test":"bw","dir":"d2h","copy":"staged","bytes":8388608,"warm_ns":1433225,"ns":[1221601,1348549,1184122,1323336,1209857,1362665,1216633,1319362],"stream_errors":0}
PCIE {"t_ms":1790545754550,"test":"bw","dir":"d2h","copy":"dma","bytes":8388608,"warm_ns":758702,"ns":[791795,794437,802267,742904,779266,826147,740414,738618],"stream_errors":0}
PCIE {"t_ms":1790545754590,"test":"bw","dir":"h2d","copy":"staged","bytes":16777216,"warm_ns":2536429,"ns":[2516383,2495395,2518191,2493240],"stream_errors":0}
PCIE {"t_ms":1790545754590,"test":"bw","dir":"h2d","copy":"dma","bytes":16777216,"warm_ns":1527306,"ns":[1657281,1587131,1558919,1636903],"stream_errors":0}
PCIE {"t_ms":1790545754590,"test":"bw","dir":"d2h","copy":"staged","bytes":16777216,"warm_ns":2609897,"ns":[2420330,2339151,2445417,2353947],"stream_errors":0}
PCIE {"t_ms":1790545754590,"test":"bw","dir":"d2h","copy":"dma","bytes":16777216,"warm_ns":1394723,"ns":[1425430,1487518,1467391,1509520],"stream_errors":0}
PCIE {"t_ms":1790545754656,"test":"bw","dir":"h2d","copy":"staged","bytes":33554432,"warm_ns":5213184,"ns":[4796439,4775152,4876092],"stream_errors":0}
PCIE {"t_ms":1790545754656,"test":"bw","dir":"h2d","copy":"dma","bytes":33554432,"warm_ns":2983669,"ns":[2975965,2967281,2958759],"stream_errors":0}
PCIE {"t_ms":1790545754656,"test":"bw","dir":"d2h","copy":"staged","bytes":33554432,"warm_ns":5749192,"ns":[5804573,5780846,4586047],"stream_errors":0}
PCIE {"t_ms":1790545754656,"test":"bw","dir":"d2h","copy":"dma","bytes":33554432,"warm_ns":2691295,"ns":[2731328,2792478,3911909],"stream_errors":0}
PCIE {"t_ms":1790545754787,"test":"bw","dir":"h2d","copy":"staged","bytes":67108864,"warm_ns":10309190,"ns":[9510314,9541050,9501838],"stream_errors":0}
PCIE {"t_ms":1790545754787,"test":"bw","dir":"h2d","copy":"dma","bytes":67108864,"warm_ns":5720331,"ns":[5562173,5531207,5676908],"stream_errors":0}
PCIE {"t_ms":1790545754787,"test":"bw","dir":"d2h","copy":"staged","bytes":67108864,"warm_ns":10681852,"ns":[10805349,10660689,10706398],"stream_errors":0}
PCIE {"t_ms":1790545754787,"test":"bw","dir":"d2h","copy":"dma","bytes":67108864,"warm_ns":6692119,"ns":[6553842,6926419,6484592],"stream_errors":0}
PCIE {"t_ms":1790545755041,"test":"bw","dir":"h2d","copy":"staged","bytes":134217728,"warm_ns":20492447,"ns":[18773666,18877110,18698826],"stream_errors":0}
PCIE {"t_ms":1790545755041,"test":"bw","dir":"h2d","copy":"dma","bytes":134217728,"warm_ns":10849736,"ns":[10894881,10953248,10852903],"stream_errors":0}
PCIE {"t_ms":1790545755041,"test":"bw","dir":"d2h","copy":"staged","bytes":134217728,"warm_ns":20707293,"ns":[20295348,20469046,20381036],"stream_errors":0}
PCIE {"t_ms":1790545755041,"test":"bw","dir":"d2h","copy":"dma","bytes":134217728,"warm_ns":12869310,"ns":[13078954,13150128,13063219],"stream_errors":0}
PCIE {"t_ms":1790545755544,"test":"bw","dir":"h2d","copy":"staged","bytes":268435456,"warm_ns":38885546,"ns":[37502610,37734316,37684574],"stream_errors":0}
PCIE {"t_ms":1790545755544,"test":"bw","dir":"h2d","copy":"dma","bytes":268435456,"warm_ns":21475461,"ns":[21411288,21473626,21365773],"stream_errors":0}
PCIE {"t_ms":1790545755544,"test":"bw","dir":"d2h","copy":"staged","bytes":268435456,"warm_ns":40974810,"ns":[40678083,41039498,41012853],"stream_errors":0}
PCIE {"t_ms":1790545755544,"test":"bw","dir":"d2h","copy":"dma","bytes":268435456,"warm_ns":25066243,"ns":[25505737,25437893,25514007],"stream_errors":0}
PCIE {"t_ms":1790545755563,"test":"done","which":"bw","elapsed_s":1.789772}
