PCIE {"t_ms":1790545760794,"test":"open","open_ns":135289641,"link":[{"bdf":"0000:02:00.0","speed":"16.0 GT/s PCIe","width":"8","max_speed":"16.0 GT/s PCIe","max_width":"8","cma_allocated":"2057 MB"}]}
PCIE {"t_ms":1790545760931,"test":"conc","trial":0,"copy":"dma","cfg":"h2d","legs":1,"bytes_per_leg":134217728,"leg_ns":[22057443],"wall_ns":22074524,"stream_errors":0}
PCIE {"t_ms":1790545760943,"test":"conc","trial":0,"copy":"dma","cfg":"d2h","legs":1,"bytes_per_leg":134217728,"leg_ns":[12020392],"wall_ns":12034308,"stream_errors":0}
PCIE {"t_ms":1790545760966,"test":"conc","trial":0,"copy":"dma","cfg":"h2d+d2h","legs":2,"bytes_per_leg":134217728,"leg_ns":[22211601,12264976],"wall_ns":22224999,"stream_errors":0}
PCIE {"t_ms":1790545761011,"test":"conc","trial":0,"copy":"dma","cfg":"2xh2d","legs":2,"bytes_per_leg":134217728,"leg_ns":[45069556,45071817],"wall_ns":45086255,"stream_errors":0}
PCIE {"t_ms":1790545761037,"test":"conc","trial":0,"copy":"dma","cfg":"2xd2h","legs":2,"bytes_per_leg":134217728,"leg_ns":[25948018,25959220],"wall_ns":25974131,"stream_errors":0}
PCIE {"t_ms":1790545761048,"test":"conc","trial":0,"copy":"dma","cfg":"h2d/ser","legs":1,"bytes_per_leg":134217728,"leg_ns":[10791223],"wall_ns":10804735,"stream_errors":0}
PCIE {"t_ms":1790545761060,"test":"conc","trial":0,"copy":"dma","cfg":"d2h/ser","legs":1,"bytes_per_leg":134217728,"leg_ns":[12932796],"wall_ns":12945572,"stream_errors":0}
PCIE {"t_ms":1790545761076,"test":"conc","trial":0,"copy":"dma","cfg":"h2d+d2h/ser","legs":2,"bytes_per_leg":134217728,"leg_ns":[15768760,14433787],"wall_ns":15781708,"stream_errors":0}
PCIE {"t_ms":1790545761106,"test":"conc","trial":0,"copy":"staged","cfg":"h2d","legs":1,"bytes_per_leg":134217728,"leg_ns":[29865565],"wall_ns":29882008,"stream_errors":0}
PCIE {"t_ms":1790545761126,"test":"conc","trial":0,"copy":"staged","cfg":"d2h","legs":1,"bytes_per_leg":134217728,"leg_ns":[20267250],"wall_ns":20283983,"stream_errors":0}
PCIE {"t_ms":1790545761155,"test":"conc","trial":0,"copy":"staged","cfg":"h2d+d2h","legs":2,"bytes_per_leg":134217728,"leg_ns":[28459324,22781829],"wall_ns":28474977,"stream_errors":0}
PCIE {"t_ms":1790545761210,"test":"conc","trial":0,"copy":"staged","cfg":"2xh2d","legs":2,"bytes_per_leg":134217728,"leg_ns":[55064134,55498977],"wall_ns":55516510,"stream_errors":0}
PCIE {"t_ms":1790545761253,"test":"conc","trial":0,"copy":"staged","cfg":"2xd2h","legs":2,"bytes_per_leg":134217728,"leg_ns":[42058759,42017015],"wall_ns":42080505,"stream_errors":0}
PCIE {"t_ms":1790545761270,"test":"conc","trial":0,"copy":"staged","cfg":"h2d/ser","legs":1,"bytes_per_leg":134217728,"leg_ns":[17414572],"wall_ns":17444388,"stream_errors":0}
PCIE {"t_ms":1790545761287,"test":"conc","trial":0,"copy":"staged","cfg":"d2h/ser","legs":1,"bytes_per_leg":134217728,"leg_ns":[16954705],"wall_ns":16973433,"stream_errors":0}
PCIE {"t_ms":1790545761313,"test":"conc","trial":0,"copy":"staged","cfg":"h2d+d2h/ser","legs":2,"bytes_per_leg":134217728,"leg_ns":[25709812,20375666],"wall_ns":25727151,"stream_errors":0}
PCIE {"t_ms":1790545761335,"test":"conc","trial":1,"copy":"dma","cfg":"h2d","legs":1,"bytes_per_leg":134217728,"leg_ns":[21977091],"wall_ns":21993352,"stream_errors":0}
PCIE {"t_ms":1790545761347,"test":"conc","trial":1,"copy":"dma","cfg":"d2h","legs":1,"bytes_per_leg":134217728,"leg_ns":[12034772],"wall_ns":12048122,"stream_errors":0}
PCIE {"t_ms":1790545761369,"test":"conc","trial":1,"copy":"dma","cfg":"h2d+d2h","legs":2,"bytes_per_leg":134217728,"leg_ns":[22236188,12309378],"wall_ns":22250716,"stream_errors":0}
PCIE {"t_ms":1790545761414,"test":"conc","trial":1,"copy":"dma","cfg":"2xh2d","legs":2,"bytes_per_leg":134217728,"leg_ns":[44982455,44984627],"wall_ns":44999028,"stream_errors":0}
PCIE {"t_ms":1790545761440,"test":"conc","trial":1,"copy":"dma","cfg":"2xd2h","legs":2,"bytes_per_leg":134217728,"leg_ns":[26014920,26017069],"wall_ns":26031479,"stream_errors":0}
PCIE {"t_ms":1790545761451,"test":"conc","trial":1,"copy":"dma","cfg":"h2d/ser","legs":1,"bytes_per_leg":134217728,"leg_ns":[10800222],"wall_ns":10813691,"stream_errors":0}
PCIE {"t_ms":1790545761464,"test":"conc","trial":1,"copy":"dma","cfg":"d2h/ser","legs":1,"bytes_per_leg":134217728,"leg_ns":[13026095],"wall_ns":13040401,"stream_errors":0}
PCIE {"t_ms":1790545761480,"test":"conc","trial":1,"copy":"dma","cfg":"h2d+d2h/ser","legs":2,"bytes_per_leg":134217728,"leg_ns":[15829681,14604952],"wall_ns":15843717,"stream_errors":0}
PCIE {"t_ms":1790545761508,"test":"conc","trial":1,"copy":"staged","cfg":"h2d","legs":1,"bytes_per_leg":134217728,"leg_ns":[28497179],"wall_ns":28513946,"stream_errors":0}
PCIE {"t_ms":1790545761528,"test":"conc","trial":1,"copy":"staged","cfg":"d2h","legs":1,"bytes_per_leg":134217728,"leg_ns":[19494238],"wall_ns":19919706,"stream_errors":0}
PCIE {"t_ms":1790545761560,"test":"conc","trial":1,"copy":"staged","cfg":"h2d+d2h","legs":2,"bytes_per_leg":134217728,"leg_ns":[31674630,21813088],"wall_ns":31691694,"stream_errors":0}
PCIE {"t_ms":1790545761617,"test":"conc","trial":1,"copy":"staged","cfg":"2xh2d","legs":2,"bytes_per_leg":134217728,"leg_ns":[57210337,57282969],"wall_ns":57300351,"stream_errors":0}
PCIE {"t_ms":1790545761659,"test":"conc","trial":1,"copy":"staged","cfg":"2xd2h","legs":2,"bytes_per_leg":134217728,"leg_ns":[42018149,41364001],"wall_ns":42035081,"stream_errors":0}
PCIE {"t_ms":1790545761677,"test":"conc","trial":1,"copy":"staged","cfg":"h2d/ser","legs":1,"bytes_per_leg":134217728,"leg_ns":[17633214],"wall_ns":17654504,"stream_errors":0}
PCIE {"t_ms":1790545761694,"test":"conc","trial":1,"copy":"staged","cfg":"d2h/ser","legs":1,"bytes_per_leg":134217728,"leg_ns":[16988260],"wall_ns":17006908,"stream_errors":0}
PCIE {"t_ms":1790545761719,"test":"conc","trial":1,"copy":"staged","cfg":"h2d+d2h/ser","legs":2,"bytes_per_leg":134217728,"leg_ns":[25240778,20265925],"wall_ns":25257404,"stream_errors":0}
PCIE {"t_ms":1790545761741,"test":"conc","trial":2,"copy":"dma","cfg":"h2d","legs":1,"bytes_per_leg":134217728,"leg_ns":[21971256],"wall_ns":21984620,"stream_errors":0}
PCIE {"t_ms":1790545761753,"test":"conc","trial":2,"copy":"dma","cfg":"d2h","legs":1,"bytes_per_leg":134217728,"leg_ns":[12076820],"wall_ns":12090709,"stream_errors":0}
PCIE {"t_ms":1790545761776,"test":"conc","trial":2,"copy":"dma","cfg":"h2d+d2h","legs":2,"bytes_per_leg":134217728,"leg_ns":[22157306,12191137],"wall_ns":22172079,"stream_errors":0}
PCIE {"t_ms":1790545761821,"test":"conc","trial":2,"copy":"dma","cfg":"2xh2d","legs":2,"bytes_per_leg":134217728,"leg_ns":[44895430,44899729],"wall_ns":44917047,"stream_errors":0}
PCIE {"t_ms":1790545761847,"test":"conc","trial":2,"copy":"dma","cfg":"2xd2h","legs":2,"bytes_per_leg":134217728,"leg_ns":[25911988,25914492],"wall_ns":25928867,"stream_errors":0}
PCIE {"t_ms":1790545761857,"test":"conc","trial":2,"copy":"dma","cfg":"h2d/ser","legs":1,"bytes_per_leg":134217728,"leg_ns":[10799425],"wall_ns":10813538,"stream_errors":0}
PCIE {"t_ms":1790545761870,"test":"conc","trial":2,"copy":"dma","cfg":"d2h/ser","legs":1,"bytes_per_leg":134217728,"leg_ns":[13024889],"wall_ns":13043730,"stream_errors":0}
PCIE {"t_ms":1790545761886,"test":"conc","trial":2,"copy":"dma","cfg":"h2d+d2h/ser","legs":2,"bytes_per_leg":134217728,"leg_ns":[15752100,14576529],"wall_ns":15766813,"stream_errors":0}
PCIE {"t_ms":1790545761915,"test":"conc","trial":2,"copy":"staged","cfg":"h2d","legs":1,"bytes_per_leg":134217728,"leg_ns":[28380299],"wall_ns":28400171,"stream_errors":0}
PCIE {"t_ms":1790545761934,"test":"conc","trial":2,"copy":"staged","cfg":"d2h","legs":1,"bytes_per_leg":134217728,"leg_ns":[19664663],"wall_ns":19678197,"stream_errors":0}
PCIE {"t_ms":1790545761967,"test":"conc","trial":2,"copy":"staged","cfg":"h2d+d2h","legs":2,"bytes_per_leg":134217728,"leg_ns":[32540262,23601230],"wall_ns":32556327,"stream_errors":0}
PCIE {"t_ms":1790545762024,"test":"conc","trial":2,"copy":"staged","cfg":"2xh2d","legs":2,"bytes_per_leg":134217728,"leg_ns":[57304213,57308351],"wall_ns":57325812,"stream_errors":0}
PCIE {"t_ms":1790545762067,"test":"conc","trial":2,"copy":"staged","cfg":"2xd2h","legs":2,"bytes_per_leg":134217728,"leg_ns":[42024624,42483101],"wall_ns":42500032,"stream_errors":0}
PCIE {"t_ms":1790545762084,"test":"conc","trial":2,"copy":"staged","cfg":"h2d/ser","legs":1,"bytes_per_leg":134217728,"leg_ns":[17283370],"wall_ns":17299266,"stream_errors":0}
PCIE {"t_ms":1790545762101,"test":"conc","trial":2,"copy":"staged","cfg":"d2h/ser","legs":1,"bytes_per_leg":134217728,"leg_ns":[16929271],"wall_ns":16943311,"stream_errors":0}
PCIE {"t_ms":1790545762126,"test":"conc","trial":2,"copy":"staged","cfg":"h2d+d2h/ser","legs":2,"bytes_per_leg":134217728,"leg_ns":[25330903,20296074],"wall_ns":25348923,"stream_errors":0}
PCIE {"t_ms":1790545762134,"test":"done","which":"conc","elapsed_s":1.475531}
