PCIE {"t_ms":1790547207813,"test":"open","open_ns":134402480,"link":[{"bdf":"0000:02:00.0","speed":"16.0 GT/s PCIe","width":"8","max_speed":"16.0 GT/s PCIe","max_width":"8","cma_allocated":"2057 MB"}]}
PCIE {"t_ms":1790547208042,"test":"verify","bytes":1048576,"equal":true}
PCIE {"t_ms":1790547208067,"test":"bw","dir":"h2d","copy":"staged","bytes":4096,"warm_ns":611899,"ns":[570528,172868,570029,201204,100191,148254,123115,570932,210119,104542,105583,104720,630741,105196,108113,117917,119895,123431,195405,203690],"stream_errors":0}
PCIE {"t_ms":1790547208067,"test":"bw","dir":"h2d","copy":"dma","bytes":4096,"warm_ns":584107,"ns":[266962,621880,572017,197611,572742,670534,206354,100647,186264,117233,119053,651480,191046,105899,117136,104131,203449,107650,203015,204454],"stream_errors":0}
PCIE {"t_ms":1790547208067,"test":"bw","dir":"d2h","copy":"staged","bytes":4096,"warm_ns":581021,"ns":[634561,183884,241889,664574,685909,590344,586896,116697,114856,588055,114791,134802,114030,132190,132528,132106,131501,118346,142917,136498],"stream_errors":0}
PCIE {"t_ms":1790547208067,"test":"bw","dir":"d2h","copy":"dma","bytes":4096,"warm_ns":328400,"ns":[289631,109378,584700,595866,131867,112526,121151,691663,133901,132523,114087,687457,186477,139119,114434,135083,112950,152485,223811,211173],"stream_errors":0}
PCIE {"t_ms":1790547208094,"test":"bw","dir":"h2d","copy":"staged","bytes":8192,"warm_ns":200730,"ns":[167751,120913,168301,206953,105508,196241,661705,99981,672196,103857,197318,200366,570069,204988,176035,571978,666479,200324,202565,667529],"stream_errors":0}
PCIE {"t_ms":1790547208094,"test":"bw","dir":"h2d","copy":"dma","bytes":8192,"warm_ns":676086,"ns":[678334,203478,106231,122551,203041,659488,200258,121809,199234,101530,638612,173517,652070,101904,666072,198215,102583,678647,183975,628429],"stream_errors":0}
PCIE {"t_ms":1790547208094,"test":"bw","dir":"d2h","copy":"staged","bytes":8192,"warm_ns":139360,"ns":[117040,197378,117073,133129,195065,135240,191885,177855,162275,629683,693253,134831,204727,135211,578021,116745,579448,119830,116785,604207],"stream_errors":0}
PCIE {"t_ms":1790547208094,"test":"bw","dir":"d2h","copy":"dma","bytes":8192,"warm_ns":113454,"ns":[135388,131548,134910,134584,117370,117673,689773,694241,683034,626914,579119,116006,684963,107368,685056,113864,107991,628148,684657,124728],"stream_errors":0}
PCIE {"t_ms":1790547208110,"test":"bw","dir":"h2d","copy":"staged","bytes":16384,"warm_ns":180095,"ns":[205063,106240,116904,103700,206072,118188,114932,96838,106110,118705,118487,106884,107807,183877,119391,174955,190367,101333,103838,106016],"stream_errors":0}
PCIE {"t_ms":1790547208110,"test":"bw","dir":"h2d","copy":"dma","bytes":16384,"warm_ns":649615,"ns":[206928,179109,107529,117023,104295,195473,97475,639608,105213,96455,202054,117302,107052,106649,106210,172484,107561,119866,154979,106663],"stream_errors":0}
PCIE {"t_ms":1790547208110,"test":"bw","dir":"d2h","copy":"staged","bytes":16384,"warm_ns":666163,"ns":[686541,655224,131076,130697,187793,114410,123175,123608,131033,138076,118951,137428,109530,129543,138696,689758,134486,128510,138624,113795],"stream_errors":0}
PCIE {"t_ms":1790547208110,"test":"bw","dir":"d2h","copy":"dma","bytes":16384,"warm_ns":186067,"ns":[171224,130466,130543,114265,692055,669738,128882,129458,128685,130249,119229,130122,127348,616563,104785,685264,128487,114993,130469,127484],"stream_errors":0}
PCIE {"t_ms":1790547208122,"test":"bw","dir":"h2d","copy":"staged","bytes":32768,"warm_ns":105852,"ns":[119013,208085,118604,120326,105264,194005,119734,178082,119609,181841,202852,105919,105884,121515,206660,119573,119131,103164,107550,208534],"stream_errors":0}
PCIE {"t_ms":1790547208122,"test":"bw","dir":"h2d","copy":"dma","bytes":32768,"warm_ns":120571,"ns":[98471,573073,205632,118866,195130,206041,200759,121219,199151,120318,119819,108276,120535,203005,119481,204289,102331,108642,120912,105775],"stream_errors":0}
PCIE {"t_ms":1790547208122,"test":"bw","dir":"d2h","copy":"staged","bytes":32768,"warm_ns":188574,"ns":[113509,139216,207745,130435,136695,132356,137039,113871,132971,134722,113733,133290,136565,137100,120568,134271,117661,133007,134128,115493],"stream_errors":0}
PCIE {"t_ms":1790547208122,"test":"bw","dir":"d2h","copy":"dma","bytes":32768,"warm_ns":114032,"ns":[122211,108486,150042,130562,108702,130611,132965,117540,122845,114169,120307,202784,109037,133756,112395,135465,210409,112226,129843,130884],"stream_errors":0}
PCIE {"t_ms":1790547208135,"test":"bw","dir":"h2d","copy":"staged","bytes":65536,"warm_ns":209010,"ns":[204021,201380,120284,121823,105473,200543,121487,103707,205647,121229,109141,166414,204412,120811,120711,204746,206582,119307,120978,120679],"stream_errors":0}
PCIE {"t_ms":1790547208135,"test":"bw","dir":"h2d","copy":"dma","bytes":65536,"warm_ns":115487,"ns":[105017,120513,120835,204671,192413,120003,201236,121437,106603,120431,207737,120388,200898,207157,200850,120471,204164,204038,206441,203762],"stream_errors":0}
PCIE {"t_ms":1790547208135,"test":"bw","dir":"d2h","copy":"staged","bytes":65536,"warm_ns":135117,"ns":[134347,122264,133416,118278,132274,139789,123983,114999,139219,134879,173189,115278,139908,138322,138897,134838,218464,139005,121044,116997],"stream_errors":0}
PCIE {"t_ms":1790547208135,"test":"bw","dir":"d2h","copy":"dma","bytes":65536,"warm_ns":111383,"ns":[135141,198424,180161,115741,131593,131222,113782,134504,131070,116145,131146,135636,135093,193452,210990,118354,135697,193161,214447,136016],"stream_errors":0}
PCIE {"t_ms":1790547208149,"test":"bw","dir":"h2d","copy":"staged","bytes":131072,"warm_ns":192951,"ns":[223764,119632,201902,161574,224029,224092,205401,185444,179004,224281,123017,204359,119229,186719,120121,202579,204881,181857,181086,203976],"stream_errors":0}
PCIE {"t_ms":1790547208149,"test":"bw","dir":"h2d","copy":"dma","bytes":131072,"warm_ns":119857,"ns":[199739,189321,207361,204278,188356,201084,197919,204484,204010,201246,202681,190975,204762,205308,120778,120774,120343,204030,204075,120743],"stream_errors":0}
PCIE {"t_ms":1790547208149,"test":"bw","dir":"d2h","copy":"staged","bytes":131072,"warm_ns":141658,"ns":[124073,137765,142634,140639,125540,138595,123920,141222,139726,222442,219810,228569,137619,137209,219189,143234,137777,223090,141006,138382],"stream_errors":0}
PCIE {"t_ms":1790547208149,"test":"bw","dir":"d2h","copy":"dma","bytes":131072,"warm_ns":187787,"ns":[132203,118303,130528,132753,206896,225668,132193,135608,135418,134713,128430,135924,133593,215715,216595,205427,118794,134540,135709,217303],"stream_errors":0}
PCIE {"t_ms":1790547208166,"test":"bw","dir":"h2d","copy":"staged","bytes":262144,"warm_ns":214653,"ns":[207118,223717,191664,223701,202371,204470,222497,188647,223635,210043,209749,204008,220048,206243,203900,190942,203230,215464,193781,223851],"stream_errors":0}
PCIE {"t_ms":1790547208166,"test":"bw","dir":"h2d","copy":"dma","bytes":262144,"warm_ns":193749,"ns":[190493,203688,201113,205811,193898,223874,178744,203837,223092,222694,223921,224478,224655,216010,219014,192073,189749,224221,192563,190264],"stream_errors":0}
PCIE {"t_ms":1790547208166,"test":"bw","dir":"d2h","copy":"staged","bytes":262144,"warm_ns":147411,"ns":[232366,146467,148233,147583,146032,147222,148606,232539,239521,209601,145210,145469,150979,148559,146547,234653,237715,230115,145907,234761],"stream_errors":0}
PCIE {"t_ms":1790547208166,"test":"bw","dir":"d2h","copy":"dma","bytes":262144,"warm_ns":204079,"ns":[132997,135966,190685,233111,200615,134438,205112,135088,230750,205347,208340,208857,202528,204542,221435,131686,136082,135208,135253,132822],"stream_errors":0}
PCIE {"t_ms":1790547208187,"test":"bw","dir":"h2d","copy":"staged","bytes":524288,"warm_ns":277433,"ns":[208307,223207,178257,202843,204552,224208,222034,206284,226334,207148,225121,205696,224441,224361,203027,218811,176014,219917,254856,283132],"stream_errors":0}
PCIE {"t_ms":1790547208187,"test":"bw","dir":"h2d","copy":"dma","bytes":524288,"warm_ns":221841,"ns":[205516,206895,223547,205035,176920,180207,200922,224791,176088,224962,177187,224251,223786,176380,168766,672323,203662,175224,577446,202129],"stream_errors":0}
PCIE {"t_ms":1790547208187,"test":"bw","dir":"d2h","copy":"staged","bytes":524288,"warm_ns":266087,"ns":[262990,227325,265707,263588,267659,265627,249174,216736,249379,265224,266126,248173,241996,219371,271082,612612,616555,194094,608645,249707],"stream_errors":0}
PCIE {"t_ms":1790547208187,"test":"bw","dir":"d2h","copy":"dma","bytes":524288,"warm_ns":188892,"ns":[237180,183515,236653,240511,192501,237324,237892,189167,234828,234800,188948,191146,241250,237115,221700,189855,221272,636345,244746,585167],"stream_errors":0}
PCIE {"t_ms":1790547208222,"test":"bw","dir":"h2d","copy":"staged","bytes":1048576,"warm_ns":550491,"ns":[569733,309655,570691,578782,251387,559131,308152,256635,690797,297403,301209,320281,657644,571596,324762,251729,572314,661432,569888,222189],"stream_errors":0}
PCIE {"t_ms":1790547208222,"test":"bw","dir":"h2d","copy":"dma","bytes":1048576,"warm_ns":570137,"ns":[247360,204453,216661,305972,309567,569746,252986,221619,200415,280064,246370,668441,192264,253999,571141,200012,670603,206522,201966,304754],"stream_errors":0}
PCIE {"t_ms":1790547208222,"test":"bw","dir":"d2h","copy":"staged","bytes":1048576,"warm_ns":635459,"ns":[278559,694989,638221,664077,638928,257191,708042,639532,290792,697249,265104,738301,294643,270817,346033,318310,277503,296691,641264,637966],"stream_errors":0}
PCIE {"t_ms":1790547208222,"test":"bw","dir":"d2h","copy":"dma","bytes":1048576,"warm_ns":583005,"ns":[581621,210055,640214,267845,585711,233299,302022,635224,266077,683810,594884,684675,188422,268374,689490,588405,260364,262818,196190,265339],"stream_errors":0}
PCIE {"t_ms":1790547208261,"test":"bw","dir":"h2d","copy":"staged","bytes":2097152,"warm_ns":586724,"ns":[570072,424629,394894,494205,394832,429661,571706,570679,427011,411598,391849,366996,397314,369395,407163,428331,409075,409981,373803,378230],"stream_errors":0}
PCIE {"t_ms":1790547208261,"test":"bw","dir":"h2d","copy":"dma","bytes":2097152,"warm_ns":539057,"ns":[301344,584723,306545,569915,365051,278964,303317,389852,309478,290521,303365,569236,570227,354089,283039,391240,570363,318831,288632,570439],"stream_errors":0}
PCIE {"t_ms":1790547208261,"test":"bw","dir":"d2h","copy":"staged","bytes":2097152,"warm_ns":707959,"ns":[493291,528988,428094,414588,398339,458014,459533,402457,703339,704795,706401,453875,699692,502840,715697,418028,458928,536222,390536,414112],"stream_errors":0}
PCIE {"t_ms":1790547208261,"test":"bw","dir":"d2h","copy":"dma","bytes":2097152,"warm_ns":310814,"ns":[584581,601760,585429,629720,627443,310420,304145,584116,306345,321564,338877,351438,631025,642242,606285,338501,279380,347528,635044,628863],"stream_errors":0}
PCIE {"t_ms":1790547208308,"test":"bw","dir":"h2d","copy":"staged","bytes":4194304,"warm_ns":763563,"ns":[823600,664191,676441,673328,736922,659085,780848,711329,734242,673092,673539,673247,700381,736075,669037,860965],"stream_errors":0}
PCIE {"t_ms":1790547208308,"test":"bw","dir":"h2d","copy":"dma","bytes":4194304,"warm_ns":592410,"ns":[530598,426629,466428,573680,570142,509183,458027,573588,467703,499714,510608,1654981,2570695,556260,525772,591797],"stream_errors":0}
PCIE {"t_ms":1790547208308,"test":"bw","dir":"d2h","copy":"staged","bytes":4194304,"warm_ns":839031,"ns":[672103,903751,720136,840938,736957,858747,767122,735420,691539,743396,840557,756448,874882,851733,880092,852479],"stream_errors":0}
PCIE {"t_ms":1790547208308,"test":"bw","dir":"d2h","copy":"dma","bytes":4194304,"warm_ns":485422,"ns":[591494,629992,622190,586985,528117,588693,586022,481801,583497,595341,414637,594942,581428,423242,589313,540316],"stream_errors":0}
PCIE {"t_ms":1790547208346,"test":"bw","dir":"h2d","copy":"staged","bytes":8388608,"warm_ns":1365566,"ns":[1247555,1242706,1274913,1146674,1189271,1283178,1187090,1166484],"stream_errors":0}
PCIE {"t_ms":1790547208346,"test":"bw","dir":"h2d","copy":"dma","bytes":8388608,"warm_ns":938470,"ns":[848219,770010,876041,776072,834955,888050,875199,838881],"stream_errors":0}
PCIE {"t_ms":1790547208346,"test":"bw","dir":"d2h","copy":"staged","bytes":8388608,"warm_ns":1490323,"ns":[1385561,1237620,1218504,1166978,1261165,1174635,1319026,1236523],"stream_errors":0}
PCIE {"t_ms":1790547208346,"test":"bw","dir":"d2h","copy":"dma","bytes":8388608,"warm_ns":848777,"ns":[759397,835539,742517,771245,749393,741995,736048,736936],"stream_errors":0}
PCIE {"t_ms":1790547208385,"test":"bw","dir":"h2d","copy":"staged","bytes":16777216,"warm_ns":2588350,"ns":[2374969,2492137,2456257,2526402],"stream_errors":0}
PCIE {"t_ms":1790547208385,"test":"bw","dir":"h2d","copy":"dma","bytes":16777216,"warm_ns":1576480,"ns":[1569511,1581400,1546161,1537412],"stream_errors":0}
PCIE {"t_ms":1790547208385,"test":"bw","dir":"d2h","copy":"staged","bytes":16777216,"warm_ns":2627408,"ns":[2310568,2309645,2320714,2572564],"stream_errors":0}
PCIE {"t_ms":1790547208385,"test":"bw","dir":"d2h","copy":"dma","bytes":16777216,"warm_ns":1293625,"ns":[1346414,1317426,1348744,1355379],"stream_errors":0}
PCIE {"t_ms":1790547208452,"test":"bw","dir":"h2d","copy":"staged","bytes":33554432,"warm_ns":5250707,"ns":[4869899,4999498,4932163],"stream_errors":0}
PCIE {"t_ms":1790547208452,"test":"bw","dir":"h2d","copy":"dma","bytes":33554432,"warm_ns":2985881,"ns":[2962262,2993128,3029442],"stream_errors":0}
PCIE {"t_ms":1790547208452,"test":"bw","dir":"d2h","copy":"staged","bytes":33554432,"warm_ns":5770518,"ns":[4639518,5584190,5830098],"stream_errors":0}
PCIE {"t_ms":1790547208452,"test":"bw","dir":"d2h","copy":"dma","bytes":33554432,"warm_ns":2717361,"ns":[3847441,3847737,2825568],"stream_errors":0}
PCIE {"t_ms":1790547208584,"test":"bw","dir":"h2d","copy":"staged","bytes":67108864,"warm_ns":10398445,"ns":[9567277,9686199,9649099],"stream_errors":0}
PCIE {"t_ms":1790547208584,"test":"bw","dir":"h2d","copy":"dma","bytes":67108864,"warm_ns":5667743,"ns":[5796934,5671231,5686659],"stream_errors":0}
PCIE {"t_ms":1790547208584,"test":"bw","dir":"d2h","copy":"staged","bytes":67108864,"warm_ns":10846950,"ns":[10874474,10849222,10794850],"stream_errors":0}
PCIE {"t_ms":1790547208584,"test":"bw","dir":"d2h","copy":"dma","bytes":67108864,"warm_ns":6705251,"ns":[6621493,6790390,6569073],"stream_errors":0}
PCIE {"t_ms":1790547208840,"test":"bw","dir":"h2d","copy":"staged","bytes":134217728,"warm_ns":20448536,"ns":[18830462,18791147,18898787],"stream_errors":0}
PCIE {"t_ms":1790547208840,"test":"bw","dir":"h2d","copy":"dma","bytes":134217728,"warm_ns":11050616,"ns":[10956686,11013080,11046331],"stream_errors":0}
PCIE {"t_ms":1790547208840,"test":"bw","dir":"d2h","copy":"staged","bytes":134217728,"warm_ns":20914863,"ns":[20817810,20852210,20725636],"stream_errors":0}
PCIE {"t_ms":1790547208840,"test":"bw","dir":"d2h","copy":"dma","bytes":134217728,"warm_ns":12854881,"ns":[13239412,12857737,12870617],"stream_errors":0}
PCIE {"t_ms":1790547209345,"test":"bw","dir":"h2d","copy":"staged","bytes":268435456,"warm_ns":38893469,"ns":[37817597,37630810,38006952],"stream_errors":0}
PCIE {"t_ms":1790547209345,"test":"bw","dir":"h2d","copy":"dma","bytes":268435456,"warm_ns":21498907,"ns":[21407393,21535975,21605479],"stream_errors":0}
PCIE {"t_ms":1790547209345,"test":"bw","dir":"d2h","copy":"staged","bytes":268435456,"warm_ns":41260500,"ns":[41430186,41025399,41187130],"stream_errors":0}
PCIE {"t_ms":1790547209345,"test":"bw","dir":"d2h","copy":"dma","bytes":268435456,"warm_ns":25312220,"ns":[25215269,25630783,25684375],"stream_errors":0}
PCIE {"t_ms":1790547209364,"test":"done","which":"bw","elapsed_s":1.685963}
