PCIE {"t_ms":1790547214476,"test":"open","open_ns":137613519,"link":[{"bdf":"0000:02:00.0","speed":"16.0 GT/s PCIe","width":"8","max_speed":"16.0 GT/s PCIe","max_width":"8","cma_allocated":"2057 MB"}]}
PCIE {"t_ms":1790547214613,"test":"conc","trial":0,"copy":"dma","cfg":"h2d","legs":1,"bytes_per_leg":134217728,"leg_ns":[22158871],"wall_ns":22175543,"stream_errors":0}
PCIE {"t_ms":1790547214625,"test":"conc","trial":0,"copy":"dma","cfg":"d2h","legs":1,"bytes_per_leg":134217728,"leg_ns":[12120047],"wall_ns":12136482,"stream_errors":0}
PCIE {"t_ms":1790547214648,"test":"conc","trial":0,"copy":"dma","cfg":"h2d+d2h","legs":2,"bytes_per_leg":134217728,"leg_ns":[22275720,12159473],"wall_ns":22290619,"stream_errors":0}
PCIE {"t_ms":1790547214693,"test":"conc","trial":0,"copy":"dma","cfg":"2xh2d","legs":2,"bytes_per_leg":134217728,"leg_ns":[44975903,44995595],"wall_ns":45012429,"stream_errors":0}
PCIE {"t_ms":1790547214719,"test":"conc","trial":0,"copy":"dma","cfg":"2xd2h","legs":2,"bytes_per_leg":134217728,"leg_ns":[26107910,26105401],"wall_ns":26122437,"stream_errors":0}
PCIE {"t_ms":1790547214730,"test":"conc","trial":0,"copy":"dma","cfg":"h2d/ser","legs":1,"bytes_per_leg":134217728,"leg_ns":[10824908],"wall_ns":10843503,"stream_errors":0}
PCIE {"t_ms":1790547214743,"test":"conc","trial":0,"copy":"dma","cfg":"d2h/ser","legs":1,"bytes_per_leg":134217728,"leg_ns":[12969082],"wall_ns":12983016,"stream_errors":0}
PCIE {"t_ms":1790547214759,"test":"conc","trial":0,"copy":"dma","cfg":"h2d+d2h/ser","legs":2,"bytes_per_leg":134217728,"leg_ns":[15855720,14680303],"wall_ns":15870004,"stream_errors":0}
PCIE {"t_ms":1790547214787,"test":"conc","trial":0,"copy":"staged","cfg":"h2d","legs":1,"bytes_per_leg":134217728,"leg_ns":[28466020],"wall_ns":28481824,"stream_errors":0}
PCIE {"t_ms":1790547214807,"test":"conc","trial":0,"copy":"staged","cfg":"d2h","legs":1,"bytes_per_leg":134217728,"leg_ns":[19816889],"wall_ns":19866238,"stream_errors":0}
PCIE {"t_ms":1790547214835,"test":"conc","trial":0,"copy":"staged","cfg":"h2d+d2h","legs":2,"bytes_per_leg":134217728,"leg_ns":[28130218,22718367],"wall_ns":28157522,"stream_errors":0}
PCIE {"t_ms":1790547214892,"test":"conc","trial":0,"copy":"staged","cfg":"2xh2d","legs":2,"bytes_per_leg":134217728,"leg_ns":[56449097,56769944],"wall_ns":56786213,"stream_errors":0}
PCIE {"t_ms":1790547214934,"test":"conc","trial":0,"copy":"staged","cfg":"2xd2h","legs":2,"bytes_per_leg":134217728,"leg_ns":[42135942,42180140],"wall_ns":42197221,"stream_errors":0}
PCIE {"t_ms":1790547214952,"test":"conc","trial":0,"copy":"staged","cfg":"h2d/ser","legs":1,"bytes_per_leg":134217728,"leg_ns":[17366131],"wall_ns":17386044,"stream_errors":0}
PCIE {"t_ms":1790547214969,"test":"conc","trial":0,"copy":"staged","cfg":"d2h/ser","legs":1,"bytes_per_leg":134217728,"leg_ns":[17128028],"wall_ns":17143487,"stream_errors":0}
PCIE {"t_ms":1790547214994,"test":"conc","trial":0,"copy":"staged","cfg":"h2d+d2h/ser","legs":2,"bytes_per_leg":134217728,"leg_ns":[25395359,20082588],"wall_ns":25416776,"stream_errors":0}
PCIE {"t_ms":1790547215016,"test":"conc","trial":1,"copy":"dma","cfg":"h2d","legs":1,"bytes_per_leg":134217728,"leg_ns":[21880695],"wall_ns":21894472,"stream_errors":0}
PCIE {"t_ms":1790547215028,"test":"conc","trial":1,"copy":"dma","cfg":"d2h","legs":1,"bytes_per_leg":134217728,"leg_ns":[12135808],"wall_ns":12153876,"stream_errors":0}
PCIE {"t_ms":1790547215051,"test":"conc","trial":1,"copy":"dma","cfg":"h2d+d2h","legs":2,"bytes_per_leg":134217728,"leg_ns":[22308207,12189896],"wall_ns":22323676,"stream_errors":0}
PCIE {"t_ms":1790547215096,"test":"conc","trial":1,"copy":"dma","cfg":"2xh2d","legs":2,"bytes_per_leg":134217728,"leg_ns":[44920104,44941783],"wall_ns":44957291,"stream_errors":0}
PCIE {"t_ms":1790547215122,"test":"conc","trial":1,"copy":"dma","cfg":"2xd2h","legs":2,"bytes_per_leg":134217728,"leg_ns":[25985660,26057850],"wall_ns":26071528,"stream_errors":0}
PCIE {"t_ms":1790547215133,"test":"conc","trial":1,"copy":"dma","cfg":"h2d/ser","legs":1,"bytes_per_leg":134217728,"leg_ns":[10908488],"wall_ns":10922172,"stream_errors":0}
PCIE {"t_ms":1790547215146,"test":"conc","trial":1,"copy":"dma","cfg":"d2h/ser","legs":1,"bytes_per_leg":134217728,"leg_ns":[13061570],"wall_ns":13074553,"stream_errors":0}
PCIE {"t_ms":1790547215161,"test":"conc","trial":1,"copy":"dma","cfg":"h2d+d2h/ser","legs":2,"bytes_per_leg":134217728,"leg_ns":[15778841,14651075],"wall_ns":15792028,"stream_errors":0}
PCIE {"t_ms":1790547215190,"test":"conc","trial":1,"copy":"staged","cfg":"h2d","legs":1,"bytes_per_leg":134217728,"leg_ns":[28385805],"wall_ns":28402551,"stream_errors":0}
PCIE {"t_ms":1790547215210,"test":"conc","trial":1,"copy":"staged","cfg":"d2h","legs":1,"bytes_per_leg":134217728,"leg_ns":[19858676],"wall_ns":19873048,"stream_errors":0}
PCIE {"t_ms":1790547215242,"test":"conc","trial":1,"copy":"staged","cfg":"h2d+d2h","legs":2,"bytes_per_leg":134217728,"leg_ns":[31868590,22052382],"wall_ns":31885246,"stream_errors":0}
PCIE {"t_ms":1790547215300,"test":"conc","trial":1,"copy":"staged","cfg":"2xh2d","legs":2,"bytes_per_leg":134217728,"leg_ns":[58126911,58145831],"wall_ns":58177083,"stream_errors":0}
PCIE {"t_ms":1790547215343,"test":"conc","trial":1,"copy":"staged","cfg":"2xd2h","legs":2,"bytes_per_leg":134217728,"leg_ns":[42765923,42316751],"wall_ns":42783002,"stream_errors":0}
PCIE {"t_ms":1790547215360,"test":"conc","trial":1,"copy":"staged","cfg":"h2d/ser","legs":1,"bytes_per_leg":134217728,"leg_ns":[17476436],"wall_ns":17497033,"stream_errors":0}
PCIE {"t_ms":1790547215377,"test":"conc","trial":1,"copy":"staged","cfg":"d2h/ser","legs":1,"bytes_per_leg":134217728,"leg_ns":[17088059],"wall_ns":17102809,"stream_errors":0}
PCIE {"t_ms":1790547215403,"test":"conc","trial":1,"copy":"staged","cfg":"h2d+d2h/ser","legs":2,"bytes_per_leg":134217728,"leg_ns":[25537162,20597748],"wall_ns":25553547,"stream_errors":0}
PCIE {"t_ms":1790547215425,"test":"conc","trial":2,"copy":"dma","cfg":"h2d","legs":1,"bytes_per_leg":134217728,"leg_ns":[22012250],"wall_ns":22025668,"stream_errors":0}
PCIE {"t_ms":1790547215437,"test":"conc","trial":2,"copy":"dma","cfg":"d2h","legs":1,"bytes_per_leg":134217728,"leg_ns":[12145572],"wall_ns":12159212,"stream_errors":0}
PCIE {"t_ms":1790547215459,"test":"conc","trial":2,"copy":"dma","cfg":"h2d+d2h","legs":2,"bytes_per_leg":134217728,"leg_ns":[22280916,12170298],"wall_ns":22295164,"stream_errors":0}
PCIE {"t_ms":1790547215504,"test":"conc","trial":2,"copy":"dma","cfg":"2xh2d","legs":2,"bytes_per_leg":134217728,"leg_ns":[45045663,45055368],"wall_ns":45070103,"stream_errors":0}
PCIE {"t_ms":1790547215530,"test":"conc","trial":2,"copy":"dma","cfg":"2xd2h","legs":2,"bytes_per_leg":134217728,"leg_ns":[25976124,25979171],"wall_ns":25993398,"stream_errors":0}
PCIE {"t_ms":1790547215541,"test":"conc","trial":2,"copy":"dma","cfg":"h2d/ser","legs":1,"bytes_per_leg":134217728,"leg_ns":[10789367],"wall_ns":10802431,"stream_errors":0}
PCIE {"t_ms":1790547215554,"test":"conc","trial":2,"copy":"dma","cfg":"d2h/ser","legs":1,"bytes_per_leg":134217728,"leg_ns":[12981366],"wall_ns":12996006,"stream_errors":0}
PCIE {"t_ms":1790547215570,"test":"conc","trial":2,"copy":"dma","cfg":"h2d+d2h/ser","legs":2,"bytes_per_leg":134217728,"leg_ns":[15673307,14568620],"wall_ns":15687121,"stream_errors":0}
PCIE {"t_ms":1790547215598,"test":"conc","trial":2,"copy":"staged","cfg":"h2d","legs":1,"bytes_per_leg":134217728,"leg_ns":[28417182],"wall_ns":28433819,"stream_errors":0}
PCIE {"t_ms":1790547215618,"test":"conc","trial":2,"copy":"staged","cfg":"d2h","legs":1,"bytes_per_leg":134217728,"leg_ns":[19212528],"wall_ns":19699689,"stream_errors":0}
PCIE {"t_ms":1790547215650,"test":"conc","trial":2,"copy":"staged","cfg":"h2d+d2h","legs":2,"bytes_per_leg":134217728,"leg_ns":[31836789,21335977],"wall_ns":31853627,"stream_errors":0}
PCIE {"t_ms":1790547215707,"test":"conc","trial":2,"copy":"staged","cfg":"2xh2d","legs":2,"bytes_per_leg":134217728,"leg_ns":[57104050,57106117],"wall_ns":57123227,"stream_errors":0}
PCIE {"t_ms":1790547215749,"test":"conc","trial":2,"copy":"staged","cfg":"2xd2h","legs":2,"bytes_per_leg":134217728,"leg_ns":[42086419,42096785],"wall_ns":42113406,"stream_errors":0}
PCIE {"t_ms":1790547215767,"test":"conc","trial":2,"copy":"staged","cfg":"h2d/ser","legs":1,"bytes_per_leg":134217728,"leg_ns":[17325693],"wall_ns":17345640,"stream_errors":0}
PCIE {"t_ms":1790547215784,"test":"conc","trial":2,"copy":"staged","cfg":"d2h/ser","legs":1,"bytes_per_leg":134217728,"leg_ns":[17073827],"wall_ns":17093991,"stream_errors":0}
PCIE {"t_ms":1790547215809,"test":"conc","trial":2,"copy":"staged","cfg":"h2d+d2h/ser","legs":2,"bytes_per_leg":134217728,"leg_ns":[25628516,20284054],"wall_ns":25646530,"stream_errors":0}
PCIE {"t_ms":1790547215818,"test":"done","which":"conc","elapsed_s":1.479671}
