== diverge-static-a0: --test diverge --variant static --alpha 0 --mean-k 64 --kmax 16384 --items 256 --harts 2 --shires 0xFFFFFFFF --per-shire 32
   ok lines: 1, failed: 0
== diverge-refill-a0: --test diverge --variant refill --alpha 0 --mean-k 64 --kmax 16384 --items 256 --harts 2 --shires 0xFFFFFFFF --per-shire 32
   ok lines: 1, failed: 0
== diverge-scalar-a0: --test diverge --variant scalar --alpha 0 --mean-k 64 --kmax 16384 --items 256 --harts 2 --shires 0xFFFFFFFF --per-shire 32
   ok lines: 1, failed: 0
== diverge-static-a3: --test diverge --variant static --alpha 3 --mean-k 64 --kmax 16384 --items 256 --harts 2 --shires 0xFFFFFFFF --per-shire 32
   ok lines: 1, failed: 0
== diverge-refill-a3: --test diverge --variant refill --alpha 3 --mean-k 64 --kmax 16384 --items 256 --harts 2 --shires 0xFFFFFFFF --per-shire 32
   ok lines: 1, failed: 0
== diverge-scalar-a3: --test diverge --variant scalar --alpha 3 --mean-k 64 --kmax 16384 --items 256 --harts 2 --shires 0xFFFFFFFF --per-shire 32
   ok lines: 1, failed: 0
== diverge-static-a2: --test diverge --variant static --alpha 2 --mean-k 64 --kmax 16384 --items 256 --harts 2 --shires 0xFFFFFFFF --per-shire 32
   ok lines: 1, failed: 0
== diverge-refill-a2: --test diverge --variant refill --alpha 2 --mean-k 64 --kmax 16384 --items 256 --harts 2 --shires 0xFFFFFFFF --per-shire 32
   ok lines: 1, failed: 0
== diverge-scalar-a2: --test diverge --variant scalar --alpha 2 --mean-k 64 --kmax 16384 --items 256 --harts 2 --shires 0xFFFFFFFF --per-shire 32
   ok lines: 1, failed: 0
== diverge-static-a1.5: --test diverge --variant static --alpha 1.5 --mean-k 64 --kmax 16384 --items 256 --harts 2 --shires 0xFFFFFFFF --per-shire 32
   ok lines: 1, failed: 0
== diverge-refill-a1.5: --test diverge --variant refill --alpha 1.5 --mean-k 64 --kmax 16384 --items 256 --harts 2 --shires 0xFFFFFFFF --per-shire 32
   ok lines: 1, failed: 0
== diverge-scalar-a1.5: --test diverge --variant scalar --alpha 1.5 --mean-k 64 --kmax 16384 --items 256 --harts 2 --shires 0xFFFFFFFF --per-shire 32
   ok lines: 1, failed: 0
== diverge-static-a1.2: --test diverge --variant static --alpha 1.2 --mean-k 64 --kmax 16384 --items 256 --harts 2 --shires 0xFFFFFFFF --per-shire 32
   ok lines: 1, failed: 0
== diverge-refill-a1.2: --test diverge --variant refill --alpha 1.2 --mean-k 64 --kmax 16384 --items 256 --harts 2 --shires 0xFFFFFFFF --per-shire 32
   ok lines: 1, failed: 0
== diverge-scalar-a1.2: --test diverge --variant scalar --alpha 1.2 --mean-k 64 --kmax 16384 --items 256 --harts 2 --shires 0xFFFFFFFF --per-shire 32
   ok lines: 1, failed: 0
done: build/sparsity-data/div2
