04:15:32 sparseparity card_run m1 on aifoundry3 (lock /run/lock/etsoc-shire0.lock), out build/sparseparity-card/aifoundry3-20260929-041532
04:15:32 kernel build/sparseparity-f/kernel/sparseparity.elf: .text sha256 68b3f273c18f0b8e94244dba3a588b73ba1115e9b8478b2ae3bd83f7a65a234e
04:15:32 m1-c0-scalar [PASS, model 1 ms] OK PASS launch_s [0.00251346] open_s 0.18 cyc/op 2924.3 MHz 541 cyc max/med 1359818/1359820 wait 0 solved True unique True sum_c ok sum_c2 ok oracle 'exact, all 1 minions' coverage full stage none/2 scp_kb_device 2560 problems []
04:15:33 m1-c0-tensor [PASS, model 0.1 ms] OK PASS launch_s [0.000976927] open_s 0.18 cyc/op 5711.8 MHz 433 cyc max/med 422676/422676 wait 47057 solved True unique True sum_c ok sum_c2 ok oracle 'exact, all 1 minions' coverage full stage scp/2 scp_kb_device 2560 problems []
04:15:33 m1-neg-drop [NEG, model 0.1 ms] OK FAIL launch_s [0.000913038] open_s 0.18 cyc/op 5284.7 MHz 405 cyc max/med 369927/369927 wait 64514 solved True unique True sum_c MISMATCH sum_c2 MISMATCH oracle 'exact, all 1 minions' coverage full stage scp/2 scp_kb_device 2560 problems []
04:15:33 m1-neg-dup [NEG, model 0.1 ms] OK FAIL launch_s [0.00107714] open_s 0.18 cyc/op 5055.1 MHz 366 cyc max/med 394295/394295 wait 68405 solved True unique True sum_c MISMATCH sum_c2 MISMATCH oracle 'exact, all 1 minions' coverage full stage scp/2 scp_kb_device 2560 problems []
04:15:33 m1-neg-mask [NEGM, model 0.1 ms] OK FAIL launch_s [0.000938959] open_s 0.18 cyc/op 5149.9 MHz 406 cyc max/med 381094/381094 wait 64992 solved True unique True sum_c MISMATCH sum_c2 MISMATCH oracle 'MISMATCH 1 of all 1 minions' coverage full stage scp/2 scp_kb_device 2560 problems ['minion slot 0: card count 4960 sum 578 sq 656148 best 102@419, oracle count 4960 sum 390 sq 655828 best 102@419']
04:15:34 m1-tie [TIE, model 0.1 ms] OK PASS launch_s [0.0009528] open_s 0.18 cyc/op 4960.7 MHz 385 cyc max/med 367089/367089 wait 64442 solved False unique False sum_c ok sum_c2 ok oracle 'exact, all 1 minions' coverage full stage scp/2 scp_kb_device 2560 problems []
04:15:35 m1-c1-timing [TIMING, model 0.14 s] OK TIMING launch_s [0.525504] open_s 0.18 cyc/op 2015.7 MHz 600 cyc max/med 315051376/315051000 wait 188361596 solved False unique False sum_c timing-only sum_c2 timing-only oracle 'skipped' coverage full stage scp/2 scp_kb_device 2560 problems []
04:15:36 m1-c1 [PASS, model 0.14 s] OK PASS launch_s [0.586577] open_s 0.18 cyc/op 2250.3 MHz 600 cyc max/med 351720917/351721000 wait 76179758 solved True unique True sum_c ok sum_c2 ok oracle 'exact, all 1 minions' coverage full stage scp/2 scp_kb_device 2560 problems []
04:15:37 m1-l1-timing [TIMING, model 1.2 s] OK TIMING launch_s [0.952621] open_s 0.18 cyc/op 428.3 MHz 600 cyc max/med 571387199/571387000 wait 1305576 solved False unique False sum_c timing-only sum_c2 timing-only oracle 'skipped' coverage partial stage scp/2 scp_kb_device 2560 problems []
04:15:39 m1-l1 [PASS, model 1.2 s] OK PASS launch_s [1.50613] open_s 0.18 cyc/op 677.3 MHz 600 cyc max/med 903477265/903477000 wait 1298174 solved False unique True sum_c partial sum_c2 partial oracle 'exact, all 1 minions' coverage partial stage scp/2 scp_kb_device 2560 problems []
04:15:41 m1-l2-timing [TIMING, model 1.5 s] OK TIMING launch_s [1.2138] open_s 0.18 cyc/op 411.3 MHz 600 cyc max/med 728043352/728043000 wait 396857 solved False unique False sum_c timing-only sum_c2 timing-only oracle 'skipped' coverage partial stage scp/2 scp_kb_device 2560 problems []
04:15:43 m1-l2 [PASS, model 1.5 s] OK PASS launch_s [1.38939] open_s 0.18 cyc/op 470.8 MHz 600 cyc max/med 833359488/833359000 wait 397390 solved False unique False sum_c partial sum_c2 partial oracle 'exact, all 1 minions' coverage partial stage scp/2 scp_kb_device 2560 problems []
04:15:43 m1-c1-32-seed1 [PASS, model 4 ms] OK PASS launch_s [0.0264137] open_s 0.18 cyc/op 3318.7 MHz 593 cyc max/med 15670919/14589100 wait 4732053 solved True unique True sum_c ok sum_c2 ok oracle 'exact, all 32 minions' coverage full stage scp/2 scp_kb_device 2560 problems []
04:15:44 m1-c1-32-seed2 [PASS, model 4 ms] OK PASS launch_s [0.025238] open_s 0.18 cyc/op 3166.5 MHz 592 cyc max/med 14952403/14416400 wait 4477415 solved True unique True sum_c ok sum_c2 ok oracle 'exact, all 32 minions' coverage full stage scp/2 scp_kb_device 2560 problems []
04:15:44 m1-c1-32-seed3 [PASS, model 4 ms] OK PASS launch_s [0.025501] open_s 0.18 cyc/op 3192.2 MHz 591 cyc max/med 15073627/14325000 wait 4595469 solved True unique True sum_c ok sum_c2 ok oracle 'exact, all 32 minions' coverage full stage scp/2 scp_kb_device 2560 problems []
04:15:45 m1-c1-32-seed4 [PASS, model 4 ms] OK PASS launch_s [0.0255888] open_s 0.18 cyc/op 3170.6 MHz 591 cyc max/med 15133381/14006900 wait 4428533 solved True unique True sum_c ok sum_c2 ok oracle 'exact, all 32 minions' coverage full stage scp/2 scp_kb_device 2560 problems []
04:15:45 m1-c1-32-seed5 [PASS, model 4 ms] OK PASS launch_s [0.0256171] open_s 0.18 cyc/op 3249.8 MHz 594 cyc max/med 15219022/14102500 wait 4628630 solved True unique True sum_c ok sum_c2 ok oracle 'exact, all 32 minions' coverage full stage scp/2 scp_kb_device 2560 problems []
04:15:46 m1-c1-32-seed6 [PASS, model 4 ms] OK PASS launch_s [0.0259324] open_s 0.18 cyc/op 3253.2 MHz 594 cyc max/med 15391081/14116900 wait 4478855 solved True unique True sum_c ok sum_c2 ok oracle 'exact, all 32 minions' coverage full stage scp/2 scp_kb_device 2560 problems []
04:15:46 m1-c1-32-seed7 [PASS, model 4 ms] OK PASS launch_s [0.0254641] open_s 0.18 cyc/op 3163.4 MHz 593 cyc max/med 15098970/14464100 wait 4464287 solved True unique True sum_c ok sum_c2 ok oracle 'exact, all 32 minions' coverage full stage scp/2 scp_kb_device 2560 problems []
04:15:47 m1-c1-32-seed8 [PASS, model 4 ms] OK PASS launch_s [0.0259146] open_s 0.18 cyc/op 3231.2 MHz 590 cyc max/med 15286980/14353600 wait 4483965 solved True unique True sum_c ok sum_c2 ok oracle 'exact, all 32 minions' coverage full stage scp/2 scp_kb_device 2560 problems []
04:15:47 m1-c1-32-seed9 [PASS, model 4 ms] OK PASS launch_s [0.0255075] open_s 0.18 cyc/op 3226.1 MHz 593 cyc max/med 15117319/14195400 wait 4493679 solved True unique True sum_c ok sum_c2 ok oracle 'exact, all 32 minions' coverage full stage scp/2 scp_kb_device 2560 problems []
04:15:48 m1-c1-32-seed10 [PASS, model 4 ms] OK PASS launch_s [0.0254499] open_s 0.18 cyc/op 3216.3 MHz 592 cyc max/med 15061779/14181600 wait 4397554 solved True unique True sum_c ok sum_c2 ok oracle 'exact, all 32 minions' coverage full stage scp/2 scp_kb_device 2560 problems []
04:15:48 m1-c1-32-seed11 [PASS, model 4 ms] OK PASS launch_s [0.0255792] open_s 0.18 cyc/op 3239.8 MHz 593 cyc max/med 15172184/14293700 wait 4514259 solved True unique True sum_c ok sum_c2 ok oracle 'exact, all 32 minions' coverage full stage scp/2 scp_kb_device 2560 problems []
04:15:49 m1-c1-32-seed12 [PASS, model 4 ms] OK PASS launch_s [0.0260127] open_s 0.18 cyc/op 3290.8 MHz 593 cyc max/med 15420518/14458000 wait 4540748 solved True unique True sum_c ok sum_c2 ok oracle 'exact, all 32 minions' coverage full stage scp/2 scp_kb_device 2560 problems []
04:15:49 m1-c1-32-seed13 [PASS, model 4 ms] OK PASS launch_s [0.0256856] open_s 0.18 cyc/op 3212.3 MHz 592 cyc max/med 15197600/14173800 wait 4495274 solved True unique True sum_c ok sum_c2 ok oracle 'exact, all 32 minions' coverage full stage scp/2 scp_kb_device 2560 problems []
04:15:50 m1-c1-32-seed14 [PASS, model 4 ms] OK PASS launch_s [0.0249554] open_s 0.18 cyc/op 3121.6 MHz 591 cyc max/med 14740004/14284200 wait 4373480 solved True unique True sum_c ok sum_c2 ok oracle 'exact, all 32 minions' coverage full stage scp/2 scp_kb_device 2560 problems []
04:15:50 m1-c1-32-seed15 [PASS, model 4 ms] OK PASS launch_s [0.0257589] open_s 0.18 cyc/op 3173.1 MHz 591 cyc max/med 15211810/14454200 wait 4603560 solved True unique True sum_c ok sum_c2 ok oracle 'exact, all 32 minions' coverage full stage scp/2 scp_kb_device 2560 problems []
04:15:51 m1-c1-32-seed16 [PASS, model 4 ms] OK PASS launch_s [0.0255872] open_s 0.18 cyc/op 3206.3 MHz 592 cyc max/med 15140240/14702600 wait 4578952 solved True unique True sum_c ok sum_c2 ok oracle 'exact, all 32 minions' coverage full stage scp/2 scp_kb_device 2560 problems []
04:15:51 m1-c1-32-seed17 [PASS, model 4 ms] OK PASS launch_s [0.0257575] open_s 0.18 cyc/op 3231.2 MHz 592 cyc max/med 15238400/14488600 wait 4645413 solved True unique True sum_c ok sum_c2 ok oracle 'exact, all 32 minions' coverage full stage scp/2 scp_kb_device 2560 problems []
04:15:51 m1-c1-32-seed18 [PASS, model 4 ms] OK PASS launch_s [0.0260309] open_s 0.18 cyc/op 3280.2 MHz 590 cyc max/med 15370932/14287400 wait 4555022 solved True unique True sum_c ok sum_c2 ok oracle 'exact, all 32 minions' coverage full stage scp/2 scp_kb_device 2560 problems []
04:15:52 m1-c1-32-seed19 [PASS, model 4 ms] OK PASS launch_s [0.025484] open_s 0.18 cyc/op 3220.3 MHz 592 cyc max/med 15090227/14083700 wait 4481674 solved True unique True sum_c ok sum_c2 ok oracle 'exact, all 32 minions' coverage full stage scp/2 scp_kb_device 2560 problems []
04:15:52 m1-c1-32-seed20 [PASS, model 4 ms] OK PASS launch_s [0.0255865] open_s 0.18 cyc/op 3209.6 MHz 592 cyc max/med 15155898/14521100 wait 4632101 solved True unique True sum_c ok sum_c2 ok oracle 'exact, all 32 minions' coverage full stage scp/2 scp_kb_device 2560 problems []
04:15:52 DONE m1: every step as expected
