aifoundry1-c1: idle points [300] MHz (probes {'600': 44}); launches {'kept on brackets at 600 MHz': 12, 'kept on samples': 1795}
LAT-M1  PASS: kept repeats a2 3, a3 3
        all cards: PASS over 3 cards: kept repeats a1c1 3, a2 3, a3 3; a1c1 holds, a2 holds, a3 holds
LAT-M2  PASS: kept repeats a2 3, a3 3; requester effect a2 9.69 a3 9.71
        all cards: PASS over 3 cards: kept repeats a1c1 3, a2 3, a3 3; a1c1 holds, a2 holds, a3 holds
LAT-M3  PASS: kept repeats a2 3, a3 3
        all cards: PASS over 3 cards: kept repeats a1c1 3, a2 3, a3 3; a1c1 holds, a2 holds, a3 holds
LAT-N1  FAIL: kept repeats a2 3, a3 3
        all cards: FAIL over 3 cards: kept repeats a1c1 3, a2 3, a3 3; a1c1 fails, a2 fails, a3 fails
LAT-N2  FAIL: kept repeats a2 3, a3 3
        all cards: FAIL over 3 cards: kept repeats a1c1 3, a2 3, a3 3; a1c1 fails, a2 fails, a3 fails
LAT-N3  FAIL: kept repeats a2 3, a3 3; a2: neither kept nor dropped (bound between +6 and +12.02), a3: neither kept nor dropped (bound between +6 and +12.02)
        all cards: FAIL over 3 cards: kept repeats a1c1 3, a2 3, a3 3; a1c1 fails, a2 fails, a3 fails
LAT-N4  FAIL: kept repeats a2 3, a3 3
        all cards: FAIL over 3 cards: kept repeats a1c1 3, a2 3, a3 3; a1c1 fails, a2 fails, a3 fails
LAT-S1  PASS: kept repeats a2 3, a3 3
        all cards: PASS over 3 cards: kept repeats a1c1 3, a2 3, a3 3; a1c1 holds, a2 holds, a3 holds
LAT-S2  FAIL: kept repeats a2 3, a3 3
        all cards: FAIL over 3 cards: kept repeats a1c1 3, a2 3, a3 3; a1c1 fails, a2 fails, a3 fails
LAT-S3  FAIL: kept repeats a2 3, a3 3; cold-start attribution not supported on both cards; decided by a2 and a3 (registered either-card rule)
        all cards: FAIL over 3 cards: kept repeats a1c1 3, a2 3, a3 3; a1c1 fails, a2 fails, a3 fails; decided by a1c1 and a2 and a3 (registered either-card rule, applied to every card)
LAT-S4  FAIL: kept repeats a2 3, a3 3
        all cards: FAIL over 3 cards: kept repeats a1c1 3, a2 3, a3 3; a1c1 fails, a2 fails, a3 fails
LAT-S5  FAIL: kept repeats a2 3, a3 3; crossover a2: from alpha = 2, a3: from alpha = 2 (short blocks 5/5); page: 'from alpha = 2'
        all cards: FAIL over 3 cards: kept repeats a1c1 3, a2 3, a3 3; a1c1 fails, a2 fails, a3 fails
LAT-G   FAIL: kept repeats a2 3, a3 3
        all cards: FAIL over 3 cards: kept repeats a1c1 3, a2 3, a3 3; a1c1 fails, a2 fails, a3 fails
LAT-R3  FAIL: kept repeats a2 3, a3 3; k_hat a2: neither (interval straddles a bound), a3: neither (interval straddles a bound); page adds the concurrency sentence; one-minion enercat a2 0.91 a3 0.91 B/minion-cycle
        all cards: FAIL over 3 cards: kept repeats a1c1 3, a2 3, a3 3; a1c1 fails, a2 fails, a3 fails
LAT-H   FAIL: kept repeats a2 3, a3 3; 'within about a percent' holds; failing parts: P1d_shares, P1e_cycles_per_atomic, P5_pollers
        all cards: FAIL over 3 cards: kept repeats a1c1 3, a2 3, a3 3; a1c1 fails, a2 fails, a3 fails; reported, not tested, on a1c1: P1c host fractions (a per-card committed value; shown against aifoundry2's and aifoundry3's)
LAT-R   INSUFFICIENT: kept repeats a2 3, a3 2
        all cards: INSUFFICIENT over 3 cards: kept repeats a1c1 3, a2 3, a3 2; a1c1 fails, a2 fails, a3 undecided; reported, not tested, on a1c1: (ii) the per-card 5-offset line and (v) the size / intensity / stage ratios (per-card committed values; shown against aifoundry2's and aifoundry3's)
