aifoundry2: passes ok [1, 2, 3, 4, 5, 6], skipped {}, bursts kept 168, dropped 0, implied clock [0.59896, 0.59957], idle {'600': 1.0} MHz / busy {'600': 1.0} MHz
aifoundry3: passes ok [1, 2, 3, 4, 5, 6], skipped {}, bursts kept 167, dropped 0, implied clock [0.59911, 0.59971], idle {'600': 1.0} MHz / busy {'600': 1.0} MHz
aifoundry1-c1: passes ok [1, 2, 3, 4, 5, 6], skipped {}, bursts kept 168, dropped 0, implied clock [0.59881, 0.59956], idle {'600': 1.0} MHz / busy {'600': 1.0} MHz
PASS           P1 mesh rail: wu - wsep data part over d=1-4, fJ/bit/hop: a2 31.7 fJ/bit/hop [24.2, 39.2] n=6; a3 35.1 fJ/bit/hop [14.8, 55.3] n=6; predicted 16..40 fJ/bit/hop: PASS, holds on both cards as predicted.
  all cards: CARD-DIFFERENT P1 on all cards: a2 31.7 fJ/bit/hop [24.2, 39.2] n=6; a3 35.1 fJ/bit/hop [14.8, 55.3] n=6; a1c1 44.9 fJ/bit/hop [1.73, 88.1] n=6; predicted 16..40 fJ/bit/hop: CARD-DIFFERENT (holds on a2, a3; null excluded, mean outside the range on a1c1); the null is excluded on every card with 3 kept passes, on the same side.
PASS           P2 mesh rail: wu - wsep zeros slope over d=1-4, fJ/bit/hop: a2 33.8 fJ/bit/hop [31.4, 36.2] n=6; a3 33 fJ/bit/hop [31.6, 34.4] n=6; predicted 23..43 fJ/bit/hop: PASS, holds on both cards as predicted.
  all cards: PASS           P2 on all cards: a2 33.8 fJ/bit/hop [31.4, 36.2] n=6; a3 33 fJ/bit/hop [31.6, 34.4] n=6; a1c1 42.3 fJ/bit/hop [40.9, 43.6] n=6; predicted 23..43 fJ/bit/hop: PASS (holds on a2, a3, a1c1).
PASS           P3 board: wsep data part over d=1-4, fJ/bit/hop: a2 110 fJ/bit/hop [80, 139] n=6; a3 110 fJ/bit/hop [90.2, 130] n=6; predicted 75..165 fJ/bit/hop: PASS, holds on both cards as predicted.
  all cards: PASS           P3 on all cards: a2 110 fJ/bit/hop [80, 139] n=6; a3 110 fJ/bit/hop [90.2, 130] n=6; a1c1 128 fJ/bit/hop [110, 147] n=6; predicted 75..165 fJ/bit/hop: PASS (holds on a2, a3, a1c1).
PASS           P4 board: wsep zeros slope over d=1-4, fJ/bit/hop: a2 64.1 fJ/bit/hop [38.3, 89.9] n=6; a3 55.3 fJ/bit/hop [43, 67.6] n=6; predicted 22..82 fJ/bit/hop: PASS, holds on both cards as predicted.
  all cards: PASS           P4 on all cards: a2 64.1 fJ/bit/hop [38.3, 89.9] n=6; a3 55.3 fJ/bit/hop [43, 67.6] n=6; a1c1 61.8 fJ/bit/hop [42.8, 80.7] n=6; predicted 22..82 fJ/bit/hop: PASS (holds on a2, a3, a1c1).
PASS           P5a board: wu - wsep data part over d=1-4, fJ/bit/hop: a2 70.8 fJ/bit/hop [44.7, 96.9] n=6; a3 88.8 fJ/bit/hop [13.1, 165] n=6; predicted 24..104 fJ/bit/hop: PASS, holds on both cards as predicted.
  all cards: PASS           P5a on all cards: a2 70.8 fJ/bit/hop [44.7, 96.9] n=6; a3 88.8 fJ/bit/hop [13.1, 165] n=6; a1c1 82.9 fJ/bit/hop [59.4, 106] n=6; predicted 24..104 fJ/bit/hop: PASS (holds on a2, a3, a1c1).
PASS           P5b board: wu - wsep zeros slope over d=1-4, fJ/bit/hop: a2 50 fJ/bit/hop [24.3, 75.8] n=6; a3 43.8 fJ/bit/hop [16.7, 70.9] n=6; predicted 16..86 fJ/bit/hop: PASS, holds on both cards as predicted.
  all cards: PASS           P5b on all cards: a2 50 fJ/bit/hop [24.3, 75.8] n=6; a3 43.8 fJ/bit/hop [16.7, 70.9] n=6; a1c1 63.5 fJ/bit/hop [46.8, 80.3] n=6; predicted 16..86 fJ/bit/hop: PASS (holds on a2, a3, a1c1).
PASS           P6a mesh rail: slope(all ones)/slope(random) - 1 over d=1-6: a2 9.59% [8.14, 11] n=6; a3 8.13% [0.482, 15.8] n=6; predicted 4.5..12.5%: PASS, holds on both cards as predicted.
  all cards: PASS           P6a on all cards: a2 9.59% [8.14, 11] n=6; a3 8.13% [0.482, 15.8] n=6; a1c1 12.3% [0.225, 24.4] n=6; predicted 4.5..12.5%: PASS (holds on a2, a3, a1c1).
FAIL           P6b board: slope(all ones)/slope(random) - 1 over d=1-6: a2 5.84% [-0.641, 12.3] n=6; a3 5.15% [-6.1, 16.4] n=6; predicted 2..12%: FAIL, the prediction failed: the claim is dropped or qualified and the page takes the measured values.
  all cards: FAIL           P6b on all cards: a2 5.84% [-0.641, 12.3] n=6; a3 5.15% [-6.1, 16.4] n=6; a1c1 8.68% [-0.918, 18.3] n=6; predicted 2..12%: FAIL (fails on a2, a3, a1c1).
PASS           P7a mesh rail: random, d=4 above the line through 1,2,3,6: a2 6.47% [5, 7.95] n=6; a3 8.04% [2.72, 13.4] n=6; predicted 3..9%: PASS, holds on both cards as predicted.
  all cards: PASS           P7a on all cards: a2 6.47% [5, 7.95] n=6; a3 8.04% [2.72, 13.4] n=6; a1c1 7.89% [2.28, 13.5] n=6; predicted 3..9%: PASS (holds on a2, a3, a1c1).
PASS           P7b mesh rail: zeros, d=4 above the line: a2 6.86% [5.16, 8.56] n=6; a3 6.83% [5.61, 8.04] n=6; predicted 3.5..9.5%: PASS, holds on both cards as predicted.
  all cards: CARD-DIFFERENT P7b on all cards: a2 6.86% [5.16, 8.56] n=6; a3 6.83% [5.61, 8.04] n=6; a1c1 3.74% [-10.8, 18.3] n=6; predicted 3.5..9.5%: CARD-DIFFERENT (holds on a2, a3; fails on a1c1).
PASS           P7c mesh rail: all ones, d=4 above the line: a2 14.5% [12.2, 16.8] n=6; a3 15.2% [14.5, 15.8] n=6; predicted 11..19%: PASS, holds on both cards as predicted.
  all cards: PASS           P7c on all cards: a2 14.5% [12.2, 16.8] n=6; a3 15.2% [14.5, 15.8] n=6; a1c1 15.4% [14.2, 16.6] n=6; predicted 11..19%: PASS (holds on a2, a3, a1c1).
PASS           P7d board: all ones, d=4 above the line: a2 12.4% [10.4, 14.3] n=6; a3 11.9% [9.45, 14.3] n=6; predicted 7..17%: PASS, holds on both cards as predicted.
  all cards: PASS           P7d on all cards: a2 12.4% [10.4, 14.3] n=6; a3 11.9% [9.45, 14.3] n=6; a1c1 12.3% [9.77, 14.9] n=6; predicted 7..17%: PASS (holds on a2, a3, a1c1).
CARD-DIFFERENT P7e board: random, d=4 above the line: a2 3.98% [1.92, 6.05] n=6; a3 6.23% [-0.623, 13.1] n=6; predicted 1.5..7.5%: CARD-DIFFERENT, holds on a2 only: the page states per-card values.
  all cards: CARD-DIFFERENT P7e on all cards: a2 3.98% [1.92, 6.05] n=6; a3 6.23% [-0.623, 13.1] n=6; a1c1 4.89% [3.29, 6.48] n=6; predicted 1.5..7.5%: CARD-DIFFERENT (holds on a2, a1c1; fails on a3).
CARD-DIFFERENT P7f board: zeros, d=4 above the line: a2 5.13% [0.732, 9.52] n=6; a3 3.8% [-1.94, 9.54] n=6; predicted -0.5..5.5%: CARD-DIFFERENT, holds on a2 only: the page states per-card values.
  all cards: CARD-DIFFERENT P7f on all cards: a2 5.13% [0.732, 9.52] n=6; a3 3.8% [-1.94, 9.54] n=6; a1c1 4.56% [-0.176, 9.29] n=6; predicted -0.5..5.5%: CARD-DIFFERENT (holds on a2; fails on a3, a1c1).
CARD-DIFFERENT P8 mesh rail: exit step, random, in hops (intercept over 1-6 less d=0, over slope): a2 0.55 hop [0.535, 0.566] n=6; a3 0.448 hop [-0.0433, 0.94] n=6; predicted 0.35..0.75 hop: CARD-DIFFERENT, holds on a2 only: the page states per-card values.
  all cards: CARD-DIFFERENT P8 on all cards: a2 0.55 hop [0.535, 0.566] n=6; a3 0.448 hop [-0.0433, 0.94] n=6; a1c1 0.64 hop [0.361, 0.919] n=6; predicted 0.35..0.75 hop: CARD-DIFFERENT (holds on a2, a1c1; fails on a3).
CARD-DIFFERENT P9 board: exit step, random, in hops: a2 1.11 hop [0.986, 1.23] n=6; a3 0.926 hop [-0.0211, 1.87] n=6; predicted 0.7..1.5 hop: CARD-DIFFERENT, holds on a2 only: the page states per-card values.
  all cards: CARD-DIFFERENT P9 on all cards: a2 1.11 hop [0.986, 1.23] n=6; a3 0.926 hop [-0.0211, 1.87] n=6; a1c1 1.27 hop [1.02, 1.52] n=6; predicted 0.7..1.5 hop: CARD-DIFFERENT (holds on a2, a1c1; fails on a3).
PASS           P10 mesh rail: data part at d=0 over its d=1 value: a2 2.28% [0.962, 3.61] n=6; a3 1.01% [0.613, 1.41] n=6; predicted -4..4%: PASS, holds on both cards as predicted.
  all cards: PASS           P10 on all cards: a2 2.28% [0.962, 3.61] n=6; a3 1.01% [0.613, 1.41] n=6; a1c1 2.25% [1.42, 3.07] n=6; predicted -4..4%: PASS (holds on a2, a3, a1c1).
PASS           P11a mesh rail: free-link random bit, everything, fJ/mm: a2 36.1 fJ/mm [35.2, 37] n=6; a3 35.8 fJ/mm [35.1, 36.5] n=6; predicted 33..39.5 fJ/mm: PASS, holds on both cards as predicted.
  all cards: PASS           P11a on all cards: a2 36.1 fJ/mm [35.2, 37] n=6; a3 35.8 fJ/mm [35.1, 36.5] n=6; a1c1 38.1 fJ/mm [26.3, 49.9] n=6; predicted 33..39.5 fJ/mm: PASS (holds on a2, a3, a1c1).
PASS           P11b board: free-link random bit, everything, fJ/mm: a2 46.7 fJ/mm [40.3, 53.1] n=6; a3 44.4 fJ/mm [41.9, 46.9] n=6; predicted 35..58 fJ/mm: PASS, holds on both cards as predicted.
  all cards: PASS           P11b on all cards: a2 46.7 fJ/mm [40.3, 53.1] n=6; a3 44.4 fJ/mm [41.9, 46.9] n=6; a1c1 51.1 fJ/mm [47.8, 54.5] n=6; predicted 35..58 fJ/mm: PASS (holds on a2, a3, a1c1).
PASS           P12 mesh rail: 1 - E(all ones, d=1)/E(random, d=1): a2 35.2% [34.1, 36.4] n=6; a3 35.7% [33.7, 37.8] n=6; predicted 31..41%: PASS, holds on both cards as predicted.
  all cards: PASS           P12 on all cards: a2 35.2% [34.1, 36.4] n=6; a3 35.7% [33.7, 37.8] n=6; a1c1 36.7% [35.6, 37.8] n=6; predicted 31..41%: PASS (holds on a2, a3, a1c1).
DESCRIPTIVE    P13 board: per-second bound on the link-disjoint fixed part (descriptive): a2 83.6% [49.2, 118] n=6; a3 93.5% [66.8, 120] n=6: descriptive; upper 99% bound above 50% on a2 and a3, so the page keeps 'cannot rule out' there.
  all cards: DESCRIPTIVE    P13 on all cards: a2 83.6% [49.2, 118] n=6; a3 93.5% [66.8, 120] n=6; a1c1 104% [70.9, 137] n=6: descriptive; upper 99% bound above 50% on a2, a3, a1c1.
PASS           P14a mesh rail: wsep random, d=4 off the line through 1,2,3,5 (equivalence +-3%): a2 0.111% [-1.18, 1.4] n=6; a3 0.572% [-1.27, 2.41] n=6; predicted -3..3%: PASS, holds on both cards as predicted.
  all cards: PASS           P14a on all cards: a2 0.111% [-1.18, 1.4] n=6; a3 0.572% [-1.27, 2.41] n=6; a1c1 0.372% [-0.894, 1.64] n=6; predicted -3..3%: PASS (holds on a2, a3, a1c1).
PASS           P14b mesh rail: wsep zeros, d=4 off the line through 1,2,3,5 (equivalence +-4%): a2 0.89% [-0.697, 2.48] n=6; a3 -0.188% [-2.87, 2.49] n=6; predicted -4..4%: PASS, holds on both cards as predicted.
  all cards: CARD-DIFFERENT P14b on all cards: a2 0.89% [-0.697, 2.48] n=6; a3 -0.188% [-2.87, 2.49] n=6; a1c1 2.12% [-0.353, 4.59] n=6; predicted -4..4%: CARD-DIFFERENT (holds on a2, a3; fails on a1c1).
PASS           P15a mesh rail: random, wu d4-off minus wsep d4-off: a2 6.36% [4.48, 8.25] n=6; a3 7.47% [1.74, 13.2] n=6; predicted 1.5..9%: PASS, holds on both cards as predicted.
  all cards: PASS           P15a on all cards: a2 6.36% [4.48, 8.25] n=6; a3 7.47% [1.74, 13.2] n=6; a1c1 7.52% [0.967, 14.1] n=6; predicted 1.5..9%: PASS (holds on a2, a3, a1c1).
PASS           P15b mesh rail: zeros, wu d4-off minus wsep d4-off: a2 5.97% [3.07, 8.88] n=6; a3 7.01% [4.1, 9.93] n=6; predicted 2..10%: PASS, holds on both cards as predicted.
  all cards: CARD-DIFFERENT P15b on all cards: a2 5.97% [3.07, 8.88] n=6; a3 7.01% [4.1, 9.93] n=6; a1c1 1.62% [-14, 17.3] n=6; predicted 2..10%: CARD-DIFFERENT (holds on a2, a3; fails on a1c1).
PASS           P16 mesh rail: one hop, data part wu/wsep - 1 (equivalence +-5%): a2 0.823% [-2.09, 3.74] n=6; a3 1.57% [-0.95, 4.08] n=6; predicted -5..5%: PASS, holds on both cards as predicted.
  all cards: CARD-DIFFERENT P16 on all cards: a2 0.823% [-2.09, 3.74] n=6; a3 1.57% [-0.95, 4.08] n=6; a1c1 -6.37% [-39.7, 26.9] n=6; predicted -5..5%: CARD-DIFFERENT (holds on a2, a3; fails on a1c1).
PASS           WIRE-FILL: every DUMP word equals its EXPECT word in all 12 launches on a2 and all 12 launches on a3: PASS; the page says the check is of the store kernel on a DRAM slice, not of the scratchpad image.
  all cards: PASS           WIRE-FILL on all cards: a2 all 12 match; a3 all 12 match; a1c1 all 12 match: PASS.
-> docs/reports/data/2026-09-25-claims-v3/results/wire.json
