09:15:41 sparseparity energy l2 on aifoundry3 (DRY: test doubles, no device), out /home/yaroslavvb/nekko/build/sparseparity-i-src/../sparseparity-energy/dry-l2-final
09:15:41 kernel /home/yaroslavvb/nekko/build/sparseparity-i-src/../sparseparity-i/kernel/sparseparity.elf: .text sha256 4c2e7bdeb1b4e614109eca32fce8506291ff4ef49ac513237d84f5b57484015f
09:15:41 plan: 14 launches of ~0.429 s (budget allows 14, target 14): burst ~6.09 s from ~0.44 s of the process; the host starts no launch after 6.50 s (model 0.4274 s, guard 0.6545 s, timeout 3 s)
09:15:41 sampler 1882938 at 20 Hz; idle 8 s
09:15:56 host rc 0 in 6682 ms: PASS reps 14 of 14 launch_s mean 0.429 solved True
L2: 14 solves in 6.059 s (2.311/s; kernel 0.4290 s each, 2.331/s)
  board 40.47 W in the burst, idle 24.39 W: +16.08 W, +15.94 W leakage-corrected (+0.13 W at 0.334 W/C)
  die 55.0 C before, 56.4 C busy (max 57), 56.0 C brackets
  J per solve over idle: board 6.900 (uncorrected 6.958; the SP's board average 6.871, uncorrected 7.226; 0 of 23 busy readings at idle)
  rails, J per solve: minion 3.776, SRAM 0.830, NoC 0.547, unmetered 1.718 (the SP average minus the rails)
  board total per solve (idle included) 17.516 J
  CPU 6T best (vexh two-stage, m1 = 1024, 0.459 s): 57.4-115.2 J at an assumed 125-251 W; x3.3-6.6 the card's total
  RAPL on the host: root-only (400 root)
  OK | DRY: test doubles, not a measurement
  truth reps: reduced 14 vs injected 14 ok
  truth board J/solve (catalogue method): reduced 6.9003 vs injected 6.8571 ok
  truth board J/solve (integral): reduced 6.82 vs injected 6.8571 ok
  truth board J/solve (SP average): reduced 6.8713 vs injected 6.8571 ok
  truth minion_w J/solve: reduced 3.7757 vs injected 3.7714 ok
  truth sram_w J/solve: reduced 0.8299 vs injected 0.8229 ok
  truth noc_w J/solve: reduced 0.5474 vs injected 0.5486 ok
  truth unmetered J/solve: reduced 1.7183 vs injected 1.7143 ok
  truth burst start (s): reduced 1790698550.164 vs injected 1790698550.1641 ok
  truth burst end (s): reduced 1790698556.223 vs injected 1790698556.2238 ok
  TRUTH PASS
09:16:06 DONE l2: ok; /home/yaroslavvb/nekko/build/sparseparity-i-src/../sparseparity-energy/dry-l2-final/energy.json
