Opening device 1
PCIE {"t_ms":1790664615292,"test":"open","open_ns":130672467,"src":"PCIEBENCH_SRC_SHA256 main=27b7ed06330c4bae26cd24be189cdac0d67432cb52b1e8c7fca1116abda1aa5f args=8ae69bd7d46097957b638ff4c6630eb3e66d3cb0654b77d3bf55f3336c61c508 touch=92180a93c6dae0a1dce8c379156f827bd6588115777499dc45e64bf606b46ec0","link":[{"bdf":"0000:01:00.0","speed":"16.0 GT/s PCIe","width":"8","max_speed":"16.0 GT/s PCIe","max_width":"8","cma_allocated":"0 MB"},{"bdf":"0000:02:00.0","speed":"16.0 GT/s PCIe","width":"8","max_speed":"16.0 GT/s PCIe","max_width":"8","cma_allocated":"2057 MB"}]}
PCIE {"t_ms":1790664615295,"test":"conc","trial":0,"copy":"dma","cfg":"d2h","legs":1,"bytes_per_leg":2097152,"leg_ns":[745643],"wall_ns":760067,"stream_errors":0,"mb":1,"cmds_per_leg":2,"elements":8}
PCIE {"t_ms":1790664615295,"test":"conc","trial":0,"copy":"dma","cfg":"h2d/ser","legs":1,"bytes_per_leg":2097152,"leg_ns":[475639],"wall_ns":488365,"stream_errors":0,"mb":1,"cmds_per_leg":2,"elements":8}
PCIE {"t_ms":1790664615296,"test":"conc","trial":0,"copy":"dma","cfg":"2xh2d/ser","legs":2,"bytes_per_leg":2097152,"leg_ns":[668445,674742],"wall_ns":686884,"stream_errors":0,"mb":1,"cmds_per_leg":2,"elements":8}
PCIE {"t_ms":1790664615297,"test":"conc","trial":0,"copy":"dma","cfg":"d2h/ser","legs":1,"bytes_per_leg":2097152,"leg_ns":[897799],"wall_ns":915705,"stream_errors":0,"mb":1,"cmds_per_leg":2,"elements":8}
PCIE {"t_ms":1790664615298,"test":"conc","trial":0,"copy":"dma","cfg":"h2d","legs":1,"bytes_per_leg":2097152,"leg_ns":[629766],"wall_ns":647837,"stream_errors":0,"mb":1,"cmds_per_leg":2,"elements":8}
PCIE {"t_ms":1790664615298,"test":"conc","trial":1,"copy":"dma","cfg":"h2d","legs":1,"bytes_per_leg":2097152,"leg_ns":[480364],"wall_ns":495140,"stream_errors":0,"mb":1,"cmds_per_leg":2,"elements":8}
PCIE {"t_ms":1790664615299,"test":"conc","trial":1,"copy":"dma","cfg":"d2h","legs":1,"bytes_per_leg":2097152,"leg_ns":[655369],"wall_ns":668187,"stream_errors":0,"mb":1,"cmds_per_leg":2,"elements":8}
PCIE {"t_ms":1790664615299,"test":"conc","trial":1,"copy":"dma","cfg":"h2d/ser","legs":1,"bytes_per_leg":2097152,"leg_ns":[368722],"wall_ns":388389,"stream_errors":0,"mb":1,"cmds_per_leg":2,"elements":8}
PCIE {"t_ms":1790664615300,"test":"conc","trial":1,"copy":"dma","cfg":"d2h/ser","legs":1,"bytes_per_leg":2097152,"leg_ns":[625306],"wall_ns":637469,"stream_errors":0,"mb":1,"cmds_per_leg":2,"elements":8}
PCIE {"t_ms":1790664615301,"test":"conc","trial":1,"copy":"dma","cfg":"2xh2d/ser","legs":2,"bytes_per_leg":2097152,"leg_ns":[459972,573272],"wall_ns":585998,"stream_errors":0,"mb":1,"cmds_per_leg":2,"elements":8}
PCIE {"t_ms":1790664615301,"test":"conc","trial":2,"copy":"dma","cfg":"d2h/ser","legs":1,"bytes_per_leg":2097152,"leg_ns":[631622],"wall_ns":643879,"stream_errors":0,"mb":1,"cmds_per_leg":2,"elements":8}
PCIE {"t_ms":1790664615302,"test":"conc","trial":2,"copy":"dma","cfg":"2xh2d/ser","legs":2,"bytes_per_leg":2097152,"leg_ns":[489780,501955],"wall_ns":514354,"stream_errors":0,"mb":1,"cmds_per_leg":2,"elements":8}
PCIE {"t_ms":1790664615302,"test":"conc","trial":2,"copy":"dma","cfg":"h2d/ser","legs":1,"bytes_per_leg":2097152,"leg_ns":[551661],"wall_ns":564019,"stream_errors":0,"mb":1,"cmds_per_leg":2,"elements":8}
PCIE {"t_ms":1790664615303,"test":"conc","trial":2,"copy":"dma","cfg":"d2h","legs":1,"bytes_per_leg":2097152,"leg_ns":[625685],"wall_ns":637720,"stream_errors":0,"mb":1,"cmds_per_leg":2,"elements":8}
PCIE {"t_ms":1790664615303,"test":"conc","trial":2,"copy":"dma","cfg":"h2d","legs":1,"bytes_per_leg":2097152,"leg_ns":[454750],"wall_ns":467058,"stream_errors":0,"mb":1,"cmds_per_leg":2,"elements":8}
PCIE {"t_ms":1790664615304,"test":"conc","trial":3,"copy":"dma","cfg":"h2d/ser","legs":1,"bytes_per_leg":2097152,"leg_ns":[547201],"wall_ns":559140,"stream_errors":0,"mb":1,"cmds_per_leg":2,"elements":8}
PCIE {"t_ms":1790664615305,"test":"conc","trial":3,"copy":"dma","cfg":"2xh2d/ser","legs":2,"bytes_per_leg":2097152,"leg_ns":[567651,571717],"wall_ns":583993,"stream_errors":0,"mb":1,"cmds_per_leg":2,"elements":8}
PCIE {"t_ms":1790664615305,"test":"conc","trial":3,"copy":"dma","cfg":"d2h","legs":1,"bytes_per_leg":2097152,"leg_ns":[636587],"wall_ns":648573,"stream_errors":0,"mb":1,"cmds_per_leg":2,"elements":8}
PCIE {"t_ms":1790664615306,"test":"conc","trial":3,"copy":"dma","cfg":"d2h/ser","legs":1,"bytes_per_leg":2097152,"leg_ns":[328041],"wall_ns":340186,"stream_errors":0,"mb":1,"cmds_per_leg":2,"elements":8}
PCIE {"t_ms":1790664615306,"test":"conc","trial":3,"copy":"dma","cfg":"h2d","legs":1,"bytes_per_leg":2097152,"leg_ns":[364132],"wall_ns":376171,"stream_errors":0,"mb":1,"cmds_per_leg":2,"elements":8}
PCIE {"t_ms":1790664615307,"test":"conc","trial":4,"copy":"dma","cfg":"h2d/ser","legs":1,"bytes_per_leg":2097152,"leg_ns":[547468],"wall_ns":559815,"stream_errors":0,"mb":1,"cmds_per_leg":2,"elements":8}
PCIE {"t_ms":1790664615307,"test":"conc","trial":4,"copy":"dma","cfg":"d2h/ser","legs":1,"bytes_per_leg":2097152,"leg_ns":[637789],"wall_ns":649958,"stream_errors":0,"mb":1,"cmds_per_leg":2,"elements":8}
PCIE {"t_ms":1790664615308,"test":"conc","trial":4,"copy":"dma","cfg":"h2d","legs":1,"bytes_per_leg":2097152,"leg_ns":[466614],"wall_ns":479010,"stream_errors":0,"mb":1,"cmds_per_leg":2,"elements":8}
PCIE {"t_ms":1790664615308,"test":"conc","trial":4,"copy":"dma","cfg":"2xh2d/ser","legs":2,"bytes_per_leg":2097152,"leg_ns":[560108,566462],"wall_ns":578402,"stream_errors":0,"mb":1,"cmds_per_leg":2,"elements":8}
PCIE {"t_ms":1790664615309,"test":"conc","trial":4,"copy":"dma","cfg":"d2h","legs":1,"bytes_per_leg":2097152,"leg_ns":[648819],"wall_ns":660949,"stream_errors":0,"mb":1,"cmds_per_leg":2,"elements":8}
PCIE {"t_ms":1790664615309,"test":"conc","trial":5,"copy":"dma","cfg":"h2d","legs":1,"bytes_per_leg":2097152,"leg_ns":[418643],"wall_ns":431124,"stream_errors":0,"mb":1,"cmds_per_leg":2,"elements":8}
PCIE {"t_ms":1790664615310,"test":"conc","trial":5,"copy":"dma","cfg":"d2h","legs":1,"bytes_per_leg":2097152,"leg_ns":[636072],"wall_ns":648225,"stream_errors":0,"mb":1,"cmds_per_leg":2,"elements":8}
PCIE {"t_ms":1790664615311,"test":"conc","trial":5,"copy":"dma","cfg":"2xh2d/ser","legs":2,"bytes_per_leg":2097152,"leg_ns":[463603,574004],"wall_ns":586222,"stream_errors":0,"mb":1,"cmds_per_leg":2,"elements":8}
PCIE {"t_ms":1790664615311,"test":"conc","trial":5,"copy":"dma","cfg":"h2d/ser","legs":1,"bytes_per_leg":2097152,"leg_ns":[556633],"wall_ns":568576,"stream_errors":0,"mb":1,"cmds_per_leg":2,"elements":8}
PCIE {"t_ms":1790664615312,"test":"conc","trial":5,"copy":"dma","cfg":"d2h/ser","legs":1,"bytes_per_leg":2097152,"leg_ns":[643740],"wall_ns":655986,"stream_errors":0,"mb":1,"cmds_per_leg":2,"elements":8}
PCIE {"t_ms":1790664615312,"test":"conc","trial":6,"copy":"dma","cfg":"h2d/ser","legs":1,"bytes_per_leg":2097152,"leg_ns":[358046],"wall_ns":370656,"stream_errors":0,"mb":1,"cmds_per_leg":2,"elements":8}
PCIE {"t_ms":1790664615313,"test":"conc","trial":6,"copy":"dma","cfg":"d2h/ser","legs":1,"bytes_per_leg":2097152,"leg_ns":[635371],"wall_ns":647518,"stream_errors":0,"mb":1,"cmds_per_leg":2,"elements":8}
PCIE {"t_ms":1790664615313,"test":"conc","trial":6,"copy":"dma","cfg":"2xh2d/ser","legs":2,"bytes_per_leg":2097152,"leg_ns":[506148,515429],"wall_ns":527917,"stream_errors":0,"mb":1,"cmds_per_leg":2,"elements":8}
PCIE {"t_ms":1790664615314,"test":"conc","trial":6,"copy":"dma","cfg":"h2d","legs":1,"bytes_per_leg":2097152,"leg_ns":[557769],"wall_ns":570105,"stream_errors":0,"mb":1,"cmds_per_leg":2,"elements":8}
PCIE {"t_ms":1790664615315,"test":"conc","trial":6,"copy":"dma","cfg":"d2h","legs":1,"bytes_per_leg":2097152,"leg_ns":[640814],"wall_ns":653102,"stream_errors":0,"mb":1,"cmds_per_leg":2,"elements":8}
PCIE {"t_ms":1790664615315,"test":"conc","trial":7,"copy":"dma","cfg":"h2d/ser","legs":1,"bytes_per_leg":2097152,"leg_ns":[367628],"wall_ns":379834,"stream_errors":0,"mb":1,"cmds_per_leg":2,"elements":8}
PCIE {"t_ms":1790664615316,"test":"conc","trial":7,"copy":"dma","cfg":"2xh2d/ser","legs":2,"bytes_per_leg":2097152,"leg_ns":[560983,568114],"wall_ns":580589,"stream_errors":0,"mb":1,"cmds_per_leg":2,"elements":8}
PCIE {"t_ms":1790664615316,"test":"conc","trial":7,"copy":"dma","cfg":"h2d","legs":1,"bytes_per_leg":2097152,"leg_ns":[552769],"wall_ns":565189,"stream_errors":0,"mb":1,"cmds_per_leg":2,"elements":8}
PCIE {"t_ms":1790664615317,"test":"conc","trial":7,"copy":"dma","cfg":"d2h","legs":1,"bytes_per_leg":2097152,"leg_ns":[622907],"wall_ns":635289,"stream_errors":0,"mb":1,"cmds_per_leg":2,"elements":8}
PCIE {"t_ms":1790664615317,"test":"conc","trial":7,"copy":"dma","cfg":"d2h/ser","legs":1,"bytes_per_leg":2097152,"leg_ns":[340139],"wall_ns":352289,"stream_errors":0,"mb":1,"cmds_per_leg":2,"elements":8}
PCIE {"t_ms":1790664615318,"test":"conc","trial":8,"copy":"dma","cfg":"d2h/ser","legs":1,"bytes_per_leg":2097152,"leg_ns":[318283],"wall_ns":330481,"stream_errors":0,"mb":1,"cmds_per_leg":2,"elements":8}
PCIE {"t_ms":1790664615318,"test":"conc","trial":8,"copy":"dma","cfg":"h2d","legs":1,"bytes_per_leg":2097152,"leg_ns":[471735],"wall_ns":483853,"stream_errors":0,"mb":1,"cmds_per_leg":2,"elements":8}
PCIE {"t_ms":1790664615319,"test":"conc","trial":8,"copy":"dma","cfg":"d2h","legs":1,"bytes_per_leg":2097152,"leg_ns":[635688],"wall_ns":648115,"stream_errors":0,"mb":1,"cmds_per_leg":2,"elements":8}
PCIE {"t_ms":1790664615319,"test":"conc","trial":8,"copy":"dma","cfg":"2xh2d/ser","legs":2,"bytes_per_leg":2097152,"leg_ns":[462757,572758],"wall_ns":585172,"stream_errors":0,"mb":1,"cmds_per_leg":2,"elements":8}
PCIE {"t_ms":1790664615320,"test":"conc","trial":8,"copy":"dma","cfg":"h2d/ser","legs":1,"bytes_per_leg":2097152,"leg_ns":[553628],"wall_ns":565797,"stream_errors":0,"mb":1,"cmds_per_leg":2,"elements":8}
PCIE {"t_ms":1790664615321,"test":"conc","trial":9,"copy":"dma","cfg":"h2d","legs":1,"bytes_per_leg":2097152,"leg_ns":[546456],"wall_ns":558925,"stream_errors":0,"mb":1,"cmds_per_leg":2,"elements":8}
PCIE {"t_ms":1790664615321,"test":"conc","trial":9,"copy":"dma","cfg":"2xh2d/ser","legs":2,"bytes_per_leg":2097152,"leg_ns":[559711,567699],"wall_ns":579667,"stream_errors":0,"mb":1,"cmds_per_leg":2,"elements":8}
PCIE {"t_ms":1790664615322,"test":"conc","trial":9,"copy":"dma","cfg":"h2d/ser","legs":1,"bytes_per_leg":2097152,"leg_ns":[550408],"wall_ns":562652,"stream_errors":0,"mb":1,"cmds_per_leg":2,"elements":8}
PCIE {"t_ms":1790664615322,"test":"conc","trial":9,"copy":"dma","cfg":"d2h","legs":1,"bytes_per_leg":2097152,"leg_ns":[684649],"wall_ns":697502,"stream_errors":0,"mb":1,"cmds_per_leg":2,"elements":8}
PCIE {"t_ms":1790664615323,"test":"conc","trial":9,"copy":"dma","cfg":"d2h/ser","legs":1,"bytes_per_leg":2097152,"leg_ns":[344711],"wall_ns":357120,"stream_errors":0,"mb":1,"cmds_per_leg":2,"elements":8}
PCIE {"t_ms":1790664615323,"test":"conc","trial":10,"copy":"dma","cfg":"d2h/ser","legs":1,"bytes_per_leg":2097152,"leg_ns":[335946],"wall_ns":348029,"stream_errors":0,"mb":1,"cmds_per_leg":2,"elements":8}
PCIE {"t_ms":1790664615324,"test":"conc","trial":10,"copy":"dma","cfg":"2xh2d/ser","legs":2,"bytes_per_leg":2097152,"leg_ns":[452731,564005],"wall_ns":576116,"stream_errors":0,"mb":1,"cmds_per_leg":2,"elements":8}
PCIE {"t_ms":1790664615324,"test":"conc","trial":10,"copy":"dma","cfg":"d2h","legs":1,"bytes_per_leg":2097152,"leg_ns":[636411],"wall_ns":648751,"stream_errors":0,"mb":1,"cmds_per_leg":2,"elements":8}
PCIE {"t_ms":1790664615325,"test":"conc","trial":10,"copy":"dma","cfg":"h2d/ser","legs":1,"bytes_per_leg":2097152,"leg_ns":[365439],"wall_ns":377440,"stream_errors":0,"mb":1,"cmds_per_leg":2,"elements":8}
PCIE {"t_ms":1790664615325,"test":"conc","trial":10,"copy":"dma","cfg":"h2d","legs":1,"bytes_per_leg":2097152,"leg_ns":[551242],"wall_ns":563376,"stream_errors":0,"mb":1,"cmds_per_leg":2,"elements":8}
PCIE {"t_ms":1790664615326,"test":"conc","trial":11,"copy":"dma","cfg":"2xh2d/ser","legs":2,"bytes_per_leg":2097152,"leg_ns":[556998,564978],"wall_ns":577190,"stream_errors":0,"mb":1,"cmds_per_leg":2,"elements":8}
PCIE {"t_ms":1790664615327,"test":"conc","trial":11,"copy":"dma","cfg":"h2d","legs":1,"bytes_per_leg":2097152,"leg_ns":[550333],"wall_ns":562712,"stream_errors":0,"mb":1,"cmds_per_leg":2,"elements":8}
PCIE {"t_ms":1790664615327,"test":"conc","trial":11,"copy":"dma","cfg":"d2h","legs":1,"bytes_per_leg":2097152,"leg_ns":[633954],"wall_ns":646170,"stream_errors":0,"mb":1,"cmds_per_leg":2,"elements":8}
PCIE {"t_ms":1790664615328,"test":"conc","trial":11,"copy":"dma","cfg":"h2d/ser","legs":1,"bytes_per_leg":2097152,"leg_ns":[351215],"wall_ns":363500,"stream_errors":0,"mb":1,"cmds_per_leg":2,"elements":8}
PCIE {"t_ms":1790664615328,"test":"conc","trial":11,"copy":"dma","cfg":"d2h/ser","legs":1,"bytes_per_leg":2097152,"leg_ns":[641227],"wall_ns":653252,"stream_errors":0,"mb":1,"cmds_per_leg":2,"elements":8}
PCIE {"t_ms":1790664615329,"test":"conc","trial":12,"copy":"dma","cfg":"d2h/ser","legs":1,"bytes_per_leg":2097152,"leg_ns":[343895],"wall_ns":356263,"stream_errors":0,"mb":1,"cmds_per_leg":2,"elements":8}
PCIE {"t_ms":1790664615329,"test":"conc","trial":12,"copy":"dma","cfg":"2xh2d/ser","legs":2,"bytes_per_leg":2097152,"leg_ns":[484114,595286],"wall_ns":607613,"stream_errors":0,"mb":1,"cmds_per_leg":2,"elements":8}
PCIE {"t_ms":1790664615330,"test":"conc","trial":12,"copy":"dma","cfg":"d2h","legs":1,"bytes_per_leg":2097152,"leg_ns":[636011],"wall_ns":648571,"stream_errors":0,"mb":1,"cmds_per_leg":2,"elements":8}
PCIE {"t_ms":1790664615330,"test":"conc","trial":12,"copy":"dma","cfg":"h2d/ser","legs":1,"bytes_per_leg":2097152,"leg_ns":[356473],"wall_ns":368575,"stream_errors":0,"mb":1,"cmds_per_leg":2,"elements":8}
PCIE {"t_ms":1790664615331,"test":"conc","trial":12,"copy":"dma","cfg":"h2d","legs":1,"bytes_per_leg":2097152,"leg_ns":[547495],"wall_ns":559412,"stream_errors":0,"mb":1,"cmds_per_leg":2,"elements":8}
PCIE {"t_ms":1790664615331,"test":"conc","trial":13,"copy":"dma","cfg":"2xh2d/ser","legs":2,"bytes_per_leg":2097152,"leg_ns":[559311,567969],"wall_ns":580345,"stream_errors":0,"mb":1,"cmds_per_leg":2,"elements":8}
PCIE {"t_ms":1790664615332,"test":"conc","trial":13,"copy":"dma","cfg":"h2d","legs":1,"bytes_per_leg":2097152,"leg_ns":[547241],"wall_ns":559172,"stream_errors":0,"mb":1,"cmds_per_leg":2,"elements":8}
PCIE {"t_ms":1790664615333,"test":"conc","trial":13,"copy":"dma","cfg":"h2d/ser","legs":1,"bytes_per_leg":2097152,"leg_ns":[551579],"wall_ns":563912,"stream_errors":0,"mb":1,"cmds_per_leg":2,"elements":8}
PCIE {"t_ms":1790664615333,"test":"conc","trial":13,"copy":"dma","cfg":"d2h","legs":1,"bytes_per_leg":2097152,"leg_ns":[622256],"wall_ns":634799,"stream_errors":0,"mb":1,"cmds_per_leg":2,"elements":8}
PCIE {"t_ms":1790664615334,"test":"conc","trial":13,"copy":"dma","cfg":"d2h/ser","legs":1,"bytes_per_leg":2097152,"leg_ns":[353062],"wall_ns":365629,"stream_errors":0,"mb":1,"cmds_per_leg":2,"elements":8}
PCIE {"t_ms":1790664615334,"test":"conc","trial":14,"copy":"dma","cfg":"h2d","legs":1,"bytes_per_leg":2097152,"leg_ns":[457165],"wall_ns":469450,"stream_errors":0,"mb":1,"cmds_per_leg":2,"elements":8}
PCIE {"t_ms":1790664615335,"test":"conc","trial":14,"copy":"dma","cfg":"h2d/ser","legs":1,"bytes_per_leg":2097152,"leg_ns":[548534],"wall_ns":560861,"stream_errors":0,"mb":1,"cmds_per_leg":2,"elements":8}
PCIE {"t_ms":1790664615335,"test":"conc","trial":14,"copy":"dma","cfg":"d2h","legs":1,"bytes_per_leg":2097152,"leg_ns":[643586],"wall_ns":656026,"stream_errors":0,"mb":1,"cmds_per_leg":2,"elements":8}
PCIE {"t_ms":1790664615336,"test":"conc","trial":14,"copy":"dma","cfg":"d2h/ser","legs":1,"bytes_per_leg":2097152,"leg_ns":[347188],"wall_ns":359559,"stream_errors":0,"mb":1,"cmds_per_leg":2,"elements":8}
PCIE {"t_ms":1790664615336,"test":"conc","trial":14,"copy":"dma","cfg":"2xh2d/ser","legs":2,"bytes_per_leg":2097152,"leg_ns":[474615,581482],"wall_ns":593899,"stream_errors":0,"mb":1,"cmds_per_leg":2,"elements":8}
PCIE {"t_ms":1790664615337,"test":"conc","trial":15,"copy":"dma","cfg":"h2d/ser","legs":1,"bytes_per_leg":2097152,"leg_ns":[549339],"wall_ns":561522,"stream_errors":0,"mb":1,"cmds_per_leg":2,"elements":8}
PCIE {"t_ms":1790664615337,"test":"conc","trial":15,"copy":"dma","cfg":"2xh2d/ser","legs":2,"bytes_per_leg":2097152,"leg_ns":[559557,567527],"wall_ns":580014,"stream_errors":0,"mb":1,"cmds_per_leg":2,"elements":8}
PCIE {"t_ms":1790664615338,"test":"conc","trial":15,"copy":"dma","cfg":"d2h/ser","legs":1,"bytes_per_leg":2097152,"leg_ns":[643560],"wall_ns":655886,"stream_errors":0,"mb":1,"cmds_per_leg":2,"elements":8}
PCIE {"t_ms":1790664615338,"test":"conc","trial":15,"copy":"dma","cfg":"d2h","legs":1,"bytes_per_leg":2097152,"leg_ns":[362270],"wall_ns":374880,"stream_errors":0,"mb":1,"cmds_per_leg":2,"elements":8}
PCIE {"t_ms":1790664615339,"test":"conc","trial":15,"copy":"dma","cfg":"h2d","legs":1,"bytes_per_leg":2097152,"leg_ns":[375837],"wall_ns":388142,"stream_errors":0,"mb":1,"cmds_per_leg":2,"elements":8}
PCIE {"t_ms":1790664615339,"test":"conc","trial":16,"copy":"dma","cfg":"h2d/ser","legs":1,"bytes_per_leg":2097152,"leg_ns":[550914],"wall_ns":563553,"stream_errors":0,"mb":1,"cmds_per_leg":2,"elements":8}
PCIE {"t_ms":1790664615340,"test":"conc","trial":16,"copy":"dma","cfg":"2xh2d/ser","legs":2,"bytes_per_leg":2097152,"leg_ns":[564012,569043],"wall_ns":581247,"stream_errors":0,"mb":1,"cmds_per_leg":2,"elements":8}
PCIE {"t_ms":1790664615341,"test":"conc","trial":16,"copy":"dma","cfg":"d2h/ser","legs":1,"bytes_per_leg":2097152,"leg_ns":[634559],"wall_ns":647076,"stream_errors":0,"mb":1,"cmds_per_leg":2,"elements":8}
PCIE {"t_ms":1790664615341,"test":"conc","trial":16,"copy":"dma","cfg":"h2d","legs":1,"bytes_per_leg":2097152,"leg_ns":[366258],"wall_ns":378463,"stream_errors":0,"mb":1,"cmds_per_leg":2,"elements":8}
PCIE {"t_ms":1790664615342,"test":"conc","trial":16,"copy":"dma","cfg":"d2h","legs":1,"bytes_per_leg":2097152,"leg_ns":[631982],"wall_ns":644323,"stream_errors":0,"mb":1,"cmds_per_leg":2,"elements":8}
PCIE {"t_ms":1790664615342,"test":"conc","trial":17,"copy":"dma","cfg":"h2d","legs":1,"bytes_per_leg":2097152,"leg_ns":[463945],"wall_ns":479766,"stream_errors":0,"mb":1,"cmds_per_leg":2,"elements":8}
PCIE {"t_ms":1790664615343,"test":"conc","trial":17,"copy":"dma","cfg":"2xh2d/ser","legs":2,"bytes_per_leg":2097152,"leg_ns":[556798,565073],"wall_ns":577241,"stream_errors":0,"mb":1,"cmds_per_leg":2,"elements":8}
PCIE {"t_ms":1790664615344,"test":"conc","trial":17,"copy":"dma","cfg":"d2h","legs":1,"bytes_per_leg":2097152,"leg_ns":[637764],"wall_ns":650214,"stream_errors":0,"mb":1,"cmds_per_leg":2,"elements":8}
PCIE {"t_ms":1790664615344,"test":"conc","trial":17,"copy":"dma","cfg":"d2h/ser","legs":1,"bytes_per_leg":2097152,"leg_ns":[342165],"wall_ns":354501,"stream_errors":0,"mb":1,"cmds_per_leg":2,"elements":8}
PCIE {"t_ms":1790664615344,"test":"conc","trial":17,"copy":"dma","cfg":"h2d/ser","legs":1,"bytes_per_leg":2097152,"leg_ns":[353989],"wall_ns":370860,"stream_errors":0,"mb":1,"cmds_per_leg":2,"elements":8}
PCIE {"t_ms":1790664615345,"test":"conc","trial":18,"copy":"dma","cfg":"h2d/ser","legs":1,"bytes_per_leg":2097152,"leg_ns":[541936],"wall_ns":554052,"stream_errors":0,"mb":1,"cmds_per_leg":2,"elements":8}
PCIE {"t_ms":1790664615345,"test":"conc","trial":18,"copy":"dma","cfg":"h2d","legs":1,"bytes_per_leg":2097152,"leg_ns":[552638],"wall_ns":564939,"stream_errors":0,"mb":1,"cmds_per_leg":2,"elements":8}
PCIE {"t_ms":1790664615346,"test":"conc","trial":18,"copy":"dma","cfg":"d2h","legs":1,"bytes_per_leg":2097152,"leg_ns":[641407],"wall_ns":653608,"stream_errors":0,"mb":1,"cmds_per_leg":2,"elements":8}
PCIE {"t_ms":1790664615347,"test":"conc","trial":18,"copy":"dma","cfg":"2xh2d/ser","legs":2,"bytes_per_leg":2097152,"leg_ns":[476660,588079],"wall_ns":600613,"stream_errors":0,"mb":1,"cmds_per_leg":2,"elements":8}
PCIE {"t_ms":1790664615347,"test":"conc","trial":18,"copy":"dma","cfg":"d2h/ser","legs":1,"bytes_per_leg":2097152,"leg_ns":[643242],"wall_ns":655727,"stream_errors":0,"mb":1,"cmds_per_leg":2,"elements":8}
PCIE {"t_ms":1790664615348,"test":"conc","trial":19,"copy":"dma","cfg":"h2d","legs":1,"bytes_per_leg":2097152,"leg_ns":[360350],"wall_ns":373023,"stream_errors":0,"mb":1,"cmds_per_leg":2,"elements":8}
PCIE {"t_ms":1790664615348,"test":"conc","trial":19,"copy":"dma","cfg":"d2h/ser","legs":1,"bytes_per_leg":2097152,"leg_ns":[606038],"wall_ns":618669,"stream_errors":0,"mb":1,"cmds_per_leg":2,"elements":8}
PCIE {"t_ms":1790664615349,"test":"conc","trial":19,"copy":"dma","cfg":"2xh2d/ser","legs":2,"bytes_per_leg":2097152,"leg_ns":[493915,501281],"wall_ns":513717,"stream_errors":0,"mb":1,"cmds_per_leg":2,"elements":8}
PCIE {"t_ms":1790664615349,"test":"conc","trial":19,"copy":"dma","cfg":"h2d/ser","legs":1,"bytes_per_leg":2097152,"leg_ns":[547452],"wall_ns":560041,"stream_errors":0,"mb":1,"cmds_per_leg":2,"elements":8}
PCIE {"t_ms":1790664615350,"test":"conc","trial":19,"copy":"dma","cfg":"d2h","legs":1,"bytes_per_leg":2097152,"leg_ns":[644738],"wall_ns":658502,"stream_errors":0,"mb":1,"cmds_per_leg":2,"elements":8}
PCIE {"t_ms":1790664615351,"test":"conc","trial":20,"copy":"dma","cfg":"h2d","legs":1,"bytes_per_leg":2097152,"leg_ns":[583030],"wall_ns":595511,"stream_errors":0,"mb":1,"cmds_per_leg":2,"elements":8}
PCIE {"t_ms":1790664615351,"test":"conc","trial":20,"copy":"dma","cfg":"d2h","legs":1,"bytes_per_leg":2097152,"leg_ns":[590982],"wall_ns":603696,"stream_errors":0,"mb":1,"cmds_per_leg":2,"elements":8}
PCIE {"t_ms":1790664615352,"test":"conc","trial":20,"copy":"dma","cfg":"h2d/ser","legs":1,"bytes_per_leg":2097152,"leg_ns":[366420],"wall_ns":378745,"stream_errors":0,"mb":1,"cmds_per_leg":2,"elements":8}
PCIE {"t_ms":1790664615352,"test":"conc","trial":20,"copy":"dma","cfg":"d2h/ser","legs":1,"bytes_per_leg":2097152,"leg_ns":[582881],"wall_ns":595386,"stream_errors":0,"mb":1,"cmds_per_leg":2,"elements":8}
PCIE {"t_ms":1790664615353,"test":"conc","trial":20,"copy":"dma","cfg":"2xh2d/ser","legs":2,"bytes_per_leg":2097152,"leg_ns":[501289,507357],"wall_ns":519652,"stream_errors":0,"mb":1,"cmds_per_leg":2,"elements":8}
PCIE {"t_ms":1790664615353,"test":"conc","trial":21,"copy":"dma","cfg":"h2d","legs":1,"bytes_per_leg":2097152,"leg_ns":[550128],"wall_ns":562562,"stream_errors":0,"mb":1,"cmds_per_leg":2,"elements":8}
PCIE {"t_ms":1790664615354,"test":"conc","trial":21,"copy":"dma","cfg":"h2d/ser","legs":1,"bytes_per_leg":2097152,"leg_ns":[555958],"wall_ns":568100,"stream_errors":0,"mb":1,"cmds_per_leg":2,"elements":8}
PCIE {"t_ms":1790664615355,"test":"conc","trial":21,"copy":"dma","cfg":"2xh2d/ser","legs":2,"bytes_per_leg":2097152,"leg_ns":[563955,572268],"wall_ns":584557,"stream_errors":0,"mb":1,"cmds_per_leg":2,"elements":8}
PCIE {"t_ms":1790664615355,"test":"conc","trial":21,"copy":"dma","cfg":"d2h","legs":1,"bytes_per_leg":2097152,"leg_ns":[665785],"wall_ns":678203,"stream_errors":0,"mb":1,"cmds_per_leg":2,"elements":8}
PCIE {"t_ms":1790664615356,"test":"conc","trial":21,"copy":"dma","cfg":"d2h/ser","legs":1,"bytes_per_leg":2097152,"leg_ns":[352856],"wall_ns":365135,"stream_errors":0,"mb":1,"cmds_per_leg":2,"elements":8}
PCIE {"t_ms":1790664615356,"test":"conc","trial":22,"copy":"dma","cfg":"h2d","legs":1,"bytes_per_leg":2097152,"leg_ns":[475012],"wall_ns":487156,"stream_errors":0,"mb":1,"cmds_per_leg":2,"elements":8}
PCIE {"t_ms":1790664615357,"test":"conc","trial":22,"copy":"dma","cfg":"d2h/ser","legs":1,"bytes_per_leg":2097152,"leg_ns":[647243],"wall_ns":659449,"stream_errors":0,"mb":1,"cmds_per_leg":2,"elements":8}
PCIE {"t_ms":1790664615357,"test":"conc","trial":22,"copy":"dma","cfg":"h2d/ser","legs":1,"bytes_per_leg":2097152,"leg_ns":[370691],"wall_ns":383254,"stream_errors":0,"mb":1,"cmds_per_leg":2,"elements":8}
PCIE {"t_ms":1790664615358,"test":"conc","trial":22,"copy":"dma","cfg":"d2h","legs":1,"bytes_per_leg":2097152,"leg_ns":[648735],"wall_ns":660827,"stream_errors":0,"mb":1,"cmds_per_leg":2,"elements":8}
PCIE {"t_ms":1790664615359,"test":"conc","trial":22,"copy":"dma","cfg":"2xh2d/ser","legs":2,"bytes_per_leg":2097152,"leg_ns":[483090,591712],"wall_ns":604091,"stream_errors":0,"mb":1,"cmds_per_leg":2,"elements":8}
PCIE {"t_ms":1790664615359,"test":"conc","trial":23,"copy":"dma","cfg":"h2d","legs":1,"bytes_per_leg":2097152,"leg_ns":[550157],"wall_ns":562328,"stream_errors":0,"mb":1,"cmds_per_leg":2,"elements":8}
PCIE {"t_ms":1790664615360,"test":"conc","trial":23,"copy":"dma","cfg":"h2d/ser","legs":1,"bytes_per_leg":2097152,"leg_ns":[553704],"wall_ns":566080,"stream_errors":0,"mb":1,"cmds_per_leg":2,"elements":8}
PCIE {"t_ms":1790664615360,"test":"conc","trial":23,"copy":"dma","cfg":"2xh2d/ser","legs":2,"bytes_per_leg":2097152,"leg_ns":[559742,566824],"wall_ns":579286,"stream_errors":0,"mb":1,"cmds_per_leg":2,"elements":8}
PCIE {"t_ms":1790664615361,"test":"conc","trial":23,"copy":"dma","cfg":"d2h/ser","legs":1,"bytes_per_leg":2097152,"leg_ns":[635066],"wall_ns":647084,"stream_errors":0,"mb":1,"cmds_per_leg":2,"elements":8}
PCIE {"t_ms":1790664615361,"test":"conc","trial":23,"copy":"dma","cfg":"d2h","legs":1,"bytes_per_leg":2097152,"leg_ns":[347976],"wall_ns":360306,"stream_errors":0,"mb":1,"cmds_per_leg":2,"elements":8}
PCIE {"t_ms":1790664615362,"test":"conc","trial":24,"copy":"dma","cfg":"d2h","legs":1,"bytes_per_leg":2097152,"leg_ns":[377945],"wall_ns":390228,"stream_errors":0,"mb":1,"cmds_per_leg":2,"elements":8}
PCIE {"t_ms":1790664615362,"test":"conc","trial":24,"copy":"dma","cfg":"d2h/ser","legs":1,"bytes_per_leg":2097152,"leg_ns":[360770],"wall_ns":372969,"stream_errors":0,"mb":1,"cmds_per_leg":2,"elements":8}
PCIE {"t_ms":1790664615362,"test":"conc","trial":24,"copy":"dma","cfg":"h2d/ser","legs":1,"bytes_per_leg":2097152,"leg_ns":[342814],"wall_ns":355608,"stream_errors":0,"mb":1,"cmds_per_leg":2,"elements":8}
PCIE {"t_ms":1790664615363,"test":"conc","trial":24,"copy":"dma","cfg":"h2d","legs":1,"bytes_per_leg":2097152,"leg_ns":[547436],"wall_ns":559731,"stream_errors":0,"mb":1,"cmds_per_leg":2,"elements":8}
PCIE {"t_ms":1790664615364,"test":"conc","trial":24,"copy":"dma","cfg":"2xh2d/ser","legs":2,"bytes_per_leg":2097152,"leg_ns":[567737,576151],"wall_ns":588408,"stream_errors":0,"mb":1,"cmds_per_leg":2,"elements":8}
PCIE {"t_ms":1790664615364,"test":"done","which":"conc","elapsed_s":0.202315}
