Opening device 1
PCIE {"t_ms":1790664620243,"test":"open","open_ns":131143513,"src":"PCIEBENCH_SRC_SHA256 main=27b7ed06330c4bae26cd24be189cdac0d67432cb52b1e8c7fca1116abda1aa5f args=8ae69bd7d46097957b638ff4c6630eb3e66d3cb0654b77d3bf55f3336c61c508 touch=92180a93c6dae0a1dce8c379156f827bd6588115777499dc45e64bf606b46ec0","link":[{"bdf":"0000:01:00.0","speed":"16.0 GT/s PCIe","width":"8","max_speed":"16.0 GT/s PCIe","max_width":"8","cma_allocated":"0 MB"},{"bdf":"0000:02:00.0","speed":"16.0 GT/s PCIe","width":"8","max_speed":"16.0 GT/s PCIe","max_width":"8","cma_allocated":"2057 MB"}]}
PCIE {"t_ms":1790664620271,"test":"conc","trial":0,"copy":"dma","cfg":"d2h","legs":1,"bytes_per_leg":33554432,"leg_ns":[3499449],"wall_ns":3514270,"stream_errors":0,"mb":16,"cmds_per_leg":2,"elements":8}
PCIE {"t_ms":1790664620274,"test":"conc","trial":0,"copy":"dma","cfg":"h2d/ser","legs":1,"bytes_per_leg":33554432,"leg_ns":[2965072],"wall_ns":2979201,"stream_errors":0,"mb":16,"cmds_per_leg":2,"elements":8}
PCIE {"t_ms":1790664620280,"test":"conc","trial":0,"copy":"dma","cfg":"2xh2d/ser","legs":2,"bytes_per_leg":33554432,"leg_ns":[4595660,5868336],"wall_ns":5883009,"stream_errors":0,"mb":16,"cmds_per_leg":2,"elements":8}
PCIE {"t_ms":1790664620284,"test":"conc","trial":0,"copy":"dma","cfg":"d2h/ser","legs":1,"bytes_per_leg":33554432,"leg_ns":[3297876],"wall_ns":3317608,"stream_errors":0,"mb":16,"cmds_per_leg":2,"elements":8}
PCIE {"t_ms":1790664620289,"test":"conc","trial":0,"copy":"dma","cfg":"h2d","legs":1,"bytes_per_leg":33554432,"leg_ns":[5637243],"wall_ns":5651815,"stream_errors":0,"mb":16,"cmds_per_leg":2,"elements":8}
PCIE {"t_ms":1790664620295,"test":"conc","trial":1,"copy":"dma","cfg":"h2d","legs":1,"bytes_per_leg":33554432,"leg_ns":[5879650],"wall_ns":5896475,"stream_errors":0,"mb":16,"cmds_per_leg":2,"elements":8}
PCIE {"t_ms":1790664620299,"test":"conc","trial":1,"copy":"dma","cfg":"d2h","legs":1,"bytes_per_leg":33554432,"leg_ns":[3381319],"wall_ns":3395747,"stream_errors":0,"mb":16,"cmds_per_leg":2,"elements":8}
PCIE {"t_ms":1790664620302,"test":"conc","trial":1,"copy":"dma","cfg":"h2d/ser","legs":1,"bytes_per_leg":33554432,"leg_ns":[2926976],"wall_ns":2941181,"stream_errors":0,"mb":16,"cmds_per_leg":2,"elements":8}
PCIE {"t_ms":1790664620304,"test":"conc","trial":1,"copy":"dma","cfg":"d2h/ser","legs":1,"bytes_per_leg":33554432,"leg_ns":[2789858],"wall_ns":2803991,"stream_errors":0,"mb":16,"cmds_per_leg":2,"elements":8}
PCIE {"t_ms":1790664620310,"test":"conc","trial":1,"copy":"dma","cfg":"2xh2d/ser","legs":2,"bytes_per_leg":33554432,"leg_ns":[4371940,5676009],"wall_ns":5690119,"stream_errors":0,"mb":16,"cmds_per_leg":2,"elements":8}
PCIE {"t_ms":1790664620313,"test":"conc","trial":2,"copy":"dma","cfg":"d2h/ser","legs":1,"bytes_per_leg":33554432,"leg_ns":[3313845],"wall_ns":3326816,"stream_errors":0,"mb":16,"cmds_per_leg":2,"elements":8}
PCIE {"t_ms":1790664620319,"test":"conc","trial":2,"copy":"dma","cfg":"2xh2d/ser","legs":2,"bytes_per_leg":33554432,"leg_ns":[4323396,5625208],"wall_ns":5638135,"stream_errors":0,"mb":16,"cmds_per_leg":2,"elements":8}
PCIE {"t_ms":1790664620322,"test":"conc","trial":2,"copy":"dma","cfg":"h2d/ser","legs":1,"bytes_per_leg":33554432,"leg_ns":[2973752],"wall_ns":2985608,"stream_errors":0,"mb":16,"cmds_per_leg":2,"elements":8}
PCIE {"t_ms":1790664620326,"test":"conc","trial":2,"copy":"dma","cfg":"d2h","legs":1,"bytes_per_leg":33554432,"leg_ns":[3674685],"wall_ns":3688991,"stream_errors":0,"mb":16,"cmds_per_leg":2,"elements":8}
PCIE {"t_ms":1790664620331,"test":"conc","trial":2,"copy":"dma","cfg":"h2d","legs":1,"bytes_per_leg":33554432,"leg_ns":[5448299],"wall_ns":5463062,"stream_errors":0,"mb":16,"cmds_per_leg":2,"elements":8}
PCIE {"t_ms":1790664620334,"test":"conc","trial":3,"copy":"dma","cfg":"h2d/ser","legs":1,"bytes_per_leg":33554432,"leg_ns":[3161075],"wall_ns":3175181,"stream_errors":0,"mb":16,"cmds_per_leg":2,"elements":8}
PCIE {"t_ms":1790664620340,"test":"conc","trial":3,"copy":"dma","cfg":"2xh2d/ser","legs":2,"bytes_per_leg":33554432,"leg_ns":[4385399,5690203],"wall_ns":5704079,"stream_errors":0,"mb":16,"cmds_per_leg":2,"elements":8}
PCIE {"t_ms":1790664620344,"test":"conc","trial":3,"copy":"dma","cfg":"d2h","legs":1,"bytes_per_leg":33554432,"leg_ns":[3361525],"wall_ns":3381179,"stream_errors":0,"mb":16,"cmds_per_leg":2,"elements":8}
PCIE {"t_ms":1790664620347,"test":"conc","trial":3,"copy":"dma","cfg":"d2h/ser","legs":1,"bytes_per_leg":33554432,"leg_ns":[2993114],"wall_ns":3005702,"stream_errors":0,"mb":16,"cmds_per_leg":2,"elements":8}
PCIE {"t_ms":1790664620352,"test":"conc","trial":3,"copy":"dma","cfg":"h2d","legs":1,"bytes_per_leg":33554432,"leg_ns":[5368316],"wall_ns":5382422,"stream_errors":0,"mb":16,"cmds_per_leg":2,"elements":8}
PCIE {"t_ms":1790664620355,"test":"conc","trial":4,"copy":"dma","cfg":"h2d/ser","legs":1,"bytes_per_leg":33554432,"leg_ns":[3050640],"wall_ns":3063029,"stream_errors":0,"mb":16,"cmds_per_leg":2,"elements":8}
PCIE {"t_ms":1790664620358,"test":"conc","trial":4,"copy":"dma","cfg":"d2h/ser","legs":1,"bytes_per_leg":33554432,"leg_ns":[2767694],"wall_ns":2782406,"stream_errors":0,"mb":16,"cmds_per_leg":2,"elements":8}
PCIE {"t_ms":1790664620363,"test":"conc","trial":4,"copy":"dma","cfg":"h2d","legs":1,"bytes_per_leg":33554432,"leg_ns":[5449162],"wall_ns":5462908,"stream_errors":0,"mb":16,"cmds_per_leg":2,"elements":8}
PCIE {"t_ms":1790664620369,"test":"conc","trial":4,"copy":"dma","cfg":"2xh2d/ser","legs":2,"bytes_per_leg":33554432,"leg_ns":[4283380,5692065],"wall_ns":5705444,"stream_errors":0,"mb":16,"cmds_per_leg":2,"elements":8}
PCIE {"t_ms":1790664620373,"test":"conc","trial":4,"copy":"dma","cfg":"d2h","legs":1,"bytes_per_leg":33554432,"leg_ns":[3763459],"wall_ns":3777661,"stream_errors":0,"mb":16,"cmds_per_leg":2,"elements":8}
PCIE {"t_ms":1790664620378,"test":"conc","trial":5,"copy":"dma","cfg":"h2d","legs":1,"bytes_per_leg":33554432,"leg_ns":[5573596],"wall_ns":5586492,"stream_errors":0,"mb":16,"cmds_per_leg":2,"elements":8}
PCIE {"t_ms":1790664620382,"test":"conc","trial":5,"copy":"dma","cfg":"d2h","legs":1,"bytes_per_leg":33554432,"leg_ns":[3041531],"wall_ns":3055678,"stream_errors":0,"mb":16,"cmds_per_leg":2,"elements":8}
PCIE {"t_ms":1790664620387,"test":"conc","trial":5,"copy":"dma","cfg":"2xh2d/ser","legs":2,"bytes_per_leg":33554432,"leg_ns":[4301819,5610705],"wall_ns":5624420,"stream_errors":0,"mb":16,"cmds_per_leg":2,"elements":8}
PCIE {"t_ms":1790664620390,"test":"conc","trial":5,"copy":"dma","cfg":"h2d/ser","legs":1,"bytes_per_leg":33554432,"leg_ns":[2967810],"wall_ns":2980534,"stream_errors":0,"mb":16,"cmds_per_leg":2,"elements":8}
PCIE {"t_ms":1790664620394,"test":"conc","trial":5,"copy":"dma","cfg":"d2h/ser","legs":1,"bytes_per_leg":33554432,"leg_ns":[3471851],"wall_ns":3493268,"stream_errors":0,"mb":16,"cmds_per_leg":2,"elements":8}
PCIE {"t_ms":1790664620397,"test":"conc","trial":6,"copy":"dma","cfg":"h2d/ser","legs":1,"bytes_per_leg":33554432,"leg_ns":[2954719],"wall_ns":2967969,"stream_errors":0,"mb":16,"cmds_per_leg":2,"elements":8}
PCIE {"t_ms":1790664620400,"test":"conc","trial":6,"copy":"dma","cfg":"d2h/ser","legs":1,"bytes_per_leg":33554432,"leg_ns":[2827752],"wall_ns":2841808,"stream_errors":0,"mb":16,"cmds_per_leg":2,"elements":8}
PCIE {"t_ms":1790664620405,"test":"conc","trial":6,"copy":"dma","cfg":"2xh2d/ser","legs":2,"bytes_per_leg":33554432,"leg_ns":[4323506,5629958],"wall_ns":5643927,"stream_errors":0,"mb":16,"cmds_per_leg":2,"elements":8}
PCIE {"t_ms":1790664620411,"test":"conc","trial":6,"copy":"dma","cfg":"h2d","legs":1,"bytes_per_leg":33554432,"leg_ns":[5606397],"wall_ns":5622234,"stream_errors":0,"mb":16,"cmds_per_leg":2,"elements":8}
PCIE {"t_ms":1790664620414,"test":"conc","trial":6,"copy":"dma","cfg":"d2h","legs":1,"bytes_per_leg":33554432,"leg_ns":[3427898],"wall_ns":3441139,"stream_errors":0,"mb":16,"cmds_per_leg":2,"elements":8}
PCIE {"t_ms":1790664620417,"test":"conc","trial":7,"copy":"dma","cfg":"h2d/ser","legs":1,"bytes_per_leg":33554432,"leg_ns":[2945537],"wall_ns":2958242,"stream_errors":0,"mb":16,"cmds_per_leg":2,"elements":8}
PCIE {"t_ms":1790664620423,"test":"conc","trial":7,"copy":"dma","cfg":"2xh2d/ser","legs":2,"bytes_per_leg":33554432,"leg_ns":[4289443,5694658],"wall_ns":5707340,"stream_errors":0,"mb":16,"cmds_per_leg":2,"elements":8}
PCIE {"t_ms":1790664620429,"test":"conc","trial":7,"copy":"dma","cfg":"h2d","legs":1,"bytes_per_leg":33554432,"leg_ns":[5576368],"wall_ns":5588928,"stream_errors":0,"mb":16,"cmds_per_leg":2,"elements":8}
PCIE {"t_ms":1790664620432,"test":"conc","trial":7,"copy":"dma","cfg":"d2h","legs":1,"bytes_per_leg":33554432,"leg_ns":[3318576],"wall_ns":3331849,"stream_errors":0,"mb":16,"cmds_per_leg":2,"elements":8}
PCIE {"t_ms":1790664620435,"test":"conc","trial":7,"copy":"dma","cfg":"d2h/ser","legs":1,"bytes_per_leg":33554432,"leg_ns":[2933252],"wall_ns":2945771,"stream_errors":0,"mb":16,"cmds_per_leg":2,"elements":8}
PCIE {"t_ms":1790664620438,"test":"conc","trial":8,"copy":"dma","cfg":"d2h/ser","legs":1,"bytes_per_leg":33554432,"leg_ns":[2883148],"wall_ns":2896130,"stream_errors":0,"mb":16,"cmds_per_leg":2,"elements":8}
PCIE {"t_ms":1790664620443,"test":"conc","trial":8,"copy":"dma","cfg":"h2d","legs":1,"bytes_per_leg":33554432,"leg_ns":[5562141],"wall_ns":5582058,"stream_errors":0,"mb":16,"cmds_per_leg":2,"elements":8}
PCIE {"t_ms":1790664620447,"test":"conc","trial":8,"copy":"dma","cfg":"d2h","legs":1,"bytes_per_leg":33554432,"leg_ns":[3388596],"wall_ns":3434265,"stream_errors":0,"mb":16,"cmds_per_leg":2,"elements":8}
PCIE {"t_ms":1790664620452,"test":"conc","trial":8,"copy":"dma","cfg":"2xh2d/ser","legs":2,"bytes_per_leg":33554432,"leg_ns":[4332428,5609690],"wall_ns":5622436,"stream_errors":0,"mb":16,"cmds_per_leg":2,"elements":8}
PCIE {"t_ms":1790664620455,"test":"conc","trial":8,"copy":"dma","cfg":"h2d/ser","legs":1,"bytes_per_leg":33554432,"leg_ns":[2863765],"wall_ns":2876403,"stream_errors":0,"mb":16,"cmds_per_leg":2,"elements":8}
PCIE {"t_ms":1790664620461,"test":"conc","trial":9,"copy":"dma","cfg":"h2d","legs":1,"bytes_per_leg":33554432,"leg_ns":[5594719],"wall_ns":5607138,"stream_errors":0,"mb":16,"cmds_per_leg":2,"elements":8}
PCIE {"t_ms":1790664620467,"test":"conc","trial":9,"copy":"dma","cfg":"2xh2d/ser","legs":2,"bytes_per_leg":33554432,"leg_ns":[4454728,5865182],"wall_ns":5879438,"stream_errors":0,"mb":16,"cmds_per_leg":2,"elements":8}
PCIE {"t_ms":1790664620470,"test":"conc","trial":9,"copy":"dma","cfg":"h2d/ser","legs":1,"bytes_per_leg":33554432,"leg_ns":[2967386],"wall_ns":2980664,"stream_errors":0,"mb":16,"cmds_per_leg":2,"elements":8}
PCIE {"t_ms":1790664620473,"test":"conc","trial":9,"copy":"dma","cfg":"d2h","legs":1,"bytes_per_leg":33554432,"leg_ns":[3309600],"wall_ns":3322889,"stream_errors":0,"mb":16,"cmds_per_leg":2,"elements":8}
PCIE {"t_ms":1790664620476,"test":"conc","trial":9,"copy":"dma","cfg":"d2h/ser","legs":1,"bytes_per_leg":33554432,"leg_ns":[2655013],"wall_ns":2668552,"stream_errors":0,"mb":16,"cmds_per_leg":2,"elements":8}
PCIE {"t_ms":1790664620479,"test":"conc","trial":10,"copy":"dma","cfg":"d2h/ser","legs":1,"bytes_per_leg":33554432,"leg_ns":[2676140],"wall_ns":2689626,"stream_errors":0,"mb":16,"cmds_per_leg":2,"elements":8}
PCIE {"t_ms":1790664620484,"test":"conc","trial":10,"copy":"dma","cfg":"2xh2d/ser","legs":2,"bytes_per_leg":33554432,"leg_ns":[4260829,5569602],"wall_ns":5585110,"stream_errors":0,"mb":16,"cmds_per_leg":2,"elements":8}
PCIE {"t_ms":1790664620488,"test":"conc","trial":10,"copy":"dma","cfg":"d2h","legs":1,"bytes_per_leg":33554432,"leg_ns":[3279529],"wall_ns":3293194,"stream_errors":0,"mb":16,"cmds_per_leg":2,"elements":8}
PCIE {"t_ms":1790664620491,"test":"conc","trial":10,"copy":"dma","cfg":"h2d/ser","legs":1,"bytes_per_leg":33554432,"leg_ns":[3048245],"wall_ns":3060949,"stream_errors":0,"mb":16,"cmds_per_leg":2,"elements":8}
PCIE {"t_ms":1790664620496,"test":"conc","trial":10,"copy":"dma","cfg":"h2d","legs":1,"bytes_per_leg":33554432,"leg_ns":[5605368],"wall_ns":5618449,"stream_errors":0,"mb":16,"cmds_per_leg":2,"elements":8}
PCIE {"t_ms":1790664620498,"test":"done","which":"conc","elapsed_s":0.385924}
