Opening device 1
PCIE {"t_ms":1790664622035,"test":"open","open_ns":131994085,"src":"PCIEBENCH_SRC_SHA256 main=27b7ed06330c4bae26cd24be189cdac0d67432cb52b1e8c7fca1116abda1aa5f args=8ae69bd7d46097957b638ff4c6630eb3e66d3cb0654b77d3bf55f3336c61c508 touch=92180a93c6dae0a1dce8c379156f827bd6588115777499dc45e64bf606b46ec0","link":[{"bdf":"0000:01:00.0","speed":"16.0 GT/s PCIe","width":"8","max_speed":"16.0 GT/s PCIe","max_width":"8","cma_allocated":"0 MB"},{"bdf":"0000:02:00.0","speed":"16.0 GT/s PCIe","width":"8","max_speed":"16.0 GT/s PCIe","max_width":"8","cma_allocated":"2057 MB"}]}
PCIE {"t_ms":1790664622144,"test":"conc","trial":0,"copy":"dma","cfg":"d2h","legs":1,"bytes_per_leg":134217728,"leg_ns":[12316853],"wall_ns":12331417,"stream_errors":0,"mb":64,"cmds_per_leg":2,"elements":8}
PCIE {"t_ms":1790664622155,"test":"conc","trial":0,"copy":"dma","cfg":"h2d/ser","legs":1,"bytes_per_leg":134217728,"leg_ns":[11022559],"wall_ns":11036478,"stream_errors":0,"mb":64,"cmds_per_leg":2,"elements":8}
PCIE {"t_ms":1790664622176,"test":"conc","trial":0,"copy":"dma","cfg":"2xh2d/ser","legs":2,"bytes_per_leg":134217728,"leg_ns":[16273499,21552488],"wall_ns":21565454,"stream_errors":0,"mb":64,"cmds_per_leg":2,"elements":8}
PCIE {"t_ms":1790664622190,"test":"conc","trial":0,"copy":"dma","cfg":"d2h/ser","legs":1,"bytes_per_leg":134217728,"leg_ns":[13404215],"wall_ns":13421179,"stream_errors":0,"mb":64,"cmds_per_leg":2,"elements":8}
PCIE {"t_ms":1790664622212,"test":"conc","trial":0,"copy":"dma","cfg":"h2d","legs":1,"bytes_per_leg":134217728,"leg_ns":[21767615],"wall_ns":21782387,"stream_errors":0,"mb":64,"cmds_per_leg":2,"elements":8}
PCIE {"t_ms":1790664622234,"test":"conc","trial":1,"copy":"dma","cfg":"h2d","legs":1,"bytes_per_leg":134217728,"leg_ns":[22146549],"wall_ns":22161013,"stream_errors":0,"mb":64,"cmds_per_leg":2,"elements":8}
PCIE {"t_ms":1790664622246,"test":"conc","trial":1,"copy":"dma","cfg":"d2h","legs":1,"bytes_per_leg":134217728,"leg_ns":[12297650],"wall_ns":12310803,"stream_errors":0,"mb":64,"cmds_per_leg":2,"elements":8}
PCIE {"t_ms":1790664622257,"test":"conc","trial":1,"copy":"dma","cfg":"h2d/ser","legs":1,"bytes_per_leg":134217728,"leg_ns":[10951478],"wall_ns":10964261,"stream_errors":0,"mb":64,"cmds_per_leg":2,"elements":8}
PCIE {"t_ms":1790664622271,"test":"conc","trial":1,"copy":"dma","cfg":"d2h/ser","legs":1,"bytes_per_leg":134217728,"leg_ns":[13547485],"wall_ns":13566179,"stream_errors":0,"mb":64,"cmds_per_leg":2,"elements":8}
PCIE {"t_ms":1790664622292,"test":"conc","trial":1,"copy":"dma","cfg":"2xh2d/ser","legs":2,"bytes_per_leg":134217728,"leg_ns":[16400431,21679068],"wall_ns":21691877,"stream_errors":0,"mb":64,"cmds_per_leg":2,"elements":8}
PCIE {"t_ms":1790664622306,"test":"conc","trial":2,"copy":"dma","cfg":"d2h/ser","legs":1,"bytes_per_leg":134217728,"leg_ns":[13396120],"wall_ns":13409552,"stream_errors":0,"mb":64,"cmds_per_leg":2,"elements":8}
PCIE {"t_ms":1790664622327,"test":"conc","trial":2,"copy":"dma","cfg":"2xh2d/ser","legs":2,"bytes_per_leg":134217728,"leg_ns":[16270501,21652891],"wall_ns":21665969,"stream_errors":0,"mb":64,"cmds_per_leg":2,"elements":8}
PCIE {"t_ms":1790664622338,"test":"conc","trial":2,"copy":"dma","cfg":"h2d/ser","legs":1,"bytes_per_leg":134217728,"leg_ns":[10970349],"wall_ns":10984720,"stream_errors":0,"mb":64,"cmds_per_leg":2,"elements":8}
PCIE {"t_ms":1790664622351,"test":"conc","trial":2,"copy":"dma","cfg":"d2h","legs":1,"bytes_per_leg":134217728,"leg_ns":[12151812],"wall_ns":12164788,"stream_errors":0,"mb":64,"cmds_per_leg":2,"elements":8}
PCIE {"t_ms":1790664622373,"test":"conc","trial":2,"copy":"dma","cfg":"h2d","legs":1,"bytes_per_leg":134217728,"leg_ns":[22219892],"wall_ns":22232876,"stream_errors":0,"mb":64,"cmds_per_leg":2,"elements":8}
PCIE {"t_ms":1790664622384,"test":"conc","trial":3,"copy":"dma","cfg":"h2d/ser","legs":1,"bytes_per_leg":134217728,"leg_ns":[10960687],"wall_ns":10973374,"stream_errors":0,"mb":64,"cmds_per_leg":2,"elements":8}
PCIE {"t_ms":1790664622406,"test":"conc","trial":3,"copy":"dma","cfg":"2xh2d/ser","legs":2,"bytes_per_leg":134217728,"leg_ns":[16360625,21684761],"wall_ns":21698164,"stream_errors":0,"mb":64,"cmds_per_leg":2,"elements":8}
PCIE {"t_ms":1790664622418,"test":"conc","trial":3,"copy":"dma","cfg":"d2h","legs":1,"bytes_per_leg":134217728,"leg_ns":[12154113],"wall_ns":12167445,"stream_errors":0,"mb":64,"cmds_per_leg":2,"elements":8}
PCIE {"t_ms":1790664622431,"test":"conc","trial":3,"copy":"dma","cfg":"d2h/ser","legs":1,"bytes_per_leg":134217728,"leg_ns":[13173689],"wall_ns":13191459,"stream_errors":0,"mb":64,"cmds_per_leg":2,"elements":8}
PCIE {"t_ms":1790664622453,"test":"conc","trial":3,"copy":"dma","cfg":"h2d","legs":1,"bytes_per_leg":134217728,"leg_ns":[21886203],"wall_ns":21904326,"stream_errors":0,"mb":64,"cmds_per_leg":2,"elements":8}
PCIE {"t_ms":1790664622464,"test":"conc","trial":4,"copy":"dma","cfg":"h2d/ser","legs":1,"bytes_per_leg":134217728,"leg_ns":[10957633],"wall_ns":10970268,"stream_errors":0,"mb":64,"cmds_per_leg":2,"elements":8}
PCIE {"t_ms":1790664622477,"test":"conc","trial":4,"copy":"dma","cfg":"d2h/ser","legs":1,"bytes_per_leg":134217728,"leg_ns":[13342465],"wall_ns":13357893,"stream_errors":0,"mb":64,"cmds_per_leg":2,"elements":8}
PCIE {"t_ms":1790664622499,"test":"conc","trial":4,"copy":"dma","cfg":"h2d","legs":1,"bytes_per_leg":134217728,"leg_ns":[22204342],"wall_ns":22217197,"stream_errors":0,"mb":64,"cmds_per_leg":2,"elements":8}
PCIE {"t_ms":1790664622521,"test":"conc","trial":4,"copy":"dma","cfg":"2xh2d/ser","legs":2,"bytes_per_leg":134217728,"leg_ns":[16390551,21685003],"wall_ns":21698824,"stream_errors":0,"mb":64,"cmds_per_leg":2,"elements":8}
PCIE {"t_ms":1790664622533,"test":"conc","trial":4,"copy":"dma","cfg":"d2h","legs":1,"bytes_per_leg":134217728,"leg_ns":[12230820],"wall_ns":12250354,"stream_errors":0,"mb":64,"cmds_per_leg":2,"elements":8}
PCIE {"t_ms":1790664622556,"test":"conc","trial":5,"copy":"dma","cfg":"h2d","legs":1,"bytes_per_leg":134217728,"leg_ns":[22316934],"wall_ns":22330105,"stream_errors":0,"mb":64,"cmds_per_leg":2,"elements":8}
PCIE {"t_ms":1790664622568,"test":"conc","trial":5,"copy":"dma","cfg":"d2h","legs":1,"bytes_per_leg":134217728,"leg_ns":[12148097],"wall_ns":12166299,"stream_errors":0,"mb":64,"cmds_per_leg":2,"elements":8}
PCIE {"t_ms":1790664622590,"test":"conc","trial":5,"copy":"dma","cfg":"2xh2d/ser","legs":2,"bytes_per_leg":134217728,"leg_ns":[16247176,21657271],"wall_ns":21670139,"stream_errors":0,"mb":64,"cmds_per_leg":2,"elements":8}
PCIE {"t_ms":1790664622601,"test":"conc","trial":5,"copy":"dma","cfg":"h2d/ser","legs":1,"bytes_per_leg":134217728,"leg_ns":[11080188],"wall_ns":11092904,"stream_errors":0,"mb":64,"cmds_per_leg":2,"elements":8}
PCIE {"t_ms":1790664622614,"test":"conc","trial":5,"copy":"dma","cfg":"d2h/ser","legs":1,"bytes_per_leg":134217728,"leg_ns":[13322320],"wall_ns":13335765,"stream_errors":0,"mb":64,"cmds_per_leg":2,"elements":8}
PCIE {"t_ms":1790664622625,"test":"conc","trial":6,"copy":"dma","cfg":"h2d/ser","legs":1,"bytes_per_leg":134217728,"leg_ns":[11030106],"wall_ns":11043484,"stream_errors":0,"mb":64,"cmds_per_leg":2,"elements":8}
PCIE {"t_ms":1790664622639,"test":"conc","trial":6,"copy":"dma","cfg":"d2h/ser","legs":1,"bytes_per_leg":134217728,"leg_ns":[13351351],"wall_ns":13364022,"stream_errors":0,"mb":64,"cmds_per_leg":2,"elements":8}
PCIE {"t_ms":1790664622660,"test":"conc","trial":6,"copy":"dma","cfg":"2xh2d/ser","legs":2,"bytes_per_leg":134217728,"leg_ns":[16384967,21588766],"wall_ns":21602601,"stream_errors":0,"mb":64,"cmds_per_leg":2,"elements":8}
PCIE {"t_ms":1790664622682,"test":"conc","trial":6,"copy":"dma","cfg":"h2d","legs":1,"bytes_per_leg":134217728,"leg_ns":[22001050],"wall_ns":22013868,"stream_errors":0,"mb":64,"cmds_per_leg":2,"elements":8}
PCIE {"t_ms":1790664622694,"test":"conc","trial":6,"copy":"dma","cfg":"d2h","legs":1,"bytes_per_leg":134217728,"leg_ns":[12190932],"wall_ns":12210799,"stream_errors":0,"mb":64,"cmds_per_leg":2,"elements":8}
PCIE {"t_ms":1790664622706,"test":"conc","trial":7,"copy":"dma","cfg":"h2d/ser","legs":1,"bytes_per_leg":134217728,"leg_ns":[11099602],"wall_ns":11112387,"stream_errors":0,"mb":64,"cmds_per_leg":2,"elements":8}
PCIE {"t_ms":1790664622727,"test":"conc","trial":7,"copy":"dma","cfg":"2xh2d/ser","legs":2,"bytes_per_leg":134217728,"leg_ns":[16382918,21587831],"wall_ns":21602731,"stream_errors":0,"mb":64,"cmds_per_leg":2,"elements":8}
PCIE {"t_ms":1790664622749,"test":"conc","trial":7,"copy":"dma","cfg":"h2d","legs":1,"bytes_per_leg":134217728,"leg_ns":[22164522],"wall_ns":22183237,"stream_errors":0,"mb":64,"cmds_per_leg":2,"elements":8}
PCIE {"t_ms":1790664622762,"test":"conc","trial":7,"copy":"dma","cfg":"d2h","legs":1,"bytes_per_leg":134217728,"leg_ns":[12173251],"wall_ns":12185617,"stream_errors":0,"mb":64,"cmds_per_leg":2,"elements":8}
PCIE {"t_ms":1790664622775,"test":"conc","trial":7,"copy":"dma","cfg":"d2h/ser","legs":1,"bytes_per_leg":134217728,"leg_ns":[13030016],"wall_ns":13042804,"stream_errors":0,"mb":64,"cmds_per_leg":2,"elements":8}
PCIE {"t_ms":1790664622788,"test":"conc","trial":8,"copy":"dma","cfg":"d2h/ser","legs":1,"bytes_per_leg":134217728,"leg_ns":[13302148],"wall_ns":13315644,"stream_errors":0,"mb":64,"cmds_per_leg":2,"elements":8}
PCIE {"t_ms":1790664622810,"test":"conc","trial":8,"copy":"dma","cfg":"h2d","legs":1,"bytes_per_leg":134217728,"leg_ns":[22166540],"wall_ns":22180062,"stream_errors":0,"mb":64,"cmds_per_leg":2,"elements":8}
PCIE {"t_ms":1790664622822,"test":"conc","trial":8,"copy":"dma","cfg":"d2h","legs":1,"bytes_per_leg":134217728,"leg_ns":[12204413],"wall_ns":12229002,"stream_errors":0,"mb":64,"cmds_per_leg":2,"elements":8}
PCIE {"t_ms":1790664622844,"test":"conc","trial":8,"copy":"dma","cfg":"2xh2d/ser","legs":2,"bytes_per_leg":134217728,"leg_ns":[16449790,21751456],"wall_ns":21765435,"stream_errors":0,"mb":64,"cmds_per_leg":2,"elements":8}
PCIE {"t_ms":1790664622855,"test":"conc","trial":8,"copy":"dma","cfg":"h2d/ser","legs":1,"bytes_per_leg":134217728,"leg_ns":[10969789],"wall_ns":10983080,"stream_errors":0,"mb":64,"cmds_per_leg":2,"elements":8}
PCIE {"t_ms":1790664622860,"test":"done","which":"conc","elapsed_s":0.957200}
