Opening device 1
PCIE {"t_ms":1790664608091,"test":"open","open_ns":131560239,"src":"PCIEBENCH_SRC_SHA256 main=27b7ed06330c4bae26cd24be189cdac0d67432cb52b1e8c7fca1116abda1aa5f args=8ae69bd7d46097957b638ff4c6630eb3e66d3cb0654b77d3bf55f3336c61c508 touch=92180a93c6dae0a1dce8c379156f827bd6588115777499dc45e64bf606b46ec0","link":[{"bdf":"0000:01:00.0","speed":"16.0 GT/s PCIe","width":"8","max_speed":"16.0 GT/s PCIe","max_width":"8","cma_allocated":"0 MB"},{"bdf":"0000:02:00.0","speed":"16.0 GT/s PCIe","width":"8","max_speed":"16.0 GT/s PCIe","max_width":"8","cma_allocated":"2057 MB"}]}
PCIE {"t_ms":1790664608119,"test":"conc","trial":0,"copy":"dma","cfg":"d2h","legs":1,"bytes_per_leg":33554432,"leg_ns":[3329753],"wall_ns":3358520,"stream_errors":0,"mb":16,"cmds_per_leg":2,"elements":0}
PCIE {"t_ms":1790664608122,"test":"conc","trial":0,"copy":"dma","cfg":"h2d/ser","legs":1,"bytes_per_leg":33554432,"leg_ns":[3009061],"wall_ns":3027349,"stream_errors":0,"mb":16,"cmds_per_leg":2,"elements":0}
PCIE {"t_ms":1790664608128,"test":"conc","trial":0,"copy":"dma","cfg":"2xh2d/ser","legs":2,"bytes_per_leg":33554432,"leg_ns":[4456706,5720338],"wall_ns":5732295,"stream_errors":0,"mb":16,"cmds_per_leg":2,"elements":0}
PCIE {"t_ms":1790664608131,"test":"conc","trial":0,"copy":"dma","cfg":"d2h/ser","legs":1,"bytes_per_leg":33554432,"leg_ns":[3330968],"wall_ns":3343122,"stream_errors":0,"mb":16,"cmds_per_leg":2,"elements":0}
PCIE {"t_ms":1790664608137,"test":"conc","trial":0,"copy":"dma","cfg":"h2d","legs":1,"bytes_per_leg":33554432,"leg_ns":[5654517],"wall_ns":5666605,"stream_errors":0,"mb":16,"cmds_per_leg":2,"elements":0}
PCIE {"t_ms":1790664608143,"test":"conc","trial":1,"copy":"dma","cfg":"h2d","legs":1,"bytes_per_leg":33554432,"leg_ns":[5778135],"wall_ns":5790234,"stream_errors":0,"mb":16,"cmds_per_leg":2,"elements":0}
PCIE {"t_ms":1790664608146,"test":"conc","trial":1,"copy":"dma","cfg":"d2h","legs":1,"bytes_per_leg":33554432,"leg_ns":[3286346],"wall_ns":3298036,"stream_errors":0,"mb":16,"cmds_per_leg":2,"elements":0}
PCIE {"t_ms":1790664608149,"test":"conc","trial":1,"copy":"dma","cfg":"h2d/ser","legs":1,"bytes_per_leg":33554432,"leg_ns":[2986451],"wall_ns":2997863,"stream_errors":0,"mb":16,"cmds_per_leg":2,"elements":0}
PCIE {"t_ms":1790664608152,"test":"conc","trial":1,"copy":"dma","cfg":"d2h/ser","legs":1,"bytes_per_leg":33554432,"leg_ns":[2659268],"wall_ns":2671376,"stream_errors":0,"mb":16,"cmds_per_leg":2,"elements":0}
PCIE {"t_ms":1790664608157,"test":"conc","trial":1,"copy":"dma","cfg":"2xh2d/ser","legs":2,"bytes_per_leg":33554432,"leg_ns":[4325291,5602677],"wall_ns":5621462,"stream_errors":0,"mb":16,"cmds_per_leg":2,"elements":0}
PCIE {"t_ms":1790664608161,"test":"conc","trial":2,"copy":"dma","cfg":"d2h/ser","legs":1,"bytes_per_leg":33554432,"leg_ns":[3230778],"wall_ns":3242789,"stream_errors":0,"mb":16,"cmds_per_leg":2,"elements":0}
PCIE {"t_ms":1790664608166,"test":"conc","trial":2,"copy":"dma","cfg":"2xh2d/ser","legs":2,"bytes_per_leg":33554432,"leg_ns":[4314342,5601943],"wall_ns":5613684,"stream_errors":0,"mb":16,"cmds_per_leg":2,"elements":0}
PCIE {"t_ms":1790664608169,"test":"conc","trial":2,"copy":"dma","cfg":"h2d/ser","legs":1,"bytes_per_leg":33554432,"leg_ns":[2883496],"wall_ns":2895628,"stream_errors":0,"mb":16,"cmds_per_leg":2,"elements":0}
PCIE {"t_ms":1790664608172,"test":"conc","trial":2,"copy":"dma","cfg":"d2h","legs":1,"bytes_per_leg":33554432,"leg_ns":[3215642],"wall_ns":3227635,"stream_errors":0,"mb":16,"cmds_per_leg":2,"elements":0}
PCIE {"t_ms":1790664608178,"test":"conc","trial":2,"copy":"dma","cfg":"h2d","legs":1,"bytes_per_leg":33554432,"leg_ns":[5653911],"wall_ns":5665933,"stream_errors":0,"mb":16,"cmds_per_leg":2,"elements":0}
PCIE {"t_ms":1790664608181,"test":"conc","trial":3,"copy":"dma","cfg":"h2d/ser","legs":1,"bytes_per_leg":33554432,"leg_ns":[2944910],"wall_ns":2956536,"stream_errors":0,"mb":16,"cmds_per_leg":2,"elements":0}
PCIE {"t_ms":1790664608187,"test":"conc","trial":3,"copy":"dma","cfg":"2xh2d/ser","legs":2,"bytes_per_leg":33554432,"leg_ns":[4258671,5559920],"wall_ns":5572285,"stream_errors":0,"mb":16,"cmds_per_leg":2,"elements":0}
PCIE {"t_ms":1790664608190,"test":"conc","trial":3,"copy":"dma","cfg":"d2h","legs":1,"bytes_per_leg":33554432,"leg_ns":[3139127],"wall_ns":3303984,"stream_errors":0,"mb":16,"cmds_per_leg":2,"elements":0}
PCIE {"t_ms":1790664608193,"test":"conc","trial":3,"copy":"dma","cfg":"d2h/ser","legs":1,"bytes_per_leg":33554432,"leg_ns":[2718968],"wall_ns":2731223,"stream_errors":0,"mb":16,"cmds_per_leg":2,"elements":0}
PCIE {"t_ms":1790664608198,"test":"conc","trial":3,"copy":"dma","cfg":"h2d","legs":1,"bytes_per_leg":33554432,"leg_ns":[5617539],"wall_ns":5629254,"stream_errors":0,"mb":16,"cmds_per_leg":2,"elements":0}
PCIE {"t_ms":1790664608201,"test":"conc","trial":4,"copy":"dma","cfg":"h2d/ser","legs":1,"bytes_per_leg":33554432,"leg_ns":[2959297],"wall_ns":2970687,"stream_errors":0,"mb":16,"cmds_per_leg":2,"elements":0}
PCIE {"t_ms":1790664608204,"test":"conc","trial":4,"copy":"dma","cfg":"d2h/ser","legs":1,"bytes_per_leg":33554432,"leg_ns":[2691913],"wall_ns":2703620,"stream_errors":0,"mb":16,"cmds_per_leg":2,"elements":0}
PCIE {"t_ms":1790664608210,"test":"conc","trial":4,"copy":"dma","cfg":"h2d","legs":1,"bytes_per_leg":33554432,"leg_ns":[5564825],"wall_ns":5576417,"stream_errors":0,"mb":16,"cmds_per_leg":2,"elements":0}
PCIE {"t_ms":1790664608215,"test":"conc","trial":4,"copy":"dma","cfg":"2xh2d/ser","legs":2,"bytes_per_leg":33554432,"leg_ns":[4278491,5661693],"wall_ns":5674376,"stream_errors":0,"mb":16,"cmds_per_leg":2,"elements":0}
PCIE {"t_ms":1790664608219,"test":"conc","trial":4,"copy":"dma","cfg":"d2h","legs":1,"bytes_per_leg":33554432,"leg_ns":[3361260],"wall_ns":3373719,"stream_errors":0,"mb":16,"cmds_per_leg":2,"elements":0}
PCIE {"t_ms":1790664608224,"test":"conc","trial":5,"copy":"dma","cfg":"h2d","legs":1,"bytes_per_leg":33554432,"leg_ns":[5515762],"wall_ns":5527661,"stream_errors":0,"mb":16,"cmds_per_leg":2,"elements":0}
PCIE {"t_ms":1790664608228,"test":"conc","trial":5,"copy":"dma","cfg":"d2h","legs":1,"bytes_per_leg":33554432,"leg_ns":[3173735],"wall_ns":3185778,"stream_errors":0,"mb":16,"cmds_per_leg":2,"elements":0}
PCIE {"t_ms":1790664608233,"test":"conc","trial":5,"copy":"dma","cfg":"2xh2d/ser","legs":2,"bytes_per_leg":33554432,"leg_ns":[4232137,5534009],"wall_ns":5545916,"stream_errors":0,"mb":16,"cmds_per_leg":2,"elements":0}
PCIE {"t_ms":1790664608236,"test":"conc","trial":5,"copy":"dma","cfg":"h2d/ser","legs":1,"bytes_per_leg":33554432,"leg_ns":[2937753],"wall_ns":2951528,"stream_errors":0,"mb":16,"cmds_per_leg":2,"elements":0}
PCIE {"t_ms":1790664608239,"test":"conc","trial":5,"copy":"dma","cfg":"d2h/ser","legs":1,"bytes_per_leg":33554432,"leg_ns":[3352481],"wall_ns":3365666,"stream_errors":0,"mb":16,"cmds_per_leg":2,"elements":0}
PCIE {"t_ms":1790664608242,"test":"conc","trial":6,"copy":"dma","cfg":"h2d/ser","legs":1,"bytes_per_leg":33554432,"leg_ns":[2914584],"wall_ns":2927685,"stream_errors":0,"mb":16,"cmds_per_leg":2,"elements":0}
PCIE {"t_ms":1790664608245,"test":"conc","trial":6,"copy":"dma","cfg":"d2h/ser","legs":1,"bytes_per_leg":33554432,"leg_ns":[2783713],"wall_ns":2797144,"stream_errors":0,"mb":16,"cmds_per_leg":2,"elements":0}
PCIE {"t_ms":1790664608251,"test":"conc","trial":6,"copy":"dma","cfg":"2xh2d/ser","legs":2,"bytes_per_leg":33554432,"leg_ns":[4410548,5722485],"wall_ns":5735647,"stream_errors":0,"mb":16,"cmds_per_leg":2,"elements":0}
PCIE {"t_ms":1790664608257,"test":"conc","trial":6,"copy":"dma","cfg":"h2d","legs":1,"bytes_per_leg":33554432,"leg_ns":[5867509],"wall_ns":5880116,"stream_errors":0,"mb":16,"cmds_per_leg":2,"elements":0}
PCIE {"t_ms":1790664608260,"test":"conc","trial":6,"copy":"dma","cfg":"d2h","legs":1,"bytes_per_leg":33554432,"leg_ns":[3380889],"wall_ns":3397854,"stream_errors":0,"mb":16,"cmds_per_leg":2,"elements":0}
PCIE {"t_ms":1790664608263,"test":"conc","trial":7,"copy":"dma","cfg":"h2d/ser","legs":1,"bytes_per_leg":33554432,"leg_ns":[3051128],"wall_ns":3063906,"stream_errors":0,"mb":16,"cmds_per_leg":2,"elements":0}
PCIE {"t_ms":1790664608269,"test":"conc","trial":7,"copy":"dma","cfg":"2xh2d/ser","legs":2,"bytes_per_leg":33554432,"leg_ns":[4496060,5796889],"wall_ns":5809892,"stream_errors":0,"mb":16,"cmds_per_leg":2,"elements":0}
PCIE {"t_ms":1790664608275,"test":"conc","trial":7,"copy":"dma","cfg":"h2d","legs":1,"bytes_per_leg":33554432,"leg_ns":[5780887],"wall_ns":5793921,"stream_errors":0,"mb":16,"cmds_per_leg":2,"elements":0}
PCIE {"t_ms":1790664608278,"test":"conc","trial":7,"copy":"dma","cfg":"d2h","legs":1,"bytes_per_leg":33554432,"leg_ns":[3470045],"wall_ns":3482517,"stream_errors":0,"mb":16,"cmds_per_leg":2,"elements":0}
PCIE {"t_ms":1790664608281,"test":"conc","trial":7,"copy":"dma","cfg":"d2h/ser","legs":1,"bytes_per_leg":33554432,"leg_ns":[2863750],"wall_ns":2883442,"stream_errors":0,"mb":16,"cmds_per_leg":2,"elements":0}
PCIE {"t_ms":1790664608284,"test":"conc","trial":8,"copy":"dma","cfg":"d2h/ser","legs":1,"bytes_per_leg":33554432,"leg_ns":[2822162],"wall_ns":2834663,"stream_errors":0,"mb":16,"cmds_per_leg":2,"elements":0}
PCIE {"t_ms":1790664608290,"test":"conc","trial":8,"copy":"dma","cfg":"h2d","legs":1,"bytes_per_leg":33554432,"leg_ns":[5731335],"wall_ns":5744703,"stream_errors":0,"mb":16,"cmds_per_leg":2,"elements":0}
PCIE {"t_ms":1790664608293,"test":"conc","trial":8,"copy":"dma","cfg":"d2h","legs":1,"bytes_per_leg":33554432,"leg_ns":[3182469],"wall_ns":3195007,"stream_errors":0,"mb":16,"cmds_per_leg":2,"elements":0}
PCIE {"t_ms":1790664608299,"test":"conc","trial":8,"copy":"dma","cfg":"2xh2d/ser","legs":2,"bytes_per_leg":33554432,"leg_ns":[4467087,5850464],"wall_ns":5868378,"stream_errors":0,"mb":16,"cmds_per_leg":2,"elements":0}
PCIE {"t_ms":1790664608302,"test":"conc","trial":8,"copy":"dma","cfg":"h2d/ser","legs":1,"bytes_per_leg":33554432,"leg_ns":[3022815],"wall_ns":3040986,"stream_errors":0,"mb":16,"cmds_per_leg":2,"elements":0}
PCIE {"t_ms":1790664608308,"test":"conc","trial":9,"copy":"dma","cfg":"h2d","legs":1,"bytes_per_leg":33554432,"leg_ns":[5814646],"wall_ns":5832472,"stream_errors":0,"mb":16,"cmds_per_leg":2,"elements":0}
PCIE {"t_ms":1790664608314,"test":"conc","trial":9,"copy":"dma","cfg":"2xh2d/ser","legs":2,"bytes_per_leg":33554432,"leg_ns":[4365902,5672891],"wall_ns":5690939,"stream_errors":0,"mb":16,"cmds_per_leg":2,"elements":0}
PCIE {"t_ms":1790664608317,"test":"conc","trial":9,"copy":"dma","cfg":"h2d/ser","legs":1,"bytes_per_leg":33554432,"leg_ns":[2967328],"wall_ns":2984683,"stream_errors":0,"mb":16,"cmds_per_leg":2,"elements":0}
PCIE {"t_ms":1790664608320,"test":"conc","trial":9,"copy":"dma","cfg":"d2h","legs":1,"bytes_per_leg":33554432,"leg_ns":[3398914],"wall_ns":3412887,"stream_errors":0,"mb":16,"cmds_per_leg":2,"elements":0}
PCIE {"t_ms":1790664608323,"test":"conc","trial":9,"copy":"dma","cfg":"d2h/ser","legs":1,"bytes_per_leg":33554432,"leg_ns":[2927316],"wall_ns":2940430,"stream_errors":0,"mb":16,"cmds_per_leg":2,"elements":0}
PCIE {"t_ms":1790664608326,"test":"conc","trial":10,"copy":"dma","cfg":"d2h/ser","legs":1,"bytes_per_leg":33554432,"leg_ns":[2813203],"wall_ns":2825666,"stream_errors":0,"mb":16,"cmds_per_leg":2,"elements":0}
PCIE {"t_ms":1790664608332,"test":"conc","trial":10,"copy":"dma","cfg":"2xh2d/ser","legs":2,"bytes_per_leg":33554432,"leg_ns":[4367199,5635648],"wall_ns":5654078,"stream_errors":0,"mb":16,"cmds_per_leg":2,"elements":0}
PCIE {"t_ms":1790664608335,"test":"conc","trial":10,"copy":"dma","cfg":"d2h","legs":1,"bytes_per_leg":33554432,"leg_ns":[3356890],"wall_ns":3376537,"stream_errors":0,"mb":16,"cmds_per_leg":2,"elements":0}
PCIE {"t_ms":1790664608338,"test":"conc","trial":10,"copy":"dma","cfg":"h2d/ser","legs":1,"bytes_per_leg":33554432,"leg_ns":[3004633],"wall_ns":3025342,"stream_errors":0,"mb":16,"cmds_per_leg":2,"elements":0}
PCIE {"t_ms":1790664608344,"test":"conc","trial":10,"copy":"dma","cfg":"h2d","legs":1,"bytes_per_leg":33554432,"leg_ns":[5856451],"wall_ns":5871370,"stream_errors":0,"mb":16,"cmds_per_leg":2,"elements":0}
PCIE {"t_ms":1790664608346,"test":"done","which":"conc","elapsed_s":0.387120}
