Opening device 1
PCIE {"t_ms":1790664609881,"test":"open","open_ns":131859100,"src":"PCIEBENCH_SRC_SHA256 main=27b7ed06330c4bae26cd24be189cdac0d67432cb52b1e8c7fca1116abda1aa5f args=8ae69bd7d46097957b638ff4c6630eb3e66d3cb0654b77d3bf55f3336c61c508 touch=92180a93c6dae0a1dce8c379156f827bd6588115777499dc45e64bf606b46ec0","link":[{"bdf":"0000:01:00.0","speed":"16.0 GT/s PCIe","width":"8","max_speed":"16.0 GT/s PCIe","max_width":"8","cma_allocated":"0 MB"},{"bdf":"0000:02:00.0","speed":"16.0 GT/s PCIe","width":"8","max_speed":"16.0 GT/s PCIe","max_width":"8","cma_allocated":"2057 MB"}]}
PCIE {"t_ms":1790664609990,"test":"conc","trial":0,"copy":"dma","cfg":"d2h","legs":1,"bytes_per_leg":134217728,"leg_ns":[12106057],"wall_ns":12131103,"stream_errors":0,"mb":64,"cmds_per_leg":2,"elements":1}
PCIE {"t_ms":1790664610001,"test":"conc","trial":0,"copy":"dma","cfg":"h2d/ser","legs":1,"bytes_per_leg":134217728,"leg_ns":[10895286],"wall_ns":10908223,"stream_errors":0,"mb":64,"cmds_per_leg":2,"elements":1}
PCIE {"t_ms":1790664610022,"test":"conc","trial":0,"copy":"dma","cfg":"2xh2d/ser","legs":2,"bytes_per_leg":134217728,"leg_ns":[16078593,21387598],"wall_ns":21399747,"stream_errors":0,"mb":64,"cmds_per_leg":2,"elements":1}
PCIE {"t_ms":1790664610035,"test":"conc","trial":0,"copy":"dma","cfg":"d2h/ser","legs":1,"bytes_per_leg":134217728,"leg_ns":[13191618],"wall_ns":13208400,"stream_errors":0,"mb":64,"cmds_per_leg":2,"elements":1}
PCIE {"t_ms":1790664610058,"test":"conc","trial":0,"copy":"dma","cfg":"h2d","legs":1,"bytes_per_leg":134217728,"leg_ns":[22259171],"wall_ns":22271315,"stream_errors":0,"mb":64,"cmds_per_leg":2,"elements":1}
PCIE {"t_ms":1790664610080,"test":"conc","trial":1,"copy":"dma","cfg":"h2d","legs":1,"bytes_per_leg":134217728,"leg_ns":[22266706],"wall_ns":22278915,"stream_errors":0,"mb":64,"cmds_per_leg":2,"elements":1}
PCIE {"t_ms":1790664610092,"test":"conc","trial":1,"copy":"dma","cfg":"d2h","legs":1,"bytes_per_leg":134217728,"leg_ns":[12002298],"wall_ns":12014419,"stream_errors":0,"mb":64,"cmds_per_leg":2,"elements":1}
PCIE {"t_ms":1790664610103,"test":"conc","trial":1,"copy":"dma","cfg":"h2d/ser","legs":1,"bytes_per_leg":134217728,"leg_ns":[10932581],"wall_ns":10944503,"stream_errors":0,"mb":64,"cmds_per_leg":2,"elements":1}
PCIE {"t_ms":1790664610116,"test":"conc","trial":1,"copy":"dma","cfg":"d2h/ser","legs":1,"bytes_per_leg":134217728,"leg_ns":[13210846],"wall_ns":13222525,"stream_errors":0,"mb":64,"cmds_per_leg":2,"elements":1}
PCIE {"t_ms":1790664610137,"test":"conc","trial":1,"copy":"dma","cfg":"2xh2d/ser","legs":2,"bytes_per_leg":134217728,"leg_ns":[16157852,21437744],"wall_ns":21449537,"stream_errors":0,"mb":64,"cmds_per_leg":2,"elements":1}
PCIE {"t_ms":1790664610151,"test":"conc","trial":2,"copy":"dma","cfg":"d2h/ser","legs":1,"bytes_per_leg":134217728,"leg_ns":[13250518],"wall_ns":13263676,"stream_errors":0,"mb":64,"cmds_per_leg":2,"elements":1}
PCIE {"t_ms":1790664610172,"test":"conc","trial":2,"copy":"dma","cfg":"2xh2d/ser","legs":2,"bytes_per_leg":134217728,"leg_ns":[16215260,21493658],"wall_ns":21505855,"stream_errors":0,"mb":64,"cmds_per_leg":2,"elements":1}
PCIE {"t_ms":1790664610183,"test":"conc","trial":2,"copy":"dma","cfg":"h2d/ser","legs":1,"bytes_per_leg":134217728,"leg_ns":[10899202],"wall_ns":10910854,"stream_errors":0,"mb":64,"cmds_per_leg":2,"elements":1}
PCIE {"t_ms":1790664610195,"test":"conc","trial":2,"copy":"dma","cfg":"d2h","legs":1,"bytes_per_leg":134217728,"leg_ns":[12225399],"wall_ns":12242807,"stream_errors":0,"mb":64,"cmds_per_leg":2,"elements":1}
PCIE {"t_ms":1790664610217,"test":"conc","trial":2,"copy":"dma","cfg":"h2d","legs":1,"bytes_per_leg":134217728,"leg_ns":[21928162],"wall_ns":21942675,"stream_errors":0,"mb":64,"cmds_per_leg":2,"elements":1}
PCIE {"t_ms":1790664610228,"test":"conc","trial":3,"copy":"dma","cfg":"h2d/ser","legs":1,"bytes_per_leg":134217728,"leg_ns":[10942123],"wall_ns":10954761,"stream_errors":0,"mb":64,"cmds_per_leg":2,"elements":1}
PCIE {"t_ms":1790664610250,"test":"conc","trial":3,"copy":"dma","cfg":"2xh2d/ser","legs":2,"bytes_per_leg":134217728,"leg_ns":[16284041,21588813],"wall_ns":21603297,"stream_errors":0,"mb":64,"cmds_per_leg":2,"elements":1}
PCIE {"t_ms":1790664610262,"test":"conc","trial":3,"copy":"dma","cfg":"d2h","legs":1,"bytes_per_leg":134217728,"leg_ns":[12109341],"wall_ns":12127317,"stream_errors":0,"mb":64,"cmds_per_leg":2,"elements":1}
PCIE {"t_ms":1790664610275,"test":"conc","trial":3,"copy":"dma","cfg":"d2h/ser","legs":1,"bytes_per_leg":134217728,"leg_ns":[13115389],"wall_ns":13129824,"stream_errors":0,"mb":64,"cmds_per_leg":2,"elements":1}
PCIE {"t_ms":1790664610297,"test":"conc","trial":3,"copy":"dma","cfg":"h2d","legs":1,"bytes_per_leg":134217728,"leg_ns":[22177884],"wall_ns":22191819,"stream_errors":0,"mb":64,"cmds_per_leg":2,"elements":1}
PCIE {"t_ms":1790664610308,"test":"conc","trial":4,"copy":"dma","cfg":"h2d/ser","legs":1,"bytes_per_leg":134217728,"leg_ns":[10958765],"wall_ns":10971115,"stream_errors":0,"mb":64,"cmds_per_leg":2,"elements":1}
PCIE {"t_ms":1790664610322,"test":"conc","trial":4,"copy":"dma","cfg":"d2h/ser","legs":1,"bytes_per_leg":134217728,"leg_ns":[13305438],"wall_ns":13317731,"stream_errors":0,"mb":64,"cmds_per_leg":2,"elements":1}
PCIE {"t_ms":1790664610344,"test":"conc","trial":4,"copy":"dma","cfg":"h2d","legs":1,"bytes_per_leg":134217728,"leg_ns":[22264585],"wall_ns":22275874,"stream_errors":0,"mb":64,"cmds_per_leg":2,"elements":1}
PCIE {"t_ms":1790664610366,"test":"conc","trial":4,"copy":"dma","cfg":"2xh2d/ser","legs":2,"bytes_per_leg":134217728,"leg_ns":[16254942,21561005],"wall_ns":21573386,"stream_errors":0,"mb":64,"cmds_per_leg":2,"elements":1}
PCIE {"t_ms":1790664610378,"test":"conc","trial":4,"copy":"dma","cfg":"d2h","legs":1,"bytes_per_leg":134217728,"leg_ns":[12168364],"wall_ns":12180754,"stream_errors":0,"mb":64,"cmds_per_leg":2,"elements":1}
PCIE {"t_ms":1790664610400,"test":"conc","trial":5,"copy":"dma","cfg":"h2d","legs":1,"bytes_per_leg":134217728,"leg_ns":[22300096],"wall_ns":22311701,"stream_errors":0,"mb":64,"cmds_per_leg":2,"elements":1}
PCIE {"t_ms":1790664610412,"test":"conc","trial":5,"copy":"dma","cfg":"d2h","legs":1,"bytes_per_leg":134217728,"leg_ns":[12141961],"wall_ns":12154244,"stream_errors":0,"mb":64,"cmds_per_leg":2,"elements":1}
PCIE {"t_ms":1790664610434,"test":"conc","trial":5,"copy":"dma","cfg":"2xh2d/ser","legs":2,"bytes_per_leg":134217728,"leg_ns":[16285279,21590236],"wall_ns":21602148,"stream_errors":0,"mb":64,"cmds_per_leg":2,"elements":1}
PCIE {"t_ms":1790664610445,"test":"conc","trial":5,"copy":"dma","cfg":"h2d/ser","legs":1,"bytes_per_leg":134217728,"leg_ns":[10870183],"wall_ns":10882222,"stream_errors":0,"mb":64,"cmds_per_leg":2,"elements":1}
PCIE {"t_ms":1790664610458,"test":"conc","trial":5,"copy":"dma","cfg":"d2h/ser","legs":1,"bytes_per_leg":134217728,"leg_ns":[13350128],"wall_ns":13362240,"stream_errors":0,"mb":64,"cmds_per_leg":2,"elements":1}
PCIE {"t_ms":1790664610469,"test":"conc","trial":6,"copy":"dma","cfg":"h2d/ser","legs":1,"bytes_per_leg":134217728,"leg_ns":[10909458],"wall_ns":10920948,"stream_errors":0,"mb":64,"cmds_per_leg":2,"elements":1}
PCIE {"t_ms":1790664610483,"test":"conc","trial":6,"copy":"dma","cfg":"d2h/ser","legs":1,"bytes_per_leg":134217728,"leg_ns":[13333924],"wall_ns":13351319,"stream_errors":0,"mb":64,"cmds_per_leg":2,"elements":1}
PCIE {"t_ms":1790664610504,"test":"conc","trial":6,"copy":"dma","cfg":"2xh2d/ser","legs":2,"bytes_per_leg":134217728,"leg_ns":[16307450,21613474],"wall_ns":21625224,"stream_errors":0,"mb":64,"cmds_per_leg":2,"elements":1}
PCIE {"t_ms":1790664610527,"test":"conc","trial":6,"copy":"dma","cfg":"h2d","legs":1,"bytes_per_leg":134217728,"leg_ns":[22295620],"wall_ns":22312467,"stream_errors":0,"mb":64,"cmds_per_leg":2,"elements":1}
PCIE {"t_ms":1790664610539,"test":"conc","trial":6,"copy":"dma","cfg":"d2h","legs":1,"bytes_per_leg":134217728,"leg_ns":[12127330],"wall_ns":12139452,"stream_errors":0,"mb":64,"cmds_per_leg":2,"elements":1}
PCIE {"t_ms":1790664610550,"test":"conc","trial":7,"copy":"dma","cfg":"h2d/ser","legs":1,"bytes_per_leg":134217728,"leg_ns":[10875447],"wall_ns":10887147,"stream_errors":0,"mb":64,"cmds_per_leg":2,"elements":1}
PCIE {"t_ms":1790664610571,"test":"conc","trial":7,"copy":"dma","cfg":"2xh2d/ser","legs":2,"bytes_per_leg":134217728,"leg_ns":[16182419,21590593],"wall_ns":21602536,"stream_errors":0,"mb":64,"cmds_per_leg":2,"elements":1}
PCIE {"t_ms":1790664610593,"test":"conc","trial":7,"copy":"dma","cfg":"h2d","legs":1,"bytes_per_leg":134217728,"leg_ns":[22162544],"wall_ns":22174727,"stream_errors":0,"mb":64,"cmds_per_leg":2,"elements":1}
PCIE {"t_ms":1790664610606,"test":"conc","trial":7,"copy":"dma","cfg":"d2h","legs":1,"bytes_per_leg":134217728,"leg_ns":[12268372],"wall_ns":12285062,"stream_errors":0,"mb":64,"cmds_per_leg":2,"elements":1}
PCIE {"t_ms":1790664610619,"test":"conc","trial":7,"copy":"dma","cfg":"d2h/ser","legs":1,"bytes_per_leg":134217728,"leg_ns":[13116133],"wall_ns":13133251,"stream_errors":0,"mb":64,"cmds_per_leg":2,"elements":1}
PCIE {"t_ms":1790664610632,"test":"conc","trial":8,"copy":"dma","cfg":"d2h/ser","legs":1,"bytes_per_leg":134217728,"leg_ns":[13028347],"wall_ns":13045790,"stream_errors":0,"mb":64,"cmds_per_leg":2,"elements":1}
PCIE {"t_ms":1790664610654,"test":"conc","trial":8,"copy":"dma","cfg":"h2d","legs":1,"bytes_per_leg":134217728,"leg_ns":[22334941],"wall_ns":22347271,"stream_errors":0,"mb":64,"cmds_per_leg":2,"elements":1}
PCIE {"t_ms":1790664610666,"test":"conc","trial":8,"copy":"dma","cfg":"d2h","legs":1,"bytes_per_leg":134217728,"leg_ns":[12095224],"wall_ns":12107446,"stream_errors":0,"mb":64,"cmds_per_leg":2,"elements":1}
PCIE {"t_ms":1790664610688,"test":"conc","trial":8,"copy":"dma","cfg":"2xh2d/ser","legs":2,"bytes_per_leg":134217728,"leg_ns":[16251626,21558866],"wall_ns":21571457,"stream_errors":0,"mb":64,"cmds_per_leg":2,"elements":1}
PCIE {"t_ms":1790664610699,"test":"conc","trial":8,"copy":"dma","cfg":"h2d/ser","legs":1,"bytes_per_leg":134217728,"leg_ns":[10973570],"wall_ns":10985371,"stream_errors":0,"mb":64,"cmds_per_leg":2,"elements":1}
PCIE {"t_ms":1790664610706,"test":"done","which":"conc","elapsed_s":0.957527}
