Opening device 1
PCIE {"t_ms":1790664604137,"test":"open","open_ns":130844116,"src":"PCIEBENCH_SRC_SHA256 main=27b7ed06330c4bae26cd24be189cdac0d67432cb52b1e8c7fca1116abda1aa5f args=8ae69bd7d46097957b638ff4c6630eb3e66d3cb0654b77d3bf55f3336c61c508 touch=92180a93c6dae0a1dce8c379156f827bd6588115777499dc45e64bf606b46ec0","link":[{"bdf":"0000:01:00.0","speed":"16.0 GT/s PCIe","width":"8","max_speed":"16.0 GT/s PCIe","max_width":"8","cma_allocated":"0 MB"},{"bdf":"0000:02:00.0","speed":"16.0 GT/s PCIe","width":"8","max_speed":"16.0 GT/s PCIe","max_width":"8","cma_allocated":"2057 MB"}]}
PCIE {"t_ms":1790664604246,"test":"conc","trial":0,"copy":"dma","cfg":"d2h","legs":1,"bytes_per_leg":134217728,"leg_ns":[12203138],"wall_ns":12220938,"stream_errors":0,"mb":64,"cmds_per_leg":2,"elements":0}
PCIE {"t_ms":1790664604258,"test":"conc","trial":0,"copy":"dma","cfg":"h2d/ser","legs":1,"bytes_per_leg":134217728,"leg_ns":[11037213],"wall_ns":11049566,"stream_errors":0,"mb":64,"cmds_per_leg":2,"elements":0}
PCIE {"t_ms":1790664604279,"test":"conc","trial":0,"copy":"dma","cfg":"2xh2d/ser","legs":2,"bytes_per_leg":134217728,"leg_ns":[16384064,21596984],"wall_ns":21609110,"stream_errors":0,"mb":64,"cmds_per_leg":2,"elements":0}
PCIE {"t_ms":1790664604293,"test":"conc","trial":0,"copy":"dma","cfg":"d2h/ser","legs":1,"bytes_per_leg":134217728,"leg_ns":[13297404],"wall_ns":13313992,"stream_errors":0,"mb":64,"cmds_per_leg":2,"elements":0}
PCIE {"t_ms":1790664604315,"test":"conc","trial":0,"copy":"dma","cfg":"h2d","legs":1,"bytes_per_leg":134217728,"leg_ns":[22452767],"wall_ns":22464876,"stream_errors":0,"mb":64,"cmds_per_leg":2,"elements":0}
PCIE {"t_ms":1790664604337,"test":"conc","trial":1,"copy":"dma","cfg":"h2d","legs":1,"bytes_per_leg":134217728,"leg_ns":[22344074],"wall_ns":22362972,"stream_errors":0,"mb":64,"cmds_per_leg":2,"elements":0}
PCIE {"t_ms":1790664604349,"test":"conc","trial":1,"copy":"dma","cfg":"d2h","legs":1,"bytes_per_leg":134217728,"leg_ns":[12057382],"wall_ns":12069861,"stream_errors":0,"mb":64,"cmds_per_leg":2,"elements":0}
PCIE {"t_ms":1790664604360,"test":"conc","trial":1,"copy":"dma","cfg":"h2d/ser","legs":1,"bytes_per_leg":134217728,"leg_ns":[10888976],"wall_ns":10901420,"stream_errors":0,"mb":64,"cmds_per_leg":2,"elements":0}
PCIE {"t_ms":1790664604374,"test":"conc","trial":1,"copy":"dma","cfg":"d2h/ser","legs":1,"bytes_per_leg":134217728,"leg_ns":[13352139],"wall_ns":13363972,"stream_errors":0,"mb":64,"cmds_per_leg":2,"elements":0}
PCIE {"t_ms":1790664604395,"test":"conc","trial":1,"copy":"dma","cfg":"2xh2d/ser","legs":2,"bytes_per_leg":134217728,"leg_ns":[16312255,21600708],"wall_ns":21612960,"stream_errors":0,"mb":64,"cmds_per_leg":2,"elements":0}
PCIE {"t_ms":1790664604409,"test":"conc","trial":2,"copy":"dma","cfg":"d2h/ser","legs":1,"bytes_per_leg":134217728,"leg_ns":[13264270],"wall_ns":13282838,"stream_errors":0,"mb":64,"cmds_per_leg":2,"elements":0}
PCIE {"t_ms":1790664604430,"test":"conc","trial":2,"copy":"dma","cfg":"2xh2d/ser","legs":2,"bytes_per_leg":134217728,"leg_ns":[16185000,21479542],"wall_ns":21493548,"stream_errors":0,"mb":64,"cmds_per_leg":2,"elements":0}
PCIE {"t_ms":1790664604441,"test":"conc","trial":2,"copy":"dma","cfg":"h2d/ser","legs":1,"bytes_per_leg":134217728,"leg_ns":[11078619],"wall_ns":11092896,"stream_errors":0,"mb":64,"cmds_per_leg":2,"elements":0}
PCIE {"t_ms":1790664604453,"test":"conc","trial":2,"copy":"dma","cfg":"d2h","legs":1,"bytes_per_leg":134217728,"leg_ns":[12181228],"wall_ns":12193355,"stream_errors":0,"mb":64,"cmds_per_leg":2,"elements":0}
PCIE {"t_ms":1790664604476,"test":"conc","trial":2,"copy":"dma","cfg":"h2d","legs":1,"bytes_per_leg":134217728,"leg_ns":[22166811],"wall_ns":22179077,"stream_errors":0,"mb":64,"cmds_per_leg":2,"elements":0}
PCIE {"t_ms":1790664604487,"test":"conc","trial":3,"copy":"dma","cfg":"h2d/ser","legs":1,"bytes_per_leg":134217728,"leg_ns":[10865310],"wall_ns":10877258,"stream_errors":0,"mb":64,"cmds_per_leg":2,"elements":0}
PCIE {"t_ms":1790664604508,"test":"conc","trial":3,"copy":"dma","cfg":"2xh2d/ser","legs":2,"bytes_per_leg":134217728,"leg_ns":[16180495,21463489],"wall_ns":21475557,"stream_errors":0,"mb":64,"cmds_per_leg":2,"elements":0}
PCIE {"t_ms":1790664604520,"test":"conc","trial":3,"copy":"dma","cfg":"d2h","legs":1,"bytes_per_leg":134217728,"leg_ns":[11991025],"wall_ns":12005351,"stream_errors":0,"mb":64,"cmds_per_leg":2,"elements":0}
PCIE {"t_ms":1790664604533,"test":"conc","trial":3,"copy":"dma","cfg":"d2h/ser","legs":1,"bytes_per_leg":134217728,"leg_ns":[13091786],"wall_ns":13103406,"stream_errors":0,"mb":64,"cmds_per_leg":2,"elements":0}
PCIE {"t_ms":1790664604555,"test":"conc","trial":3,"copy":"dma","cfg":"h2d","legs":1,"bytes_per_leg":134217728,"leg_ns":[22098280],"wall_ns":22110914,"stream_errors":0,"mb":64,"cmds_per_leg":2,"elements":0}
PCIE {"t_ms":1790664604566,"test":"conc","trial":4,"copy":"dma","cfg":"h2d/ser","legs":1,"bytes_per_leg":134217728,"leg_ns":[10955140],"wall_ns":10967308,"stream_errors":0,"mb":64,"cmds_per_leg":2,"elements":0}
PCIE {"t_ms":1790664604580,"test":"conc","trial":4,"copy":"dma","cfg":"d2h/ser","legs":1,"bytes_per_leg":134217728,"leg_ns":[13211421],"wall_ns":13228592,"stream_errors":0,"mb":64,"cmds_per_leg":2,"elements":0}
PCIE {"t_ms":1790664604602,"test":"conc","trial":4,"copy":"dma","cfg":"h2d","legs":1,"bytes_per_leg":134217728,"leg_ns":[22067024],"wall_ns":22078950,"stream_errors":0,"mb":64,"cmds_per_leg":2,"elements":0}
PCIE {"t_ms":1790664604623,"test":"conc","trial":4,"copy":"dma","cfg":"2xh2d/ser","legs":2,"bytes_per_leg":134217728,"leg_ns":[16226203,21529869],"wall_ns":21541890,"stream_errors":0,"mb":64,"cmds_per_leg":2,"elements":0}
PCIE {"t_ms":1790664604635,"test":"conc","trial":4,"copy":"dma","cfg":"d2h","legs":1,"bytes_per_leg":134217728,"leg_ns":[12108108],"wall_ns":12120339,"stream_errors":0,"mb":64,"cmds_per_leg":2,"elements":0}
PCIE {"t_ms":1790664604658,"test":"conc","trial":5,"copy":"dma","cfg":"h2d","legs":1,"bytes_per_leg":134217728,"leg_ns":[22289065],"wall_ns":22301874,"stream_errors":0,"mb":64,"cmds_per_leg":2,"elements":0}
PCIE {"t_ms":1790664604670,"test":"conc","trial":5,"copy":"dma","cfg":"d2h","legs":1,"bytes_per_leg":134217728,"leg_ns":[12051216],"wall_ns":12063673,"stream_errors":0,"mb":64,"cmds_per_leg":2,"elements":0}
PCIE {"t_ms":1790664604691,"test":"conc","trial":5,"copy":"dma","cfg":"2xh2d/ser","legs":2,"bytes_per_leg":134217728,"leg_ns":[16243634,21401488],"wall_ns":21413272,"stream_errors":0,"mb":64,"cmds_per_leg":2,"elements":0}
PCIE {"t_ms":1790664604702,"test":"conc","trial":5,"copy":"dma","cfg":"h2d/ser","legs":1,"bytes_per_leg":134217728,"leg_ns":[10910554],"wall_ns":10921940,"stream_errors":0,"mb":64,"cmds_per_leg":2,"elements":0}
PCIE {"t_ms":1790664604715,"test":"conc","trial":5,"copy":"dma","cfg":"d2h/ser","legs":1,"bytes_per_leg":134217728,"leg_ns":[13242978],"wall_ns":13254622,"stream_errors":0,"mb":64,"cmds_per_leg":2,"elements":0}
PCIE {"t_ms":1790664604726,"test":"conc","trial":6,"copy":"dma","cfg":"h2d/ser","legs":1,"bytes_per_leg":134217728,"leg_ns":[10781536],"wall_ns":10793317,"stream_errors":0,"mb":64,"cmds_per_leg":2,"elements":0}
PCIE {"t_ms":1790664604739,"test":"conc","trial":6,"copy":"dma","cfg":"d2h/ser","legs":1,"bytes_per_leg":134217728,"leg_ns":[13302381],"wall_ns":13314074,"stream_errors":0,"mb":64,"cmds_per_leg":2,"elements":0}
PCIE {"t_ms":1790664604761,"test":"conc","trial":6,"copy":"dma","cfg":"2xh2d/ser","legs":2,"bytes_per_leg":134217728,"leg_ns":[16276210,21578515],"wall_ns":21590764,"stream_errors":0,"mb":64,"cmds_per_leg":2,"elements":0}
PCIE {"t_ms":1790664604783,"test":"conc","trial":6,"copy":"dma","cfg":"h2d","legs":1,"bytes_per_leg":134217728,"leg_ns":[22067310],"wall_ns":22082644,"stream_errors":0,"mb":64,"cmds_per_leg":2,"elements":0}
PCIE {"t_ms":1790664604795,"test":"conc","trial":6,"copy":"dma","cfg":"d2h","legs":1,"bytes_per_leg":134217728,"leg_ns":[12041735],"wall_ns":12054269,"stream_errors":0,"mb":64,"cmds_per_leg":2,"elements":0}
PCIE {"t_ms":1790664604806,"test":"conc","trial":7,"copy":"dma","cfg":"h2d/ser","legs":1,"bytes_per_leg":134217728,"leg_ns":[10983062],"wall_ns":10995519,"stream_errors":0,"mb":64,"cmds_per_leg":2,"elements":0}
PCIE {"t_ms":1790664604828,"test":"conc","trial":7,"copy":"dma","cfg":"2xh2d/ser","legs":2,"bytes_per_leg":134217728,"leg_ns":[16266079,21454876],"wall_ns":21466658,"stream_errors":0,"mb":64,"cmds_per_leg":2,"elements":0}
PCIE {"t_ms":1790664604849,"test":"conc","trial":7,"copy":"dma","cfg":"h2d","legs":1,"bytes_per_leg":134217728,"leg_ns":[21707103],"wall_ns":21718580,"stream_errors":0,"mb":64,"cmds_per_leg":2,"elements":0}
PCIE {"t_ms":1790664604862,"test":"conc","trial":7,"copy":"dma","cfg":"d2h","legs":1,"bytes_per_leg":134217728,"leg_ns":[12137600],"wall_ns":12151799,"stream_errors":0,"mb":64,"cmds_per_leg":2,"elements":0}
PCIE {"t_ms":1790664604875,"test":"conc","trial":7,"copy":"dma","cfg":"d2h/ser","legs":1,"bytes_per_leg":134217728,"leg_ns":[13040797],"wall_ns":13057438,"stream_errors":0,"mb":64,"cmds_per_leg":2,"elements":0}
PCIE {"t_ms":1790664604888,"test":"conc","trial":8,"copy":"dma","cfg":"d2h/ser","legs":1,"bytes_per_leg":134217728,"leg_ns":[13163157],"wall_ns":13176915,"stream_errors":0,"mb":64,"cmds_per_leg":2,"elements":0}
PCIE {"t_ms":1790664604910,"test":"conc","trial":8,"copy":"dma","cfg":"h2d","legs":1,"bytes_per_leg":134217728,"leg_ns":[22159333],"wall_ns":22172339,"stream_errors":0,"mb":64,"cmds_per_leg":2,"elements":0}
PCIE {"t_ms":1790664604922,"test":"conc","trial":8,"copy":"dma","cfg":"d2h","legs":1,"bytes_per_leg":134217728,"leg_ns":[12045907],"wall_ns":12059383,"stream_errors":0,"mb":64,"cmds_per_leg":2,"elements":0}
PCIE {"t_ms":1790664604944,"test":"conc","trial":8,"copy":"dma","cfg":"2xh2d/ser","legs":2,"bytes_per_leg":134217728,"leg_ns":[16151249,21509626],"wall_ns":21521673,"stream_errors":0,"mb":64,"cmds_per_leg":2,"elements":0}
PCIE {"t_ms":1790664604955,"test":"conc","trial":8,"copy":"dma","cfg":"h2d/ser","legs":1,"bytes_per_leg":134217728,"leg_ns":[10933515],"wall_ns":10945051,"stream_errors":0,"mb":64,"cmds_per_leg":2,"elements":0}
PCIE {"t_ms":1790664604962,"test":"done","which":"conc","elapsed_s":0.955227}
