PCIE {"t_ms":1790666818760,"test":"open","open_ns":180228175,"src":"PCIEBENCH_SRC_SHA256 main=27b7ed06330c4bae26cd24be189cdac0d67432cb52b1e8c7fca1116abda1aa5f args=8ae69bd7d46097957b638ff4c6630eb3e66d3cb0654b77d3bf55f3336c61c508 touch=92180a93c6dae0a1dce8c379156f827bd6588115777499dc45e64bf606b46ec0","link":[{"bdf":"0000:02:00.0","speed":"16.0 GT/s PCIe","width":"8","max_speed":"16.0 GT/s PCIe","max_width":"8","cma_allocated":"2057 MB"}]}
PCIE {"t_ms":1790666818788,"test":"conc","trial":0,"copy":"dma","cfg":"h2d/ser","legs":1,"bytes_per_leg":33554432,"leg_ns":[3080431],"wall_ns":3082417,"stream_errors":0,"mb":16,"cmds_per_leg":2,"elements":8}
PCIE {"t_ms":1790666818794,"test":"conc","trial":0,"copy":"dma","cfg":"2xh2d/ser","legs":2,"bytes_per_leg":33554432,"leg_ns":[4269108,5684837],"wall_ns":5687091,"stream_errors":0,"mb":16,"cmds_per_leg":2,"elements":8}
PCIE {"t_ms":1790666818800,"test":"conc","trial":0,"copy":"dma","cfg":"h2d","legs":1,"bytes_per_leg":33554432,"leg_ns":[5678846],"wall_ns":5680955,"stream_errors":0,"mb":16,"cmds_per_leg":2,"elements":8}
PCIE {"t_ms":1790666818803,"test":"conc","trial":0,"copy":"dma","cfg":"d2h/ser","legs":1,"bytes_per_leg":33554432,"leg_ns":[3291672],"wall_ns":3293403,"stream_errors":0,"mb":16,"cmds_per_leg":2,"elements":8}
PCIE {"t_ms":1790666818806,"test":"conc","trial":0,"copy":"dma","cfg":"d2h","legs":1,"bytes_per_leg":33554432,"leg_ns":[3077737],"wall_ns":3079429,"stream_errors":0,"mb":16,"cmds_per_leg":2,"elements":8}
PCIE {"t_ms":1790666818811,"test":"conc","trial":1,"copy":"dma","cfg":"h2d","legs":1,"bytes_per_leg":33554432,"leg_ns":[5226640],"wall_ns":5228332,"stream_errors":0,"mb":16,"cmds_per_leg":2,"elements":8}
PCIE {"t_ms":1790666818814,"test":"conc","trial":1,"copy":"dma","cfg":"h2d/ser","legs":1,"bytes_per_leg":33554432,"leg_ns":[3070709],"wall_ns":3072399,"stream_errors":0,"mb":16,"cmds_per_leg":2,"elements":8}
PCIE {"t_ms":1790666818818,"test":"conc","trial":1,"copy":"dma","cfg":"d2h","legs":1,"bytes_per_leg":33554432,"leg_ns":[3244714],"wall_ns":3246509,"stream_errors":0,"mb":16,"cmds_per_leg":2,"elements":8}
PCIE {"t_ms":1790666818823,"test":"conc","trial":1,"copy":"dma","cfg":"2xh2d/ser","legs":2,"bytes_per_leg":33554432,"leg_ns":[4358382,5663434],"wall_ns":5665229,"stream_errors":0,"mb":16,"cmds_per_leg":2,"elements":8}
PCIE {"t_ms":1790666818827,"test":"conc","trial":1,"copy":"dma","cfg":"d2h/ser","legs":1,"bytes_per_leg":33554432,"leg_ns":[3336589],"wall_ns":3338291,"stream_errors":0,"mb":16,"cmds_per_leg":2,"elements":8}
PCIE {"t_ms":1790666818830,"test":"conc","trial":2,"copy":"dma","cfg":"h2d/ser","legs":1,"bytes_per_leg":33554432,"leg_ns":[3041402],"wall_ns":3043129,"stream_errors":0,"mb":16,"cmds_per_leg":2,"elements":8}
PCIE {"t_ms":1790666818835,"test":"conc","trial":2,"copy":"dma","cfg":"h2d","legs":1,"bytes_per_leg":33554432,"leg_ns":[5405105],"wall_ns":5406802,"stream_errors":0,"mb":16,"cmds_per_leg":2,"elements":8}
PCIE {"t_ms":1790666818838,"test":"conc","trial":2,"copy":"dma","cfg":"d2h/ser","legs":1,"bytes_per_leg":33554432,"leg_ns":[2814867],"wall_ns":2816573,"stream_errors":0,"mb":16,"cmds_per_leg":2,"elements":8}
PCIE {"t_ms":1790666818843,"test":"conc","trial":2,"copy":"dma","cfg":"2xh2d/ser","legs":2,"bytes_per_leg":33554432,"leg_ns":[4276682,5567010],"wall_ns":5568650,"stream_errors":0,"mb":16,"cmds_per_leg":2,"elements":8}
PCIE {"t_ms":1790666818847,"test":"conc","trial":2,"copy":"dma","cfg":"d2h","legs":1,"bytes_per_leg":33554432,"leg_ns":[3289069],"wall_ns":3290804,"stream_errors":0,"mb":16,"cmds_per_leg":2,"elements":8}
PCIE {"t_ms":1790666818850,"test":"conc","trial":3,"copy":"dma","cfg":"d2h","legs":1,"bytes_per_leg":33554432,"leg_ns":[3145592],"wall_ns":3147331,"stream_errors":0,"mb":16,"cmds_per_leg":2,"elements":8}
PCIE {"t_ms":1790666818853,"test":"conc","trial":3,"copy":"dma","cfg":"h2d/ser","legs":1,"bytes_per_leg":33554432,"leg_ns":[2957249],"wall_ns":2959064,"stream_errors":0,"mb":16,"cmds_per_leg":2,"elements":8}
PCIE {"t_ms":1790666818859,"test":"conc","trial":3,"copy":"dma","cfg":"h2d","legs":1,"bytes_per_leg":33554432,"leg_ns":[5890659],"wall_ns":5892343,"stream_errors":0,"mb":16,"cmds_per_leg":2,"elements":8}
PCIE {"t_ms":1790666818865,"test":"conc","trial":3,"copy":"dma","cfg":"2xh2d/ser","legs":2,"bytes_per_leg":33554432,"leg_ns":[4582016,5887497],"wall_ns":5889226,"stream_errors":0,"mb":16,"cmds_per_leg":2,"elements":8}
PCIE {"t_ms":1790666818868,"test":"conc","trial":3,"copy":"dma","cfg":"d2h/ser","legs":1,"bytes_per_leg":33554432,"leg_ns":[3292733],"wall_ns":3294481,"stream_errors":0,"mb":16,"cmds_per_leg":2,"elements":8}
PCIE {"t_ms":1790666818871,"test":"conc","trial":4,"copy":"dma","cfg":"h2d/ser","legs":1,"bytes_per_leg":33554432,"leg_ns":[2904755],"wall_ns":2906456,"stream_errors":0,"mb":16,"cmds_per_leg":2,"elements":8}
PCIE {"t_ms":1790666818876,"test":"conc","trial":4,"copy":"dma","cfg":"2xh2d/ser","legs":2,"bytes_per_leg":33554432,"leg_ns":[4301409,5686677],"wall_ns":5688368,"stream_errors":0,"mb":16,"cmds_per_leg":2,"elements":8}
PCIE {"t_ms":1790666818880,"test":"conc","trial":4,"copy":"dma","cfg":"d2h","legs":1,"bytes_per_leg":33554432,"leg_ns":[3274743],"wall_ns":3276427,"stream_errors":0,"mb":16,"cmds_per_leg":2,"elements":8}
PCIE {"t_ms":1790666818883,"test":"conc","trial":4,"copy":"dma","cfg":"d2h/ser","legs":1,"bytes_per_leg":33554432,"leg_ns":[2769525],"wall_ns":2776104,"stream_errors":0,"mb":16,"cmds_per_leg":2,"elements":8}
PCIE {"t_ms":1790666818888,"test":"conc","trial":4,"copy":"dma","cfg":"h2d","legs":1,"bytes_per_leg":33554432,"leg_ns":[5591885],"wall_ns":5593572,"stream_errors":0,"mb":16,"cmds_per_leg":2,"elements":8}
PCIE {"t_ms":1790666818891,"test":"conc","trial":5,"copy":"dma","cfg":"d2h","legs":1,"bytes_per_leg":33554432,"leg_ns":[3039842],"wall_ns":3041536,"stream_errors":0,"mb":16,"cmds_per_leg":2,"elements":8}
PCIE {"t_ms":1790666818897,"test":"conc","trial":5,"copy":"dma","cfg":"2xh2d/ser","legs":2,"bytes_per_leg":33554432,"leg_ns":[4299744,5605266],"wall_ns":5606957,"stream_errors":0,"mb":16,"cmds_per_leg":2,"elements":8}
PCIE {"t_ms":1790666818902,"test":"conc","trial":5,"copy":"dma","cfg":"h2d","legs":1,"bytes_per_leg":33554432,"leg_ns":[5689864],"wall_ns":5691526,"stream_errors":0,"mb":16,"cmds_per_leg":2,"elements":8}
PCIE {"t_ms":1790666818905,"test":"conc","trial":5,"copy":"dma","cfg":"h2d/ser","legs":1,"bytes_per_leg":33554432,"leg_ns":[2891940],"wall_ns":2893646,"stream_errors":0,"mb":16,"cmds_per_leg":2,"elements":8}
PCIE {"t_ms":1790666818909,"test":"conc","trial":5,"copy":"dma","cfg":"d2h/ser","legs":1,"bytes_per_leg":33554432,"leg_ns":[3161022],"wall_ns":3162754,"stream_errors":0,"mb":16,"cmds_per_leg":2,"elements":8}
PCIE {"t_ms":1790666818914,"test":"conc","trial":6,"copy":"dma","cfg":"2xh2d/ser","legs":2,"bytes_per_leg":33554432,"leg_ns":[4138501,5547319],"wall_ns":5549015,"stream_errors":0,"mb":16,"cmds_per_leg":2,"elements":8}
PCIE {"t_ms":1790666818917,"test":"conc","trial":6,"copy":"dma","cfg":"d2h","legs":1,"bytes_per_leg":33554432,"leg_ns":[3266559],"wall_ns":3268324,"stream_errors":0,"mb":16,"cmds_per_leg":2,"elements":8}
PCIE {"t_ms":1790666818920,"test":"conc","trial":6,"copy":"dma","cfg":"h2d/ser","legs":1,"bytes_per_leg":33554432,"leg_ns":[2903893],"wall_ns":2905578,"stream_errors":0,"mb":16,"cmds_per_leg":2,"elements":8}
PCIE {"t_ms":1790666818926,"test":"conc","trial":6,"copy":"dma","cfg":"h2d","legs":1,"bytes_per_leg":33554432,"leg_ns":[5511169],"wall_ns":5512869,"stream_errors":0,"mb":16,"cmds_per_leg":2,"elements":8}
PCIE {"t_ms":1790666818929,"test":"conc","trial":6,"copy":"dma","cfg":"d2h/ser","legs":1,"bytes_per_leg":33554432,"leg_ns":[2832118],"wall_ns":2833772,"stream_errors":0,"mb":16,"cmds_per_leg":2,"elements":8}
PCIE {"t_ms":1790666818934,"test":"conc","trial":7,"copy":"dma","cfg":"2xh2d/ser","legs":2,"bytes_per_leg":33554432,"leg_ns":[4364886,5751214],"wall_ns":5753083,"stream_errors":0,"mb":16,"cmds_per_leg":2,"elements":8}
PCIE {"t_ms":1790666818937,"test":"conc","trial":7,"copy":"dma","cfg":"h2d/ser","legs":1,"bytes_per_leg":33554432,"leg_ns":[3096974],"wall_ns":3098852,"stream_errors":0,"mb":16,"cmds_per_leg":2,"elements":8}
PCIE {"t_ms":1790666818941,"test":"conc","trial":7,"copy":"dma","cfg":"d2h","legs":1,"bytes_per_leg":33554432,"leg_ns":[3244197],"wall_ns":3245879,"stream_errors":0,"mb":16,"cmds_per_leg":2,"elements":8}
PCIE {"t_ms":1790666818947,"test":"conc","trial":7,"copy":"dma","cfg":"h2d","legs":1,"bytes_per_leg":33554432,"leg_ns":[5836232],"wall_ns":5837900,"stream_errors":0,"mb":16,"cmds_per_leg":2,"elements":8}
PCIE {"t_ms":1790666818949,"test":"conc","trial":7,"copy":"dma","cfg":"d2h/ser","legs":1,"bytes_per_leg":33554432,"leg_ns":[2894266],"wall_ns":2896488,"stream_errors":0,"mb":16,"cmds_per_leg":2,"elements":8}
PCIE {"t_ms":1790666818953,"test":"conc","trial":8,"copy":"dma","cfg":"d2h","legs":1,"bytes_per_leg":33554432,"leg_ns":[3228390],"wall_ns":3230231,"stream_errors":0,"mb":16,"cmds_per_leg":2,"elements":8}
PCIE {"t_ms":1790666818958,"test":"conc","trial":8,"copy":"dma","cfg":"2xh2d/ser","legs":2,"bytes_per_leg":33554432,"leg_ns":[4268048,5549607],"wall_ns":5551506,"stream_errors":0,"mb":16,"cmds_per_leg":2,"elements":8}
PCIE {"t_ms":1790666818961,"test":"conc","trial":8,"copy":"dma","cfg":"h2d/ser","legs":1,"bytes_per_leg":33554432,"leg_ns":[2992233],"wall_ns":2993908,"stream_errors":0,"mb":16,"cmds_per_leg":2,"elements":8}
PCIE {"t_ms":1790666818967,"test":"conc","trial":8,"copy":"dma","cfg":"h2d","legs":1,"bytes_per_leg":33554432,"leg_ns":[5516141],"wall_ns":5517852,"stream_errors":0,"mb":16,"cmds_per_leg":2,"elements":8}
PCIE {"t_ms":1790666818970,"test":"conc","trial":8,"copy":"dma","cfg":"d2h/ser","legs":1,"bytes_per_leg":33554432,"leg_ns":[3295082],"wall_ns":3301988,"stream_errors":0,"mb":16,"cmds_per_leg":2,"elements":8}
PCIE {"t_ms":1790666818975,"test":"conc","trial":9,"copy":"dma","cfg":"h2d","legs":1,"bytes_per_leg":33554432,"leg_ns":[5272319],"wall_ns":5273990,"stream_errors":0,"mb":16,"cmds_per_leg":2,"elements":8}
PCIE {"t_ms":1790666818978,"test":"conc","trial":9,"copy":"dma","cfg":"d2h/ser","legs":1,"bytes_per_leg":33554432,"leg_ns":[2811596],"wall_ns":2819902,"stream_errors":0,"mb":16,"cmds_per_leg":2,"elements":8}
PCIE {"t_ms":1790666818984,"test":"conc","trial":9,"copy":"dma","cfg":"2xh2d/ser","legs":2,"bytes_per_leg":33554432,"leg_ns":[4381137,5684918],"wall_ns":5686943,"stream_errors":0,"mb":16,"cmds_per_leg":2,"elements":8}
PCIE {"t_ms":1790666818987,"test":"conc","trial":9,"copy":"dma","cfg":"d2h","legs":1,"bytes_per_leg":33554432,"leg_ns":[3272090],"wall_ns":3273785,"stream_errors":0,"mb":16,"cmds_per_leg":2,"elements":8}
PCIE {"t_ms":1790666818990,"test":"conc","trial":9,"copy":"dma","cfg":"h2d/ser","legs":1,"bytes_per_leg":33554432,"leg_ns":[3203432],"wall_ns":3205354,"stream_errors":0,"mb":16,"cmds_per_leg":2,"elements":8}
PCIE {"t_ms":1790666818996,"test":"conc","trial":10,"copy":"dma","cfg":"h2d","legs":1,"bytes_per_leg":33554432,"leg_ns":[5709523],"wall_ns":5711229,"stream_errors":0,"mb":16,"cmds_per_leg":2,"elements":8}
PCIE {"t_ms":1790666818999,"test":"conc","trial":10,"copy":"dma","cfg":"d2h","legs":1,"bytes_per_leg":33554432,"leg_ns":[3165696],"wall_ns":3169526,"stream_errors":0,"mb":16,"cmds_per_leg":2,"elements":8}
PCIE {"t_ms":1790666819002,"test":"conc","trial":10,"copy":"dma","cfg":"d2h/ser","legs":1,"bytes_per_leg":33554432,"leg_ns":[2797799],"wall_ns":2799583,"stream_errors":0,"mb":16,"cmds_per_leg":2,"elements":8}
PCIE {"t_ms":1790666819008,"test":"conc","trial":10,"copy":"dma","cfg":"2xh2d/ser","legs":2,"bytes_per_leg":33554432,"leg_ns":[4301378,5608508],"wall_ns":5610203,"stream_errors":0,"mb":16,"cmds_per_leg":2,"elements":8}
PCIE {"t_ms":1790666819011,"test":"conc","trial":10,"copy":"dma","cfg":"h2d/ser","legs":1,"bytes_per_leg":33554432,"leg_ns":[2897589],"wall_ns":2899278,"stream_errors":0,"mb":16,"cmds_per_leg":2,"elements":8}
PCIE {"t_ms":1790666819013,"test":"done","which":"conc","elapsed_s":0.433457}
