PCIE {"t_ms":1790666820334,"test":"open","open_ns":178943006,"src":"PCIEBENCH_SRC_SHA256 main=27b7ed06330c4bae26cd24be189cdac0d67432cb52b1e8c7fca1116abda1aa5f args=8ae69bd7d46097957b638ff4c6630eb3e66d3cb0654b77d3bf55f3336c61c508 touch=92180a93c6dae0a1dce8c379156f827bd6588115777499dc45e64bf606b46ec0","link":[{"bdf":"0000:02:00.0","speed":"16.0 GT/s PCIe","width":"8","max_speed":"16.0 GT/s PCIe","max_width":"8","cma_allocated":"2057 MB"}]}
PCIE {"t_ms":1790666820341,"test":"conc","trial":0,"copy":"dma","cfg":"h2d/ser","legs":1,"bytes_per_leg":8388608,"leg_ns":[1000559],"wall_ns":1002571,"stream_errors":0,"mb":4,"cmds_per_leg":2,"elements":8}
PCIE {"t_ms":1790666820343,"test":"conc","trial":0,"copy":"dma","cfg":"2xh2d/ser","legs":2,"bytes_per_leg":8388608,"leg_ns":[1473847,1791434],"wall_ns":1793197,"stream_errors":0,"mb":4,"cmds_per_leg":2,"elements":8}
PCIE {"t_ms":1790666820344,"test":"conc","trial":0,"copy":"dma","cfg":"h2d","legs":1,"bytes_per_leg":8388608,"leg_ns":[1481477],"wall_ns":1483126,"stream_errors":0,"mb":4,"cmds_per_leg":2,"elements":8}
PCIE {"t_ms":1790666820345,"test":"conc","trial":0,"copy":"dma","cfg":"d2h/ser","legs":1,"bytes_per_leg":8388608,"leg_ns":[874035],"wall_ns":875728,"stream_errors":0,"mb":4,"cmds_per_leg":2,"elements":8}
PCIE {"t_ms":1790666820346,"test":"conc","trial":0,"copy":"dma","cfg":"d2h","legs":1,"bytes_per_leg":8388608,"leg_ns":[883615],"wall_ns":885276,"stream_errors":0,"mb":4,"cmds_per_leg":2,"elements":8}
PCIE {"t_ms":1790666820348,"test":"conc","trial":1,"copy":"dma","cfg":"h2d","legs":1,"bytes_per_leg":8388608,"leg_ns":[1313154],"wall_ns":1314922,"stream_errors":0,"mb":4,"cmds_per_leg":2,"elements":8}
PCIE {"t_ms":1790666820348,"test":"conc","trial":1,"copy":"dma","cfg":"h2d/ser","legs":1,"bytes_per_leg":8388608,"leg_ns":[862548],"wall_ns":864333,"stream_errors":0,"mb":4,"cmds_per_leg":2,"elements":8}
PCIE {"t_ms":1790666820349,"test":"conc","trial":1,"copy":"dma","cfg":"d2h","legs":1,"bytes_per_leg":8388608,"leg_ns":[921798],"wall_ns":923585,"stream_errors":0,"mb":4,"cmds_per_leg":2,"elements":8}
PCIE {"t_ms":1790666820351,"test":"conc","trial":1,"copy":"dma","cfg":"2xh2d/ser","legs":2,"bytes_per_leg":8388608,"leg_ns":[1224173,1534732],"wall_ns":1536539,"stream_errors":0,"mb":4,"cmds_per_leg":2,"elements":8}
PCIE {"t_ms":1790666820352,"test":"conc","trial":1,"copy":"dma","cfg":"d2h/ser","legs":1,"bytes_per_leg":8388608,"leg_ns":[775824],"wall_ns":777495,"stream_errors":0,"mb":4,"cmds_per_leg":2,"elements":8}
PCIE {"t_ms":1790666820353,"test":"conc","trial":2,"copy":"dma","cfg":"h2d/ser","legs":1,"bytes_per_leg":8388608,"leg_ns":[904342],"wall_ns":906079,"stream_errors":0,"mb":4,"cmds_per_leg":2,"elements":8}
PCIE {"t_ms":1790666820354,"test":"conc","trial":2,"copy":"dma","cfg":"h2d","legs":1,"bytes_per_leg":8388608,"leg_ns":[1376173],"wall_ns":1378014,"stream_errors":0,"mb":4,"cmds_per_leg":2,"elements":8}
PCIE {"t_ms":1790666820355,"test":"conc","trial":2,"copy":"dma","cfg":"d2h/ser","legs":1,"bytes_per_leg":8388608,"leg_ns":[701037],"wall_ns":702782,"stream_errors":0,"mb":4,"cmds_per_leg":2,"elements":8}
PCIE {"t_ms":1790666820356,"test":"conc","trial":2,"copy":"dma","cfg":"2xh2d/ser","legs":2,"bytes_per_leg":8388608,"leg_ns":[1119348,1533357],"wall_ns":1535185,"stream_errors":0,"mb":4,"cmds_per_leg":2,"elements":8}
PCIE {"t_ms":1790666820357,"test":"conc","trial":2,"copy":"dma","cfg":"d2h","legs":1,"bytes_per_leg":8388608,"leg_ns":[844076],"wall_ns":845823,"stream_errors":0,"mb":4,"cmds_per_leg":2,"elements":8}
PCIE {"t_ms":1790666820358,"test":"conc","trial":3,"copy":"dma","cfg":"d2h","legs":1,"bytes_per_leg":8388608,"leg_ns":[850413],"wall_ns":852129,"stream_errors":0,"mb":4,"cmds_per_leg":2,"elements":8}
PCIE {"t_ms":1790666820359,"test":"conc","trial":3,"copy":"dma","cfg":"h2d/ser","legs":1,"bytes_per_leg":8388608,"leg_ns":[773468],"wall_ns":775258,"stream_errors":0,"mb":4,"cmds_per_leg":2,"elements":8}
PCIE {"t_ms":1790666820360,"test":"conc","trial":3,"copy":"dma","cfg":"h2d","legs":1,"bytes_per_leg":8388608,"leg_ns":[1477498],"wall_ns":1479311,"stream_errors":0,"mb":4,"cmds_per_leg":2,"elements":8}
PCIE {"t_ms":1790666820362,"test":"conc","trial":3,"copy":"dma","cfg":"2xh2d/ser","legs":2,"bytes_per_leg":8388608,"leg_ns":[1169951,1480315],"wall_ns":1482099,"stream_errors":0,"mb":4,"cmds_per_leg":2,"elements":8}
PCIE {"t_ms":1790666820362,"test":"conc","trial":3,"copy":"dma","cfg":"d2h/ser","legs":1,"bytes_per_leg":8388608,"leg_ns":[727865],"wall_ns":729599,"stream_errors":0,"mb":4,"cmds_per_leg":2,"elements":8}
PCIE {"t_ms":1790666820363,"test":"conc","trial":4,"copy":"dma","cfg":"h2d/ser","legs":1,"bytes_per_leg":8388608,"leg_ns":[814687],"wall_ns":816454,"stream_errors":0,"mb":4,"cmds_per_leg":2,"elements":8}
PCIE {"t_ms":1790666820365,"test":"conc","trial":4,"copy":"dma","cfg":"2xh2d/ser","legs":2,"bytes_per_leg":8388608,"leg_ns":[1163207,1473849],"wall_ns":1475663,"stream_errors":0,"mb":4,"cmds_per_leg":2,"elements":8}
PCIE {"t_ms":1790666820365,"test":"conc","trial":4,"copy":"dma","cfg":"d2h","legs":1,"bytes_per_leg":8388608,"leg_ns":[782051],"wall_ns":783785,"stream_errors":0,"mb":4,"cmds_per_leg":2,"elements":8}
PCIE {"t_ms":1790666820366,"test":"conc","trial":4,"copy":"dma","cfg":"d2h/ser","legs":1,"bytes_per_leg":8388608,"leg_ns":[720760],"wall_ns":722486,"stream_errors":0,"mb":4,"cmds_per_leg":2,"elements":8}
PCIE {"t_ms":1790666820368,"test":"conc","trial":4,"copy":"dma","cfg":"h2d","legs":1,"bytes_per_leg":8388608,"leg_ns":[1382799],"wall_ns":1384611,"stream_errors":0,"mb":4,"cmds_per_leg":2,"elements":8}
PCIE {"t_ms":1790666820368,"test":"conc","trial":5,"copy":"dma","cfg":"d2h","legs":1,"bytes_per_leg":8388608,"leg_ns":[781333],"wall_ns":783097,"stream_errors":0,"mb":4,"cmds_per_leg":2,"elements":8}
PCIE {"t_ms":1790666820370,"test":"conc","trial":5,"copy":"dma","cfg":"2xh2d/ser","legs":2,"bytes_per_leg":8388608,"leg_ns":[1105657,1517036],"wall_ns":1518806,"stream_errors":0,"mb":4,"cmds_per_leg":2,"elements":8}
PCIE {"t_ms":1790666820371,"test":"conc","trial":5,"copy":"dma","cfg":"h2d","legs":1,"bytes_per_leg":8388608,"leg_ns":[1477418],"wall_ns":1479247,"stream_errors":0,"mb":4,"cmds_per_leg":2,"elements":8}
PCIE {"t_ms":1790666820372,"test":"conc","trial":5,"copy":"dma","cfg":"h2d/ser","legs":1,"bytes_per_leg":8388608,"leg_ns":[761597],"wall_ns":763434,"stream_errors":0,"mb":4,"cmds_per_leg":2,"elements":8}
PCIE {"t_ms":1790666820373,"test":"conc","trial":5,"copy":"dma","cfg":"d2h/ser","legs":1,"bytes_per_leg":8388608,"leg_ns":[680063],"wall_ns":681753,"stream_errors":0,"mb":4,"cmds_per_leg":2,"elements":8}
PCIE {"t_ms":1790666820374,"test":"conc","trial":6,"copy":"dma","cfg":"2xh2d/ser","legs":2,"bytes_per_leg":8388608,"leg_ns":[1127014,1440960],"wall_ns":1442834,"stream_errors":0,"mb":4,"cmds_per_leg":2,"elements":8}
PCIE {"t_ms":1790666820375,"test":"conc","trial":6,"copy":"dma","cfg":"d2h","legs":1,"bytes_per_leg":8388608,"leg_ns":[783508],"wall_ns":785700,"stream_errors":0,"mb":4,"cmds_per_leg":2,"elements":8}
PCIE {"t_ms":1790666820376,"test":"conc","trial":6,"copy":"dma","cfg":"h2d/ser","legs":1,"bytes_per_leg":8388608,"leg_ns":[804644],"wall_ns":806480,"stream_errors":0,"mb":4,"cmds_per_leg":2,"elements":8}
PCIE {"t_ms":1790666820377,"test":"conc","trial":6,"copy":"dma","cfg":"h2d","legs":1,"bytes_per_leg":8388608,"leg_ns":[1476826],"wall_ns":1478624,"stream_errors":0,"mb":4,"cmds_per_leg":2,"elements":8}
PCIE {"t_ms":1790666820378,"test":"conc","trial":6,"copy":"dma","cfg":"d2h/ser","legs":1,"bytes_per_leg":8388608,"leg_ns":[682269],"wall_ns":684447,"stream_errors":0,"mb":4,"cmds_per_leg":2,"elements":8}
PCIE {"t_ms":1790666820379,"test":"conc","trial":7,"copy":"dma","cfg":"2xh2d/ser","legs":2,"bytes_per_leg":8388608,"leg_ns":[1117603,1426690],"wall_ns":1428493,"stream_errors":0,"mb":4,"cmds_per_leg":2,"elements":8}
PCIE {"t_ms":1790666820380,"test":"conc","trial":7,"copy":"dma","cfg":"h2d/ser","legs":1,"bytes_per_leg":8388608,"leg_ns":[759302],"wall_ns":761095,"stream_errors":0,"mb":4,"cmds_per_leg":2,"elements":8}
PCIE {"t_ms":1790666820381,"test":"conc","trial":7,"copy":"dma","cfg":"d2h","legs":1,"bytes_per_leg":8388608,"leg_ns":[788384],"wall_ns":790470,"stream_errors":0,"mb":4,"cmds_per_leg":2,"elements":8}
PCIE {"t_ms":1790666820382,"test":"conc","trial":7,"copy":"dma","cfg":"h2d","legs":1,"bytes_per_leg":8388608,"leg_ns":[1447820],"wall_ns":1449684,"stream_errors":0,"mb":4,"cmds_per_leg":2,"elements":8}
PCIE {"t_ms":1790666820383,"test":"conc","trial":7,"copy":"dma","cfg":"d2h/ser","legs":1,"bytes_per_leg":8388608,"leg_ns":[679549],"wall_ns":681327,"stream_errors":0,"mb":4,"cmds_per_leg":2,"elements":8}
PCIE {"t_ms":1790666820384,"test":"conc","trial":8,"copy":"dma","cfg":"d2h","legs":1,"bytes_per_leg":8388608,"leg_ns":[834794],"wall_ns":836641,"stream_errors":0,"mb":4,"cmds_per_leg":2,"elements":8}
PCIE {"t_ms":1790666820385,"test":"conc","trial":8,"copy":"dma","cfg":"2xh2d/ser","legs":2,"bytes_per_leg":8388608,"leg_ns":[1092600,1471386],"wall_ns":1473255,"stream_errors":0,"mb":4,"cmds_per_leg":2,"elements":8}
PCIE {"t_ms":1790666820386,"test":"conc","trial":8,"copy":"dma","cfg":"h2d/ser","legs":1,"bytes_per_leg":8388608,"leg_ns":[758962],"wall_ns":760808,"stream_errors":0,"mb":4,"cmds_per_leg":2,"elements":8}
PCIE {"t_ms":1790666820388,"test":"conc","trial":8,"copy":"dma","cfg":"h2d","legs":1,"bytes_per_leg":8388608,"leg_ns":[1439362],"wall_ns":1441180,"stream_errors":0,"mb":4,"cmds_per_leg":2,"elements":8}
PCIE {"t_ms":1790666820388,"test":"conc","trial":8,"copy":"dma","cfg":"d2h/ser","legs":1,"bytes_per_leg":8388608,"leg_ns":[683996],"wall_ns":686100,"stream_errors":0,"mb":4,"cmds_per_leg":2,"elements":8}
PCIE {"t_ms":1790666820390,"test":"conc","trial":9,"copy":"dma","cfg":"h2d","legs":1,"bytes_per_leg":8388608,"leg_ns":[1407746],"wall_ns":1409556,"stream_errors":0,"mb":4,"cmds_per_leg":2,"elements":8}
PCIE {"t_ms":1790666820390,"test":"conc","trial":9,"copy":"dma","cfg":"d2h/ser","legs":1,"bytes_per_leg":8388608,"leg_ns":[671096],"wall_ns":672912,"stream_errors":0,"mb":4,"cmds_per_leg":2,"elements":8}
PCIE {"t_ms":1790666820392,"test":"conc","trial":9,"copy":"dma","cfg":"2xh2d/ser","legs":2,"bytes_per_leg":8388608,"leg_ns":[1114743,1426862],"wall_ns":1428712,"stream_errors":0,"mb":4,"cmds_per_leg":2,"elements":8}
PCIE {"t_ms":1790666820393,"test":"conc","trial":9,"copy":"dma","cfg":"d2h","legs":1,"bytes_per_leg":8388608,"leg_ns":[784348],"wall_ns":786065,"stream_errors":0,"mb":4,"cmds_per_leg":2,"elements":8}
PCIE {"t_ms":1790666820393,"test":"conc","trial":9,"copy":"dma","cfg":"h2d/ser","legs":1,"bytes_per_leg":8388608,"leg_ns":[787257],"wall_ns":789035,"stream_errors":0,"mb":4,"cmds_per_leg":2,"elements":8}
PCIE {"t_ms":1790666820395,"test":"conc","trial":10,"copy":"dma","cfg":"h2d","legs":1,"bytes_per_leg":8388608,"leg_ns":[1475612],"wall_ns":1477517,"stream_errors":0,"mb":4,"cmds_per_leg":2,"elements":8}
PCIE {"t_ms":1790666820396,"test":"conc","trial":10,"copy":"dma","cfg":"d2h","legs":1,"bytes_per_leg":8388608,"leg_ns":[781455],"wall_ns":783223,"stream_errors":0,"mb":4,"cmds_per_leg":2,"elements":8}
PCIE {"t_ms":1790666820396,"test":"conc","trial":10,"copy":"dma","cfg":"d2h/ser","legs":1,"bytes_per_leg":8388608,"leg_ns":[718613],"wall_ns":720308,"stream_errors":0,"mb":4,"cmds_per_leg":2,"elements":8}
PCIE {"t_ms":1790666820398,"test":"conc","trial":10,"copy":"dma","cfg":"2xh2d/ser","legs":2,"bytes_per_leg":8388608,"leg_ns":[1109440,1523251],"wall_ns":1525103,"stream_errors":0,"mb":4,"cmds_per_leg":2,"elements":8}
PCIE {"t_ms":1790666820399,"test":"conc","trial":10,"copy":"dma","cfg":"h2d/ser","legs":1,"bytes_per_leg":8388608,"leg_ns":[759617],"wall_ns":761450,"stream_errors":0,"mb":4,"cmds_per_leg":2,"elements":8}
PCIE {"t_ms":1790666820400,"test":"conc","trial":11,"copy":"dma","cfg":"2xh2d/ser","legs":2,"bytes_per_leg":8388608,"leg_ns":[1129225,1441180],"wall_ns":1443006,"stream_errors":0,"mb":4,"cmds_per_leg":2,"elements":8}
PCIE {"t_ms":1790666820402,"test":"conc","trial":11,"copy":"dma","cfg":"h2d","legs":1,"bytes_per_leg":8388608,"leg_ns":[1471554],"wall_ns":1473410,"stream_errors":0,"mb":4,"cmds_per_leg":2,"elements":8}
PCIE {"t_ms":1790666820402,"test":"conc","trial":11,"copy":"dma","cfg":"d2h/ser","legs":1,"bytes_per_leg":8388608,"leg_ns":[672521],"wall_ns":674211,"stream_errors":0,"mb":4,"cmds_per_leg":2,"elements":8}
PCIE {"t_ms":1790666820403,"test":"conc","trial":11,"copy":"dma","cfg":"h2d/ser","legs":1,"bytes_per_leg":8388608,"leg_ns":[812973],"wall_ns":814786,"stream_errors":0,"mb":4,"cmds_per_leg":2,"elements":8}
PCIE {"t_ms":1790666820404,"test":"conc","trial":11,"copy":"dma","cfg":"d2h","legs":1,"bytes_per_leg":8388608,"leg_ns":[786828],"wall_ns":788578,"stream_errors":0,"mb":4,"cmds_per_leg":2,"elements":8}
PCIE {"t_ms":1790666820405,"test":"conc","trial":12,"copy":"dma","cfg":"h2d","legs":1,"bytes_per_leg":8388608,"leg_ns":[1504258],"wall_ns":1506105,"stream_errors":0,"mb":4,"cmds_per_leg":2,"elements":8}
PCIE {"t_ms":1790666820407,"test":"conc","trial":12,"copy":"dma","cfg":"2xh2d/ser","legs":2,"bytes_per_leg":8388608,"leg_ns":[1171975,1482478],"wall_ns":1484260,"stream_errors":0,"mb":4,"cmds_per_leg":2,"elements":8}
PCIE {"t_ms":1790666820408,"test":"conc","trial":12,"copy":"dma","cfg":"h2d/ser","legs":1,"bytes_per_leg":8388608,"leg_ns":[759125],"wall_ns":760896,"stream_errors":0,"mb":4,"cmds_per_leg":2,"elements":8}
PCIE {"t_ms":1790666820409,"test":"conc","trial":12,"copy":"dma","cfg":"d2h","legs":1,"bytes_per_leg":8388608,"leg_ns":[773184],"wall_ns":774918,"stream_errors":0,"mb":4,"cmds_per_leg":2,"elements":8}
PCIE {"t_ms":1790666820409,"test":"conc","trial":12,"copy":"dma","cfg":"d2h/ser","legs":1,"bytes_per_leg":8388608,"leg_ns":[713674],"wall_ns":715764,"stream_errors":0,"mb":4,"cmds_per_leg":2,"elements":8}
PCIE {"t_ms":1790666820411,"test":"conc","trial":13,"copy":"dma","cfg":"h2d","legs":1,"bytes_per_leg":8388608,"leg_ns":[1426009],"wall_ns":1427835,"stream_errors":0,"mb":4,"cmds_per_leg":2,"elements":8}
PCIE {"t_ms":1790666820411,"test":"conc","trial":13,"copy":"dma","cfg":"d2h/ser","legs":1,"bytes_per_leg":8388608,"leg_ns":[674742],"wall_ns":677187,"stream_errors":0,"mb":4,"cmds_per_leg":2,"elements":8}
PCIE {"t_ms":1790666820412,"test":"conc","trial":13,"copy":"dma","cfg":"d2h","legs":1,"bytes_per_leg":8388608,"leg_ns":[843123],"wall_ns":844828,"stream_errors":0,"mb":4,"cmds_per_leg":2,"elements":8}
PCIE {"t_ms":1790666820414,"test":"conc","trial":13,"copy":"dma","cfg":"2xh2d/ser","legs":2,"bytes_per_leg":8388608,"leg_ns":[1183312,1493499],"wall_ns":1495298,"stream_errors":0,"mb":4,"cmds_per_leg":2,"elements":8}
PCIE {"t_ms":1790666820414,"test":"conc","trial":13,"copy":"dma","cfg":"h2d/ser","legs":1,"bytes_per_leg":8388608,"leg_ns":[760783],"wall_ns":762642,"stream_errors":0,"mb":4,"cmds_per_leg":2,"elements":8}
PCIE {"t_ms":1790666820416,"test":"conc","trial":14,"copy":"dma","cfg":"2xh2d/ser","legs":2,"bytes_per_leg":8388608,"leg_ns":[1124591,1435025],"wall_ns":1436816,"stream_errors":0,"mb":4,"cmds_per_leg":2,"elements":8}
PCIE {"t_ms":1790666820417,"test":"conc","trial":14,"copy":"dma","cfg":"d2h","legs":1,"bytes_per_leg":8388608,"leg_ns":[784589],"wall_ns":786417,"stream_errors":0,"mb":4,"cmds_per_leg":2,"elements":8}
PCIE {"t_ms":1790666820418,"test":"conc","trial":14,"copy":"dma","cfg":"h2d","legs":1,"bytes_per_leg":8388608,"leg_ns":[1407214],"wall_ns":1409060,"stream_errors":0,"mb":4,"cmds_per_leg":2,"elements":8}
PCIE {"t_ms":1790666820419,"test":"conc","trial":14,"copy":"dma","cfg":"h2d/ser","legs":1,"bytes_per_leg":8388608,"leg_ns":[761484],"wall_ns":763328,"stream_errors":0,"mb":4,"cmds_per_leg":2,"elements":8}
PCIE {"t_ms":1790666820420,"test":"conc","trial":14,"copy":"dma","cfg":"d2h/ser","legs":1,"bytes_per_leg":8388608,"leg_ns":[670892],"wall_ns":672702,"stream_errors":0,"mb":4,"cmds_per_leg":2,"elements":8}
PCIE {"t_ms":1790666820421,"test":"conc","trial":15,"copy":"dma","cfg":"2xh2d/ser","legs":2,"bytes_per_leg":8388608,"leg_ns":[1127738,1436453],"wall_ns":1438253,"stream_errors":0,"mb":4,"cmds_per_leg":2,"elements":8}
PCIE {"t_ms":1790666820422,"test":"conc","trial":15,"copy":"dma","cfg":"d2h/ser","legs":1,"bytes_per_leg":8388608,"leg_ns":[684928],"wall_ns":686804,"stream_errors":0,"mb":4,"cmds_per_leg":2,"elements":8}
PCIE {"t_ms":1790666820423,"test":"conc","trial":15,"copy":"dma","cfg":"h2d","legs":1,"bytes_per_leg":8388608,"leg_ns":[1421946],"wall_ns":1423802,"stream_errors":0,"mb":4,"cmds_per_leg":2,"elements":8}
PCIE {"t_ms":1790666820424,"test":"conc","trial":15,"copy":"dma","cfg":"d2h","legs":1,"bytes_per_leg":8388608,"leg_ns":[777279],"wall_ns":779027,"stream_errors":0,"mb":4,"cmds_per_leg":2,"elements":8}
PCIE {"t_ms":1790666820425,"test":"conc","trial":15,"copy":"dma","cfg":"h2d/ser","legs":1,"bytes_per_leg":8388608,"leg_ns":[803753],"wall_ns":805562,"stream_errors":0,"mb":4,"cmds_per_leg":2,"elements":8}
PCIE {"t_ms":1790666820425,"test":"conc","trial":16,"copy":"dma","cfg":"d2h","legs":1,"bytes_per_leg":8388608,"leg_ns":[777661],"wall_ns":779432,"stream_errors":0,"mb":4,"cmds_per_leg":2,"elements":8}
PCIE {"t_ms":1790666820426,"test":"conc","trial":16,"copy":"dma","cfg":"d2h/ser","legs":1,"bytes_per_leg":8388608,"leg_ns":[721047],"wall_ns":722756,"stream_errors":0,"mb":4,"cmds_per_leg":2,"elements":8}
PCIE {"t_ms":1790666820427,"test":"conc","trial":16,"copy":"dma","cfg":"h2d/ser","legs":1,"bytes_per_leg":8388608,"leg_ns":[796335],"wall_ns":798157,"stream_errors":0,"mb":4,"cmds_per_leg":2,"elements":8}
PCIE {"t_ms":1790666820428,"test":"conc","trial":16,"copy":"dma","cfg":"2xh2d/ser","legs":2,"bytes_per_leg":8388608,"leg_ns":[1171890,1476834],"wall_ns":1478660,"stream_errors":0,"mb":4,"cmds_per_leg":2,"elements":8}
PCIE {"t_ms":1790666820430,"test":"conc","trial":16,"copy":"dma","cfg":"h2d","legs":1,"bytes_per_leg":8388608,"leg_ns":[1477703],"wall_ns":1479500,"stream_errors":0,"mb":4,"cmds_per_leg":2,"elements":8}
PCIE {"t_ms":1790666820431,"test":"conc","trial":17,"copy":"dma","cfg":"h2d/ser","legs":1,"bytes_per_leg":8388608,"leg_ns":[758623],"wall_ns":760413,"stream_errors":0,"mb":4,"cmds_per_leg":2,"elements":8}
PCIE {"t_ms":1790666820432,"test":"conc","trial":17,"copy":"dma","cfg":"h2d","legs":1,"bytes_per_leg":8388608,"leg_ns":[1479571],"wall_ns":1481351,"stream_errors":0,"mb":4,"cmds_per_leg":2,"elements":8}
PCIE {"t_ms":1790666820433,"test":"conc","trial":17,"copy":"dma","cfg":"d2h/ser","legs":1,"bytes_per_leg":8388608,"leg_ns":[675125],"wall_ns":677002,"stream_errors":0,"mb":4,"cmds_per_leg":2,"elements":8}
PCIE {"t_ms":1790666820434,"test":"conc","trial":17,"copy":"dma","cfg":"d2h","legs":1,"bytes_per_leg":8388608,"leg_ns":[817037],"wall_ns":818819,"stream_errors":0,"mb":4,"cmds_per_leg":2,"elements":8}
PCIE {"t_ms":1790666820435,"test":"conc","trial":17,"copy":"dma","cfg":"2xh2d/ser","legs":2,"bytes_per_leg":8388608,"leg_ns":[1128764,1438483],"wall_ns":1440267,"stream_errors":0,"mb":4,"cmds_per_leg":2,"elements":8}
PCIE {"t_ms":1790666820436,"test":"conc","trial":18,"copy":"dma","cfg":"d2h/ser","legs":1,"bytes_per_leg":8388608,"leg_ns":[678372],"wall_ns":680113,"stream_errors":0,"mb":4,"cmds_per_leg":2,"elements":8}
PCIE {"t_ms":1790666820437,"test":"conc","trial":18,"copy":"dma","cfg":"2xh2d/ser","legs":2,"bytes_per_leg":8388608,"leg_ns":[1119245,1432008],"wall_ns":1433849,"stream_errors":0,"mb":4,"cmds_per_leg":2,"elements":8}
PCIE {"t_ms":1790666820438,"test":"conc","trial":18,"copy":"dma","cfg":"h2d/ser","legs":1,"bytes_per_leg":8388608,"leg_ns":[760862],"wall_ns":762720,"stream_errors":0,"mb":4,"cmds_per_leg":2,"elements":8}
PCIE {"t_ms":1790666820439,"test":"conc","trial":18,"copy":"dma","cfg":"d2h","legs":1,"bytes_per_leg":8388608,"leg_ns":[783143],"wall_ns":784873,"stream_errors":0,"mb":4,"cmds_per_leg":2,"elements":8}
PCIE {"t_ms":1790666820440,"test":"conc","trial":18,"copy":"dma","cfg":"h2d","legs":1,"bytes_per_leg":8388608,"leg_ns":[1422805],"wall_ns":1424617,"stream_errors":0,"mb":4,"cmds_per_leg":2,"elements":8}
PCIE {"t_ms":1790666820442,"test":"conc","trial":19,"copy":"dma","cfg":"h2d","legs":1,"bytes_per_leg":8388608,"leg_ns":[1477283],"wall_ns":1479107,"stream_errors":0,"mb":4,"cmds_per_leg":2,"elements":8}
PCIE {"t_ms":1790666820443,"test":"conc","trial":19,"copy":"dma","cfg":"d2h/ser","legs":1,"bytes_per_leg":8388608,"leg_ns":[758911],"wall_ns":760716,"stream_errors":0,"mb":4,"cmds_per_leg":2,"elements":8}
PCIE {"t_ms":1790666820443,"test":"conc","trial":19,"copy":"dma","cfg":"h2d/ser","legs":1,"bytes_per_leg":8388608,"leg_ns":[770502],"wall_ns":772360,"stream_errors":0,"mb":4,"cmds_per_leg":2,"elements":8}
PCIE {"t_ms":1790666820444,"test":"conc","trial":19,"copy":"dma","cfg":"d2h","legs":1,"bytes_per_leg":8388608,"leg_ns":[788223],"wall_ns":789995,"stream_errors":0,"mb":4,"cmds_per_leg":2,"elements":8}
PCIE {"t_ms":1790666820446,"test":"conc","trial":19,"copy":"dma","cfg":"2xh2d/ser","legs":2,"bytes_per_leg":8388608,"leg_ns":[1113769,1508035],"wall_ns":1509841,"stream_errors":0,"mb":4,"cmds_per_leg":2,"elements":8}
PCIE {"t_ms":1790666820446,"test":"conc","trial":20,"copy":"dma","cfg":"d2h","legs":1,"bytes_per_leg":8388608,"leg_ns":[785849],"wall_ns":787592,"stream_errors":0,"mb":4,"cmds_per_leg":2,"elements":8}
PCIE {"t_ms":1790666820448,"test":"conc","trial":20,"copy":"dma","cfg":"2xh2d/ser","legs":2,"bytes_per_leg":8388608,"leg_ns":[1101019,1513833],"wall_ns":1515660,"stream_errors":0,"mb":4,"cmds_per_leg":2,"elements":8}
PCIE {"t_ms":1790666820449,"test":"conc","trial":20,"copy":"dma","cfg":"d2h/ser","legs":1,"bytes_per_leg":8388608,"leg_ns":[678179],"wall_ns":679906,"stream_errors":0,"mb":4,"cmds_per_leg":2,"elements":8}
PCIE {"t_ms":1790666820450,"test":"conc","trial":20,"copy":"dma","cfg":"h2d","legs":1,"bytes_per_leg":8388608,"leg_ns":[1421235],"wall_ns":1423015,"stream_errors":0,"mb":4,"cmds_per_leg":2,"elements":8}
PCIE {"t_ms":1790666820451,"test":"conc","trial":20,"copy":"dma","cfg":"h2d/ser","legs":1,"bytes_per_leg":8388608,"leg_ns":[759642],"wall_ns":761449,"stream_errors":0,"mb":4,"cmds_per_leg":2,"elements":8}
PCIE {"t_ms":1790666820452,"test":"conc","trial":21,"copy":"dma","cfg":"d2h/ser","legs":1,"bytes_per_leg":8388608,"leg_ns":[733328],"wall_ns":735131,"stream_errors":0,"mb":4,"cmds_per_leg":2,"elements":8}
PCIE {"t_ms":1790666820453,"test":"conc","trial":21,"copy":"dma","cfg":"h2d","legs":1,"bytes_per_leg":8388608,"leg_ns":[1486401],"wall_ns":1488238,"stream_errors":0,"mb":4,"cmds_per_leg":2,"elements":8}
PCIE {"t_ms":1790666820454,"test":"conc","trial":21,"copy":"dma","cfg":"d2h","legs":1,"bytes_per_leg":8388608,"leg_ns":[788860],"wall_ns":790577,"stream_errors":0,"mb":4,"cmds_per_leg":2,"elements":8}
PCIE {"t_ms":1790666820455,"test":"conc","trial":21,"copy":"dma","cfg":"2xh2d/ser","legs":2,"bytes_per_leg":8388608,"leg_ns":[1101957,1480433],"wall_ns":1482218,"stream_errors":0,"mb":4,"cmds_per_leg":2,"elements":8}
PCIE {"t_ms":1790666820456,"test":"conc","trial":21,"copy":"dma","cfg":"h2d/ser","legs":1,"bytes_per_leg":8388608,"leg_ns":[759422],"wall_ns":761233,"stream_errors":0,"mb":4,"cmds_per_leg":2,"elements":8}
PCIE {"t_ms":1790666820457,"test":"conc","trial":22,"copy":"dma","cfg":"d2h/ser","legs":1,"bytes_per_leg":8388608,"leg_ns":[687283],"wall_ns":689029,"stream_errors":0,"mb":4,"cmds_per_leg":2,"elements":8}
PCIE {"t_ms":1790666820458,"test":"conc","trial":22,"copy":"dma","cfg":"2xh2d/ser","legs":2,"bytes_per_leg":8388608,"leg_ns":[1120624,1537984],"wall_ns":1539840,"stream_errors":0,"mb":4,"cmds_per_leg":2,"elements":8}
PCIE {"t_ms":1790666820459,"test":"conc","trial":22,"copy":"dma","cfg":"d2h","legs":1,"bytes_per_leg":8388608,"leg_ns":[783486],"wall_ns":785181,"stream_errors":0,"mb":4,"cmds_per_leg":2,"elements":8}
PCIE {"t_ms":1790666820460,"test":"conc","trial":22,"copy":"dma","cfg":"h2d/ser","legs":1,"bytes_per_leg":8388608,"leg_ns":[806561],"wall_ns":808365,"stream_errors":0,"mb":4,"cmds_per_leg":2,"elements":8}
PCIE {"t_ms":1790666820461,"test":"conc","trial":22,"copy":"dma","cfg":"h2d","legs":1,"bytes_per_leg":8388608,"leg_ns":[1477369],"wall_ns":1479209,"stream_errors":0,"mb":4,"cmds_per_leg":2,"elements":8}
PCIE {"t_ms":1790666820462,"test":"conc","trial":23,"copy":"dma","cfg":"d2h","legs":1,"bytes_per_leg":8388608,"leg_ns":[790726],"wall_ns":792575,"stream_errors":0,"mb":4,"cmds_per_leg":2,"elements":8}
PCIE {"t_ms":1790666820464,"test":"conc","trial":23,"copy":"dma","cfg":"h2d","legs":1,"bytes_per_leg":8388608,"leg_ns":[1415891],"wall_ns":1417702,"stream_errors":0,"mb":4,"cmds_per_leg":2,"elements":8}
PCIE {"t_ms":1790666820464,"test":"conc","trial":23,"copy":"dma","cfg":"d2h/ser","legs":1,"bytes_per_leg":8388608,"leg_ns":[676478],"wall_ns":678292,"stream_errors":0,"mb":4,"cmds_per_leg":2,"elements":8}
PCIE {"t_ms":1790666820466,"test":"conc","trial":23,"copy":"dma","cfg":"2xh2d/ser","legs":2,"bytes_per_leg":8388608,"leg_ns":[1118523,1531756],"wall_ns":1533565,"stream_errors":0,"mb":4,"cmds_per_leg":2,"elements":8}
PCIE {"t_ms":1790666820467,"test":"conc","trial":23,"copy":"dma","cfg":"h2d/ser","legs":1,"bytes_per_leg":8388608,"leg_ns":[758803],"wall_ns":760592,"stream_errors":0,"mb":4,"cmds_per_leg":2,"elements":8}
PCIE {"t_ms":1790666820468,"test":"conc","trial":24,"copy":"dma","cfg":"2xh2d/ser","legs":2,"bytes_per_leg":8388608,"leg_ns":[1127748,1540102],"wall_ns":1541925,"stream_errors":0,"mb":4,"cmds_per_leg":2,"elements":8}
PCIE {"t_ms":1790666820469,"test":"conc","trial":24,"copy":"dma","cfg":"d2h/ser","legs":1,"bytes_per_leg":8388608,"leg_ns":[684194],"wall_ns":686021,"stream_errors":0,"mb":4,"cmds_per_leg":2,"elements":8}
PCIE {"t_ms":1790666820470,"test":"conc","trial":24,"copy":"dma","cfg":"d2h","legs":1,"bytes_per_leg":8388608,"leg_ns":[813214],"wall_ns":814955,"stream_errors":0,"mb":4,"cmds_per_leg":2,"elements":8}
PCIE {"t_ms":1790666820470,"test":"conc","trial":24,"copy":"dma","cfg":"h2d/ser","legs":1,"bytes_per_leg":8388608,"leg_ns":[764995],"wall_ns":766793,"stream_errors":0,"mb":4,"cmds_per_leg":2,"elements":8}
PCIE {"t_ms":1790666820472,"test":"conc","trial":24,"copy":"dma","cfg":"h2d","legs":1,"bytes_per_leg":8388608,"leg_ns":[1478182],"wall_ns":1480029,"stream_errors":0,"mb":4,"cmds_per_leg":2,"elements":8}
PCIE {"t_ms":1790666820472,"test":"done","which":"conc","elapsed_s":0.317881}
