PCIE {"t_ms":1790666805437,"test":"open","open_ns":179372995,"src":"PCIEBENCH_SRC_SHA256 main=27b7ed06330c4bae26cd24be189cdac0d67432cb52b1e8c7fca1116abda1aa5f args=8ae69bd7d46097957b638ff4c6630eb3e66d3cb0654b77d3bf55f3336c61c508 touch=92180a93c6dae0a1dce8c379156f827bd6588115777499dc45e64bf606b46ec0","link":[{"bdf":"0000:02:00.0","speed":"16.0 GT/s PCIe","width":"8","max_speed":"16.0 GT/s PCIe","max_width":"8","cma_allocated":"2057 MB"}]}
PCIE {"t_ms":1790666805439,"test":"conc","trial":0,"copy":"dma","cfg":"h2d/ser","legs":1,"bytes_per_leg":2097152,"leg_ns":[432839],"wall_ns":434837,"stream_errors":0,"mb":1,"cmds_per_leg":2,"elements":0}
PCIE {"t_ms":1790666805440,"test":"conc","trial":0,"copy":"dma","cfg":"2xh2d/ser","legs":2,"bytes_per_leg":2097152,"leg_ns":[523517,634316],"wall_ns":636730,"stream_errors":0,"mb":1,"cmds_per_leg":2,"elements":0}
PCIE {"t_ms":1790666805440,"test":"conc","trial":0,"copy":"dma","cfg":"h2d","legs":1,"bytes_per_leg":2097152,"leg_ns":[406940],"wall_ns":408692,"stream_errors":0,"mb":1,"cmds_per_leg":2,"elements":0}
PCIE {"t_ms":1790666805440,"test":"conc","trial":0,"copy":"dma","cfg":"d2h/ser","legs":1,"bytes_per_leg":2097152,"leg_ns":[322915],"wall_ns":324586,"stream_errors":0,"mb":1,"cmds_per_leg":2,"elements":0}
PCIE {"t_ms":1790666805441,"test":"conc","trial":0,"copy":"dma","cfg":"d2h","legs":1,"bytes_per_leg":2097152,"leg_ns":[356367],"wall_ns":358150,"stream_errors":0,"mb":1,"cmds_per_leg":2,"elements":0}
PCIE {"t_ms":1790666805441,"test":"conc","trial":1,"copy":"dma","cfg":"h2d","legs":1,"bytes_per_leg":2097152,"leg_ns":[460650],"wall_ns":462318,"stream_errors":0,"mb":1,"cmds_per_leg":2,"elements":0}
PCIE {"t_ms":1790666805441,"test":"conc","trial":1,"copy":"dma","cfg":"h2d/ser","legs":1,"bytes_per_leg":2097152,"leg_ns":[290985],"wall_ns":292666,"stream_errors":0,"mb":1,"cmds_per_leg":2,"elements":0}
PCIE {"t_ms":1790666805442,"test":"conc","trial":1,"copy":"dma","cfg":"d2h","legs":1,"bytes_per_leg":2097152,"leg_ns":[361629],"wall_ns":363415,"stream_errors":0,"mb":1,"cmds_per_leg":2,"elements":0}
PCIE {"t_ms":1790666805442,"test":"conc","trial":1,"copy":"dma","cfg":"2xh2d/ser","legs":2,"bytes_per_leg":2097152,"leg_ns":[488993,488262],"wall_ns":490745,"stream_errors":0,"mb":1,"cmds_per_leg":2,"elements":0}
PCIE {"t_ms":1790666805442,"test":"conc","trial":1,"copy":"dma","cfg":"d2h/ser","legs":1,"bytes_per_leg":2097152,"leg_ns":[218301],"wall_ns":220016,"stream_errors":0,"mb":1,"cmds_per_leg":2,"elements":0}
PCIE {"t_ms":1790666805443,"test":"conc","trial":2,"copy":"dma","cfg":"h2d/ser","legs":1,"bytes_per_leg":2097152,"leg_ns":[300319],"wall_ns":302033,"stream_errors":0,"mb":1,"cmds_per_leg":2,"elements":0}
PCIE {"t_ms":1790666805443,"test":"conc","trial":2,"copy":"dma","cfg":"h2d","legs":1,"bytes_per_leg":2097152,"leg_ns":[413047],"wall_ns":414881,"stream_errors":0,"mb":1,"cmds_per_leg":2,"elements":0}
PCIE {"t_ms":1790666805443,"test":"conc","trial":2,"copy":"dma","cfg":"d2h/ser","legs":1,"bytes_per_leg":2097152,"leg_ns":[259244],"wall_ns":260999,"stream_errors":0,"mb":1,"cmds_per_leg":2,"elements":0}
PCIE {"t_ms":1790666805444,"test":"conc","trial":2,"copy":"dma","cfg":"2xh2d/ser","legs":2,"bytes_per_leg":2097152,"leg_ns":[354943,461035],"wall_ns":462746,"stream_errors":0,"mb":1,"cmds_per_leg":2,"elements":0}
PCIE {"t_ms":1790666805444,"test":"conc","trial":2,"copy":"dma","cfg":"d2h","legs":1,"bytes_per_leg":2097152,"leg_ns":[316091],"wall_ns":317793,"stream_errors":0,"mb":1,"cmds_per_leg":2,"elements":0}
PCIE {"t_ms":1790666805445,"test":"conc","trial":3,"copy":"dma","cfg":"d2h","legs":1,"bytes_per_leg":2097152,"leg_ns":[319282],"wall_ns":321011,"stream_errors":0,"mb":1,"cmds_per_leg":2,"elements":0}
PCIE {"t_ms":1790666805445,"test":"conc","trial":3,"copy":"dma","cfg":"h2d/ser","legs":1,"bytes_per_leg":2097152,"leg_ns":[297957],"wall_ns":299660,"stream_errors":0,"mb":1,"cmds_per_leg":2,"elements":0}
PCIE {"t_ms":1790666805445,"test":"conc","trial":3,"copy":"dma","cfg":"h2d","legs":1,"bytes_per_leg":2097152,"leg_ns":[416119],"wall_ns":417870,"stream_errors":0,"mb":1,"cmds_per_leg":2,"elements":0}
PCIE {"t_ms":1790666805446,"test":"conc","trial":3,"copy":"dma","cfg":"2xh2d/ser","legs":2,"bytes_per_leg":2097152,"leg_ns":[418722,417657],"wall_ns":420439,"stream_errors":0,"mb":1,"cmds_per_leg":2,"elements":0}
PCIE {"t_ms":1790666805446,"test":"conc","trial":3,"copy":"dma","cfg":"d2h/ser","legs":1,"bytes_per_leg":2097152,"leg_ns":[211675],"wall_ns":213440,"stream_errors":0,"mb":1,"cmds_per_leg":2,"elements":0}
PCIE {"t_ms":1790666805446,"test":"conc","trial":4,"copy":"dma","cfg":"h2d/ser","legs":1,"bytes_per_leg":2097152,"leg_ns":[305768],"wall_ns":307524,"stream_errors":0,"mb":1,"cmds_per_leg":2,"elements":0}
PCIE {"t_ms":1790666805447,"test":"conc","trial":4,"copy":"dma","cfg":"2xh2d/ser","legs":2,"bytes_per_leg":2097152,"leg_ns":[317707,422620],"wall_ns":424369,"stream_errors":0,"mb":1,"cmds_per_leg":2,"elements":0}
PCIE {"t_ms":1790666805447,"test":"conc","trial":4,"copy":"dma","cfg":"d2h","legs":1,"bytes_per_leg":2097152,"leg_ns":[567686],"wall_ns":569389,"stream_errors":0,"mb":1,"cmds_per_leg":2,"elements":0}
PCIE {"t_ms":1790666805448,"test":"conc","trial":4,"copy":"dma","cfg":"d2h/ser","legs":1,"bytes_per_leg":2097152,"leg_ns":[327843],"wall_ns":329535,"stream_errors":0,"mb":1,"cmds_per_leg":2,"elements":0}
PCIE {"t_ms":1790666805448,"test":"conc","trial":4,"copy":"dma","cfg":"h2d","legs":1,"bytes_per_leg":2097152,"leg_ns":[445279],"wall_ns":446984,"stream_errors":0,"mb":1,"cmds_per_leg":2,"elements":0}
PCIE {"t_ms":1790666805448,"test":"conc","trial":5,"copy":"dma","cfg":"d2h","legs":1,"bytes_per_leg":2097152,"leg_ns":[276465],"wall_ns":278227,"stream_errors":0,"mb":1,"cmds_per_leg":2,"elements":0}
PCIE {"t_ms":1790666805449,"test":"conc","trial":5,"copy":"dma","cfg":"2xh2d/ser","legs":2,"bytes_per_leg":2097152,"leg_ns":[410957,517333],"wall_ns":519055,"stream_errors":0,"mb":1,"cmds_per_leg":2,"elements":0}
PCIE {"t_ms":1790666805449,"test":"conc","trial":5,"copy":"dma","cfg":"h2d","legs":1,"bytes_per_leg":2097152,"leg_ns":[412077],"wall_ns":413766,"stream_errors":0,"mb":1,"cmds_per_leg":2,"elements":0}
PCIE {"t_ms":1790666805450,"test":"conc","trial":5,"copy":"dma","cfg":"h2d/ser","legs":1,"bytes_per_leg":2097152,"leg_ns":[556155],"wall_ns":557841,"stream_errors":0,"mb":1,"cmds_per_leg":2,"elements":0}
PCIE {"t_ms":1790666805450,"test":"conc","trial":5,"copy":"dma","cfg":"d2h/ser","legs":1,"bytes_per_leg":2097152,"leg_ns":[561605],"wall_ns":563382,"stream_errors":0,"mb":1,"cmds_per_leg":2,"elements":0}
PCIE {"t_ms":1790666805451,"test":"conc","trial":6,"copy":"dma","cfg":"2xh2d/ser","legs":2,"bytes_per_leg":2097152,"leg_ns":[415343,521600],"wall_ns":523259,"stream_errors":0,"mb":1,"cmds_per_leg":2,"elements":0}
PCIE {"t_ms":1790666805451,"test":"conc","trial":6,"copy":"dma","cfg":"d2h","legs":1,"bytes_per_leg":2097152,"leg_ns":[316405],"wall_ns":318110,"stream_errors":0,"mb":1,"cmds_per_leg":2,"elements":0}
PCIE {"t_ms":1790666805451,"test":"conc","trial":6,"copy":"dma","cfg":"h2d/ser","legs":1,"bytes_per_leg":2097152,"leg_ns":[287825],"wall_ns":289601,"stream_errors":0,"mb":1,"cmds_per_leg":2,"elements":0}
PCIE {"t_ms":1790666805452,"test":"conc","trial":6,"copy":"dma","cfg":"h2d","legs":1,"bytes_per_leg":2097152,"leg_ns":[411015],"wall_ns":412736,"stream_errors":0,"mb":1,"cmds_per_leg":2,"elements":0}
PCIE {"t_ms":1790666805453,"test":"conc","trial":6,"copy":"dma","cfg":"d2h/ser","legs":1,"bytes_per_leg":2097152,"leg_ns":[614266],"wall_ns":615953,"stream_errors":0,"mb":1,"cmds_per_leg":2,"elements":0}
PCIE {"t_ms":1790666805453,"test":"conc","trial":7,"copy":"dma","cfg":"2xh2d/ser","legs":2,"bytes_per_leg":2097152,"leg_ns":[359152,465214],"wall_ns":466912,"stream_errors":0,"mb":1,"cmds_per_leg":2,"elements":0}
PCIE {"t_ms":1790666805453,"test":"conc","trial":7,"copy":"dma","cfg":"h2d/ser","legs":1,"bytes_per_leg":2097152,"leg_ns":[284465],"wall_ns":286184,"stream_errors":0,"mb":1,"cmds_per_leg":2,"elements":0}
PCIE {"t_ms":1790666805454,"test":"conc","trial":7,"copy":"dma","cfg":"d2h","legs":1,"bytes_per_leg":2097152,"leg_ns":[315619],"wall_ns":317351,"stream_errors":0,"mb":1,"cmds_per_leg":2,"elements":0}
PCIE {"t_ms":1790666805454,"test":"conc","trial":7,"copy":"dma","cfg":"h2d","legs":1,"bytes_per_leg":2097152,"leg_ns":[405256],"wall_ns":406965,"stream_errors":0,"mb":1,"cmds_per_leg":2,"elements":0}
PCIE {"t_ms":1790666805455,"test":"conc","trial":7,"copy":"dma","cfg":"d2h/ser","legs":1,"bytes_per_leg":2097152,"leg_ns":[568084],"wall_ns":569737,"stream_errors":0,"mb":1,"cmds_per_leg":2,"elements":0}
PCIE {"t_ms":1790666805455,"test":"conc","trial":8,"copy":"dma","cfg":"d2h","legs":1,"bytes_per_leg":2097152,"leg_ns":[306513],"wall_ns":308213,"stream_errors":0,"mb":1,"cmds_per_leg":2,"elements":0}
PCIE {"t_ms":1790666805455,"test":"conc","trial":8,"copy":"dma","cfg":"2xh2d/ser","legs":2,"bytes_per_leg":2097152,"leg_ns":[384444,490054],"wall_ns":491797,"stream_errors":0,"mb":1,"cmds_per_leg":2,"elements":0}
PCIE {"t_ms":1790666805456,"test":"conc","trial":8,"copy":"dma","cfg":"h2d/ser","legs":1,"bytes_per_leg":2097152,"leg_ns":[310457],"wall_ns":312158,"stream_errors":0,"mb":1,"cmds_per_leg":2,"elements":0}
PCIE {"t_ms":1790666805456,"test":"conc","trial":8,"copy":"dma","cfg":"h2d","legs":1,"bytes_per_leg":2097152,"leg_ns":[414522],"wall_ns":416225,"stream_errors":0,"mb":1,"cmds_per_leg":2,"elements":0}
PCIE {"t_ms":1790666805456,"test":"conc","trial":8,"copy":"dma","cfg":"d2h/ser","legs":1,"bytes_per_leg":2097152,"leg_ns":[327642],"wall_ns":329349,"stream_errors":0,"mb":1,"cmds_per_leg":2,"elements":0}
PCIE {"t_ms":1790666805457,"test":"conc","trial":9,"copy":"dma","cfg":"h2d","legs":1,"bytes_per_leg":2097152,"leg_ns":[452480],"wall_ns":454289,"stream_errors":0,"mb":1,"cmds_per_leg":2,"elements":0}
PCIE {"t_ms":1790666805457,"test":"conc","trial":9,"copy":"dma","cfg":"d2h/ser","legs":1,"bytes_per_leg":2097152,"leg_ns":[216697],"wall_ns":218483,"stream_errors":0,"mb":1,"cmds_per_leg":2,"elements":0}
PCIE {"t_ms":1790666805458,"test":"conc","trial":9,"copy":"dma","cfg":"2xh2d/ser","legs":2,"bytes_per_leg":2097152,"leg_ns":[363051,469051],"wall_ns":470790,"stream_errors":0,"mb":1,"cmds_per_leg":2,"elements":0}
PCIE {"t_ms":1790666805458,"test":"conc","trial":9,"copy":"dma","cfg":"d2h","legs":1,"bytes_per_leg":2097152,"leg_ns":[317871],"wall_ns":319684,"stream_errors":0,"mb":1,"cmds_per_leg":2,"elements":0}
PCIE {"t_ms":1790666805458,"test":"conc","trial":9,"copy":"dma","cfg":"h2d/ser","legs":1,"bytes_per_leg":2097152,"leg_ns":[303922],"wall_ns":305675,"stream_errors":0,"mb":1,"cmds_per_leg":2,"elements":0}
PCIE {"t_ms":1790666805459,"test":"conc","trial":10,"copy":"dma","cfg":"h2d","legs":1,"bytes_per_leg":2097152,"leg_ns":[414293],"wall_ns":416044,"stream_errors":0,"mb":1,"cmds_per_leg":2,"elements":0}
PCIE {"t_ms":1790666805459,"test":"conc","trial":10,"copy":"dma","cfg":"d2h","legs":1,"bytes_per_leg":2097152,"leg_ns":[364357],"wall_ns":366077,"stream_errors":0,"mb":1,"cmds_per_leg":2,"elements":0}
PCIE {"t_ms":1790666805459,"test":"conc","trial":10,"copy":"dma","cfg":"d2h/ser","legs":1,"bytes_per_leg":2097152,"leg_ns":[271624],"wall_ns":273322,"stream_errors":0,"mb":1,"cmds_per_leg":2,"elements":0}
PCIE {"t_ms":1790666805460,"test":"conc","trial":10,"copy":"dma","cfg":"2xh2d/ser","legs":2,"bytes_per_leg":2097152,"leg_ns":[406482,406870],"wall_ns":408552,"stream_errors":0,"mb":1,"cmds_per_leg":2,"elements":0}
PCIE {"t_ms":1790666805460,"test":"conc","trial":10,"copy":"dma","cfg":"h2d/ser","legs":1,"bytes_per_leg":2097152,"leg_ns":[558333],"wall_ns":560055,"stream_errors":0,"mb":1,"cmds_per_leg":2,"elements":0}
PCIE {"t_ms":1790666805461,"test":"conc","trial":11,"copy":"dma","cfg":"2xh2d/ser","legs":2,"bytes_per_leg":2097152,"leg_ns":[314103,421129],"wall_ns":422834,"stream_errors":0,"mb":1,"cmds_per_leg":2,"elements":0}
PCIE {"t_ms":1790666805461,"test":"conc","trial":11,"copy":"dma","cfg":"h2d","legs":1,"bytes_per_leg":2097152,"leg_ns":[413042],"wall_ns":414872,"stream_errors":0,"mb":1,"cmds_per_leg":2,"elements":0}
PCIE {"t_ms":1790666805461,"test":"conc","trial":11,"copy":"dma","cfg":"d2h/ser","legs":1,"bytes_per_leg":2097152,"leg_ns":[287641],"wall_ns":289349,"stream_errors":0,"mb":1,"cmds_per_leg":2,"elements":0}
PCIE {"t_ms":1790666805462,"test":"conc","trial":11,"copy":"dma","cfg":"h2d/ser","legs":1,"bytes_per_leg":2097152,"leg_ns":[298152],"wall_ns":299878,"stream_errors":0,"mb":1,"cmds_per_leg":2,"elements":0}
PCIE {"t_ms":1790666805462,"test":"conc","trial":11,"copy":"dma","cfg":"d2h","legs":1,"bytes_per_leg":2097152,"leg_ns":[317628],"wall_ns":319342,"stream_errors":0,"mb":1,"cmds_per_leg":2,"elements":0}
PCIE {"t_ms":1790666805462,"test":"conc","trial":12,"copy":"dma","cfg":"h2d","legs":1,"bytes_per_leg":2097152,"leg_ns":[461206],"wall_ns":462926,"stream_errors":0,"mb":1,"cmds_per_leg":2,"elements":0}
PCIE {"t_ms":1790666805463,"test":"conc","trial":12,"copy":"dma","cfg":"2xh2d/ser","legs":2,"bytes_per_leg":2097152,"leg_ns":[560561,560993],"wall_ns":562640,"stream_errors":0,"mb":1,"cmds_per_leg":2,"elements":0}
PCIE {"t_ms":1790666805464,"test":"conc","trial":12,"copy":"dma","cfg":"h2d/ser","legs":1,"bytes_per_leg":2097152,"leg_ns":[558909],"wall_ns":560609,"stream_errors":0,"mb":1,"cmds_per_leg":2,"elements":0}
PCIE {"t_ms":1790666805464,"test":"conc","trial":12,"copy":"dma","cfg":"d2h","legs":1,"bytes_per_leg":2097152,"leg_ns":[316400],"wall_ns":318145,"stream_errors":0,"mb":1,"cmds_per_leg":2,"elements":0}
PCIE {"t_ms":1790666805464,"test":"conc","trial":12,"copy":"dma","cfg":"d2h/ser","legs":1,"bytes_per_leg":2097152,"leg_ns":[208975],"wall_ns":210687,"stream_errors":0,"mb":1,"cmds_per_leg":2,"elements":0}
PCIE {"t_ms":1790666805465,"test":"conc","trial":13,"copy":"dma","cfg":"h2d","legs":1,"bytes_per_leg":2097152,"leg_ns":[403326],"wall_ns":405068,"stream_errors":0,"mb":1,"cmds_per_leg":2,"elements":0}
PCIE {"t_ms":1790666805465,"test":"conc","trial":13,"copy":"dma","cfg":"d2h/ser","legs":1,"bytes_per_leg":2097152,"leg_ns":[217740],"wall_ns":219506,"stream_errors":0,"mb":1,"cmds_per_leg":2,"elements":0}
PCIE {"t_ms":1790666805465,"test":"conc","trial":13,"copy":"dma","cfg":"d2h","legs":1,"bytes_per_leg":2097152,"leg_ns":[307292],"wall_ns":309117,"stream_errors":0,"mb":1,"cmds_per_leg":2,"elements":0}
PCIE {"t_ms":1790666805466,"test":"conc","trial":13,"copy":"dma","cfg":"2xh2d/ser","legs":2,"bytes_per_leg":2097152,"leg_ns":[400246,506502],"wall_ns":508214,"stream_errors":0,"mb":1,"cmds_per_leg":2,"elements":0}
PCIE {"t_ms":1790666805466,"test":"conc","trial":13,"copy":"dma","cfg":"h2d/ser","legs":1,"bytes_per_leg":2097152,"leg_ns":[311560],"wall_ns":313281,"stream_errors":0,"mb":1,"cmds_per_leg":2,"elements":0}
PCIE {"t_ms":1790666805466,"test":"conc","trial":14,"copy":"dma","cfg":"2xh2d/ser","legs":2,"bytes_per_leg":2097152,"leg_ns":[315480,422097],"wall_ns":423837,"stream_errors":0,"mb":1,"cmds_per_leg":2,"elements":0}
PCIE {"t_ms":1790666805467,"test":"conc","trial":14,"copy":"dma","cfg":"d2h","legs":1,"bytes_per_leg":2097152,"leg_ns":[319454],"wall_ns":321171,"stream_errors":0,"mb":1,"cmds_per_leg":2,"elements":0}
PCIE {"t_ms":1790666805467,"test":"conc","trial":14,"copy":"dma","cfg":"h2d","legs":1,"bytes_per_leg":2097152,"leg_ns":[400577],"wall_ns":402237,"stream_errors":0,"mb":1,"cmds_per_leg":2,"elements":0}
PCIE {"t_ms":1790666805468,"test":"conc","trial":14,"copy":"dma","cfg":"h2d/ser","legs":1,"bytes_per_leg":2097152,"leg_ns":[557559],"wall_ns":559320,"stream_errors":0,"mb":1,"cmds_per_leg":2,"elements":0}
PCIE {"t_ms":1790666805468,"test":"conc","trial":14,"copy":"dma","cfg":"d2h/ser","legs":1,"bytes_per_leg":2097152,"leg_ns":[568734],"wall_ns":570525,"stream_errors":0,"mb":1,"cmds_per_leg":2,"elements":0}
PCIE {"t_ms":1790666805469,"test":"conc","trial":15,"copy":"dma","cfg":"2xh2d/ser","legs":2,"bytes_per_leg":2097152,"leg_ns":[395414,394981],"wall_ns":397093,"stream_errors":0,"mb":1,"cmds_per_leg":2,"elements":0}
PCIE {"t_ms":1790666805469,"test":"conc","trial":15,"copy":"dma","cfg":"d2h/ser","legs":1,"bytes_per_leg":2097152,"leg_ns":[564007],"wall_ns":565710,"stream_errors":0,"mb":1,"cmds_per_leg":2,"elements":0}
PCIE {"t_ms":1790666805470,"test":"conc","trial":15,"copy":"dma","cfg":"h2d","legs":1,"bytes_per_leg":2097152,"leg_ns":[403163],"wall_ns":404851,"stream_errors":0,"mb":1,"cmds_per_leg":2,"elements":0}
PCIE {"t_ms":1790666805470,"test":"conc","trial":15,"copy":"dma","cfg":"d2h","legs":1,"bytes_per_leg":2097152,"leg_ns":[563509],"wall_ns":565189,"stream_errors":0,"mb":1,"cmds_per_leg":2,"elements":0}
PCIE {"t_ms":1790666805470,"test":"conc","trial":15,"copy":"dma","cfg":"h2d/ser","legs":1,"bytes_per_leg":2097152,"leg_ns":[303018],"wall_ns":304794,"stream_errors":0,"mb":1,"cmds_per_leg":2,"elements":0}
PCIE {"t_ms":1790666805471,"test":"conc","trial":16,"copy":"dma","cfg":"d2h","legs":1,"bytes_per_leg":2097152,"leg_ns":[315013],"wall_ns":323118,"stream_errors":0,"mb":1,"cmds_per_leg":2,"elements":0}
PCIE {"t_ms":1790666805471,"test":"conc","trial":16,"copy":"dma","cfg":"d2h/ser","legs":1,"bytes_per_leg":2097152,"leg_ns":[202002],"wall_ns":203767,"stream_errors":0,"mb":1,"cmds_per_leg":2,"elements":0}
PCIE {"t_ms":1790666805471,"test":"conc","trial":16,"copy":"dma","cfg":"h2d/ser","legs":1,"bytes_per_leg":2097152,"leg_ns":[292709],"wall_ns":294433,"stream_errors":0,"mb":1,"cmds_per_leg":2,"elements":0}
PCIE {"t_ms":1790666805472,"test":"conc","trial":16,"copy":"dma","cfg":"2xh2d/ser","legs":2,"bytes_per_leg":2097152,"leg_ns":[312916,420055],"wall_ns":421837,"stream_errors":0,"mb":1,"cmds_per_leg":2,"elements":0}
PCIE {"t_ms":1790666805472,"test":"conc","trial":16,"copy":"dma","cfg":"h2d","legs":1,"bytes_per_leg":2097152,"leg_ns":[411961],"wall_ns":413695,"stream_errors":0,"mb":1,"cmds_per_leg":2,"elements":0}
PCIE {"t_ms":1790666805473,"test":"conc","trial":17,"copy":"dma","cfg":"h2d/ser","legs":1,"bytes_per_leg":2097152,"leg_ns":[556075],"wall_ns":557803,"stream_errors":0,"mb":1,"cmds_per_leg":2,"elements":0}
PCIE {"t_ms":1790666805473,"test":"conc","trial":17,"copy":"dma","cfg":"h2d","legs":1,"bytes_per_leg":2097152,"leg_ns":[554682],"wall_ns":556393,"stream_errors":0,"mb":1,"cmds_per_leg":2,"elements":0}
PCIE {"t_ms":1790666805474,"test":"conc","trial":17,"copy":"dma","cfg":"d2h/ser","legs":1,"bytes_per_leg":2097152,"leg_ns":[564652],"wall_ns":566420,"stream_errors":0,"mb":1,"cmds_per_leg":2,"elements":0}
PCIE {"t_ms":1790666805474,"test":"conc","trial":17,"copy":"dma","cfg":"d2h","legs":1,"bytes_per_leg":2097152,"leg_ns":[306995],"wall_ns":315231,"stream_errors":0,"mb":1,"cmds_per_leg":2,"elements":0}
PCIE {"t_ms":1790666805475,"test":"conc","trial":17,"copy":"dma","cfg":"2xh2d/ser","legs":2,"bytes_per_leg":2097152,"leg_ns":[365817,471356],"wall_ns":473181,"stream_errors":0,"mb":1,"cmds_per_leg":2,"elements":0}
PCIE {"t_ms":1790666805475,"test":"conc","trial":18,"copy":"dma","cfg":"d2h/ser","legs":1,"bytes_per_leg":2097152,"leg_ns":[217148],"wall_ns":218864,"stream_errors":0,"mb":1,"cmds_per_leg":2,"elements":0}
PCIE {"t_ms":1790666805475,"test":"conc","trial":18,"copy":"dma","cfg":"2xh2d/ser","legs":2,"bytes_per_leg":2097152,"leg_ns":[411950,410128],"wall_ns":413616,"stream_errors":0,"mb":1,"cmds_per_leg":2,"elements":0}
PCIE {"t_ms":1790666805476,"test":"conc","trial":18,"copy":"dma","cfg":"h2d/ser","legs":1,"bytes_per_leg":2097152,"leg_ns":[553242],"wall_ns":555002,"stream_errors":0,"mb":1,"cmds_per_leg":2,"elements":0}
PCIE {"t_ms":1790666805476,"test":"conc","trial":18,"copy":"dma","cfg":"d2h","legs":1,"bytes_per_leg":2097152,"leg_ns":[320962],"wall_ns":322673,"stream_errors":0,"mb":1,"cmds_per_leg":2,"elements":0}
PCIE {"t_ms":1790666805477,"test":"conc","trial":18,"copy":"dma","cfg":"h2d","legs":1,"bytes_per_leg":2097152,"leg_ns":[467867],"wall_ns":469569,"stream_errors":0,"mb":1,"cmds_per_leg":2,"elements":0}
PCIE {"t_ms":1790666805477,"test":"conc","trial":19,"copy":"dma","cfg":"h2d","legs":1,"bytes_per_leg":2097152,"leg_ns":[412368],"wall_ns":414100,"stream_errors":0,"mb":1,"cmds_per_leg":2,"elements":0}
PCIE {"t_ms":1790666805478,"test":"conc","trial":19,"copy":"dma","cfg":"d2h/ser","legs":1,"bytes_per_leg":2097152,"leg_ns":[567516],"wall_ns":569223,"stream_errors":0,"mb":1,"cmds_per_leg":2,"elements":0}
PCIE {"t_ms":1790666805478,"test":"conc","trial":19,"copy":"dma","cfg":"h2d/ser","legs":1,"bytes_per_leg":2097152,"leg_ns":[300917],"wall_ns":302670,"stream_errors":0,"mb":1,"cmds_per_leg":2,"elements":0}
PCIE {"t_ms":1790666805478,"test":"conc","trial":19,"copy":"dma","cfg":"d2h","legs":1,"bytes_per_leg":2097152,"leg_ns":[318677],"wall_ns":320416,"stream_errors":0,"mb":1,"cmds_per_leg":2,"elements":0}
PCIE {"t_ms":1790666805479,"test":"conc","trial":19,"copy":"dma","cfg":"2xh2d/ser","legs":2,"bytes_per_leg":2097152,"leg_ns":[386634,492299],"wall_ns":493983,"stream_errors":0,"mb":1,"cmds_per_leg":2,"elements":0}
PCIE {"t_ms":1790666805479,"test":"conc","trial":20,"copy":"dma","cfg":"d2h","legs":1,"bytes_per_leg":2097152,"leg_ns":[314330],"wall_ns":316047,"stream_errors":0,"mb":1,"cmds_per_leg":2,"elements":0}
PCIE {"t_ms":1790666805479,"test":"conc","trial":20,"copy":"dma","cfg":"2xh2d/ser","legs":2,"bytes_per_leg":2097152,"leg_ns":[309281,416649],"wall_ns":418323,"stream_errors":0,"mb":1,"cmds_per_leg":2,"elements":0}
PCIE {"t_ms":1790666805480,"test":"conc","trial":20,"copy":"dma","cfg":"d2h/ser","legs":1,"bytes_per_leg":2097152,"leg_ns":[217870],"wall_ns":219587,"stream_errors":0,"mb":1,"cmds_per_leg":2,"elements":0}
PCIE {"t_ms":1790666805480,"test":"conc","trial":20,"copy":"dma","cfg":"h2d","legs":1,"bytes_per_leg":2097152,"leg_ns":[404567],"wall_ns":406380,"stream_errors":0,"mb":1,"cmds_per_leg":2,"elements":0}
PCIE {"t_ms":1790666805480,"test":"conc","trial":20,"copy":"dma","cfg":"h2d/ser","legs":1,"bytes_per_leg":2097152,"leg_ns":[313282],"wall_ns":315010,"stream_errors":0,"mb":1,"cmds_per_leg":2,"elements":0}
PCIE {"t_ms":1790666805481,"test":"conc","trial":21,"copy":"dma","cfg":"d2h/ser","legs":1,"bytes_per_leg":2097152,"leg_ns":[216350],"wall_ns":218081,"stream_errors":0,"mb":1,"cmds_per_leg":2,"elements":0}
PCIE {"t_ms":1790666805481,"test":"conc","trial":21,"copy":"dma","cfg":"h2d","legs":1,"bytes_per_leg":2097152,"leg_ns":[402289],"wall_ns":403989,"stream_errors":0,"mb":1,"cmds_per_leg":2,"elements":0}
PCIE {"t_ms":1790666805482,"test":"conc","trial":21,"copy":"dma","cfg":"d2h","legs":1,"bytes_per_leg":2097152,"leg_ns":[566894],"wall_ns":568614,"stream_errors":0,"mb":1,"cmds_per_leg":2,"elements":0}
PCIE {"t_ms":1790666805482,"test":"conc","trial":21,"copy":"dma","cfg":"2xh2d/ser","legs":2,"bytes_per_leg":2097152,"leg_ns":[411450,409956],"wall_ns":413140,"stream_errors":0,"mb":1,"cmds_per_leg":2,"elements":0}
PCIE {"t_ms":1790666805483,"test":"conc","trial":21,"copy":"dma","cfg":"h2d/ser","legs":1,"bytes_per_leg":2097152,"leg_ns":[553204],"wall_ns":554903,"stream_errors":0,"mb":1,"cmds_per_leg":2,"elements":0}
PCIE {"t_ms":1790666805483,"test":"conc","trial":22,"copy":"dma","cfg":"d2h/ser","legs":1,"bytes_per_leg":2097152,"leg_ns":[213014],"wall_ns":214747,"stream_errors":0,"mb":1,"cmds_per_leg":2,"elements":0}
PCIE {"t_ms":1790666805483,"test":"conc","trial":22,"copy":"dma","cfg":"2xh2d/ser","legs":2,"bytes_per_leg":2097152,"leg_ns":[311724,417689],"wall_ns":419438,"stream_errors":0,"mb":1,"cmds_per_leg":2,"elements":0}
PCIE {"t_ms":1790666805483,"test":"conc","trial":22,"copy":"dma","cfg":"d2h","legs":1,"bytes_per_leg":2097152,"leg_ns":[299122],"wall_ns":300870,"stream_errors":0,"mb":1,"cmds_per_leg":2,"elements":0}
PCIE {"t_ms":1790666805484,"test":"conc","trial":22,"copy":"dma","cfg":"h2d/ser","legs":1,"bytes_per_leg":2097152,"leg_ns":[302296],"wall_ns":304090,"stream_errors":0,"mb":1,"cmds_per_leg":2,"elements":0}
PCIE {"t_ms":1790666805484,"test":"conc","trial":22,"copy":"dma","cfg":"h2d","legs":1,"bytes_per_leg":2097152,"leg_ns":[411909],"wall_ns":413695,"stream_errors":0,"mb":1,"cmds_per_leg":2,"elements":0}
PCIE {"t_ms":1790666805484,"test":"conc","trial":23,"copy":"dma","cfg":"d2h","legs":1,"bytes_per_leg":2097152,"leg_ns":[273604],"wall_ns":275331,"stream_errors":0,"mb":1,"cmds_per_leg":2,"elements":0}
PCIE {"t_ms":1790666805485,"test":"conc","trial":23,"copy":"dma","cfg":"h2d","legs":1,"bytes_per_leg":2097152,"leg_ns":[404373],"wall_ns":406082,"stream_errors":0,"mb":1,"cmds_per_leg":2,"elements":0}
PCIE {"t_ms":1790666805485,"test":"conc","trial":23,"copy":"dma","cfg":"d2h/ser","legs":1,"bytes_per_leg":2097152,"leg_ns":[566199],"wall_ns":567919,"stream_errors":0,"mb":1,"cmds_per_leg":2,"elements":0}
PCIE {"t_ms":1790666805486,"test":"conc","trial":23,"copy":"dma","cfg":"2xh2d/ser","legs":2,"bytes_per_leg":2097152,"leg_ns":[414542,413701],"wall_ns":416312,"stream_errors":0,"mb":1,"cmds_per_leg":2,"elements":0}
PCIE {"t_ms":1790666805486,"test":"conc","trial":23,"copy":"dma","cfg":"h2d/ser","legs":1,"bytes_per_leg":2097152,"leg_ns":[310253],"wall_ns":312020,"stream_errors":0,"mb":1,"cmds_per_leg":2,"elements":0}
PCIE {"t_ms":1790666805487,"test":"conc","trial":24,"copy":"dma","cfg":"2xh2d/ser","legs":2,"bytes_per_leg":2097152,"leg_ns":[384862,490246],"wall_ns":491983,"stream_errors":0,"mb":1,"cmds_per_leg":2,"elements":0}
PCIE {"t_ms":1790666805487,"test":"conc","trial":24,"copy":"dma","cfg":"d2h/ser","legs":1,"bytes_per_leg":2097152,"leg_ns":[212833],"wall_ns":214486,"stream_errors":0,"mb":1,"cmds_per_leg":2,"elements":0}
PCIE {"t_ms":1790666805487,"test":"conc","trial":24,"copy":"dma","cfg":"d2h","legs":1,"bytes_per_leg":2097152,"leg_ns":[313691],"wall_ns":315355,"stream_errors":0,"mb":1,"cmds_per_leg":2,"elements":0}
PCIE {"t_ms":1790666805488,"test":"conc","trial":24,"copy":"dma","cfg":"h2d/ser","legs":1,"bytes_per_leg":2097152,"leg_ns":[302629],"wall_ns":304399,"stream_errors":0,"mb":1,"cmds_per_leg":2,"elements":0}
PCIE {"t_ms":1790666805488,"test":"conc","trial":24,"copy":"dma","cfg":"h2d","legs":1,"bytes_per_leg":2097152,"leg_ns":[411434],"wall_ns":413175,"stream_errors":0,"mb":1,"cmds_per_leg":2,"elements":0}
PCIE {"t_ms":1790666805488,"test":"done","which":"conc","elapsed_s":0.230956}
