PCIE {"t_ms":1790666817372,"test":"open","open_ns":179147665,"src":"PCIEBENCH_SRC_SHA256 main=27b7ed06330c4bae26cd24be189cdac0d67432cb52b1e8c7fca1116abda1aa5f args=8ae69bd7d46097957b638ff4c6630eb3e66d3cb0654b77d3bf55f3336c61c508 touch=92180a93c6dae0a1dce8c379156f827bd6588115777499dc45e64bf606b46ec0","link":[{"bdf":"0000:02:00.0","speed":"16.0 GT/s PCIe","width":"8","max_speed":"16.0 GT/s PCIe","max_width":"8","cma_allocated":"2057 MB"}]}
PCIE {"t_ms":1790666817374,"test":"conc","trial":0,"copy":"dma","cfg":"h2d/ser","legs":1,"bytes_per_leg":2097152,"leg_ns":[537763],"wall_ns":539653,"stream_errors":0,"mb":1,"cmds_per_leg":2,"elements":8}
PCIE {"t_ms":1790666817375,"test":"conc","trial":0,"copy":"dma","cfg":"2xh2d/ser","legs":2,"bytes_per_leg":2097152,"leg_ns":[661657,871027],"wall_ns":872868,"stream_errors":0,"mb":1,"cmds_per_leg":2,"elements":8}
PCIE {"t_ms":1790666817376,"test":"conc","trial":0,"copy":"dma","cfg":"h2d","legs":1,"bytes_per_leg":2097152,"leg_ns":[553485],"wall_ns":555293,"stream_errors":0,"mb":1,"cmds_per_leg":2,"elements":8}
PCIE {"t_ms":1790666817376,"test":"conc","trial":0,"copy":"dma","cfg":"d2h/ser","legs":1,"bytes_per_leg":2097152,"leg_ns":[631080],"wall_ns":632845,"stream_errors":0,"mb":1,"cmds_per_leg":2,"elements":8}
PCIE {"t_ms":1790666817377,"test":"conc","trial":0,"copy":"dma","cfg":"d2h","legs":1,"bytes_per_leg":2097152,"leg_ns":[369341],"wall_ns":371085,"stream_errors":0,"mb":1,"cmds_per_leg":2,"elements":8}
PCIE {"t_ms":1790666817377,"test":"conc","trial":1,"copy":"dma","cfg":"h2d","legs":1,"bytes_per_leg":2097152,"leg_ns":[617700],"wall_ns":619484,"stream_errors":0,"mb":1,"cmds_per_leg":2,"elements":8}
PCIE {"t_ms":1790666817378,"test":"conc","trial":1,"copy":"dma","cfg":"h2d/ser","legs":1,"bytes_per_leg":2097152,"leg_ns":[554754],"wall_ns":556537,"stream_errors":0,"mb":1,"cmds_per_leg":2,"elements":8}
PCIE {"t_ms":1790666817378,"test":"conc","trial":1,"copy":"dma","cfg":"d2h","legs":1,"bytes_per_leg":2097152,"leg_ns":[609281],"wall_ns":610995,"stream_errors":0,"mb":1,"cmds_per_leg":2,"elements":8}
PCIE {"t_ms":1790666817379,"test":"conc","trial":1,"copy":"dma","cfg":"2xh2d/ser","legs":2,"bytes_per_leg":2097152,"leg_ns":[469687,574169],"wall_ns":575939,"stream_errors":0,"mb":1,"cmds_per_leg":2,"elements":8}
PCIE {"t_ms":1790666817380,"test":"conc","trial":1,"copy":"dma","cfg":"d2h/ser","legs":1,"bytes_per_leg":2097152,"leg_ns":[620532],"wall_ns":622239,"stream_errors":0,"mb":1,"cmds_per_leg":2,"elements":8}
PCIE {"t_ms":1790666817380,"test":"conc","trial":2,"copy":"dma","cfg":"h2d/ser","legs":1,"bytes_per_leg":2097152,"leg_ns":[352631],"wall_ns":354429,"stream_errors":0,"mb":1,"cmds_per_leg":2,"elements":8}
PCIE {"t_ms":1790666817381,"test":"conc","trial":2,"copy":"dma","cfg":"h2d","legs":1,"bytes_per_leg":2097152,"leg_ns":[556993],"wall_ns":558766,"stream_errors":0,"mb":1,"cmds_per_leg":2,"elements":8}
PCIE {"t_ms":1790666817381,"test":"conc","trial":2,"copy":"dma","cfg":"d2h/ser","legs":1,"bytes_per_leg":2097152,"leg_ns":[580153],"wall_ns":581804,"stream_errors":0,"mb":1,"cmds_per_leg":2,"elements":8}
PCIE {"t_ms":1790666817382,"test":"conc","trial":2,"copy":"dma","cfg":"2xh2d/ser","legs":2,"bytes_per_leg":2097152,"leg_ns":[403252,509933],"wall_ns":511763,"stream_errors":0,"mb":1,"cmds_per_leg":2,"elements":8}
PCIE {"t_ms":1790666817382,"test":"conc","trial":2,"copy":"dma","cfg":"d2h","legs":1,"bytes_per_leg":2097152,"leg_ns":[573805],"wall_ns":575528,"stream_errors":0,"mb":1,"cmds_per_leg":2,"elements":8}
PCIE {"t_ms":1790666817383,"test":"conc","trial":3,"copy":"dma","cfg":"d2h","legs":1,"bytes_per_leg":2097152,"leg_ns":[319730],"wall_ns":321413,"stream_errors":0,"mb":1,"cmds_per_leg":2,"elements":8}
PCIE {"t_ms":1790666817383,"test":"conc","trial":3,"copy":"dma","cfg":"h2d/ser","legs":1,"bytes_per_leg":2097152,"leg_ns":[295180],"wall_ns":296996,"stream_errors":0,"mb":1,"cmds_per_leg":2,"elements":8}
PCIE {"t_ms":1790666817383,"test":"conc","trial":3,"copy":"dma","cfg":"h2d","legs":1,"bytes_per_leg":2097152,"leg_ns":[554058],"wall_ns":555918,"stream_errors":0,"mb":1,"cmds_per_leg":2,"elements":8}
PCIE {"t_ms":1790666817384,"test":"conc","trial":3,"copy":"dma","cfg":"2xh2d/ser","legs":2,"bytes_per_leg":2097152,"leg_ns":[553034,556490],"wall_ns":558262,"stream_errors":0,"mb":1,"cmds_per_leg":2,"elements":8}
PCIE {"t_ms":1790666817385,"test":"conc","trial":3,"copy":"dma","cfg":"d2h/ser","legs":1,"bytes_per_leg":2097152,"leg_ns":[578042],"wall_ns":579798,"stream_errors":0,"mb":1,"cmds_per_leg":2,"elements":8}
PCIE {"t_ms":1790666817385,"test":"conc","trial":4,"copy":"dma","cfg":"h2d/ser","legs":1,"bytes_per_leg":2097152,"leg_ns":[290543],"wall_ns":292335,"stream_errors":0,"mb":1,"cmds_per_leg":2,"elements":8}
PCIE {"t_ms":1790666817385,"test":"conc","trial":4,"copy":"dma","cfg":"2xh2d/ser","legs":2,"bytes_per_leg":2097152,"leg_ns":[560482,560921],"wall_ns":562676,"stream_errors":0,"mb":1,"cmds_per_leg":2,"elements":8}
PCIE {"t_ms":1790666817386,"test":"conc","trial":4,"copy":"dma","cfg":"d2h","legs":1,"bytes_per_leg":2097152,"leg_ns":[585075],"wall_ns":586744,"stream_errors":0,"mb":1,"cmds_per_leg":2,"elements":8}
PCIE {"t_ms":1790666817386,"test":"conc","trial":4,"copy":"dma","cfg":"d2h/ser","legs":1,"bytes_per_leg":2097152,"leg_ns":[317161],"wall_ns":318858,"stream_errors":0,"mb":1,"cmds_per_leg":2,"elements":8}
PCIE {"t_ms":1790666817387,"test":"conc","trial":4,"copy":"dma","cfg":"h2d","legs":1,"bytes_per_leg":2097152,"leg_ns":[403028],"wall_ns":404845,"stream_errors":0,"mb":1,"cmds_per_leg":2,"elements":8}
PCIE {"t_ms":1790666817387,"test":"conc","trial":5,"copy":"dma","cfg":"d2h","legs":1,"bytes_per_leg":2097152,"leg_ns":[544823],"wall_ns":546510,"stream_errors":0,"mb":1,"cmds_per_leg":2,"elements":8}
PCIE {"t_ms":1790666817388,"test":"conc","trial":5,"copy":"dma","cfg":"2xh2d/ser","legs":2,"bytes_per_leg":2097152,"leg_ns":[401981,508529],"wall_ns":510319,"stream_errors":0,"mb":1,"cmds_per_leg":2,"elements":8}
PCIE {"t_ms":1790666817388,"test":"conc","trial":5,"copy":"dma","cfg":"h2d","legs":1,"bytes_per_leg":2097152,"leg_ns":[554526],"wall_ns":556256,"stream_errors":0,"mb":1,"cmds_per_leg":2,"elements":8}
PCIE {"t_ms":1790666817389,"test":"conc","trial":5,"copy":"dma","cfg":"h2d/ser","legs":1,"bytes_per_leg":2097152,"leg_ns":[556086],"wall_ns":557927,"stream_errors":0,"mb":1,"cmds_per_leg":2,"elements":8}
PCIE {"t_ms":1790666817390,"test":"conc","trial":5,"copy":"dma","cfg":"d2h/ser","legs":1,"bytes_per_leg":2097152,"leg_ns":[588163],"wall_ns":589841,"stream_errors":0,"mb":1,"cmds_per_leg":2,"elements":8}
PCIE {"t_ms":1790666817390,"test":"conc","trial":6,"copy":"dma","cfg":"2xh2d/ser","legs":2,"bytes_per_leg":2097152,"leg_ns":[383828,490373],"wall_ns":492188,"stream_errors":0,"mb":1,"cmds_per_leg":2,"elements":8}
PCIE {"t_ms":1790666817391,"test":"conc","trial":6,"copy":"dma","cfg":"d2h","legs":1,"bytes_per_leg":2097152,"leg_ns":[576902],"wall_ns":578582,"stream_errors":0,"mb":1,"cmds_per_leg":2,"elements":8}
PCIE {"t_ms":1790666817391,"test":"conc","trial":6,"copy":"dma","cfg":"h2d/ser","legs":1,"bytes_per_leg":2097152,"leg_ns":[294830],"wall_ns":296631,"stream_errors":0,"mb":1,"cmds_per_leg":2,"elements":8}
PCIE {"t_ms":1790666817391,"test":"conc","trial":6,"copy":"dma","cfg":"h2d","legs":1,"bytes_per_leg":2097152,"leg_ns":[557232],"wall_ns":559068,"stream_errors":0,"mb":1,"cmds_per_leg":2,"elements":8}
PCIE {"t_ms":1790666817392,"test":"conc","trial":6,"copy":"dma","cfg":"d2h/ser","legs":1,"bytes_per_leg":2097152,"leg_ns":[572347],"wall_ns":574033,"stream_errors":0,"mb":1,"cmds_per_leg":2,"elements":8}
PCIE {"t_ms":1790666817393,"test":"conc","trial":7,"copy":"dma","cfg":"2xh2d/ser","legs":2,"bytes_per_leg":2097152,"leg_ns":[401452,508202],"wall_ns":510002,"stream_errors":0,"mb":1,"cmds_per_leg":2,"elements":8}
PCIE {"t_ms":1790666817393,"test":"conc","trial":7,"copy":"dma","cfg":"h2d/ser","legs":1,"bytes_per_leg":2097152,"leg_ns":[552147],"wall_ns":553941,"stream_errors":0,"mb":1,"cmds_per_leg":2,"elements":8}
PCIE {"t_ms":1790666817394,"test":"conc","trial":7,"copy":"dma","cfg":"d2h","legs":1,"bytes_per_leg":2097152,"leg_ns":[575361],"wall_ns":577036,"stream_errors":0,"mb":1,"cmds_per_leg":2,"elements":8}
PCIE {"t_ms":1790666817394,"test":"conc","trial":7,"copy":"dma","cfg":"h2d","legs":1,"bytes_per_leg":2097152,"leg_ns":[395541],"wall_ns":397343,"stream_errors":0,"mb":1,"cmds_per_leg":2,"elements":8}
PCIE {"t_ms":1790666817395,"test":"conc","trial":7,"copy":"dma","cfg":"d2h/ser","legs":1,"bytes_per_leg":2097152,"leg_ns":[569506],"wall_ns":571271,"stream_errors":0,"mb":1,"cmds_per_leg":2,"elements":8}
PCIE {"t_ms":1790666817395,"test":"conc","trial":8,"copy":"dma","cfg":"d2h","legs":1,"bytes_per_leg":2097152,"leg_ns":[326282],"wall_ns":327925,"stream_errors":0,"mb":1,"cmds_per_leg":2,"elements":8}
PCIE {"t_ms":1790666817395,"test":"conc","trial":8,"copy":"dma","cfg":"2xh2d/ser","legs":2,"bytes_per_leg":2097152,"leg_ns":[396829,502696],"wall_ns":504503,"stream_errors":0,"mb":1,"cmds_per_leg":2,"elements":8}
PCIE {"t_ms":1790666817396,"test":"conc","trial":8,"copy":"dma","cfg":"h2d/ser","legs":1,"bytes_per_leg":2097152,"leg_ns":[555286],"wall_ns":557046,"stream_errors":0,"mb":1,"cmds_per_leg":2,"elements":8}
PCIE {"t_ms":1790666817397,"test":"conc","trial":8,"copy":"dma","cfg":"h2d","legs":1,"bytes_per_leg":2097152,"leg_ns":[558519],"wall_ns":560345,"stream_errors":0,"mb":1,"cmds_per_leg":2,"elements":8}
PCIE {"t_ms":1790666817397,"test":"conc","trial":8,"copy":"dma","cfg":"d2h/ser","legs":1,"bytes_per_leg":2097152,"leg_ns":[585115],"wall_ns":586821,"stream_errors":0,"mb":1,"cmds_per_leg":2,"elements":8}
PCIE {"t_ms":1790666817398,"test":"conc","trial":9,"copy":"dma","cfg":"h2d","legs":1,"bytes_per_leg":2097152,"leg_ns":[382724],"wall_ns":384496,"stream_errors":0,"mb":1,"cmds_per_leg":2,"elements":8}
PCIE {"t_ms":1790666817398,"test":"conc","trial":9,"copy":"dma","cfg":"d2h/ser","legs":1,"bytes_per_leg":2097152,"leg_ns":[573576],"wall_ns":575300,"stream_errors":0,"mb":1,"cmds_per_leg":2,"elements":8}
PCIE {"t_ms":1790666817399,"test":"conc","trial":9,"copy":"dma","cfg":"2xh2d/ser","legs":2,"bytes_per_leg":2097152,"leg_ns":[407759,513133],"wall_ns":514897,"stream_errors":0,"mb":1,"cmds_per_leg":2,"elements":8}
PCIE {"t_ms":1790666817399,"test":"conc","trial":9,"copy":"dma","cfg":"d2h","legs":1,"bytes_per_leg":2097152,"leg_ns":[579195],"wall_ns":580864,"stream_errors":0,"mb":1,"cmds_per_leg":2,"elements":8}
PCIE {"t_ms":1790666817400,"test":"conc","trial":9,"copy":"dma","cfg":"h2d/ser","legs":1,"bytes_per_leg":2097152,"leg_ns":[290139],"wall_ns":291899,"stream_errors":0,"mb":1,"cmds_per_leg":2,"elements":8}
PCIE {"t_ms":1790666817400,"test":"conc","trial":10,"copy":"dma","cfg":"h2d","legs":1,"bytes_per_leg":2097152,"leg_ns":[556080],"wall_ns":557845,"stream_errors":0,"mb":1,"cmds_per_leg":2,"elements":8}
PCIE {"t_ms":1790666817401,"test":"conc","trial":10,"copy":"dma","cfg":"d2h","legs":1,"bytes_per_leg":2097152,"leg_ns":[578391],"wall_ns":580115,"stream_errors":0,"mb":1,"cmds_per_leg":2,"elements":8}
PCIE {"t_ms":1790666817401,"test":"conc","trial":10,"copy":"dma","cfg":"d2h/ser","legs":1,"bytes_per_leg":2097152,"leg_ns":[324090],"wall_ns":325830,"stream_errors":0,"mb":1,"cmds_per_leg":2,"elements":8}
PCIE {"t_ms":1790666817402,"test":"conc","trial":10,"copy":"dma","cfg":"2xh2d/ser","legs":2,"bytes_per_leg":2097152,"leg_ns":[411301,517478],"wall_ns":519253,"stream_errors":0,"mb":1,"cmds_per_leg":2,"elements":8}
PCIE {"t_ms":1790666817402,"test":"conc","trial":10,"copy":"dma","cfg":"h2d/ser","legs":1,"bytes_per_leg":2097152,"leg_ns":[551732],"wall_ns":553606,"stream_errors":0,"mb":1,"cmds_per_leg":2,"elements":8}
PCIE {"t_ms":1790666817403,"test":"conc","trial":11,"copy":"dma","cfg":"2xh2d/ser","legs":2,"bytes_per_leg":2097152,"leg_ns":[563018,563451],"wall_ns":565175,"stream_errors":0,"mb":1,"cmds_per_leg":2,"elements":8}
PCIE {"t_ms":1790666817403,"test":"conc","trial":11,"copy":"dma","cfg":"h2d","legs":1,"bytes_per_leg":2097152,"leg_ns":[553683],"wall_ns":555436,"stream_errors":0,"mb":1,"cmds_per_leg":2,"elements":8}
PCIE {"t_ms":1790666817404,"test":"conc","trial":11,"copy":"dma","cfg":"d2h/ser","legs":1,"bytes_per_leg":2097152,"leg_ns":[589508],"wall_ns":591200,"stream_errors":0,"mb":1,"cmds_per_leg":2,"elements":8}
PCIE {"t_ms":1790666817404,"test":"conc","trial":11,"copy":"dma","cfg":"h2d/ser","legs":1,"bytes_per_leg":2097152,"leg_ns":[277909],"wall_ns":279728,"stream_errors":0,"mb":1,"cmds_per_leg":2,"elements":8}
PCIE {"t_ms":1790666817405,"test":"conc","trial":11,"copy":"dma","cfg":"d2h","legs":1,"bytes_per_leg":2097152,"leg_ns":[583371],"wall_ns":585065,"stream_errors":0,"mb":1,"cmds_per_leg":2,"elements":8}
PCIE {"t_ms":1790666817405,"test":"conc","trial":12,"copy":"dma","cfg":"h2d","legs":1,"bytes_per_leg":2097152,"leg_ns":[392755],"wall_ns":394534,"stream_errors":0,"mb":1,"cmds_per_leg":2,"elements":8}
PCIE {"t_ms":1790666817406,"test":"conc","trial":12,"copy":"dma","cfg":"2xh2d/ser","legs":2,"bytes_per_leg":2097152,"leg_ns":[564684,565104],"wall_ns":566817,"stream_errors":0,"mb":1,"cmds_per_leg":2,"elements":8}
PCIE {"t_ms":1790666817406,"test":"conc","trial":12,"copy":"dma","cfg":"h2d/ser","legs":1,"bytes_per_leg":2097152,"leg_ns":[552998],"wall_ns":554796,"stream_errors":0,"mb":1,"cmds_per_leg":2,"elements":8}
PCIE {"t_ms":1790666817407,"test":"conc","trial":12,"copy":"dma","cfg":"d2h","legs":1,"bytes_per_leg":2097152,"leg_ns":[580742],"wall_ns":582413,"stream_errors":0,"mb":1,"cmds_per_leg":2,"elements":8}
PCIE {"t_ms":1790666817407,"test":"conc","trial":12,"copy":"dma","cfg":"d2h/ser","legs":1,"bytes_per_leg":2097152,"leg_ns":[313218],"wall_ns":314916,"stream_errors":0,"mb":1,"cmds_per_leg":2,"elements":8}
PCIE {"t_ms":1790666817408,"test":"conc","trial":13,"copy":"dma","cfg":"h2d","legs":1,"bytes_per_leg":2097152,"leg_ns":[460292],"wall_ns":462130,"stream_errors":0,"mb":1,"cmds_per_leg":2,"elements":8}
PCIE {"t_ms":1790666817408,"test":"conc","trial":13,"copy":"dma","cfg":"d2h/ser","legs":1,"bytes_per_leg":2097152,"leg_ns":[573096],"wall_ns":574776,"stream_errors":0,"mb":1,"cmds_per_leg":2,"elements":8}
PCIE {"t_ms":1790666817408,"test":"conc","trial":13,"copy":"dma","cfg":"d2h","legs":1,"bytes_per_leg":2097152,"leg_ns":[312797],"wall_ns":314500,"stream_errors":0,"mb":1,"cmds_per_leg":2,"elements":8}
PCIE {"t_ms":1790666817409,"test":"conc","trial":13,"copy":"dma","cfg":"2xh2d/ser","legs":2,"bytes_per_leg":2097152,"leg_ns":[401736,508367],"wall_ns":510152,"stream_errors":0,"mb":1,"cmds_per_leg":2,"elements":8}
PCIE {"t_ms":1790666817410,"test":"conc","trial":13,"copy":"dma","cfg":"h2d/ser","legs":1,"bytes_per_leg":2097152,"leg_ns":[552344],"wall_ns":554101,"stream_errors":0,"mb":1,"cmds_per_leg":2,"elements":8}
PCIE {"t_ms":1790666817410,"test":"conc","trial":14,"copy":"dma","cfg":"2xh2d/ser","legs":2,"bytes_per_leg":2097152,"leg_ns":[561587,561951],"wall_ns":563696,"stream_errors":0,"mb":1,"cmds_per_leg":2,"elements":8}
PCIE {"t_ms":1790666817411,"test":"conc","trial":14,"copy":"dma","cfg":"d2h","legs":1,"bytes_per_leg":2097152,"leg_ns":[585669],"wall_ns":587343,"stream_errors":0,"mb":1,"cmds_per_leg":2,"elements":8}
PCIE {"t_ms":1790666817411,"test":"conc","trial":14,"copy":"dma","cfg":"h2d","legs":1,"bytes_per_leg":2097152,"leg_ns":[490249],"wall_ns":492097,"stream_errors":0,"mb":1,"cmds_per_leg":2,"elements":8}
PCIE {"t_ms":1790666817412,"test":"conc","trial":14,"copy":"dma","cfg":"h2d/ser","legs":1,"bytes_per_leg":2097152,"leg_ns":[535554],"wall_ns":537416,"stream_errors":0,"mb":1,"cmds_per_leg":2,"elements":8}
PCIE {"t_ms":1790666817412,"test":"conc","trial":14,"copy":"dma","cfg":"d2h/ser","legs":1,"bytes_per_leg":2097152,"leg_ns":[560794],"wall_ns":562570,"stream_errors":0,"mb":1,"cmds_per_leg":2,"elements":8}
PCIE {"t_ms":1790666817413,"test":"conc","trial":15,"copy":"dma","cfg":"2xh2d/ser","legs":2,"bytes_per_leg":2097152,"leg_ns":[400909,506397],"wall_ns":508217,"stream_errors":0,"mb":1,"cmds_per_leg":2,"elements":8}
PCIE {"t_ms":1790666817413,"test":"conc","trial":15,"copy":"dma","cfg":"d2h/ser","legs":1,"bytes_per_leg":2097152,"leg_ns":[581996],"wall_ns":583684,"stream_errors":0,"mb":1,"cmds_per_leg":2,"elements":8}
PCIE {"t_ms":1790666817414,"test":"conc","trial":15,"copy":"dma","cfg":"h2d","legs":1,"bytes_per_leg":2097152,"leg_ns":[394203],"wall_ns":395989,"stream_errors":0,"mb":1,"cmds_per_leg":2,"elements":8}
PCIE {"t_ms":1790666817414,"test":"conc","trial":15,"copy":"dma","cfg":"d2h","legs":1,"bytes_per_leg":2097152,"leg_ns":[577406],"wall_ns":579136,"stream_errors":0,"mb":1,"cmds_per_leg":2,"elements":8}
PCIE {"t_ms":1790666817415,"test":"conc","trial":15,"copy":"dma","cfg":"h2d/ser","legs":1,"bytes_per_leg":2097152,"leg_ns":[294158],"wall_ns":295913,"stream_errors":0,"mb":1,"cmds_per_leg":2,"elements":8}
PCIE {"t_ms":1790666817415,"test":"conc","trial":16,"copy":"dma","cfg":"d2h","legs":1,"bytes_per_leg":2097152,"leg_ns":[575747],"wall_ns":577452,"stream_errors":0,"mb":1,"cmds_per_leg":2,"elements":8}
PCIE {"t_ms":1790666817416,"test":"conc","trial":16,"copy":"dma","cfg":"d2h/ser","legs":1,"bytes_per_leg":2097152,"leg_ns":[313465],"wall_ns":315211,"stream_errors":0,"mb":1,"cmds_per_leg":2,"elements":8}
PCIE {"t_ms":1790666817416,"test":"conc","trial":16,"copy":"dma","cfg":"h2d/ser","legs":1,"bytes_per_leg":2097152,"leg_ns":[302554],"wall_ns":304334,"stream_errors":0,"mb":1,"cmds_per_leg":2,"elements":8}
PCIE {"t_ms":1790666817416,"test":"conc","trial":16,"copy":"dma","cfg":"2xh2d/ser","legs":2,"bytes_per_leg":2097152,"leg_ns":[557968,560701],"wall_ns":562486,"stream_errors":0,"mb":1,"cmds_per_leg":2,"elements":8}
PCIE {"t_ms":1790666817417,"test":"conc","trial":16,"copy":"dma","cfg":"h2d","legs":1,"bytes_per_leg":2097152,"leg_ns":[554875],"wall_ns":556651,"stream_errors":0,"mb":1,"cmds_per_leg":2,"elements":8}
PCIE {"t_ms":1790666817418,"test":"conc","trial":17,"copy":"dma","cfg":"h2d/ser","legs":1,"bytes_per_leg":2097152,"leg_ns":[553306],"wall_ns":555180,"stream_errors":0,"mb":1,"cmds_per_leg":2,"elements":8}
PCIE {"t_ms":1790666817418,"test":"conc","trial":17,"copy":"dma","cfg":"h2d","legs":1,"bytes_per_leg":2097152,"leg_ns":[554984],"wall_ns":556806,"stream_errors":0,"mb":1,"cmds_per_leg":2,"elements":8}
PCIE {"t_ms":1790666817419,"test":"conc","trial":17,"copy":"dma","cfg":"d2h/ser","legs":1,"bytes_per_leg":2097152,"leg_ns":[574996],"wall_ns":576760,"stream_errors":0,"mb":1,"cmds_per_leg":2,"elements":8}
PCIE {"t_ms":1790666817419,"test":"conc","trial":17,"copy":"dma","cfg":"d2h","legs":1,"bytes_per_leg":2097152,"leg_ns":[308224],"wall_ns":309928,"stream_errors":0,"mb":1,"cmds_per_leg":2,"elements":8}
PCIE {"t_ms":1790666817419,"test":"conc","trial":17,"copy":"dma","cfg":"2xh2d/ser","legs":2,"bytes_per_leg":2097152,"leg_ns":[367775,473829],"wall_ns":475625,"stream_errors":0,"mb":1,"cmds_per_leg":2,"elements":8}
PCIE {"t_ms":1790666817420,"test":"conc","trial":18,"copy":"dma","cfg":"d2h/ser","legs":1,"bytes_per_leg":2097152,"leg_ns":[577626],"wall_ns":579370,"stream_errors":0,"mb":1,"cmds_per_leg":2,"elements":8}
PCIE {"t_ms":1790666817421,"test":"conc","trial":18,"copy":"dma","cfg":"2xh2d/ser","legs":2,"bytes_per_leg":2097152,"leg_ns":[408001,512150],"wall_ns":513893,"stream_errors":0,"mb":1,"cmds_per_leg":2,"elements":8}
PCIE {"t_ms":1790666817421,"test":"conc","trial":18,"copy":"dma","cfg":"h2d/ser","legs":1,"bytes_per_leg":2097152,"leg_ns":[552920],"wall_ns":554734,"stream_errors":0,"mb":1,"cmds_per_leg":2,"elements":8}
PCIE {"t_ms":1790666817422,"test":"conc","trial":18,"copy":"dma","cfg":"d2h","legs":1,"bytes_per_leg":2097152,"leg_ns":[575885],"wall_ns":577678,"stream_errors":0,"mb":1,"cmds_per_leg":2,"elements":8}
PCIE {"t_ms":1790666817422,"test":"conc","trial":18,"copy":"dma","cfg":"h2d","legs":1,"bytes_per_leg":2097152,"leg_ns":[394603],"wall_ns":396381,"stream_errors":0,"mb":1,"cmds_per_leg":2,"elements":8}
PCIE {"t_ms":1790666817423,"test":"conc","trial":19,"copy":"dma","cfg":"h2d","legs":1,"bytes_per_leg":2097152,"leg_ns":[557073],"wall_ns":558806,"stream_errors":0,"mb":1,"cmds_per_leg":2,"elements":8}
PCIE {"t_ms":1790666817423,"test":"conc","trial":19,"copy":"dma","cfg":"d2h/ser","legs":1,"bytes_per_leg":2097152,"leg_ns":[577988],"wall_ns":579697,"stream_errors":0,"mb":1,"cmds_per_leg":2,"elements":8}
PCIE {"t_ms":1790666817424,"test":"conc","trial":19,"copy":"dma","cfg":"h2d/ser","legs":1,"bytes_per_leg":2097152,"leg_ns":[293138],"wall_ns":294932,"stream_errors":0,"mb":1,"cmds_per_leg":2,"elements":8}
PCIE {"t_ms":1790666817424,"test":"conc","trial":19,"copy":"dma","cfg":"d2h","legs":1,"bytes_per_leg":2097152,"leg_ns":[568547],"wall_ns":570241,"stream_errors":0,"mb":1,"cmds_per_leg":2,"elements":8}
PCIE {"t_ms":1790666817425,"test":"conc","trial":19,"copy":"dma","cfg":"2xh2d/ser","legs":2,"bytes_per_leg":2097152,"leg_ns":[402935,507231],"wall_ns":508995,"stream_errors":0,"mb":1,"cmds_per_leg":2,"elements":8}
PCIE {"t_ms":1790666817425,"test":"conc","trial":20,"copy":"dma","cfg":"d2h","legs":1,"bytes_per_leg":2097152,"leg_ns":[585479],"wall_ns":587182,"stream_errors":0,"mb":1,"cmds_per_leg":2,"elements":8}
PCIE {"t_ms":1790666817426,"test":"conc","trial":20,"copy":"dma","cfg":"2xh2d/ser","legs":2,"bytes_per_leg":2097152,"leg_ns":[459783,460212],"wall_ns":461943,"stream_errors":0,"mb":1,"cmds_per_leg":2,"elements":8}
PCIE {"t_ms":1790666817426,"test":"conc","trial":20,"copy":"dma","cfg":"d2h/ser","legs":1,"bytes_per_leg":2097152,"leg_ns":[571345],"wall_ns":573122,"stream_errors":0,"mb":1,"cmds_per_leg":2,"elements":8}
PCIE {"t_ms":1790666817427,"test":"conc","trial":20,"copy":"dma","cfg":"h2d","legs":1,"bytes_per_leg":2097152,"leg_ns":[395536],"wall_ns":398698,"stream_errors":0,"mb":1,"cmds_per_leg":2,"elements":8}
PCIE {"t_ms":1790666817427,"test":"conc","trial":20,"copy":"dma","cfg":"h2d/ser","legs":1,"bytes_per_leg":2097152,"leg_ns":[554152],"wall_ns":557350,"stream_errors":0,"mb":1,"cmds_per_leg":2,"elements":8}
PCIE {"t_ms":1790666817428,"test":"conc","trial":21,"copy":"dma","cfg":"d2h/ser","legs":1,"bytes_per_leg":2097152,"leg_ns":[583336],"wall_ns":585651,"stream_errors":0,"mb":1,"cmds_per_leg":2,"elements":8}
PCIE {"t_ms":1790666817428,"test":"conc","trial":21,"copy":"dma","cfg":"h2d","legs":1,"bytes_per_leg":2097152,"leg_ns":[381436],"wall_ns":384866,"stream_errors":0,"mb":1,"cmds_per_leg":2,"elements":8}
PCIE {"t_ms":1790666817429,"test":"conc","trial":21,"copy":"dma","cfg":"d2h","legs":1,"bytes_per_leg":2097152,"leg_ns":[584302],"wall_ns":587425,"stream_errors":0,"mb":1,"cmds_per_leg":2,"elements":8}
PCIE {"t_ms":1790666817429,"test":"conc","trial":21,"copy":"dma","cfg":"2xh2d/ser","legs":2,"bytes_per_leg":2097152,"leg_ns":[394130,467818],"wall_ns":470988,"stream_errors":0,"mb":1,"cmds_per_leg":2,"elements":8}
PCIE {"t_ms":1790666817430,"test":"conc","trial":21,"copy":"dma","cfg":"h2d/ser","legs":1,"bytes_per_leg":2097152,"leg_ns":[549081],"wall_ns":552450,"stream_errors":0,"mb":1,"cmds_per_leg":2,"elements":8}
PCIE {"t_ms":1790666817430,"test":"conc","trial":22,"copy":"dma","cfg":"d2h/ser","legs":1,"bytes_per_leg":2097152,"leg_ns":[566750],"wall_ns":569826,"stream_errors":0,"mb":1,"cmds_per_leg":2,"elements":8}
PCIE {"t_ms":1790666817431,"test":"conc","trial":22,"copy":"dma","cfg":"2xh2d/ser","legs":2,"bytes_per_leg":2097152,"leg_ns":[406780,511956],"wall_ns":515263,"stream_errors":0,"mb":1,"cmds_per_leg":2,"elements":8}
PCIE {"t_ms":1790666817432,"test":"conc","trial":22,"copy":"dma","cfg":"d2h","legs":1,"bytes_per_leg":2097152,"leg_ns":[569981],"wall_ns":573252,"stream_errors":0,"mb":1,"cmds_per_leg":2,"elements":8}
PCIE {"t_ms":1790666817432,"test":"conc","trial":22,"copy":"dma","cfg":"h2d/ser","legs":1,"bytes_per_leg":2097152,"leg_ns":[292189],"wall_ns":295087,"stream_errors":0,"mb":1,"cmds_per_leg":2,"elements":8}
PCIE {"t_ms":1790666817432,"test":"conc","trial":22,"copy":"dma","cfg":"h2d","legs":1,"bytes_per_leg":2097152,"leg_ns":[551441],"wall_ns":554729,"stream_errors":0,"mb":1,"cmds_per_leg":2,"elements":8}
PCIE {"t_ms":1790666817433,"test":"conc","trial":23,"copy":"dma","cfg":"d2h","legs":1,"bytes_per_leg":2097152,"leg_ns":[580741],"wall_ns":583828,"stream_errors":0,"mb":1,"cmds_per_leg":2,"elements":8}
PCIE {"t_ms":1790666817433,"test":"conc","trial":23,"copy":"dma","cfg":"h2d","legs":1,"bytes_per_leg":2097152,"leg_ns":[389195],"wall_ns":392691,"stream_errors":0,"mb":1,"cmds_per_leg":2,"elements":8}
PCIE {"t_ms":1790666817434,"test":"conc","trial":23,"copy":"dma","cfg":"d2h/ser","legs":1,"bytes_per_leg":2097152,"leg_ns":[571115],"wall_ns":574401,"stream_errors":0,"mb":1,"cmds_per_leg":2,"elements":8}
PCIE {"t_ms":1790666817434,"test":"conc","trial":23,"copy":"dma","cfg":"2xh2d/ser","legs":2,"bytes_per_leg":2097152,"leg_ns":[399241,506693],"wall_ns":510085,"stream_errors":0,"mb":1,"cmds_per_leg":2,"elements":8}
PCIE {"t_ms":1790666817435,"test":"conc","trial":23,"copy":"dma","cfg":"h2d/ser","legs":1,"bytes_per_leg":2097152,"leg_ns":[550271],"wall_ns":553654,"stream_errors":0,"mb":1,"cmds_per_leg":2,"elements":8}
PCIE {"t_ms":1790666817436,"test":"conc","trial":24,"copy":"dma","cfg":"2xh2d/ser","legs":2,"bytes_per_leg":2097152,"leg_ns":[558307,557848],"wall_ns":561270,"stream_errors":0,"mb":1,"cmds_per_leg":2,"elements":8}
PCIE {"t_ms":1790666817436,"test":"conc","trial":24,"copy":"dma","cfg":"d2h/ser","legs":1,"bytes_per_leg":2097152,"leg_ns":[571417],"wall_ns":574728,"stream_errors":0,"mb":1,"cmds_per_leg":2,"elements":8}
PCIE {"t_ms":1790666817436,"test":"conc","trial":24,"copy":"dma","cfg":"d2h","legs":1,"bytes_per_leg":2097152,"leg_ns":[313094],"wall_ns":316398,"stream_errors":0,"mb":1,"cmds_per_leg":2,"elements":8}
PCIE {"t_ms":1790666817437,"test":"conc","trial":24,"copy":"dma","cfg":"h2d/ser","legs":1,"bytes_per_leg":2097152,"leg_ns":[292049],"wall_ns":295060,"stream_errors":0,"mb":1,"cmds_per_leg":2,"elements":8}
PCIE {"t_ms":1790666817437,"test":"conc","trial":24,"copy":"dma","cfg":"h2d","legs":1,"bytes_per_leg":2097152,"leg_ns":[518808],"wall_ns":522048,"stream_errors":0,"mb":1,"cmds_per_leg":2,"elements":8}
PCIE {"t_ms":1790666817437,"test":"done","which":"conc","elapsed_s":0.244800}
