aifoundry1-c1: 23 configurations x 1 passes, at most 4 min; host build/enercat_v2/host/enercat_host
pass 0 tload/scp/zeros: 8 launches (die 71 -> 71 C, 0 heater)
pass 0 tload/scp/random: 8 launches (die 70 -> 70 C, 0 heater)
pass 0 l1fill/stride32/zeros: 8 launches (die 70 -> 70 C, 0 heater)
pass 0 tload/dram/const: 8 launches (die 68 -> 68 C, 0 heater)
pass 0 tstore/dram/const: 8 launches (die 66 -> 66 C, 0 heater)
pass 0 tload/dram/zeros: 8 launches (die 66 -> 66 C, 0 heater)
pass 0 fence/zeros/h2: 8 launches (die 65 -> 65 C, 0 heater)
pass 0 tstore/dram/zeros: 8 launches (die 64 -> 64 C, 0 heater)
pass 0 dramrow2/rowmiss/random: 8 launches (die 64 -> 64 C, 0 heater)
pass 0 dramrow2/rowmiss/zeros: 8 launches (die 63 -> 63 C, 0 heater)
pass 0 fence/random/h2: 8 launches (die 62 -> 62 C, 0 heater)
pass 0 nop/zeros/h2: 8 launches (die 62 -> 62 C, 0 heater)
pass 0 l1fill/stride64/random: 8 launches (die 61 -> 61 C, 0 heater)
pass 0 dramrow2/rowhit/random: 8 launches (die 62 -> 62 C, 0 heater)
pass 0 dramrow2/rowhit/zeros: 8 launches (die 61 -> 61 C, 0 heater)
pass 0 nop/random/h2: 8 launches (die 60 -> 60 C, 0 heater)
pass 0 tload/dram/random: 8 launches (die 60 -> 60 C, 0 heater)
pass 0 tstore/dram/random: 8 launches (die 61 -> 61 C, 0 heater)
pass 0 l1fill/stride64/zeros: 8 launches (die 61 -> 61 C, 0 heater)
pass 0 dramrow2/seq/zeros: 8 launches (die 61 -> 61 C, 0 heater)
pass 0 l1fill/stride32/random: 8 launches (die 60 -> 60 C, 0 heater)
pass 0 dramrow2/seq/random: 8 launches (die 61 -> 61 C, 0 heater)
pass 0 tload/scp/const: 8 launches (die 60 -> 60 C, 0 heater)
done
