Opening device 1
MEMPROBE {"test":"program","name":"refresh_jit","hart":0,"arena_base":"0x8040000000","ops":95002,"results":38000,"cycles":41245571,"wall_s":0.0851,"t_start_ms":1790430674418,"t_end_ms":1790430674503,"out":"/home/yaroslavvb/nekko/build/claims-v3/aifoundry1-c1/mem/p5/refresh_jit.u32","ok":true}
Opening device 1
MEMPROBE {"test":"program","name":"t_rawodd","hart":0,"arena_base":"0x8040000000","ops":8001,"results":20000,"cycles":875606,"wall_s":0.0043,"t_start_ms":1790430674922,"t_end_ms":1790430674926,"out":"/home/yaroslavvb/nekko/build/claims-v3/aifoundry1-c1/mem/p5/t_rawodd.u32","ok":true}
Opening device 1
MEMPROBE {"test":"program","name":"pagetimeout","hart":0,"arena_base":"0x8040000000","ops":7021,"results":1560,"cycles":5851297,"wall_s":0.0113,"t_start_ms":1790430675345,"t_end_ms":1790430675357,"out":"/home/yaroslavvb/nekko/build/claims-v3/aifoundry1-c1/mem/p5/pagetimeout.u32","ok":true}
Opening device 1
MEMPROBE {"test":"program","name":"l3map","hart":0,"arena_base":"0x8040000000","ops":81921,"results":16384,"cycles":12626618,"wall_s":0.0348,"t_start_ms":1790430675778,"t_end_ms":1790430675813,"out":"/home/yaroslavvb/nekko/build/claims-v3/aifoundry1-c1/mem/p5/l3map.u32","ok":true}
Opening device 1
MEMPROBE {"test":"program","name":"t_raw","hart":0,"arena_base":"0x8040000000","ops":4001,"results":16000,"cycles":514682,"wall_s":0.0029,"t_start_ms":1790430676235,"t_end_ms":1790430676237,"out":"/home/yaroslavvb/nekko/build/claims-v3/aifoundry1-c1/mem/p5/t_raw.u32","ok":true}
Opening device 1
MEMPROBE {"test":"program","name":"decomp","hart":0,"arena_base":"0x8040000000","ops":67501,"results":13500,"cycles":13873674,"wall_s":0.0348,"t_start_ms":1790430676658,"t_end_ms":1790430676693,"out":"/home/yaroslavvb/nekko/build/claims-v3/aifoundry1-c1/mem/p5/decomp.u32","ok":true}
Opening device 1
MEMPROBE {"test":"program","name":"ladder","hart":0,"arena_base":"0x8040000000","ops":4481,"results":1408,"cycles":758991,"wall_s":0.0024,"t_start_ms":1790430677112,"t_end_ms":1790430677115,"out":"/home/yaroslavvb/nekko/build/claims-v3/aifoundry1-c1/mem/p5/ladder.u32","ok":true}
Opening device 1
MEMPROBE {"test":"program","name":"refresh","hart":0,"arena_base":"0x8040000000","ops":96002,"results":48000,"cycles":13953230,"wall_s":0.0407,"t_start_ms":1790430677535,"t_end_ms":1790430677576,"out":"/home/yaroslavvb/nekko/build/claims-v3/aifoundry1-c1/mem/p5/refresh.u32","ok":true}
Opening device 1
MEMPROBE {"test":"program","name":"t_glitch","hart":0,"arena_base":"0x8040000000","ops":8001,"results":8000,"cycles":804741,"wall_s":0.0034,"t_start_ms":1790430677996,"t_end_ms":1790430677999,"out":"/home/yaroslavvb/nekko/build/claims-v3/aifoundry1-c1/mem/p5/t_glitch.u32","ok":true}
Opening device 1
MEMPROBE {"test":"program","name":"bits","hart":0,"arena_base":"0x8040000000","ops":74701,"results":15000,"cycles":34668376,"wall_s":0.0703,"t_start_ms":1790430678421,"t_end_ms":1790430678491,"out":"/home/yaroslavvb/nekko/build/claims-v3/aifoundry1-c1/mem/p5/bits.u32","ok":true}
Opening device 1
MEMPROBE {"test":"program","name":"msmap","hart":0,"arena_base":"0x8040000000","ops":5121,"results":1024,"cycles":2868218,"wall_s":0.0060,"t_start_ms":1790430678911,"t_end_ms":1790430678917,"out":"/home/yaroslavvb/nekko/build/claims-v3/aifoundry1-c1/mem/p5/msmap.u32","ok":true}
Opening device 1
MEMPROBE {"test":"program","name":"ladder","hart":448,"arena_base":"0x8040000000","ops":4481,"results":1408,"cycles":746865,"wall_s":0.0024,"t_start_ms":1790430679338,"t_end_ms":1790430679340,"out":"/home/yaroslavvb/nekko/build/claims-v3/aifoundry1-c1/mem/p5/req7/ladder.u32","ok":true}
Opening device 1
MEMPROBE {"test":"program","name":"decomp","hart":448,"arena_base":"0x8040000000","ops":67501,"results":13500,"cycles":13666875,"wall_s":0.0341,"t_start_ms":1790430679761,"t_end_ms":1790430679796,"out":"/home/yaroslavvb/nekko/build/claims-v3/aifoundry1-c1/mem/p5/req7/decomp.u32","ok":true}
Opening device 1
MEMPROBE {"test":"program","name":"ladder","hart":1536,"arena_base":"0x8040000000","ops":4481,"results":1408,"cycles":746219,"wall_s":0.0024,"t_start_ms":1790430680217,"t_end_ms":1790430680219,"out":"/home/yaroslavvb/nekko/build/claims-v3/aifoundry1-c1/mem/p5/req24/ladder.u32","ok":true}
Opening device 1
MEMPROBE {"test":"program","name":"decomp","hart":1536,"arena_base":"0x8040000000","ops":67501,"results":13500,"cycles":13527058,"wall_s":0.0337,"t_start_ms":1790430680640,"t_end_ms":1790430680674,"out":"/home/yaroslavvb/nekko/build/claims-v3/aifoundry1-c1/mem/p5/req24/decomp.u32","ok":true}
Opening device 1
MEMPROBE {"test":"program","name":"ladder","hart":1984,"arena_base":"0x8040000000","ops":4481,"results":1408,"cycles":759879,"wall_s":0.0025,"t_start_ms":1790430681095,"t_end_ms":1790430681098,"out":"/home/yaroslavvb/nekko/build/claims-v3/aifoundry1-c1/mem/p5/req31/ladder.u32","ok":true}
Opening device 1
MEMPROBE {"test":"program","name":"decomp","hart":1984,"arena_base":"0x8040000000","ops":67501,"results":13500,"cycles":13680702,"wall_s":0.0343,"t_start_ms":1790430681521,"t_end_ms":1790430681555,"out":"/home/yaroslavvb/nekko/build/claims-v3/aifoundry1-c1/mem/p5/req31/decomp.u32","ok":true}
