PCIE {"t_ms":1790666163396,"test":"open","open_ns":180542799,"src":"PCIEBENCH_SRC_SHA256 main=27b7ed06330c4bae26cd24be189cdac0d67432cb52b1e8c7fca1116abda1aa5f args=8ae69bd7d46097957b638ff4c6630eb3e66d3cb0654b77d3bf55f3336c61c508 touch=92180a93c6dae0a1dce8c379156f827bd6588115777499dc45e64bf606b46ec0","link":[{"bdf":"0000:02:00.0","speed":"16.0 GT/s PCIe","width":"8","max_speed":"16.0 GT/s PCIe","max_width":"8","cma_allocated":"2057 MB"}]}
PCIE {"t_ms":1790666163398,"test":"conc","trial":0,"copy":"dma","cfg":"d2h/ser","legs":1,"bytes_per_leg":2097152,"leg_ns":[579614],"wall_ns":581571,"stream_errors":0,"mb":1,"cmds_per_leg":2,"elements":0}
PCIE {"t_ms":1790666163399,"test":"conc","trial":0,"copy":"dma","cfg":"2xh2d/ser","legs":2,"bytes_per_leg":2097152,"leg_ns":[473403,578922],"wall_ns":580684,"stream_errors":0,"mb":1,"cmds_per_leg":2,"elements":0}
PCIE {"t_ms":1790666163399,"test":"conc","trial":0,"copy":"dma","cfg":"h2d/ser","legs":1,"bytes_per_leg":2097152,"leg_ns":[313667],"wall_ns":315285,"stream_errors":0,"mb":1,"cmds_per_leg":2,"elements":0}
PCIE {"t_ms":1790666163400,"test":"conc","trial":0,"copy":"dma","cfg":"h2d","legs":1,"bytes_per_leg":2097152,"leg_ns":[528046],"wall_ns":529712,"stream_errors":0,"mb":1,"cmds_per_leg":2,"elements":0}
PCIE {"t_ms":1790666163400,"test":"conc","trial":0,"copy":"dma","cfg":"d2h","legs":1,"bytes_per_leg":2097152,"leg_ns":[322285],"wall_ns":324036,"stream_errors":0,"mb":1,"cmds_per_leg":2,"elements":0}
PCIE {"t_ms":1790666163401,"test":"conc","trial":1,"copy":"dma","cfg":"h2d/ser","legs":1,"bytes_per_leg":2097152,"leg_ns":[375149],"wall_ns":376849,"stream_errors":0,"mb":1,"cmds_per_leg":2,"elements":0}
PCIE {"t_ms":1790666163401,"test":"conc","trial":1,"copy":"dma","cfg":"h2d","legs":1,"bytes_per_leg":2097152,"leg_ns":[521103],"wall_ns":522776,"stream_errors":0,"mb":1,"cmds_per_leg":2,"elements":0}
PCIE {"t_ms":1790666163402,"test":"conc","trial":1,"copy":"dma","cfg":"2xh2d/ser","legs":2,"bytes_per_leg":2097152,"leg_ns":[476512,583126],"wall_ns":584806,"stream_errors":0,"mb":1,"cmds_per_leg":2,"elements":0}
PCIE {"t_ms":1790666163402,"test":"conc","trial":1,"copy":"dma","cfg":"d2h/ser","legs":1,"bytes_per_leg":2097152,"leg_ns":[214877],"wall_ns":216651,"stream_errors":0,"mb":1,"cmds_per_leg":2,"elements":0}
PCIE {"t_ms":1790666163402,"test":"conc","trial":1,"copy":"dma","cfg":"d2h","legs":1,"bytes_per_leg":2097152,"leg_ns":[319608],"wall_ns":321274,"stream_errors":0,"mb":1,"cmds_per_leg":2,"elements":0}
PCIE {"t_ms":1790666163403,"test":"conc","trial":2,"copy":"dma","cfg":"h2d","legs":1,"bytes_per_leg":2097152,"leg_ns":[507174],"wall_ns":508893,"stream_errors":0,"mb":1,"cmds_per_leg":2,"elements":0}
PCIE {"t_ms":1790666163403,"test":"conc","trial":2,"copy":"dma","cfg":"h2d/ser","legs":1,"bytes_per_leg":2097152,"leg_ns":[312945],"wall_ns":314629,"stream_errors":0,"mb":1,"cmds_per_leg":2,"elements":0}
PCIE {"t_ms":1790666163403,"test":"conc","trial":2,"copy":"dma","cfg":"d2h","legs":1,"bytes_per_leg":2097152,"leg_ns":[313091],"wall_ns":314757,"stream_errors":0,"mb":1,"cmds_per_leg":2,"elements":0}
PCIE {"t_ms":1790666163404,"test":"conc","trial":2,"copy":"dma","cfg":"d2h/ser","legs":1,"bytes_per_leg":2097152,"leg_ns":[212880],"wall_ns":214562,"stream_errors":0,"mb":1,"cmds_per_leg":2,"elements":0}
PCIE {"t_ms":1790666163404,"test":"conc","trial":2,"copy":"dma","cfg":"2xh2d/ser","legs":2,"bytes_per_leg":2097152,"leg_ns":[412051,519490],"wall_ns":521183,"stream_errors":0,"mb":1,"cmds_per_leg":2,"elements":0}
PCIE {"t_ms":1790666163404,"test":"conc","trial":3,"copy":"dma","cfg":"d2h/ser","legs":1,"bytes_per_leg":2097152,"leg_ns":[215121],"wall_ns":216822,"stream_errors":0,"mb":1,"cmds_per_leg":2,"elements":0}
PCIE {"t_ms":1790666163405,"test":"conc","trial":3,"copy":"dma","cfg":"h2d/ser","legs":1,"bytes_per_leg":2097152,"leg_ns":[307866],"wall_ns":309594,"stream_errors":0,"mb":1,"cmds_per_leg":2,"elements":0}
PCIE {"t_ms":1790666163405,"test":"conc","trial":3,"copy":"dma","cfg":"2xh2d/ser","legs":2,"bytes_per_leg":2097152,"leg_ns":[422400,529840],"wall_ns":531567,"stream_errors":0,"mb":1,"cmds_per_leg":2,"elements":0}
PCIE {"t_ms":1790666163406,"test":"conc","trial":3,"copy":"dma","cfg":"h2d","legs":1,"bytes_per_leg":2097152,"leg_ns":[393312],"wall_ns":395046,"stream_errors":0,"mb":1,"cmds_per_leg":2,"elements":0}
PCIE {"t_ms":1790666163406,"test":"conc","trial":3,"copy":"dma","cfg":"d2h","legs":1,"bytes_per_leg":2097152,"leg_ns":[320268],"wall_ns":321962,"stream_errors":0,"mb":1,"cmds_per_leg":2,"elements":0}
PCIE {"t_ms":1790666163406,"test":"conc","trial":4,"copy":"dma","cfg":"2xh2d/ser","legs":2,"bytes_per_leg":2097152,"leg_ns":[410125,517486],"wall_ns":519188,"stream_errors":0,"mb":1,"cmds_per_leg":2,"elements":0}
PCIE {"t_ms":1790666163407,"test":"conc","trial":4,"copy":"dma","cfg":"h2d","legs":1,"bytes_per_leg":2097152,"leg_ns":[517324],"wall_ns":519000,"stream_errors":0,"mb":1,"cmds_per_leg":2,"elements":0}
PCIE {"t_ms":1790666163407,"test":"conc","trial":4,"copy":"dma","cfg":"d2h/ser","legs":1,"bytes_per_leg":2097152,"leg_ns":[218977],"wall_ns":220721,"stream_errors":0,"mb":1,"cmds_per_leg":2,"elements":0}
PCIE {"t_ms":1790666163407,"test":"conc","trial":4,"copy":"dma","cfg":"h2d/ser","legs":1,"bytes_per_leg":2097152,"leg_ns":[301268],"wall_ns":302973,"stream_errors":0,"mb":1,"cmds_per_leg":2,"elements":0}
PCIE {"t_ms":1790666163408,"test":"conc","trial":4,"copy":"dma","cfg":"d2h","legs":1,"bytes_per_leg":2097152,"leg_ns":[318834],"wall_ns":320515,"stream_errors":0,"mb":1,"cmds_per_leg":2,"elements":0}
PCIE {"t_ms":1790666163408,"test":"conc","trial":5,"copy":"dma","cfg":"2xh2d/ser","legs":2,"bytes_per_leg":2097152,"leg_ns":[413974,527431],"wall_ns":531050,"stream_errors":0,"mb":1,"cmds_per_leg":2,"elements":0}
PCIE {"t_ms":1790666163409,"test":"conc","trial":5,"copy":"dma","cfg":"d2h/ser","legs":1,"bytes_per_leg":2097152,"leg_ns":[264676],"wall_ns":267877,"stream_errors":0,"mb":1,"cmds_per_leg":2,"elements":0}
PCIE {"t_ms":1790666163409,"test":"conc","trial":5,"copy":"dma","cfg":"d2h","legs":1,"bytes_per_leg":2097152,"leg_ns":[297377],"wall_ns":300342,"stream_errors":0,"mb":1,"cmds_per_leg":2,"elements":0}
PCIE {"t_ms":1790666163409,"test":"conc","trial":5,"copy":"dma","cfg":"h2d","legs":1,"bytes_per_leg":2097152,"leg_ns":[457907],"wall_ns":461033,"stream_errors":0,"mb":1,"cmds_per_leg":2,"elements":0}
PCIE {"t_ms":1790666163410,"test":"conc","trial":5,"copy":"dma","cfg":"h2d/ser","legs":1,"bytes_per_leg":2097152,"leg_ns":[313829],"wall_ns":316779,"stream_errors":0,"mb":1,"cmds_per_leg":2,"elements":0}
PCIE {"t_ms":1790666163410,"test":"conc","trial":6,"copy":"dma","cfg":"d2h/ser","legs":1,"bytes_per_leg":2097152,"leg_ns":[212828],"wall_ns":215231,"stream_errors":0,"mb":1,"cmds_per_leg":2,"elements":0}
PCIE {"t_ms":1790666163410,"test":"conc","trial":6,"copy":"dma","cfg":"h2d","legs":1,"bytes_per_leg":2097152,"leg_ns":[405751],"wall_ns":408777,"stream_errors":0,"mb":1,"cmds_per_leg":2,"elements":0}
PCIE {"t_ms":1790666163411,"test":"conc","trial":6,"copy":"dma","cfg":"d2h","legs":1,"bytes_per_leg":2097152,"leg_ns":[559119],"wall_ns":562402,"stream_errors":0,"mb":1,"cmds_per_leg":2,"elements":0}
PCIE {"t_ms":1790666163411,"test":"conc","trial":6,"copy":"dma","cfg":"h2d/ser","legs":1,"bytes_per_leg":2097152,"leg_ns":[303472],"wall_ns":306589,"stream_errors":0,"mb":1,"cmds_per_leg":2,"elements":0}
PCIE {"t_ms":1790666163412,"test":"conc","trial":6,"copy":"dma","cfg":"2xh2d/ser","legs":2,"bytes_per_leg":2097152,"leg_ns":[381719,488417],"wall_ns":491223,"stream_errors":0,"mb":1,"cmds_per_leg":2,"elements":0}
PCIE {"t_ms":1790666163412,"test":"conc","trial":7,"copy":"dma","cfg":"h2d","legs":1,"bytes_per_leg":2097152,"leg_ns":[410158],"wall_ns":412115,"stream_errors":0,"mb":1,"cmds_per_leg":2,"elements":0}
PCIE {"t_ms":1790666163413,"test":"conc","trial":7,"copy":"dma","cfg":"h2d/ser","legs":1,"bytes_per_leg":2097152,"leg_ns":[555615],"wall_ns":557850,"stream_errors":0,"mb":1,"cmds_per_leg":2,"elements":0}
PCIE {"t_ms":1790666163413,"test":"conc","trial":7,"copy":"dma","cfg":"d2h","legs":1,"bytes_per_leg":2097152,"leg_ns":[566119],"wall_ns":569086,"stream_errors":0,"mb":1,"cmds_per_leg":2,"elements":0}
PCIE {"t_ms":1790666163414,"test":"conc","trial":7,"copy":"dma","cfg":"d2h/ser","legs":1,"bytes_per_leg":2097152,"leg_ns":[354048],"wall_ns":355781,"stream_errors":0,"mb":1,"cmds_per_leg":2,"elements":0}
PCIE {"t_ms":1790666163414,"test":"conc","trial":7,"copy":"dma","cfg":"2xh2d/ser","legs":2,"bytes_per_leg":2097152,"leg_ns":[356038,462043],"wall_ns":464385,"stream_errors":0,"mb":1,"cmds_per_leg":2,"elements":0}
PCIE {"t_ms":1790666163414,"test":"conc","trial":8,"copy":"dma","cfg":"2xh2d/ser","legs":2,"bytes_per_leg":2097152,"leg_ns":[409583,408774],"wall_ns":411557,"stream_errors":0,"mb":1,"cmds_per_leg":2,"elements":0}
PCIE {"t_ms":1790666163415,"test":"conc","trial":8,"copy":"dma","cfg":"h2d/ser","legs":1,"bytes_per_leg":2097152,"leg_ns":[552737],"wall_ns":555663,"stream_errors":0,"mb":1,"cmds_per_leg":2,"elements":0}
PCIE {"t_ms":1790666163415,"test":"conc","trial":8,"copy":"dma","cfg":"h2d","legs":1,"bytes_per_leg":2097152,"leg_ns":[412480],"wall_ns":415423,"stream_errors":0,"mb":1,"cmds_per_leg":2,"elements":0}
PCIE {"t_ms":1790666163416,"test":"conc","trial":8,"copy":"dma","cfg":"d2h/ser","legs":1,"bytes_per_leg":2097152,"leg_ns":[215977],"wall_ns":218556,"stream_errors":0,"mb":1,"cmds_per_leg":2,"elements":0}
PCIE {"t_ms":1790666163416,"test":"conc","trial":8,"copy":"dma","cfg":"d2h","legs":1,"bytes_per_leg":2097152,"leg_ns":[305303],"wall_ns":307894,"stream_errors":0,"mb":1,"cmds_per_leg":2,"elements":0}
PCIE {"t_ms":1790666163416,"test":"conc","trial":9,"copy":"dma","cfg":"d2h/ser","legs":1,"bytes_per_leg":2097152,"leg_ns":[211314],"wall_ns":213963,"stream_errors":0,"mb":1,"cmds_per_leg":2,"elements":0}
PCIE {"t_ms":1790666163417,"test":"conc","trial":9,"copy":"dma","cfg":"h2d","legs":1,"bytes_per_leg":2097152,"leg_ns":[468336],"wall_ns":471329,"stream_errors":0,"mb":1,"cmds_per_leg":2,"elements":0}
PCIE {"t_ms":1790666163417,"test":"conc","trial":9,"copy":"dma","cfg":"h2d/ser","legs":1,"bytes_per_leg":2097152,"leg_ns":[309536],"wall_ns":312398,"stream_errors":0,"mb":1,"cmds_per_leg":2,"elements":0}
PCIE {"t_ms":1790666163417,"test":"conc","trial":9,"copy":"dma","cfg":"2xh2d/ser","legs":2,"bytes_per_leg":2097152,"leg_ns":[377729,483153],"wall_ns":486169,"stream_errors":0,"mb":1,"cmds_per_leg":2,"elements":0}
PCIE {"t_ms":1790666163418,"test":"conc","trial":9,"copy":"dma","cfg":"d2h","legs":1,"bytes_per_leg":2097152,"leg_ns":[317776],"wall_ns":319948,"stream_errors":0,"mb":1,"cmds_per_leg":2,"elements":0}
PCIE {"t_ms":1790666163418,"test":"conc","trial":10,"copy":"dma","cfg":"h2d/ser","legs":1,"bytes_per_leg":2097152,"leg_ns":[300225],"wall_ns":302639,"stream_errors":0,"mb":1,"cmds_per_leg":2,"elements":0}
PCIE {"t_ms":1790666163419,"test":"conc","trial":10,"copy":"dma","cfg":"h2d","legs":1,"bytes_per_leg":2097152,"leg_ns":[412113],"wall_ns":415151,"stream_errors":0,"mb":1,"cmds_per_leg":2,"elements":0}
PCIE {"t_ms":1790666163419,"test":"conc","trial":10,"copy":"dma","cfg":"d2h/ser","legs":1,"bytes_per_leg":2097152,"leg_ns":[560867],"wall_ns":563534,"stream_errors":0,"mb":1,"cmds_per_leg":2,"elements":0}
PCIE {"t_ms":1790666163419,"test":"conc","trial":10,"copy":"dma","cfg":"d2h","legs":1,"bytes_per_leg":2097152,"leg_ns":[285976],"wall_ns":288988,"stream_errors":0,"mb":1,"cmds_per_leg":2,"elements":0}
PCIE {"t_ms":1790666163420,"test":"conc","trial":10,"copy":"dma","cfg":"2xh2d/ser","legs":2,"bytes_per_leg":2097152,"leg_ns":[411995,409984],"wall_ns":413884,"stream_errors":0,"mb":1,"cmds_per_leg":2,"elements":0}
PCIE {"t_ms":1790666163420,"test":"conc","trial":11,"copy":"dma","cfg":"2xh2d/ser","legs":2,"bytes_per_leg":2097152,"leg_ns":[561096,567174],"wall_ns":570033,"stream_errors":0,"mb":1,"cmds_per_leg":2,"elements":0}
PCIE {"t_ms":1790666163421,"test":"conc","trial":11,"copy":"dma","cfg":"h2d","legs":1,"bytes_per_leg":2097152,"leg_ns":[411369],"wall_ns":413138,"stream_errors":0,"mb":1,"cmds_per_leg":2,"elements":0}
PCIE {"t_ms":1790666163421,"test":"conc","trial":11,"copy":"dma","cfg":"d2h","legs":1,"bytes_per_leg":2097152,"leg_ns":[571179],"wall_ns":574065,"stream_errors":0,"mb":1,"cmds_per_leg":2,"elements":0}
PCIE {"t_ms":1790666163422,"test":"conc","trial":11,"copy":"dma","cfg":"d2h/ser","legs":1,"bytes_per_leg":2097152,"leg_ns":[311801],"wall_ns":313536,"stream_errors":0,"mb":1,"cmds_per_leg":2,"elements":0}
PCIE {"t_ms":1790666163422,"test":"conc","trial":11,"copy":"dma","cfg":"h2d/ser","legs":1,"bytes_per_leg":2097152,"leg_ns":[298119],"wall_ns":300474,"stream_errors":0,"mb":1,"cmds_per_leg":2,"elements":0}
PCIE {"t_ms":1790666163422,"test":"conc","trial":12,"copy":"dma","cfg":"h2d","legs":1,"bytes_per_leg":2097152,"leg_ns":[480031],"wall_ns":482959,"stream_errors":0,"mb":1,"cmds_per_leg":2,"elements":0}
PCIE {"t_ms":1790666163423,"test":"conc","trial":12,"copy":"dma","cfg":"d2h","legs":1,"bytes_per_leg":2097152,"leg_ns":[313413],"wall_ns":316065,"stream_errors":0,"mb":1,"cmds_per_leg":2,"elements":0}
PCIE {"t_ms":1790666163423,"test":"conc","trial":12,"copy":"dma","cfg":"2xh2d/ser","legs":2,"bytes_per_leg":2097152,"leg_ns":[411287,472278],"wall_ns":475026,"stream_errors":0,"mb":1,"cmds_per_leg":2,"elements":0}
PCIE {"t_ms":1790666163423,"test":"conc","trial":12,"copy":"dma","cfg":"d2h/ser","legs":1,"bytes_per_leg":2097152,"leg_ns":[210530],"wall_ns":213239,"stream_errors":0,"mb":1,"cmds_per_leg":2,"elements":0}
PCIE {"t_ms":1790666163424,"test":"conc","trial":12,"copy":"dma","cfg":"h2d/ser","legs":1,"bytes_per_leg":2097152,"leg_ns":[305873],"wall_ns":308597,"stream_errors":0,"mb":1,"cmds_per_leg":2,"elements":0}
PCIE {"t_ms":1790666163424,"test":"conc","trial":13,"copy":"dma","cfg":"d2h","legs":1,"bytes_per_leg":2097152,"leg_ns":[319080],"wall_ns":321891,"stream_errors":0,"mb":1,"cmds_per_leg":2,"elements":0}
PCIE {"t_ms":1790666163425,"test":"conc","trial":13,"copy":"dma","cfg":"h2d","legs":1,"bytes_per_leg":2097152,"leg_ns":[409075],"wall_ns":410814,"stream_errors":0,"mb":1,"cmds_per_leg":2,"elements":0}
PCIE {"t_ms":1790666163425,"test":"conc","trial":13,"copy":"dma","cfg":"2xh2d/ser","legs":2,"bytes_per_leg":2097152,"leg_ns":[562991,562078],"wall_ns":564824,"stream_errors":0,"mb":1,"cmds_per_leg":2,"elements":0}
PCIE {"t_ms":1790666163425,"test":"conc","trial":13,"copy":"dma","cfg":"d2h/ser","legs":1,"bytes_per_leg":2097152,"leg_ns":[280297],"wall_ns":283009,"stream_errors":0,"mb":1,"cmds_per_leg":2,"elements":0}
PCIE {"t_ms":1790666163426,"test":"conc","trial":13,"copy":"dma","cfg":"h2d/ser","legs":1,"bytes_per_leg":2097152,"leg_ns":[297585],"wall_ns":300310,"stream_errors":0,"mb":1,"cmds_per_leg":2,"elements":0}
PCIE {"t_ms":1790666163426,"test":"conc","trial":14,"copy":"dma","cfg":"2xh2d/ser","legs":2,"bytes_per_leg":2097152,"leg_ns":[313216,419756],"wall_ns":422574,"stream_errors":0,"mb":1,"cmds_per_leg":2,"elements":0}
PCIE {"t_ms":1790666163426,"test":"conc","trial":14,"copy":"dma","cfg":"d2h","legs":1,"bytes_per_leg":2097152,"leg_ns":[319263],"wall_ns":321750,"stream_errors":0,"mb":1,"cmds_per_leg":2,"elements":0}
PCIE {"t_ms":1790666163427,"test":"conc","trial":14,"copy":"dma","cfg":"d2h/ser","legs":1,"bytes_per_leg":2097152,"leg_ns":[201758],"wall_ns":204641,"stream_errors":0,"mb":1,"cmds_per_leg":2,"elements":0}
PCIE {"t_ms":1790666163427,"test":"conc","trial":14,"copy":"dma","cfg":"h2d","legs":1,"bytes_per_leg":2097152,"leg_ns":[408095],"wall_ns":410639,"stream_errors":0,"mb":1,"cmds_per_leg":2,"elements":0}
PCIE {"t_ms":1790666163427,"test":"conc","trial":14,"copy":"dma","cfg":"h2d/ser","legs":1,"bytes_per_leg":2097152,"leg_ns":[313543],"wall_ns":316244,"stream_errors":0,"mb":1,"cmds_per_leg":2,"elements":0}
PCIE {"t_ms":1790666163428,"test":"conc","trial":15,"copy":"dma","cfg":"d2h","legs":1,"bytes_per_leg":2097152,"leg_ns":[312552],"wall_ns":315416,"stream_errors":0,"mb":1,"cmds_per_leg":2,"elements":0}
PCIE {"t_ms":1790666163428,"test":"conc","trial":15,"copy":"dma","cfg":"h2d/ser","legs":1,"bytes_per_leg":2097152,"leg_ns":[305337],"wall_ns":308218,"stream_errors":0,"mb":1,"cmds_per_leg":2,"elements":0}
PCIE {"t_ms":1790666163428,"test":"conc","trial":15,"copy":"dma","cfg":"h2d","legs":1,"bytes_per_leg":2097152,"leg_ns":[363807],"wall_ns":366656,"stream_errors":0,"mb":1,"cmds_per_leg":2,"elements":0}
PCIE {"t_ms":1790666163429,"test":"conc","trial":15,"copy":"dma","cfg":"2xh2d/ser","legs":2,"bytes_per_leg":2097152,"leg_ns":[413932,414588],"wall_ns":416306,"stream_errors":0,"mb":1,"cmds_per_leg":2,"elements":0}
PCIE {"t_ms":1790666163429,"test":"conc","trial":15,"copy":"dma","cfg":"d2h/ser","legs":1,"bytes_per_leg":2097152,"leg_ns":[559772],"wall_ns":562779,"stream_errors":0,"mb":1,"cmds_per_leg":2,"elements":0}
PCIE {"t_ms":1790666163430,"test":"conc","trial":16,"copy":"dma","cfg":"d2h","legs":1,"bytes_per_leg":2097152,"leg_ns":[312100],"wall_ns":314712,"stream_errors":0,"mb":1,"cmds_per_leg":2,"elements":0}
PCIE {"t_ms":1790666163430,"test":"conc","trial":16,"copy":"dma","cfg":"d2h/ser","legs":1,"bytes_per_leg":2097152,"leg_ns":[203639],"wall_ns":206504,"stream_errors":0,"mb":1,"cmds_per_leg":2,"elements":0}
PCIE {"t_ms":1790666163430,"test":"conc","trial":16,"copy":"dma","cfg":"2xh2d/ser","legs":2,"bytes_per_leg":2097152,"leg_ns":[376753,481611],"wall_ns":484095,"stream_errors":0,"mb":1,"cmds_per_leg":2,"elements":0}
PCIE {"t_ms":1790666163431,"test":"conc","trial":16,"copy":"dma","cfg":"h2d/ser","legs":1,"bytes_per_leg":2097152,"leg_ns":[309695],"wall_ns":312674,"stream_errors":0,"mb":1,"cmds_per_leg":2,"elements":0}
PCIE {"t_ms":1790666163431,"test":"conc","trial":16,"copy":"dma","cfg":"h2d","legs":1,"bytes_per_leg":2097152,"leg_ns":[410941],"wall_ns":414014,"stream_errors":0,"mb":1,"cmds_per_leg":2,"elements":0}
PCIE {"t_ms":1790666163432,"test":"conc","trial":17,"copy":"dma","cfg":"2xh2d/ser","legs":2,"bytes_per_leg":2097152,"leg_ns":[376765,482724],"wall_ns":485765,"stream_errors":0,"mb":1,"cmds_per_leg":2,"elements":0}
PCIE {"t_ms":1790666163432,"test":"conc","trial":17,"copy":"dma","cfg":"d2h","legs":1,"bytes_per_leg":2097152,"leg_ns":[308016],"wall_ns":310750,"stream_errors":0,"mb":1,"cmds_per_leg":2,"elements":0}
PCIE {"t_ms":1790666163432,"test":"conc","trial":17,"copy":"dma","cfg":"h2d","legs":1,"bytes_per_leg":2097152,"leg_ns":[506017],"wall_ns":509310,"stream_errors":0,"mb":1,"cmds_per_leg":2,"elements":0}
PCIE {"t_ms":1790666163433,"test":"conc","trial":17,"copy":"dma","cfg":"h2d/ser","legs":1,"bytes_per_leg":2097152,"leg_ns":[310210],"wall_ns":312679,"stream_errors":0,"mb":1,"cmds_per_leg":2,"elements":0}
PCIE {"t_ms":1790666163433,"test":"conc","trial":17,"copy":"dma","cfg":"d2h/ser","legs":1,"bytes_per_leg":2097152,"leg_ns":[213743],"wall_ns":216818,"stream_errors":0,"mb":1,"cmds_per_leg":2,"elements":0}
PCIE {"t_ms":1790666163433,"test":"conc","trial":18,"copy":"dma","cfg":"h2d","legs":1,"bytes_per_leg":2097152,"leg_ns":[403754],"wall_ns":406736,"stream_errors":0,"mb":1,"cmds_per_leg":2,"elements":0}
PCIE {"t_ms":1790666163434,"test":"conc","trial":18,"copy":"dma","cfg":"h2d/ser","legs":1,"bytes_per_leg":2097152,"leg_ns":[309671],"wall_ns":312696,"stream_errors":0,"mb":1,"cmds_per_leg":2,"elements":0}
PCIE {"t_ms":1790666163434,"test":"conc","trial":18,"copy":"dma","cfg":"2xh2d/ser","legs":2,"bytes_per_leg":2097152,"leg_ns":[311382,419375],"wall_ns":422051,"stream_errors":0,"mb":1,"cmds_per_leg":2,"elements":0}
PCIE {"t_ms":1790666163434,"test":"conc","trial":18,"copy":"dma","cfg":"d2h/ser","legs":1,"bytes_per_leg":2097152,"leg_ns":[274892],"wall_ns":278010,"stream_errors":0,"mb":1,"cmds_per_leg":2,"elements":0}
PCIE {"t_ms":1790666163435,"test":"conc","trial":18,"copy":"dma","cfg":"d2h","legs":1,"bytes_per_leg":2097152,"leg_ns":[305469],"wall_ns":308245,"stream_errors":0,"mb":1,"cmds_per_leg":2,"elements":0}
PCIE {"t_ms":1790666163435,"test":"conc","trial":19,"copy":"dma","cfg":"h2d/ser","legs":1,"bytes_per_leg":2097152,"leg_ns":[301781],"wall_ns":304722,"stream_errors":0,"mb":1,"cmds_per_leg":2,"elements":0}
PCIE {"t_ms":1790666163435,"test":"conc","trial":19,"copy":"dma","cfg":"d2h","legs":1,"bytes_per_leg":2097152,"leg_ns":[272029],"wall_ns":274573,"stream_errors":0,"mb":1,"cmds_per_leg":2,"elements":0}
PCIE {"t_ms":1790666163436,"test":"conc","trial":19,"copy":"dma","cfg":"2xh2d/ser","legs":2,"bytes_per_leg":2097152,"leg_ns":[305705,414391],"wall_ns":416791,"stream_errors":0,"mb":1,"cmds_per_leg":2,"elements":0}
PCIE {"t_ms":1790666163436,"test":"conc","trial":19,"copy":"dma","cfg":"h2d","legs":1,"bytes_per_leg":2097152,"leg_ns":[408218],"wall_ns":410007,"stream_errors":0,"mb":1,"cmds_per_leg":2,"elements":0}
PCIE {"t_ms":1790666163437,"test":"conc","trial":19,"copy":"dma","cfg":"d2h/ser","legs":1,"bytes_per_leg":2097152,"leg_ns":[564334],"wall_ns":566541,"stream_errors":0,"mb":1,"cmds_per_leg":2,"elements":0}
PCIE {"t_ms":1790666163437,"test":"conc","trial":20,"copy":"dma","cfg":"2xh2d/ser","legs":2,"bytes_per_leg":2097152,"leg_ns":[407786,512731],"wall_ns":515562,"stream_errors":0,"mb":1,"cmds_per_leg":2,"elements":0}
PCIE {"t_ms":1790666163438,"test":"conc","trial":20,"copy":"dma","cfg":"h2d","legs":1,"bytes_per_leg":2097152,"leg_ns":[469120],"wall_ns":471850,"stream_errors":0,"mb":1,"cmds_per_leg":2,"elements":0}
PCIE {"t_ms":1790666163438,"test":"conc","trial":20,"copy":"dma","cfg":"d2h/ser","legs":1,"bytes_per_leg":2097152,"leg_ns":[211397],"wall_ns":214090,"stream_errors":0,"mb":1,"cmds_per_leg":2,"elements":0}
PCIE {"t_ms":1790666163438,"test":"conc","trial":20,"copy":"dma","cfg":"h2d/ser","legs":1,"bytes_per_leg":2097152,"leg_ns":[304835],"wall_ns":307767,"stream_errors":0,"mb":1,"cmds_per_leg":2,"elements":0}
PCIE {"t_ms":1790666163438,"test":"conc","trial":20,"copy":"dma","cfg":"d2h","legs":1,"bytes_per_leg":2097152,"leg_ns":[277254],"wall_ns":279305,"stream_errors":0,"mb":1,"cmds_per_leg":2,"elements":0}
PCIE {"t_ms":1790666163439,"test":"conc","trial":21,"copy":"dma","cfg":"h2d/ser","legs":1,"bytes_per_leg":2097152,"leg_ns":[297263],"wall_ns":300068,"stream_errors":0,"mb":1,"cmds_per_leg":2,"elements":0}
PCIE {"t_ms":1790666163439,"test":"conc","trial":21,"copy":"dma","cfg":"2xh2d/ser","legs":2,"bytes_per_leg":2097152,"leg_ns":[312224,419260],"wall_ns":421508,"stream_errors":0,"mb":1,"cmds_per_leg":2,"elements":0}
PCIE {"t_ms":1790666163439,"test":"conc","trial":21,"copy":"dma","cfg":"d2h/ser","legs":1,"bytes_per_leg":2097152,"leg_ns":[221434],"wall_ns":223334,"stream_errors":0,"mb":1,"cmds_per_leg":2,"elements":0}
PCIE {"t_ms":1790666163440,"test":"conc","trial":21,"copy":"dma","cfg":"d2h","legs":1,"bytes_per_leg":2097152,"leg_ns":[306024],"wall_ns":308874,"stream_errors":0,"mb":1,"cmds_per_leg":2,"elements":0}
PCIE {"t_ms":1790666163440,"test":"conc","trial":21,"copy":"dma","cfg":"h2d","legs":1,"bytes_per_leg":2097152,"leg_ns":[408898],"wall_ns":410829,"stream_errors":0,"mb":1,"cmds_per_leg":2,"elements":0}
PCIE {"t_ms":1790666163441,"test":"conc","trial":22,"copy":"dma","cfg":"2xh2d/ser","legs":2,"bytes_per_leg":2097152,"leg_ns":[562161,562917],"wall_ns":565752,"stream_errors":0,"mb":1,"cmds_per_leg":2,"elements":0}
PCIE {"t_ms":1790666163441,"test":"conc","trial":22,"copy":"dma","cfg":"d2h","legs":1,"bytes_per_leg":2097152,"leg_ns":[315822],"wall_ns":318896,"stream_errors":0,"mb":1,"cmds_per_leg":2,"elements":0}
PCIE {"t_ms":1790666163441,"test":"conc","trial":22,"copy":"dma","cfg":"h2d/ser","legs":1,"bytes_per_leg":2097152,"leg_ns":[302863],"wall_ns":306038,"stream_errors":0,"mb":1,"cmds_per_leg":2,"elements":0}
PCIE {"t_ms":1790666163442,"test":"conc","trial":22,"copy":"dma","cfg":"h2d","legs":1,"bytes_per_leg":2097152,"leg_ns":[409002],"wall_ns":411972,"stream_errors":0,"mb":1,"cmds_per_leg":2,"elements":0}
PCIE {"t_ms":1790666163442,"test":"conc","trial":22,"copy":"dma","cfg":"d2h/ser","legs":1,"bytes_per_leg":2097152,"leg_ns":[215709],"wall_ns":218231,"stream_errors":0,"mb":1,"cmds_per_leg":2,"elements":0}
PCIE {"t_ms":1790666163442,"test":"conc","trial":23,"copy":"dma","cfg":"h2d/ser","legs":1,"bytes_per_leg":2097152,"leg_ns":[265096],"wall_ns":268337,"stream_errors":0,"mb":1,"cmds_per_leg":2,"elements":0}
PCIE {"t_ms":1790666163443,"test":"conc","trial":23,"copy":"dma","cfg":"h2d","legs":1,"bytes_per_leg":2097152,"leg_ns":[408731],"wall_ns":411454,"stream_errors":0,"mb":1,"cmds_per_leg":2,"elements":0}
PCIE {"t_ms":1790666163443,"test":"conc","trial":23,"copy":"dma","cfg":"d2h/ser","legs":1,"bytes_per_leg":2097152,"leg_ns":[560635],"wall_ns":563513,"stream_errors":0,"mb":1,"cmds_per_leg":2,"elements":0}
PCIE {"t_ms":1790666163444,"test":"conc","trial":23,"copy":"dma","cfg":"d2h","legs":1,"bytes_per_leg":2097152,"leg_ns":[319674],"wall_ns":322731,"stream_errors":0,"mb":1,"cmds_per_leg":2,"elements":0}
PCIE {"t_ms":1790666163444,"test":"conc","trial":23,"copy":"dma","cfg":"2xh2d/ser","legs":2,"bytes_per_leg":2097152,"leg_ns":[401166,401906],"wall_ns":404524,"stream_errors":0,"mb":1,"cmds_per_leg":2,"elements":0}
PCIE {"t_ms":1790666163445,"test":"conc","trial":24,"copy":"dma","cfg":"h2d","legs":1,"bytes_per_leg":2097152,"leg_ns":[554593],"wall_ns":557539,"stream_errors":0,"mb":1,"cmds_per_leg":2,"elements":0}
PCIE {"t_ms":1790666163445,"test":"conc","trial":24,"copy":"dma","cfg":"d2h/ser","legs":1,"bytes_per_leg":2097152,"leg_ns":[215888],"wall_ns":219004,"stream_errors":0,"mb":1,"cmds_per_leg":2,"elements":0}
PCIE {"t_ms":1790666163445,"test":"conc","trial":24,"copy":"dma","cfg":"h2d/ser","legs":1,"bytes_per_leg":2097152,"leg_ns":[297310],"wall_ns":300487,"stream_errors":0,"mb":1,"cmds_per_leg":2,"elements":0}
PCIE {"t_ms":1790666163445,"test":"conc","trial":24,"copy":"dma","cfg":"d2h","legs":1,"bytes_per_leg":2097152,"leg_ns":[316549],"wall_ns":319554,"stream_errors":0,"mb":1,"cmds_per_leg":2,"elements":0}
PCIE {"t_ms":1790666163446,"test":"conc","trial":24,"copy":"dma","cfg":"2xh2d/ser","legs":2,"bytes_per_leg":2097152,"leg_ns":[400051,399274],"wall_ns":402000,"stream_errors":0,"mb":1,"cmds_per_leg":2,"elements":0}
PCIE {"t_ms":1790666163446,"test":"done","which":"conc","elapsed_s":0.230452}
