PCIE {"t_ms":1790666179737,"test":"open","open_ns":179098808,"src":"PCIEBENCH_SRC_SHA256 main=27b7ed06330c4bae26cd24be189cdac0d67432cb52b1e8c7fca1116abda1aa5f args=8ae69bd7d46097957b638ff4c6630eb3e66d3cb0654b77d3bf55f3336c61c508 touch=92180a93c6dae0a1dce8c379156f827bd6588115777499dc45e64bf606b46ec0","link":[{"bdf":"0000:02:00.0","speed":"16.0 GT/s PCIe","width":"8","max_speed":"16.0 GT/s PCIe","max_width":"8","cma_allocated":"2057 MB"}]}
PCIE {"t_ms":1790666179745,"test":"conc","trial":0,"copy":"dma","cfg":"d2h/ser","legs":1,"bytes_per_leg":8388608,"leg_ns":[986580],"wall_ns":988519,"stream_errors":0,"mb":4,"cmds_per_leg":2,"elements":8}
PCIE {"t_ms":1790666179746,"test":"conc","trial":0,"copy":"dma","cfg":"2xh2d/ser","legs":2,"bytes_per_leg":8388608,"leg_ns":[1313250,1704926],"wall_ns":1706649,"stream_errors":0,"mb":4,"cmds_per_leg":2,"elements":8}
PCIE {"t_ms":1790666179747,"test":"conc","trial":0,"copy":"dma","cfg":"h2d/ser","legs":1,"bytes_per_leg":8388608,"leg_ns":[861935],"wall_ns":863636,"stream_errors":0,"mb":4,"cmds_per_leg":2,"elements":8}
PCIE {"t_ms":1790666179749,"test":"conc","trial":0,"copy":"dma","cfg":"h2d","legs":1,"bytes_per_leg":8388608,"leg_ns":[1435424],"wall_ns":1437168,"stream_errors":0,"mb":4,"cmds_per_leg":2,"elements":8}
PCIE {"t_ms":1790666179750,"test":"conc","trial":0,"copy":"dma","cfg":"d2h","legs":1,"bytes_per_leg":8388608,"leg_ns":[920585],"wall_ns":923385,"stream_errors":0,"mb":4,"cmds_per_leg":2,"elements":8}
PCIE {"t_ms":1790666179751,"test":"conc","trial":1,"copy":"dma","cfg":"h2d/ser","legs":1,"bytes_per_leg":8388608,"leg_ns":[858286],"wall_ns":860045,"stream_errors":0,"mb":4,"cmds_per_leg":2,"elements":8}
PCIE {"t_ms":1790666179752,"test":"conc","trial":1,"copy":"dma","cfg":"h2d","legs":1,"bytes_per_leg":8388608,"leg_ns":[1532464],"wall_ns":1535685,"stream_errors":0,"mb":4,"cmds_per_leg":2,"elements":8}
PCIE {"t_ms":1790666179754,"test":"conc","trial":1,"copy":"dma","cfg":"2xh2d/ser","legs":2,"bytes_per_leg":8388608,"leg_ns":[1122712,1534591],"wall_ns":1536340,"stream_errors":0,"mb":4,"cmds_per_leg":2,"elements":8}
PCIE {"t_ms":1790666179754,"test":"conc","trial":1,"copy":"dma","cfg":"d2h/ser","legs":1,"bytes_per_leg":8388608,"leg_ns":[804737],"wall_ns":806824,"stream_errors":0,"mb":4,"cmds_per_leg":2,"elements":8}
PCIE {"t_ms":1790666179755,"test":"conc","trial":1,"copy":"dma","cfg":"d2h","legs":1,"bytes_per_leg":8388608,"leg_ns":[937903],"wall_ns":939659,"stream_errors":0,"mb":4,"cmds_per_leg":2,"elements":8}
PCIE {"t_ms":1790666179757,"test":"conc","trial":2,"copy":"dma","cfg":"h2d","legs":1,"bytes_per_leg":8388608,"leg_ns":[1448834],"wall_ns":1450614,"stream_errors":0,"mb":4,"cmds_per_leg":2,"elements":8}
PCIE {"t_ms":1790666179758,"test":"conc","trial":2,"copy":"dma","cfg":"h2d/ser","legs":1,"bytes_per_leg":8388608,"leg_ns":[863699],"wall_ns":865483,"stream_errors":0,"mb":4,"cmds_per_leg":2,"elements":8}
PCIE {"t_ms":1790666179759,"test":"conc","trial":2,"copy":"dma","cfg":"d2h","legs":1,"bytes_per_leg":8388608,"leg_ns":[883445],"wall_ns":885243,"stream_errors":0,"mb":4,"cmds_per_leg":2,"elements":8}
PCIE {"t_ms":1790666179759,"test":"conc","trial":2,"copy":"dma","cfg":"d2h/ser","legs":1,"bytes_per_leg":8388608,"leg_ns":[788359],"wall_ns":790084,"stream_errors":0,"mb":4,"cmds_per_leg":2,"elements":8}
PCIE {"t_ms":1790666179761,"test":"conc","trial":2,"copy":"dma","cfg":"2xh2d/ser","legs":2,"bytes_per_leg":8388608,"leg_ns":[1217452,1527376],"wall_ns":1529159,"stream_errors":0,"mb":4,"cmds_per_leg":2,"elements":8}
PCIE {"t_ms":1790666179762,"test":"conc","trial":3,"copy":"dma","cfg":"d2h/ser","legs":1,"bytes_per_leg":8388608,"leg_ns":[829279],"wall_ns":831027,"stream_errors":0,"mb":4,"cmds_per_leg":2,"elements":8}
PCIE {"t_ms":1790666179763,"test":"conc","trial":3,"copy":"dma","cfg":"h2d/ser","legs":1,"bytes_per_leg":8388608,"leg_ns":[868378],"wall_ns":870154,"stream_errors":0,"mb":4,"cmds_per_leg":2,"elements":8}
PCIE {"t_ms":1790666179764,"test":"conc","trial":3,"copy":"dma","cfg":"2xh2d/ser","legs":2,"bytes_per_leg":8388608,"leg_ns":[1172060,1580655],"wall_ns":1582421,"stream_errors":0,"mb":4,"cmds_per_leg":2,"elements":8}
PCIE {"t_ms":1790666179766,"test":"conc","trial":3,"copy":"dma","cfg":"h2d","legs":1,"bytes_per_leg":8388608,"leg_ns":[1471206],"wall_ns":1473025,"stream_errors":0,"mb":4,"cmds_per_leg":2,"elements":8}
PCIE {"t_ms":1790666179767,"test":"conc","trial":3,"copy":"dma","cfg":"d2h","legs":1,"bytes_per_leg":8388608,"leg_ns":[849126],"wall_ns":850918,"stream_errors":0,"mb":4,"cmds_per_leg":2,"elements":8}
PCIE {"t_ms":1790666179768,"test":"conc","trial":4,"copy":"dma","cfg":"2xh2d/ser","legs":2,"bytes_per_leg":8388608,"leg_ns":[1177734,1486497],"wall_ns":1488329,"stream_errors":0,"mb":4,"cmds_per_leg":2,"elements":8}
PCIE {"t_ms":1790666179770,"test":"conc","trial":4,"copy":"dma","cfg":"h2d","legs":1,"bytes_per_leg":8388608,"leg_ns":[1478030],"wall_ns":1479813,"stream_errors":0,"mb":4,"cmds_per_leg":2,"elements":8}
PCIE {"t_ms":1790666179770,"test":"conc","trial":4,"copy":"dma","cfg":"d2h/ser","legs":1,"bytes_per_leg":8388608,"leg_ns":[688010],"wall_ns":690113,"stream_errors":0,"mb":4,"cmds_per_leg":2,"elements":8}
PCIE {"t_ms":1790666179771,"test":"conc","trial":4,"copy":"dma","cfg":"h2d/ser","legs":1,"bytes_per_leg":8388608,"leg_ns":[806687],"wall_ns":808450,"stream_errors":0,"mb":4,"cmds_per_leg":2,"elements":8}
PCIE {"t_ms":1790666179772,"test":"conc","trial":4,"copy":"dma","cfg":"d2h","legs":1,"bytes_per_leg":8388608,"leg_ns":[937369],"wall_ns":939453,"stream_errors":0,"mb":4,"cmds_per_leg":2,"elements":8}
PCIE {"t_ms":1790666179774,"test":"conc","trial":5,"copy":"dma","cfg":"2xh2d/ser","legs":2,"bytes_per_leg":8388608,"leg_ns":[1161640,1540282],"wall_ns":1542278,"stream_errors":0,"mb":4,"cmds_per_leg":2,"elements":8}
PCIE {"t_ms":1790666179774,"test":"conc","trial":5,"copy":"dma","cfg":"d2h/ser","legs":1,"bytes_per_leg":8388608,"leg_ns":[681069],"wall_ns":684331,"stream_errors":0,"mb":4,"cmds_per_leg":2,"elements":8}
PCIE {"t_ms":1790666179775,"test":"conc","trial":5,"copy":"dma","cfg":"d2h","legs":1,"bytes_per_leg":8388608,"leg_ns":[836076],"wall_ns":837918,"stream_errors":0,"mb":4,"cmds_per_leg":2,"elements":8}
PCIE {"t_ms":1790666179777,"test":"conc","trial":5,"copy":"dma","cfg":"h2d","legs":1,"bytes_per_leg":8388608,"leg_ns":[1462601],"wall_ns":1464392,"stream_errors":0,"mb":4,"cmds_per_leg":2,"elements":8}
PCIE {"t_ms":1790666179777,"test":"conc","trial":5,"copy":"dma","cfg":"h2d/ser","legs":1,"bytes_per_leg":8388608,"leg_ns":[762554],"wall_ns":764413,"stream_errors":0,"mb":4,"cmds_per_leg":2,"elements":8}
PCIE {"t_ms":1790666179778,"test":"conc","trial":6,"copy":"dma","cfg":"d2h/ser","legs":1,"bytes_per_leg":8388608,"leg_ns":[780822],"wall_ns":782608,"stream_errors":0,"mb":4,"cmds_per_leg":2,"elements":8}
PCIE {"t_ms":1790666179780,"test":"conc","trial":6,"copy":"dma","cfg":"h2d","legs":1,"bytes_per_leg":8388608,"leg_ns":[1422177],"wall_ns":1424070,"stream_errors":0,"mb":4,"cmds_per_leg":2,"elements":8}
PCIE {"t_ms":1790666179780,"test":"conc","trial":6,"copy":"dma","cfg":"d2h","legs":1,"bytes_per_leg":8388608,"leg_ns":[846201],"wall_ns":847933,"stream_errors":0,"mb":4,"cmds_per_leg":2,"elements":8}
PCIE {"t_ms":1790666179781,"test":"conc","trial":6,"copy":"dma","cfg":"h2d/ser","legs":1,"bytes_per_leg":8388608,"leg_ns":[793484],"wall_ns":795619,"stream_errors":0,"mb":4,"cmds_per_leg":2,"elements":8}
PCIE {"t_ms":1790666179783,"test":"conc","trial":6,"copy":"dma","cfg":"2xh2d/ser","legs":2,"bytes_per_leg":8388608,"leg_ns":[1159934,1470677],"wall_ns":1472496,"stream_errors":0,"mb":4,"cmds_per_leg":2,"elements":8}
PCIE {"t_ms":1790666179784,"test":"conc","trial":7,"copy":"dma","cfg":"h2d","legs":1,"bytes_per_leg":8388608,"leg_ns":[1477257],"wall_ns":1479130,"stream_errors":0,"mb":4,"cmds_per_leg":2,"elements":8}
PCIE {"t_ms":1790666179785,"test":"conc","trial":7,"copy":"dma","cfg":"h2d/ser","legs":1,"bytes_per_leg":8388608,"leg_ns":[757639],"wall_ns":759380,"stream_errors":0,"mb":4,"cmds_per_leg":2,"elements":8}
PCIE {"t_ms":1790666179786,"test":"conc","trial":7,"copy":"dma","cfg":"d2h","legs":1,"bytes_per_leg":8388608,"leg_ns":[781189],"wall_ns":782973,"stream_errors":0,"mb":4,"cmds_per_leg":2,"elements":8}
PCIE {"t_ms":1790666179786,"test":"conc","trial":7,"copy":"dma","cfg":"d2h/ser","legs":1,"bytes_per_leg":8388608,"leg_ns":[739963],"wall_ns":741817,"stream_errors":0,"mb":4,"cmds_per_leg":2,"elements":8}
PCIE {"t_ms":1790666179788,"test":"conc","trial":7,"copy":"dma","cfg":"2xh2d/ser","legs":2,"bytes_per_leg":8388608,"leg_ns":[1109785,1522505],"wall_ns":1524331,"stream_errors":0,"mb":4,"cmds_per_leg":2,"elements":8}
PCIE {"t_ms":1790666179789,"test":"conc","trial":8,"copy":"dma","cfg":"2xh2d/ser","legs":2,"bytes_per_leg":8388608,"leg_ns":[1171928,1473746],"wall_ns":1475518,"stream_errors":0,"mb":4,"cmds_per_leg":2,"elements":8}
PCIE {"t_ms":1790666179790,"test":"conc","trial":8,"copy":"dma","cfg":"h2d/ser","legs":1,"bytes_per_leg":8388608,"leg_ns":[759999],"wall_ns":761788,"stream_errors":0,"mb":4,"cmds_per_leg":2,"elements":8}
PCIE {"t_ms":1790666179792,"test":"conc","trial":8,"copy":"dma","cfg":"h2d","legs":1,"bytes_per_leg":8388608,"leg_ns":[1439179],"wall_ns":1441915,"stream_errors":0,"mb":4,"cmds_per_leg":2,"elements":8}
PCIE {"t_ms":1790666179792,"test":"conc","trial":8,"copy":"dma","cfg":"d2h/ser","legs":1,"bytes_per_leg":8388608,"leg_ns":[787723],"wall_ns":789487,"stream_errors":0,"mb":4,"cmds_per_leg":2,"elements":8}
PCIE {"t_ms":1790666179793,"test":"conc","trial":8,"copy":"dma","cfg":"d2h","legs":1,"bytes_per_leg":8388608,"leg_ns":[824375],"wall_ns":827257,"stream_errors":0,"mb":4,"cmds_per_leg":2,"elements":8}
PCIE {"t_ms":1790666179794,"test":"conc","trial":9,"copy":"dma","cfg":"d2h/ser","legs":1,"bytes_per_leg":8388608,"leg_ns":[715267],"wall_ns":716991,"stream_errors":0,"mb":4,"cmds_per_leg":2,"elements":8}
PCIE {"t_ms":1790666179795,"test":"conc","trial":9,"copy":"dma","cfg":"h2d","legs":1,"bytes_per_leg":8388608,"leg_ns":[1434901],"wall_ns":1436915,"stream_errors":0,"mb":4,"cmds_per_leg":2,"elements":8}
PCIE {"t_ms":1790666179796,"test":"conc","trial":9,"copy":"dma","cfg":"h2d/ser","legs":1,"bytes_per_leg":8388608,"leg_ns":[759234],"wall_ns":761020,"stream_errors":0,"mb":4,"cmds_per_leg":2,"elements":8}
PCIE {"t_ms":1790666179798,"test":"conc","trial":9,"copy":"dma","cfg":"2xh2d/ser","legs":2,"bytes_per_leg":8388608,"leg_ns":[1139139,1450196],"wall_ns":1451999,"stream_errors":0,"mb":4,"cmds_per_leg":2,"elements":8}
PCIE {"t_ms":1790666179798,"test":"conc","trial":9,"copy":"dma","cfg":"d2h","legs":1,"bytes_per_leg":8388608,"leg_ns":[775468],"wall_ns":778140,"stream_errors":0,"mb":4,"cmds_per_leg":2,"elements":8}
PCIE {"t_ms":1790666179799,"test":"conc","trial":10,"copy":"dma","cfg":"h2d/ser","legs":1,"bytes_per_leg":8388608,"leg_ns":[795972],"wall_ns":797759,"stream_errors":0,"mb":4,"cmds_per_leg":2,"elements":8}
PCIE {"t_ms":1790666179801,"test":"conc","trial":10,"copy":"dma","cfg":"h2d","legs":1,"bytes_per_leg":8388608,"leg_ns":[1477339],"wall_ns":1480133,"stream_errors":0,"mb":4,"cmds_per_leg":2,"elements":8}
PCIE {"t_ms":1790666179802,"test":"conc","trial":10,"copy":"dma","cfg":"d2h/ser","legs":1,"bytes_per_leg":8388608,"leg_ns":[747144],"wall_ns":750128,"stream_errors":0,"mb":4,"cmds_per_leg":2,"elements":8}
PCIE {"t_ms":1790666179802,"test":"conc","trial":10,"copy":"dma","cfg":"d2h","legs":1,"bytes_per_leg":8388608,"leg_ns":[793569],"wall_ns":796562,"stream_errors":0,"mb":4,"cmds_per_leg":2,"elements":8}
PCIE {"t_ms":1790666179804,"test":"conc","trial":10,"copy":"dma","cfg":"2xh2d/ser","legs":2,"bytes_per_leg":8388608,"leg_ns":[1118481,1429422],"wall_ns":1432704,"stream_errors":0,"mb":4,"cmds_per_leg":2,"elements":8}
PCIE {"t_ms":1790666179805,"test":"conc","trial":11,"copy":"dma","cfg":"2xh2d/ser","legs":2,"bytes_per_leg":8388608,"leg_ns":[1146704,1457335],"wall_ns":1460611,"stream_errors":0,"mb":4,"cmds_per_leg":2,"elements":8}
PCIE {"t_ms":1790666179807,"test":"conc","trial":11,"copy":"dma","cfg":"h2d","legs":1,"bytes_per_leg":8388608,"leg_ns":[1471839],"wall_ns":1474919,"stream_errors":0,"mb":4,"cmds_per_leg":2,"elements":8}
PCIE {"t_ms":1790666179807,"test":"conc","trial":11,"copy":"dma","cfg":"d2h","legs":1,"bytes_per_leg":8388608,"leg_ns":[774702],"wall_ns":777720,"stream_errors":0,"mb":4,"cmds_per_leg":2,"elements":8}
PCIE {"t_ms":1790666179808,"test":"conc","trial":11,"copy":"dma","cfg":"d2h/ser","legs":1,"bytes_per_leg":8388608,"leg_ns":[734117],"wall_ns":735868,"stream_errors":0,"mb":4,"cmds_per_leg":2,"elements":8}
PCIE {"t_ms":1790666179809,"test":"conc","trial":11,"copy":"dma","cfg":"h2d/ser","legs":1,"bytes_per_leg":8388608,"leg_ns":[780047],"wall_ns":781798,"stream_errors":0,"mb":4,"cmds_per_leg":2,"elements":8}
PCIE {"t_ms":1790666179810,"test":"conc","trial":12,"copy":"dma","cfg":"h2d","legs":1,"bytes_per_leg":8388608,"leg_ns":[1482136],"wall_ns":1484002,"stream_errors":0,"mb":4,"cmds_per_leg":2,"elements":8}
PCIE {"t_ms":1790666179811,"test":"conc","trial":12,"copy":"dma","cfg":"d2h","legs":1,"bytes_per_leg":8388608,"leg_ns":[800741],"wall_ns":803280,"stream_errors":0,"mb":4,"cmds_per_leg":2,"elements":8}
PCIE {"t_ms":1790666179813,"test":"conc","trial":12,"copy":"dma","cfg":"2xh2d/ser","legs":2,"bytes_per_leg":8388608,"leg_ns":[1185093,1493846],"wall_ns":1495666,"stream_errors":0,"mb":4,"cmds_per_leg":2,"elements":8}
PCIE {"t_ms":1790666179813,"test":"conc","trial":12,"copy":"dma","cfg":"d2h/ser","legs":1,"bytes_per_leg":8388608,"leg_ns":[684533],"wall_ns":687674,"stream_errors":0,"mb":4,"cmds_per_leg":2,"elements":8}
PCIE {"t_ms":1790666179814,"test":"conc","trial":12,"copy":"dma","cfg":"h2d/ser","legs":1,"bytes_per_leg":8388608,"leg_ns":[788048],"wall_ns":791071,"stream_errors":0,"mb":4,"cmds_per_leg":2,"elements":8}
PCIE {"t_ms":1790666179815,"test":"conc","trial":13,"copy":"dma","cfg":"d2h","legs":1,"bytes_per_leg":8388608,"leg_ns":[773745],"wall_ns":775576,"stream_errors":0,"mb":4,"cmds_per_leg":2,"elements":8}
PCIE {"t_ms":1790666179816,"test":"conc","trial":13,"copy":"dma","cfg":"h2d","legs":1,"bytes_per_leg":8388608,"leg_ns":[1318429],"wall_ns":1320197,"stream_errors":0,"mb":4,"cmds_per_leg":2,"elements":8}
PCIE {"t_ms":1790666179818,"test":"conc","trial":13,"copy":"dma","cfg":"2xh2d/ser","legs":2,"bytes_per_leg":8388608,"leg_ns":[1174025,1484618],"wall_ns":1486383,"stream_errors":0,"mb":4,"cmds_per_leg":2,"elements":8}
PCIE {"t_ms":1790666179819,"test":"conc","trial":13,"copy":"dma","cfg":"d2h/ser","legs":1,"bytes_per_leg":8388608,"leg_ns":[779793],"wall_ns":782805,"stream_errors":0,"mb":4,"cmds_per_leg":2,"elements":8}
PCIE {"t_ms":1790666179819,"test":"conc","trial":13,"copy":"dma","cfg":"h2d/ser","legs":1,"bytes_per_leg":8388608,"leg_ns":[815371],"wall_ns":818687,"stream_errors":0,"mb":4,"cmds_per_leg":2,"elements":8}
PCIE {"t_ms":1790666179821,"test":"conc","trial":14,"copy":"dma","cfg":"2xh2d/ser","legs":2,"bytes_per_leg":8388608,"leg_ns":[1168789,1480398],"wall_ns":1483382,"stream_errors":0,"mb":4,"cmds_per_leg":2,"elements":8}
PCIE {"t_ms":1790666179822,"test":"conc","trial":14,"copy":"dma","cfg":"d2h","legs":1,"bytes_per_leg":8388608,"leg_ns":[831806],"wall_ns":835142,"stream_errors":0,"mb":4,"cmds_per_leg":2,"elements":8}
PCIE {"t_ms":1790666179823,"test":"conc","trial":14,"copy":"dma","cfg":"d2h/ser","legs":1,"bytes_per_leg":8388608,"leg_ns":[821863],"wall_ns":823598,"stream_errors":0,"mb":4,"cmds_per_leg":2,"elements":8}
PCIE {"t_ms":1790666179824,"test":"conc","trial":14,"copy":"dma","cfg":"h2d","legs":1,"bytes_per_leg":8388608,"leg_ns":[1259639],"wall_ns":1261962,"stream_errors":0,"mb":4,"cmds_per_leg":2,"elements":8}
PCIE {"t_ms":1790666179825,"test":"conc","trial":14,"copy":"dma","cfg":"h2d/ser","legs":1,"bytes_per_leg":8388608,"leg_ns":[861339],"wall_ns":864251,"stream_errors":0,"mb":4,"cmds_per_leg":2,"elements":8}
PCIE {"t_ms":1790666179826,"test":"conc","trial":15,"copy":"dma","cfg":"d2h","legs":1,"bytes_per_leg":8388608,"leg_ns":[896067],"wall_ns":899161,"stream_errors":0,"mb":4,"cmds_per_leg":2,"elements":8}
PCIE {"t_ms":1790666179826,"test":"conc","trial":15,"copy":"dma","cfg":"h2d/ser","legs":1,"bytes_per_leg":8388608,"leg_ns":[806850],"wall_ns":809807,"stream_errors":0,"mb":4,"cmds_per_leg":2,"elements":8}
PCIE {"t_ms":1790666179828,"test":"conc","trial":15,"copy":"dma","cfg":"h2d","legs":1,"bytes_per_leg":8388608,"leg_ns":[1372699],"wall_ns":1375675,"stream_errors":0,"mb":4,"cmds_per_leg":2,"elements":8}
PCIE {"t_ms":1790666179829,"test":"conc","trial":15,"copy":"dma","cfg":"2xh2d/ser","legs":2,"bytes_per_leg":8388608,"leg_ns":[1167007,1581738],"wall_ns":1584663,"stream_errors":0,"mb":4,"cmds_per_leg":2,"elements":8}
PCIE {"t_ms":1790666179830,"test":"conc","trial":15,"copy":"dma","cfg":"d2h/ser","legs":1,"bytes_per_leg":8388608,"leg_ns":[676026],"wall_ns":677728,"stream_errors":0,"mb":4,"cmds_per_leg":2,"elements":8}
PCIE {"t_ms":1790666179831,"test":"conc","trial":16,"copy":"dma","cfg":"d2h","legs":1,"bytes_per_leg":8388608,"leg_ns":[841973],"wall_ns":845251,"stream_errors":0,"mb":4,"cmds_per_leg":2,"elements":8}
PCIE {"t_ms":1790666179832,"test":"conc","trial":16,"copy":"dma","cfg":"d2h/ser","legs":1,"bytes_per_leg":8388608,"leg_ns":[718087],"wall_ns":719816,"stream_errors":0,"mb":4,"cmds_per_leg":2,"elements":8}
PCIE {"t_ms":1790666179833,"test":"conc","trial":16,"copy":"dma","cfg":"2xh2d/ser","legs":2,"bytes_per_leg":8388608,"leg_ns":[1182249,1491785],"wall_ns":1493508,"stream_errors":0,"mb":4,"cmds_per_leg":2,"elements":8}
PCIE {"t_ms":1790666179834,"test":"conc","trial":16,"copy":"dma","cfg":"h2d/ser","legs":1,"bytes_per_leg":8388608,"leg_ns":[861862],"wall_ns":863641,"stream_errors":0,"mb":4,"cmds_per_leg":2,"elements":8}
PCIE {"t_ms":1790666179835,"test":"conc","trial":16,"copy":"dma","cfg":"h2d","legs":1,"bytes_per_leg":8388608,"leg_ns":[1379335],"wall_ns":1381168,"stream_errors":0,"mb":4,"cmds_per_leg":2,"elements":8}
PCIE {"t_ms":1790666179837,"test":"conc","trial":17,"copy":"dma","cfg":"2xh2d/ser","legs":2,"bytes_per_leg":8388608,"leg_ns":[1174119,1482936],"wall_ns":1484675,"stream_errors":0,"mb":4,"cmds_per_leg":2,"elements":8}
PCIE {"t_ms":1790666179838,"test":"conc","trial":17,"copy":"dma","cfg":"d2h","legs":1,"bytes_per_leg":8388608,"leg_ns":[777083],"wall_ns":780078,"stream_errors":0,"mb":4,"cmds_per_leg":2,"elements":8}
PCIE {"t_ms":1790666179839,"test":"conc","trial":17,"copy":"dma","cfg":"h2d","legs":1,"bytes_per_leg":8388608,"leg_ns":[1319215],"wall_ns":1322161,"stream_errors":0,"mb":4,"cmds_per_leg":2,"elements":8}
PCIE {"t_ms":1790666179840,"test":"conc","trial":17,"copy":"dma","cfg":"h2d/ser","legs":1,"bytes_per_leg":8388608,"leg_ns":[859722],"wall_ns":862969,"stream_errors":0,"mb":4,"cmds_per_leg":2,"elements":8}
PCIE {"t_ms":1790666179841,"test":"conc","trial":17,"copy":"dma","cfg":"d2h/ser","legs":1,"bytes_per_leg":8388608,"leg_ns":[676543],"wall_ns":678244,"stream_errors":0,"mb":4,"cmds_per_leg":2,"elements":8}
PCIE {"t_ms":1790666179842,"test":"conc","trial":18,"copy":"dma","cfg":"h2d","legs":1,"bytes_per_leg":8388608,"leg_ns":[1495000],"wall_ns":1496829,"stream_errors":0,"mb":4,"cmds_per_leg":2,"elements":8}
PCIE {"t_ms":1790666179843,"test":"conc","trial":18,"copy":"dma","cfg":"h2d/ser","legs":1,"bytes_per_leg":8388608,"leg_ns":[758189],"wall_ns":759912,"stream_errors":0,"mb":4,"cmds_per_leg":2,"elements":8}
PCIE {"t_ms":1790666179844,"test":"conc","trial":18,"copy":"dma","cfg":"2xh2d/ser","legs":2,"bytes_per_leg":8388608,"leg_ns":[1173924,1484168],"wall_ns":1485937,"stream_errors":0,"mb":4,"cmds_per_leg":2,"elements":8}
PCIE {"t_ms":1790666179845,"test":"conc","trial":18,"copy":"dma","cfg":"d2h/ser","legs":1,"bytes_per_leg":8388608,"leg_ns":[730154],"wall_ns":731833,"stream_errors":0,"mb":4,"cmds_per_leg":2,"elements":8}
PCIE {"t_ms":1790666179846,"test":"conc","trial":18,"copy":"dma","cfg":"d2h","legs":1,"bytes_per_leg":8388608,"leg_ns":[831607],"wall_ns":834298,"stream_errors":0,"mb":4,"cmds_per_leg":2,"elements":8}
PCIE {"t_ms":1790666179847,"test":"conc","trial":19,"copy":"dma","cfg":"h2d/ser","legs":1,"bytes_per_leg":8388608,"leg_ns":[756673],"wall_ns":760053,"stream_errors":0,"mb":4,"cmds_per_leg":2,"elements":8}
PCIE {"t_ms":1790666179847,"test":"conc","trial":19,"copy":"dma","cfg":"d2h","legs":1,"bytes_per_leg":8388608,"leg_ns":[783941],"wall_ns":785670,"stream_errors":0,"mb":4,"cmds_per_leg":2,"elements":8}
PCIE {"t_ms":1790666179849,"test":"conc","trial":19,"copy":"dma","cfg":"2xh2d/ser","legs":2,"bytes_per_leg":8388608,"leg_ns":[1205572,1513476],"wall_ns":1515258,"stream_errors":0,"mb":4,"cmds_per_leg":2,"elements":8}
PCIE {"t_ms":1790666179850,"test":"conc","trial":19,"copy":"dma","cfg":"h2d","legs":1,"bytes_per_leg":8388608,"leg_ns":[1476390],"wall_ns":1479675,"stream_errors":0,"mb":4,"cmds_per_leg":2,"elements":8}
PCIE {"t_ms":1790666179851,"test":"conc","trial":19,"copy":"dma","cfg":"d2h/ser","legs":1,"bytes_per_leg":8388608,"leg_ns":[682811],"wall_ns":685860,"stream_errors":0,"mb":4,"cmds_per_leg":2,"elements":8}
PCIE {"t_ms":1790666179853,"test":"conc","trial":20,"copy":"dma","cfg":"2xh2d/ser","legs":2,"bytes_per_leg":8388608,"leg_ns":[1200348,1511381],"wall_ns":1514239,"stream_errors":0,"mb":4,"cmds_per_leg":2,"elements":8}
PCIE {"t_ms":1790666179854,"test":"conc","trial":20,"copy":"dma","cfg":"h2d","legs":1,"bytes_per_leg":8388608,"leg_ns":[1475354],"wall_ns":1478402,"stream_errors":0,"mb":4,"cmds_per_leg":2,"elements":8}
PCIE {"t_ms":1790666179855,"test":"conc","trial":20,"copy":"dma","cfg":"d2h/ser","legs":1,"bytes_per_leg":8388608,"leg_ns":[816652],"wall_ns":819772,"stream_errors":0,"mb":4,"cmds_per_leg":2,"elements":8}
PCIE {"t_ms":1790666179856,"test":"conc","trial":20,"copy":"dma","cfg":"h2d/ser","legs":1,"bytes_per_leg":8388608,"leg_ns":[875724],"wall_ns":878627,"stream_errors":0,"mb":4,"cmds_per_leg":2,"elements":8}
PCIE {"t_ms":1790666179857,"test":"conc","trial":20,"copy":"dma","cfg":"d2h","legs":1,"bytes_per_leg":8388608,"leg_ns":[837708],"wall_ns":840702,"stream_errors":0,"mb":4,"cmds_per_leg":2,"elements":8}
PCIE {"t_ms":1790666179857,"test":"conc","trial":21,"copy":"dma","cfg":"h2d/ser","legs":1,"bytes_per_leg":8388608,"leg_ns":[752721],"wall_ns":756155,"stream_errors":0,"mb":4,"cmds_per_leg":2,"elements":8}
PCIE {"t_ms":1790666179859,"test":"conc","trial":21,"copy":"dma","cfg":"2xh2d/ser","legs":2,"bytes_per_leg":8388608,"leg_ns":[1169711,1481504],"wall_ns":1484826,"stream_errors":0,"mb":4,"cmds_per_leg":2,"elements":8}
PCIE {"t_ms":1790666179860,"test":"conc","trial":21,"copy":"dma","cfg":"d2h/ser","legs":1,"bytes_per_leg":8388608,"leg_ns":[784490],"wall_ns":787540,"stream_errors":0,"mb":4,"cmds_per_leg":2,"elements":8}
PCIE {"t_ms":1790666179861,"test":"conc","trial":21,"copy":"dma","cfg":"d2h","legs":1,"bytes_per_leg":8388608,"leg_ns":[880174],"wall_ns":882996,"stream_errors":0,"mb":4,"cmds_per_leg":2,"elements":8}
PCIE {"t_ms":1790666179862,"test":"conc","trial":21,"copy":"dma","cfg":"h2d","legs":1,"bytes_per_leg":8388608,"leg_ns":[1444661],"wall_ns":1447166,"stream_errors":0,"mb":4,"cmds_per_leg":2,"elements":8}
PCIE {"t_ms":1790666179864,"test":"conc","trial":22,"copy":"dma","cfg":"2xh2d/ser","legs":2,"bytes_per_leg":8388608,"leg_ns":[1170225,1582766],"wall_ns":1585661,"stream_errors":0,"mb":4,"cmds_per_leg":2,"elements":8}
PCIE {"t_ms":1790666179864,"test":"conc","trial":22,"copy":"dma","cfg":"d2h","legs":1,"bytes_per_leg":8388608,"leg_ns":[776176],"wall_ns":779257,"stream_errors":0,"mb":4,"cmds_per_leg":2,"elements":8}
PCIE {"t_ms":1790666179865,"test":"conc","trial":22,"copy":"dma","cfg":"h2d/ser","legs":1,"bytes_per_leg":8388608,"leg_ns":[795728],"wall_ns":798734,"stream_errors":0,"mb":4,"cmds_per_leg":2,"elements":8}
PCIE {"t_ms":1790666179867,"test":"conc","trial":22,"copy":"dma","cfg":"h2d","legs":1,"bytes_per_leg":8388608,"leg_ns":[1470780],"wall_ns":1473867,"stream_errors":0,"mb":4,"cmds_per_leg":2,"elements":8}
PCIE {"t_ms":1790666179868,"test":"conc","trial":22,"copy":"dma","cfg":"d2h/ser","legs":1,"bytes_per_leg":8388608,"leg_ns":[751394],"wall_ns":754489,"stream_errors":0,"mb":4,"cmds_per_leg":2,"elements":8}
PCIE {"t_ms":1790666179868,"test":"conc","trial":23,"copy":"dma","cfg":"h2d/ser","legs":1,"bytes_per_leg":8388608,"leg_ns":[806644],"wall_ns":809466,"stream_errors":0,"mb":4,"cmds_per_leg":2,"elements":8}
PCIE {"t_ms":1790666179870,"test":"conc","trial":23,"copy":"dma","cfg":"h2d","legs":1,"bytes_per_leg":8388608,"leg_ns":[1456172],"wall_ns":1459289,"stream_errors":0,"mb":4,"cmds_per_leg":2,"elements":8}
PCIE {"t_ms":1790666179871,"test":"conc","trial":23,"copy":"dma","cfg":"d2h/ser","legs":1,"bytes_per_leg":8388608,"leg_ns":[786347],"wall_ns":789378,"stream_errors":0,"mb":4,"cmds_per_leg":2,"elements":8}
PCIE {"t_ms":1790666179871,"test":"conc","trial":23,"copy":"dma","cfg":"d2h","legs":1,"bytes_per_leg":8388608,"leg_ns":[818430],"wall_ns":821395,"stream_errors":0,"mb":4,"cmds_per_leg":2,"elements":8}
PCIE {"t_ms":1790666179873,"test":"conc","trial":23,"copy":"dma","cfg":"2xh2d/ser","legs":2,"bytes_per_leg":8388608,"leg_ns":[1115208,1527549],"wall_ns":1530960,"stream_errors":0,"mb":4,"cmds_per_leg":2,"elements":8}
PCIE {"t_ms":1790666179874,"test":"conc","trial":24,"copy":"dma","cfg":"h2d","legs":1,"bytes_per_leg":8388608,"leg_ns":[1426803],"wall_ns":1429949,"stream_errors":0,"mb":4,"cmds_per_leg":2,"elements":8}
PCIE {"t_ms":1790666179875,"test":"conc","trial":24,"copy":"dma","cfg":"d2h/ser","legs":1,"bytes_per_leg":8388608,"leg_ns":[691208],"wall_ns":694235,"stream_errors":0,"mb":4,"cmds_per_leg":2,"elements":8}
PCIE {"t_ms":1790666179876,"test":"conc","trial":24,"copy":"dma","cfg":"h2d/ser","legs":1,"bytes_per_leg":8388608,"leg_ns":[800795],"wall_ns":803653,"stream_errors":0,"mb":4,"cmds_per_leg":2,"elements":8}
PCIE {"t_ms":1790666179877,"test":"conc","trial":24,"copy":"dma","cfg":"d2h","legs":1,"bytes_per_leg":8388608,"leg_ns":[784494],"wall_ns":787489,"stream_errors":0,"mb":4,"cmds_per_leg":2,"elements":8}
PCIE {"t_ms":1790666179878,"test":"conc","trial":24,"copy":"dma","cfg":"2xh2d/ser","legs":2,"bytes_per_leg":8388608,"leg_ns":[1108990,1521296],"wall_ns":1524379,"stream_errors":0,"mb":4,"cmds_per_leg":2,"elements":8}
PCIE {"t_ms":1790666179879,"test":"done","which":"conc","elapsed_s":0.320641}
