PCIE {"t_ms":1790666174750,"test":"open","open_ns":178560999,"src":"PCIEBENCH_SRC_SHA256 main=27b7ed06330c4bae26cd24be189cdac0d67432cb52b1e8c7fca1116abda1aa5f args=8ae69bd7d46097957b638ff4c6630eb3e66d3cb0654b77d3bf55f3336c61c508 touch=92180a93c6dae0a1dce8c379156f827bd6588115777499dc45e64bf606b46ec0","link":[{"bdf":"0000:02:00.0","speed":"16.0 GT/s PCIe","width":"8","max_speed":"16.0 GT/s PCIe","max_width":"8","cma_allocated":"2057 MB"}]}
PCIE {"t_ms":1790666174758,"test":"conc","trial":0,"copy":"dma","cfg":"d2h/ser","legs":1,"bytes_per_leg":8388608,"leg_ns":[1051156],"wall_ns":1053126,"stream_errors":0,"mb":4,"cmds_per_leg":2,"elements":0}
PCIE {"t_ms":1790666174759,"test":"conc","trial":0,"copy":"dma","cfg":"2xh2d/ser","legs":2,"bytes_per_leg":8388608,"leg_ns":[1402364,1780089],"wall_ns":1781827,"stream_errors":0,"mb":4,"cmds_per_leg":2,"elements":0}
PCIE {"t_ms":1790666174760,"test":"conc","trial":0,"copy":"dma","cfg":"h2d/ser","legs":1,"bytes_per_leg":8388608,"leg_ns":[782440],"wall_ns":784178,"stream_errors":0,"mb":4,"cmds_per_leg":2,"elements":0}
PCIE {"t_ms":1790666174762,"test":"conc","trial":0,"copy":"dma","cfg":"h2d","legs":1,"bytes_per_leg":8388608,"leg_ns":[1569621],"wall_ns":1573002,"stream_errors":0,"mb":4,"cmds_per_leg":2,"elements":0}
PCIE {"t_ms":1790666174763,"test":"conc","trial":0,"copy":"dma","cfg":"d2h","legs":1,"bytes_per_leg":8388608,"leg_ns":[899452],"wall_ns":909269,"stream_errors":0,"mb":4,"cmds_per_leg":2,"elements":0}
PCIE {"t_ms":1790666174764,"test":"conc","trial":1,"copy":"dma","cfg":"h2d/ser","legs":1,"bytes_per_leg":8388608,"leg_ns":[867961],"wall_ns":871367,"stream_errors":0,"mb":4,"cmds_per_leg":2,"elements":0}
PCIE {"t_ms":1790666174765,"test":"conc","trial":1,"copy":"dma","cfg":"h2d","legs":1,"bytes_per_leg":8388608,"leg_ns":[1505472],"wall_ns":1508561,"stream_errors":0,"mb":4,"cmds_per_leg":2,"elements":0}
PCIE {"t_ms":1790666174767,"test":"conc","trial":1,"copy":"dma","cfg":"2xh2d/ser","legs":2,"bytes_per_leg":8388608,"leg_ns":[1176570,1485265],"wall_ns":1488265,"stream_errors":0,"mb":4,"cmds_per_leg":2,"elements":0}
PCIE {"t_ms":1790666174768,"test":"conc","trial":1,"copy":"dma","cfg":"d2h/ser","legs":1,"bytes_per_leg":8388608,"leg_ns":[911258],"wall_ns":913455,"stream_errors":0,"mb":4,"cmds_per_leg":2,"elements":0}
PCIE {"t_ms":1790666174768,"test":"conc","trial":1,"copy":"dma","cfg":"d2h","legs":1,"bytes_per_leg":8388608,"leg_ns":[977843],"wall_ns":981292,"stream_errors":0,"mb":4,"cmds_per_leg":2,"elements":0}
PCIE {"t_ms":1790666174770,"test":"conc","trial":2,"copy":"dma","cfg":"h2d","legs":1,"bytes_per_leg":8388608,"leg_ns":[1491071],"wall_ns":1493978,"stream_errors":0,"mb":4,"cmds_per_leg":2,"elements":0}
PCIE {"t_ms":1790666174771,"test":"conc","trial":2,"copy":"dma","cfg":"h2d/ser","legs":1,"bytes_per_leg":8388608,"leg_ns":[789239],"wall_ns":792180,"stream_errors":0,"mb":4,"cmds_per_leg":2,"elements":0}
PCIE {"t_ms":1790666174772,"test":"conc","trial":2,"copy":"dma","cfg":"d2h","legs":1,"bytes_per_leg":8388608,"leg_ns":[796415],"wall_ns":798125,"stream_errors":0,"mb":4,"cmds_per_leg":2,"elements":0}
PCIE {"t_ms":1790666174772,"test":"conc","trial":2,"copy":"dma","cfg":"d2h/ser","legs":1,"bytes_per_leg":8388608,"leg_ns":[792752],"wall_ns":795068,"stream_errors":0,"mb":4,"cmds_per_leg":2,"elements":0}
PCIE {"t_ms":1790666174774,"test":"conc","trial":2,"copy":"dma","cfg":"2xh2d/ser","legs":2,"bytes_per_leg":8388608,"leg_ns":[1185535,1496246],"wall_ns":1498905,"stream_errors":0,"mb":4,"cmds_per_leg":2,"elements":0}
PCIE {"t_ms":1790666174775,"test":"conc","trial":3,"copy":"dma","cfg":"d2h/ser","legs":1,"bytes_per_leg":8388608,"leg_ns":[744674],"wall_ns":747757,"stream_errors":0,"mb":4,"cmds_per_leg":2,"elements":0}
PCIE {"t_ms":1790666174775,"test":"conc","trial":3,"copy":"dma","cfg":"h2d/ser","legs":1,"bytes_per_leg":8388608,"leg_ns":[819939],"wall_ns":822871,"stream_errors":0,"mb":4,"cmds_per_leg":2,"elements":0}
PCIE {"t_ms":1790666174777,"test":"conc","trial":3,"copy":"dma","cfg":"2xh2d/ser","legs":2,"bytes_per_leg":8388608,"leg_ns":[1104908,1416251],"wall_ns":1419534,"stream_errors":0,"mb":4,"cmds_per_leg":2,"elements":0}
PCIE {"t_ms":1790666174778,"test":"conc","trial":3,"copy":"dma","cfg":"h2d","legs":1,"bytes_per_leg":8388608,"leg_ns":[1472704],"wall_ns":1475847,"stream_errors":0,"mb":4,"cmds_per_leg":2,"elements":0}
PCIE {"t_ms":1790666174779,"test":"conc","trial":3,"copy":"dma","cfg":"d2h","legs":1,"bytes_per_leg":8388608,"leg_ns":[834979],"wall_ns":838281,"stream_errors":0,"mb":4,"cmds_per_leg":2,"elements":0}
PCIE {"t_ms":1790666174781,"test":"conc","trial":4,"copy":"dma","cfg":"2xh2d/ser","legs":2,"bytes_per_leg":8388608,"leg_ns":[1149049,1460674],"wall_ns":1464003,"stream_errors":0,"mb":4,"cmds_per_leg":2,"elements":0}
PCIE {"t_ms":1790666174782,"test":"conc","trial":4,"copy":"dma","cfg":"h2d","legs":1,"bytes_per_leg":8388608,"leg_ns":[1400691],"wall_ns":1403669,"stream_errors":0,"mb":4,"cmds_per_leg":2,"elements":0}
PCIE {"t_ms":1790666174783,"test":"conc","trial":4,"copy":"dma","cfg":"d2h/ser","legs":1,"bytes_per_leg":8388608,"leg_ns":[747776],"wall_ns":749963,"stream_errors":0,"mb":4,"cmds_per_leg":2,"elements":0}
PCIE {"t_ms":1790666174784,"test":"conc","trial":4,"copy":"dma","cfg":"h2d/ser","legs":1,"bytes_per_leg":8388608,"leg_ns":[726893],"wall_ns":729790,"stream_errors":0,"mb":4,"cmds_per_leg":2,"elements":0}
PCIE {"t_ms":1790666174784,"test":"conc","trial":4,"copy":"dma","cfg":"d2h","legs":1,"bytes_per_leg":8388608,"leg_ns":[794153],"wall_ns":797374,"stream_errors":0,"mb":4,"cmds_per_leg":2,"elements":0}
PCIE {"t_ms":1790666174786,"test":"conc","trial":5,"copy":"dma","cfg":"2xh2d/ser","legs":2,"bytes_per_leg":8388608,"leg_ns":[1084995,1498688],"wall_ns":1501913,"stream_errors":0,"mb":4,"cmds_per_leg":2,"elements":0}
PCIE {"t_ms":1790666174787,"test":"conc","trial":5,"copy":"dma","cfg":"d2h/ser","legs":1,"bytes_per_leg":8388608,"leg_ns":[699811],"wall_ns":702369,"stream_errors":0,"mb":4,"cmds_per_leg":2,"elements":0}
PCIE {"t_ms":1790666174787,"test":"conc","trial":5,"copy":"dma","cfg":"d2h","legs":1,"bytes_per_leg":8388608,"leg_ns":[785128],"wall_ns":787925,"stream_errors":0,"mb":4,"cmds_per_leg":2,"elements":0}
PCIE {"t_ms":1790666174789,"test":"conc","trial":5,"copy":"dma","cfg":"h2d","legs":1,"bytes_per_leg":8388608,"leg_ns":[1499182],"wall_ns":1502472,"stream_errors":0,"mb":4,"cmds_per_leg":2,"elements":0}
PCIE {"t_ms":1790666174790,"test":"conc","trial":5,"copy":"dma","cfg":"h2d/ser","legs":1,"bytes_per_leg":8388608,"leg_ns":[785012],"wall_ns":788309,"stream_errors":0,"mb":4,"cmds_per_leg":2,"elements":0}
PCIE {"t_ms":1790666174790,"test":"conc","trial":6,"copy":"dma","cfg":"d2h/ser","legs":1,"bytes_per_leg":8388608,"leg_ns":[755660],"wall_ns":758340,"stream_errors":0,"mb":4,"cmds_per_leg":2,"elements":0}
PCIE {"t_ms":1790666174792,"test":"conc","trial":6,"copy":"dma","cfg":"h2d","legs":1,"bytes_per_leg":8388608,"leg_ns":[1434817],"wall_ns":1437951,"stream_errors":0,"mb":4,"cmds_per_leg":2,"elements":0}
PCIE {"t_ms":1790666174793,"test":"conc","trial":6,"copy":"dma","cfg":"d2h","legs":1,"bytes_per_leg":8388608,"leg_ns":[793865],"wall_ns":796764,"stream_errors":0,"mb":4,"cmds_per_leg":2,"elements":0}
PCIE {"t_ms":1790666174794,"test":"conc","trial":6,"copy":"dma","cfg":"h2d/ser","legs":1,"bytes_per_leg":8388608,"leg_ns":[883639],"wall_ns":886859,"stream_errors":0,"mb":4,"cmds_per_leg":2,"elements":0}
PCIE {"t_ms":1790666174795,"test":"conc","trial":6,"copy":"dma","cfg":"2xh2d/ser","legs":2,"bytes_per_leg":8388608,"leg_ns":[1100160,1411481],"wall_ns":1414246,"stream_errors":0,"mb":4,"cmds_per_leg":2,"elements":0}
PCIE {"t_ms":1790666174796,"test":"conc","trial":7,"copy":"dma","cfg":"h2d","legs":1,"bytes_per_leg":8388608,"leg_ns":[1476078],"wall_ns":1479145,"stream_errors":0,"mb":4,"cmds_per_leg":2,"elements":0}
PCIE {"t_ms":1790666174797,"test":"conc","trial":7,"copy":"dma","cfg":"h2d/ser","legs":1,"bytes_per_leg":8388608,"leg_ns":[863656],"wall_ns":866582,"stream_errors":0,"mb":4,"cmds_per_leg":2,"elements":0}
PCIE {"t_ms":1790666174798,"test":"conc","trial":7,"copy":"dma","cfg":"d2h","legs":1,"bytes_per_leg":8388608,"leg_ns":[827128],"wall_ns":830236,"stream_errors":0,"mb":4,"cmds_per_leg":2,"elements":0}
PCIE {"t_ms":1790666174799,"test":"conc","trial":7,"copy":"dma","cfg":"d2h/ser","legs":1,"bytes_per_leg":8388608,"leg_ns":[782948],"wall_ns":785202,"stream_errors":0,"mb":4,"cmds_per_leg":2,"elements":0}
PCIE {"t_ms":1790666174800,"test":"conc","trial":7,"copy":"dma","cfg":"2xh2d/ser","legs":2,"bytes_per_leg":8388608,"leg_ns":[1120431,1496426],"wall_ns":1499534,"stream_errors":0,"mb":4,"cmds_per_leg":2,"elements":0}
PCIE {"t_ms":1790666174802,"test":"conc","trial":8,"copy":"dma","cfg":"2xh2d/ser","legs":2,"bytes_per_leg":8388608,"leg_ns":[1204255,1412295],"wall_ns":1415159,"stream_errors":0,"mb":4,"cmds_per_leg":2,"elements":0}
PCIE {"t_ms":1790666174803,"test":"conc","trial":8,"copy":"dma","cfg":"h2d/ser","legs":1,"bytes_per_leg":8388608,"leg_ns":[783767],"wall_ns":786446,"stream_errors":0,"mb":4,"cmds_per_leg":2,"elements":0}
PCIE {"t_ms":1790666174804,"test":"conc","trial":8,"copy":"dma","cfg":"h2d","legs":1,"bytes_per_leg":8388608,"leg_ns":[1582057],"wall_ns":1584674,"stream_errors":0,"mb":4,"cmds_per_leg":2,"elements":0}
PCIE {"t_ms":1790666174805,"test":"conc","trial":8,"copy":"dma","cfg":"d2h/ser","legs":1,"bytes_per_leg":8388608,"leg_ns":[719908],"wall_ns":722072,"stream_errors":0,"mb":4,"cmds_per_leg":2,"elements":0}
PCIE {"t_ms":1790666174806,"test":"conc","trial":8,"copy":"dma","cfg":"d2h","legs":1,"bytes_per_leg":8388608,"leg_ns":[923972],"wall_ns":927031,"stream_errors":0,"mb":4,"cmds_per_leg":2,"elements":0}
PCIE {"t_ms":1790666174807,"test":"conc","trial":9,"copy":"dma","cfg":"d2h/ser","legs":1,"bytes_per_leg":8388608,"leg_ns":[708427],"wall_ns":710123,"stream_errors":0,"mb":4,"cmds_per_leg":2,"elements":0}
PCIE {"t_ms":1790666174808,"test":"conc","trial":9,"copy":"dma","cfg":"h2d","legs":1,"bytes_per_leg":8388608,"leg_ns":[1549743],"wall_ns":1552816,"stream_errors":0,"mb":4,"cmds_per_leg":2,"elements":0}
PCIE {"t_ms":1790666174809,"test":"conc","trial":9,"copy":"dma","cfg":"h2d/ser","legs":1,"bytes_per_leg":8388608,"leg_ns":[760601],"wall_ns":763752,"stream_errors":0,"mb":4,"cmds_per_leg":2,"elements":0}
PCIE {"t_ms":1790666174810,"test":"conc","trial":9,"copy":"dma","cfg":"2xh2d/ser","legs":2,"bytes_per_leg":8388608,"leg_ns":[1131425,1508417],"wall_ns":1511608,"stream_errors":0,"mb":4,"cmds_per_leg":2,"elements":0}
PCIE {"t_ms":1790666174811,"test":"conc","trial":9,"copy":"dma","cfg":"d2h","legs":1,"bytes_per_leg":8388608,"leg_ns":[797217],"wall_ns":800328,"stream_errors":0,"mb":4,"cmds_per_leg":2,"elements":0}
PCIE {"t_ms":1790666174812,"test":"conc","trial":10,"copy":"dma","cfg":"h2d/ser","legs":1,"bytes_per_leg":8388608,"leg_ns":[815065],"wall_ns":818211,"stream_errors":0,"mb":4,"cmds_per_leg":2,"elements":0}
PCIE {"t_ms":1790666174814,"test":"conc","trial":10,"copy":"dma","cfg":"h2d","legs":1,"bytes_per_leg":8388608,"leg_ns":[1472758],"wall_ns":1475446,"stream_errors":0,"mb":4,"cmds_per_leg":2,"elements":0}
PCIE {"t_ms":1790666174814,"test":"conc","trial":10,"copy":"dma","cfg":"d2h/ser","legs":1,"bytes_per_leg":8388608,"leg_ns":[742524],"wall_ns":745313,"stream_errors":0,"mb":4,"cmds_per_leg":2,"elements":0}
PCIE {"t_ms":1790666174815,"test":"conc","trial":10,"copy":"dma","cfg":"d2h","legs":1,"bytes_per_leg":8388608,"leg_ns":[774651],"wall_ns":777857,"stream_errors":0,"mb":4,"cmds_per_leg":2,"elements":0}
PCIE {"t_ms":1790666174817,"test":"conc","trial":10,"copy":"dma","cfg":"2xh2d/ser","legs":2,"bytes_per_leg":8388608,"leg_ns":[1259445,1569717],"wall_ns":1572832,"stream_errors":0,"mb":4,"cmds_per_leg":2,"elements":0}
PCIE {"t_ms":1790666174818,"test":"conc","trial":11,"copy":"dma","cfg":"2xh2d/ser","legs":2,"bytes_per_leg":8388608,"leg_ns":[1097347,1407499],"wall_ns":1409811,"stream_errors":0,"mb":4,"cmds_per_leg":2,"elements":0}
PCIE {"t_ms":1790666174820,"test":"conc","trial":11,"copy":"dma","cfg":"h2d","legs":1,"bytes_per_leg":8388608,"leg_ns":[1476292],"wall_ns":1479383,"stream_errors":0,"mb":4,"cmds_per_leg":2,"elements":0}
PCIE {"t_ms":1790666174820,"test":"conc","trial":11,"copy":"dma","cfg":"d2h","legs":1,"bytes_per_leg":8388608,"leg_ns":[862554],"wall_ns":865642,"stream_errors":0,"mb":4,"cmds_per_leg":2,"elements":0}
PCIE {"t_ms":1790666174821,"test":"conc","trial":11,"copy":"dma","cfg":"d2h/ser","legs":1,"bytes_per_leg":8388608,"leg_ns":[651182],"wall_ns":654248,"stream_errors":0,"mb":4,"cmds_per_leg":2,"elements":0}
PCIE {"t_ms":1790666174822,"test":"conc","trial":11,"copy":"dma","cfg":"h2d/ser","legs":1,"bytes_per_leg":8388608,"leg_ns":[771158],"wall_ns":774389,"stream_errors":0,"mb":4,"cmds_per_leg":2,"elements":0}
PCIE {"t_ms":1790666174823,"test":"conc","trial":12,"copy":"dma","cfg":"h2d","legs":1,"bytes_per_leg":8388608,"leg_ns":[1478047],"wall_ns":1481225,"stream_errors":0,"mb":4,"cmds_per_leg":2,"elements":0}
PCIE {"t_ms":1790666174824,"test":"conc","trial":12,"copy":"dma","cfg":"d2h","legs":1,"bytes_per_leg":8388608,"leg_ns":[900126],"wall_ns":903230,"stream_errors":0,"mb":4,"cmds_per_leg":2,"elements":0}
PCIE {"t_ms":1790666174826,"test":"conc","trial":12,"copy":"dma","cfg":"2xh2d/ser","legs":2,"bytes_per_leg":8388608,"leg_ns":[1086289,1396765],"wall_ns":1399803,"stream_errors":0,"mb":4,"cmds_per_leg":2,"elements":0}
PCIE {"t_ms":1790666174826,"test":"conc","trial":12,"copy":"dma","cfg":"d2h/ser","legs":1,"bytes_per_leg":8388608,"leg_ns":[697321],"wall_ns":700505,"stream_errors":0,"mb":4,"cmds_per_leg":2,"elements":0}
PCIE {"t_ms":1790666174827,"test":"conc","trial":12,"copy":"dma","cfg":"h2d/ser","legs":1,"bytes_per_leg":8388608,"leg_ns":[805431],"wall_ns":808248,"stream_errors":0,"mb":4,"cmds_per_leg":2,"elements":0}
PCIE {"t_ms":1790666174828,"test":"conc","trial":13,"copy":"dma","cfg":"d2h","legs":1,"bytes_per_leg":8388608,"leg_ns":[801848],"wall_ns":805032,"stream_errors":0,"mb":4,"cmds_per_leg":2,"elements":0}
PCIE {"t_ms":1790666174829,"test":"conc","trial":13,"copy":"dma","cfg":"h2d","legs":1,"bytes_per_leg":8388608,"leg_ns":[1462456],"wall_ns":1465505,"stream_errors":0,"mb":4,"cmds_per_leg":2,"elements":0}
PCIE {"t_ms":1790666174831,"test":"conc","trial":13,"copy":"dma","cfg":"2xh2d/ser","legs":2,"bytes_per_leg":8388608,"leg_ns":[1095572,1406562],"wall_ns":1409586,"stream_errors":0,"mb":4,"cmds_per_leg":2,"elements":0}
PCIE {"t_ms":1790666174832,"test":"conc","trial":13,"copy":"dma","cfg":"d2h/ser","legs":1,"bytes_per_leg":8388608,"leg_ns":[701026],"wall_ns":703286,"stream_errors":0,"mb":4,"cmds_per_leg":2,"elements":0}
PCIE {"t_ms":1790666174832,"test":"conc","trial":13,"copy":"dma","cfg":"h2d/ser","legs":1,"bytes_per_leg":8388608,"leg_ns":[770963],"wall_ns":774124,"stream_errors":0,"mb":4,"cmds_per_leg":2,"elements":0}
PCIE {"t_ms":1790666174834,"test":"conc","trial":14,"copy":"dma","cfg":"2xh2d/ser","legs":2,"bytes_per_leg":8388608,"leg_ns":[1096184,1406799],"wall_ns":1409485,"stream_errors":0,"mb":4,"cmds_per_leg":2,"elements":0}
PCIE {"t_ms":1790666174835,"test":"conc","trial":14,"copy":"dma","cfg":"d2h","legs":1,"bytes_per_leg":8388608,"leg_ns":[800130],"wall_ns":803134,"stream_errors":0,"mb":4,"cmds_per_leg":2,"elements":0}
PCIE {"t_ms":1790666174835,"test":"conc","trial":14,"copy":"dma","cfg":"d2h/ser","legs":1,"bytes_per_leg":8388608,"leg_ns":[740955],"wall_ns":743376,"stream_errors":0,"mb":4,"cmds_per_leg":2,"elements":0}
PCIE {"t_ms":1790666174837,"test":"conc","trial":14,"copy":"dma","cfg":"h2d","legs":1,"bytes_per_leg":8388608,"leg_ns":[1440565],"wall_ns":1443507,"stream_errors":0,"mb":4,"cmds_per_leg":2,"elements":0}
PCIE {"t_ms":1790666174838,"test":"conc","trial":14,"copy":"dma","cfg":"h2d/ser","legs":1,"bytes_per_leg":8388608,"leg_ns":[791250],"wall_ns":794439,"stream_errors":0,"mb":4,"cmds_per_leg":2,"elements":0}
PCIE {"t_ms":1790666174838,"test":"conc","trial":15,"copy":"dma","cfg":"d2h","legs":1,"bytes_per_leg":8388608,"leg_ns":[797980],"wall_ns":801002,"stream_errors":0,"mb":4,"cmds_per_leg":2,"elements":0}
PCIE {"t_ms":1790666174839,"test":"conc","trial":15,"copy":"dma","cfg":"h2d/ser","legs":1,"bytes_per_leg":8388608,"leg_ns":[807825],"wall_ns":810529,"stream_errors":0,"mb":4,"cmds_per_leg":2,"elements":0}
PCIE {"t_ms":1790666174841,"test":"conc","trial":15,"copy":"dma","cfg":"h2d","legs":1,"bytes_per_leg":8388608,"leg_ns":[1474652],"wall_ns":1477753,"stream_errors":0,"mb":4,"cmds_per_leg":2,"elements":0}
PCIE {"t_ms":1790666174842,"test":"conc","trial":15,"copy":"dma","cfg":"2xh2d/ser","legs":2,"bytes_per_leg":8388608,"leg_ns":[1198825,1508679],"wall_ns":1511584,"stream_errors":0,"mb":4,"cmds_per_leg":2,"elements":0}
PCIE {"t_ms":1790666174843,"test":"conc","trial":15,"copy":"dma","cfg":"d2h/ser","legs":1,"bytes_per_leg":8388608,"leg_ns":[752647],"wall_ns":755855,"stream_errors":0,"mb":4,"cmds_per_leg":2,"elements":0}
PCIE {"t_ms":1790666174844,"test":"conc","trial":16,"copy":"dma","cfg":"d2h","legs":1,"bytes_per_leg":8388608,"leg_ns":[829210],"wall_ns":832356,"stream_errors":0,"mb":4,"cmds_per_leg":2,"elements":0}
PCIE {"t_ms":1790666174845,"test":"conc","trial":16,"copy":"dma","cfg":"d2h/ser","legs":1,"bytes_per_leg":8388608,"leg_ns":[732522],"wall_ns":734231,"stream_errors":0,"mb":4,"cmds_per_leg":2,"elements":0}
PCIE {"t_ms":1790666174846,"test":"conc","trial":16,"copy":"dma","cfg":"2xh2d/ser","legs":2,"bytes_per_leg":8388608,"leg_ns":[1145864,1455736],"wall_ns":1458889,"stream_errors":0,"mb":4,"cmds_per_leg":2,"elements":0}
PCIE {"t_ms":1790666174847,"test":"conc","trial":16,"copy":"dma","cfg":"h2d/ser","legs":1,"bytes_per_leg":8388608,"leg_ns":[784769],"wall_ns":787989,"stream_errors":0,"mb":4,"cmds_per_leg":2,"elements":0}
PCIE {"t_ms":1790666174848,"test":"conc","trial":16,"copy":"dma","cfg":"h2d","legs":1,"bytes_per_leg":8388608,"leg_ns":[1478298],"wall_ns":1481463,"stream_errors":0,"mb":4,"cmds_per_leg":2,"elements":0}
PCIE {"t_ms":1790666174850,"test":"conc","trial":17,"copy":"dma","cfg":"2xh2d/ser","legs":2,"bytes_per_leg":8388608,"leg_ns":[1095660,1406584],"wall_ns":1408886,"stream_errors":0,"mb":4,"cmds_per_leg":2,"elements":0}
PCIE {"t_ms":1790666174850,"test":"conc","trial":17,"copy":"dma","cfg":"d2h","legs":1,"bytes_per_leg":8388608,"leg_ns":[796861],"wall_ns":799702,"stream_errors":0,"mb":4,"cmds_per_leg":2,"elements":0}
PCIE {"t_ms":1790666174852,"test":"conc","trial":17,"copy":"dma","cfg":"h2d","legs":1,"bytes_per_leg":8388608,"leg_ns":[1497873],"wall_ns":1500928,"stream_errors":0,"mb":4,"cmds_per_leg":2,"elements":0}
PCIE {"t_ms":1790666174853,"test":"conc","trial":17,"copy":"dma","cfg":"h2d/ser","legs":1,"bytes_per_leg":8388608,"leg_ns":[789536],"wall_ns":792672,"stream_errors":0,"mb":4,"cmds_per_leg":2,"elements":0}
PCIE {"t_ms":1790666174854,"test":"conc","trial":17,"copy":"dma","cfg":"d2h/ser","legs":1,"bytes_per_leg":8388608,"leg_ns":[743214],"wall_ns":746130,"stream_errors":0,"mb":4,"cmds_per_leg":2,"elements":0}
PCIE {"t_ms":1790666174855,"test":"conc","trial":18,"copy":"dma","cfg":"h2d","legs":1,"bytes_per_leg":8388608,"leg_ns":[1448153],"wall_ns":1451495,"stream_errors":0,"mb":4,"cmds_per_leg":2,"elements":0}
PCIE {"t_ms":1790666174856,"test":"conc","trial":18,"copy":"dma","cfg":"h2d/ser","legs":1,"bytes_per_leg":8388608,"leg_ns":[791512],"wall_ns":793891,"stream_errors":0,"mb":4,"cmds_per_leg":2,"elements":0}
PCIE {"t_ms":1790666174857,"test":"conc","trial":18,"copy":"dma","cfg":"2xh2d/ser","legs":2,"bytes_per_leg":8388608,"leg_ns":[1096657,1408251],"wall_ns":1411416,"stream_errors":0,"mb":4,"cmds_per_leg":2,"elements":0}
PCIE {"t_ms":1790666174858,"test":"conc","trial":18,"copy":"dma","cfg":"d2h/ser","legs":1,"bytes_per_leg":8388608,"leg_ns":[695644],"wall_ns":698826,"stream_errors":0,"mb":4,"cmds_per_leg":2,"elements":0}
PCIE {"t_ms":1790666174859,"test":"conc","trial":18,"copy":"dma","cfg":"d2h","legs":1,"bytes_per_leg":8388608,"leg_ns":[779597],"wall_ns":782564,"stream_errors":0,"mb":4,"cmds_per_leg":2,"elements":0}
PCIE {"t_ms":1790666174859,"test":"conc","trial":19,"copy":"dma","cfg":"h2d/ser","legs":1,"bytes_per_leg":8388608,"leg_ns":[779183],"wall_ns":782278,"stream_errors":0,"mb":4,"cmds_per_leg":2,"elements":0}
PCIE {"t_ms":1790666174860,"test":"conc","trial":19,"copy":"dma","cfg":"d2h","legs":1,"bytes_per_leg":8388608,"leg_ns":[798208],"wall_ns":801452,"stream_errors":0,"mb":4,"cmds_per_leg":2,"elements":0}
PCIE {"t_ms":1790666174862,"test":"conc","trial":19,"copy":"dma","cfg":"2xh2d/ser","legs":2,"bytes_per_leg":8388608,"leg_ns":[1086460,1397869],"wall_ns":1400743,"stream_errors":0,"mb":4,"cmds_per_leg":2,"elements":0}
PCIE {"t_ms":1790666174863,"test":"conc","trial":19,"copy":"dma","cfg":"h2d","legs":1,"bytes_per_leg":8388608,"leg_ns":[1498308],"wall_ns":1501183,"stream_errors":0,"mb":4,"cmds_per_leg":2,"elements":0}
PCIE {"t_ms":1790666174864,"test":"conc","trial":19,"copy":"dma","cfg":"d2h/ser","legs":1,"bytes_per_leg":8388608,"leg_ns":[760987],"wall_ns":762681,"stream_errors":0,"mb":4,"cmds_per_leg":2,"elements":0}
PCIE {"t_ms":1790666174865,"test":"conc","trial":20,"copy":"dma","cfg":"2xh2d/ser","legs":2,"bytes_per_leg":8388608,"leg_ns":[1136055,1407557],"wall_ns":1409997,"stream_errors":0,"mb":4,"cmds_per_leg":2,"elements":0}
PCIE {"t_ms":1790666174867,"test":"conc","trial":20,"copy":"dma","cfg":"h2d","legs":1,"bytes_per_leg":8388608,"leg_ns":[1507959],"wall_ns":1510796,"stream_errors":0,"mb":4,"cmds_per_leg":2,"elements":0}
PCIE {"t_ms":1790666174868,"test":"conc","trial":20,"copy":"dma","cfg":"d2h/ser","legs":1,"bytes_per_leg":8388608,"leg_ns":[721402],"wall_ns":723193,"stream_errors":0,"mb":4,"cmds_per_leg":2,"elements":0}
PCIE {"t_ms":1790666174868,"test":"conc","trial":20,"copy":"dma","cfg":"h2d/ser","legs":1,"bytes_per_leg":8388608,"leg_ns":[755286],"wall_ns":758139,"stream_errors":0,"mb":4,"cmds_per_leg":2,"elements":0}
PCIE {"t_ms":1790666174869,"test":"conc","trial":20,"copy":"dma","cfg":"d2h","legs":1,"bytes_per_leg":8388608,"leg_ns":[900722],"wall_ns":903817,"stream_errors":0,"mb":4,"cmds_per_leg":2,"elements":0}
PCIE {"t_ms":1790666174870,"test":"conc","trial":21,"copy":"dma","cfg":"h2d/ser","legs":1,"bytes_per_leg":8388608,"leg_ns":[807930],"wall_ns":810137,"stream_errors":0,"mb":4,"cmds_per_leg":2,"elements":0}
PCIE {"t_ms":1790666174872,"test":"conc","trial":21,"copy":"dma","cfg":"2xh2d/ser","legs":2,"bytes_per_leg":8388608,"leg_ns":[1171795,1483394],"wall_ns":1485931,"stream_errors":0,"mb":4,"cmds_per_leg":2,"elements":0}
PCIE {"t_ms":1790666174872,"test":"conc","trial":21,"copy":"dma","cfg":"d2h/ser","legs":1,"bytes_per_leg":8388608,"leg_ns":[746328],"wall_ns":748638,"stream_errors":0,"mb":4,"cmds_per_leg":2,"elements":0}
PCIE {"t_ms":1790666174873,"test":"conc","trial":21,"copy":"dma","cfg":"d2h","legs":1,"bytes_per_leg":8388608,"leg_ns":[769221],"wall_ns":772084,"stream_errors":0,"mb":4,"cmds_per_leg":2,"elements":0}
PCIE {"t_ms":1790666174875,"test":"conc","trial":21,"copy":"dma","cfg":"h2d","legs":1,"bytes_per_leg":8388608,"leg_ns":[1465341],"wall_ns":1468124,"stream_errors":0,"mb":4,"cmds_per_leg":2,"elements":0}
PCIE {"t_ms":1790666174876,"test":"conc","trial":22,"copy":"dma","cfg":"2xh2d/ser","legs":2,"bytes_per_leg":8388608,"leg_ns":[1203773,1413826],"wall_ns":1416878,"stream_errors":0,"mb":4,"cmds_per_leg":2,"elements":0}
PCIE {"t_ms":1790666174877,"test":"conc","trial":22,"copy":"dma","cfg":"d2h","legs":1,"bytes_per_leg":8388608,"leg_ns":[791233],"wall_ns":793582,"stream_errors":0,"mb":4,"cmds_per_leg":2,"elements":0}
PCIE {"t_ms":1790666174878,"test":"conc","trial":22,"copy":"dma","cfg":"h2d/ser","legs":1,"bytes_per_leg":8388608,"leg_ns":[780252],"wall_ns":782658,"stream_errors":0,"mb":4,"cmds_per_leg":2,"elements":0}
PCIE {"t_ms":1790666174879,"test":"conc","trial":22,"copy":"dma","cfg":"h2d","legs":1,"bytes_per_leg":8388608,"leg_ns":[1502808],"wall_ns":1506088,"stream_errors":0,"mb":4,"cmds_per_leg":2,"elements":0}
PCIE {"t_ms":1790666174880,"test":"conc","trial":22,"copy":"dma","cfg":"d2h/ser","legs":1,"bytes_per_leg":8388608,"leg_ns":[723428],"wall_ns":725105,"stream_errors":0,"mb":4,"cmds_per_leg":2,"elements":0}
PCIE {"t_ms":1790666174881,"test":"conc","trial":23,"copy":"dma","cfg":"h2d/ser","legs":1,"bytes_per_leg":8388608,"leg_ns":[756771],"wall_ns":759624,"stream_errors":0,"mb":4,"cmds_per_leg":2,"elements":0}
PCIE {"t_ms":1790666174882,"test":"conc","trial":23,"copy":"dma","cfg":"h2d","legs":1,"bytes_per_leg":8388608,"leg_ns":[1504030],"wall_ns":1506897,"stream_errors":0,"mb":4,"cmds_per_leg":2,"elements":0}
PCIE {"t_ms":1790666174883,"test":"conc","trial":23,"copy":"dma","cfg":"d2h/ser","legs":1,"bytes_per_leg":8388608,"leg_ns":[808039],"wall_ns":811119,"stream_errors":0,"mb":4,"cmds_per_leg":2,"elements":0}
PCIE {"t_ms":1790666174884,"test":"conc","trial":23,"copy":"dma","cfg":"d2h","legs":1,"bytes_per_leg":8388608,"leg_ns":[831690],"wall_ns":834286,"stream_errors":0,"mb":4,"cmds_per_leg":2,"elements":0}
PCIE {"t_ms":1790666174885,"test":"conc","trial":23,"copy":"dma","cfg":"2xh2d/ser","legs":2,"bytes_per_leg":8388608,"leg_ns":[1139197,1450902],"wall_ns":1453651,"stream_errors":0,"mb":4,"cmds_per_leg":2,"elements":0}
PCIE {"t_ms":1790666174887,"test":"conc","trial":24,"copy":"dma","cfg":"h2d","legs":1,"bytes_per_leg":8388608,"leg_ns":[1473135],"wall_ns":1476084,"stream_errors":0,"mb":4,"cmds_per_leg":2,"elements":0}
PCIE {"t_ms":1790666174887,"test":"conc","trial":24,"copy":"dma","cfg":"d2h/ser","legs":1,"bytes_per_leg":8388608,"leg_ns":[744308],"wall_ns":747454,"stream_errors":0,"mb":4,"cmds_per_leg":2,"elements":0}
PCIE {"t_ms":1790666174888,"test":"conc","trial":24,"copy":"dma","cfg":"h2d/ser","legs":1,"bytes_per_leg":8388608,"leg_ns":[764296],"wall_ns":767015,"stream_errors":0,"mb":4,"cmds_per_leg":2,"elements":0}
PCIE {"t_ms":1790666174889,"test":"conc","trial":24,"copy":"dma","cfg":"d2h","legs":1,"bytes_per_leg":8388608,"leg_ns":[848283],"wall_ns":851168,"stream_errors":0,"mb":4,"cmds_per_leg":2,"elements":0}
PCIE {"t_ms":1790666174890,"test":"conc","trial":24,"copy":"dma","cfg":"2xh2d/ser","legs":2,"bytes_per_leg":8388608,"leg_ns":[1140922,1412388],"wall_ns":1415292,"stream_errors":0,"mb":4,"cmds_per_leg":2,"elements":0}
PCIE {"t_ms":1790666174891,"test":"done","which":"conc","elapsed_s":0.319653}
