PCIE {"t_ms":1790666176210,"test":"open","open_ns":179336076,"src":"PCIEBENCH_SRC_SHA256 main=27b7ed06330c4bae26cd24be189cdac0d67432cb52b1e8c7fca1116abda1aa5f args=8ae69bd7d46097957b638ff4c6630eb3e66d3cb0654b77d3bf55f3336c61c508 touch=92180a93c6dae0a1dce8c379156f827bd6588115777499dc45e64bf606b46ec0","link":[{"bdf":"0000:02:00.0","speed":"16.0 GT/s PCIe","width":"8","max_speed":"16.0 GT/s PCIe","max_width":"8","cma_allocated":"2057 MB"}]}
PCIE {"t_ms":1790666176324,"test":"conc","trial":0,"copy":"dma","cfg":"d2h/ser","legs":1,"bytes_per_leg":134217728,"leg_ns":[13247653],"wall_ns":13249762,"stream_errors":0,"mb":64,"cmds_per_leg":2,"elements":8}
PCIE {"t_ms":1790666176345,"test":"conc","trial":0,"copy":"dma","cfg":"2xh2d/ser","legs":2,"bytes_per_leg":134217728,"leg_ns":[16102268,21386273],"wall_ns":21388391,"stream_errors":0,"mb":64,"cmds_per_leg":2,"elements":8}
PCIE {"t_ms":1790666176356,"test":"conc","trial":0,"copy":"dma","cfg":"h2d/ser","legs":1,"bytes_per_leg":134217728,"leg_ns":[10810766],"wall_ns":10812499,"stream_errors":0,"mb":64,"cmds_per_leg":2,"elements":8}
PCIE {"t_ms":1790666176378,"test":"conc","trial":0,"copy":"dma","cfg":"h2d","legs":1,"bytes_per_leg":134217728,"leg_ns":[22183454],"wall_ns":22185798,"stream_errors":0,"mb":64,"cmds_per_leg":2,"elements":8}
PCIE {"t_ms":1790666176391,"test":"conc","trial":0,"copy":"dma","cfg":"d2h","legs":1,"bytes_per_leg":134217728,"leg_ns":[12068341],"wall_ns":12070124,"stream_errors":0,"mb":64,"cmds_per_leg":2,"elements":8}
PCIE {"t_ms":1790666176401,"test":"conc","trial":1,"copy":"dma","cfg":"h2d/ser","legs":1,"bytes_per_leg":134217728,"leg_ns":[10903790],"wall_ns":10905945,"stream_errors":0,"mb":64,"cmds_per_leg":2,"elements":8}
PCIE {"t_ms":1790666176424,"test":"conc","trial":1,"copy":"dma","cfg":"h2d","legs":1,"bytes_per_leg":134217728,"leg_ns":[22092635],"wall_ns":22094453,"stream_errors":0,"mb":64,"cmds_per_leg":2,"elements":8}
PCIE {"t_ms":1790666176445,"test":"conc","trial":1,"copy":"dma","cfg":"2xh2d/ser","legs":2,"bytes_per_leg":134217728,"leg_ns":[16098492,21298571],"wall_ns":21300348,"stream_errors":0,"mb":64,"cmds_per_leg":2,"elements":8}
PCIE {"t_ms":1790666176458,"test":"conc","trial":1,"copy":"dma","cfg":"d2h/ser","legs":1,"bytes_per_leg":134217728,"leg_ns":[13267052],"wall_ns":13268918,"stream_errors":0,"mb":64,"cmds_per_leg":2,"elements":8}
PCIE {"t_ms":1790666176470,"test":"conc","trial":1,"copy":"dma","cfg":"d2h","legs":1,"bytes_per_leg":134217728,"leg_ns":[11973399],"wall_ns":11975584,"stream_errors":0,"mb":64,"cmds_per_leg":2,"elements":8}
PCIE {"t_ms":1790666176492,"test":"conc","trial":2,"copy":"dma","cfg":"h2d","legs":1,"bytes_per_leg":134217728,"leg_ns":[21946943],"wall_ns":21948673,"stream_errors":0,"mb":64,"cmds_per_leg":2,"elements":8}
PCIE {"t_ms":1790666176503,"test":"conc","trial":2,"copy":"dma","cfg":"h2d/ser","legs":1,"bytes_per_leg":134217728,"leg_ns":[10786934],"wall_ns":10788664,"stream_errors":0,"mb":64,"cmds_per_leg":2,"elements":8}
PCIE {"t_ms":1790666176515,"test":"conc","trial":2,"copy":"dma","cfg":"d2h","legs":1,"bytes_per_leg":134217728,"leg_ns":[12067410],"wall_ns":12069435,"stream_errors":0,"mb":64,"cmds_per_leg":2,"elements":8}
PCIE {"t_ms":1790666176528,"test":"conc","trial":2,"copy":"dma","cfg":"d2h/ser","legs":1,"bytes_per_leg":134217728,"leg_ns":[12940448],"wall_ns":12942169,"stream_errors":0,"mb":64,"cmds_per_leg":2,"elements":8}
PCIE {"t_ms":1790666176549,"test":"conc","trial":2,"copy":"dma","cfg":"2xh2d/ser","legs":2,"bytes_per_leg":134217728,"leg_ns":[16072563,21351831],"wall_ns":21353568,"stream_errors":0,"mb":64,"cmds_per_leg":2,"elements":8}
PCIE {"t_ms":1790666176563,"test":"conc","trial":3,"copy":"dma","cfg":"d2h/ser","legs":1,"bytes_per_leg":134217728,"leg_ns":[13287526],"wall_ns":13290452,"stream_errors":0,"mb":64,"cmds_per_leg":2,"elements":8}
PCIE {"t_ms":1790666176573,"test":"conc","trial":3,"copy":"dma","cfg":"h2d/ser","legs":1,"bytes_per_leg":134217728,"leg_ns":[10801605],"wall_ns":10803528,"stream_errors":0,"mb":64,"cmds_per_leg":2,"elements":8}
PCIE {"t_ms":1790666176595,"test":"conc","trial":3,"copy":"dma","cfg":"2xh2d/ser","legs":2,"bytes_per_leg":134217728,"leg_ns":[16197378,21399696],"wall_ns":21401452,"stream_errors":0,"mb":64,"cmds_per_leg":2,"elements":8}
PCIE {"t_ms":1790666176617,"test":"conc","trial":3,"copy":"dma","cfg":"h2d","legs":1,"bytes_per_leg":134217728,"leg_ns":[22090928],"wall_ns":22092655,"stream_errors":0,"mb":64,"cmds_per_leg":2,"elements":8}
PCIE {"t_ms":1790666176629,"test":"conc","trial":3,"copy":"dma","cfg":"d2h","legs":1,"bytes_per_leg":134217728,"leg_ns":[12071750],"wall_ns":12073484,"stream_errors":0,"mb":64,"cmds_per_leg":2,"elements":8}
PCIE {"t_ms":1790666176650,"test":"conc","trial":4,"copy":"dma","cfg":"2xh2d/ser","legs":2,"bytes_per_leg":134217728,"leg_ns":[16018291,21301974],"wall_ns":21303658,"stream_errors":0,"mb":64,"cmds_per_leg":2,"elements":8}
PCIE {"t_ms":1790666176672,"test":"conc","trial":4,"copy":"dma","cfg":"h2d","legs":1,"bytes_per_leg":134217728,"leg_ns":[22098349],"wall_ns":22100086,"stream_errors":0,"mb":64,"cmds_per_leg":2,"elements":8}
PCIE {"t_ms":1790666176686,"test":"conc","trial":4,"copy":"dma","cfg":"d2h/ser","legs":1,"bytes_per_leg":134217728,"leg_ns":[13298871],"wall_ns":13301047,"stream_errors":0,"mb":64,"cmds_per_leg":2,"elements":8}
PCIE {"t_ms":1790666176697,"test":"conc","trial":4,"copy":"dma","cfg":"h2d/ser","legs":1,"bytes_per_leg":134217728,"leg_ns":[10889895],"wall_ns":10891657,"stream_errors":0,"mb":64,"cmds_per_leg":2,"elements":8}
PCIE {"t_ms":1790666176709,"test":"conc","trial":4,"copy":"dma","cfg":"d2h","legs":1,"bytes_per_leg":134217728,"leg_ns":[12049565],"wall_ns":12051842,"stream_errors":0,"mb":64,"cmds_per_leg":2,"elements":8}
PCIE {"t_ms":1790666176730,"test":"conc","trial":5,"copy":"dma","cfg":"2xh2d/ser","legs":2,"bytes_per_leg":134217728,"leg_ns":[16036483,21244677],"wall_ns":21246514,"stream_errors":0,"mb":64,"cmds_per_leg":2,"elements":8}
PCIE {"t_ms":1790666176743,"test":"conc","trial":5,"copy":"dma","cfg":"d2h/ser","legs":1,"bytes_per_leg":134217728,"leg_ns":[13265934],"wall_ns":13268120,"stream_errors":0,"mb":64,"cmds_per_leg":2,"elements":8}
PCIE {"t_ms":1790666176755,"test":"conc","trial":5,"copy":"dma","cfg":"d2h","legs":1,"bytes_per_leg":134217728,"leg_ns":[11873485],"wall_ns":11875523,"stream_errors":0,"mb":64,"cmds_per_leg":2,"elements":8}
PCIE {"t_ms":1790666176777,"test":"conc","trial":5,"copy":"dma","cfg":"h2d","legs":1,"bytes_per_leg":134217728,"leg_ns":[22041945],"wall_ns":22043651,"stream_errors":0,"mb":64,"cmds_per_leg":2,"elements":8}
PCIE {"t_ms":1790666176788,"test":"conc","trial":5,"copy":"dma","cfg":"h2d/ser","legs":1,"bytes_per_leg":134217728,"leg_ns":[10786404],"wall_ns":10788089,"stream_errors":0,"mb":64,"cmds_per_leg":2,"elements":8}
PCIE {"t_ms":1790666176801,"test":"conc","trial":6,"copy":"dma","cfg":"d2h/ser","legs":1,"bytes_per_leg":134217728,"leg_ns":[13160749],"wall_ns":13167402,"stream_errors":0,"mb":64,"cmds_per_leg":2,"elements":8}
PCIE {"t_ms":1790666176823,"test":"conc","trial":6,"copy":"dma","cfg":"h2d","legs":1,"bytes_per_leg":134217728,"leg_ns":[21933590],"wall_ns":21935286,"stream_errors":0,"mb":64,"cmds_per_leg":2,"elements":8}
PCIE {"t_ms":1790666176835,"test":"conc","trial":6,"copy":"dma","cfg":"d2h","legs":1,"bytes_per_leg":134217728,"leg_ns":[11964466],"wall_ns":11966163,"stream_errors":0,"mb":64,"cmds_per_leg":2,"elements":8}
PCIE {"t_ms":1790666176846,"test":"conc","trial":6,"copy":"dma","cfg":"h2d/ser","legs":1,"bytes_per_leg":134217728,"leg_ns":[10813935],"wall_ns":10815612,"stream_errors":0,"mb":64,"cmds_per_leg":2,"elements":8}
PCIE {"t_ms":1790666176867,"test":"conc","trial":6,"copy":"dma","cfg":"2xh2d/ser","legs":2,"bytes_per_leg":134217728,"leg_ns":[16098275,21404555],"wall_ns":21406708,"stream_errors":0,"mb":64,"cmds_per_leg":2,"elements":8}
PCIE {"t_ms":1790666176889,"test":"conc","trial":7,"copy":"dma","cfg":"h2d","legs":1,"bytes_per_leg":134217728,"leg_ns":[22068795],"wall_ns":22070558,"stream_errors":0,"mb":64,"cmds_per_leg":2,"elements":8}
PCIE {"t_ms":1790666176900,"test":"conc","trial":7,"copy":"dma","cfg":"h2d/ser","legs":1,"bytes_per_leg":134217728,"leg_ns":[10812013],"wall_ns":10813712,"stream_errors":0,"mb":64,"cmds_per_leg":2,"elements":8}
PCIE {"t_ms":1790666176912,"test":"conc","trial":7,"copy":"dma","cfg":"d2h","legs":1,"bytes_per_leg":134217728,"leg_ns":[12067136],"wall_ns":12069876,"stream_errors":0,"mb":64,"cmds_per_leg":2,"elements":8}
PCIE {"t_ms":1790666176925,"test":"conc","trial":7,"copy":"dma","cfg":"d2h/ser","legs":1,"bytes_per_leg":134217728,"leg_ns":[13097592],"wall_ns":13099638,"stream_errors":0,"mb":64,"cmds_per_leg":2,"elements":8}
PCIE {"t_ms":1790666176947,"test":"conc","trial":7,"copy":"dma","cfg":"2xh2d/ser","legs":2,"bytes_per_leg":134217728,"leg_ns":[16089501,21294764],"wall_ns":21296478,"stream_errors":0,"mb":64,"cmds_per_leg":2,"elements":8}
PCIE {"t_ms":1790666176968,"test":"conc","trial":8,"copy":"dma","cfg":"2xh2d/ser","legs":2,"bytes_per_leg":134217728,"leg_ns":[16095833,21403319],"wall_ns":21405476,"stream_errors":0,"mb":64,"cmds_per_leg":2,"elements":8}
PCIE {"t_ms":1790666176979,"test":"conc","trial":8,"copy":"dma","cfg":"h2d/ser","legs":1,"bytes_per_leg":134217728,"leg_ns":[10887823],"wall_ns":10889590,"stream_errors":0,"mb":64,"cmds_per_leg":2,"elements":8}
PCIE {"t_ms":1790666177001,"test":"conc","trial":8,"copy":"dma","cfg":"h2d","legs":1,"bytes_per_leg":134217728,"leg_ns":[21994335],"wall_ns":21996108,"stream_errors":0,"mb":64,"cmds_per_leg":2,"elements":8}
PCIE {"t_ms":1790666177014,"test":"conc","trial":8,"copy":"dma","cfg":"d2h/ser","legs":1,"bytes_per_leg":134217728,"leg_ns":[13341023],"wall_ns":13342772,"stream_errors":0,"mb":64,"cmds_per_leg":2,"elements":8}
PCIE {"t_ms":1790666177026,"test":"conc","trial":8,"copy":"dma","cfg":"d2h","legs":1,"bytes_per_leg":134217728,"leg_ns":[11912833],"wall_ns":11914499,"stream_errors":0,"mb":64,"cmds_per_leg":2,"elements":8}
PCIE {"t_ms":1790666177034,"test":"done","which":"conc","elapsed_s":1.003372}
