PCIE {"t_ms":1790666166335,"test":"open","open_ns":179870865,"src":"PCIEBENCH_SRC_SHA256 main=27b7ed06330c4bae26cd24be189cdac0d67432cb52b1e8c7fca1116abda1aa5f args=8ae69bd7d46097957b638ff4c6630eb3e66d3cb0654b77d3bf55f3336c61c508 touch=92180a93c6dae0a1dce8c379156f827bd6588115777499dc45e64bf606b46ec0","link":[{"bdf":"0000:02:00.0","speed":"16.0 GT/s PCIe","width":"8","max_speed":"16.0 GT/s PCIe","max_width":"8","cma_allocated":"2057 MB"}]}
PCIE {"t_ms":1790666166364,"test":"conc","trial":0,"copy":"dma","cfg":"d2h/ser","legs":1,"bytes_per_leg":33554432,"leg_ns":[3349317],"wall_ns":3351501,"stream_errors":0,"mb":16,"cmds_per_leg":2,"elements":0}
PCIE {"t_ms":1790666166370,"test":"conc","trial":0,"copy":"dma","cfg":"2xh2d/ser","legs":2,"bytes_per_leg":33554432,"leg_ns":[4445878,5700977],"wall_ns":5703084,"stream_errors":0,"mb":16,"cmds_per_leg":2,"elements":0}
PCIE {"t_ms":1790666166373,"test":"conc","trial":0,"copy":"dma","cfg":"h2d/ser","legs":1,"bytes_per_leg":33554432,"leg_ns":[2946267],"wall_ns":2947954,"stream_errors":0,"mb":16,"cmds_per_leg":2,"elements":0}
PCIE {"t_ms":1790666166379,"test":"conc","trial":0,"copy":"dma","cfg":"h2d","legs":1,"bytes_per_leg":33554432,"leg_ns":[5782341],"wall_ns":5784124,"stream_errors":0,"mb":16,"cmds_per_leg":2,"elements":0}
PCIE {"t_ms":1790666166382,"test":"conc","trial":0,"copy":"dma","cfg":"d2h","legs":1,"bytes_per_leg":33554432,"leg_ns":[3117695],"wall_ns":3119450,"stream_errors":0,"mb":16,"cmds_per_leg":2,"elements":0}
PCIE {"t_ms":1790666166385,"test":"conc","trial":1,"copy":"dma","cfg":"h2d/ser","legs":1,"bytes_per_leg":33554432,"leg_ns":[2859137],"wall_ns":2860846,"stream_errors":0,"mb":16,"cmds_per_leg":2,"elements":0}
PCIE {"t_ms":1790666166390,"test":"conc","trial":1,"copy":"dma","cfg":"h2d","legs":1,"bytes_per_leg":33554432,"leg_ns":[5708140],"wall_ns":5709773,"stream_errors":0,"mb":16,"cmds_per_leg":2,"elements":0}
PCIE {"t_ms":1790666166396,"test":"conc","trial":1,"copy":"dma","cfg":"2xh2d/ser","legs":2,"bytes_per_leg":33554432,"leg_ns":[4195907,5591910],"wall_ns":5593664,"stream_errors":0,"mb":16,"cmds_per_leg":2,"elements":0}
PCIE {"t_ms":1790666166399,"test":"conc","trial":1,"copy":"dma","cfg":"d2h/ser","legs":1,"bytes_per_leg":33554432,"leg_ns":[3272308],"wall_ns":3274542,"stream_errors":0,"mb":16,"cmds_per_leg":2,"elements":0}
PCIE {"t_ms":1790666166402,"test":"conc","trial":1,"copy":"dma","cfg":"d2h","legs":1,"bytes_per_leg":33554432,"leg_ns":[3103862],"wall_ns":3106998,"stream_errors":0,"mb":16,"cmds_per_leg":2,"elements":0}
PCIE {"t_ms":1790666166408,"test":"conc","trial":2,"copy":"dma","cfg":"h2d","legs":1,"bytes_per_leg":33554432,"leg_ns":[5702202],"wall_ns":5703903,"stream_errors":0,"mb":16,"cmds_per_leg":2,"elements":0}
PCIE {"t_ms":1790666166411,"test":"conc","trial":2,"copy":"dma","cfg":"h2d/ser","legs":1,"bytes_per_leg":33554432,"leg_ns":[2991598],"wall_ns":2993342,"stream_errors":0,"mb":16,"cmds_per_leg":2,"elements":0}
PCIE {"t_ms":1790666166414,"test":"conc","trial":2,"copy":"dma","cfg":"d2h","legs":1,"bytes_per_leg":33554432,"leg_ns":[3005102],"wall_ns":3006829,"stream_errors":0,"mb":16,"cmds_per_leg":2,"elements":0}
PCIE {"t_ms":1790666166417,"test":"conc","trial":2,"copy":"dma","cfg":"d2h/ser","legs":1,"bytes_per_leg":33554432,"leg_ns":[2624674],"wall_ns":2626809,"stream_errors":0,"mb":16,"cmds_per_leg":2,"elements":0}
PCIE {"t_ms":1790666166422,"test":"conc","trial":2,"copy":"dma","cfg":"2xh2d/ser","legs":2,"bytes_per_leg":33554432,"leg_ns":[4108746,5568816],"wall_ns":5570568,"stream_errors":0,"mb":16,"cmds_per_leg":2,"elements":0}
PCIE {"t_ms":1790666166425,"test":"conc","trial":3,"copy":"dma","cfg":"d2h/ser","legs":1,"bytes_per_leg":33554432,"leg_ns":[3137945],"wall_ns":3139565,"stream_errors":0,"mb":16,"cmds_per_leg":2,"elements":0}
PCIE {"t_ms":1790666166428,"test":"conc","trial":3,"copy":"dma","cfg":"h2d/ser","legs":1,"bytes_per_leg":33554432,"leg_ns":[2942445],"wall_ns":2944216,"stream_errors":0,"mb":16,"cmds_per_leg":2,"elements":0}
PCIE {"t_ms":1790666166434,"test":"conc","trial":3,"copy":"dma","cfg":"2xh2d/ser","legs":2,"bytes_per_leg":33554432,"leg_ns":[4198356,5585825],"wall_ns":5587580,"stream_errors":0,"mb":16,"cmds_per_leg":2,"elements":0}
PCIE {"t_ms":1790666166440,"test":"conc","trial":3,"copy":"dma","cfg":"h2d","legs":1,"bytes_per_leg":33554432,"leg_ns":[5686227],"wall_ns":5687893,"stream_errors":0,"mb":16,"cmds_per_leg":2,"elements":0}
PCIE {"t_ms":1790666166443,"test":"conc","trial":3,"copy":"dma","cfg":"d2h","legs":1,"bytes_per_leg":33554432,"leg_ns":[3215402],"wall_ns":3217036,"stream_errors":0,"mb":16,"cmds_per_leg":2,"elements":0}
PCIE {"t_ms":1790666166448,"test":"conc","trial":4,"copy":"dma","cfg":"2xh2d/ser","legs":2,"bytes_per_leg":33554432,"leg_ns":[4300174,5573256],"wall_ns":5574975,"stream_errors":0,"mb":16,"cmds_per_leg":2,"elements":0}
PCIE {"t_ms":1790666166454,"test":"conc","trial":4,"copy":"dma","cfg":"h2d","legs":1,"bytes_per_leg":33554432,"leg_ns":[5673572],"wall_ns":5675255,"stream_errors":0,"mb":16,"cmds_per_leg":2,"elements":0}
PCIE {"t_ms":1790666166457,"test":"conc","trial":4,"copy":"dma","cfg":"d2h/ser","legs":1,"bytes_per_leg":33554432,"leg_ns":[3312035],"wall_ns":3313725,"stream_errors":0,"mb":16,"cmds_per_leg":2,"elements":0}
PCIE {"t_ms":1790666166460,"test":"conc","trial":4,"copy":"dma","cfg":"h2d/ser","legs":1,"bytes_per_leg":33554432,"leg_ns":[2954221],"wall_ns":2955951,"stream_errors":0,"mb":16,"cmds_per_leg":2,"elements":0}
PCIE {"t_ms":1790666166463,"test":"conc","trial":4,"copy":"dma","cfg":"d2h","legs":1,"bytes_per_leg":33554432,"leg_ns":[3082864],"wall_ns":3084534,"stream_errors":0,"mb":16,"cmds_per_leg":2,"elements":0}
PCIE {"t_ms":1790666166469,"test":"conc","trial":5,"copy":"dma","cfg":"2xh2d/ser","legs":2,"bytes_per_leg":33554432,"leg_ns":[4494242,5794845],"wall_ns":5796491,"stream_errors":0,"mb":16,"cmds_per_leg":2,"elements":0}
PCIE {"t_ms":1790666166472,"test":"conc","trial":5,"copy":"dma","cfg":"d2h/ser","legs":1,"bytes_per_leg":33554432,"leg_ns":[3304548],"wall_ns":3306284,"stream_errors":0,"mb":16,"cmds_per_leg":2,"elements":0}
PCIE {"t_ms":1790666166476,"test":"conc","trial":5,"copy":"dma","cfg":"d2h","legs":1,"bytes_per_leg":33554432,"leg_ns":[3092387],"wall_ns":3094023,"stream_errors":0,"mb":16,"cmds_per_leg":2,"elements":0}
PCIE {"t_ms":1790666166481,"test":"conc","trial":5,"copy":"dma","cfg":"h2d","legs":1,"bytes_per_leg":33554432,"leg_ns":[5680667],"wall_ns":5682324,"stream_errors":0,"mb":16,"cmds_per_leg":2,"elements":0}
PCIE {"t_ms":1790666166484,"test":"conc","trial":5,"copy":"dma","cfg":"h2d/ser","legs":1,"bytes_per_leg":33554432,"leg_ns":[2988180],"wall_ns":2989854,"stream_errors":0,"mb":16,"cmds_per_leg":2,"elements":0}
PCIE {"t_ms":1790666166487,"test":"conc","trial":6,"copy":"dma","cfg":"d2h/ser","legs":1,"bytes_per_leg":33554432,"leg_ns":[2752329],"wall_ns":2754065,"stream_errors":0,"mb":16,"cmds_per_leg":2,"elements":0}
PCIE {"t_ms":1790666166493,"test":"conc","trial":6,"copy":"dma","cfg":"h2d","legs":1,"bytes_per_leg":33554432,"leg_ns":[5626317],"wall_ns":5627988,"stream_errors":0,"mb":16,"cmds_per_leg":2,"elements":0}
PCIE {"t_ms":1790666166496,"test":"conc","trial":6,"copy":"dma","cfg":"d2h","legs":1,"bytes_per_leg":33554432,"leg_ns":[3099556],"wall_ns":3101282,"stream_errors":0,"mb":16,"cmds_per_leg":2,"elements":0}
PCIE {"t_ms":1790666166499,"test":"conc","trial":6,"copy":"dma","cfg":"h2d/ser","legs":1,"bytes_per_leg":33554432,"leg_ns":[2991167],"wall_ns":2992783,"stream_errors":0,"mb":16,"cmds_per_leg":2,"elements":0}
PCIE {"t_ms":1790666166504,"test":"conc","trial":6,"copy":"dma","cfg":"2xh2d/ser","legs":2,"bytes_per_leg":33554432,"leg_ns":[4314152,5596338],"wall_ns":5598143,"stream_errors":0,"mb":16,"cmds_per_leg":2,"elements":0}
PCIE {"t_ms":1790666166510,"test":"conc","trial":7,"copy":"dma","cfg":"h2d","legs":1,"bytes_per_leg":33554432,"leg_ns":[5704554],"wall_ns":5706233,"stream_errors":0,"mb":16,"cmds_per_leg":2,"elements":0}
PCIE {"t_ms":1790666166513,"test":"conc","trial":7,"copy":"dma","cfg":"h2d/ser","legs":1,"bytes_per_leg":33554432,"leg_ns":[2886108],"wall_ns":2887841,"stream_errors":0,"mb":16,"cmds_per_leg":2,"elements":0}
PCIE {"t_ms":1790666166516,"test":"conc","trial":7,"copy":"dma","cfg":"d2h","legs":1,"bytes_per_leg":33554432,"leg_ns":[3212571],"wall_ns":3214229,"stream_errors":0,"mb":16,"cmds_per_leg":2,"elements":0}
PCIE {"t_ms":1790666166519,"test":"conc","trial":7,"copy":"dma","cfg":"d2h/ser","legs":1,"bytes_per_leg":33554432,"leg_ns":[2592654],"wall_ns":2594418,"stream_errors":0,"mb":16,"cmds_per_leg":2,"elements":0}
PCIE {"t_ms":1790666166524,"test":"conc","trial":7,"copy":"dma","cfg":"2xh2d/ser","legs":2,"bytes_per_leg":33554432,"leg_ns":[4295684,5663590],"wall_ns":5665248,"stream_errors":0,"mb":16,"cmds_per_leg":2,"elements":0}
PCIE {"t_ms":1790666166530,"test":"conc","trial":8,"copy":"dma","cfg":"2xh2d/ser","legs":2,"bytes_per_leg":33554432,"leg_ns":[4218758,5620748],"wall_ns":5622406,"stream_errors":0,"mb":16,"cmds_per_leg":2,"elements":0}
PCIE {"t_ms":1790666166533,"test":"conc","trial":8,"copy":"dma","cfg":"h2d/ser","legs":1,"bytes_per_leg":33554432,"leg_ns":[2886314],"wall_ns":2887962,"stream_errors":0,"mb":16,"cmds_per_leg":2,"elements":0}
PCIE {"t_ms":1790666166539,"test":"conc","trial":8,"copy":"dma","cfg":"h2d","legs":1,"bytes_per_leg":33554432,"leg_ns":[5692559],"wall_ns":5694219,"stream_errors":0,"mb":16,"cmds_per_leg":2,"elements":0}
PCIE {"t_ms":1790666166542,"test":"conc","trial":8,"copy":"dma","cfg":"d2h/ser","legs":1,"bytes_per_leg":33554432,"leg_ns":[3145685],"wall_ns":3147956,"stream_errors":0,"mb":16,"cmds_per_leg":2,"elements":0}
PCIE {"t_ms":1790666166545,"test":"conc","trial":8,"copy":"dma","cfg":"d2h","legs":1,"bytes_per_leg":33554432,"leg_ns":[2966968],"wall_ns":2968678,"stream_errors":0,"mb":16,"cmds_per_leg":2,"elements":0}
PCIE {"t_ms":1790666166547,"test":"conc","trial":9,"copy":"dma","cfg":"d2h/ser","legs":1,"bytes_per_leg":33554432,"leg_ns":[2681196],"wall_ns":2682972,"stream_errors":0,"mb":16,"cmds_per_leg":2,"elements":0}
PCIE {"t_ms":1790666166553,"test":"conc","trial":9,"copy":"dma","cfg":"h2d","legs":1,"bytes_per_leg":33554432,"leg_ns":[5699874],"wall_ns":5701540,"stream_errors":0,"mb":16,"cmds_per_leg":2,"elements":0}
PCIE {"t_ms":1790666166556,"test":"conc","trial":9,"copy":"dma","cfg":"h2d/ser","legs":1,"bytes_per_leg":33554432,"leg_ns":[2892254],"wall_ns":2893987,"stream_errors":0,"mb":16,"cmds_per_leg":2,"elements":0}
PCIE {"t_ms":1790666166562,"test":"conc","trial":9,"copy":"dma","cfg":"2xh2d/ser","legs":2,"bytes_per_leg":33554432,"leg_ns":[4277315,5591086],"wall_ns":5592709,"stream_errors":0,"mb":16,"cmds_per_leg":2,"elements":0}
PCIE {"t_ms":1790666166565,"test":"conc","trial":9,"copy":"dma","cfg":"d2h","legs":1,"bytes_per_leg":33554432,"leg_ns":[3224391],"wall_ns":3226148,"stream_errors":0,"mb":16,"cmds_per_leg":2,"elements":0}
PCIE {"t_ms":1790666166568,"test":"conc","trial":10,"copy":"dma","cfg":"h2d/ser","legs":1,"bytes_per_leg":33554432,"leg_ns":[2872096],"wall_ns":2873810,"stream_errors":0,"mb":16,"cmds_per_leg":2,"elements":0}
PCIE {"t_ms":1790666166573,"test":"conc","trial":10,"copy":"dma","cfg":"h2d","legs":1,"bytes_per_leg":33554432,"leg_ns":[5689113],"wall_ns":5690825,"stream_errors":0,"mb":16,"cmds_per_leg":2,"elements":0}
PCIE {"t_ms":1790666166576,"test":"conc","trial":10,"copy":"dma","cfg":"d2h/ser","legs":1,"bytes_per_leg":33554432,"leg_ns":[2643403],"wall_ns":2644998,"stream_errors":0,"mb":16,"cmds_per_leg":2,"elements":0}
PCIE {"t_ms":1790666166579,"test":"conc","trial":10,"copy":"dma","cfg":"d2h","legs":1,"bytes_per_leg":33554432,"leg_ns":[2970627],"wall_ns":2972349,"stream_errors":0,"mb":16,"cmds_per_leg":2,"elements":0}
PCIE {"t_ms":1790666166585,"test":"conc","trial":10,"copy":"dma","cfg":"2xh2d/ser","legs":2,"bytes_per_leg":33554432,"leg_ns":[4259516,5672675],"wall_ns":5674397,"stream_errors":0,"mb":16,"cmds_per_leg":2,"elements":0}
PCIE {"t_ms":1790666166586,"test":"done","which":"conc","elapsed_s":0.431416}
