aifoundry3: 130 configurations x 1 passes, at most 22 min; host build/enercat_v2/host/enercat_host
pass 0 fsub.pi/random/h2: 8 launches (die 57 -> 57 C, 0 heater)
pass 0 flt.s/zeros/h2: 8 launches (die 58 -> 58 C, 0 heater)
pass 0 sh/zeros/h2: 8 launches (die 58 -> 58 C, 0 heater)
pass 0 scpline/stride128/random: 8 launches (die 58 -> 58 C, 0 heater)
pass 0 and/zeros/h2: 8 launches (die 58 -> 58 C, 0 heater)
pass 0 blt_data/zeros/h2: 8 launches (die 57 -> 57 C, 0 heater)
pass 0 fcvt.s.w/zeros/h2: 8 launches (die 57 -> 57 C, 0 heater)
pass 0 div/random/h2: 8 launches (die 58 -> 58 C, 0 heater)
pass 0 amoaddg.d/zeros/h2: 8 launches (die 57 -> 57 C, 0 heater)
pass 0 feq.pi/random/h2: 8 launches (die 57 -> 57 C, 0 heater)
pass 0 fmsub.s/random/h2: 8 launches (die 58 -> 58 C, 0 heater)
pass 0 tload/dram/zeros: 8 launches (die 59 -> 59 C, 0 heater)
pass 0 flt.pi/random/h2: 8 launches (die 58 -> 58 C, 0 heater)
pass 0 fandi.pi/zeros/h2: 8 launches (die 59 -> 59 C, 0 heater)
pass 0 mulw/zeros/h2: 8 launches (die 58 -> 58 C, 0 heater)
pass 0 fcvt.wu.s/random/h2: 8 launches (die 58 -> 58 C, 0 heater)
pass 0 fclass.ps/random/h2: 8 launches (die 58 -> 58 C, 0 heater)
pass 0 mulh/random/h2: 8 launches (die 59 -> 59 C, 0 heater)
pass 0 fmulhu.pi/random/h2: 8 launches (die 58 -> 58 C, 0 heater)
pass 0 addw/random/h2: 8 launches (die 61 -> 61 C, 0 heater)
pass 0 fnmadd.s/zeros/h2: 8 launches (die 58 -> 58 C, 0 heater)
pass 0 amoswapl.w/random/h2: 8 launches (die 60 -> 60 C, 0 heater)
pass 0 lh/random/h2: 8 launches (die 59 -> 59 C, 0 heater)
pass 0 fmadd.ps/const/h2: 8 launches (die 59 -> 59 C, 0 heater)
pass 0 fmul.s/random/h2: 8 launches (die 60 -> 60 C, 0 heater)
pass 0 fmax.pi/zeros/h2: 8 launches (die 60 -> 60 C, 0 heater)
pass 0 lhu/random/h2: 8 launches (die 59 -> 59 C, 0 heater)
pass 0 blt_data/random/h2: 8 launches (die 59 -> 59 C, 0 heater)
pass 0 remuw/zeros/h2: 8 launches (die 58 -> 58 C, 0 heater)
pass 0 feq.s/zeros/h2: 8 launches (die 58 -> 58 C, 0 heater)
pass 0 fmadd.s/random/h2: 8 launches (die 58 -> 58 C, 0 heater)
pass 0 c.li/random/h2: 8 launches (die 60 -> 60 C, 0 heater)
pass 0 lbu/random/h2: 8 launches (die 58 -> 58 C, 0 heater)
pass 0 wire/hop4/random: 8 launches (die 58 -> 58 C, 0 heater)
pass 0 divuw/zeros/h2: 8 launches (die 60 -> 60 C, 0 heater)
pass 0 fmin.ps/zeros/h2: 8 launches (die 58 -> 58 C, 0 heater)
pass 0 fsll.pi/random/h2: 8 launches (die 59 -> 59 C, 0 heater)
pass 0 fsub.ps/random/h2: 8 launches (die 59 -> 59 C, 0 heater)
pass 0 tstore/dram/const: 8 launches (die 61 -> 61 C, 0 heater)
pass 0 fsw.ps/random/h2: 8 launches (die 59 -> 59 C, 0 heater)
pass 0 sraw/random/h2: 8 launches (die 60 -> 60 C, 0 heater)
pass 0 wire/hop2/random: 8 launches (die 59 -> 59 C, 0 heater)
pass 0 fbci.pi/random/h2: 8 launches (die 60 -> 60 C, 0 heater)
pass 0 addw/zeros/h2: 8 launches (die 59 -> 59 C, 0 heater)
pass 0 sll/random/h2: 8 launches (die 59 -> 59 C, 0 heater)
pass 0 fcvt.ps.pw/random/h2: 8 launches (die 59 -> 59 C, 0 heater)
pass 0 ld/const/h2: 8 launches (die 60 -> 60 C, 0 heater)
pass 0 wire/hop3/random: 8 launches (die 59 -> 59 C, 0 heater)
pass 0 feq.s/random/h2: 8 launches (die 61 -> 61 C, 0 heater)
pass 0 bne_nottaken/zeros/h2: 8 launches (die 59 -> 59 C, 0 heater)
pass 0 nop/zeros/h2: 8 launches (die 59 -> 59 C, 0 heater)
pass 0 l1fill/stride64/zeros: 8 launches (die 58 -> 58 C, 0 heater)
pass 0 wire/hop4/zeros: 8 launches (die 59 -> 59 C, 0 heater)
pass 0 amoaddg.w/random/h2: 8 launches (die 59 -> 59 C, 0 heater)
pass 0 remu/zeros/h2: 8 launches (die 58 -> 58 C, 0 heater)
pass 0 srai/zeros/h2: 8 launches (die 58 -> 58 C, 0 heater)
pass 0 feq.ps/zeros/h2: 8 launches (die 58 -> 58 C, 0 heater)
pass 0 flt.s/random/h2: 8 launches (die 59 -> 59 C, 0 heater)
pass 0 fnot.pi/random/h2: 8 launches (die 58 -> 58 C, 0 heater)
pass 0 jal/zeros/h2: 8 launches (die 59 -> 59 C, 0 heater)
pass 0 lb/random/h2: 8 launches (die 58 -> 58 C, 0 heater)
pass 0 flt.pi/zeros/h2: 8 launches (die 58 -> 58 C, 0 heater)
pass 0 rem/random/h2: 8 launches (die 58 -> 58 C, 0 heater)
pass 0 divu/zeros/h2: 8 launches (die 58 -> 58 C, 0 heater)
pass 0 andi/random/h2: 8 launches (die 58 -> 58 C, 0 heater)
pass 0 wire/hop3/zeros: 8 launches (die 58 -> 58 C, 0 heater)
pass 0 wire/hop6/random: 8 launches (die 58 -> 58 C, 0 heater)
pass 0 fsrl.pi/zeros/h2: 8 launches (die 60 -> 60 C, 0 heater)
pass 0 fcvt.wu.s/zeros/h2: 8 launches (die 58 -> 58 C, 0 heater)
pass 0 fnot.pi/zeros/h2: 8 launches (die 58 -> 58 C, 0 heater)
pass 0 fadd.ps/zeros/h2: 8 launches (die 58 -> 58 C, 0 heater)
pass 0 amoswapl.w/zeros/h2: 8 launches (die 59 -> 59 C, 0 heater)
pass 0 l1fill/stride128/random: 8 launches (die 58 -> 58 C, 0 heater)
pass 0 slti/random/h2: 8 launches (die 59 -> 59 C, 0 heater)
pass 0 fmsub.s/zeros/h2: 8 launches (die 58 -> 58 C, 0 heater)
pass 0 flw/random/h2: 8 launches (die 59 -> 59 C, 0 heater)
pass 0 sllw/zeros/h2: 8 launches (die 59 -> 59 C, 0 heater)
pass 0 fsra.pi/random/h2: 8 launches (die 58 -> 58 C, 0 heater)
pass 0 fmulhu.pi/zeros/h2: 8 launches (die 59 -> 59 C, 0 heater)
pass 0 srli/random/h2: 8 launches (die 59 -> 59 C, 0 heater)
pass 0 c.li/zeros/h2: 8 launches (die 58 -> 58 C, 0 heater)
pass 0 fmin.pi/zeros/h2: 8 launches (die 58 -> 58 C, 0 heater)
pass 0 fmv.w.x/random/h2: 8 launches (die 58 -> 58 C, 0 heater)
pass 0 add/random/h1: 8 launches (die 59 -> 59 C, 0 heater)
pass 0 fsgnj.ps/random/h2: 8 launches (die 58 -> 58 C, 0 heater)
pass 0 dramrow2/rowhit/random: 8 launches (die 59 -> 59 C, 0 heater)
pass 0 fmax.ps/zeros/h2: 8 launches (die 58 -> 58 C, 0 heater)
pass 0 fswl.ps/random/h2: 8 launches (die 59 -> 59 C, 0 heater)
pass 0 dramrow/stride8K/zeros: 8 launches (die 59 -> 59 C, 0 heater)
pass 0 fnmsub.s/random/h2: 8 launches (die 59 -> 59 C, 0 heater)
pass 0 fclass.s/zeros/h2: 8 launches (die 60 -> 60 C, 0 heater)
pass 0 bne_nottaken/random/h2: 8 launches (die 59 -> 59 C, 0 heater)
pass 0 fsrli.pi/zeros/h2: 8 launches (die 58 -> 58 C, 0 heater)
pass 0 fadd.pi/zeros/h2: 8 launches (die 58 -> 58 C, 0 heater)
pass 0 fpackreph.pi/zeros/h2: 8 launches (die 59 -> 59 C, 0 heater)
pass 0 div/zeros/h2: 8 launches (die 58 -> 58 C, 0 heater)
pass 0 neigh/2/random: 8 launches (die 58 -> 58 C, 0 heater)
pass 0 fmax.pi/random/h2: 8 launches (die 58 -> 58 C, 0 heater)
pass 0 sd/random/h2: 8 launches (die 59 -> 59 C, 0 heater)
pass 0 beq_taken/random/h2: 8 launches (die 59 -> 59 C, 0 heater)
pass 0 fle.s/zeros/h2: 8 launches (die 58 -> 58 C, 0 heater)
pass 0 fcvt.s.w/random/h2: 8 launches (die 58 -> 58 C, 0 heater)
pass 0 sltiu/zeros/h2: 8 launches (die 59 -> 59 C, 0 heater)
pass 0 fltm.ps/zeros/h2: 8 launches (die 58 -> 58 C, 0 heater)
pass 0 divw/random/h2: 8 launches (die 58 -> 58 C, 0 heater)
pass 0 fmin.s/zeros/h2: 8 launches (die 58 -> 58 C, 0 heater)
pass 0 andi/zeros/h2: 8 launches (die 59 -> 59 C, 0 heater)
pass 0 mulhsu/random/h2: 8 launches (die 58 -> 58 C, 0 heater)
pass 0 amoaddg.d/random/h2: 8 launches (die 58 -> 58 C, 0 heater)
pass 0 fxor.pi/zeros/h2: 8 launches (die 58 -> 58 C, 0 heater)
pass 0 fexp.ps/random/h2: 8 launches (die 58 -> 58 C, 0 heater)
pass 0 ffrc.ps/random/h2: 8 launches (die 60 -> 60 C, 0 heater)
pass 0 fsgnjx.s/zeros/h2: 8 launches (die 60 -> 60 C, 0 heater)
pass 0 frcp.ps/random/h2: 8 launches (die 59 -> 59 C, 0 heater)
pass 0 fmin.s/random/h2: 8 launches (die 60 -> 60 C, 0 heater)
pass 0 fsgnjn.ps/zeros/h2: 8 launches (die 60 -> 60 C, 0 heater)
pass 0 wire/hop1/random: 8 launches (die 59 -> 59 C, 0 heater)
pass 0 slli/random/h2: 8 launches (die 60 -> 60 C, 0 heater)
pass 0 xori/random/h2: 8 launches (die 59 -> 59 C, 0 heater)
pass 0 fnmsub.ps/zeros/h2: 8 launches (die 59 -> 59 C, 0 heater)
pass 0 fle.pi/random/h2: 8 launches (die 60 -> 60 C, 0 heater)
pass 0 add/zeros/h2: 8 launches (die 60 -> 60 C, 0 heater)
pass 0 wire/hop8/random: 8 launches (die 59 -> 59 C, 0 heater)
pass 0 fbcx.ps/zeros/h2: 8 launches (die 59 -> 59 C, 0 heater)
pass 0 fence/zeros/h2: 8 launches (die 59 -> 59 C, 0 heater)
pass 0 mulhsu/zeros/h2: 8 launches (die 58 -> 58 C, 0 heater)
pass 0 srl/random/h2: 8 launches (die 58 -> 58 C, 0 heater)
pass 0 fcvt.s.wu/zeros/h2: 8 launches (die 58 -> 58 C, 0 heater)
pass 0 fclass.ps/zeros/h2: 8 launches (die 59 -> 59 C, 0 heater)
pass 0 fcvt.w.s/random/h2: 8 launches (die 59 -> 59 C, 0 heater)
done
