Opening device 1
PCIE {"t_ms":1790545033702,"test":"open","open_ns":130425039,"link":[{"bdf":"0000:01:00.0","speed":"16.0 GT/s PCIe","width":"8","max_speed":"16.0 GT/s PCIe","max_width":"8","cma_allocated":"0 MB"},{"bdf":"0000:02:00.0","speed":"16.0 GT/s PCIe","width":"8","max_speed":"16.0 GT/s PCIe","max_width":"8","cma_allocated":"2057 MB"}]}
PCIE {"t_ms":1790545033920,"test":"verify","bytes":1048576,"equal":true}
PCIE {"t_ms":1790545033951,"test":"bw","dir":"h2d","copy":"staged","bytes":4096,"warm_ns":619813,"ns":[618949,584331,295076,671802,212079,187652,220010,165930,571829,224123,220295,569879,103983,568697,155522,220483,568591,569717,182496,106599],"stream_errors":0}
PCIE {"t_ms":1790545033951,"test":"bw","dir":"h2d","copy":"dma","bytes":4096,"warm_ns":503126,"ns":[451567,338287,269639,340715,316432,213563,218463,190453,200499,171453,100311,208177,569679,156920,569312,569385,160177,102881,102521,120806],"stream_errors":0}
PCIE {"t_ms":1790545033951,"test":"bw","dir":"d2h","copy":"staged","bytes":4096,"warm_ns":400872,"ns":[829801,796966,645130,582368,227285,235197,237730,292798,198336,194037,292326,580935,583721,116579,609950,578742,114078,543517,582627,130051],"stream_errors":0}
PCIE {"t_ms":1790545033951,"test":"bw","dir":"d2h","copy":"dma","bytes":4096,"warm_ns":724010,"ns":[335513,706104,799373,212457,189613,140904,236179,231381,145735,273105,169442,580038,111926,166342,127602,112687,125501,110141,117738,122708],"stream_errors":0}
PCIE {"t_ms":1790545033985,"test":"bw","dir":"h2d","copy":"staged","bytes":8192,"warm_ns":173518,"ns":[207758,564312,212114,197184,175033,620731,214258,200404,610654,569040,206635,731019,561965,603809,145873,544303,115383,566950,101676,569882],"stream_errors":0}
PCIE {"t_ms":1790545033985,"test":"bw","dir":"h2d","copy":"dma","bytes":8192,"warm_ns":621628,"ns":[154010,153821,690816,99532,618548,160769,229223,550274,204868,562659,154325,535627,205691,637615,237618,569383,581812,569044,674838,158290],"stream_errors":0}
PCIE {"t_ms":1790545033985,"test":"bw","dir":"d2h","copy":"staged","bytes":8192,"warm_ns":576656,"ns":[615253,212229,582134,574995,590600,587690,194140,588075,631102,222077,620411,263125,229652,638750,158603,110507,168367,111565,111183,113992],"stream_errors":0}
PCIE {"t_ms":1790545033985,"test":"bw","dir":"d2h","copy":"dma","bytes":8192,"warm_ns":220294,"ns":[769199,585842,640561,171404,228639,209629,568344,587531,608982,588246,625739,588555,579296,581341,584166,581324,111350,583707,554277,128834],"stream_errors":0}
PCIE {"t_ms":1790545034015,"test":"bw","dir":"h2d","copy":"staged","bytes":16384,"warm_ns":153457,"ns":[674990,198684,221035,175860,104820,206459,102270,568228,206050,115786,569583,569323,103486,99597,669228,641786,134725,115808,145563,544442],"stream_errors":0}
PCIE {"t_ms":1790545034015,"test":"bw","dir":"h2d","copy":"dma","bytes":16384,"warm_ns":566819,"ns":[1116062,206390,615770,160891,571260,203556,115254,104139,203296,204273,102848,205847,104210,105141,97911,102517,143152,103611,154928,672023],"stream_errors":0}
PCIE {"t_ms":1790545034015,"test":"bw","dir":"d2h","copy":"staged","bytes":16384,"warm_ns":585587,"ns":[629799,229977,220456,127624,110787,112068,580914,582805,217418,118158,580788,585942,582886,574831,160664,704846,126848,704161,716891,711714],"stream_errors":0}
PCIE {"t_ms":1790545034015,"test":"bw","dir":"d2h","copy":"dma","bytes":16384,"warm_ns":934697,"ns":[583250,169587,634460,191504,578720,584483,114376,578592,582527,577729,577577,209762,125397,216305,704296,599592,717198,92517,151213,149695],"stream_errors":0}
PCIE {"t_ms":1790545034041,"test":"bw","dir":"h2d","copy":"staged","bytes":32768,"warm_ns":179463,"ns":[568680,144832,676728,571243,103714,180281,115738,103832,116836,100693,99947,568752,566836,100845,101483,570115,567238,101563,569792,91217],"stream_errors":0}
PCIE {"t_ms":1790545034041,"test":"bw","dir":"h2d","copy":"dma","bytes":32768,"warm_ns":699285,"ns":[101691,100576,163828,169511,101690,100236,90492,569919,99310,101634,570724,98263,101189,568260,99093,104165,103809,100538,567950,103663],"stream_errors":0}
PCIE {"t_ms":1790545034041,"test":"bw","dir":"d2h","copy":"staged","bytes":32768,"warm_ns":104296,"ns":[113794,706760,679544,112005,107645,579884,579328,112556,121453,582099,115342,172213,544724,111927,537701,114145,581516,537015,583164,112431],"stream_errors":0}
PCIE {"t_ms":1790545034041,"test":"bw","dir":"d2h","copy":"dma","bytes":32768,"warm_ns":109036,"ns":[114582,129325,661147,581520,128234,128328,577026,578529,112605,129438,580959,582201,581925,582051,577391,530183,112875,111061,166136,580156],"stream_errors":0}
PCIE {"t_ms":1790545034069,"test":"bw","dir":"h2d","copy":"staged","bytes":65536,"warm_ns":534405,"ns":[108360,105333,98502,531784,100704,103005,569983,570762,103457,98487,103378,105065,100802,100686,571099,569620,105048,104227,569593,95165],"stream_errors":0}
PCIE {"t_ms":1790545034069,"test":"bw","dir":"h2d","copy":"dma","bytes":65536,"warm_ns":570832,"ns":[96782,569004,99431,101388,522738,97747,104501,100269,98230,567987,567866,96621,99870,568411,101654,99779,175753,569395,102853,111895],"stream_errors":0}
PCIE {"t_ms":1790545034069,"test":"bw","dir":"d2h","copy":"staged","bytes":65536,"warm_ns":584672,"ns":[583168,580441,115022,584368,581282,587458,580946,587295,104859,586704,582190,585414,581995,582128,113215,112990,584647,129661,111846,127894],"stream_errors":0}
PCIE {"t_ms":1790545034069,"test":"bw","dir":"d2h","copy":"dma","bytes":65536,"warm_ns":106353,"ns":[112821,579496,582918,110484,577178,126638,112360,104353,582711,578231,114659,109684,581437,580307,580778,567610,109997,578799,578231,579106],"stream_errors":0}
PCIE {"t_ms":1790545034097,"test":"bw","dir":"h2d","copy":"staged","bytes":131072,"warm_ns":177280,"ns":[102011,95975,521125,100938,567466,165283,201844,202780,569254,95729,117337,101553,115960,567988,571013,104654,198560,103925,570391,99519],"stream_errors":0}
PCIE {"t_ms":1790545034097,"test":"bw","dir":"h2d","copy":"dma","bytes":131072,"warm_ns":567824,"ns":[97382,569382,96332,96207,568025,100558,568391,93285,567305,567468,98563,100793,101274,94088,567954,95001,567075,569794,98394,568083],"stream_errors":0}
PCIE {"t_ms":1790545034097,"test":"bw","dir":"d2h","copy":"staged","bytes":131072,"warm_ns":585938,"ns":[118170,120755,586408,586000,586230,582853,546851,136980,118083,588983,118209,584390,111980,119924,116733,587904,118601,584626,111939,117084],"stream_errors":0}
PCIE {"t_ms":1790545034097,"test":"bw","dir":"d2h","copy":"dma","bytes":131072,"warm_ns":106601,"ns":[563581,578584,112205,534046,106715,111223,112289,582927,581930,104982,579563,583670,177143,583198,581661,107007,582581,579131,579116,579500],"stream_errors":0}
PCIE {"t_ms":1790545034126,"test":"bw","dir":"h2d","copy":"staged","bytes":262144,"warm_ns":177798,"ns":[208793,207469,189488,204196,567363,194363,207337,206674,568167,205658,192175,205583,199697,189147,531338,568994,202595,569341,209432,207051],"stream_errors":0}
PCIE {"t_ms":1790545034126,"test":"bw","dir":"h2d","copy":"dma","bytes":262144,"warm_ns":569745,"ns":[568161,198625,569659,190649,203763,203890,116886,189483,204397,567717,569536,116043,190153,104156,191695,532960,191857,191086,190183,116774],"stream_errors":0}
PCIE {"t_ms":1790545034126,"test":"bw","dir":"d2h","copy":"staged","bytes":262144,"warm_ns":596992,"ns":[593475,594085,570324,126922,596156,593405,590599,143016,596432,139835,124075,217880,590603,596186,126460,594661,125028,128956,593269,592324],"stream_errors":0}
PCIE {"t_ms":1790545034126,"test":"bw","dir":"d2h","copy":"dma","bytes":262144,"warm_ns":176413,"ns":[110676,202168,201039,579971,201345,581939,535434,188820,194050,582131,129994,168578,580696,578340,580496,201499,581251,579881,579518,580360],"stream_errors":0}
PCIE {"t_ms":1790545034153,"test":"bw","dir":"h2d","copy":"staged","bytes":524288,"warm_ns":167914,"ns":[181299,176628,206011,178200,207106,568077,205959,569600,211161,204145,180548,219278,572152,205638,203151,572142,209030,567287,176787,178354],"stream_errors":0}
PCIE {"t_ms":1790545034153,"test":"bw","dir":"h2d","copy":"dma","bytes":524288,"warm_ns":569768,"ns":[204692,205555,215893,163464,176727,570786,220835,179602,219963,180552,569104,177156,567643,194959,182546,567351,219065,205779,218497,214191],"stream_errors":0}
PCIE {"t_ms":1790545034153,"test":"bw","dir":"d2h","copy":"staged","bytes":524288,"warm_ns":609267,"ns":[610310,243130,152240,242854,251288,240891,214983,605650,152614,217500,607528,246225,608115,253119,209359,579009,609377,212632,247203,246315],"stream_errors":0}
PCIE {"t_ms":1790545034153,"test":"bw","dir":"d2h","copy":"dma","bytes":524288,"warm_ns":189765,"ns":[576404,582211,580943,579719,579742,554123,193240,126894,216620,581327,199864,215442,186879,582470,582836,187010,215044,192378,580099,579779],"stream_errors":0}
PCIE {"t_ms":1790545034187,"test":"bw","dir":"h2d","copy":"staged","bytes":1048576,"warm_ns":541040,"ns":[220597,571433,250133,257914,219194,205416,242028,305506,570963,264103,307623,569833,255821,212371,573158,574990,289029,515621,615414,627481],"stream_errors":0}
PCIE {"t_ms":1790545034187,"test":"bw","dir":"h2d","copy":"dma","bytes":1048576,"warm_ns":569460,"ns":[208421,248554,207409,204016,253085,568784,567459,568917,568642,205517,568733,205748,198968,264390,586161,203577,568032,304754,521205,243966],"stream_errors":0}
PCIE {"t_ms":1790545034187,"test":"bw","dir":"d2h","copy":"staged","bytes":1048576,"warm_ns":636538,"ns":[290980,268495,638466,285246,272130,285724,285772,646522,641442,276650,639514,637321,637444,633804,631050,270018,271312,310957,323117,352305],"stream_errors":0}
PCIE {"t_ms":1790545034187,"test":"bw","dir":"d2h","copy":"dma","bytes":1048576,"warm_ns":237162,"ns":[213501,233700,161175,231713,579655,582823,159596,258150,261118,587200,170724,235848,578465,228623,581041,584274,583056,588022,633514,643771],"stream_errors":0}
PCIE {"t_ms":1790545034231,"test":"bw","dir":"h2d","copy":"staged","bytes":2097152,"warm_ns":589014,"ns":[379020,647719,562772,569587,402734,411719,642911,560257,571337,427005,573524,413414,566256,404082,394667,645763,409699,578403,641127,400991],"stream_errors":0}
PCIE {"t_ms":1790545034231,"test":"bw","dir":"h2d","copy":"dma","bytes":2097152,"warm_ns":515006,"ns":[295619,636111,654520,298504,393853,582856,406097,636300,570754,413484,303172,320722,405112,299597,568207,406944,353762,300350,375751,632580],"stream_errors":0}
PCIE {"t_ms":1790545034231,"test":"bw","dir":"d2h","copy":"staged","bytes":2097152,"warm_ns":749668,"ns":[376656,695958,765725,378075,425987,709340,705218,696231,479401,430728,391406,696082,693148,703966,647655,705595,690146,699542,684634,712406],"stream_errors":0}
PCIE {"t_ms":1790545034231,"test":"bw","dir":"d2h","copy":"dma","bytes":2097152,"warm_ns":658788,"ns":[666807,650314,582094,703979,592974,644629,328980,312631,267295,650028,567843,320589,587151,308328,587652,330143,634564,309919,309074,591482],"stream_errors":0}
PCIE {"t_ms":1790545034277,"test":"bw","dir":"h2d","copy":"staged","bytes":4194304,"warm_ns":852653,"ns":[786673,735104,680041,731858,725843,663274,729910,705266,793340,664979,716123,717491,690889,682522,631851,693011],"stream_errors":0}
PCIE {"t_ms":1790545034277,"test":"bw","dir":"h2d","copy":"dma","bytes":4194304,"warm_ns":598715,"ns":[517357,513756,608856,512440,531584,630222,568502,581788,618993,555222,621443,600594,616392,523376,567346,573342],"stream_errors":0}
PCIE {"t_ms":1790545034277,"test":"bw","dir":"d2h","copy":"staged","bytes":4194304,"warm_ns":766413,"ns":[778023,773446,764603,774638,778860,865641,892292,842254,845163,905978,805607,829181,832928,796666,901990,779407],"stream_errors":0}
PCIE {"t_ms":1790545034277,"test":"bw","dir":"d2h","copy":"dma","bytes":4194304,"warm_ns":637117,"ns":[579543,627341,549291,636651,580663,636233,686790,666048,640751,639511,544537,597768,540634,699802,646278,627791],"stream_errors":0}
PCIE {"t_ms":1790545034319,"test":"bw","dir":"h2d","copy":"staged","bytes":8388608,"warm_ns":1367692,"ns":[1239443,1273375,1233309,1344588,1344696,1340260,1357841,1326951],"stream_errors":0}
PCIE {"t_ms":1790545034319,"test":"bw","dir":"h2d","copy":"dma","bytes":8388608,"warm_ns":875647,"ns":[949860,1028598,932181,1010928,1089174,923368,1068123,949966],"stream_errors":0}
PCIE {"t_ms":1790545034319,"test":"bw","dir":"d2h","copy":"staged","bytes":8388608,"warm_ns":1408959,"ns":[1253129,1346099,1293865,1455723,1480929,1465273,1384129,1294763],"stream_errors":0}
PCIE {"t_ms":1790545034319,"test":"bw","dir":"d2h","copy":"dma","bytes":8388608,"warm_ns":888109,"ns":[847756,855570,988085,901142,980053,1014045,1097861,1035042],"stream_errors":0}
PCIE {"t_ms":1790545034359,"test":"bw","dir":"h2d","copy":"staged","bytes":16777216,"warm_ns":2630091,"ns":[2400690,2450505,2391571,2323568],"stream_errors":0}
PCIE {"t_ms":1790545034359,"test":"bw","dir":"h2d","copy":"dma","bytes":16777216,"warm_ns":1602877,"ns":[1609762,1588745,1643596,1672080],"stream_errors":0}
PCIE {"t_ms":1790545034359,"test":"bw","dir":"d2h","copy":"staged","bytes":16777216,"warm_ns":2544476,"ns":[2420325,2314344,2252707,2302657],"stream_errors":0}
PCIE {"t_ms":1790545034359,"test":"bw","dir":"d2h","copy":"dma","bytes":16777216,"warm_ns":1480194,"ns":[1471584,1481081,1408655,1604370],"stream_errors":0}
PCIE {"t_ms":1790545034423,"test":"bw","dir":"h2d","copy":"staged","bytes":33554432,"warm_ns":5145655,"ns":[4588401,4444174,4513629],"stream_errors":0}
PCIE {"t_ms":1790545034423,"test":"bw","dir":"h2d","copy":"dma","bytes":33554432,"warm_ns":3046356,"ns":[3039004,3065234,3021039],"stream_errors":0}
PCIE {"t_ms":1790545034423,"test":"bw","dir":"d2h","copy":"staged","bytes":33554432,"warm_ns":5410299,"ns":[5439842,4294749,5390959],"stream_errors":0}
PCIE {"t_ms":1790545034423,"test":"bw","dir":"d2h","copy":"dma","bytes":33554432,"warm_ns":2872648,"ns":[2886215,3704447,3765270],"stream_errors":0}
PCIE {"t_ms":1790545034551,"test":"bw","dir":"h2d","copy":"staged","bytes":67108864,"warm_ns":9957074,"ns":[8791740,8837788,8821960],"stream_errors":0}
PCIE {"t_ms":1790545034551,"test":"bw","dir":"h2d","copy":"dma","bytes":67108864,"warm_ns":5730631,"ns":[5673616,5663679,5610545],"stream_errors":0}
PCIE {"t_ms":1790545034551,"test":"bw","dir":"d2h","copy":"staged","bytes":67108864,"warm_ns":10238659,"ns":[9935289,10168752,10198100],"stream_errors":0}
PCIE {"t_ms":1790545034551,"test":"bw","dir":"d2h","copy":"dma","bytes":67108864,"warm_ns":6710872,"ns":[7054678,6961900,6971422],"stream_errors":0}
PCIE {"t_ms":1790545034797,"test":"bw","dir":"h2d","copy":"staged","bytes":134217728,"warm_ns":19373516,"ns":[17468673,17346542,17312391],"stream_errors":0}
PCIE {"t_ms":1790545034797,"test":"bw","dir":"h2d","copy":"dma","bytes":134217728,"warm_ns":10991299,"ns":[10958804,10900183,10921186],"stream_errors":0}
PCIE {"t_ms":1790545034797,"test":"bw","dir":"d2h","copy":"staged","bytes":134217728,"warm_ns":19659677,"ns":[19506072,19342079,19651419],"stream_errors":0}
PCIE {"t_ms":1790545034797,"test":"bw","dir":"d2h","copy":"dma","bytes":134217728,"warm_ns":13022435,"ns":[13214569,13171831,13276067],"stream_errors":0}
PCIE {"t_ms":1790545035280,"test":"bw","dir":"h2d","copy":"staged","bytes":268435456,"warm_ns":36106352,"ns":[34525598,34543395,34640266],"stream_errors":0}
PCIE {"t_ms":1790545035280,"test":"bw","dir":"h2d","copy":"dma","bytes":268435456,"warm_ns":21581642,"ns":[21465957,21581213,21556622],"stream_errors":0}
PCIE {"t_ms":1790545035280,"test":"bw","dir":"d2h","copy":"staged","bytes":268435456,"warm_ns":38677726,"ns":[38295124,38660893,38621692],"stream_errors":0}
PCIE {"t_ms":1790545035280,"test":"bw","dir":"d2h","copy":"dma","bytes":268435456,"warm_ns":25699593,"ns":[25697741,25933396,25633333],"stream_errors":0}
PCIE {"t_ms":1790545035295,"test":"done","which":"bw","elapsed_s":1.723472}
