2026-09-29T03:52:07 done vexh C0 t=1 cores rc=0 0.00s
2026-09-29T03:52:07 done vexh C0 t=2 cores rc=0 0.00s
2026-09-29T03:52:07 done vexh C0 t=4 cores rc=0 0.00s
2026-09-29T03:52:08 done vexh C0 t=6 cores rc=0 0.00s
2026-09-29T03:52:08 done vexh C0 t=2 smt2 rc=0 0.00s
2026-09-29T03:52:08 done vexh C1 t=1 cores rc=0 0.08s
2026-09-29T03:52:08 done vexh C1 t=2 cores rc=0 0.04s
2026-09-29T03:52:08 done vexh C1 t=4 cores rc=0 0.02s
2026-09-29T03:52:09 done vexh C1 t=6 cores rc=0 0.01s
2026-09-29T03:52:09 done vexh C1 t=2 smt2 rc=0 0.08s
2026-09-29T03:52:14 done vexh L1 t=1 cores rc=0 5.15s
2026-09-29T03:52:17 done vexh L1 t=2 cores rc=0 2.57s
2026-09-29T03:52:18 done vexh L1 t=4 cores rc=0 1.31s
2026-09-29T03:52:19 done vexh L1 t=6 cores rc=0 0.91s
2026-09-29T03:52:25 done vexh L1 t=2 smt2 rc=0 5.46s
2026-09-29T03:52:45 done vexh L2 t=1 cores rc=0 19.71s
2026-09-29T03:52:55 done vexh L2 t=2 cores rc=0 9.88s
2026-09-29T03:53:00 done vexh L2 t=4 cores rc=0 5.20s
2026-09-29T03:53:04 done vexh L2 t=6 cores rc=0 3.49s
2026-09-29T03:53:23 done vexh L2 t=2 smt2 rc=0 19.19s
2026-09-29T03:54:38 done vexh F5 t=1 cores rc=0 74.30s
2026-09-29T03:55:14 done vexh F5 t=2 cores rc=0 36.65s
2026-09-29T03:55:33 done vexh F5 t=4 cores rc=0 18.95s
2026-09-29T03:55:47 done vexh F5 t=6 cores rc=0 13.17s
2026-09-29T03:56:55 done vexh F5 t=2 smt2 rc=0 68.14s
2026-09-29T03:57:33 done vexh L5/64 t=1 cores rc=0 37.73s
2026-09-29T03:57:44 done vexh L2 two-stage m1=832 t=1 cores rc=0 11.39s
2026-09-29T03:57:57 done vexh L2 two-stage m1=1024 t=1 cores rc=0 12.36s
2026-09-29T03:58:40 done vexh F5 two-stage m1=1024 t=1 cores rc=0 42.98s
2026-09-29T03:59:31 done vexh F5 two-stage m1=1280 t=1 cores rc=0 51.03s
2026-09-29T03:59:52 done vexh L5/64 two-stage m1=1024 t=1 cores rc=0 20.58s
2026-09-29T04:00:16 done vexh L5/64 two-stage m1=1280 t=1 cores rc=0 23.64s
2026-09-29T04:00:16 done batch B1 t=1 cores rc=0 0.28s
2026-09-29T04:00:35 done vexh L5/64 t=2 cores rc=0 18.77s
2026-09-29T04:00:41 done vexh L2 two-stage m1=832 t=2 cores rc=0 6.20s
2026-09-29T04:00:48 done vexh L2 two-stage m1=1024 t=2 cores rc=0 6.69s
2026-09-29T04:01:10 done vexh F5 two-stage m1=1024 t=2 cores rc=0 21.44s
2026-09-29T04:01:37 done vexh F5 two-stage m1=1280 t=2 cores rc=0 26.53s
2026-09-29T04:01:48 done vexh L5/64 two-stage m1=1024 t=2 cores rc=0 11.03s
2026-09-29T04:02:00 done vexh L5/64 two-stage m1=1280 t=2 cores rc=0 12.31s
2026-09-29T04:02:00 done batch B1 t=2 cores rc=0 0.14s
2026-09-29T04:02:10 done vexh L5/64 t=4 cores rc=0 9.81s
2026-09-29T04:02:14 done vexh L2 two-stage m1=832 t=4 cores rc=0 3.02s
2026-09-29T04:02:17 done vexh L2 two-stage m1=1024 t=4 cores rc=0 3.29s
2026-09-29T04:02:28 done vexh F5 two-stage m1=1024 t=4 cores rc=0 11.27s
2026-09-29T04:02:42 done vexh F5 two-stage m1=1280 t=4 cores rc=0 13.39s
2026-09-29T04:02:47 done vexh L5/64 two-stage m1=1024 t=4 cores rc=0 5.34s
2026-09-29T04:02:54 done vexh L5/64 two-stage m1=1280 t=4 cores rc=0 6.23s
2026-09-29T04:02:54 done batch B1 t=4 cores rc=0 0.07s
2026-09-29T04:03:01 done vexh L5/64 t=6 cores rc=0 6.79s
2026-09-29T04:03:03 done vexh L2 two-stage m1=832 t=6 cores rc=0 2.12s
2026-09-29T04:03:06 done vexh L2 two-stage m1=1024 t=6 cores rc=0 2.24s
2026-09-29T04:03:14 done vexh F5 two-stage m1=1024 t=6 cores rc=0 7.81s
2026-09-29T04:03:23 done vexh F5 two-stage m1=1280 t=6 cores rc=0 9.33s
2026-09-29T04:03:27 done vexh L5/64 two-stage m1=1024 t=6 cores rc=0 3.73s
2026-09-29T04:03:31 done vexh L5/64 two-stage m1=1280 t=6 cores rc=0 4.28s
2026-09-29T04:03:32 done batch B1 t=6 cores rc=0 0.05s
2026-09-29T04:04:08 done vexh L5/64 t=2 smt2 rc=0 36.20s
2026-09-29T04:04:08 done batch B1 t=2 smt2 rc=0 0.26s
2026-09-29T04:04:10 done batch B1 vexh-per-instance t=1 cores rc=0 1.33s
2026-09-29T04:04:10 done batch B1 vexh-per-instance t=6 cores rc=0 0.24s
2026-09-29T04:04:11 done vexh sums L1 t=6 cores rc=0 0.23s
2026-09-29T04:04:11 done vexh sums L2 t=6 cores rc=0 0.73s
2026-09-29T04:04:14 done vexh sums F5 t=6 cores rc=0 2.65s
2026-09-29T04:04:14 done spref C1 t=6 cores rc=0 0.01s
2026-09-29T04:04:16 done spref L1 t=6 cores rc=0 1.90s
2026-09-29T04:04:20 done spref L2 t=6 cores rc=0 3.02s
2026-09-29T04:04:24 done spref L5/64 two-stage stage 1 (plan slice 0 of 64) t=6 cores rc=0 3.77s
2026-09-29T04:04:27 done spref L2 plan t=6 cores rc=0 3.02s
2026-09-29T04:04:32 done spbits L1 t=1 cores rc=0 4.73s
2026-09-29T04:04:33 done spbits L1 t=6 cores rc=0 0.83s
2026-09-29T04:04:42 done spbits L2 t=1 cores rc=0 9.61s
2026-09-29T04:04:44 done spbits L2 t=6 cores rc=0 1.67s
2026-09-29T04:04:44 done mitm C0 t=6 cores rc=0 0.00s
2026-09-29T04:04:44 done mitm C0 t=6 cores rc=0 0.00s
2026-09-29T04:04:45 done mitm C0 t=6 cores rc=0 0.00s
2026-09-29T04:04:45 done mitm C0 t=6 cores rc=0 0.00s
2026-09-29T04:04:45 done mitm C0 t=6 cores rc=0 0.00s
2026-09-29T04:04:45 done mitm C0 t=1 cores rc=0 0.00s
2026-09-29T04:04:45 done mitm C0 t=1 cores rc=0 0.00s
2026-09-29T04:04:45 done mitm C1 t=6 cores rc=0 0.00s
2026-09-29T04:04:45 done mitm C1 t=6 cores rc=0 0.00s
2026-09-29T04:04:46 done mitm C1 t=6 cores rc=0 0.00s
2026-09-29T04:04:46 done mitm C1 t=6 cores rc=0 0.00s
2026-09-29T04:04:46 done mitm C1 t=6 cores rc=0 0.00s
2026-09-29T04:04:46 done mitm C1 t=1 cores rc=0 0.00s
2026-09-29T04:04:46 done mitm C1 t=1 cores rc=0 0.00s
2026-09-29T04:04:46 done mitm L1 t=6 cores rc=0 0.12s
2026-09-29T04:04:47 done mitm L1 t=6 cores rc=0 0.02s
2026-09-29T04:04:47 done mitm L1 t=6 cores rc=0 0.03s
2026-09-29T04:04:47 done mitm L1 t=6 cores rc=0 0.17s
2026-09-29T04:04:48 done mitm L1 t=6 cores rc=0 0.26s
2026-09-29T04:04:48 done mitm L1 t=6 cores rc=0 0.11s
2026-09-29T04:04:48 done mitm L1 t=6 cores rc=0 0.05s
2026-09-29T04:04:48 done mitm L1 t=6 cores rc=0 0.22s
2026-09-29T04:04:49 done mitm L1 t=6 cores rc=0 0.15s
2026-09-29T04:04:49 done mitm L1 t=6 cores rc=0 0.11s
2026-09-29T04:04:50 done mitm L1 t=1 cores rc=0 0.66s
2026-09-29T04:04:50 done mitm L1 t=1 cores rc=0 0.10s
2026-09-29T04:04:56 done mitm L2 t=6 cores rc=0 5.72s
2026-09-29T04:04:59 done mitm L2 t=6 cores rc=0 3.41s
2026-09-29T04:05:00 done mitm L2 t=6 cores rc=0 0.65s
2026-09-29T04:05:03 done mitm L2 t=6 cores rc=0 2.39s
2026-09-29T04:05:05 done mitm L2 t=6 cores rc=0 2.52s
2026-09-29T04:05:14 done mitm L2 t=6 cores rc=0 8.55s
2026-09-29T04:05:15 done mitm L2 t=6 cores rc=0 0.59s
2026-09-29T04:05:24 done mitm L2 t=6 cores rc=0 8.68s
2026-09-29T04:05:32 done mitm L2 t=6 cores rc=0 8.06s
2026-09-29T04:05:33 done mitm L2 t=6 cores rc=0 0.55s
2026-09-29T04:06:06 done mitm L2 t=1 cores rc=0 33.19s
2026-09-29T04:06:26 done mitm L2 t=1 cores rc=0 19.62s
2026-09-29T04:06:41 done mitm F5 t=6 cores rc=0 15.69s
2026-09-29T04:06:47 done mitm F5 t=6 cores rc=0 5.67s
2026-09-29T04:06:59 done mitm F5 t=6 cores rc=0 11.93s
2026-09-29T04:07:00 done mitm F5 reps t=6 cores rc=0 0.37s
2026-09-29T04:07:01 done mitm L5 reps t=6 cores rc=0 0.85s
2026-09-29T04:07:02 done mitm L1 r-sweep t=6 cores rc=0 0.52s
2026-09-29T04:07:02 done mitm L1 r-sweep t=6 cores rc=0 0.29s
2026-09-29T04:07:02 done mitm L1 r-sweep t=6 cores rc=0 0.20s
2026-09-29T04:07:03 done mitm L1 r-sweep t=6 cores rc=0 0.13s
2026-09-29T04:07:03 done mitm L1 r-sweep t=6 cores rc=0 0.08s
2026-09-29T04:07:03 done mitm L1 r-sweep t=6 cores rc=0 0.05s
2026-09-29T04:07:03 done mitm L1 r-sweep t=6 cores rc=0 0.04s
2026-09-29T04:07:03 done mitm L1 r-sweep t=6 cores rc=0 0.03s
2026-09-29T04:07:04 done mitm L1 r-sweep no-split t=6 cores rc=0 0.67s
2026-09-29T04:07:06 done mitm L2 r-sweep t=6 cores rc=0 1.22s
2026-09-29T04:07:06 done mitm L2 r-sweep t=6 cores rc=0 0.65s
2026-09-29T04:07:07 done mitm L2 r-sweep t=6 cores rc=0 0.39s
2026-09-29T04:07:07 done mitm L2 r-sweep t=6 cores rc=0 0.23s
2026-09-29T04:07:08 done mitm L2 r-sweep t=6 cores rc=0 0.13s
2026-09-29T04:07:08 done mitm L2 r-sweep t=6 cores rc=0 0.08s
2026-09-29T04:07:08 done mitm L2 r-sweep t=6 cores rc=0 0.05s
2026-09-29T04:07:08 done mitm L2 r-sweep t=6 cores rc=0 0.04s
2026-09-29T04:07:10 done mitm L2 r-sweep no-split t=6 cores rc=0 1.37s
2026-09-29T04:07:10 all done
