PCIE {"t_ms":1790546458936,"test":"open","open_ns":137543995,"link":[{"bdf":"0000:02:00.0","speed":"16.0 GT/s PCIe","width":"8","max_speed":"16.0 GT/s PCIe","max_width":"8","cma_allocated":"2057 MB"}]}
PCIE {"t_ms":1790546459160,"test":"verify","bytes":1048576,"equal":true}
PCIE {"t_ms":1790546459185,"test":"bw","dir":"h2d","copy":"staged","bytes":4096,"warm_ns":281722,"ns":[272539,188567,109162,121744,106003,106520,180822,105561,116906,122568,105090,119495,99718,616850,676291,110063,102425,99920,674367,180901],"stream_errors":0}
PCIE {"t_ms":1790546459185,"test":"bw","dir":"h2d","copy":"dma","bytes":4096,"warm_ns":242811,"ns":[268985,116317,118091,103545,105019,199874,672610,613996,104626,102566,119323,617470,103077,106764,100058,635275,670233,556482,107896,561072],"stream_errors":0}
PCIE {"t_ms":1790546459185,"test":"bw","dir":"d2h","copy":"staged","bytes":4096,"warm_ns":262522,"ns":[267431,177348,185045,587142,131290,137695,669540,115163,131740,113294,117823,113531,587895,688061,582913,614321,109144,202508,682865,683625],"stream_errors":0}
PCIE {"t_ms":1790546459185,"test":"bw","dir":"d2h","copy":"dma","bytes":4096,"warm_ns":231559,"ns":[129325,162237,688338,133470,130099,128474,582507,114175,130667,122217,130306,130597,115313,583333,117200,133281,116833,682256,93413,691333],"stream_errors":0}
PCIE {"t_ms":1790546459217,"test":"bw","dir":"h2d","copy":"staged","bytes":8192,"warm_ns":152323,"ns":[103792,101429,671718,666255,645023,611615,105740,197945,613846,105682,181058,568789,178124,106357,188619,119309,672532,104994,106845,201088],"stream_errors":0}
PCIE {"t_ms":1790546459217,"test":"bw","dir":"h2d","copy":"dma","bytes":8192,"warm_ns":673574,"ns":[101170,625236,101972,573308,103129,106821,678023,614653,101703,174734,169709,176297,103645,179288,669162,203801,101231,209788,679855,103213],"stream_errors":0}
PCIE {"t_ms":1790546459217,"test":"bw","dir":"d2h","copy":"staged","bytes":8192,"warm_ns":121088,"ns":[684912,100201,108191,684527,119094,668707,574840,113482,200528,689108,686301,675084,104036,692028,596819,160272,619826,687818,584937,611481],"stream_errors":0}
PCIE {"t_ms":1790546459217,"test":"bw","dir":"d2h","copy":"dma","bytes":8192,"warm_ns":116052,"ns":[191588,681636,659110,193688,115228,630986,198905,117849,585918,625587,680455,684245,688805,583033,653620,144090,105986,598715,102070,621059],"stream_errors":0}
PCIE {"t_ms":1790546459232,"test":"bw","dir":"h2d","copy":"staged","bytes":16384,"warm_ns":194559,"ns":[195365,123280,209651,201869,119676,209034,106489,120850,106590,100425,120362,119526,103451,108689,117910,177969,211020,201510,202571,205825],"stream_errors":0}
PCIE {"t_ms":1790546459232,"test":"bw","dir":"h2d","copy":"dma","bytes":16384,"warm_ns":627776,"ns":[104441,206683,118307,106996,208274,118546,117994,103952,119493,105556,122994,108121,202562,203122,121654,191128,579938,207126,105014,119164],"stream_errors":0}
PCIE {"t_ms":1790546459232,"test":"bw","dir":"d2h","copy":"staged","bytes":16384,"warm_ns":689877,"ns":[131796,136665,117556,136580,129626,130366,132006,135305,129822,115476,135839,130262,121367,590594,110149,131287,114185,587255,114001,119836],"stream_errors":0}
PCIE {"t_ms":1790546459232,"test":"bw","dir":"d2h","copy":"dma","bytes":16384,"warm_ns":188609,"ns":[685681,210996,115644,129490,112265,117039,198644,109700,114800,134082,110831,114779,133836,128486,134946,683657,127790,131695,136480,128843],"stream_errors":0}
PCIE {"t_ms":1790546459258,"test":"bw","dir":"h2d","copy":"staged","bytes":32768,"warm_ns":106473,"ns":[207547,205014,205072,202571,177699,106782,207674,669240,121127,207694,668177,202901,648118,180883,107488,103240,197470,669975,98640,105929],"stream_errors":0}
PCIE {"t_ms":1790546459258,"test":"bw","dir":"h2d","copy":"dma","bytes":32768,"warm_ns":119698,"ns":[575472,208458,119057,106670,118886,119116,180271,208656,101814,195968,612226,103879,676464,100944,675825,96939,586590,649942,104256,136747],"stream_errors":0}
PCIE {"t_ms":1790546459258,"test":"bw","dir":"d2h","copy":"staged","bytes":32768,"warm_ns":591333,"ns":[682572,131115,126038,135280,122053,130471,119335,131607,206448,192535,687539,687817,132864,680189,187332,121887,592281,691941,120255,691963],"stream_errors":0}
PCIE {"t_ms":1790546459258,"test":"bw","dir":"d2h","copy":"dma","bytes":32768,"warm_ns":212269,"ns":[189926,133459,112709,129421,685328,113272,113054,114757,141247,681635,198584,208770,204275,682314,593714,642545,678053,179221,584717,617100],"stream_errors":0}
PCIE {"t_ms":1790546459290,"test":"bw","dir":"h2d","copy":"staged","bytes":65536,"warm_ns":646685,"ns":[676606,106604,670215,99609,185781,676479,105696,598493,103174,104334,568490,107511,100854,205398,199150,671495,674455,207049,668387,179015],"stream_errors":0}
PCIE {"t_ms":1790546459290,"test":"bw","dir":"h2d","copy":"dma","bytes":65536,"warm_ns":553325,"ns":[105871,171120,112304,674796,111358,569992,98439,102512,670501,201900,180895,198042,669630,198935,175686,203580,104162,189981,103593,570430],"stream_errors":0}
PCIE {"t_ms":1790546459290,"test":"bw","dir":"d2h","copy":"staged","bytes":65536,"warm_ns":688210,"ns":[658965,696970,109518,599831,669727,117267,107695,655180,650166,115652,655649,591174,601557,150773,197310,575397,198339,620158,114828,672379],"stream_errors":0}
PCIE {"t_ms":1790546459290,"test":"bw","dir":"d2h","copy":"dma","bytes":65536,"warm_ns":179064,"ns":[111938,180809,590911,105577,114320,645750,592038,580887,185619,598887,682670,109355,653860,678895,686479,683554,665613,586202,115959,647307],"stream_errors":0}
PCIE {"t_ms":1790546459307,"test":"bw","dir":"h2d","copy":"staged","bytes":131072,"warm_ns":194106,"ns":[628191,104210,654011,218681,207967,121016,111780,113281,119848,225972,201455,207853,202248,119134,119513,203346,205351,121112,120209,210169],"stream_errors":0}
PCIE {"t_ms":1790546459307,"test":"bw","dir":"h2d","copy":"dma","bytes":131072,"warm_ns":571651,"ns":[204292,101031,575487,120220,187588,672709,121763,205098,119066,210028,120097,202716,206086,107457,120423,112834,119549,205545,202011,207051],"stream_errors":0}
PCIE {"t_ms":1790546459307,"test":"bw","dir":"d2h","copy":"staged","bytes":131072,"warm_ns":594123,"ns":[691877,695994,176341,116316,138486,220226,137935,119827,138603,192033,138298,138351,201630,138524,137200,123441,119444,119798,136025,139763],"stream_errors":0}
PCIE {"t_ms":1790546459307,"test":"bw","dir":"d2h","copy":"dma","bytes":131072,"warm_ns":209116,"ns":[180864,182346,697682,132830,116459,208974,103785,196536,103850,131686,112832,109563,136035,191078,104788,130878,130957,130975,123910,110401],"stream_errors":0}
PCIE {"t_ms":1790546459323,"test":"bw","dir":"h2d","copy":"staged","bytes":262144,"warm_ns":212141,"ns":[181564,224107,222725,224334,207010,222267,219582,222960,206966,195434,206024,197782,212112,210176,222588,205795,198095,222098,206983,222824],"stream_errors":0}
PCIE {"t_ms":1790546459323,"test":"bw","dir":"h2d","copy":"dma","bytes":262144,"warm_ns":199182,"ns":[215670,119943,214659,205514,183490,119233,197519,115861,202784,205770,120029,193059,196581,221725,205157,115691,206653,197929,119002,194506],"stream_errors":0}
PCIE {"t_ms":1790546459323,"test":"bw","dir":"d2h","copy":"staged","bytes":262144,"warm_ns":145942,"ns":[143127,223741,142998,217903,144129,144525,144385,226960,136053,144113,224136,141650,142837,122696,221435,141416,146733,233444,600746,211095],"stream_errors":0}
PCIE {"t_ms":1790546459323,"test":"bw","dir":"d2h","copy":"dma","bytes":262144,"warm_ns":201476,"ns":[115362,134287,198302,201797,131383,215720,201712,206142,131362,132412,191747,130703,131637,132913,201975,132901,188513,123409,129390,200678],"stream_errors":0}
PCIE {"t_ms":1790546459342,"test":"bw","dir":"h2d","copy":"staged","bytes":524288,"warm_ns":202591,"ns":[208495,222418,205182,224396,183479,236817,202979,179346,222906,224478,224515,212707,186982,203475,224373,185764,223750,179425,208010,224415],"stream_errors":0}
PCIE {"t_ms":1790546459342,"test":"bw","dir":"h2d","copy":"dma","bytes":524288,"warm_ns":220925,"ns":[189638,205664,178736,205486,205342,204539,223360,190290,208785,203174,185362,216796,202859,222809,178542,231533,204353,222840,223086,185479],"stream_errors":0}
PCIE {"t_ms":1790546459342,"test":"bw","dir":"d2h","copy":"staged","bytes":524288,"warm_ns":269843,"ns":[246053,269803,260045,223290,263938,260928,617484,244867,261993,263294,265439,241637,264028,264272,241326,246994,266053,218434,241254,227073],"stream_errors":0}
PCIE {"t_ms":1790546459342,"test":"bw","dir":"d2h","copy":"dma","bytes":524288,"warm_ns":189142,"ns":[233841,233183,236994,194380,241385,193306,592131,189515,194128,230260,189889,236906,244051,193960,242395,192157,230414,237537,237803,236530],"stream_errors":0}
PCIE {"t_ms":1790546459376,"test":"bw","dir":"h2d","copy":"staged","bytes":1048576,"warm_ns":298141,"ns":[320438,312150,248259,326339,313567,603443,251179,666435,572748,656253,311466,673375,219057,283594,256340,254992,669500,295146,310533,257516],"stream_errors":0}
PCIE {"t_ms":1790546459376,"test":"bw","dir":"h2d","copy":"dma","bytes":1048576,"warm_ns":222823,"ns":[251477,252395,207566,224190,214801,204756,206633,571946,208085,669638,255996,202326,255699,251390,571322,571830,252283,624557,263079,572821],"stream_errors":0}
PCIE {"t_ms":1790546459376,"test":"bw","dir":"d2h","copy":"staged","bytes":1048576,"warm_ns":294595,"ns":[290919,292452,289343,292607,272009,640527,324103,246693,300458,252124,642951,741197,653192,314755,255665,693409,275222,737200,635361,634886],"stream_errors":0}
PCIE {"t_ms":1790546459376,"test":"bw","dir":"d2h","copy":"dma","bytes":1048576,"warm_ns":261785,"ns":[235525,239270,237626,267240,235524,619406,659823,669475,265679,668922,265525,585869,687190,685731,685892,582951,234607,582253,274286,636210],"stream_errors":0}
PCIE {"t_ms":1790546459417,"test":"bw","dir":"h2d","copy":"staged","bytes":2097152,"warm_ns":450740,"ns":[497443,571058,571273,346628,395098,416045,416449,571063,356862,423939,396878,572101,408945,394775,399800,418315,574708,586265,572392,412033],"stream_errors":0}
PCIE {"t_ms":1790546459417,"test":"bw","dir":"h2d","copy":"dma","bytes":2097152,"warm_ns":569490,"ns":[271128,308681,568750,570561,310194,294338,568306,308228,569857,352780,332947,384111,401977,313019,570371,324535,285777,286683,307184,292397],"stream_errors":0}
PCIE {"t_ms":1790546459417,"test":"bw","dir":"d2h","copy":"staged","bytes":2097152,"warm_ns":702760,"ns":[741461,706084,492523,496828,709967,454113,700892,701826,698430,463559,411290,720842,706483,707159,703864,424377,446713,738897,787964,706320],"stream_errors":0}
PCIE {"t_ms":1790546459417,"test":"bw","dir":"d2h","copy":"dma","bytes":2097152,"warm_ns":353749,"ns":[295949,304187,555685,587745,600209,582029,305807,305946,661359,316643,378377,637346,283555,584116,613810,301935,588091,329388,297532,325812],"stream_errors":0}
PCIE {"t_ms":1790546459459,"test":"bw","dir":"h2d","copy":"staged","bytes":4194304,"warm_ns":766155,"ns":[683285,625124,718309,653200,658369,701938,640462,701407,616159,601274,699441,633425,667098,600910,637746,683138],"stream_errors":0}
PCIE {"t_ms":1790546459459,"test":"bw","dir":"h2d","copy":"dma","bytes":4194304,"warm_ns":571152,"ns":[499125,572573,480092,514231,570964,428830,473729,524599,533724,517008,486573,438427,513963,568934,467646,459695],"stream_errors":0}
PCIE {"t_ms":1790546459459,"test":"bw","dir":"d2h","copy":"staged","bytes":4194304,"warm_ns":845936,"ns":[689209,839980,842211,850207,682725,841476,702941,693263,700867,842022,683363,844562,860601,843612,838295,676646],"stream_errors":0}
PCIE {"t_ms":1790546459459,"test":"bw","dir":"d2h","copy":"dma","bytes":4194304,"warm_ns":476446,"ns":[583453,586402,487110,504389,447085,589311,441889,478928,469852,582868,584877,446598,584786,585503,425925,585775],"stream_errors":0}
PCIE {"t_ms":1790546459495,"test":"bw","dir":"h2d","copy":"staged","bytes":8388608,"warm_ns":1288414,"ns":[1293336,1161055,1138802,1163686,1174759,1088606,1126223,1142076],"stream_errors":0}
PCIE {"t_ms":1790546459495,"test":"bw","dir":"h2d","copy":"dma","bytes":8388608,"warm_ns":797017,"ns":[893999,784899,824696,784998,825604,870210,827336,829823],"stream_errors":0}
PCIE {"t_ms":1790546459495,"test":"bw","dir":"d2h","copy":"staged","bytes":8388608,"warm_ns":1428316,"ns":[1306683,1220177,1233666,1226841,1240814,1236948,1224865,1290012],"stream_errors":0}
PCIE {"t_ms":1790546459495,"test":"bw","dir":"d2h","copy":"dma","bytes":8388608,"warm_ns":798495,"ns":[742144,759479,756630,766719,755974,733745,713243,751175],"stream_errors":0}
PCIE {"t_ms":1790546459535,"test":"bw","dir":"h2d","copy":"staged","bytes":16777216,"warm_ns":2552890,"ns":[2416825,2599806,2469773,2417467],"stream_errors":0}
PCIE {"t_ms":1790546459535,"test":"bw","dir":"h2d","copy":"dma","bytes":16777216,"warm_ns":1513174,"ns":[1582726,1608524,1709522,1593359],"stream_errors":0}
PCIE {"t_ms":1790546459535,"test":"bw","dir":"d2h","copy":"staged","bytes":16777216,"warm_ns":2685146,"ns":[2492136,2349922,2392089,2408795],"stream_errors":0}
PCIE {"t_ms":1790546459535,"test":"bw","dir":"d2h","copy":"dma","bytes":16777216,"warm_ns":1563741,"ns":[1472893,1395935,1501761,1580648],"stream_errors":0}
PCIE {"t_ms":1790546459602,"test":"bw","dir":"h2d","copy":"staged","bytes":33554432,"warm_ns":5185832,"ns":[4835881,4819024,4812483],"stream_errors":0}
PCIE {"t_ms":1790546459602,"test":"bw","dir":"h2d","copy":"dma","bytes":33554432,"warm_ns":2918349,"ns":[3052666,3069219,3023934],"stream_errors":0}
PCIE {"t_ms":1790546459602,"test":"bw","dir":"d2h","copy":"staged","bytes":33554432,"warm_ns":5613437,"ns":[5729865,5652676,4572849],"stream_errors":0}
PCIE {"t_ms":1790546459602,"test":"bw","dir":"d2h","copy":"dma","bytes":33554432,"warm_ns":2860165,"ns":[2666047,3864700,3890490],"stream_errors":0}
PCIE {"t_ms":1790546459733,"test":"bw","dir":"h2d","copy":"staged","bytes":67108864,"warm_ns":10198959,"ns":[9564242,9484675,9630224],"stream_errors":0}
PCIE {"t_ms":1790546459733,"test":"bw","dir":"h2d","copy":"dma","bytes":67108864,"warm_ns":5709958,"ns":[5633702,5701373,5566153],"stream_errors":0}
PCIE {"t_ms":1790546459733,"test":"bw","dir":"d2h","copy":"staged","bytes":67108864,"warm_ns":10651147,"ns":[10793912,10462698,10501828],"stream_errors":0}
PCIE {"t_ms":1790546459733,"test":"bw","dir":"d2h","copy":"dma","bytes":67108864,"warm_ns":6620347,"ns":[6618572,6958758,6937573],"stream_errors":0}
PCIE {"t_ms":1790546459988,"test":"bw","dir":"h2d","copy":"staged","bytes":134217728,"warm_ns":20419838,"ns":[18854367,18812454,18726054],"stream_errors":0}
PCIE {"t_ms":1790546459988,"test":"bw","dir":"h2d","copy":"dma","bytes":134217728,"warm_ns":11012859,"ns":[10924186,10934811,10924868],"stream_errors":0}
PCIE {"t_ms":1790546459988,"test":"bw","dir":"d2h","copy":"staged","bytes":134217728,"warm_ns":20617432,"ns":[20581421,20326798,20735408],"stream_errors":0}
PCIE {"t_ms":1790546459988,"test":"bw","dir":"d2h","copy":"dma","bytes":134217728,"warm_ns":12754360,"ns":[13171944,13123959,13143368],"stream_errors":0}
PCIE {"t_ms":1790546460491,"test":"bw","dir":"h2d","copy":"staged","bytes":268435456,"warm_ns":39047948,"ns":[37437217,37505601,37395661],"stream_errors":0}
PCIE {"t_ms":1790546460491,"test":"bw","dir":"h2d","copy":"dma","bytes":268435456,"warm_ns":21500217,"ns":[21548686,21588854,21567679],"stream_errors":0}
PCIE {"t_ms":1790546460491,"test":"bw","dir":"d2h","copy":"staged","bytes":268435456,"warm_ns":41103038,"ns":[41199657,41199433,40671865],"stream_errors":0}
PCIE {"t_ms":1790546460491,"test":"bw","dir":"d2h","copy":"dma","bytes":268435456,"warm_ns":25128169,"ns":[25461134,25629159,25228570],"stream_errors":0}
PCIE {"t_ms":1790546460507,"test":"done","which":"bw","elapsed_s":1.709207}
