PCIE {"t_ms":1790546465769,"test":"open","open_ns":132472066,"link":[{"bdf":"0000:02:00.0","speed":"16.0 GT/s PCIe","width":"8","max_speed":"16.0 GT/s PCIe","max_width":"8","cma_allocated":"2057 MB"}]}
PCIE {"t_ms":1790546465904,"test":"conc","trial":0,"copy":"dma","cfg":"h2d","legs":1,"bytes_per_leg":134217728,"leg_ns":[22114308],"wall_ns":22130422,"stream_errors":0}
PCIE {"t_ms":1790546465916,"test":"conc","trial":0,"copy":"dma","cfg":"d2h","legs":1,"bytes_per_leg":134217728,"leg_ns":[12097148],"wall_ns":12112338,"stream_errors":0}
PCIE {"t_ms":1790546465938,"test":"conc","trial":0,"copy":"dma","cfg":"h2d+d2h","legs":2,"bytes_per_leg":134217728,"leg_ns":[22118757,12182542],"wall_ns":22132309,"stream_errors":0}
PCIE {"t_ms":1790546465983,"test":"conc","trial":0,"copy":"dma","cfg":"2xh2d","legs":2,"bytes_per_leg":134217728,"leg_ns":[45161238,45180500],"wall_ns":45194407,"stream_errors":0}
PCIE {"t_ms":1790546466009,"test":"conc","trial":0,"copy":"dma","cfg":"2xd2h","legs":2,"bytes_per_leg":134217728,"leg_ns":[25793448,25820843],"wall_ns":25834715,"stream_errors":0}
PCIE {"t_ms":1790546466020,"test":"conc","trial":0,"copy":"dma","cfg":"h2d/ser","legs":1,"bytes_per_leg":134217728,"leg_ns":[10917427],"wall_ns":10930403,"stream_errors":0}
PCIE {"t_ms":1790546466033,"test":"conc","trial":0,"copy":"dma","cfg":"d2h/ser","legs":1,"bytes_per_leg":134217728,"leg_ns":[13039373],"wall_ns":13052718,"stream_errors":0}
PCIE {"t_ms":1790546466049,"test":"conc","trial":0,"copy":"dma","cfg":"h2d+d2h/ser","legs":2,"bytes_per_leg":134217728,"leg_ns":[15762191,14474812],"wall_ns":15775420,"stream_errors":0}
PCIE {"t_ms":1790546466079,"test":"conc","trial":0,"copy":"staged","cfg":"h2d","legs":1,"bytes_per_leg":134217728,"leg_ns":[29957196],"wall_ns":29975861,"stream_errors":0}
PCIE {"t_ms":1790546466099,"test":"conc","trial":0,"copy":"staged","cfg":"d2h","legs":1,"bytes_per_leg":134217728,"leg_ns":[19921834],"wall_ns":19935431,"stream_errors":0}
PCIE {"t_ms":1790546466127,"test":"conc","trial":0,"copy":"staged","cfg":"h2d+d2h","legs":2,"bytes_per_leg":134217728,"leg_ns":[28379829,22576642],"wall_ns":28394437,"stream_errors":0}
PCIE {"t_ms":1790546466185,"test":"conc","trial":0,"copy":"staged","cfg":"2xh2d","legs":2,"bytes_per_leg":134217728,"leg_ns":[57074156,57477667],"wall_ns":57492682,"stream_errors":0}
PCIE {"t_ms":1790546466227,"test":"conc","trial":0,"copy":"staged","cfg":"2xd2h","legs":2,"bytes_per_leg":134217728,"leg_ns":[42172701,42184247],"wall_ns":42201771,"stream_errors":0}
PCIE {"t_ms":1790546466245,"test":"conc","trial":0,"copy":"staged","cfg":"h2d/ser","legs":1,"bytes_per_leg":134217728,"leg_ns":[17826489],"wall_ns":17847935,"stream_errors":0}
PCIE {"t_ms":1790546466262,"test":"conc","trial":0,"copy":"staged","cfg":"d2h/ser","legs":1,"bytes_per_leg":134217728,"leg_ns":[17227894],"wall_ns":17242691,"stream_errors":0}
PCIE {"t_ms":1790546466288,"test":"conc","trial":0,"copy":"staged","cfg":"h2d+d2h/ser","legs":2,"bytes_per_leg":134217728,"leg_ns":[25734026,20667360],"wall_ns":25750458,"stream_errors":0}
PCIE {"t_ms":1790546466310,"test":"conc","trial":1,"copy":"dma","cfg":"h2d","legs":1,"bytes_per_leg":134217728,"leg_ns":[22109156],"wall_ns":22122461,"stream_errors":0}
PCIE {"t_ms":1790546466322,"test":"conc","trial":1,"copy":"dma","cfg":"d2h","legs":1,"bytes_per_leg":134217728,"leg_ns":[12148528],"wall_ns":12162389,"stream_errors":0}
PCIE {"t_ms":1790546466345,"test":"conc","trial":1,"copy":"dma","cfg":"h2d+d2h","legs":2,"bytes_per_leg":134217728,"leg_ns":[22500197,12533615],"wall_ns":22514374,"stream_errors":0}
PCIE {"t_ms":1790546466390,"test":"conc","trial":1,"copy":"dma","cfg":"2xh2d","legs":2,"bytes_per_leg":134217728,"leg_ns":[45056842,45080729],"wall_ns":45094161,"stream_errors":0}
PCIE {"t_ms":1790546466416,"test":"conc","trial":1,"copy":"dma","cfg":"2xd2h","legs":2,"bytes_per_leg":134217728,"leg_ns":[25993104,26017557],"wall_ns":26033764,"stream_errors":0}
PCIE {"t_ms":1790546466427,"test":"conc","trial":1,"copy":"dma","cfg":"h2d/ser","legs":1,"bytes_per_leg":134217728,"leg_ns":[10891471],"wall_ns":10912214,"stream_errors":0}
PCIE {"t_ms":1790546466440,"test":"conc","trial":1,"copy":"dma","cfg":"d2h/ser","legs":1,"bytes_per_leg":134217728,"leg_ns":[12922739],"wall_ns":12943132,"stream_errors":0}
PCIE {"t_ms":1790546466456,"test":"conc","trial":1,"copy":"dma","cfg":"h2d+d2h/ser","legs":2,"bytes_per_leg":134217728,"leg_ns":[15804491,14668454],"wall_ns":15818993,"stream_errors":0}
PCIE {"t_ms":1790546466484,"test":"conc","trial":1,"copy":"staged","cfg":"h2d","legs":1,"bytes_per_leg":134217728,"leg_ns":[28253662],"wall_ns":28271119,"stream_errors":0}
PCIE {"t_ms":1790546466504,"test":"conc","trial":1,"copy":"staged","cfg":"d2h","legs":1,"bytes_per_leg":134217728,"leg_ns":[19360841],"wall_ns":19915055,"stream_errors":0}
PCIE {"t_ms":1790546466535,"test":"conc","trial":1,"copy":"staged","cfg":"h2d+d2h","legs":2,"bytes_per_leg":134217728,"leg_ns":[31547708,21806932],"wall_ns":31564837,"stream_errors":0}
PCIE {"t_ms":1790546466593,"test":"conc","trial":1,"copy":"staged","cfg":"2xh2d","legs":2,"bytes_per_leg":134217728,"leg_ns":[57873574,57875878],"wall_ns":57893874,"stream_errors":0}
PCIE {"t_ms":1790546466636,"test":"conc","trial":1,"copy":"staged","cfg":"2xd2h","legs":2,"bytes_per_leg":134217728,"leg_ns":[41762523,41784829],"wall_ns":42485366,"stream_errors":0}
PCIE {"t_ms":1790546466654,"test":"conc","trial":1,"copy":"staged","cfg":"h2d/ser","legs":1,"bytes_per_leg":134217728,"leg_ns":[17691747],"wall_ns":17709010,"stream_errors":0}
PCIE {"t_ms":1790546466671,"test":"conc","trial":1,"copy":"staged","cfg":"d2h/ser","legs":1,"bytes_per_leg":134217728,"leg_ns":[16964052],"wall_ns":16978642,"stream_errors":0}
PCIE {"t_ms":1790546466696,"test":"conc","trial":1,"copy":"staged","cfg":"h2d+d2h/ser","legs":2,"bytes_per_leg":134217728,"leg_ns":[24999230,20142996],"wall_ns":25020263,"stream_errors":0}
PCIE {"t_ms":1790546466718,"test":"conc","trial":2,"copy":"dma","cfg":"h2d","legs":1,"bytes_per_leg":134217728,"leg_ns":[21958427],"wall_ns":21974661,"stream_errors":0}
PCIE {"t_ms":1790546466730,"test":"conc","trial":2,"copy":"dma","cfg":"d2h","legs":1,"bytes_per_leg":134217728,"leg_ns":[12025702],"wall_ns":12039852,"stream_errors":0}
PCIE {"t_ms":1790546466752,"test":"conc","trial":2,"copy":"dma","cfg":"h2d+d2h","legs":2,"bytes_per_leg":134217728,"leg_ns":[22425029,12224903],"wall_ns":22443470,"stream_errors":0}
PCIE {"t_ms":1790546466797,"test":"conc","trial":2,"copy":"dma","cfg":"2xh2d","legs":2,"bytes_per_leg":134217728,"leg_ns":[44991748,45006099],"wall_ns":45021464,"stream_errors":0}
PCIE {"t_ms":1790546466823,"test":"conc","trial":2,"copy":"dma","cfg":"2xd2h","legs":2,"bytes_per_leg":134217728,"leg_ns":[25999965,26002041],"wall_ns":26017877,"stream_errors":0}
PCIE {"t_ms":1790546466834,"test":"conc","trial":2,"copy":"dma","cfg":"h2d/ser","legs":1,"bytes_per_leg":134217728,"leg_ns":[10769158],"wall_ns":10782699,"stream_errors":0}
PCIE {"t_ms":1790546466847,"test":"conc","trial":2,"copy":"dma","cfg":"d2h/ser","legs":1,"bytes_per_leg":134217728,"leg_ns":[12950725],"wall_ns":12964749,"stream_errors":0}
PCIE {"t_ms":1790546466863,"test":"conc","trial":2,"copy":"dma","cfg":"h2d+d2h/ser","legs":2,"bytes_per_leg":134217728,"leg_ns":[15819110,14487611],"wall_ns":15839658,"stream_errors":0}
PCIE {"t_ms":1790546466891,"test":"conc","trial":2,"copy":"staged","cfg":"h2d","legs":1,"bytes_per_leg":134217728,"leg_ns":[28485482],"wall_ns":28502230,"stream_errors":0}
PCIE {"t_ms":1790546466911,"test":"conc","trial":2,"copy":"staged","cfg":"d2h","legs":1,"bytes_per_leg":134217728,"leg_ns":[19825247],"wall_ns":19869359,"stream_errors":0}
PCIE {"t_ms":1790546466943,"test":"conc","trial":2,"copy":"staged","cfg":"h2d+d2h","legs":2,"bytes_per_leg":134217728,"leg_ns":[31572555,21507904],"wall_ns":31589879,"stream_errors":0}
PCIE {"t_ms":1790546467001,"test":"conc","trial":2,"copy":"staged","cfg":"2xh2d","legs":2,"bytes_per_leg":134217728,"leg_ns":[58127947,58141112],"wall_ns":58158960,"stream_errors":0}
PCIE {"t_ms":1790546467043,"test":"conc","trial":2,"copy":"staged","cfg":"2xd2h","legs":2,"bytes_per_leg":134217728,"leg_ns":[42242091,41707982],"wall_ns":42258191,"stream_errors":0}
PCIE {"t_ms":1790546467061,"test":"conc","trial":2,"copy":"staged","cfg":"h2d/ser","legs":1,"bytes_per_leg":134217728,"leg_ns":[17386789],"wall_ns":17403732,"stream_errors":0}
PCIE {"t_ms":1790546467078,"test":"conc","trial":2,"copy":"staged","cfg":"d2h/ser","legs":1,"bytes_per_leg":134217728,"leg_ns":[16968074],"wall_ns":16982886,"stream_errors":0}
PCIE {"t_ms":1790546467103,"test":"conc","trial":2,"copy":"staged","cfg":"h2d+d2h/ser","legs":2,"bytes_per_leg":134217728,"leg_ns":[25182275,20287784],"wall_ns":25198806,"stream_errors":0}
PCIE {"t_ms":1790546467111,"test":"done","which":"conc","elapsed_s":1.475341}
