PCIE {"t_ms":1790546472157,"test":"open","open_ns":177688845,"link":[{"bdf":"0000:02:00.0","speed":"16.0 GT/s PCIe","width":"8","max_speed":"16.0 GT/s PCIe","max_width":"8","cma_allocated":"2057 MB"}]}
PCIE {"t_ms":1790546472373,"test":"verify","bytes":1048576,"equal":true}
PCIE {"t_ms":1790546472415,"test":"bw","dir":"h2d","copy":"staged","bytes":4096,"warm_ns":419703,"ns":[446610,530718,549814,558909,98344,206703,199554,605421,558970,562037,593149,569420,609553,610045,566627,198885,138447,200762,621359,147666],"stream_errors":0}
PCIE {"t_ms":1790546472415,"test":"bw","dir":"h2d","copy":"dma","bytes":4096,"warm_ns":464623,"ns":[608197,154141,257006,601036,603617,600828,549418,560885,608186,603714,560561,565474,230129,200811,136888,559193,589231,544583,99993,553688],"stream_errors":0}
PCIE {"t_ms":1790546472415,"test":"bw","dir":"d2h","copy":"staged","bytes":4096,"warm_ns":315902,"ns":[271653,654238,676473,516197,656603,679731,577212,259441,569068,207208,651804,630848,597703,612891,578745,575419,216457,189055,575115,667791],"stream_errors":0}
PCIE {"t_ms":1790546472415,"test":"bw","dir":"d2h","copy":"dma","bytes":4096,"warm_ns":186017,"ns":[391830,830328,615564,621604,557167,605519,574314,201364,615759,250388,627830,609189,150193,573879,156755,568016,150316,668706,127742,656373],"stream_errors":0}
PCIE {"t_ms":1790546472446,"test":"bw","dir":"h2d","copy":"staged","bytes":8192,"warm_ns":550188,"ns":[101418,99085,622295,627165,562495,623427,98906,100641,561727,131576,96231,630908,106238,155009,92130,620709,630242,98974,96800,91177],"stream_errors":0}
PCIE {"t_ms":1790546472446,"test":"bw","dir":"h2d","copy":"dma","bytes":8192,"warm_ns":623157,"ns":[98560,621617,99896,617737,99971,74455,619326,623429,98121,152404,154699,98561,97181,99277,606975,60924,97904,120362,627061,99157],"stream_errors":0}
PCIE {"t_ms":1790546472446,"test":"bw","dir":"d2h","copy":"staged","bytes":8192,"warm_ns":594126,"ns":[627788,99267,105729,557486,103667,557990,650482,152517,150048,646280,654611,665104,132980,567748,631986,107204,638227,654145,559732,660977],"stream_errors":0}
PCIE {"t_ms":1790546472446,"test":"bw","dir":"d2h","copy":"dma","bytes":8192,"warm_ns":73919,"ns":[74032,604266,592656,107155,105675,622375,100818,102123,647494,672315,586651,557338,657739,639815,591936,557435,146070,636419,147276,600412],"stream_errors":0}
PCIE {"t_ms":1790546472475,"test":"bw","dir":"h2d","copy":"staged","bytes":16384,"warm_ns":559789,"ns":[59398,624683,99773,146903,631429,98747,96406,561623,97736,156817,562357,563067,99132,96647,562252,98718,96258,99728,98482,99226],"stream_errors":0}
PCIE {"t_ms":1790546472475,"test":"bw","dir":"h2d","copy":"dma","bytes":16384,"warm_ns":623264,"ns":[98143,132240,629280,97048,98849,637295,560751,129951,618984,98218,562447,98377,97464,86389,561984,98192,561488,98862,90200,561032],"stream_errors":0}
PCIE {"t_ms":1790546472475,"test":"bw","dir":"d2h","copy":"staged","bytes":16384,"warm_ns":646215,"ns":[653353,647953,102692,657628,664353,552147,662929,582962,598999,88464,568869,568025,105929,568907,105458,567865,108240,567311,108237,102693],"stream_errors":0}
PCIE {"t_ms":1790546472475,"test":"bw","dir":"d2h","copy":"dma","bytes":16384,"warm_ns":153548,"ns":[632441,150415,106329,560117,148436,104121,546324,104567,107648,653943,106139,104661,569228,571008,568301,569306,568131,568378,569041,570326],"stream_errors":0}
PCIE {"t_ms":1790546472503,"test":"bw","dir":"h2d","copy":"staged","bytes":32768,"warm_ns":548964,"ns":[100000,100120,96927,96365,97854,99231,95910,563055,562478,97394,562827,99387,561000,97455,96995,100121,97580,562195,97370,96119],"stream_errors":0}
PCIE {"t_ms":1790546472503,"test":"bw","dir":"h2d","copy":"dma","bytes":32768,"warm_ns":561872,"ns":[562314,100387,562419,98116,562125,562744,561677,99825,97765,99113,561522,100092,562589,100557,562391,97370,97014,562440,100733,100988],"stream_errors":0}
PCIE {"t_ms":1790546472503,"test":"bw","dir":"d2h","copy":"staged","bytes":32768,"warm_ns":569675,"ns":[548205,569626,106272,571237,569175,568448,110942,569414,105908,106396,571735,570354,542435,569781,106537,106921,571080,569836,106163,569803],"stream_errors":0}
PCIE {"t_ms":1790546472503,"test":"bw","dir":"d2h","copy":"dma","bytes":32768,"warm_ns":102968,"ns":[101744,566691,105384,570861,569895,103962,105346,567491,567743,568669,100929,103378,101702,569094,567050,568560,570539,102298,569323,570802],"stream_errors":0}
PCIE {"t_ms":1790546472532,"test":"bw","dir":"h2d","copy":"staged","bytes":65536,"warm_ns":546475,"ns":[561914,96843,562237,96656,96315,562769,96193,562019,100260,97984,562268,97950,97668,96916,97496,562341,564691,99579,561288,94311],"stream_errors":0}
PCIE {"t_ms":1790546472532,"test":"bw","dir":"h2d","copy":"dma","bytes":65536,"warm_ns":562028,"ns":[96313,93453,561349,562313,98406,562131,99704,93459,561892,99224,99270,94948,564298,98249,99751,96915,95014,99612,100444,562473],"stream_errors":0}
PCIE {"t_ms":1790546472532,"test":"bw","dir":"d2h","copy":"staged","bytes":65536,"warm_ns":570876,"ns":[571367,570316,109218,551525,570512,108322,107660,573908,571973,109707,571497,572606,571717,569932,106055,570156,109980,570729,105990,573218],"stream_errors":0}
PCIE {"t_ms":1790546472532,"test":"bw","dir":"d2h","copy":"dma","bytes":65536,"warm_ns":100745,"ns":[108589,104235,566525,100547,106008,567475,565742,567411,100157,567924,567641,103184,566668,567503,569370,567871,565242,567841,91263,567316],"stream_errors":0}
PCIE {"t_ms":1790546472559,"test":"bw","dir":"h2d","copy":"staged","bytes":131072,"warm_ns":90772,"ns":[562483,100473,562766,93015,97650,564438,101430,100397,562673,561505,97437,97782,93044,562666,563009,92432,89459,562089,562370,150969],"stream_errors":0}
PCIE {"t_ms":1790546472559,"test":"bw","dir":"h2d","copy":"dma","bytes":131072,"warm_ns":561960,"ns":[101028,100822,562190,561762,94202,561749,563008,98732,559971,92386,561579,89558,100459,101062,561564,99657,562384,92635,88420,100031],"stream_errors":0}
PCIE {"t_ms":1790546472559,"test":"bw","dir":"d2h","copy":"staged","bytes":131072,"warm_ns":573993,"ns":[551588,573345,112771,107407,575708,575860,552442,110878,575397,114875,574314,577339,577069,575151,574620,111794,110835,111326,576240,576283],"stream_errors":0}
PCIE {"t_ms":1790546472559,"test":"bw","dir":"d2h","copy":"dma","bytes":131072,"warm_ns":97240,"ns":[96785,98548,567409,568575,107255,96565,97724,568103,96499,567515,108305,99773,567032,97356,97423,569789,567171,568722,567902,95959],"stream_errors":0}
PCIE {"t_ms":1790546472590,"test":"bw","dir":"h2d","copy":"staged","bytes":262144,"warm_ns":546515,"ns":[143972,565459,561923,587543,172628,547838,620459,612542,149763,189322,98565,188140,98715,559992,562013,96209,187318,562074,101334,560696],"stream_errors":0}
PCIE {"t_ms":1790546472590,"test":"bw","dir":"h2d","copy":"dma","bytes":262144,"warm_ns":564130,"ns":[199380,559003,95053,100072,121941,627313,99688,100721,188125,98885,561278,96702,86822,562179,84755,100570,97809,85425,561064,84701],"stream_errors":0}
PCIE {"t_ms":1790546472590,"test":"bw","dir":"d2h","copy":"staged","bytes":262144,"warm_ns":581258,"ns":[580030,100071,580577,108701,699286,693247,568480,209891,580670,579213,110498,583296,579766,117442,582450,582019,582708,116680,580303,583147],"stream_errors":0}
PCIE {"t_ms":1790546472590,"test":"bw","dir":"d2h","copy":"dma","bytes":262144,"warm_ns":187775,"ns":[210056,613855,85657,87239,634779,565288,88567,573755,570751,568269,88414,568649,569320,568580,88307,569781,92403,568497,566935,89241],"stream_errors":0}
PCIE {"t_ms":1790546472622,"test":"bw","dir":"h2d","copy":"staged","bytes":524288,"warm_ns":189466,"ns":[166152,559792,198097,560189,170422,559672,152594,167740,560510,560549,560659,200540,170212,197101,561172,556767,560855,170182,201135,627661],"stream_errors":0}
PCIE {"t_ms":1790546472622,"test":"bw","dir":"h2d","copy":"dma","bytes":524288,"warm_ns":561917,"ns":[171416,98826,173701,97441,96527,95633,560458,559993,145139,198880,173506,521038,256582,560426,171269,559688,199182,560437,560929,169837],"stream_errors":0}
PCIE {"t_ms":1790546472622,"test":"bw","dir":"d2h","copy":"staged","bytes":524288,"warm_ns":601080,"ns":[136507,597703,598602,207370,597916,598228,596119,136903,644113,594065,606564,194221,595474,596678,189514,289791,589897,213438,135116,208103],"stream_errors":0}
PCIE {"t_ms":1790546472622,"test":"bw","dir":"d2h","copy":"dma","bytes":524288,"warm_ns":172402,"ns":[569700,567111,569711,178729,569799,180593,568620,181603,189420,568646,169008,616602,618987,183658,616430,178057,568467,566764,569001,548274],"stream_errors":0}
PCIE {"t_ms":1790546472657,"test":"bw","dir":"h2d","copy":"staged","bytes":1048576,"warm_ns":290948,"ns":[201485,201259,321175,561083,201189,561200,292759,561213,560286,560712,202030,560797,223922,199970,254177,284111,560754,201037,201708,187514],"stream_errors":0}
PCIE {"t_ms":1790546472657,"test":"bw","dir":"h2d","copy":"dma","bytes":1048576,"warm_ns":560792,"ns":[173021,173280,201597,560099,223276,147888,201854,560848,154937,560637,178626,198064,235734,217110,559711,561465,229892,183913,201552,561386],"stream_errors":0}
PCIE {"t_ms":1790546472657,"test":"bw","dir":"d2h","copy":"staged","bytes":1048576,"warm_ns":657651,"ns":[699082,697865,259708,651445,225124,644554,211694,284250,211455,289487,698321,646449,691513,294728,329252,688964,283361,686026,696201,683713],"stream_errors":0}
PCIE {"t_ms":1790546472657,"test":"bw","dir":"d2h","copy":"dma","bytes":1048576,"warm_ns":567550,"ns":[566393,566213,566054,227932,584184,621472,566119,567322,174059,567234,178923,570161,566398,569398,567813,565969,566912,567130,168043,566930],"stream_errors":0}
PCIE {"t_ms":1790546472698,"test":"bw","dir":"h2d","copy":"staged","bytes":2097152,"warm_ns":499647,"ns":[400119,561111,561113,384459,324937,405169,405764,561281,441670,560685,406651,560765,357790,331890,396201,352879,1266220,560723,560922,403988],"stream_errors":0}
PCIE {"t_ms":1790546472698,"test":"bw","dir":"h2d","copy":"dma","bytes":2097152,"warm_ns":560712,"ns":[304216,249547,560003,559343,302647,336640,560519,256390,560725,259134,560731,328989,245133,303747,560712,559691,1292370,332649,303079,239616],"stream_errors":0}
PCIE {"t_ms":1790546472698,"test":"bw","dir":"d2h","copy":"staged","bytes":2097152,"warm_ns":705988,"ns":[801442,742077,387567,389238,751572,738751,780533,728693,736277,734351,732394,385295,728859,744385,737727,364423,449049,739245,731055,733399],"stream_errors":0}
PCIE {"t_ms":1790546472698,"test":"bw","dir":"d2h","copy":"dma","bytes":2097152,"warm_ns":229880,"ns":[281057,291531,568487,566415,287507,568690,200740,298058,566710,245197,248736,567630,206543,567700,567838,303800,570683,566764,249053,208123],"stream_errors":0}
PCIE {"t_ms":1790546472744,"test":"bw","dir":"h2d","copy":"staged","bytes":4194304,"warm_ns":853313,"ns":[803949,717305,776555,766888,763479,809452,734377,737316,797312,717348,766736,714773,738873,747941,686508,617400],"stream_errors":0}
PCIE {"t_ms":1790546472744,"test":"bw","dir":"h2d","copy":"dma","bytes":4194304,"warm_ns":560510,"ns":[406506,562943,397017,405047,559545,560447,416984,557676,561480,405064,476794,561404,478420,561310,406300,520212],"stream_errors":0}
PCIE {"t_ms":1790546472744,"test":"bw","dir":"d2h","copy":"staged","bytes":4194304,"warm_ns":976733,"ns":[786837,964056,986031,1015021,876171,960197,957449,872244,1008379,975150,856447,965415,967606,963851,976347,750690],"stream_errors":0}
PCIE {"t_ms":1790546472744,"test":"bw","dir":"d2h","copy":"dma","bytes":4194304,"warm_ns":415376,"ns":[614882,617706,567631,377738,568627,566806,617647,434414,381356,569281,567492,565990,570435,527280,409871,626489],"stream_errors":0}
PCIE {"t_ms":1790546472787,"test":"bw","dir":"h2d","copy":"staged","bytes":8388608,"warm_ns":1483438,"ns":[1483154,1380828,1412814,1320009,1314729,1242937,1278985,1237246],"stream_errors":0}
PCIE {"t_ms":1790546472787,"test":"bw","dir":"h2d","copy":"dma","bytes":8388608,"warm_ns":765882,"ns":[808480,911760,851013,796032,807691,818494,794660,783054],"stream_errors":0}
PCIE {"t_ms":1790546472787,"test":"bw","dir":"d2h","copy":"staged","bytes":8388608,"warm_ns":1856832,"ns":[1701358,1661031,1713226,1848330,1725654,1704888,1834516,1707129],"stream_errors":0}
PCIE {"t_ms":1790546472787,"test":"bw","dir":"d2h","copy":"dma","bytes":8388608,"warm_ns":757886,"ns":[685794,781224,900958,782107,778105,837067,681161,904024],"stream_errors":0}
PCIE {"t_ms":1790546472834,"test":"bw","dir":"h2d","copy":"staged","bytes":16777216,"warm_ns":2961287,"ns":[2933417,3069251,2999739,2908744],"stream_errors":0}
PCIE {"t_ms":1790546472834,"test":"bw","dir":"h2d","copy":"dma","bytes":16777216,"warm_ns":1493451,"ns":[1552714,1656118,1636169,1626044],"stream_errors":0}
PCIE {"t_ms":1790546472834,"test":"bw","dir":"d2h","copy":"staged","bytes":16777216,"warm_ns":3426156,"ns":[3494526,3523556,3366211,3400715],"stream_errors":0}
PCIE {"t_ms":1790546472834,"test":"bw","dir":"d2h","copy":"dma","bytes":16777216,"warm_ns":1433887,"ns":[1608939,1460214,1553661,1536298],"stream_errors":0}
PCIE {"t_ms":1790546472913,"test":"bw","dir":"h2d","copy":"staged","bytes":33554432,"warm_ns":6235577,"ns":[6211037,6211246,6207050],"stream_errors":0}
PCIE {"t_ms":1790546472913,"test":"bw","dir":"h2d","copy":"dma","bytes":33554432,"warm_ns":2994597,"ns":[2880969,2960603,2977378],"stream_errors":0}
PCIE {"t_ms":1790546472913,"test":"bw","dir":"d2h","copy":"staged","bytes":33554432,"warm_ns":7355540,"ns":[7416585,7517342,6466119],"stream_errors":0}
PCIE {"t_ms":1790546472913,"test":"bw","dir":"d2h","copy":"dma","bytes":33554432,"warm_ns":2746653,"ns":[2790197,3872322,3860551],"stream_errors":0}
PCIE {"t_ms":1790546473071,"test":"bw","dir":"h2d","copy":"staged","bytes":67108864,"warm_ns":12600224,"ns":[12588664,12522878,12515338],"stream_errors":0}
PCIE {"t_ms":1790546473071,"test":"bw","dir":"h2d","copy":"dma","bytes":67108864,"warm_ns":5618398,"ns":[5632408,5616357,5578297],"stream_errors":0}
PCIE {"t_ms":1790546473071,"test":"bw","dir":"d2h","copy":"staged","bytes":67108864,"warm_ns":14440097,"ns":[14389565,14149712,14156874],"stream_errors":0}
PCIE {"t_ms":1790546473071,"test":"bw","dir":"d2h","copy":"dma","bytes":67108864,"warm_ns":6717435,"ns":[6779826,7064961,7067464],"stream_errors":0}
PCIE {"t_ms":1790546473380,"test":"bw","dir":"h2d","copy":"staged","bytes":134217728,"warm_ns":25339234,"ns":[25204664,25206050,25249341],"stream_errors":0}
PCIE {"t_ms":1790546473380,"test":"bw","dir":"h2d","copy":"dma","bytes":134217728,"warm_ns":10795098,"ns":[10793014,10796729,10804581],"stream_errors":0}
PCIE {"t_ms":1790546473380,"test":"bw","dir":"d2h","copy":"staged","bytes":134217728,"warm_ns":28152825,"ns":[27739651,27928573,28141974],"stream_errors":0}
PCIE {"t_ms":1790546473380,"test":"bw","dir":"d2h","copy":"dma","bytes":134217728,"warm_ns":12954083,"ns":[13260651,13376969,13229505],"stream_errors":0}
PCIE {"t_ms":1790546474000,"test":"bw","dir":"h2d","copy":"staged","bytes":268435456,"warm_ns":51330883,"ns":[51403342,51607480,51514432],"stream_errors":0}
PCIE {"t_ms":1790546474000,"test":"bw","dir":"h2d","copy":"dma","bytes":268435456,"warm_ns":21305572,"ns":[21293256,21239484,21382210],"stream_errors":0}
PCIE {"t_ms":1790546474000,"test":"bw","dir":"d2h","copy":"staged","bytes":268435456,"warm_ns":56505218,"ns":[56782391,56860326,56471465],"stream_errors":0}
PCIE {"t_ms":1790546474001,"test":"bw","dir":"d2h","copy":"dma","bytes":268435456,"warm_ns":25700350,"ns":[25993106,25911122,25616530],"stream_errors":0}
PCIE {"t_ms":1790546474014,"test":"done","which":"bw","elapsed_s":2.034988}
