PCIE {"t_ms":1790546479311,"test":"open","open_ns":178088020,"link":[{"bdf":"0000:02:00.0","speed":"16.0 GT/s PCIe","width":"8","max_speed":"16.0 GT/s PCIe","max_width":"8","cma_allocated":"2057 MB"}]}
PCIE {"t_ms":1790546479441,"test":"conc","trial":0,"copy":"dma","cfg":"h2d","legs":1,"bytes_per_leg":134217728,"leg_ns":[22309280],"wall_ns":22311557,"stream_errors":0}
PCIE {"t_ms":1790546479453,"test":"conc","trial":0,"copy":"dma","cfg":"d2h","legs":1,"bytes_per_leg":134217728,"leg_ns":[11894515],"wall_ns":11896241,"stream_errors":0}
PCIE {"t_ms":1790546479476,"test":"conc","trial":0,"copy":"dma","cfg":"h2d+d2h","legs":2,"bytes_per_leg":134217728,"leg_ns":[22342941,12339860],"wall_ns":22344611,"stream_errors":0}
PCIE {"t_ms":1790546479520,"test":"conc","trial":0,"copy":"dma","cfg":"2xh2d","legs":2,"bytes_per_leg":134217728,"leg_ns":[44581484,44581855],"wall_ns":44583935,"stream_errors":0}
PCIE {"t_ms":1790546479546,"test":"conc","trial":0,"copy":"dma","cfg":"2xd2h","legs":2,"bytes_per_leg":134217728,"leg_ns":[25761931,25762390],"wall_ns":25852465,"stream_errors":0}
PCIE {"t_ms":1790546479557,"test":"conc","trial":0,"copy":"dma","cfg":"h2d/ser","legs":1,"bytes_per_leg":134217728,"leg_ns":[10850466],"wall_ns":10852204,"stream_errors":0}
PCIE {"t_ms":1790546479570,"test":"conc","trial":0,"copy":"dma","cfg":"d2h/ser","legs":1,"bytes_per_leg":134217728,"leg_ns":[13315089],"wall_ns":13317179,"stream_errors":0}
PCIE {"t_ms":1790546479586,"test":"conc","trial":0,"copy":"dma","cfg":"h2d+d2h/ser","legs":2,"bytes_per_leg":134217728,"leg_ns":[15768129,14696321],"wall_ns":15770275,"stream_errors":0}
PCIE {"t_ms":1790546479621,"test":"conc","trial":0,"copy":"staged","cfg":"h2d","legs":1,"bytes_per_leg":134217728,"leg_ns":[35323343],"wall_ns":35325742,"stream_errors":0}
PCIE {"t_ms":1790546479649,"test":"conc","trial":0,"copy":"staged","cfg":"d2h","legs":1,"bytes_per_leg":134217728,"leg_ns":[27264642],"wall_ns":27266505,"stream_errors":0}
PCIE {"t_ms":1790546479694,"test":"conc","trial":0,"copy":"staged","cfg":"h2d+d2h","legs":2,"bytes_per_leg":134217728,"leg_ns":[45112297,40986827],"wall_ns":45114090,"stream_errors":0}
PCIE {"t_ms":1790546479766,"test":"conc","trial":0,"copy":"staged","cfg":"2xh2d","legs":2,"bytes_per_leg":134217728,"leg_ns":[71374053,71750396],"wall_ns":71762114,"stream_errors":0}
PCIE {"t_ms":1790546479823,"test":"conc","trial":0,"copy":"staged","cfg":"2xd2h","legs":2,"bytes_per_leg":134217728,"leg_ns":[57012606,57235872],"wall_ns":57238051,"stream_errors":0}
PCIE {"t_ms":1790546479846,"test":"conc","trial":0,"copy":"staged","cfg":"h2d/ser","legs":1,"bytes_per_leg":134217728,"leg_ns":[23153480],"wall_ns":23155692,"stream_errors":0}
PCIE {"t_ms":1790546479872,"test":"conc","trial":0,"copy":"staged","cfg":"d2h/ser","legs":1,"bytes_per_leg":134217728,"leg_ns":[25773856],"wall_ns":25777021,"stream_errors":0}
PCIE {"t_ms":1790546479916,"test":"conc","trial":0,"copy":"staged","cfg":"h2d+d2h/ser","legs":2,"bytes_per_leg":134217728,"leg_ns":[44142451,37839364],"wall_ns":44145970,"stream_errors":0}
PCIE {"t_ms":1790546479938,"test":"conc","trial":1,"copy":"dma","cfg":"h2d","legs":1,"bytes_per_leg":134217728,"leg_ns":[22080879],"wall_ns":22084099,"stream_errors":0}
PCIE {"t_ms":1790546479950,"test":"conc","trial":1,"copy":"dma","cfg":"d2h","legs":1,"bytes_per_leg":134217728,"leg_ns":[12051921],"wall_ns":12054860,"stream_errors":0}
PCIE {"t_ms":1790546479972,"test":"conc","trial":1,"copy":"dma","cfg":"h2d+d2h","legs":2,"bytes_per_leg":134217728,"leg_ns":[22320734,12275062],"wall_ns":22323642,"stream_errors":0}
PCIE {"t_ms":1790546480017,"test":"conc","trial":1,"copy":"dma","cfg":"2xh2d","legs":2,"bytes_per_leg":134217728,"leg_ns":[44537089,44537786],"wall_ns":44540742,"stream_errors":0}
PCIE {"t_ms":1790546480043,"test":"conc","trial":1,"copy":"dma","cfg":"2xd2h","legs":2,"bytes_per_leg":134217728,"leg_ns":[25919998,25919268],"wall_ns":25922664,"stream_errors":0}
PCIE {"t_ms":1790546480054,"test":"conc","trial":1,"copy":"dma","cfg":"h2d/ser","legs":1,"bytes_per_leg":134217728,"leg_ns":[10724770],"wall_ns":10727598,"stream_errors":0}
PCIE {"t_ms":1790546480067,"test":"conc","trial":1,"copy":"dma","cfg":"d2h/ser","legs":1,"bytes_per_leg":134217728,"leg_ns":[13152079],"wall_ns":13155098,"stream_errors":0}
PCIE {"t_ms":1790546480083,"test":"conc","trial":1,"copy":"dma","cfg":"h2d+d2h/ser","legs":2,"bytes_per_leg":134217728,"leg_ns":[15933402,14717329],"wall_ns":15936731,"stream_errors":0}
PCIE {"t_ms":1790546480117,"test":"conc","trial":1,"copy":"staged","cfg":"h2d","legs":1,"bytes_per_leg":134217728,"leg_ns":[34400058],"wall_ns":34402614,"stream_errors":0}
PCIE {"t_ms":1790546480145,"test":"conc","trial":1,"copy":"staged","cfg":"d2h","legs":1,"bytes_per_leg":134217728,"leg_ns":[27078012],"wall_ns":27409480,"stream_errors":0}
PCIE {"t_ms":1790546480193,"test":"conc","trial":1,"copy":"staged","cfg":"h2d+d2h","legs":2,"bytes_per_leg":134217728,"leg_ns":[48458820,37467677],"wall_ns":48461844,"stream_errors":0}
PCIE {"t_ms":1790546480263,"test":"conc","trial":1,"copy":"staged","cfg":"2xh2d","legs":2,"bytes_per_leg":134217728,"leg_ns":[69470216,69473461],"wall_ns":69476298,"stream_errors":0}
PCIE {"t_ms":1790546480320,"test":"conc","trial":1,"copy":"staged","cfg":"2xd2h","legs":2,"bytes_per_leg":134217728,"leg_ns":[57686728,57624575],"wall_ns":57690046,"stream_errors":0}
PCIE {"t_ms":1790546480343,"test":"conc","trial":1,"copy":"staged","cfg":"h2d/ser","legs":1,"bytes_per_leg":134217728,"leg_ns":[23180540],"wall_ns":23183995,"stream_errors":0}
PCIE {"t_ms":1790546480369,"test":"conc","trial":1,"copy":"staged","cfg":"d2h/ser","legs":1,"bytes_per_leg":134217728,"leg_ns":[25934968],"wall_ns":25937953,"stream_errors":0}
PCIE {"t_ms":1790546480414,"test":"conc","trial":1,"copy":"staged","cfg":"h2d+d2h/ser","legs":2,"bytes_per_leg":134217728,"leg_ns":[44438635,37996775],"wall_ns":44442143,"stream_errors":0}
PCIE {"t_ms":1790546480436,"test":"conc","trial":2,"copy":"dma","cfg":"h2d","legs":1,"bytes_per_leg":134217728,"leg_ns":[22089173],"wall_ns":22091901,"stream_errors":0}
PCIE {"t_ms":1790546480448,"test":"conc","trial":2,"copy":"dma","cfg":"d2h","legs":1,"bytes_per_leg":134217728,"leg_ns":[12066508],"wall_ns":12068273,"stream_errors":0}
PCIE {"t_ms":1790546480471,"test":"conc","trial":2,"copy":"dma","cfg":"h2d+d2h","legs":2,"bytes_per_leg":134217728,"leg_ns":[22450743,12306548],"wall_ns":22453825,"stream_errors":0}
PCIE {"t_ms":1790546480515,"test":"conc","trial":2,"copy":"dma","cfg":"2xh2d","legs":2,"bytes_per_leg":134217728,"leg_ns":[44566052,44566704],"wall_ns":44569710,"stream_errors":0}
PCIE {"t_ms":1790546480541,"test":"conc","trial":2,"copy":"dma","cfg":"2xd2h","legs":2,"bytes_per_leg":134217728,"leg_ns":[25858347,25859100],"wall_ns":25862022,"stream_errors":0}
PCIE {"t_ms":1790546480552,"test":"conc","trial":2,"copy":"dma","cfg":"h2d/ser","legs":1,"bytes_per_leg":134217728,"leg_ns":[10712556],"wall_ns":10715411,"stream_errors":0}
PCIE {"t_ms":1790546480565,"test":"conc","trial":2,"copy":"dma","cfg":"d2h/ser","legs":1,"bytes_per_leg":134217728,"leg_ns":[13200630],"wall_ns":13205620,"stream_errors":0}
PCIE {"t_ms":1790546480581,"test":"conc","trial":2,"copy":"dma","cfg":"h2d+d2h/ser","legs":2,"bytes_per_leg":134217728,"leg_ns":[15885381,14570998],"wall_ns":15888627,"stream_errors":0}
PCIE {"t_ms":1790546480615,"test":"conc","trial":2,"copy":"staged","cfg":"h2d","legs":1,"bytes_per_leg":134217728,"leg_ns":[34402357],"wall_ns":34414563,"stream_errors":0}
PCIE {"t_ms":1790546480642,"test":"conc","trial":2,"copy":"staged","cfg":"d2h","legs":1,"bytes_per_leg":134217728,"leg_ns":[27168740],"wall_ns":27171123,"stream_errors":0}
PCIE {"t_ms":1790546480691,"test":"conc","trial":2,"copy":"staged","cfg":"h2d+d2h","legs":2,"bytes_per_leg":134217728,"leg_ns":[48716141,37692009],"wall_ns":48718280,"stream_errors":0}
PCIE {"t_ms":1790546480761,"test":"conc","trial":2,"copy":"staged","cfg":"2xh2d","legs":2,"bytes_per_leg":134217728,"leg_ns":[69530659,69531867],"wall_ns":69535283,"stream_errors":0}
PCIE {"t_ms":1790546480818,"test":"conc","trial":2,"copy":"staged","cfg":"2xd2h","legs":2,"bytes_per_leg":134217728,"leg_ns":[56099965,56738951],"wall_ns":57123973,"stream_errors":0}
PCIE {"t_ms":1790546480841,"test":"conc","trial":2,"copy":"staged","cfg":"h2d/ser","legs":1,"bytes_per_leg":134217728,"leg_ns":[22940109],"wall_ns":22943833,"stream_errors":0}
PCIE {"t_ms":1790546480867,"test":"conc","trial":2,"copy":"staged","cfg":"d2h/ser","legs":1,"bytes_per_leg":134217728,"leg_ns":[25961261],"wall_ns":25964064,"stream_errors":0}
PCIE {"t_ms":1790546480911,"test":"conc","trial":2,"copy":"staged","cfg":"h2d+d2h/ser","legs":2,"bytes_per_leg":134217728,"leg_ns":[44492998,37928213],"wall_ns":44496480,"stream_errors":0}
PCIE {"t_ms":1790546480919,"test":"done","which":"conc","elapsed_s":1.785435}
