Opening device 1
PCIE {"t_ms":1790544326783,"test":"open","open_ns":129772731,"link":[{"bdf":"0000:01:00.0","speed":"16.0 GT/s PCIe","width":"8","max_speed":"16.0 GT/s PCIe","max_width":"8","cma_allocated":"0 MB"},{"bdf":"0000:02:00.0","speed":"16.0 GT/s PCIe","width":"8","max_speed":"16.0 GT/s PCIe","max_width":"8","cma_allocated":"2057 MB"}]}
PCIE {"t_ms":1790544326999,"test":"verify","bytes":1048576,"equal":true}
PCIE {"t_ms":1790544327030,"test":"bw","dir":"h2d","copy":"staged","bytes":4096,"warm_ns":629812,"ns":[218061,569059,180489,278058,164917,232002,166121,569669,201158,106410,103018,209726,572061,84964,568660,104718,569162,116442,207396,570559],"stream_errors":0}
PCIE {"t_ms":1790544327030,"test":"bw","dir":"h2d","copy":"dma","bytes":4096,"warm_ns":283590,"ns":[218526,613516,254400,568871,593532,277600,100388,100621,103691,571019,162298,569691,534901,567652,103725,570432,102434,103681,571132,161045],"stream_errors":0}
PCIE {"t_ms":1790544327030,"test":"bw","dir":"d2h","copy":"staged","bytes":4096,"warm_ns":668034,"ns":[207718,638331,154370,193345,783643,175200,132295,580377,135412,636966,633195,579699,161103,115663,113261,580992,117875,587125,114902,171176],"stream_errors":0}
PCIE {"t_ms":1790544327030,"test":"bw","dir":"d2h","copy":"dma","bytes":4096,"warm_ns":619139,"ns":[214910,242214,175115,203671,622129,586663,169686,584192,578309,158697,116159,187674,636251,581349,582848,112245,580949,161044,115462,579583],"stream_errors":0}
PCIE {"t_ms":1790544327066,"test":"bw","dir":"h2d","copy":"staged","bytes":8192,"warm_ns":183541,"ns":[567008,622283,610208,596527,207798,539469,559853,606200,565237,203529,156240,565874,195227,565766,568243,574867,567366,569131,569157,105217],"stream_errors":0}
PCIE {"t_ms":1790544327066,"test":"bw","dir":"h2d","copy":"dma","bytes":8192,"warm_ns":569632,"ns":[157611,206092,614305,155427,601228,202208,214085,194662,570028,577883,623235,210894,577368,209482,215589,203361,220215,181738,104503,151716],"stream_errors":0}
PCIE {"t_ms":1790544327066,"test":"bw","dir":"d2h","copy":"staged","bytes":8192,"warm_ns":639426,"ns":[118697,624327,626796,596753,576661,592977,585082,595873,646289,583675,210474,584238,623165,207601,582412,555727,221638,526526,579683,114012],"stream_errors":0}
PCIE {"t_ms":1790544327066,"test":"bw","dir":"d2h","copy":"dma","bytes":8192,"warm_ns":162622,"ns":[594215,195403,582669,531660,606794,587449,207056,673424,156358,167235,654808,582810,633783,579220,211874,218398,208464,112966,579625,635667],"stream_errors":0}
PCIE {"t_ms":1790544327097,"test":"bw","dir":"h2d","copy":"staged","bytes":16384,"warm_ns":566402,"ns":[149362,153134,206708,102814,566693,207554,568995,152029,150882,572230,569353,207791,570094,206788,102635,569854,104025,102985,569588,568210],"stream_errors":0}
PCIE {"t_ms":1790544327097,"test":"bw","dir":"h2d","copy":"dma","bytes":16384,"warm_ns":567934,"ns":[100798,568071,570720,150442,102899,570386,150519,99998,567597,145972,207809,602825,670702,548195,567967,104278,152891,555289,103764,104575],"stream_errors":0}
PCIE {"t_ms":1790544327097,"test":"bw","dir":"d2h","copy":"staged","bytes":16384,"warm_ns":637296,"ns":[637982,581367,126861,635609,565424,114584,580057,584543,581990,578218,579788,113924,581527,580394,582789,582733,580118,581629,113429,636516],"stream_errors":0}
PCIE {"t_ms":1790544327097,"test":"bw","dir":"d2h","copy":"dma","bytes":16384,"warm_ns":158776,"ns":[118657,166699,580259,115529,582880,112554,170111,640123,168580,176388,579197,115466,169953,545506,117131,112395,169469,582194,580930,161571],"stream_errors":0}
PCIE {"t_ms":1790544327125,"test":"bw","dir":"h2d","copy":"staged","bytes":32768,"warm_ns":181292,"ns":[570609,208646,104711,106218,569099,571554,148952,572714,151964,566867,166076,571030,103739,568161,566959,101863,567549,98205,569040,142691],"stream_errors":0}
PCIE {"t_ms":1790544327125,"test":"bw","dir":"h2d","copy":"dma","bytes":32768,"warm_ns":115826,"ns":[101684,188194,207553,153927,175622,568258,101541,152967,100563,102320,103354,206901,568104,209326,102390,568417,205246,149861,107341,102856],"stream_errors":0}
PCIE {"t_ms":1790544327125,"test":"bw","dir":"d2h","copy":"staged","bytes":32768,"warm_ns":640542,"ns":[118314,569591,578768,173386,114871,166847,636759,132653,582787,580121,160032,580902,164025,115966,582180,114441,117656,584471,580858,180342],"stream_errors":0}
PCIE {"t_ms":1790544327125,"test":"bw","dir":"d2h","copy":"dma","bytes":32768,"warm_ns":156862,"ns":[582393,126795,580654,578677,581330,633400,117642,163680,634829,582519,578085,579439,635151,112238,582014,579791,113425,636693,583379,578803],"stream_errors":0}
PCIE {"t_ms":1790544327155,"test":"bw","dir":"h2d","copy":"staged","bytes":65536,"warm_ns":540847,"ns":[99885,205695,103764,147538,149225,155595,141197,206060,570719,206238,568336,568621,101454,623941,145055,580677,201570,99784,671556,98452],"stream_errors":0}
PCIE {"t_ms":1790544327155,"test":"bw","dir":"h2d","copy":"dma","bytes":65536,"warm_ns":115398,"ns":[568439,104068,566927,102499,567159,98997,94223,568983,148945,569886,205894,101255,146703,101624,103790,627525,93965,673042,568455,676080],"stream_errors":0}
PCIE {"t_ms":1790544327155,"test":"bw","dir":"d2h","copy":"staged","bytes":65536,"warm_ns":642402,"ns":[120134,129898,584830,639769,169189,584181,580688,582878,582734,585184,116250,583174,173572,584469,640841,208381,582380,160639,182668,115700],"stream_errors":0}
PCIE {"t_ms":1790544327155,"test":"bw","dir":"d2h","copy":"dma","bytes":65536,"warm_ns":153841,"ns":[587019,560458,115060,110909,582741,631849,645605,112663,168865,110199,580753,581868,579415,581614,111384,141491,115913,681396,668581,559653],"stream_errors":0}
PCIE {"t_ms":1790544327172,"test":"bw","dir":"h2d","copy":"staged","bytes":131072,"warm_ns":173520,"ns":[195168,676061,101398,210738,646152,207230,203113,118292,118098,119067,179836,104525,118165,190534,118593,200395,200569,118143,105165,176965],"stream_errors":0}
PCIE {"t_ms":1790544327172,"test":"bw","dir":"h2d","copy":"dma","bytes":131072,"warm_ns":696614,"ns":[103443,622934,716019,109421,208064,117706,119757,201083,171079,104494,118458,202215,202384,118378,202605,102712,101872,195276,105204,118374],"stream_errors":0}
PCIE {"t_ms":1790544327172,"test":"bw","dir":"d2h","copy":"staged","bytes":131072,"warm_ns":661984,"ns":[167299,715678,136796,128678,135460,196050,136402,117212,136402,120855,118483,132432,116656,134391,118207,112876,135514,136306,132780,133238],"stream_errors":0}
PCIE {"t_ms":1790544327172,"test":"bw","dir":"d2h","copy":"dma","bytes":131072,"warm_ns":148859,"ns":[706971,145303,114753,129546,128900,205632,129660,115288,128139,106482,129718,127697,195773,107719,129878,129398,131138,106352,127602,109403],"stream_errors":0}
PCIE {"t_ms":1790544327186,"test":"bw","dir":"h2d","copy":"staged","bytes":262144,"warm_ns":176786,"ns":[207222,191477,194416,201418,222743,221201,222564,204853,221708,207486,221214,196042,205888,206509,212803,219858,221542,206147,194006,206723],"stream_errors":0}
PCIE {"t_ms":1790544327186,"test":"bw","dir":"h2d","copy":"dma","bytes":262144,"warm_ns":116578,"ns":[119177,207655,117849,192010,119390,196044,118986,192164,194786,214023,192698,205174,118551,118933,207545,205813,190220,215002,118294,190508],"stream_errors":0}
PCIE {"t_ms":1790544327186,"test":"bw","dir":"d2h","copy":"staged","bytes":262144,"warm_ns":142930,"ns":[142222,128116,124287,128906,128294,124225,142513,129072,126356,139742,121774,142890,142383,142308,142520,138477,228312,140592,122110,218306],"stream_errors":0}
PCIE {"t_ms":1790544327186,"test":"bw","dir":"d2h","copy":"dma","bytes":262144,"warm_ns":187240,"ns":[202087,124852,130402,129088,201019,114712,203654,121155,128630,128265,208413,131266,203705,197993,202563,129906,128949,114582,129901,129511],"stream_errors":0}
PCIE {"t_ms":1790544327213,"test":"bw","dir":"h2d","copy":"staged","bytes":524288,"warm_ns":196081,"ns":[208595,203181,248000,208247,213440,196964,569197,174513,195822,201245,571417,180770,198212,572138,220995,201831,565622,572066,197995,198381],"stream_errors":0}
PCIE {"t_ms":1790544327214,"test":"bw","dir":"h2d","copy":"dma","bytes":524288,"warm_ns":218055,"ns":[209442,177546,572013,569566,175264,208470,213246,199952,571789,171130,194810,175806,175051,198065,174745,571123,204511,177211,205952,570311],"stream_errors":0}
PCIE {"t_ms":1790544327214,"test":"bw","dir":"d2h","copy":"staged","bytes":524288,"warm_ns":260611,"ns":[605345,607339,605455,253723,611342,150362,232625,221041,254648,614159,604364,220017,611460,248801,612181,604109,224168,258441,604534,608362],"stream_errors":0}
PCIE {"t_ms":1790544327214,"test":"bw","dir":"d2h","copy":"dma","bytes":524288,"warm_ns":186202,"ns":[126068,196150,574926,183675,575676,185252,589153,133339,201758,585211,570859,133632,231178,197257,576527,222047,168944,578839,198976,159211],"stream_errors":0}
PCIE {"t_ms":1790544327248,"test":"bw","dir":"h2d","copy":"staged","bytes":1048576,"warm_ns":532992,"ns":[566598,259060,569320,254180,311895,350216,570403,568357,301160,254105,255182,304367,573714,571570,567960,307655,256660,305002,218196,570991],"stream_errors":0}
PCIE {"t_ms":1790544327248,"test":"bw","dir":"h2d","copy":"dma","bytes":1048576,"warm_ns":211988,"ns":[200355,569636,319605,567381,247301,305365,303534,254635,566635,564903,565957,250410,245435,255814,200352,245275,570548,196605,252908,254035],"stream_errors":0}
PCIE {"t_ms":1790544327248,"test":"bw","dir":"d2h","copy":"staged","bytes":1048576,"warm_ns":645050,"ns":[314234,273017,640789,236172,641330,641440,690831,267553,325071,637240,638180,637879,323215,685475,323415,643487,689698,687164,260705,220116],"stream_errors":0}
PCIE {"t_ms":1790544327248,"test":"bw","dir":"d2h","copy":"dma","bytes":1048576,"warm_ns":258098,"ns":[589042,317077,308719,314443,585296,585116,584149,194516,581605,315874,316526,588407,287141,281264,214610,581793,282161,635644,588970,275406],"stream_errors":0}
PCIE {"t_ms":1790544327287,"test":"bw","dir":"h2d","copy":"staged","bytes":2097152,"warm_ns":540804,"ns":[408125,571678,568005,386758,465983,569384,351598,425858,363899,409157,416034,570772,335799,426187,571189,415952,412264,349607,398397,411932],"stream_errors":0}
PCIE {"t_ms":1790544327287,"test":"bw","dir":"h2d","copy":"dma","bytes":2097152,"warm_ns":320102,"ns":[390267,386117,344013,303627,568628,567301,348795,570220,355683,383804,567930,326908,311565,294662,255637,308308,321200,307055,402302,297729],"stream_errors":0}
PCIE {"t_ms":1790544327287,"test":"bw","dir":"d2h","copy":"staged","bytes":2097152,"warm_ns":725090,"ns":[703363,395051,485600,708550,387725,708943,384973,698746,742905,700563,517079,694922,734869,387010,483717,495239,746025,699540,382068,430720],"stream_errors":0}
PCIE {"t_ms":1790544327287,"test":"bw","dir":"d2h","copy":"dma","bytes":2097152,"warm_ns":343856,"ns":[267541,385917,550893,583195,385409,331484,633220,358937,628113,259191,596268,374029,286185,630816,339582,256616,262289,362327,341985,584691],"stream_errors":0}
PCIE {"t_ms":1790544327326,"test":"bw","dir":"h2d","copy":"staged","bytes":4194304,"warm_ns":763261,"ns":[687112,664695,672219,658846,632344,576172,594905,676669,673889,586858,571996,567285,616544,591963,597078,592902],"stream_errors":0}
PCIE {"t_ms":1790544327326,"test":"bw","dir":"h2d","copy":"dma","bytes":4194304,"warm_ns":422891,"ns":[431505,568527,513878,509416,490772,511404,535395,488513,483043,482532,567960,483236,465918,513896,424699,494672],"stream_errors":0}
PCIE {"t_ms":1790544327326,"test":"bw","dir":"d2h","copy":"staged","bytes":4194304,"warm_ns":822576,"ns":[657869,685156,794850,818588,670489,670491,650811,811808,657248,661842,653324,817852,673562,818781,677701,681247],"stream_errors":0}
PCIE {"t_ms":1790544327326,"test":"bw","dir":"d2h","copy":"dma","bytes":4194304,"warm_ns":389269,"ns":[433008,582215,393774,392363,581385,438500,438071,576882,579994,420969,442231,582134,437161,496717,391888,427075],"stream_errors":0}
PCIE {"t_ms":1790544327360,"test":"bw","dir":"h2d","copy":"staged","bytes":8388608,"warm_ns":1263436,"ns":[1093076,1095912,1025241,1101665,1087511,1061343,1089370,1082797],"stream_errors":0}
PCIE {"t_ms":1790544327360,"test":"bw","dir":"h2d","copy":"dma","bytes":8388608,"warm_ns":834751,"ns":[794459,809516,777312,774326,822078,775169,822855,881518],"stream_errors":0}
PCIE {"t_ms":1790544327360,"test":"bw","dir":"d2h","copy":"staged","bytes":8388608,"warm_ns":1304341,"ns":[1095099,1132919,1130424,1110581,1081127,1090547,1086681,1142969],"stream_errors":0}
PCIE {"t_ms":1790544327360,"test":"bw","dir":"d2h","copy":"dma","bytes":8388608,"warm_ns":710449,"ns":[692116,755437,684730,686605,685837,683772,726569,821372],"stream_errors":0}
PCIE {"t_ms":1790544327400,"test":"bw","dir":"h2d","copy":"staged","bytes":16777216,"warm_ns":2468355,"ns":[2398294,2328011,2437317,2451814],"stream_errors":0}
PCIE {"t_ms":1790544327400,"test":"bw","dir":"h2d","copy":"dma","bytes":16777216,"warm_ns":1613473,"ns":[1613532,1760291,1738101,1725433],"stream_errors":0}
PCIE {"t_ms":1790544327400,"test":"bw","dir":"d2h","copy":"staged","bytes":16777216,"warm_ns":2455829,"ns":[2142549,2494262,2371551,2445924],"stream_errors":0}
PCIE {"t_ms":1790544327400,"test":"bw","dir":"d2h","copy":"dma","bytes":16777216,"warm_ns":1471519,"ns":[1448732,1522072,1657251,1615588],"stream_errors":0}
PCIE {"t_ms":1790544327464,"test":"bw","dir":"h2d","copy":"staged","bytes":33554432,"warm_ns":5126053,"ns":[4487968,4463168,4523848],"stream_errors":0}
PCIE {"t_ms":1790544327464,"test":"bw","dir":"h2d","copy":"dma","bytes":33554432,"warm_ns":3047044,"ns":[3042087,2978451,3129281],"stream_errors":0}
PCIE {"t_ms":1790544327464,"test":"bw","dir":"d2h","copy":"staged","bytes":33554432,"warm_ns":5600026,"ns":[4314058,5458323,5390338],"stream_errors":0}
PCIE {"t_ms":1790544327464,"test":"bw","dir":"d2h","copy":"dma","bytes":33554432,"warm_ns":2812590,"ns":[2817712,2667757,3974223],"stream_errors":0}
PCIE {"t_ms":1790544327591,"test":"bw","dir":"h2d","copy":"staged","bytes":67108864,"warm_ns":9832023,"ns":[8849760,8753607,8845332],"stream_errors":0}
PCIE {"t_ms":1790544327591,"test":"bw","dir":"h2d","copy":"dma","bytes":67108864,"warm_ns":5750022,"ns":[5733771,5688415,5766761],"stream_errors":0}
PCIE {"t_ms":1790544327591,"test":"bw","dir":"d2h","copy":"staged","bytes":67108864,"warm_ns":10217671,"ns":[9956427,10201545,10013777],"stream_errors":0}
PCIE {"t_ms":1790544327591,"test":"bw","dir":"d2h","copy":"dma","bytes":67108864,"warm_ns":6740661,"ns":[6952941,6994236,7123048],"stream_errors":0}
PCIE {"t_ms":1790544327837,"test":"bw","dir":"h2d","copy":"staged","bytes":134217728,"warm_ns":19356671,"ns":[17262499,17305823,17448938],"stream_errors":0}
PCIE {"t_ms":1790544327837,"test":"bw","dir":"h2d","copy":"dma","bytes":134217728,"warm_ns":10912504,"ns":[10892333,10968852,10934012],"stream_errors":0}
PCIE {"t_ms":1790544327837,"test":"bw","dir":"d2h","copy":"staged","bytes":134217728,"warm_ns":19567828,"ns":[19323272,19505066,19425431],"stream_errors":0}
PCIE {"t_ms":1790544327837,"test":"bw","dir":"d2h","copy":"dma","bytes":134217728,"warm_ns":13148606,"ns":[13041368,13202720,13334709],"stream_errors":0}
PCIE {"t_ms":1790544328320,"test":"bw","dir":"h2d","copy":"staged","bytes":268435456,"warm_ns":36358008,"ns":[34537524,34551749,34478276],"stream_errors":0}
PCIE {"t_ms":1790544328320,"test":"bw","dir":"h2d","copy":"dma","bytes":268435456,"warm_ns":21571269,"ns":[21554812,21588552,21628784],"stream_errors":0}
PCIE {"t_ms":1790544328320,"test":"bw","dir":"d2h","copy":"staged","bytes":268435456,"warm_ns":38742260,"ns":[38324235,38638144,38266808],"stream_errors":0}
PCIE {"t_ms":1790544328320,"test":"bw","dir":"d2h","copy":"dma","bytes":268435456,"warm_ns":25665605,"ns":[25773035,25618102,25856444],"stream_errors":0}
PCIE {"t_ms":1790544328334,"test":"done","which":"bw","elapsed_s":1.680931}
