Opening device 1
PCIE {"t_ms":1790544333458,"test":"open","open_ns":130030161,"link":[{"bdf":"0000:01:00.0","speed":"16.0 GT/s PCIe","width":"8","max_speed":"16.0 GT/s PCIe","max_width":"8","cma_allocated":"0 MB"},{"bdf":"0000:02:00.0","speed":"16.0 GT/s PCIe","width":"8","max_speed":"16.0 GT/s PCIe","max_width":"8","cma_allocated":"2057 MB"}]}
PCIE {"t_ms":1790544333588,"test":"conc","trial":0,"copy":"dma","cfg":"h2d","legs":1,"bytes_per_leg":134217728,"leg_ns":[22305558],"wall_ns":22326795,"stream_errors":0}
PCIE {"t_ms":1790544333600,"test":"conc","trial":0,"copy":"dma","cfg":"d2h","legs":1,"bytes_per_leg":134217728,"leg_ns":[12043060],"wall_ns":12058165,"stream_errors":0}
PCIE {"t_ms":1790544333623,"test":"conc","trial":0,"copy":"dma","cfg":"h2d+d2h","legs":2,"bytes_per_leg":134217728,"leg_ns":[22549258,12220477],"wall_ns":22564189,"stream_errors":0}
PCIE {"t_ms":1790544333668,"test":"conc","trial":0,"copy":"dma","cfg":"2xh2d","legs":2,"bytes_per_leg":134217728,"leg_ns":[44988928,44990903],"wall_ns":45009647,"stream_errors":0}
PCIE {"t_ms":1790544333695,"test":"conc","trial":0,"copy":"dma","cfg":"2xd2h","legs":2,"bytes_per_leg":134217728,"leg_ns":[26751757,26883203],"wall_ns":26896498,"stream_errors":0}
PCIE {"t_ms":1790544333706,"test":"conc","trial":0,"copy":"dma","cfg":"h2d/ser","legs":1,"bytes_per_leg":134217728,"leg_ns":[10921332],"wall_ns":10938703,"stream_errors":0}
PCIE {"t_ms":1790544333719,"test":"conc","trial":0,"copy":"dma","cfg":"d2h/ser","legs":1,"bytes_per_leg":134217728,"leg_ns":[13292356],"wall_ns":13304801,"stream_errors":0}
PCIE {"t_ms":1790544333735,"test":"conc","trial":0,"copy":"dma","cfg":"h2d+d2h/ser","legs":2,"bytes_per_leg":134217728,"leg_ns":[15872298,14864836],"wall_ns":15887403,"stream_errors":0}
PCIE {"t_ms":1790544333764,"test":"conc","trial":0,"copy":"staged","cfg":"h2d","legs":1,"bytes_per_leg":134217728,"leg_ns":[29190121],"wall_ns":29206256,"stream_errors":0}
PCIE {"t_ms":1790544333782,"test":"conc","trial":0,"copy":"staged","cfg":"d2h","legs":1,"bytes_per_leg":134217728,"leg_ns":[18411766],"wall_ns":18424091,"stream_errors":0}
PCIE {"t_ms":1790544333810,"test":"conc","trial":0,"copy":"staged","cfg":"h2d+d2h","legs":2,"bytes_per_leg":134217728,"leg_ns":[27170137,19661985],"wall_ns":27184446,"stream_errors":0}
PCIE {"t_ms":1790544333864,"test":"conc","trial":0,"copy":"staged","cfg":"2xh2d","legs":2,"bytes_per_leg":134217728,"leg_ns":[53585087,53881609],"wall_ns":53910666,"stream_errors":0}
PCIE {"t_ms":1790544333903,"test":"conc","trial":0,"copy":"staged","cfg":"2xd2h","legs":2,"bytes_per_leg":134217728,"leg_ns":[39472526,39584824],"wall_ns":39772338,"stream_errors":0}
PCIE {"t_ms":1790544333920,"test":"conc","trial":0,"copy":"staged","cfg":"h2d/ser","legs":1,"bytes_per_leg":134217728,"leg_ns":[16069362],"wall_ns":16091430,"stream_errors":0}
PCIE {"t_ms":1790544333936,"test":"conc","trial":0,"copy":"staged","cfg":"d2h/ser","legs":1,"bytes_per_leg":134217728,"leg_ns":[16548003],"wall_ns":16562168,"stream_errors":0}
PCIE {"t_ms":1790544333958,"test":"conc","trial":0,"copy":"staged","cfg":"h2d+d2h/ser","legs":2,"bytes_per_leg":134217728,"leg_ns":[21712026,17873707],"wall_ns":21742794,"stream_errors":0}
PCIE {"t_ms":1790544333980,"test":"conc","trial":1,"copy":"dma","cfg":"h2d","legs":1,"bytes_per_leg":134217728,"leg_ns":[21883592],"wall_ns":21895661,"stream_errors":0}
PCIE {"t_ms":1790544333992,"test":"conc","trial":1,"copy":"dma","cfg":"d2h","legs":1,"bytes_per_leg":134217728,"leg_ns":[12163349],"wall_ns":12176828,"stream_errors":0}
PCIE {"t_ms":1790544334014,"test":"conc","trial":1,"copy":"dma","cfg":"h2d+d2h","legs":2,"bytes_per_leg":134217728,"leg_ns":[22305630,12300832],"wall_ns":22317951,"stream_errors":0}
PCIE {"t_ms":1790544334059,"test":"conc","trial":1,"copy":"dma","cfg":"2xh2d","legs":2,"bytes_per_leg":134217728,"leg_ns":[44990617,44984325],"wall_ns":45010404,"stream_errors":0}
PCIE {"t_ms":1790544334086,"test":"conc","trial":1,"copy":"dma","cfg":"2xd2h","legs":2,"bytes_per_leg":134217728,"leg_ns":[26495293,26497389],"wall_ns":26509662,"stream_errors":0}
PCIE {"t_ms":1790544334097,"test":"conc","trial":1,"copy":"dma","cfg":"h2d/ser","legs":1,"bytes_per_leg":134217728,"leg_ns":[10788958],"wall_ns":10801031,"stream_errors":0}
PCIE {"t_ms":1790544334110,"test":"conc","trial":1,"copy":"dma","cfg":"d2h/ser","legs":1,"bytes_per_leg":134217728,"leg_ns":[13284182],"wall_ns":13302378,"stream_errors":0}
PCIE {"t_ms":1790544334126,"test":"conc","trial":1,"copy":"dma","cfg":"h2d+d2h/ser","legs":2,"bytes_per_leg":134217728,"leg_ns":[15758928,14753811],"wall_ns":15770826,"stream_errors":0}
PCIE {"t_ms":1790544334153,"test":"conc","trial":1,"copy":"staged","cfg":"h2d","legs":1,"bytes_per_leg":134217728,"leg_ns":[27114031],"wall_ns":27131076,"stream_errors":0}
PCIE {"t_ms":1790544334171,"test":"conc","trial":1,"copy":"staged","cfg":"d2h","legs":1,"bytes_per_leg":134217728,"leg_ns":[18472633],"wall_ns":18492529,"stream_errors":0}
PCIE {"t_ms":1790544334201,"test":"conc","trial":1,"copy":"staged","cfg":"h2d+d2h","legs":2,"bytes_per_leg":134217728,"leg_ns":[29548179,19303548],"wall_ns":29563839,"stream_errors":0}
PCIE {"t_ms":1790544334257,"test":"conc","trial":1,"copy":"staged","cfg":"2xh2d","legs":2,"bytes_per_leg":134217728,"leg_ns":[55777677,55795828],"wall_ns":55812590,"stream_errors":0}
PCIE {"t_ms":1790544334297,"test":"conc","trial":1,"copy":"staged","cfg":"2xd2h","legs":2,"bytes_per_leg":134217728,"leg_ns":[39700054,39979273],"wall_ns":39992235,"stream_errors":0}
PCIE {"t_ms":1790544334313,"test":"conc","trial":1,"copy":"staged","cfg":"h2d/ser","legs":1,"bytes_per_leg":134217728,"leg_ns":[15932194],"wall_ns":15952724,"stream_errors":0}
PCIE {"t_ms":1790544334329,"test":"conc","trial":1,"copy":"staged","cfg":"d2h/ser","legs":1,"bytes_per_leg":134217728,"leg_ns":[16477624],"wall_ns":16489285,"stream_errors":0}
PCIE {"t_ms":1790544334351,"test":"conc","trial":1,"copy":"staged","cfg":"h2d+d2h/ser","legs":2,"bytes_per_leg":134217728,"leg_ns":[21441010,17655626],"wall_ns":21461206,"stream_errors":0}
PCIE {"t_ms":1790544334373,"test":"conc","trial":2,"copy":"dma","cfg":"h2d","legs":1,"bytes_per_leg":134217728,"leg_ns":[22094816],"wall_ns":22107065,"stream_errors":0}
PCIE {"t_ms":1790544334385,"test":"conc","trial":2,"copy":"dma","cfg":"d2h","legs":1,"bytes_per_leg":134217728,"leg_ns":[12063652],"wall_ns":12076060,"stream_errors":0}
PCIE {"t_ms":1790544334407,"test":"conc","trial":2,"copy":"dma","cfg":"h2d+d2h","legs":2,"bytes_per_leg":134217728,"leg_ns":[22310112,12340879],"wall_ns":22334614,"stream_errors":0}
PCIE {"t_ms":1790544334452,"test":"conc","trial":2,"copy":"dma","cfg":"2xh2d","legs":2,"bytes_per_leg":134217728,"leg_ns":[44938229,44962754],"wall_ns":44978471,"stream_errors":0}
PCIE {"t_ms":1790544334480,"test":"conc","trial":2,"copy":"dma","cfg":"2xd2h","legs":2,"bytes_per_leg":134217728,"leg_ns":[26971866,26984877],"wall_ns":26998873,"stream_errors":0}
PCIE {"t_ms":1790544334490,"test":"conc","trial":2,"copy":"dma","cfg":"h2d/ser","legs":1,"bytes_per_leg":134217728,"leg_ns":[10859537],"wall_ns":10872533,"stream_errors":0}
PCIE {"t_ms":1790544334504,"test":"conc","trial":2,"copy":"dma","cfg":"d2h/ser","legs":1,"bytes_per_leg":134217728,"leg_ns":[13330718],"wall_ns":13349366,"stream_errors":0}
PCIE {"t_ms":1790544334520,"test":"conc","trial":2,"copy":"dma","cfg":"h2d+d2h/ser","legs":2,"bytes_per_leg":134217728,"leg_ns":[15910300,14854509],"wall_ns":15924961,"stream_errors":0}
PCIE {"t_ms":1790544334547,"test":"conc","trial":2,"copy":"staged","cfg":"h2d","legs":1,"bytes_per_leg":134217728,"leg_ns":[27437904],"wall_ns":27457044,"stream_errors":0}
PCIE {"t_ms":1790544334566,"test":"conc","trial":2,"copy":"staged","cfg":"d2h","legs":1,"bytes_per_leg":134217728,"leg_ns":[18458473],"wall_ns":18490756,"stream_errors":0}
PCIE {"t_ms":1790544334595,"test":"conc","trial":2,"copy":"staged","cfg":"h2d+d2h","legs":2,"bytes_per_leg":134217728,"leg_ns":[29420831,19549156],"wall_ns":29448897,"stream_errors":0}
PCIE {"t_ms":1790544334651,"test":"conc","trial":2,"copy":"staged","cfg":"2xh2d","legs":2,"bytes_per_leg":134217728,"leg_ns":[55655358,55669668],"wall_ns":55685887,"stream_errors":0}
PCIE {"t_ms":1790544334691,"test":"conc","trial":2,"copy":"staged","cfg":"2xd2h","legs":2,"bytes_per_leg":134217728,"leg_ns":[39566052,39424145],"wall_ns":39590472,"stream_errors":0}
PCIE {"t_ms":1790544334707,"test":"conc","trial":2,"copy":"staged","cfg":"h2d/ser","legs":1,"bytes_per_leg":134217728,"leg_ns":[16063292],"wall_ns":16091631,"stream_errors":0}
PCIE {"t_ms":1790544334723,"test":"conc","trial":2,"copy":"staged","cfg":"d2h/ser","legs":1,"bytes_per_leg":134217728,"leg_ns":[16461074],"wall_ns":16479608,"stream_errors":0}
PCIE {"t_ms":1790544334745,"test":"conc","trial":2,"copy":"staged","cfg":"h2d+d2h/ser","legs":2,"bytes_per_leg":134217728,"leg_ns":[21646732,17980610],"wall_ns":21674701,"stream_errors":0}
PCIE {"t_ms":1790544334755,"test":"done","which":"conc","elapsed_s":1.426527}
