PCIE {"t_ms":1790727362010,"test":"open","open_ns":134187656,"src":"PCIEBENCH_SRC_SHA256 main=27b7ed06330c4bae26cd24be189cdac0d67432cb52b1e8c7fca1116abda1aa5f args=8ae69bd7d46097957b638ff4c6630eb3e66d3cb0654b77d3bf55f3336c61c508 touch=92180a93c6dae0a1dce8c379156f827bd6588115777499dc45e64bf606b46ec0","link":[{"bdf":"0000:02:00.0","speed":"16.0 GT/s PCIe","width":"8","max_speed":"16.0 GT/s PCIe","max_width":"8","cma_allocated":"2057 MB"}]}
PCIE {"t_ms":1790727362042,"test":"conc","trial":0,"copy":"dma","cfg":"d2h/ser","legs":1,"bytes_per_leg":33554432,"leg_ns":[3133091],"wall_ns":3152455,"stream_errors":0,"mb":16,"cmds_per_leg":2,"elements":8}
PCIE {"t_ms":1790727362048,"test":"conc","trial":0,"copy":"dma","cfg":"2xh2d/ser","legs":2,"bytes_per_leg":33554432,"leg_ns":[4265094,5655974],"wall_ns":5680469,"stream_errors":0,"mb":16,"cmds_per_leg":2,"elements":8}
PCIE {"t_ms":1790727362051,"test":"conc","trial":0,"copy":"dma","cfg":"h2d/ser","legs":1,"bytes_per_leg":33554432,"leg_ns":[2938398],"wall_ns":2959864,"stream_errors":0,"mb":16,"cmds_per_leg":2,"elements":8}
PCIE {"t_ms":1790727362056,"test":"conc","trial":0,"copy":"dma","cfg":"h2d","legs":1,"bytes_per_leg":33554432,"leg_ns":[5586904],"wall_ns":5607068,"stream_errors":0,"mb":16,"cmds_per_leg":2,"elements":8}
PCIE {"t_ms":1790727362059,"test":"conc","trial":0,"copy":"dma","cfg":"d2h","legs":1,"bytes_per_leg":33554432,"leg_ns":[3284051],"wall_ns":3298851,"stream_errors":0,"mb":16,"cmds_per_leg":2,"elements":8}
PCIE {"t_ms":1790727362062,"test":"conc","trial":1,"copy":"dma","cfg":"d2h","legs":1,"bytes_per_leg":33554432,"leg_ns":[2951582],"wall_ns":2966069,"stream_errors":0,"mb":16,"cmds_per_leg":2,"elements":8}
PCIE {"t_ms":1790727362065,"test":"conc","trial":1,"copy":"dma","cfg":"d2h/ser","legs":1,"bytes_per_leg":33554432,"leg_ns":[2561253],"wall_ns":2575806,"stream_errors":0,"mb":16,"cmds_per_leg":2,"elements":8}
PCIE {"t_ms":1790727362068,"test":"conc","trial":1,"copy":"dma","cfg":"h2d/ser","legs":1,"bytes_per_leg":33554432,"leg_ns":[2842353],"wall_ns":2860663,"stream_errors":0,"mb":16,"cmds_per_leg":2,"elements":8}
PCIE {"t_ms":1790727362073,"test":"conc","trial":1,"copy":"dma","cfg":"h2d","legs":1,"bytes_per_leg":33554432,"leg_ns":[5421685],"wall_ns":5440394,"stream_errors":0,"mb":16,"cmds_per_leg":2,"elements":8}
PCIE {"t_ms":1790727362079,"test":"conc","trial":1,"copy":"dma","cfg":"2xh2d/ser","legs":2,"bytes_per_leg":33554432,"leg_ns":[4164101,5547523],"wall_ns":5565469,"stream_errors":0,"mb":16,"cmds_per_leg":2,"elements":8}
PCIE {"t_ms":1790727362084,"test":"conc","trial":2,"copy":"dma","cfg":"h2d","legs":1,"bytes_per_leg":33554432,"leg_ns":[5501702],"wall_ns":5515739,"stream_errors":0,"mb":16,"cmds_per_leg":2,"elements":8}
PCIE {"t_ms":1790727362087,"test":"conc","trial":2,"copy":"dma","cfg":"h2d/ser","legs":1,"bytes_per_leg":33554432,"leg_ns":[2964857],"wall_ns":2978713,"stream_errors":0,"mb":16,"cmds_per_leg":2,"elements":8}
PCIE {"t_ms":1790727362093,"test":"conc","trial":2,"copy":"dma","cfg":"2xh2d/ser","legs":2,"bytes_per_leg":33554432,"leg_ns":[4358369,5666484],"wall_ns":5680096,"stream_errors":0,"mb":16,"cmds_per_leg":2,"elements":8}
PCIE {"t_ms":1790727362097,"test":"conc","trial":2,"copy":"dma","cfg":"d2h","legs":1,"bytes_per_leg":33554432,"leg_ns":[3767886],"wall_ns":3788643,"stream_errors":0,"mb":16,"cmds_per_leg":2,"elements":8}
PCIE {"t_ms":1790727362100,"test":"conc","trial":2,"copy":"dma","cfg":"d2h/ser","legs":1,"bytes_per_leg":33554432,"leg_ns":[2803898],"wall_ns":2817484,"stream_errors":0,"mb":16,"cmds_per_leg":2,"elements":8}
PCIE {"t_ms":1790727362103,"test":"conc","trial":3,"copy":"dma","cfg":"d2h","legs":1,"bytes_per_leg":33554432,"leg_ns":[3302532],"wall_ns":3317271,"stream_errors":0,"mb":16,"cmds_per_leg":2,"elements":8}
PCIE {"t_ms":1790727362109,"test":"conc","trial":3,"copy":"dma","cfg":"2xh2d/ser","legs":2,"bytes_per_leg":33554432,"leg_ns":[4328645,5610157],"wall_ns":5627841,"stream_errors":0,"mb":16,"cmds_per_leg":2,"elements":8}
PCIE {"t_ms":1790727362112,"test":"conc","trial":3,"copy":"dma","cfg":"d2h/ser","legs":1,"bytes_per_leg":33554432,"leg_ns":[3229802],"wall_ns":3244803,"stream_errors":0,"mb":16,"cmds_per_leg":2,"elements":8}
PCIE {"t_ms":1790727362117,"test":"conc","trial":3,"copy":"dma","cfg":"h2d","legs":1,"bytes_per_leg":33554432,"leg_ns":[5476773],"wall_ns":5494894,"stream_errors":0,"mb":16,"cmds_per_leg":2,"elements":8}
PCIE {"t_ms":1790727362120,"test":"conc","trial":3,"copy":"dma","cfg":"h2d/ser","legs":1,"bytes_per_leg":33554432,"leg_ns":[2934949],"wall_ns":2951270,"stream_errors":0,"mb":16,"cmds_per_leg":2,"elements":8}
PCIE {"t_ms":1790727362123,"test":"conc","trial":4,"copy":"dma","cfg":"h2d/ser","legs":1,"bytes_per_leg":33554432,"leg_ns":[2976312],"wall_ns":2991997,"stream_errors":0,"mb":16,"cmds_per_leg":2,"elements":8}
PCIE {"t_ms":1790727362126,"test":"conc","trial":4,"copy":"dma","cfg":"d2h/ser","legs":1,"bytes_per_leg":33554432,"leg_ns":[2795949],"wall_ns":2810333,"stream_errors":0,"mb":16,"cmds_per_leg":2,"elements":8}
PCIE {"t_ms":1790727362132,"test":"conc","trial":4,"copy":"dma","cfg":"h2d","legs":1,"bytes_per_leg":33554432,"leg_ns":[5437765],"wall_ns":5451378,"stream_errors":0,"mb":16,"cmds_per_leg":2,"elements":8}
PCIE {"t_ms":1790727362137,"test":"conc","trial":4,"copy":"dma","cfg":"2xh2d/ser","legs":2,"bytes_per_leg":33554432,"leg_ns":[4294241,5595268],"wall_ns":5609166,"stream_errors":0,"mb":16,"cmds_per_leg":2,"elements":8}
PCIE {"t_ms":1790727362141,"test":"conc","trial":4,"copy":"dma","cfg":"d2h","legs":1,"bytes_per_leg":33554432,"leg_ns":[3503813],"wall_ns":3517616,"stream_errors":0,"mb":16,"cmds_per_leg":2,"elements":8}
PCIE {"t_ms":1790727362144,"test":"conc","trial":5,"copy":"dma","cfg":"h2d/ser","legs":1,"bytes_per_leg":33554432,"leg_ns":[2836998],"wall_ns":2854106,"stream_errors":0,"mb":16,"cmds_per_leg":2,"elements":8}
PCIE {"t_ms":1790727362147,"test":"conc","trial":5,"copy":"dma","cfg":"d2h","legs":1,"bytes_per_leg":33554432,"leg_ns":[3014883],"wall_ns":3030031,"stream_errors":0,"mb":16,"cmds_per_leg":2,"elements":8}
PCIE {"t_ms":1790727362150,"test":"conc","trial":5,"copy":"dma","cfg":"d2h/ser","legs":1,"bytes_per_leg":33554432,"leg_ns":[2739501],"wall_ns":2753826,"stream_errors":0,"mb":16,"cmds_per_leg":2,"elements":8}
PCIE {"t_ms":1790727362155,"test":"conc","trial":5,"copy":"dma","cfg":"2xh2d/ser","legs":2,"bytes_per_leg":33554432,"leg_ns":[4272279,5580980],"wall_ns":5594757,"stream_errors":0,"mb":16,"cmds_per_leg":2,"elements":8}
PCIE {"t_ms":1790727362161,"test":"conc","trial":5,"copy":"dma","cfg":"h2d","legs":1,"bytes_per_leg":33554432,"leg_ns":[5459207],"wall_ns":5473167,"stream_errors":0,"mb":16,"cmds_per_leg":2,"elements":8}
PCIE {"t_ms":1790727362164,"test":"conc","trial":6,"copy":"dma","cfg":"h2d/ser","legs":1,"bytes_per_leg":33554432,"leg_ns":[2983234],"wall_ns":2999049,"stream_errors":0,"mb":16,"cmds_per_leg":2,"elements":8}
PCIE {"t_ms":1790727362169,"test":"conc","trial":6,"copy":"dma","cfg":"2xh2d/ser","legs":2,"bytes_per_leg":33554432,"leg_ns":[4389056,5691660],"wall_ns":5709749,"stream_errors":0,"mb":16,"cmds_per_leg":2,"elements":8}
PCIE {"t_ms":1790727362173,"test":"conc","trial":6,"copy":"dma","cfg":"d2h/ser","legs":1,"bytes_per_leg":33554432,"leg_ns":[3376482],"wall_ns":3391229,"stream_errors":0,"mb":16,"cmds_per_leg":2,"elements":8}
PCIE {"t_ms":1790727362178,"test":"conc","trial":6,"copy":"dma","cfg":"h2d","legs":1,"bytes_per_leg":33554432,"leg_ns":[5484600],"wall_ns":5498186,"stream_errors":0,"mb":16,"cmds_per_leg":2,"elements":8}
PCIE {"t_ms":1790727362181,"test":"conc","trial":6,"copy":"dma","cfg":"d2h","legs":1,"bytes_per_leg":33554432,"leg_ns":[3090402],"wall_ns":3105015,"stream_errors":0,"mb":16,"cmds_per_leg":2,"elements":8}
PCIE {"t_ms":1790727362184,"test":"conc","trial":7,"copy":"dma","cfg":"h2d/ser","legs":1,"bytes_per_leg":33554432,"leg_ns":[2858854],"wall_ns":2872465,"stream_errors":0,"mb":16,"cmds_per_leg":2,"elements":8}
PCIE {"t_ms":1790727362190,"test":"conc","trial":7,"copy":"dma","cfg":"h2d","legs":1,"bytes_per_leg":33554432,"leg_ns":[5473110],"wall_ns":5486783,"stream_errors":0,"mb":16,"cmds_per_leg":2,"elements":8}
PCIE {"t_ms":1790727362193,"test":"conc","trial":7,"copy":"dma","cfg":"d2h","legs":1,"bytes_per_leg":33554432,"leg_ns":[3090373],"wall_ns":3106059,"stream_errors":0,"mb":16,"cmds_per_leg":2,"elements":8}
PCIE {"t_ms":1790727362196,"test":"conc","trial":7,"copy":"dma","cfg":"d2h/ser","legs":1,"bytes_per_leg":33554432,"leg_ns":[2682901],"wall_ns":2697584,"stream_errors":0,"mb":16,"cmds_per_leg":2,"elements":8}
PCIE {"t_ms":1790727362201,"test":"conc","trial":7,"copy":"dma","cfg":"2xh2d/ser","legs":2,"bytes_per_leg":33554432,"leg_ns":[4248490,5652327],"wall_ns":5665941,"stream_errors":0,"mb":16,"cmds_per_leg":2,"elements":8}
PCIE {"t_ms":1790727362207,"test":"conc","trial":8,"copy":"dma","cfg":"h2d","legs":1,"bytes_per_leg":33554432,"leg_ns":[5364206],"wall_ns":5378020,"stream_errors":0,"mb":16,"cmds_per_leg":2,"elements":8}
PCIE {"t_ms":1790727362212,"test":"conc","trial":8,"copy":"dma","cfg":"2xh2d/ser","legs":2,"bytes_per_leg":33554432,"leg_ns":[4290503,5595647],"wall_ns":5609336,"stream_errors":0,"mb":16,"cmds_per_leg":2,"elements":8}
PCIE {"t_ms":1790727362216,"test":"conc","trial":8,"copy":"dma","cfg":"d2h","legs":1,"bytes_per_leg":33554432,"leg_ns":[3345922],"wall_ns":3366296,"stream_errors":0,"mb":16,"cmds_per_leg":2,"elements":8}
PCIE {"t_ms":1790727362219,"test":"conc","trial":8,"copy":"dma","cfg":"h2d/ser","legs":1,"bytes_per_leg":33554432,"leg_ns":[2988019],"wall_ns":3001744,"stream_errors":0,"mb":16,"cmds_per_leg":2,"elements":8}
PCIE {"t_ms":1790727362221,"test":"conc","trial":8,"copy":"dma","cfg":"d2h/ser","legs":1,"bytes_per_leg":33554432,"leg_ns":[2756006],"wall_ns":2771055,"stream_errors":0,"mb":16,"cmds_per_leg":2,"elements":8}
PCIE {"t_ms":1790727362224,"test":"conc","trial":9,"copy":"dma","cfg":"d2h/ser","legs":1,"bytes_per_leg":33554432,"leg_ns":[2784681],"wall_ns":2799682,"stream_errors":0,"mb":16,"cmds_per_leg":2,"elements":8}
PCIE {"t_ms":1790727362230,"test":"conc","trial":9,"copy":"dma","cfg":"2xh2d/ser","legs":2,"bytes_per_leg":33554432,"leg_ns":[4316992,5590947],"wall_ns":5606332,"stream_errors":0,"mb":16,"cmds_per_leg":2,"elements":8}
PCIE {"t_ms":1790727362233,"test":"conc","trial":9,"copy":"dma","cfg":"d2h","legs":1,"bytes_per_leg":33554432,"leg_ns":[3266451],"wall_ns":3281019,"stream_errors":0,"mb":16,"cmds_per_leg":2,"elements":8}
PCIE {"t_ms":1790727362236,"test":"conc","trial":9,"copy":"dma","cfg":"h2d/ser","legs":1,"bytes_per_leg":33554432,"leg_ns":[2897862],"wall_ns":2911570,"stream_errors":0,"mb":16,"cmds_per_leg":2,"elements":8}
PCIE {"t_ms":1790727362241,"test":"conc","trial":9,"copy":"dma","cfg":"h2d","legs":1,"bytes_per_leg":33554432,"leg_ns":[5402247],"wall_ns":5416017,"stream_errors":0,"mb":16,"cmds_per_leg":2,"elements":8}
PCIE {"t_ms":1790727362245,"test":"conc","trial":10,"copy":"dma","cfg":"d2h","legs":1,"bytes_per_leg":33554432,"leg_ns":[3165591],"wall_ns":3186087,"stream_errors":0,"mb":16,"cmds_per_leg":2,"elements":8}
PCIE {"t_ms":1790727362250,"test":"conc","trial":10,"copy":"dma","cfg":"2xh2d/ser","legs":2,"bytes_per_leg":33554432,"leg_ns":[4260301,5568682],"wall_ns":5583348,"stream_errors":0,"mb":16,"cmds_per_leg":2,"elements":8}
PCIE {"t_ms":1790727362253,"test":"conc","trial":10,"copy":"dma","cfg":"d2h/ser","legs":1,"bytes_per_leg":33554432,"leg_ns":[3139601],"wall_ns":3153694,"stream_errors":0,"mb":16,"cmds_per_leg":2,"elements":8}
PCIE {"t_ms":1790727362259,"test":"conc","trial":10,"copy":"dma","cfg":"h2d","legs":1,"bytes_per_leg":33554432,"leg_ns":[5417634],"wall_ns":5431468,"stream_errors":0,"mb":16,"cmds_per_leg":2,"elements":8}
PCIE {"t_ms":1790727362262,"test":"conc","trial":10,"copy":"dma","cfg":"h2d/ser","legs":1,"bytes_per_leg":33554432,"leg_ns":[2966170],"wall_ns":2980046,"stream_errors":0,"mb":16,"cmds_per_leg":2,"elements":8}
PCIE {"t_ms":1790727362264,"test":"done","which":"conc","elapsed_s":0.389295}
