PCIE {"t_ms":1790727349523,"test":"open","open_ns":132406991,"src":"PCIEBENCH_SRC_SHA256 main=27b7ed06330c4bae26cd24be189cdac0d67432cb52b1e8c7fca1116abda1aa5f args=8ae69bd7d46097957b638ff4c6630eb3e66d3cb0654b77d3bf55f3336c61c508 touch=92180a93c6dae0a1dce8c379156f827bd6588115777499dc45e64bf606b46ec0","link":[{"bdf":"0000:02:00.0","speed":"16.0 GT/s PCIe","width":"8","max_speed":"16.0 GT/s PCIe","max_width":"8","cma_allocated":"2057 MB"}]}
PCIE {"t_ms":1790727349642,"test":"conc","trial":0,"copy":"dma","cfg":"d2h/ser","legs":1,"bytes_per_leg":134217728,"leg_ns":[13354799],"wall_ns":13375831,"stream_errors":0,"mb":64,"cmds_per_leg":2,"elements":1}
PCIE {"t_ms":1790727349663,"test":"conc","trial":0,"copy":"dma","cfg":"2xh2d/ser","legs":2,"bytes_per_leg":134217728,"leg_ns":[16211846,21413466],"wall_ns":21427966,"stream_errors":0,"mb":64,"cmds_per_leg":2,"elements":1}
PCIE {"t_ms":1790727349674,"test":"conc","trial":0,"copy":"dma","cfg":"h2d/ser","legs":1,"bytes_per_leg":134217728,"leg_ns":[10874866],"wall_ns":10888042,"stream_errors":0,"mb":64,"cmds_per_leg":2,"elements":1}
PCIE {"t_ms":1790727349696,"test":"conc","trial":0,"copy":"dma","cfg":"h2d","legs":1,"bytes_per_leg":134217728,"leg_ns":[21992730],"wall_ns":22006050,"stream_errors":0,"mb":64,"cmds_per_leg":2,"elements":1}
PCIE {"t_ms":1790727349708,"test":"conc","trial":0,"copy":"dma","cfg":"d2h","legs":1,"bytes_per_leg":134217728,"leg_ns":[12197613],"wall_ns":12215714,"stream_errors":0,"mb":64,"cmds_per_leg":2,"elements":1}
PCIE {"t_ms":1790727349720,"test":"conc","trial":1,"copy":"dma","cfg":"d2h","legs":1,"bytes_per_leg":134217728,"leg_ns":[12005946],"wall_ns":12022701,"stream_errors":0,"mb":64,"cmds_per_leg":2,"elements":1}
PCIE {"t_ms":1790727349733,"test":"conc","trial":1,"copy":"dma","cfg":"d2h/ser","legs":1,"bytes_per_leg":134217728,"leg_ns":[13173053],"wall_ns":13186806,"stream_errors":0,"mb":64,"cmds_per_leg":2,"elements":1}
PCIE {"t_ms":1790727349744,"test":"conc","trial":1,"copy":"dma","cfg":"h2d/ser","legs":1,"bytes_per_leg":134217728,"leg_ns":[10935427],"wall_ns":10954387,"stream_errors":0,"mb":64,"cmds_per_leg":2,"elements":1}
PCIE {"t_ms":1790727349766,"test":"conc","trial":1,"copy":"dma","cfg":"h2d","legs":1,"bytes_per_leg":134217728,"leg_ns":[21990210],"wall_ns":22003710,"stream_errors":0,"mb":64,"cmds_per_leg":2,"elements":1}
PCIE {"t_ms":1790727349788,"test":"conc","trial":1,"copy":"dma","cfg":"2xh2d/ser","legs":2,"bytes_per_leg":134217728,"leg_ns":[16240622,21538832],"wall_ns":21552967,"stream_errors":0,"mb":64,"cmds_per_leg":2,"elements":1}
PCIE {"t_ms":1790727349810,"test":"conc","trial":2,"copy":"dma","cfg":"h2d","legs":1,"bytes_per_leg":134217728,"leg_ns":[22033223],"wall_ns":22054431,"stream_errors":0,"mb":64,"cmds_per_leg":2,"elements":1}
PCIE {"t_ms":1790727349821,"test":"conc","trial":2,"copy":"dma","cfg":"h2d/ser","legs":1,"bytes_per_leg":134217728,"leg_ns":[11009813],"wall_ns":11023684,"stream_errors":0,"mb":64,"cmds_per_leg":2,"elements":1}
PCIE {"t_ms":1790727349843,"test":"conc","trial":2,"copy":"dma","cfg":"2xh2d/ser","legs":2,"bytes_per_leg":134217728,"leg_ns":[16304416,21691938],"wall_ns":21724540,"stream_errors":0,"mb":64,"cmds_per_leg":2,"elements":1}
PCIE {"t_ms":1790727349855,"test":"conc","trial":2,"copy":"dma","cfg":"d2h","legs":1,"bytes_per_leg":134217728,"leg_ns":[11968494],"wall_ns":11982234,"stream_errors":0,"mb":64,"cmds_per_leg":2,"elements":1}
PCIE {"t_ms":1790727349868,"test":"conc","trial":2,"copy":"dma","cfg":"d2h/ser","legs":1,"bytes_per_leg":134217728,"leg_ns":[13115345],"wall_ns":13130029,"stream_errors":0,"mb":64,"cmds_per_leg":2,"elements":1}
PCIE {"t_ms":1790727349880,"test":"conc","trial":3,"copy":"dma","cfg":"d2h","legs":1,"bytes_per_leg":134217728,"leg_ns":[11958329],"wall_ns":11972785,"stream_errors":0,"mb":64,"cmds_per_leg":2,"elements":1}
PCIE {"t_ms":1790727349901,"test":"conc","trial":3,"copy":"dma","cfg":"2xh2d/ser","legs":2,"bytes_per_leg":134217728,"leg_ns":[16134748,21335000],"wall_ns":21349210,"stream_errors":0,"mb":64,"cmds_per_leg":2,"elements":1}
PCIE {"t_ms":1790727349915,"test":"conc","trial":3,"copy":"dma","cfg":"d2h/ser","legs":1,"bytes_per_leg":134217728,"leg_ns":[13323135],"wall_ns":13337155,"stream_errors":0,"mb":64,"cmds_per_leg":2,"elements":1}
PCIE {"t_ms":1790727349937,"test":"conc","trial":3,"copy":"dma","cfg":"h2d","legs":1,"bytes_per_leg":134217728,"leg_ns":[22018762],"wall_ns":22032842,"stream_errors":0,"mb":64,"cmds_per_leg":2,"elements":1}
PCIE {"t_ms":1790727349948,"test":"conc","trial":3,"copy":"dma","cfg":"h2d/ser","legs":1,"bytes_per_leg":134217728,"leg_ns":[10866407],"wall_ns":10880651,"stream_errors":0,"mb":64,"cmds_per_leg":2,"elements":1}
PCIE {"t_ms":1790727349958,"test":"conc","trial":4,"copy":"dma","cfg":"h2d/ser","legs":1,"bytes_per_leg":134217728,"leg_ns":[10804040],"wall_ns":10818108,"stream_errors":0,"mb":64,"cmds_per_leg":2,"elements":1}
PCIE {"t_ms":1790727349972,"test":"conc","trial":4,"copy":"dma","cfg":"d2h/ser","legs":1,"bytes_per_leg":134217728,"leg_ns":[13392411],"wall_ns":13406814,"stream_errors":0,"mb":64,"cmds_per_leg":2,"elements":1}
PCIE {"t_ms":1790727349994,"test":"conc","trial":4,"copy":"dma","cfg":"h2d","legs":1,"bytes_per_leg":134217728,"leg_ns":[22060103],"wall_ns":22074460,"stream_errors":0,"mb":64,"cmds_per_leg":2,"elements":1}
PCIE {"t_ms":1790727350015,"test":"conc","trial":4,"copy":"dma","cfg":"2xh2d/ser","legs":2,"bytes_per_leg":134217728,"leg_ns":[16175611,21378710],"wall_ns":21392899,"stream_errors":0,"mb":64,"cmds_per_leg":2,"elements":1}
PCIE {"t_ms":1790727350027,"test":"conc","trial":4,"copy":"dma","cfg":"d2h","legs":1,"bytes_per_leg":134217728,"leg_ns":[12059018],"wall_ns":12077201,"stream_errors":0,"mb":64,"cmds_per_leg":2,"elements":1}
PCIE {"t_ms":1790727350038,"test":"conc","trial":5,"copy":"dma","cfg":"h2d/ser","legs":1,"bytes_per_leg":134217728,"leg_ns":[10893698],"wall_ns":10907672,"stream_errors":0,"mb":64,"cmds_per_leg":2,"elements":1}
PCIE {"t_ms":1790727350050,"test":"conc","trial":5,"copy":"dma","cfg":"d2h","legs":1,"bytes_per_leg":134217728,"leg_ns":[12065432],"wall_ns":12085319,"stream_errors":0,"mb":64,"cmds_per_leg":2,"elements":1}
PCIE {"t_ms":1790727350064,"test":"conc","trial":5,"copy":"dma","cfg":"d2h/ser","legs":1,"bytes_per_leg":134217728,"leg_ns":[13133671],"wall_ns":13147336,"stream_errors":0,"mb":64,"cmds_per_leg":2,"elements":1}
PCIE {"t_ms":1790727350085,"test":"conc","trial":5,"copy":"dma","cfg":"2xh2d/ser","legs":2,"bytes_per_leg":134217728,"leg_ns":[16114194,21419632],"wall_ns":21433842,"stream_errors":0,"mb":64,"cmds_per_leg":2,"elements":1}
PCIE {"t_ms":1790727350107,"test":"conc","trial":5,"copy":"dma","cfg":"h2d","legs":1,"bytes_per_leg":134217728,"leg_ns":[21889957],"wall_ns":21903807,"stream_errors":0,"mb":64,"cmds_per_leg":2,"elements":1}
PCIE {"t_ms":1790727350118,"test":"conc","trial":6,"copy":"dma","cfg":"h2d/ser","legs":1,"bytes_per_leg":134217728,"leg_ns":[10864880],"wall_ns":10878819,"stream_errors":0,"mb":64,"cmds_per_leg":2,"elements":1}
PCIE {"t_ms":1790727350139,"test":"conc","trial":6,"copy":"dma","cfg":"2xh2d/ser","legs":2,"bytes_per_leg":134217728,"leg_ns":[16090548,21387483],"wall_ns":21401601,"stream_errors":0,"mb":64,"cmds_per_leg":2,"elements":1}
PCIE {"t_ms":1790727350153,"test":"conc","trial":6,"copy":"dma","cfg":"d2h/ser","legs":1,"bytes_per_leg":134217728,"leg_ns":[13430395],"wall_ns":13444266,"stream_errors":0,"mb":64,"cmds_per_leg":2,"elements":1}
PCIE {"t_ms":1790727350175,"test":"conc","trial":6,"copy":"dma","cfg":"h2d","legs":1,"bytes_per_leg":134217728,"leg_ns":[22130809],"wall_ns":22145083,"stream_errors":0,"mb":64,"cmds_per_leg":2,"elements":1}
PCIE {"t_ms":1790727350187,"test":"conc","trial":6,"copy":"dma","cfg":"d2h","legs":1,"bytes_per_leg":134217728,"leg_ns":[12044613],"wall_ns":12057990,"stream_errors":0,"mb":64,"cmds_per_leg":2,"elements":1}
PCIE {"t_ms":1790727350198,"test":"conc","trial":7,"copy":"dma","cfg":"h2d/ser","legs":1,"bytes_per_leg":134217728,"leg_ns":[10799738],"wall_ns":10813863,"stream_errors":0,"mb":64,"cmds_per_leg":2,"elements":1}
PCIE {"t_ms":1790727350219,"test":"conc","trial":7,"copy":"dma","cfg":"h2d","legs":1,"bytes_per_leg":134217728,"leg_ns":[21709673],"wall_ns":21723562,"stream_errors":0,"mb":64,"cmds_per_leg":2,"elements":1}
PCIE {"t_ms":1790727350232,"test":"conc","trial":7,"copy":"dma","cfg":"d2h","legs":1,"bytes_per_leg":134217728,"leg_ns":[12205498],"wall_ns":12219293,"stream_errors":0,"mb":64,"cmds_per_leg":2,"elements":1}
PCIE {"t_ms":1790727350245,"test":"conc","trial":7,"copy":"dma","cfg":"d2h/ser","legs":1,"bytes_per_leg":134217728,"leg_ns":[13067056],"wall_ns":13080680,"stream_errors":0,"mb":64,"cmds_per_leg":2,"elements":1}
PCIE {"t_ms":1790727350266,"test":"conc","trial":7,"copy":"dma","cfg":"2xh2d/ser","legs":2,"bytes_per_leg":134217728,"leg_ns":[16239736,21546845],"wall_ns":21561333,"stream_errors":0,"mb":64,"cmds_per_leg":2,"elements":1}
PCIE {"t_ms":1790727350288,"test":"conc","trial":8,"copy":"dma","cfg":"h2d","legs":1,"bytes_per_leg":134217728,"leg_ns":[21899252],"wall_ns":21913105,"stream_errors":0,"mb":64,"cmds_per_leg":2,"elements":1}
PCIE {"t_ms":1790727350310,"test":"conc","trial":8,"copy":"dma","cfg":"2xh2d/ser","legs":2,"bytes_per_leg":134217728,"leg_ns":[16265124,21544876],"wall_ns":21558547,"stream_errors":0,"mb":64,"cmds_per_leg":2,"elements":1}
PCIE {"t_ms":1790727350322,"test":"conc","trial":8,"copy":"dma","cfg":"d2h","legs":1,"bytes_per_leg":134217728,"leg_ns":[12156002],"wall_ns":12170123,"stream_errors":0,"mb":64,"cmds_per_leg":2,"elements":1}
PCIE {"t_ms":1790727350333,"test":"conc","trial":8,"copy":"dma","cfg":"h2d/ser","legs":1,"bytes_per_leg":134217728,"leg_ns":[10897786],"wall_ns":10912023,"stream_errors":0,"mb":64,"cmds_per_leg":2,"elements":1}
PCIE {"t_ms":1790727350346,"test":"conc","trial":8,"copy":"dma","cfg":"d2h/ser","legs":1,"bytes_per_leg":134217728,"leg_ns":[13317911],"wall_ns":13331751,"stream_errors":0,"mb":64,"cmds_per_leg":2,"elements":1}
PCIE {"t_ms":1790727350355,"test":"done","which":"conc","elapsed_s":0.964724}
