PCIE {"t_ms":1790727348082,"test":"open","open_ns":132032924,"src":"PCIEBENCH_SRC_SHA256 main=27b7ed06330c4bae26cd24be189cdac0d67432cb52b1e8c7fca1116abda1aa5f args=8ae69bd7d46097957b638ff4c6630eb3e66d3cb0654b77d3bf55f3336c61c508 touch=92180a93c6dae0a1dce8c379156f827bd6588115777499dc45e64bf606b46ec0","link":[{"bdf":"0000:02:00.0","speed":"16.0 GT/s PCIe","width":"8","max_speed":"16.0 GT/s PCIe","max_width":"8","cma_allocated":"2057 MB"}]}
PCIE {"t_ms":1790727348090,"test":"conc","trial":0,"copy":"dma","cfg":"d2h/ser","legs":1,"bytes_per_leg":8388608,"leg_ns":[1202884],"wall_ns":1224817,"stream_errors":0,"mb":4,"cmds_per_leg":2,"elements":8}
PCIE {"t_ms":1790727348091,"test":"conc","trial":0,"copy":"dma","cfg":"2xh2d/ser","legs":2,"bytes_per_leg":8388608,"leg_ns":[1416954,1736477],"wall_ns":1756420,"stream_errors":0,"mb":4,"cmds_per_leg":2,"elements":8}
PCIE {"t_ms":1790727348092,"test":"conc","trial":0,"copy":"dma","cfg":"h2d/ser","legs":1,"bytes_per_leg":8388608,"leg_ns":[963915],"wall_ns":977753,"stream_errors":0,"mb":4,"cmds_per_leg":2,"elements":8}
PCIE {"t_ms":1790727348094,"test":"conc","trial":0,"copy":"dma","cfg":"h2d","legs":1,"bytes_per_leg":8388608,"leg_ns":[1558933],"wall_ns":1572778,"stream_errors":0,"mb":4,"cmds_per_leg":2,"elements":8}
PCIE {"t_ms":1790727348095,"test":"conc","trial":0,"copy":"dma","cfg":"d2h","legs":1,"bytes_per_leg":8388608,"leg_ns":[1018479],"wall_ns":1032700,"stream_errors":0,"mb":4,"cmds_per_leg":2,"elements":8}
PCIE {"t_ms":1790727348096,"test":"conc","trial":1,"copy":"dma","cfg":"d2h","legs":1,"bytes_per_leg":8388608,"leg_ns":[1045686],"wall_ns":1059896,"stream_errors":0,"mb":4,"cmds_per_leg":2,"elements":8}
PCIE {"t_ms":1790727348097,"test":"conc","trial":1,"copy":"dma","cfg":"d2h/ser","legs":1,"bytes_per_leg":8388608,"leg_ns":[927769],"wall_ns":948426,"stream_errors":0,"mb":4,"cmds_per_leg":2,"elements":8}
PCIE {"t_ms":1790727348098,"test":"conc","trial":1,"copy":"dma","cfg":"h2d/ser","legs":1,"bytes_per_leg":8388608,"leg_ns":[915779],"wall_ns":930138,"stream_errors":0,"mb":4,"cmds_per_leg":2,"elements":8}
PCIE {"t_ms":1790727348099,"test":"conc","trial":1,"copy":"dma","cfg":"h2d","legs":1,"bytes_per_leg":8388608,"leg_ns":[1388163],"wall_ns":1402328,"stream_errors":0,"mb":4,"cmds_per_leg":2,"elements":8}
PCIE {"t_ms":1790727348101,"test":"conc","trial":1,"copy":"dma","cfg":"2xh2d/ser","legs":2,"bytes_per_leg":8388608,"leg_ns":[1200353,1516431],"wall_ns":1530665,"stream_errors":0,"mb":4,"cmds_per_leg":2,"elements":8}
PCIE {"t_ms":1790727348102,"test":"conc","trial":2,"copy":"dma","cfg":"h2d","legs":1,"bytes_per_leg":8388608,"leg_ns":[1440745],"wall_ns":1455382,"stream_errors":0,"mb":4,"cmds_per_leg":2,"elements":8}
PCIE {"t_ms":1790727348103,"test":"conc","trial":2,"copy":"dma","cfg":"h2d/ser","legs":1,"bytes_per_leg":8388608,"leg_ns":[870615],"wall_ns":885118,"stream_errors":0,"mb":4,"cmds_per_leg":2,"elements":8}
PCIE {"t_ms":1790727348105,"test":"conc","trial":2,"copy":"dma","cfg":"2xh2d/ser","legs":2,"bytes_per_leg":8388608,"leg_ns":[1194895,1518065],"wall_ns":1532772,"stream_errors":0,"mb":4,"cmds_per_leg":2,"elements":8}
PCIE {"t_ms":1790727348106,"test":"conc","trial":2,"copy":"dma","cfg":"d2h","legs":1,"bytes_per_leg":8388608,"leg_ns":[940813],"wall_ns":954868,"stream_errors":0,"mb":4,"cmds_per_leg":2,"elements":8}
PCIE {"t_ms":1790727348107,"test":"conc","trial":2,"copy":"dma","cfg":"d2h/ser","legs":1,"bytes_per_leg":8388608,"leg_ns":[862008],"wall_ns":876225,"stream_errors":0,"mb":4,"cmds_per_leg":2,"elements":8}
PCIE {"t_ms":1790727348108,"test":"conc","trial":3,"copy":"dma","cfg":"d2h","legs":1,"bytes_per_leg":8388608,"leg_ns":[898513],"wall_ns":912416,"stream_errors":0,"mb":4,"cmds_per_leg":2,"elements":8}
PCIE {"t_ms":1790727348109,"test":"conc","trial":3,"copy":"dma","cfg":"2xh2d/ser","legs":2,"bytes_per_leg":8388608,"leg_ns":[1212911,1532556],"wall_ns":1547055,"stream_errors":0,"mb":4,"cmds_per_leg":2,"elements":8}
PCIE {"t_ms":1790727348110,"test":"conc","trial":3,"copy":"dma","cfg":"d2h/ser","legs":1,"bytes_per_leg":8388608,"leg_ns":[841797],"wall_ns":855571,"stream_errors":0,"mb":4,"cmds_per_leg":2,"elements":8}
PCIE {"t_ms":1790727348112,"test":"conc","trial":3,"copy":"dma","cfg":"h2d","legs":1,"bytes_per_leg":8388608,"leg_ns":[1421719],"wall_ns":1436038,"stream_errors":0,"mb":4,"cmds_per_leg":2,"elements":8}
PCIE {"t_ms":1790727348112,"test":"conc","trial":3,"copy":"dma","cfg":"h2d/ser","legs":1,"bytes_per_leg":8388608,"leg_ns":[870802],"wall_ns":885295,"stream_errors":0,"mb":4,"cmds_per_leg":2,"elements":8}
PCIE {"t_ms":1790727348113,"test":"conc","trial":4,"copy":"dma","cfg":"h2d/ser","legs":1,"bytes_per_leg":8388608,"leg_ns":[871821],"wall_ns":886147,"stream_errors":0,"mb":4,"cmds_per_leg":2,"elements":8}
PCIE {"t_ms":1790727348114,"test":"conc","trial":4,"copy":"dma","cfg":"d2h/ser","legs":1,"bytes_per_leg":8388608,"leg_ns":[851867],"wall_ns":866045,"stream_errors":0,"mb":4,"cmds_per_leg":2,"elements":8}
PCIE {"t_ms":1790727348116,"test":"conc","trial":4,"copy":"dma","cfg":"h2d","legs":1,"bytes_per_leg":8388608,"leg_ns":[1420630],"wall_ns":1434677,"stream_errors":0,"mb":4,"cmds_per_leg":2,"elements":8}
PCIE {"t_ms":1790727348117,"test":"conc","trial":4,"copy":"dma","cfg":"2xh2d/ser","legs":2,"bytes_per_leg":8388608,"leg_ns":[1186323,1507111],"wall_ns":1521485,"stream_errors":0,"mb":4,"cmds_per_leg":2,"elements":8}
PCIE {"t_ms":1790727348118,"test":"conc","trial":4,"copy":"dma","cfg":"d2h","legs":1,"bytes_per_leg":8388608,"leg_ns":[868702],"wall_ns":882718,"stream_errors":0,"mb":4,"cmds_per_leg":2,"elements":8}
PCIE {"t_ms":1790727348119,"test":"conc","trial":5,"copy":"dma","cfg":"h2d/ser","legs":1,"bytes_per_leg":8388608,"leg_ns":[868536],"wall_ns":882875,"stream_errors":0,"mb":4,"cmds_per_leg":2,"elements":8}
PCIE {"t_ms":1790727348120,"test":"conc","trial":5,"copy":"dma","cfg":"d2h","legs":1,"bytes_per_leg":8388608,"leg_ns":[880481],"wall_ns":894725,"stream_errors":0,"mb":4,"cmds_per_leg":2,"elements":8}
PCIE {"t_ms":1790727348121,"test":"conc","trial":5,"copy":"dma","cfg":"d2h/ser","legs":1,"bytes_per_leg":8388608,"leg_ns":[832337],"wall_ns":846205,"stream_errors":0,"mb":4,"cmds_per_leg":2,"elements":8}
PCIE {"t_ms":1790727348122,"test":"conc","trial":5,"copy":"dma","cfg":"2xh2d/ser","legs":2,"bytes_per_leg":8388608,"leg_ns":[1232109,1552677],"wall_ns":1567036,"stream_errors":0,"mb":4,"cmds_per_leg":2,"elements":8}
PCIE {"t_ms":1790727348124,"test":"conc","trial":5,"copy":"dma","cfg":"h2d","legs":1,"bytes_per_leg":8388608,"leg_ns":[1451704],"wall_ns":1465931,"stream_errors":0,"mb":4,"cmds_per_leg":2,"elements":8}
PCIE {"t_ms":1790727348125,"test":"conc","trial":6,"copy":"dma","cfg":"h2d/ser","legs":1,"bytes_per_leg":8388608,"leg_ns":[868548],"wall_ns":882900,"stream_errors":0,"mb":4,"cmds_per_leg":2,"elements":8}
PCIE {"t_ms":1790727348126,"test":"conc","trial":6,"copy":"dma","cfg":"2xh2d/ser","legs":2,"bytes_per_leg":8388608,"leg_ns":[1183019,1505418],"wall_ns":1520011,"stream_errors":0,"mb":4,"cmds_per_leg":2,"elements":8}
PCIE {"t_ms":1790727348127,"test":"conc","trial":6,"copy":"dma","cfg":"d2h/ser","legs":1,"bytes_per_leg":8388608,"leg_ns":[851540],"wall_ns":865494,"stream_errors":0,"mb":4,"cmds_per_leg":2,"elements":8}
PCIE {"t_ms":1790727348128,"test":"conc","trial":6,"copy":"dma","cfg":"h2d","legs":1,"bytes_per_leg":8388608,"leg_ns":[1412867],"wall_ns":1427075,"stream_errors":0,"mb":4,"cmds_per_leg":2,"elements":8}
PCIE {"t_ms":1790727348129,"test":"conc","trial":6,"copy":"dma","cfg":"d2h","legs":1,"bytes_per_leg":8388608,"leg_ns":[871031],"wall_ns":885309,"stream_errors":0,"mb":4,"cmds_per_leg":2,"elements":8}
PCIE {"t_ms":1790727348130,"test":"conc","trial":7,"copy":"dma","cfg":"h2d/ser","legs":1,"bytes_per_leg":8388608,"leg_ns":[885226],"wall_ns":899592,"stream_errors":0,"mb":4,"cmds_per_leg":2,"elements":8}
PCIE {"t_ms":1790727348132,"test":"conc","trial":7,"copy":"dma","cfg":"h2d","legs":1,"bytes_per_leg":8388608,"leg_ns":[1453865],"wall_ns":1468051,"stream_errors":0,"mb":4,"cmds_per_leg":2,"elements":8}
PCIE {"t_ms":1790727348133,"test":"conc","trial":7,"copy":"dma","cfg":"d2h","legs":1,"bytes_per_leg":8388608,"leg_ns":[876968],"wall_ns":892585,"stream_errors":0,"mb":4,"cmds_per_leg":2,"elements":8}
PCIE {"t_ms":1790727348133,"test":"conc","trial":7,"copy":"dma","cfg":"d2h/ser","legs":1,"bytes_per_leg":8388608,"leg_ns":[768775],"wall_ns":783154,"stream_errors":0,"mb":4,"cmds_per_leg":2,"elements":8}
PCIE {"t_ms":1790727348135,"test":"conc","trial":7,"copy":"dma","cfg":"2xh2d/ser","legs":2,"bytes_per_leg":8388608,"leg_ns":[1244304,1556220],"wall_ns":1570458,"stream_errors":0,"mb":4,"cmds_per_leg":2,"elements":8}
PCIE {"t_ms":1790727348137,"test":"conc","trial":8,"copy":"dma","cfg":"h2d","legs":1,"bytes_per_leg":8388608,"leg_ns":[1489752],"wall_ns":1504070,"stream_errors":0,"mb":4,"cmds_per_leg":2,"elements":8}
PCIE {"t_ms":1790727348138,"test":"conc","trial":8,"copy":"dma","cfg":"2xh2d/ser","legs":2,"bytes_per_leg":8388608,"leg_ns":[1185239,1503015],"wall_ns":1517116,"stream_errors":0,"mb":4,"cmds_per_leg":2,"elements":8}
PCIE {"t_ms":1790727348139,"test":"conc","trial":8,"copy":"dma","cfg":"d2h","legs":1,"bytes_per_leg":8388608,"leg_ns":[870533],"wall_ns":885738,"stream_errors":0,"mb":4,"cmds_per_leg":2,"elements":8}
PCIE {"t_ms":1790727348140,"test":"conc","trial":8,"copy":"dma","cfg":"h2d/ser","legs":1,"bytes_per_leg":8388608,"leg_ns":[868998],"wall_ns":885591,"stream_errors":0,"mb":4,"cmds_per_leg":2,"elements":8}
PCIE {"t_ms":1790727348141,"test":"conc","trial":8,"copy":"dma","cfg":"d2h/ser","legs":1,"bytes_per_leg":8388608,"leg_ns":[815971],"wall_ns":830899,"stream_errors":0,"mb":4,"cmds_per_leg":2,"elements":8}
PCIE {"t_ms":1790727348141,"test":"conc","trial":9,"copy":"dma","cfg":"d2h/ser","legs":1,"bytes_per_leg":8388608,"leg_ns":[801193],"wall_ns":815683,"stream_errors":0,"mb":4,"cmds_per_leg":2,"elements":8}
PCIE {"t_ms":1790727348143,"test":"conc","trial":9,"copy":"dma","cfg":"2xh2d/ser","legs":2,"bytes_per_leg":8388608,"leg_ns":[1180731,1495779],"wall_ns":1512748,"stream_errors":0,"mb":4,"cmds_per_leg":2,"elements":8}
PCIE {"t_ms":1790727348144,"test":"conc","trial":9,"copy":"dma","cfg":"d2h","legs":1,"bytes_per_leg":8388608,"leg_ns":[962131],"wall_ns":976048,"stream_errors":0,"mb":4,"cmds_per_leg":2,"elements":8}
PCIE {"t_ms":1790727348145,"test":"conc","trial":9,"copy":"dma","cfg":"h2d/ser","legs":1,"bytes_per_leg":8388608,"leg_ns":[878921],"wall_ns":893083,"stream_errors":0,"mb":4,"cmds_per_leg":2,"elements":8}
PCIE {"t_ms":1790727348146,"test":"conc","trial":9,"copy":"dma","cfg":"h2d","legs":1,"bytes_per_leg":8388608,"leg_ns":[1442286],"wall_ns":1456485,"stream_errors":0,"mb":4,"cmds_per_leg":2,"elements":8}
PCIE {"t_ms":1790727348147,"test":"conc","trial":10,"copy":"dma","cfg":"d2h","legs":1,"bytes_per_leg":8388608,"leg_ns":[856840],"wall_ns":871835,"stream_errors":0,"mb":4,"cmds_per_leg":2,"elements":8}
PCIE {"t_ms":1790727348149,"test":"conc","trial":10,"copy":"dma","cfg":"2xh2d/ser","legs":2,"bytes_per_leg":8388608,"leg_ns":[1215582,1539403],"wall_ns":1555842,"stream_errors":0,"mb":4,"cmds_per_leg":2,"elements":8}
PCIE {"t_ms":1790727348150,"test":"conc","trial":10,"copy":"dma","cfg":"d2h/ser","legs":1,"bytes_per_leg":8388608,"leg_ns":[858510],"wall_ns":873547,"stream_errors":0,"mb":4,"cmds_per_leg":2,"elements":8}
PCIE {"t_ms":1790727348151,"test":"conc","trial":10,"copy":"dma","cfg":"h2d","legs":1,"bytes_per_leg":8388608,"leg_ns":[1415755],"wall_ns":1432109,"stream_errors":0,"mb":4,"cmds_per_leg":2,"elements":8}
PCIE {"t_ms":1790727348152,"test":"conc","trial":10,"copy":"dma","cfg":"h2d/ser","legs":1,"bytes_per_leg":8388608,"leg_ns":[865242],"wall_ns":882454,"stream_errors":0,"mb":4,"cmds_per_leg":2,"elements":8}
PCIE {"t_ms":1790727348153,"test":"conc","trial":11,"copy":"dma","cfg":"d2h","legs":1,"bytes_per_leg":8388608,"leg_ns":[887021],"wall_ns":900855,"stream_errors":0,"mb":4,"cmds_per_leg":2,"elements":8}
PCIE {"t_ms":1790727348154,"test":"conc","trial":11,"copy":"dma","cfg":"h2d/ser","legs":1,"bytes_per_leg":8388608,"leg_ns":[888453],"wall_ns":902345,"stream_errors":0,"mb":4,"cmds_per_leg":2,"elements":8}
PCIE {"t_ms":1790727348155,"test":"conc","trial":11,"copy":"dma","cfg":"h2d","legs":1,"bytes_per_leg":8388608,"leg_ns":[1384982],"wall_ns":1398944,"stream_errors":0,"mb":4,"cmds_per_leg":2,"elements":8}
PCIE {"t_ms":1790727348157,"test":"conc","trial":11,"copy":"dma","cfg":"2xh2d/ser","legs":2,"bytes_per_leg":8388608,"leg_ns":[1197654,1571010],"wall_ns":1585271,"stream_errors":0,"mb":4,"cmds_per_leg":2,"elements":8}
PCIE {"t_ms":1790727348158,"test":"conc","trial":11,"copy":"dma","cfg":"d2h/ser","legs":1,"bytes_per_leg":8388608,"leg_ns":[820111],"wall_ns":835264,"stream_errors":0,"mb":4,"cmds_per_leg":2,"elements":8}
PCIE {"t_ms":1790727348158,"test":"conc","trial":12,"copy":"dma","cfg":"d2h/ser","legs":1,"bytes_per_leg":8388608,"leg_ns":[771091],"wall_ns":784791,"stream_errors":0,"mb":4,"cmds_per_leg":2,"elements":8}
PCIE {"t_ms":1790727348160,"test":"conc","trial":12,"copy":"dma","cfg":"h2d","legs":1,"bytes_per_leg":8388608,"leg_ns":[1458375],"wall_ns":1473410,"stream_errors":0,"mb":4,"cmds_per_leg":2,"elements":8}
PCIE {"t_ms":1790727348161,"test":"conc","trial":12,"copy":"dma","cfg":"2xh2d/ser","legs":2,"bytes_per_leg":8388608,"leg_ns":[1191623,1511983],"wall_ns":1528113,"stream_errors":0,"mb":4,"cmds_per_leg":2,"elements":8}
PCIE {"t_ms":1790727348162,"test":"conc","trial":12,"copy":"dma","cfg":"h2d/ser","legs":1,"bytes_per_leg":8388608,"leg_ns":[866987],"wall_ns":883706,"stream_errors":0,"mb":4,"cmds_per_leg":2,"elements":8}
PCIE {"t_ms":1790727348163,"test":"conc","trial":12,"copy":"dma","cfg":"d2h","legs":1,"bytes_per_leg":8388608,"leg_ns":[873313],"wall_ns":887189,"stream_errors":0,"mb":4,"cmds_per_leg":2,"elements":8}
PCIE {"t_ms":1790727348164,"test":"conc","trial":13,"copy":"dma","cfg":"h2d/ser","legs":1,"bytes_per_leg":8388608,"leg_ns":[867754],"wall_ns":881622,"stream_errors":0,"mb":4,"cmds_per_leg":2,"elements":8}
PCIE {"t_ms":1790727348165,"test":"conc","trial":13,"copy":"dma","cfg":"d2h","legs":1,"bytes_per_leg":8388608,"leg_ns":[875261],"wall_ns":890469,"stream_errors":0,"mb":4,"cmds_per_leg":2,"elements":8}
PCIE {"t_ms":1790727348166,"test":"conc","trial":13,"copy":"dma","cfg":"h2d","legs":1,"bytes_per_leg":8388608,"leg_ns":[1389152],"wall_ns":1404958,"stream_errors":0,"mb":4,"cmds_per_leg":2,"elements":8}
PCIE {"t_ms":1790727348167,"test":"conc","trial":13,"copy":"dma","cfg":"d2h/ser","legs":1,"bytes_per_leg":8388608,"leg_ns":[844469],"wall_ns":859020,"stream_errors":0,"mb":4,"cmds_per_leg":2,"elements":8}
PCIE {"t_ms":1790727348169,"test":"conc","trial":13,"copy":"dma","cfg":"2xh2d/ser","legs":2,"bytes_per_leg":8388608,"leg_ns":[1227521,1551557],"wall_ns":1565926,"stream_errors":0,"mb":4,"cmds_per_leg":2,"elements":8}
PCIE {"t_ms":1790727348170,"test":"conc","trial":14,"copy":"dma","cfg":"d2h","legs":1,"bytes_per_leg":8388608,"leg_ns":[867993],"wall_ns":882195,"stream_errors":0,"mb":4,"cmds_per_leg":2,"elements":8}
PCIE {"t_ms":1790727348171,"test":"conc","trial":14,"copy":"dma","cfg":"h2d/ser","legs":1,"bytes_per_leg":8388608,"leg_ns":[884979],"wall_ns":899035,"stream_errors":0,"mb":4,"cmds_per_leg":2,"elements":8}
PCIE {"t_ms":1790727348172,"test":"conc","trial":14,"copy":"dma","cfg":"d2h/ser","legs":1,"bytes_per_leg":8388608,"leg_ns":[841760],"wall_ns":855340,"stream_errors":0,"mb":4,"cmds_per_leg":2,"elements":8}
PCIE {"t_ms":1790727348173,"test":"conc","trial":14,"copy":"dma","cfg":"2xh2d/ser","legs":2,"bytes_per_leg":8388608,"leg_ns":[1218276,1533826],"wall_ns":1547892,"stream_errors":0,"mb":4,"cmds_per_leg":2,"elements":8}
PCIE {"t_ms":1790727348175,"test":"conc","trial":14,"copy":"dma","cfg":"h2d","legs":1,"bytes_per_leg":8388608,"leg_ns":[1492622],"wall_ns":1506447,"stream_errors":0,"mb":4,"cmds_per_leg":2,"elements":8}
PCIE {"t_ms":1790727348176,"test":"conc","trial":15,"copy":"dma","cfg":"d2h","legs":1,"bytes_per_leg":8388608,"leg_ns":[866987],"wall_ns":880769,"stream_errors":0,"mb":4,"cmds_per_leg":2,"elements":8}
PCIE {"t_ms":1790727348176,"test":"conc","trial":15,"copy":"dma","cfg":"d2h/ser","legs":1,"bytes_per_leg":8388608,"leg_ns":[862924],"wall_ns":876790,"stream_errors":0,"mb":4,"cmds_per_leg":2,"elements":8}
PCIE {"t_ms":1790727348177,"test":"conc","trial":15,"copy":"dma","cfg":"h2d/ser","legs":1,"bytes_per_leg":8388608,"leg_ns":[805756],"wall_ns":819564,"stream_errors":0,"mb":4,"cmds_per_leg":2,"elements":8}
PCIE {"t_ms":1790727348179,"test":"conc","trial":15,"copy":"dma","cfg":"2xh2d/ser","legs":2,"bytes_per_leg":8388608,"leg_ns":[1193117,1578188],"wall_ns":1592678,"stream_errors":0,"mb":4,"cmds_per_leg":2,"elements":8}
PCIE {"t_ms":1790727348180,"test":"conc","trial":15,"copy":"dma","cfg":"h2d","legs":1,"bytes_per_leg":8388608,"leg_ns":[1384800],"wall_ns":1398758,"stream_errors":0,"mb":4,"cmds_per_leg":2,"elements":8}
PCIE {"t_ms":1790727348181,"test":"conc","trial":16,"copy":"dma","cfg":"d2h/ser","legs":1,"bytes_per_leg":8388608,"leg_ns":[856136],"wall_ns":870442,"stream_errors":0,"mb":4,"cmds_per_leg":2,"elements":8}
PCIE {"t_ms":1790727348182,"test":"conc","trial":16,"copy":"dma","cfg":"h2d/ser","legs":1,"bytes_per_leg":8388608,"leg_ns":[807482],"wall_ns":823706,"stream_errors":0,"mb":4,"cmds_per_leg":2,"elements":8}
PCIE {"t_ms":1790727348183,"test":"conc","trial":16,"copy":"dma","cfg":"d2h","legs":1,"bytes_per_leg":8388608,"leg_ns":[981528],"wall_ns":995568,"stream_errors":0,"mb":4,"cmds_per_leg":2,"elements":8}
PCIE {"t_ms":1790727348184,"test":"conc","trial":16,"copy":"dma","cfg":"h2d","legs":1,"bytes_per_leg":8388608,"leg_ns":[1389832],"wall_ns":1403692,"stream_errors":0,"mb":4,"cmds_per_leg":2,"elements":8}
PCIE {"t_ms":1790727348186,"test":"conc","trial":16,"copy":"dma","cfg":"2xh2d/ser","legs":2,"bytes_per_leg":8388608,"leg_ns":[1200530,1515683],"wall_ns":1529891,"stream_errors":0,"mb":4,"cmds_per_leg":2,"elements":8}
PCIE {"t_ms":1790727348187,"test":"conc","trial":17,"copy":"dma","cfg":"h2d","legs":1,"bytes_per_leg":8388608,"leg_ns":[1440174],"wall_ns":1454177,"stream_errors":0,"mb":4,"cmds_per_leg":2,"elements":8}
PCIE {"t_ms":1790727348188,"test":"conc","trial":17,"copy":"dma","cfg":"h2d/ser","legs":1,"bytes_per_leg":8388608,"leg_ns":[867286],"wall_ns":881289,"stream_errors":0,"mb":4,"cmds_per_leg":2,"elements":8}
PCIE {"t_ms":1790727348190,"test":"conc","trial":17,"copy":"dma","cfg":"2xh2d/ser","legs":2,"bytes_per_leg":8388608,"leg_ns":[1197377,1516756],"wall_ns":1530988,"stream_errors":0,"mb":4,"cmds_per_leg":2,"elements":8}
PCIE {"t_ms":1790727348191,"test":"conc","trial":17,"copy":"dma","cfg":"d2h/ser","legs":1,"bytes_per_leg":8388608,"leg_ns":[844879],"wall_ns":859442,"stream_errors":0,"mb":4,"cmds_per_leg":2,"elements":8}
PCIE {"t_ms":1790727348192,"test":"conc","trial":17,"copy":"dma","cfg":"d2h","legs":1,"bytes_per_leg":8388608,"leg_ns":[917967],"wall_ns":935689,"stream_errors":0,"mb":4,"cmds_per_leg":2,"elements":8}
PCIE {"t_ms":1790727348193,"test":"conc","trial":18,"copy":"dma","cfg":"2xh2d/ser","legs":2,"bytes_per_leg":8388608,"leg_ns":[1214910,1537357],"wall_ns":1553733,"stream_errors":0,"mb":4,"cmds_per_leg":2,"elements":8}
PCIE {"t_ms":1790727348194,"test":"conc","trial":18,"copy":"dma","cfg":"d2h","legs":1,"bytes_per_leg":8388608,"leg_ns":[861770],"wall_ns":876476,"stream_errors":0,"mb":4,"cmds_per_leg":2,"elements":8}
PCIE {"t_ms":1790727348195,"test":"conc","trial":18,"copy":"dma","cfg":"h2d","legs":1,"bytes_per_leg":8388608,"leg_ns":[1399518],"wall_ns":1417071,"stream_errors":0,"mb":4,"cmds_per_leg":2,"elements":8}
PCIE {"t_ms":1790727348196,"test":"conc","trial":18,"copy":"dma","cfg":"d2h/ser","legs":1,"bytes_per_leg":8388608,"leg_ns":[854419],"wall_ns":868652,"stream_errors":0,"mb":4,"cmds_per_leg":2,"elements":8}
PCIE {"t_ms":1790727348197,"test":"conc","trial":18,"copy":"dma","cfg":"h2d/ser","legs":1,"bytes_per_leg":8388608,"leg_ns":[896618],"wall_ns":910710,"stream_errors":0,"mb":4,"cmds_per_leg":2,"elements":8}
PCIE {"t_ms":1790727348198,"test":"conc","trial":19,"copy":"dma","cfg":"h2d/ser","legs":1,"bytes_per_leg":8388608,"leg_ns":[871450],"wall_ns":885541,"stream_errors":0,"mb":4,"cmds_per_leg":2,"elements":8}
PCIE {"t_ms":1790727348200,"test":"conc","trial":19,"copy":"dma","cfg":"2xh2d/ser","legs":2,"bytes_per_leg":8388608,"leg_ns":[1199044,1516482],"wall_ns":1530492,"stream_errors":0,"mb":4,"cmds_per_leg":2,"elements":8}
PCIE {"t_ms":1790727348201,"test":"conc","trial":19,"copy":"dma","cfg":"d2h/ser","legs":1,"bytes_per_leg":8388608,"leg_ns":[854272],"wall_ns":868727,"stream_errors":0,"mb":4,"cmds_per_leg":2,"elements":8}
PCIE {"t_ms":1790727348201,"test":"conc","trial":19,"copy":"dma","cfg":"d2h","legs":1,"bytes_per_leg":8388608,"leg_ns":[883757],"wall_ns":898894,"stream_errors":0,"mb":4,"cmds_per_leg":2,"elements":8}
PCIE {"t_ms":1790727348203,"test":"conc","trial":19,"copy":"dma","cfg":"h2d","legs":1,"bytes_per_leg":8388608,"leg_ns":[1454943],"wall_ns":1470912,"stream_errors":0,"mb":4,"cmds_per_leg":2,"elements":8}
PCIE {"t_ms":1790727348204,"test":"conc","trial":20,"copy":"dma","cfg":"h2d","legs":1,"bytes_per_leg":8388608,"leg_ns":[1486545],"wall_ns":1504343,"stream_errors":0,"mb":4,"cmds_per_leg":2,"elements":8}
PCIE {"t_ms":1790727348205,"test":"conc","trial":20,"copy":"dma","cfg":"d2h/ser","legs":1,"bytes_per_leg":8388608,"leg_ns":[744590],"wall_ns":758883,"stream_errors":0,"mb":4,"cmds_per_leg":2,"elements":8}
PCIE {"t_ms":1790727348207,"test":"conc","trial":20,"copy":"dma","cfg":"2xh2d/ser","legs":2,"bytes_per_leg":8388608,"leg_ns":[1233455,1554931],"wall_ns":1569173,"stream_errors":0,"mb":4,"cmds_per_leg":2,"elements":8}
PCIE {"t_ms":1790727348208,"test":"conc","trial":20,"copy":"dma","cfg":"h2d/ser","legs":1,"bytes_per_leg":8388608,"leg_ns":[869820],"wall_ns":883887,"stream_errors":0,"mb":4,"cmds_per_leg":2,"elements":8}
PCIE {"t_ms":1790727348209,"test":"conc","trial":20,"copy":"dma","cfg":"d2h","legs":1,"bytes_per_leg":8388608,"leg_ns":[856871],"wall_ns":870890,"stream_errors":0,"mb":4,"cmds_per_leg":2,"elements":8}
PCIE {"t_ms":1790727348209,"test":"conc","trial":21,"copy":"dma","cfg":"d2h/ser","legs":1,"bytes_per_leg":8388608,"leg_ns":[859555],"wall_ns":874218,"stream_errors":0,"mb":4,"cmds_per_leg":2,"elements":8}
PCIE {"t_ms":1790727348210,"test":"conc","trial":21,"copy":"dma","cfg":"h2d/ser","legs":1,"bytes_per_leg":8388608,"leg_ns":[887442],"wall_ns":904384,"stream_errors":0,"mb":4,"cmds_per_leg":2,"elements":8}
PCIE {"t_ms":1790727348211,"test":"conc","trial":21,"copy":"dma","cfg":"d2h","legs":1,"bytes_per_leg":8388608,"leg_ns":[970676],"wall_ns":985879,"stream_errors":0,"mb":4,"cmds_per_leg":2,"elements":8}
PCIE {"t_ms":1790727348213,"test":"conc","trial":21,"copy":"dma","cfg":"2xh2d/ser","legs":2,"bytes_per_leg":8388608,"leg_ns":[1206836,1528216],"wall_ns":1544185,"stream_errors":0,"mb":4,"cmds_per_leg":2,"elements":8}
PCIE {"t_ms":1790727348214,"test":"conc","trial":21,"copy":"dma","cfg":"h2d","legs":1,"bytes_per_leg":8388608,"leg_ns":[1379991],"wall_ns":1396895,"stream_errors":0,"mb":4,"cmds_per_leg":2,"elements":8}
PCIE {"t_ms":1790727348216,"test":"conc","trial":22,"copy":"dma","cfg":"h2d","legs":1,"bytes_per_leg":8388608,"leg_ns":[1486068],"wall_ns":1503591,"stream_errors":0,"mb":4,"cmds_per_leg":2,"elements":8}
PCIE {"t_ms":1790727348217,"test":"conc","trial":22,"copy":"dma","cfg":"d2h/ser","legs":1,"bytes_per_leg":8388608,"leg_ns":[851568],"wall_ns":866348,"stream_errors":0,"mb":4,"cmds_per_leg":2,"elements":8}
PCIE {"t_ms":1790727348218,"test":"conc","trial":22,"copy":"dma","cfg":"2xh2d/ser","legs":2,"bytes_per_leg":8388608,"leg_ns":[1234259,1549492],"wall_ns":1563732,"stream_errors":0,"mb":4,"cmds_per_leg":2,"elements":8}
PCIE {"t_ms":1790727348219,"test":"conc","trial":22,"copy":"dma","cfg":"h2d/ser","legs":1,"bytes_per_leg":8388608,"leg_ns":[870709],"wall_ns":884612,"stream_errors":0,"mb":4,"cmds_per_leg":2,"elements":8}
PCIE {"t_ms":1790727348220,"test":"conc","trial":22,"copy":"dma","cfg":"d2h","legs":1,"bytes_per_leg":8388608,"leg_ns":[980687],"wall_ns":996480,"stream_errors":0,"mb":4,"cmds_per_leg":2,"elements":8}
PCIE {"t_ms":1790727348221,"test":"conc","trial":23,"copy":"dma","cfg":"d2h/ser","legs":1,"bytes_per_leg":8388608,"leg_ns":[784647],"wall_ns":798929,"stream_errors":0,"mb":4,"cmds_per_leg":2,"elements":8}
PCIE {"t_ms":1790727348223,"test":"conc","trial":23,"copy":"dma","cfg":"2xh2d/ser","legs":2,"bytes_per_leg":8388608,"leg_ns":[1233918,1550506],"wall_ns":1567529,"stream_errors":0,"mb":4,"cmds_per_leg":2,"elements":8}
PCIE {"t_ms":1790727348223,"test":"conc","trial":23,"copy":"dma","cfg":"d2h","legs":1,"bytes_per_leg":8388608,"leg_ns":[844820],"wall_ns":859116,"stream_errors":0,"mb":4,"cmds_per_leg":2,"elements":8}
PCIE {"t_ms":1790727348224,"test":"conc","trial":23,"copy":"dma","cfg":"h2d/ser","legs":1,"bytes_per_leg":8388608,"leg_ns":[883724],"wall_ns":897566,"stream_errors":0,"mb":4,"cmds_per_leg":2,"elements":8}
PCIE {"t_ms":1790727348226,"test":"conc","trial":23,"copy":"dma","cfg":"h2d","legs":1,"bytes_per_leg":8388608,"leg_ns":[1492599],"wall_ns":1506426,"stream_errors":0,"mb":4,"cmds_per_leg":2,"elements":8}
PCIE {"t_ms":1790727348227,"test":"conc","trial":24,"copy":"dma","cfg":"h2d/ser","legs":1,"bytes_per_leg":8388608,"leg_ns":[870743],"wall_ns":884760,"stream_errors":0,"mb":4,"cmds_per_leg":2,"elements":8}
PCIE {"t_ms":1790727348228,"test":"conc","trial":24,"copy":"dma","cfg":"d2h","legs":1,"bytes_per_leg":8388608,"leg_ns":[856573],"wall_ns":874878,"stream_errors":0,"mb":4,"cmds_per_leg":2,"elements":8}
PCIE {"t_ms":1790727348228,"test":"conc","trial":24,"copy":"dma","cfg":"d2h/ser","legs":1,"bytes_per_leg":8388608,"leg_ns":[856255],"wall_ns":869722,"stream_errors":0,"mb":4,"cmds_per_leg":2,"elements":8}
PCIE {"t_ms":1790727348230,"test":"conc","trial":24,"copy":"dma","cfg":"2xh2d/ser","legs":2,"bytes_per_leg":8388608,"leg_ns":[1223688,1541818],"wall_ns":1555720,"stream_errors":0,"mb":4,"cmds_per_leg":2,"elements":8}
PCIE {"t_ms":1790727348231,"test":"conc","trial":24,"copy":"dma","cfg":"h2d","legs":1,"bytes_per_leg":8388608,"leg_ns":[1387273],"wall_ns":1401315,"stream_errors":0,"mb":4,"cmds_per_leg":2,"elements":8}
PCIE {"t_ms":1790727348232,"test":"done","which":"conc","elapsed_s":0.282791}
