PCIE {"t_ms":1790727352995,"test":"open","open_ns":131500864,"src":"PCIEBENCH_SRC_SHA256 main=27b7ed06330c4bae26cd24be189cdac0d67432cb52b1e8c7fca1116abda1aa5f args=8ae69bd7d46097957b638ff4c6630eb3e66d3cb0654b77d3bf55f3336c61c508 touch=92180a93c6dae0a1dce8c379156f827bd6588115777499dc45e64bf606b46ec0","link":[{"bdf":"0000:02:00.0","speed":"16.0 GT/s PCIe","width":"8","max_speed":"16.0 GT/s PCIe","max_width":"8","cma_allocated":"2057 MB"}]}
PCIE {"t_ms":1790727353025,"test":"conc","trial":0,"copy":"dma","cfg":"d2h/ser","legs":1,"bytes_per_leg":33554432,"leg_ns":[3272909],"wall_ns":3289012,"stream_errors":0,"mb":16,"cmds_per_leg":2,"elements":0}
PCIE {"t_ms":1790727353031,"test":"conc","trial":0,"copy":"dma","cfg":"2xh2d/ser","legs":2,"bytes_per_leg":33554432,"leg_ns":[4394509,5725696],"wall_ns":5740307,"stream_errors":0,"mb":16,"cmds_per_leg":2,"elements":0}
PCIE {"t_ms":1790727353034,"test":"conc","trial":0,"copy":"dma","cfg":"h2d/ser","legs":1,"bytes_per_leg":33554432,"leg_ns":[2923824],"wall_ns":2937310,"stream_errors":0,"mb":16,"cmds_per_leg":2,"elements":0}
PCIE {"t_ms":1790727353039,"test":"conc","trial":0,"copy":"dma","cfg":"h2d","legs":1,"bytes_per_leg":33554432,"leg_ns":[5849974],"wall_ns":5863173,"stream_errors":0,"mb":16,"cmds_per_leg":2,"elements":0}
PCIE {"t_ms":1790727353043,"test":"conc","trial":0,"copy":"dma","cfg":"d2h","legs":1,"bytes_per_leg":33554432,"leg_ns":[3306465],"wall_ns":3319664,"stream_errors":0,"mb":16,"cmds_per_leg":2,"elements":0}
PCIE {"t_ms":1790727353046,"test":"conc","trial":1,"copy":"dma","cfg":"d2h","legs":1,"bytes_per_leg":33554432,"leg_ns":[3180343],"wall_ns":3193212,"stream_errors":0,"mb":16,"cmds_per_leg":2,"elements":0}
PCIE {"t_ms":1790727353049,"test":"conc","trial":1,"copy":"dma","cfg":"d2h/ser","legs":1,"bytes_per_leg":33554432,"leg_ns":[2765295],"wall_ns":2778288,"stream_errors":0,"mb":16,"cmds_per_leg":2,"elements":0}
PCIE {"t_ms":1790727353052,"test":"conc","trial":1,"copy":"dma","cfg":"h2d/ser","legs":1,"bytes_per_leg":33554432,"leg_ns":[3098639],"wall_ns":3111607,"stream_errors":0,"mb":16,"cmds_per_leg":2,"elements":0}
PCIE {"t_ms":1790727353058,"test":"conc","trial":1,"copy":"dma","cfg":"h2d","legs":1,"bytes_per_leg":33554432,"leg_ns":[5659907],"wall_ns":5673153,"stream_errors":0,"mb":16,"cmds_per_leg":2,"elements":0}
PCIE {"t_ms":1790727353063,"test":"conc","trial":1,"copy":"dma","cfg":"2xh2d/ser","legs":2,"bytes_per_leg":33554432,"leg_ns":[4459417,5814241],"wall_ns":5831973,"stream_errors":0,"mb":16,"cmds_per_leg":2,"elements":0}
PCIE {"t_ms":1790727353069,"test":"conc","trial":2,"copy":"dma","cfg":"h2d","legs":1,"bytes_per_leg":33554432,"leg_ns":[5827943],"wall_ns":5840921,"stream_errors":0,"mb":16,"cmds_per_leg":2,"elements":0}
PCIE {"t_ms":1790727353072,"test":"conc","trial":2,"copy":"dma","cfg":"h2d/ser","legs":1,"bytes_per_leg":33554432,"leg_ns":[3028879],"wall_ns":3041650,"stream_errors":0,"mb":16,"cmds_per_leg":2,"elements":0}
PCIE {"t_ms":1790727353078,"test":"conc","trial":2,"copy":"dma","cfg":"2xh2d/ser","legs":2,"bytes_per_leg":33554432,"leg_ns":[4260849,5668402],"wall_ns":5686509,"stream_errors":0,"mb":16,"cmds_per_leg":2,"elements":0}
PCIE {"t_ms":1790727353081,"test":"conc","trial":2,"copy":"dma","cfg":"d2h","legs":1,"bytes_per_leg":33554432,"leg_ns":[3374383],"wall_ns":3387009,"stream_errors":0,"mb":16,"cmds_per_leg":2,"elements":0}
PCIE {"t_ms":1790727353084,"test":"conc","trial":2,"copy":"dma","cfg":"d2h/ser","legs":1,"bytes_per_leg":33554432,"leg_ns":[2734557],"wall_ns":2747581,"stream_errors":0,"mb":16,"cmds_per_leg":2,"elements":0}
PCIE {"t_ms":1790727353087,"test":"conc","trial":3,"copy":"dma","cfg":"d2h","legs":1,"bytes_per_leg":33554432,"leg_ns":[3122632],"wall_ns":3135512,"stream_errors":0,"mb":16,"cmds_per_leg":2,"elements":0}
PCIE {"t_ms":1790727353093,"test":"conc","trial":3,"copy":"dma","cfg":"2xh2d/ser","legs":2,"bytes_per_leg":33554432,"leg_ns":[4280109,5686158],"wall_ns":5698856,"stream_errors":0,"mb":16,"cmds_per_leg":2,"elements":0}
PCIE {"t_ms":1790727353096,"test":"conc","trial":3,"copy":"dma","cfg":"d2h/ser","legs":1,"bytes_per_leg":33554432,"leg_ns":[3195874],"wall_ns":3209783,"stream_errors":0,"mb":16,"cmds_per_leg":2,"elements":0}
PCIE {"t_ms":1790727353102,"test":"conc","trial":3,"copy":"dma","cfg":"h2d","legs":1,"bytes_per_leg":33554432,"leg_ns":[5699372],"wall_ns":5715267,"stream_errors":0,"mb":16,"cmds_per_leg":2,"elements":0}
PCIE {"t_ms":1790727353105,"test":"conc","trial":3,"copy":"dma","cfg":"h2d/ser","legs":1,"bytes_per_leg":33554432,"leg_ns":[2915213],"wall_ns":2933756,"stream_errors":0,"mb":16,"cmds_per_leg":2,"elements":0}
PCIE {"t_ms":1790727353108,"test":"conc","trial":4,"copy":"dma","cfg":"h2d/ser","legs":1,"bytes_per_leg":33554432,"leg_ns":[3035996],"wall_ns":3048638,"stream_errors":0,"mb":16,"cmds_per_leg":2,"elements":0}
PCIE {"t_ms":1790727353111,"test":"conc","trial":4,"copy":"dma","cfg":"d2h/ser","legs":1,"bytes_per_leg":33554432,"leg_ns":[2639150],"wall_ns":2653020,"stream_errors":0,"mb":16,"cmds_per_leg":2,"elements":0}
PCIE {"t_ms":1790727353116,"test":"conc","trial":4,"copy":"dma","cfg":"h2d","legs":1,"bytes_per_leg":33554432,"leg_ns":[5831546],"wall_ns":5844719,"stream_errors":0,"mb":16,"cmds_per_leg":2,"elements":0}
PCIE {"t_ms":1790727353122,"test":"conc","trial":4,"copy":"dma","cfg":"2xh2d/ser","legs":2,"bytes_per_leg":33554432,"leg_ns":[4323701,5679892],"wall_ns":5698485,"stream_errors":0,"mb":16,"cmds_per_leg":2,"elements":0}
PCIE {"t_ms":1790727353126,"test":"conc","trial":4,"copy":"dma","cfg":"d2h","legs":1,"bytes_per_leg":33554432,"leg_ns":[3410804],"wall_ns":3424380,"stream_errors":0,"mb":16,"cmds_per_leg":2,"elements":0}
PCIE {"t_ms":1790727353129,"test":"conc","trial":5,"copy":"dma","cfg":"h2d/ser","legs":1,"bytes_per_leg":33554432,"leg_ns":[3050994],"wall_ns":3063662,"stream_errors":0,"mb":16,"cmds_per_leg":2,"elements":0}
PCIE {"t_ms":1790727353132,"test":"conc","trial":5,"copy":"dma","cfg":"d2h","legs":1,"bytes_per_leg":33554432,"leg_ns":[3078182],"wall_ns":3091620,"stream_errors":0,"mb":16,"cmds_per_leg":2,"elements":0}
PCIE {"t_ms":1790727353135,"test":"conc","trial":5,"copy":"dma","cfg":"d2h/ser","legs":1,"bytes_per_leg":33554432,"leg_ns":[2735112],"wall_ns":2748072,"stream_errors":0,"mb":16,"cmds_per_leg":2,"elements":0}
PCIE {"t_ms":1790727353140,"test":"conc","trial":5,"copy":"dma","cfg":"2xh2d/ser","legs":2,"bytes_per_leg":33554432,"leg_ns":[4260287,5664300],"wall_ns":5677931,"stream_errors":0,"mb":16,"cmds_per_leg":2,"elements":0}
PCIE {"t_ms":1790727353146,"test":"conc","trial":5,"copy":"dma","cfg":"h2d","legs":1,"bytes_per_leg":33554432,"leg_ns":[5713024],"wall_ns":5726777,"stream_errors":0,"mb":16,"cmds_per_leg":2,"elements":0}
PCIE {"t_ms":1790727353149,"test":"conc","trial":6,"copy":"dma","cfg":"h2d/ser","legs":1,"bytes_per_leg":33554432,"leg_ns":[2938909],"wall_ns":2956673,"stream_errors":0,"mb":16,"cmds_per_leg":2,"elements":0}
PCIE {"t_ms":1790727353155,"test":"conc","trial":6,"copy":"dma","cfg":"2xh2d/ser","legs":2,"bytes_per_leg":33554432,"leg_ns":[4342676,5672965],"wall_ns":5686976,"stream_errors":0,"mb":16,"cmds_per_leg":2,"elements":0}
PCIE {"t_ms":1790727353158,"test":"conc","trial":6,"copy":"dma","cfg":"d2h/ser","legs":1,"bytes_per_leg":33554432,"leg_ns":[3265892],"wall_ns":3279498,"stream_errors":0,"mb":16,"cmds_per_leg":2,"elements":0}
PCIE {"t_ms":1790727353164,"test":"conc","trial":6,"copy":"dma","cfg":"h2d","legs":1,"bytes_per_leg":33554432,"leg_ns":[5711281],"wall_ns":5724545,"stream_errors":0,"mb":16,"cmds_per_leg":2,"elements":0}
PCIE {"t_ms":1790727353167,"test":"conc","trial":6,"copy":"dma","cfg":"d2h","legs":1,"bytes_per_leg":33554432,"leg_ns":[3120850],"wall_ns":3134267,"stream_errors":0,"mb":16,"cmds_per_leg":2,"elements":0}
PCIE {"t_ms":1790727353170,"test":"conc","trial":7,"copy":"dma","cfg":"h2d/ser","legs":1,"bytes_per_leg":33554432,"leg_ns":[3015913],"wall_ns":3028601,"stream_errors":0,"mb":16,"cmds_per_leg":2,"elements":0}
PCIE {"t_ms":1790727353175,"test":"conc","trial":7,"copy":"dma","cfg":"h2d","legs":1,"bytes_per_leg":33554432,"leg_ns":[5529576],"wall_ns":5543368,"stream_errors":0,"mb":16,"cmds_per_leg":2,"elements":0}
PCIE {"t_ms":1790727353179,"test":"conc","trial":7,"copy":"dma","cfg":"d2h","legs":1,"bytes_per_leg":33554432,"leg_ns":[3158265],"wall_ns":3171412,"stream_errors":0,"mb":16,"cmds_per_leg":2,"elements":0}
PCIE {"t_ms":1790727353181,"test":"conc","trial":7,"copy":"dma","cfg":"d2h/ser","legs":1,"bytes_per_leg":33554432,"leg_ns":[2825932],"wall_ns":2839514,"stream_errors":0,"mb":16,"cmds_per_leg":2,"elements":0}
PCIE {"t_ms":1790727353187,"test":"conc","trial":7,"copy":"dma","cfg":"2xh2d/ser","legs":2,"bytes_per_leg":33554432,"leg_ns":[4401184,5708015],"wall_ns":5723822,"stream_errors":0,"mb":16,"cmds_per_leg":2,"elements":0}
PCIE {"t_ms":1790727353193,"test":"conc","trial":8,"copy":"dma","cfg":"h2d","legs":1,"bytes_per_leg":33554432,"leg_ns":[5714503],"wall_ns":5727361,"stream_errors":0,"mb":16,"cmds_per_leg":2,"elements":0}
PCIE {"t_ms":1790727353199,"test":"conc","trial":8,"copy":"dma","cfg":"2xh2d/ser","legs":2,"bytes_per_leg":33554432,"leg_ns":[4302916,5654623],"wall_ns":5668054,"stream_errors":0,"mb":16,"cmds_per_leg":2,"elements":0}
PCIE {"t_ms":1790727353202,"test":"conc","trial":8,"copy":"dma","cfg":"d2h","legs":1,"bytes_per_leg":33554432,"leg_ns":[3224349],"wall_ns":3238054,"stream_errors":0,"mb":16,"cmds_per_leg":2,"elements":0}
PCIE {"t_ms":1790727353205,"test":"conc","trial":8,"copy":"dma","cfg":"h2d/ser","legs":1,"bytes_per_leg":33554432,"leg_ns":[3009928],"wall_ns":3022622,"stream_errors":0,"mb":16,"cmds_per_leg":2,"elements":0}
PCIE {"t_ms":1790727353208,"test":"conc","trial":8,"copy":"dma","cfg":"d2h/ser","legs":1,"bytes_per_leg":33554432,"leg_ns":[2752425],"wall_ns":2765762,"stream_errors":0,"mb":16,"cmds_per_leg":2,"elements":0}
PCIE {"t_ms":1790727353210,"test":"conc","trial":9,"copy":"dma","cfg":"d2h/ser","legs":1,"bytes_per_leg":33554432,"leg_ns":[2846657],"wall_ns":2859733,"stream_errors":0,"mb":16,"cmds_per_leg":2,"elements":0}
PCIE {"t_ms":1790727353216,"test":"conc","trial":9,"copy":"dma","cfg":"2xh2d/ser","legs":2,"bytes_per_leg":33554432,"leg_ns":[4325523,5652554],"wall_ns":5668842,"stream_errors":0,"mb":16,"cmds_per_leg":2,"elements":0}
PCIE {"t_ms":1790727353220,"test":"conc","trial":9,"copy":"dma","cfg":"d2h","legs":1,"bytes_per_leg":33554432,"leg_ns":[3349551],"wall_ns":3363209,"stream_errors":0,"mb":16,"cmds_per_leg":2,"elements":0}
PCIE {"t_ms":1790727353223,"test":"conc","trial":9,"copy":"dma","cfg":"h2d/ser","legs":1,"bytes_per_leg":33554432,"leg_ns":[3010027],"wall_ns":3022664,"stream_errors":0,"mb":16,"cmds_per_leg":2,"elements":0}
PCIE {"t_ms":1790727353228,"test":"conc","trial":9,"copy":"dma","cfg":"h2d","legs":1,"bytes_per_leg":33554432,"leg_ns":[5384649],"wall_ns":5405172,"stream_errors":0,"mb":16,"cmds_per_leg":2,"elements":0}
PCIE {"t_ms":1790727353231,"test":"conc","trial":10,"copy":"dma","cfg":"d2h","legs":1,"bytes_per_leg":33554432,"leg_ns":[3131283],"wall_ns":3144137,"stream_errors":0,"mb":16,"cmds_per_leg":2,"elements":0}
PCIE {"t_ms":1790727353237,"test":"conc","trial":10,"copy":"dma","cfg":"2xh2d/ser","legs":2,"bytes_per_leg":33554432,"leg_ns":[4261717,5589028],"wall_ns":5607192,"stream_errors":0,"mb":16,"cmds_per_leg":2,"elements":0}
PCIE {"t_ms":1790727353240,"test":"conc","trial":10,"copy":"dma","cfg":"d2h/ser","legs":1,"bytes_per_leg":33554432,"leg_ns":[3242164],"wall_ns":3255695,"stream_errors":0,"mb":16,"cmds_per_leg":2,"elements":0}
PCIE {"t_ms":1790727353246,"test":"conc","trial":10,"copy":"dma","cfg":"h2d","legs":1,"bytes_per_leg":33554432,"leg_ns":[5767245],"wall_ns":5780258,"stream_errors":0,"mb":16,"cmds_per_leg":2,"elements":0}
PCIE {"t_ms":1790727353249,"test":"conc","trial":10,"copy":"dma","cfg":"h2d/ser","legs":1,"bytes_per_leg":33554432,"leg_ns":[2980842],"wall_ns":2994370,"stream_errors":0,"mb":16,"cmds_per_leg":2,"elements":0}
PCIE {"t_ms":1790727353251,"test":"done","which":"conc","elapsed_s":0.388308}
