PCIE {"t_ms":1790727360573,"test":"open","open_ns":131433211,"src":"PCIEBENCH_SRC_SHA256 main=27b7ed06330c4bae26cd24be189cdac0d67432cb52b1e8c7fca1116abda1aa5f args=8ae69bd7d46097957b638ff4c6630eb3e66d3cb0654b77d3bf55f3336c61c508 touch=92180a93c6dae0a1dce8c379156f827bd6588115777499dc45e64bf606b46ec0","link":[{"bdf":"0000:02:00.0","speed":"16.0 GT/s PCIe","width":"8","max_speed":"16.0 GT/s PCIe","max_width":"8","cma_allocated":"2057 MB"}]}
PCIE {"t_ms":1790727360581,"test":"conc","trial":0,"copy":"dma","cfg":"d2h/ser","legs":1,"bytes_per_leg":8388608,"leg_ns":[1141003],"wall_ns":1155936,"stream_errors":0,"mb":4,"cmds_per_leg":2,"elements":0}
PCIE {"t_ms":1790727360583,"test":"conc","trial":0,"copy":"dma","cfg":"2xh2d/ser","legs":2,"bytes_per_leg":8388608,"leg_ns":[1258798,1576567],"wall_ns":1592159,"stream_errors":0,"mb":4,"cmds_per_leg":2,"elements":0}
PCIE {"t_ms":1790727360584,"test":"conc","trial":0,"copy":"dma","cfg":"h2d/ser","legs":1,"bytes_per_leg":8388608,"leg_ns":[926041],"wall_ns":940347,"stream_errors":0,"mb":4,"cmds_per_leg":2,"elements":0}
PCIE {"t_ms":1790727360585,"test":"conc","trial":0,"copy":"dma","cfg":"h2d","legs":1,"bytes_per_leg":8388608,"leg_ns":[1502735],"wall_ns":1516812,"stream_errors":0,"mb":4,"cmds_per_leg":2,"elements":0}
PCIE {"t_ms":1790727360586,"test":"conc","trial":0,"copy":"dma","cfg":"d2h","legs":1,"bytes_per_leg":8388608,"leg_ns":[1005348],"wall_ns":1020853,"stream_errors":0,"mb":4,"cmds_per_leg":2,"elements":0}
PCIE {"t_ms":1790727360587,"test":"conc","trial":1,"copy":"dma","cfg":"d2h","legs":1,"bytes_per_leg":8388608,"leg_ns":[820098],"wall_ns":835953,"stream_errors":0,"mb":4,"cmds_per_leg":2,"elements":0}
PCIE {"t_ms":1790727360588,"test":"conc","trial":1,"copy":"dma","cfg":"d2h/ser","legs":1,"bytes_per_leg":8388608,"leg_ns":[854445],"wall_ns":868347,"stream_errors":0,"mb":4,"cmds_per_leg":2,"elements":0}
PCIE {"t_ms":1790727360589,"test":"conc","trial":1,"copy":"dma","cfg":"h2d/ser","legs":1,"bytes_per_leg":8388608,"leg_ns":[880883],"wall_ns":896218,"stream_errors":0,"mb":4,"cmds_per_leg":2,"elements":0}
PCIE {"t_ms":1790727360590,"test":"conc","trial":1,"copy":"dma","cfg":"h2d","legs":1,"bytes_per_leg":8388608,"leg_ns":[1430404],"wall_ns":1445008,"stream_errors":0,"mb":4,"cmds_per_leg":2,"elements":0}
PCIE {"t_ms":1790727360592,"test":"conc","trial":1,"copy":"dma","cfg":"2xh2d/ser","legs":2,"bytes_per_leg":8388608,"leg_ns":[1243587,1565037],"wall_ns":1580029,"stream_errors":0,"mb":4,"cmds_per_leg":2,"elements":0}
PCIE {"t_ms":1790727360593,"test":"conc","trial":2,"copy":"dma","cfg":"h2d","legs":1,"bytes_per_leg":8388608,"leg_ns":[1451018],"wall_ns":1466664,"stream_errors":0,"mb":4,"cmds_per_leg":2,"elements":0}
PCIE {"t_ms":1790727360594,"test":"conc","trial":2,"copy":"dma","cfg":"h2d/ser","legs":1,"bytes_per_leg":8388608,"leg_ns":[813718],"wall_ns":829631,"stream_errors":0,"mb":4,"cmds_per_leg":2,"elements":0}
PCIE {"t_ms":1790727360596,"test":"conc","trial":2,"copy":"dma","cfg":"2xh2d/ser","legs":2,"bytes_per_leg":8388608,"leg_ns":[1162165,1448239],"wall_ns":1464101,"stream_errors":0,"mb":4,"cmds_per_leg":2,"elements":0}
PCIE {"t_ms":1790727360597,"test":"conc","trial":2,"copy":"dma","cfg":"d2h","legs":1,"bytes_per_leg":8388608,"leg_ns":[844212],"wall_ns":864007,"stream_errors":0,"mb":4,"cmds_per_leg":2,"elements":0}
PCIE {"t_ms":1790727360597,"test":"conc","trial":2,"copy":"dma","cfg":"d2h/ser","legs":1,"bytes_per_leg":8388608,"leg_ns":[722852],"wall_ns":737084,"stream_errors":0,"mb":4,"cmds_per_leg":2,"elements":0}
PCIE {"t_ms":1790727360598,"test":"conc","trial":3,"copy":"dma","cfg":"d2h","legs":1,"bytes_per_leg":8388608,"leg_ns":[801068],"wall_ns":816174,"stream_errors":0,"mb":4,"cmds_per_leg":2,"elements":0}
PCIE {"t_ms":1790727360600,"test":"conc","trial":3,"copy":"dma","cfg":"2xh2d/ser","legs":2,"bytes_per_leg":8388608,"leg_ns":[1141144,1535977],"wall_ns":1551026,"stream_errors":0,"mb":4,"cmds_per_leg":2,"elements":0}
PCIE {"t_ms":1790727360600,"test":"conc","trial":3,"copy":"dma","cfg":"d2h/ser","legs":1,"bytes_per_leg":8388608,"leg_ns":[743624],"wall_ns":757709,"stream_errors":0,"mb":4,"cmds_per_leg":2,"elements":0}
PCIE {"t_ms":1790727360602,"test":"conc","trial":3,"copy":"dma","cfg":"h2d","legs":1,"bytes_per_leg":8388608,"leg_ns":[1425403],"wall_ns":1440329,"stream_errors":0,"mb":4,"cmds_per_leg":2,"elements":0}
PCIE {"t_ms":1790727360603,"test":"conc","trial":3,"copy":"dma","cfg":"h2d/ser","legs":1,"bytes_per_leg":8388608,"leg_ns":[833234],"wall_ns":847578,"stream_errors":0,"mb":4,"cmds_per_leg":2,"elements":0}
PCIE {"t_ms":1790727360604,"test":"conc","trial":4,"copy":"dma","cfg":"h2d/ser","legs":1,"bytes_per_leg":8388608,"leg_ns":[801104],"wall_ns":816011,"stream_errors":0,"mb":4,"cmds_per_leg":2,"elements":0}
PCIE {"t_ms":1790727360604,"test":"conc","trial":4,"copy":"dma","cfg":"d2h/ser","legs":1,"bytes_per_leg":8388608,"leg_ns":[744558],"wall_ns":758607,"stream_errors":0,"mb":4,"cmds_per_leg":2,"elements":0}
PCIE {"t_ms":1790727360606,"test":"conc","trial":4,"copy":"dma","cfg":"h2d","legs":1,"bytes_per_leg":8388608,"leg_ns":[1429320],"wall_ns":1443919,"stream_errors":0,"mb":4,"cmds_per_leg":2,"elements":0}
PCIE {"t_ms":1790727360607,"test":"conc","trial":4,"copy":"dma","cfg":"2xh2d/ser","legs":2,"bytes_per_leg":8388608,"leg_ns":[1190517,1511024],"wall_ns":1525612,"stream_errors":0,"mb":4,"cmds_per_leg":2,"elements":0}
PCIE {"t_ms":1790727360608,"test":"conc","trial":4,"copy":"dma","cfg":"d2h","legs":1,"bytes_per_leg":8388608,"leg_ns":[846203],"wall_ns":861276,"stream_errors":0,"mb":4,"cmds_per_leg":2,"elements":0}
PCIE {"t_ms":1790727360609,"test":"conc","trial":5,"copy":"dma","cfg":"h2d/ser","legs":1,"bytes_per_leg":8388608,"leg_ns":[784448],"wall_ns":798768,"stream_errors":0,"mb":4,"cmds_per_leg":2,"elements":0}
PCIE {"t_ms":1790727360610,"test":"conc","trial":5,"copy":"dma","cfg":"d2h","legs":1,"bytes_per_leg":8388608,"leg_ns":[843549],"wall_ns":858512,"stream_errors":0,"mb":4,"cmds_per_leg":2,"elements":0}
PCIE {"t_ms":1790727360611,"test":"conc","trial":5,"copy":"dma","cfg":"d2h/ser","legs":1,"bytes_per_leg":8388608,"leg_ns":[803215],"wall_ns":823238,"stream_errors":0,"mb":4,"cmds_per_leg":2,"elements":0}
PCIE {"t_ms":1790727360612,"test":"conc","trial":5,"copy":"dma","cfg":"2xh2d/ser","legs":2,"bytes_per_leg":8388608,"leg_ns":[1137941,1460325],"wall_ns":1475339,"stream_errors":0,"mb":4,"cmds_per_leg":2,"elements":0}
PCIE {"t_ms":1790727360614,"test":"conc","trial":5,"copy":"dma","cfg":"h2d","legs":1,"bytes_per_leg":8388608,"leg_ns":[1486506],"wall_ns":1500983,"stream_errors":0,"mb":4,"cmds_per_leg":2,"elements":0}
PCIE {"t_ms":1790727360615,"test":"conc","trial":6,"copy":"dma","cfg":"h2d/ser","legs":1,"bytes_per_leg":8388608,"leg_ns":[831269],"wall_ns":849988,"stream_errors":0,"mb":4,"cmds_per_leg":2,"elements":0}
PCIE {"t_ms":1790727360616,"test":"conc","trial":6,"copy":"dma","cfg":"2xh2d/ser","legs":2,"bytes_per_leg":8388608,"leg_ns":[1120105,1446437],"wall_ns":1461629,"stream_errors":0,"mb":4,"cmds_per_leg":2,"elements":0}
PCIE {"t_ms":1790727360617,"test":"conc","trial":6,"copy":"dma","cfg":"d2h/ser","legs":1,"bytes_per_leg":8388608,"leg_ns":[754517],"wall_ns":768804,"stream_errors":0,"mb":4,"cmds_per_leg":2,"elements":0}
PCIE {"t_ms":1790727360618,"test":"conc","trial":6,"copy":"dma","cfg":"h2d","legs":1,"bytes_per_leg":8388608,"leg_ns":[1390941],"wall_ns":1405591,"stream_errors":0,"mb":4,"cmds_per_leg":2,"elements":0}
PCIE {"t_ms":1790727360619,"test":"conc","trial":6,"copy":"dma","cfg":"d2h","legs":1,"bytes_per_leg":8388608,"leg_ns":[850735],"wall_ns":865398,"stream_errors":0,"mb":4,"cmds_per_leg":2,"elements":0}
PCIE {"t_ms":1790727360620,"test":"conc","trial":7,"copy":"dma","cfg":"h2d/ser","legs":1,"bytes_per_leg":8388608,"leg_ns":[800599],"wall_ns":815444,"stream_errors":0,"mb":4,"cmds_per_leg":2,"elements":0}
PCIE {"t_ms":1790727360621,"test":"conc","trial":7,"copy":"dma","cfg":"h2d","legs":1,"bytes_per_leg":8388608,"leg_ns":[1450244],"wall_ns":1464773,"stream_errors":0,"mb":4,"cmds_per_leg":2,"elements":0}
PCIE {"t_ms":1790727360622,"test":"conc","trial":7,"copy":"dma","cfg":"d2h","legs":1,"bytes_per_leg":8388608,"leg_ns":[845050],"wall_ns":859509,"stream_errors":0,"mb":4,"cmds_per_leg":2,"elements":0}
PCIE {"t_ms":1790727360623,"test":"conc","trial":7,"copy":"dma","cfg":"d2h/ser","legs":1,"bytes_per_leg":8388608,"leg_ns":[729671],"wall_ns":744271,"stream_errors":0,"mb":4,"cmds_per_leg":2,"elements":0}
PCIE {"t_ms":1790727360625,"test":"conc","trial":7,"copy":"dma","cfg":"2xh2d/ser","legs":2,"bytes_per_leg":8388608,"leg_ns":[1144088,1463952],"wall_ns":1479147,"stream_errors":0,"mb":4,"cmds_per_leg":2,"elements":0}
PCIE {"t_ms":1790727360626,"test":"conc","trial":8,"copy":"dma","cfg":"h2d","legs":1,"bytes_per_leg":8388608,"leg_ns":[1386352],"wall_ns":1400864,"stream_errors":0,"mb":4,"cmds_per_leg":2,"elements":0}
PCIE {"t_ms":1790727360627,"test":"conc","trial":8,"copy":"dma","cfg":"2xh2d/ser","legs":2,"bytes_per_leg":8388608,"leg_ns":[1158592,1481106],"wall_ns":1495686,"stream_errors":0,"mb":4,"cmds_per_leg":2,"elements":0}
PCIE {"t_ms":1790727360628,"test":"conc","trial":8,"copy":"dma","cfg":"d2h","legs":1,"bytes_per_leg":8388608,"leg_ns":[812770],"wall_ns":827669,"stream_errors":0,"mb":4,"cmds_per_leg":2,"elements":0}
PCIE {"t_ms":1790727360629,"test":"conc","trial":8,"copy":"dma","cfg":"h2d/ser","legs":1,"bytes_per_leg":8388608,"leg_ns":[807583],"wall_ns":822442,"stream_errors":0,"mb":4,"cmds_per_leg":2,"elements":0}
PCIE {"t_ms":1790727360630,"test":"conc","trial":8,"copy":"dma","cfg":"d2h/ser","legs":1,"bytes_per_leg":8388608,"leg_ns":[709577],"wall_ns":724460,"stream_errors":0,"mb":4,"cmds_per_leg":2,"elements":0}
PCIE {"t_ms":1790727360631,"test":"conc","trial":9,"copy":"dma","cfg":"d2h/ser","legs":1,"bytes_per_leg":8388608,"leg_ns":[729024],"wall_ns":747039,"stream_errors":0,"mb":4,"cmds_per_leg":2,"elements":0}
PCIE {"t_ms":1790727360632,"test":"conc","trial":9,"copy":"dma","cfg":"2xh2d/ser","legs":2,"bytes_per_leg":8388608,"leg_ns":[1210319,1530000],"wall_ns":1545215,"stream_errors":0,"mb":4,"cmds_per_leg":2,"elements":0}
PCIE {"t_ms":1790727360633,"test":"conc","trial":9,"copy":"dma","cfg":"d2h","legs":1,"bytes_per_leg":8388608,"leg_ns":[854452],"wall_ns":868780,"stream_errors":0,"mb":4,"cmds_per_leg":2,"elements":0}
PCIE {"t_ms":1790727360634,"test":"conc","trial":9,"copy":"dma","cfg":"h2d/ser","legs":1,"bytes_per_leg":8388608,"leg_ns":[777295],"wall_ns":792736,"stream_errors":0,"mb":4,"cmds_per_leg":2,"elements":0}
PCIE {"t_ms":1790727360635,"test":"conc","trial":9,"copy":"dma","cfg":"h2d","legs":1,"bytes_per_leg":8388608,"leg_ns":[1402183],"wall_ns":1416766,"stream_errors":0,"mb":4,"cmds_per_leg":2,"elements":0}
PCIE {"t_ms":1790727360636,"test":"conc","trial":10,"copy":"dma","cfg":"d2h","legs":1,"bytes_per_leg":8388608,"leg_ns":[861407],"wall_ns":875812,"stream_errors":0,"mb":4,"cmds_per_leg":2,"elements":0}
PCIE {"t_ms":1790727360638,"test":"conc","trial":10,"copy":"dma","cfg":"2xh2d/ser","legs":2,"bytes_per_leg":8388608,"leg_ns":[1115348,1542240],"wall_ns":1556859,"stream_errors":0,"mb":4,"cmds_per_leg":2,"elements":0}
PCIE {"t_ms":1790727360638,"test":"conc","trial":10,"copy":"dma","cfg":"d2h/ser","legs":1,"bytes_per_leg":8388608,"leg_ns":[749162],"wall_ns":763159,"stream_errors":0,"mb":4,"cmds_per_leg":2,"elements":0}
PCIE {"t_ms":1790727360640,"test":"conc","trial":10,"copy":"dma","cfg":"h2d","legs":1,"bytes_per_leg":8388608,"leg_ns":[1435733],"wall_ns":1450535,"stream_errors":0,"mb":4,"cmds_per_leg":2,"elements":0}
PCIE {"t_ms":1790727360641,"test":"conc","trial":10,"copy":"dma","cfg":"h2d/ser","legs":1,"bytes_per_leg":8388608,"leg_ns":[831308],"wall_ns":846525,"stream_errors":0,"mb":4,"cmds_per_leg":2,"elements":0}
PCIE {"t_ms":1790727360642,"test":"conc","trial":11,"copy":"dma","cfg":"d2h","legs":1,"bytes_per_leg":8388608,"leg_ns":[857260],"wall_ns":872425,"stream_errors":0,"mb":4,"cmds_per_leg":2,"elements":0}
PCIE {"t_ms":1790727360642,"test":"conc","trial":11,"copy":"dma","cfg":"h2d/ser","legs":1,"bytes_per_leg":8388608,"leg_ns":[818399],"wall_ns":832512,"stream_errors":0,"mb":4,"cmds_per_leg":2,"elements":0}
PCIE {"t_ms":1790727360644,"test":"conc","trial":11,"copy":"dma","cfg":"h2d","legs":1,"bytes_per_leg":8388608,"leg_ns":[1420193],"wall_ns":1434704,"stream_errors":0,"mb":4,"cmds_per_leg":2,"elements":0}
PCIE {"t_ms":1790727360645,"test":"conc","trial":11,"copy":"dma","cfg":"2xh2d/ser","legs":2,"bytes_per_leg":8388608,"leg_ns":[1191132,1514310],"wall_ns":1529355,"stream_errors":0,"mb":4,"cmds_per_leg":2,"elements":0}
PCIE {"t_ms":1790727360646,"test":"conc","trial":11,"copy":"dma","cfg":"d2h/ser","legs":1,"bytes_per_leg":8388608,"leg_ns":[745181],"wall_ns":759636,"stream_errors":0,"mb":4,"cmds_per_leg":2,"elements":0}
PCIE {"t_ms":1790727360647,"test":"conc","trial":12,"copy":"dma","cfg":"d2h/ser","legs":1,"bytes_per_leg":8388608,"leg_ns":[793056],"wall_ns":807773,"stream_errors":0,"mb":4,"cmds_per_leg":2,"elements":0}
PCIE {"t_ms":1790727360649,"test":"conc","trial":12,"copy":"dma","cfg":"h2d","legs":1,"bytes_per_leg":8388608,"leg_ns":[1440646],"wall_ns":1454935,"stream_errors":0,"mb":4,"cmds_per_leg":2,"elements":0}
PCIE {"t_ms":1790727360650,"test":"conc","trial":12,"copy":"dma","cfg":"2xh2d/ser","legs":2,"bytes_per_leg":8388608,"leg_ns":[1146626,1469737],"wall_ns":1484553,"stream_errors":0,"mb":4,"cmds_per_leg":2,"elements":0}
PCIE {"t_ms":1790727360651,"test":"conc","trial":12,"copy":"dma","cfg":"h2d/ser","legs":1,"bytes_per_leg":8388608,"leg_ns":[837134],"wall_ns":852386,"stream_errors":0,"mb":4,"cmds_per_leg":2,"elements":0}
PCIE {"t_ms":1790727360652,"test":"conc","trial":12,"copy":"dma","cfg":"d2h","legs":1,"bytes_per_leg":8388608,"leg_ns":[859936],"wall_ns":874163,"stream_errors":0,"mb":4,"cmds_per_leg":2,"elements":0}
PCIE {"t_ms":1790727360653,"test":"conc","trial":13,"copy":"dma","cfg":"h2d/ser","legs":1,"bytes_per_leg":8388608,"leg_ns":[817373],"wall_ns":837638,"stream_errors":0,"mb":4,"cmds_per_leg":2,"elements":0}
PCIE {"t_ms":1790727360653,"test":"conc","trial":13,"copy":"dma","cfg":"d2h","legs":1,"bytes_per_leg":8388608,"leg_ns":[839834],"wall_ns":854258,"stream_errors":0,"mb":4,"cmds_per_leg":2,"elements":0}
PCIE {"t_ms":1790727360655,"test":"conc","trial":13,"copy":"dma","cfg":"h2d","legs":1,"bytes_per_leg":8388608,"leg_ns":[1434866],"wall_ns":1449884,"stream_errors":0,"mb":4,"cmds_per_leg":2,"elements":0}
PCIE {"t_ms":1790727360656,"test":"conc","trial":13,"copy":"dma","cfg":"d2h/ser","legs":1,"bytes_per_leg":8388608,"leg_ns":[743667],"wall_ns":758094,"stream_errors":0,"mb":4,"cmds_per_leg":2,"elements":0}
PCIE {"t_ms":1790727360657,"test":"conc","trial":13,"copy":"dma","cfg":"2xh2d/ser","legs":2,"bytes_per_leg":8388608,"leg_ns":[1114543,1437801],"wall_ns":1452371,"stream_errors":0,"mb":4,"cmds_per_leg":2,"elements":0}
PCIE {"t_ms":1790727360658,"test":"conc","trial":14,"copy":"dma","cfg":"d2h","legs":1,"bytes_per_leg":8388608,"leg_ns":[857474],"wall_ns":872428,"stream_errors":0,"mb":4,"cmds_per_leg":2,"elements":0}
PCIE {"t_ms":1790727360659,"test":"conc","trial":14,"copy":"dma","cfg":"h2d/ser","legs":1,"bytes_per_leg":8388608,"leg_ns":[831318],"wall_ns":845815,"stream_errors":0,"mb":4,"cmds_per_leg":2,"elements":0}
PCIE {"t_ms":1790727360660,"test":"conc","trial":14,"copy":"dma","cfg":"d2h/ser","legs":1,"bytes_per_leg":8388608,"leg_ns":[728006],"wall_ns":742689,"stream_errors":0,"mb":4,"cmds_per_leg":2,"elements":0}
PCIE {"t_ms":1790727360661,"test":"conc","trial":14,"copy":"dma","cfg":"2xh2d/ser","legs":2,"bytes_per_leg":8388608,"leg_ns":[1166121,1483449],"wall_ns":1498099,"stream_errors":0,"mb":4,"cmds_per_leg":2,"elements":0}
PCIE {"t_ms":1790727360663,"test":"conc","trial":14,"copy":"dma","cfg":"h2d","legs":1,"bytes_per_leg":8388608,"leg_ns":[1453357],"wall_ns":1468928,"stream_errors":0,"mb":4,"cmds_per_leg":2,"elements":0}
PCIE {"t_ms":1790727360663,"test":"conc","trial":15,"copy":"dma","cfg":"d2h","legs":1,"bytes_per_leg":8388608,"leg_ns":[860180],"wall_ns":874701,"stream_errors":0,"mb":4,"cmds_per_leg":2,"elements":0}
PCIE {"t_ms":1790727360664,"test":"conc","trial":15,"copy":"dma","cfg":"d2h/ser","legs":1,"bytes_per_leg":8388608,"leg_ns":[726687],"wall_ns":740992,"stream_errors":0,"mb":4,"cmds_per_leg":2,"elements":0}
PCIE {"t_ms":1790727360665,"test":"conc","trial":15,"copy":"dma","cfg":"h2d/ser","legs":1,"bytes_per_leg":8388608,"leg_ns":[781878],"wall_ns":796526,"stream_errors":0,"mb":4,"cmds_per_leg":2,"elements":0}
PCIE {"t_ms":1790727360667,"test":"conc","trial":15,"copy":"dma","cfg":"2xh2d/ser","legs":2,"bytes_per_leg":8388608,"leg_ns":[1164007,1487372],"wall_ns":1502122,"stream_errors":0,"mb":4,"cmds_per_leg":2,"elements":0}
PCIE {"t_ms":1790727360668,"test":"conc","trial":15,"copy":"dma","cfg":"h2d","legs":1,"bytes_per_leg":8388608,"leg_ns":[1448405],"wall_ns":1462777,"stream_errors":0,"mb":4,"cmds_per_leg":2,"elements":0}
PCIE {"t_ms":1790727360669,"test":"conc","trial":16,"copy":"dma","cfg":"d2h/ser","legs":1,"bytes_per_leg":8388608,"leg_ns":[749104],"wall_ns":763984,"stream_errors":0,"mb":4,"cmds_per_leg":2,"elements":0}
PCIE {"t_ms":1790727360670,"test":"conc","trial":16,"copy":"dma","cfg":"h2d/ser","legs":1,"bytes_per_leg":8388608,"leg_ns":[796330],"wall_ns":811282,"stream_errors":0,"mb":4,"cmds_per_leg":2,"elements":0}
PCIE {"t_ms":1790727360670,"test":"conc","trial":16,"copy":"dma","cfg":"d2h","legs":1,"bytes_per_leg":8388608,"leg_ns":[848935],"wall_ns":863009,"stream_errors":0,"mb":4,"cmds_per_leg":2,"elements":0}
PCIE {"t_ms":1790727360672,"test":"conc","trial":16,"copy":"dma","cfg":"h2d","legs":1,"bytes_per_leg":8388608,"leg_ns":[1425681],"wall_ns":1440155,"stream_errors":0,"mb":4,"cmds_per_leg":2,"elements":0}
PCIE {"t_ms":1790727360673,"test":"conc","trial":16,"copy":"dma","cfg":"2xh2d/ser","legs":2,"bytes_per_leg":8388608,"leg_ns":[1169431,1489701],"wall_ns":1504204,"stream_errors":0,"mb":4,"cmds_per_leg":2,"elements":0}
PCIE {"t_ms":1790727360675,"test":"conc","trial":17,"copy":"dma","cfg":"h2d","legs":1,"bytes_per_leg":8388608,"leg_ns":[1451954],"wall_ns":1466582,"stream_errors":0,"mb":4,"cmds_per_leg":2,"elements":0}
PCIE {"t_ms":1790727360676,"test":"conc","trial":17,"copy":"dma","cfg":"h2d/ser","legs":1,"bytes_per_leg":8388608,"leg_ns":[832667],"wall_ns":847580,"stream_errors":0,"mb":4,"cmds_per_leg":2,"elements":0}
PCIE {"t_ms":1790727360677,"test":"conc","trial":17,"copy":"dma","cfg":"2xh2d/ser","legs":2,"bytes_per_leg":8388608,"leg_ns":[1139004,1462303],"wall_ns":1477035,"stream_errors":0,"mb":4,"cmds_per_leg":2,"elements":0}
PCIE {"t_ms":1790727360678,"test":"conc","trial":17,"copy":"dma","cfg":"d2h/ser","legs":1,"bytes_per_leg":8388608,"leg_ns":[746887],"wall_ns":761999,"stream_errors":0,"mb":4,"cmds_per_leg":2,"elements":0}
PCIE {"t_ms":1790727360679,"test":"conc","trial":17,"copy":"dma","cfg":"d2h","legs":1,"bytes_per_leg":8388608,"leg_ns":[796512],"wall_ns":811076,"stream_errors":0,"mb":4,"cmds_per_leg":2,"elements":0}
PCIE {"t_ms":1790727360680,"test":"conc","trial":18,"copy":"dma","cfg":"2xh2d/ser","legs":2,"bytes_per_leg":8388608,"leg_ns":[1148012,1469888],"wall_ns":1484417,"stream_errors":0,"mb":4,"cmds_per_leg":2,"elements":0}
PCIE {"t_ms":1790727360681,"test":"conc","trial":18,"copy":"dma","cfg":"d2h","legs":1,"bytes_per_leg":8388608,"leg_ns":[856023],"wall_ns":870935,"stream_errors":0,"mb":4,"cmds_per_leg":2,"elements":0}
PCIE {"t_ms":1790727360683,"test":"conc","trial":18,"copy":"dma","cfg":"h2d","legs":1,"bytes_per_leg":8388608,"leg_ns":[1386655],"wall_ns":1402670,"stream_errors":0,"mb":4,"cmds_per_leg":2,"elements":0}
PCIE {"t_ms":1790727360683,"test":"conc","trial":18,"copy":"dma","cfg":"d2h/ser","legs":1,"bytes_per_leg":8388608,"leg_ns":[749657],"wall_ns":763962,"stream_errors":0,"mb":4,"cmds_per_leg":2,"elements":0}
PCIE {"t_ms":1790727360684,"test":"conc","trial":18,"copy":"dma","cfg":"h2d/ser","legs":1,"bytes_per_leg":8388608,"leg_ns":[822834],"wall_ns":837321,"stream_errors":0,"mb":4,"cmds_per_leg":2,"elements":0}
PCIE {"t_ms":1790727360685,"test":"conc","trial":19,"copy":"dma","cfg":"h2d/ser","legs":1,"bytes_per_leg":8388608,"leg_ns":[842437],"wall_ns":858208,"stream_errors":0,"mb":4,"cmds_per_leg":2,"elements":0}
PCIE {"t_ms":1790727360687,"test":"conc","trial":19,"copy":"dma","cfg":"2xh2d/ser","legs":2,"bytes_per_leg":8388608,"leg_ns":[1136202,1459693],"wall_ns":1474161,"stream_errors":0,"mb":4,"cmds_per_leg":2,"elements":0}
PCIE {"t_ms":1790727360687,"test":"conc","trial":19,"copy":"dma","cfg":"d2h/ser","legs":1,"bytes_per_leg":8388608,"leg_ns":[740049],"wall_ns":754339,"stream_errors":0,"mb":4,"cmds_per_leg":2,"elements":0}
PCIE {"t_ms":1790727360688,"test":"conc","trial":19,"copy":"dma","cfg":"d2h","legs":1,"bytes_per_leg":8388608,"leg_ns":[838232],"wall_ns":852560,"stream_errors":0,"mb":4,"cmds_per_leg":2,"elements":0}
PCIE {"t_ms":1790727360690,"test":"conc","trial":19,"copy":"dma","cfg":"h2d","legs":1,"bytes_per_leg":8388608,"leg_ns":[1492817],"wall_ns":1507508,"stream_errors":0,"mb":4,"cmds_per_leg":2,"elements":0}
PCIE {"t_ms":1790727360691,"test":"conc","trial":20,"copy":"dma","cfg":"h2d","legs":1,"bytes_per_leg":8388608,"leg_ns":[1461739],"wall_ns":1475990,"stream_errors":0,"mb":4,"cmds_per_leg":2,"elements":0}
PCIE {"t_ms":1790727360692,"test":"conc","trial":20,"copy":"dma","cfg":"d2h/ser","legs":1,"bytes_per_leg":8388608,"leg_ns":[714059],"wall_ns":728648,"stream_errors":0,"mb":4,"cmds_per_leg":2,"elements":0}
PCIE {"t_ms":1790727360694,"test":"conc","trial":20,"copy":"dma","cfg":"2xh2d/ser","legs":2,"bytes_per_leg":8388608,"leg_ns":[1250192,1572812],"wall_ns":1587305,"stream_errors":0,"mb":4,"cmds_per_leg":2,"elements":0}
PCIE {"t_ms":1790727360694,"test":"conc","trial":20,"copy":"dma","cfg":"h2d/ser","legs":1,"bytes_per_leg":8388608,"leg_ns":[839508],"wall_ns":853668,"stream_errors":0,"mb":4,"cmds_per_leg":2,"elements":0}
PCIE {"t_ms":1790727360695,"test":"conc","trial":20,"copy":"dma","cfg":"d2h","legs":1,"bytes_per_leg":8388608,"leg_ns":[826653],"wall_ns":841299,"stream_errors":0,"mb":4,"cmds_per_leg":2,"elements":0}
PCIE {"t_ms":1790727360696,"test":"conc","trial":21,"copy":"dma","cfg":"d2h/ser","legs":1,"bytes_per_leg":8388608,"leg_ns":[727189],"wall_ns":741956,"stream_errors":0,"mb":4,"cmds_per_leg":2,"elements":0}
PCIE {"t_ms":1790727360697,"test":"conc","trial":21,"copy":"dma","cfg":"h2d/ser","legs":1,"bytes_per_leg":8388608,"leg_ns":[788704],"wall_ns":803477,"stream_errors":0,"mb":4,"cmds_per_leg":2,"elements":0}
PCIE {"t_ms":1790727360698,"test":"conc","trial":21,"copy":"dma","cfg":"d2h","legs":1,"bytes_per_leg":8388608,"leg_ns":[859756],"wall_ns":874161,"stream_errors":0,"mb":4,"cmds_per_leg":2,"elements":0}
PCIE {"t_ms":1790727360699,"test":"conc","trial":21,"copy":"dma","cfg":"2xh2d/ser","legs":2,"bytes_per_leg":8388608,"leg_ns":[1198275,1520792],"wall_ns":1536091,"stream_errors":0,"mb":4,"cmds_per_leg":2,"elements":0}
PCIE {"t_ms":1790727360701,"test":"conc","trial":21,"copy":"dma","cfg":"h2d","legs":1,"bytes_per_leg":8388608,"leg_ns":[1454459],"wall_ns":1468990,"stream_errors":0,"mb":4,"cmds_per_leg":2,"elements":0}
PCIE {"t_ms":1790727360702,"test":"conc","trial":22,"copy":"dma","cfg":"h2d","legs":1,"bytes_per_leg":8388608,"leg_ns":[1452324],"wall_ns":1466945,"stream_errors":0,"mb":4,"cmds_per_leg":2,"elements":0}
PCIE {"t_ms":1790727360703,"test":"conc","trial":22,"copy":"dma","cfg":"d2h/ser","legs":1,"bytes_per_leg":8388608,"leg_ns":[732226],"wall_ns":746435,"stream_errors":0,"mb":4,"cmds_per_leg":2,"elements":0}
PCIE {"t_ms":1790727360704,"test":"conc","trial":22,"copy":"dma","cfg":"2xh2d/ser","legs":2,"bytes_per_leg":8388608,"leg_ns":[1146299,1469507],"wall_ns":1483951,"stream_errors":0,"mb":4,"cmds_per_leg":2,"elements":0}
PCIE {"t_ms":1790727360705,"test":"conc","trial":22,"copy":"dma","cfg":"h2d/ser","legs":1,"bytes_per_leg":8388608,"leg_ns":[836801],"wall_ns":851524,"stream_errors":0,"mb":4,"cmds_per_leg":2,"elements":0}
PCIE {"t_ms":1790727360706,"test":"conc","trial":22,"copy":"dma","cfg":"d2h","legs":1,"bytes_per_leg":8388608,"leg_ns":[834359],"wall_ns":848894,"stream_errors":0,"mb":4,"cmds_per_leg":2,"elements":0}
PCIE {"t_ms":1790727360707,"test":"conc","trial":23,"copy":"dma","cfg":"d2h/ser","legs":1,"bytes_per_leg":8388608,"leg_ns":[724241],"wall_ns":738838,"stream_errors":0,"mb":4,"cmds_per_leg":2,"elements":0}
PCIE {"t_ms":1790727360708,"test":"conc","trial":23,"copy":"dma","cfg":"2xh2d/ser","legs":2,"bytes_per_leg":8388608,"leg_ns":[1216892,1537096],"wall_ns":1551963,"stream_errors":0,"mb":4,"cmds_per_leg":2,"elements":0}
PCIE {"t_ms":1790727360709,"test":"conc","trial":23,"copy":"dma","cfg":"d2h","legs":1,"bytes_per_leg":8388608,"leg_ns":[847830],"wall_ns":862274,"stream_errors":0,"mb":4,"cmds_per_leg":2,"elements":0}
PCIE {"t_ms":1790727360710,"test":"conc","trial":23,"copy":"dma","cfg":"h2d/ser","legs":1,"bytes_per_leg":8388608,"leg_ns":[782893],"wall_ns":797864,"stream_errors":0,"mb":4,"cmds_per_leg":2,"elements":0}
PCIE {"t_ms":1790727360712,"test":"conc","trial":23,"copy":"dma","cfg":"h2d","legs":1,"bytes_per_leg":8388608,"leg_ns":[1450958],"wall_ns":1465572,"stream_errors":0,"mb":4,"cmds_per_leg":2,"elements":0}
PCIE {"t_ms":1790727360712,"test":"conc","trial":24,"copy":"dma","cfg":"h2d/ser","legs":1,"bytes_per_leg":8388608,"leg_ns":[834384],"wall_ns":848535,"stream_errors":0,"mb":4,"cmds_per_leg":2,"elements":0}
PCIE {"t_ms":1790727360713,"test":"conc","trial":24,"copy":"dma","cfg":"d2h","legs":1,"bytes_per_leg":8388608,"leg_ns":[851769],"wall_ns":866054,"stream_errors":0,"mb":4,"cmds_per_leg":2,"elements":0}
PCIE {"t_ms":1790727360714,"test":"conc","trial":24,"copy":"dma","cfg":"d2h/ser","legs":1,"bytes_per_leg":8388608,"leg_ns":[787761],"wall_ns":803075,"stream_errors":0,"mb":4,"cmds_per_leg":2,"elements":0}
PCIE {"t_ms":1790727360716,"test":"conc","trial":24,"copy":"dma","cfg":"2xh2d/ser","legs":2,"bytes_per_leg":8388608,"leg_ns":[1153525,1534511],"wall_ns":1549645,"stream_errors":0,"mb":4,"cmds_per_leg":2,"elements":0}
PCIE {"t_ms":1790727360717,"test":"conc","trial":24,"copy":"dma","cfg":"h2d","legs":1,"bytes_per_leg":8388608,"leg_ns":[1405872],"wall_ns":1420338,"stream_errors":0,"mb":4,"cmds_per_leg":2,"elements":0}
PCIE {"t_ms":1790727360718,"test":"done","which":"conc","elapsed_s":0.276158}
