PCIE {"t_ms":1790727351644,"test":"open","open_ns":131431807,"src":"PCIEBENCH_SRC_SHA256 main=27b7ed06330c4bae26cd24be189cdac0d67432cb52b1e8c7fca1116abda1aa5f args=8ae69bd7d46097957b638ff4c6630eb3e66d3cb0654b77d3bf55f3336c61c508 touch=92180a93c6dae0a1dce8c379156f827bd6588115777499dc45e64bf606b46ec0","link":[{"bdf":"0000:02:00.0","speed":"16.0 GT/s PCIe","width":"8","max_speed":"16.0 GT/s PCIe","max_width":"8","cma_allocated":"2057 MB"}]}
PCIE {"t_ms":1790727351647,"test":"conc","trial":0,"copy":"dma","cfg":"d2h/ser","legs":1,"bytes_per_leg":2097152,"leg_ns":[655777],"wall_ns":676874,"stream_errors":0,"mb":1,"cmds_per_leg":2,"elements":0}
PCIE {"t_ms":1790727351647,"test":"conc","trial":0,"copy":"dma","cfg":"2xh2d/ser","legs":2,"bytes_per_leg":2097152,"leg_ns":[528433,640290],"wall_ns":657736,"stream_errors":0,"mb":1,"cmds_per_leg":2,"elements":0}
PCIE {"t_ms":1790727351648,"test":"conc","trial":0,"copy":"dma","cfg":"h2d/ser","legs":1,"bytes_per_leg":2097152,"leg_ns":[308641],"wall_ns":322709,"stream_errors":0,"mb":1,"cmds_per_leg":2,"elements":0}
PCIE {"t_ms":1790727351648,"test":"conc","trial":0,"copy":"dma","cfg":"h2d","legs":1,"bytes_per_leg":2097152,"leg_ns":[402999],"wall_ns":417581,"stream_errors":0,"mb":1,"cmds_per_leg":2,"elements":0}
PCIE {"t_ms":1790727351649,"test":"conc","trial":0,"copy":"dma","cfg":"d2h","legs":1,"bytes_per_leg":2097152,"leg_ns":[631786],"wall_ns":651868,"stream_errors":0,"mb":1,"cmds_per_leg":2,"elements":0}
PCIE {"t_ms":1790727351649,"test":"conc","trial":1,"copy":"dma","cfg":"d2h","legs":1,"bytes_per_leg":2097152,"leg_ns":[631551],"wall_ns":646032,"stream_errors":0,"mb":1,"cmds_per_leg":2,"elements":0}
PCIE {"t_ms":1790727351650,"test":"conc","trial":1,"copy":"dma","cfg":"d2h/ser","legs":1,"bytes_per_leg":2097152,"leg_ns":[326716],"wall_ns":341254,"stream_errors":0,"mb":1,"cmds_per_leg":2,"elements":0}
PCIE {"t_ms":1790727351650,"test":"conc","trial":1,"copy":"dma","cfg":"h2d/ser","legs":1,"bytes_per_leg":2097152,"leg_ns":[414436],"wall_ns":428841,"stream_errors":0,"mb":1,"cmds_per_leg":2,"elements":0}
PCIE {"t_ms":1790727351650,"test":"conc","trial":1,"copy":"dma","cfg":"h2d","legs":1,"bytes_per_leg":2097152,"leg_ns":[427523],"wall_ns":440753,"stream_errors":0,"mb":1,"cmds_per_leg":2,"elements":0}
PCIE {"t_ms":1790727351651,"test":"conc","trial":1,"copy":"dma","cfg":"2xh2d/ser","legs":2,"bytes_per_leg":2097152,"leg_ns":[595850,608170],"wall_ns":621414,"stream_errors":0,"mb":1,"cmds_per_leg":2,"elements":0}
PCIE {"t_ms":1790727351652,"test":"conc","trial":2,"copy":"dma","cfg":"h2d","legs":1,"bytes_per_leg":2097152,"leg_ns":[568863],"wall_ns":582257,"stream_errors":0,"mb":1,"cmds_per_leg":2,"elements":0}
PCIE {"t_ms":1790727351652,"test":"conc","trial":2,"copy":"dma","cfg":"h2d/ser","legs":1,"bytes_per_leg":2097152,"leg_ns":[325909],"wall_ns":338691,"stream_errors":0,"mb":1,"cmds_per_leg":2,"elements":0}
PCIE {"t_ms":1790727351653,"test":"conc","trial":2,"copy":"dma","cfg":"2xh2d/ser","legs":2,"bytes_per_leg":2097152,"leg_ns":[580394,594161],"wall_ns":607266,"stream_errors":0,"mb":1,"cmds_per_leg":2,"elements":0}
PCIE {"t_ms":1790727351653,"test":"conc","trial":2,"copy":"dma","cfg":"d2h","legs":1,"bytes_per_leg":2097152,"leg_ns":[596080],"wall_ns":609514,"stream_errors":0,"mb":1,"cmds_per_leg":2,"elements":0}
PCIE {"t_ms":1790727351654,"test":"conc","trial":2,"copy":"dma","cfg":"d2h/ser","legs":1,"bytes_per_leg":2097152,"leg_ns":[328252],"wall_ns":341509,"stream_errors":0,"mb":1,"cmds_per_leg":2,"elements":0}
PCIE {"t_ms":1790727351654,"test":"conc","trial":3,"copy":"dma","cfg":"d2h","legs":1,"bytes_per_leg":2097152,"leg_ns":[334189],"wall_ns":347170,"stream_errors":0,"mb":1,"cmds_per_leg":2,"elements":0}
PCIE {"t_ms":1790727351654,"test":"conc","trial":3,"copy":"dma","cfg":"2xh2d/ser","legs":2,"bytes_per_leg":2097152,"leg_ns":[443116,455114],"wall_ns":469134,"stream_errors":0,"mb":1,"cmds_per_leg":2,"elements":0}
PCIE {"t_ms":1790727351655,"test":"conc","trial":3,"copy":"dma","cfg":"d2h/ser","legs":1,"bytes_per_leg":2097152,"leg_ns":[338424],"wall_ns":353804,"stream_errors":0,"mb":1,"cmds_per_leg":2,"elements":0}
PCIE {"t_ms":1790727351655,"test":"conc","trial":3,"copy":"dma","cfg":"h2d","legs":1,"bytes_per_leg":2097152,"leg_ns":[406978],"wall_ns":422409,"stream_errors":0,"mb":1,"cmds_per_leg":2,"elements":0}
PCIE {"t_ms":1790727351656,"test":"conc","trial":3,"copy":"dma","cfg":"h2d/ser","legs":1,"bytes_per_leg":2097152,"leg_ns":[327570],"wall_ns":341791,"stream_errors":0,"mb":1,"cmds_per_leg":2,"elements":0}
PCIE {"t_ms":1790727351656,"test":"conc","trial":4,"copy":"dma","cfg":"h2d/ser","legs":1,"bytes_per_leg":2097152,"leg_ns":[322243],"wall_ns":336582,"stream_errors":0,"mb":1,"cmds_per_leg":2,"elements":0}
PCIE {"t_ms":1790727351657,"test":"conc","trial":4,"copy":"dma","cfg":"d2h/ser","legs":1,"bytes_per_leg":2097152,"leg_ns":[589518],"wall_ns":603829,"stream_errors":0,"mb":1,"cmds_per_leg":2,"elements":0}
PCIE {"t_ms":1790727351657,"test":"conc","trial":4,"copy":"dma","cfg":"h2d","legs":1,"bytes_per_leg":2097152,"leg_ns":[370130],"wall_ns":385875,"stream_errors":0,"mb":1,"cmds_per_leg":2,"elements":0}
PCIE {"t_ms":1790727351658,"test":"conc","trial":4,"copy":"dma","cfg":"2xh2d/ser","legs":2,"bytes_per_leg":2097152,"leg_ns":[589987,604117],"wall_ns":618397,"stream_errors":0,"mb":1,"cmds_per_leg":2,"elements":0}
PCIE {"t_ms":1790727351658,"test":"conc","trial":4,"copy":"dma","cfg":"d2h","legs":1,"bytes_per_leg":2097152,"leg_ns":[587764],"wall_ns":602352,"stream_errors":0,"mb":1,"cmds_per_leg":2,"elements":0}
PCIE {"t_ms":1790727351659,"test":"conc","trial":5,"copy":"dma","cfg":"h2d/ser","legs":1,"bytes_per_leg":2097152,"leg_ns":[309732],"wall_ns":324788,"stream_errors":0,"mb":1,"cmds_per_leg":2,"elements":0}
PCIE {"t_ms":1790727351659,"test":"conc","trial":5,"copy":"dma","cfg":"d2h","legs":1,"bytes_per_leg":2097152,"leg_ns":[327336],"wall_ns":341991,"stream_errors":0,"mb":1,"cmds_per_leg":2,"elements":0}
PCIE {"t_ms":1790727351659,"test":"conc","trial":5,"copy":"dma","cfg":"d2h/ser","legs":1,"bytes_per_leg":2097152,"leg_ns":[322897],"wall_ns":337414,"stream_errors":0,"mb":1,"cmds_per_leg":2,"elements":0}
PCIE {"t_ms":1790727351660,"test":"conc","trial":5,"copy":"dma","cfg":"2xh2d/ser","legs":2,"bytes_per_leg":2097152,"leg_ns":[441808,453386],"wall_ns":468915,"stream_errors":0,"mb":1,"cmds_per_leg":2,"elements":0}
PCIE {"t_ms":1790727351660,"test":"conc","trial":5,"copy":"dma","cfg":"h2d","legs":1,"bytes_per_leg":2097152,"leg_ns":[424838],"wall_ns":439879,"stream_errors":0,"mb":1,"cmds_per_leg":2,"elements":0}
PCIE {"t_ms":1790727351660,"test":"conc","trial":6,"copy":"dma","cfg":"h2d/ser","legs":1,"bytes_per_leg":2097152,"leg_ns":[324298],"wall_ns":338367,"stream_errors":0,"mb":1,"cmds_per_leg":2,"elements":0}
PCIE {"t_ms":1790727351661,"test":"conc","trial":6,"copy":"dma","cfg":"2xh2d/ser","legs":2,"bytes_per_leg":2097152,"leg_ns":[590247,602355],"wall_ns":617421,"stream_errors":0,"mb":1,"cmds_per_leg":2,"elements":0}
PCIE {"t_ms":1790727351661,"test":"conc","trial":6,"copy":"dma","cfg":"d2h/ser","legs":1,"bytes_per_leg":2097152,"leg_ns":[336098],"wall_ns":350305,"stream_errors":0,"mb":1,"cmds_per_leg":2,"elements":0}
PCIE {"t_ms":1790727351662,"test":"conc","trial":6,"copy":"dma","cfg":"h2d","legs":1,"bytes_per_leg":2097152,"leg_ns":[409248],"wall_ns":424067,"stream_errors":0,"mb":1,"cmds_per_leg":2,"elements":0}
PCIE {"t_ms":1790727351662,"test":"conc","trial":6,"copy":"dma","cfg":"d2h","legs":1,"bytes_per_leg":2097152,"leg_ns":[341173],"wall_ns":355753,"stream_errors":0,"mb":1,"cmds_per_leg":2,"elements":0}
PCIE {"t_ms":1790727351663,"test":"conc","trial":7,"copy":"dma","cfg":"h2d/ser","legs":1,"bytes_per_leg":2097152,"leg_ns":[314994],"wall_ns":334504,"stream_errors":0,"mb":1,"cmds_per_leg":2,"elements":0}
PCIE {"t_ms":1790727351663,"test":"conc","trial":7,"copy":"dma","cfg":"h2d","legs":1,"bytes_per_leg":2097152,"leg_ns":[560796],"wall_ns":576371,"stream_errors":0,"mb":1,"cmds_per_leg":2,"elements":0}
PCIE {"t_ms":1790727351664,"test":"conc","trial":7,"copy":"dma","cfg":"d2h","legs":1,"bytes_per_leg":2097152,"leg_ns":[345518],"wall_ns":360045,"stream_errors":0,"mb":1,"cmds_per_leg":2,"elements":0}
PCIE {"t_ms":1790727351664,"test":"conc","trial":7,"copy":"dma","cfg":"d2h/ser","legs":1,"bytes_per_leg":2097152,"leg_ns":[292612],"wall_ns":307822,"stream_errors":0,"mb":1,"cmds_per_leg":2,"elements":0}
PCIE {"t_ms":1790727351664,"test":"conc","trial":7,"copy":"dma","cfg":"2xh2d/ser","legs":2,"bytes_per_leg":2097152,"leg_ns":[439741,453862],"wall_ns":468170,"stream_errors":0,"mb":1,"cmds_per_leg":2,"elements":0}
PCIE {"t_ms":1790727351665,"test":"conc","trial":8,"copy":"dma","cfg":"h2d","legs":1,"bytes_per_leg":2097152,"leg_ns":[566388],"wall_ns":581998,"stream_errors":0,"mb":1,"cmds_per_leg":2,"elements":0}
PCIE {"t_ms":1790727351665,"test":"conc","trial":8,"copy":"dma","cfg":"2xh2d/ser","legs":2,"bytes_per_leg":2097152,"leg_ns":[449436,463587],"wall_ns":478053,"stream_errors":0,"mb":1,"cmds_per_leg":2,"elements":0}
PCIE {"t_ms":1790727351666,"test":"conc","trial":8,"copy":"dma","cfg":"d2h","legs":1,"bytes_per_leg":2097152,"leg_ns":[587955],"wall_ns":602400,"stream_errors":0,"mb":1,"cmds_per_leg":2,"elements":0}
PCIE {"t_ms":1790727351666,"test":"conc","trial":8,"copy":"dma","cfg":"h2d/ser","legs":1,"bytes_per_leg":2097152,"leg_ns":[310186],"wall_ns":325426,"stream_errors":0,"mb":1,"cmds_per_leg":2,"elements":0}
PCIE {"t_ms":1790727351667,"test":"conc","trial":8,"copy":"dma","cfg":"d2h/ser","legs":1,"bytes_per_leg":2097152,"leg_ns":[589595],"wall_ns":604859,"stream_errors":0,"mb":1,"cmds_per_leg":2,"elements":0}
PCIE {"t_ms":1790727351667,"test":"conc","trial":9,"copy":"dma","cfg":"d2h/ser","legs":1,"bytes_per_leg":2097152,"leg_ns":[323320],"wall_ns":337863,"stream_errors":0,"mb":1,"cmds_per_leg":2,"elements":0}
PCIE {"t_ms":1790727351668,"test":"conc","trial":9,"copy":"dma","cfg":"2xh2d/ser","legs":2,"bytes_per_leg":2097152,"leg_ns":[414739,532613],"wall_ns":548035,"stream_errors":0,"mb":1,"cmds_per_leg":2,"elements":0}
PCIE {"t_ms":1790727351668,"test":"conc","trial":9,"copy":"dma","cfg":"d2h","legs":1,"bytes_per_leg":2097152,"leg_ns":[587860],"wall_ns":602342,"stream_errors":0,"mb":1,"cmds_per_leg":2,"elements":0}
PCIE {"t_ms":1790727351669,"test":"conc","trial":9,"copy":"dma","cfg":"h2d/ser","legs":1,"bytes_per_leg":2097152,"leg_ns":[313114],"wall_ns":328733,"stream_errors":0,"mb":1,"cmds_per_leg":2,"elements":0}
PCIE {"t_ms":1790727351669,"test":"conc","trial":9,"copy":"dma","cfg":"h2d","legs":1,"bytes_per_leg":2097152,"leg_ns":[564364],"wall_ns":579782,"stream_errors":0,"mb":1,"cmds_per_leg":2,"elements":0}
PCIE {"t_ms":1790727351670,"test":"conc","trial":10,"copy":"dma","cfg":"d2h","legs":1,"bytes_per_leg":2097152,"leg_ns":[594179],"wall_ns":609760,"stream_errors":0,"mb":1,"cmds_per_leg":2,"elements":0}
PCIE {"t_ms":1790727351671,"test":"conc","trial":10,"copy":"dma","cfg":"2xh2d/ser","legs":2,"bytes_per_leg":2097152,"leg_ns":[433266,553020],"wall_ns":574593,"stream_errors":0,"mb":1,"cmds_per_leg":2,"elements":0}
PCIE {"t_ms":1790727351671,"test":"conc","trial":10,"copy":"dma","cfg":"d2h/ser","legs":1,"bytes_per_leg":2097152,"leg_ns":[581127],"wall_ns":596386,"stream_errors":0,"mb":1,"cmds_per_leg":2,"elements":0}
PCIE {"t_ms":1790727351672,"test":"conc","trial":10,"copy":"dma","cfg":"h2d","legs":1,"bytes_per_leg":2097152,"leg_ns":[415612],"wall_ns":431068,"stream_errors":0,"mb":1,"cmds_per_leg":2,"elements":0}
PCIE {"t_ms":1790727351672,"test":"conc","trial":10,"copy":"dma","cfg":"h2d/ser","legs":1,"bytes_per_leg":2097152,"leg_ns":[322312],"wall_ns":336679,"stream_errors":0,"mb":1,"cmds_per_leg":2,"elements":0}
PCIE {"t_ms":1790727351673,"test":"conc","trial":11,"copy":"dma","cfg":"d2h","legs":1,"bytes_per_leg":2097152,"leg_ns":[588117],"wall_ns":610350,"stream_errors":0,"mb":1,"cmds_per_leg":2,"elements":0}
PCIE {"t_ms":1790727351673,"test":"conc","trial":11,"copy":"dma","cfg":"h2d/ser","legs":1,"bytes_per_leg":2097152,"leg_ns":[301597],"wall_ns":317200,"stream_errors":0,"mb":1,"cmds_per_leg":2,"elements":0}
PCIE {"t_ms":1790727351674,"test":"conc","trial":11,"copy":"dma","cfg":"h2d","legs":1,"bytes_per_leg":2097152,"leg_ns":[565681],"wall_ns":581119,"stream_errors":0,"mb":1,"cmds_per_leg":2,"elements":0}
PCIE {"t_ms":1790727351674,"test":"conc","trial":11,"copy":"dma","cfg":"2xh2d/ser","legs":2,"bytes_per_leg":2097152,"leg_ns":[445464,457532],"wall_ns":472352,"stream_errors":0,"mb":1,"cmds_per_leg":2,"elements":0}
PCIE {"t_ms":1790727351675,"test":"conc","trial":11,"copy":"dma","cfg":"d2h/ser","legs":1,"bytes_per_leg":2097152,"leg_ns":[588291],"wall_ns":602951,"stream_errors":0,"mb":1,"cmds_per_leg":2,"elements":0}
PCIE {"t_ms":1790727351675,"test":"conc","trial":12,"copy":"dma","cfg":"d2h/ser","legs":1,"bytes_per_leg":2097152,"leg_ns":[320211],"wall_ns":334517,"stream_errors":0,"mb":1,"cmds_per_leg":2,"elements":0}
PCIE {"t_ms":1790727351675,"test":"conc","trial":12,"copy":"dma","cfg":"h2d","legs":1,"bytes_per_leg":2097152,"leg_ns":[413070],"wall_ns":427279,"stream_errors":0,"mb":1,"cmds_per_leg":2,"elements":0}
PCIE {"t_ms":1790727351676,"test":"conc","trial":12,"copy":"dma","cfg":"2xh2d/ser","legs":2,"bytes_per_leg":2097152,"leg_ns":[591599,611163],"wall_ns":625505,"stream_errors":0,"mb":1,"cmds_per_leg":2,"elements":0}
PCIE {"t_ms":1790727351676,"test":"conc","trial":12,"copy":"dma","cfg":"h2d/ser","legs":1,"bytes_per_leg":2097152,"leg_ns":[318585],"wall_ns":333439,"stream_errors":0,"mb":1,"cmds_per_leg":2,"elements":0}
PCIE {"t_ms":1790727351677,"test":"conc","trial":12,"copy":"dma","cfg":"d2h","legs":1,"bytes_per_leg":2097152,"leg_ns":[590828],"wall_ns":605494,"stream_errors":0,"mb":1,"cmds_per_leg":2,"elements":0}
PCIE {"t_ms":1790727351677,"test":"conc","trial":13,"copy":"dma","cfg":"h2d/ser","legs":1,"bytes_per_leg":2097152,"leg_ns":[311196],"wall_ns":325997,"stream_errors":0,"mb":1,"cmds_per_leg":2,"elements":0}
PCIE {"t_ms":1790727351678,"test":"conc","trial":13,"copy":"dma","cfg":"d2h","legs":1,"bytes_per_leg":2097152,"leg_ns":[589284],"wall_ns":603867,"stream_errors":0,"mb":1,"cmds_per_leg":2,"elements":0}
PCIE {"t_ms":1790727351678,"test":"conc","trial":13,"copy":"dma","cfg":"h2d","legs":1,"bytes_per_leg":2097152,"leg_ns":[413622],"wall_ns":428491,"stream_errors":0,"mb":1,"cmds_per_leg":2,"elements":0}
PCIE {"t_ms":1790727351679,"test":"conc","trial":13,"copy":"dma","cfg":"d2h/ser","legs":1,"bytes_per_leg":2097152,"leg_ns":[590440],"wall_ns":605100,"stream_errors":0,"mb":1,"cmds_per_leg":2,"elements":0}
PCIE {"t_ms":1790727351679,"test":"conc","trial":13,"copy":"dma","cfg":"2xh2d/ser","legs":2,"bytes_per_leg":2097152,"leg_ns":[447869,450468],"wall_ns":464303,"stream_errors":0,"mb":1,"cmds_per_leg":2,"elements":0}
PCIE {"t_ms":1790727351680,"test":"conc","trial":14,"copy":"dma","cfg":"d2h","legs":1,"bytes_per_leg":2097152,"leg_ns":[323950],"wall_ns":338583,"stream_errors":0,"mb":1,"cmds_per_leg":2,"elements":0}
PCIE {"t_ms":1790727351680,"test":"conc","trial":14,"copy":"dma","cfg":"h2d/ser","legs":1,"bytes_per_leg":2097152,"leg_ns":[311437],"wall_ns":325969,"stream_errors":0,"mb":1,"cmds_per_leg":2,"elements":0}
PCIE {"t_ms":1790727351681,"test":"conc","trial":14,"copy":"dma","cfg":"d2h/ser","legs":1,"bytes_per_leg":2097152,"leg_ns":[589930],"wall_ns":604906,"stream_errors":0,"mb":1,"cmds_per_leg":2,"elements":0}
PCIE {"t_ms":1790727351681,"test":"conc","trial":14,"copy":"dma","cfg":"2xh2d/ser","legs":2,"bytes_per_leg":2097152,"leg_ns":[438785,450704],"wall_ns":464949,"stream_errors":0,"mb":1,"cmds_per_leg":2,"elements":0}
PCIE {"t_ms":1790727351682,"test":"conc","trial":14,"copy":"dma","cfg":"h2d","legs":1,"bytes_per_leg":2097152,"leg_ns":[572207],"wall_ns":586720,"stream_errors":0,"mb":1,"cmds_per_leg":2,"elements":0}
PCIE {"t_ms":1790727351682,"test":"conc","trial":15,"copy":"dma","cfg":"d2h","legs":1,"bytes_per_leg":2097152,"leg_ns":[332627],"wall_ns":347518,"stream_errors":0,"mb":1,"cmds_per_leg":2,"elements":0}
PCIE {"t_ms":1790727351682,"test":"conc","trial":15,"copy":"dma","cfg":"d2h/ser","legs":1,"bytes_per_leg":2097152,"leg_ns":[315829],"wall_ns":330130,"stream_errors":0,"mb":1,"cmds_per_leg":2,"elements":0}
PCIE {"t_ms":1790727351683,"test":"conc","trial":15,"copy":"dma","cfg":"h2d/ser","legs":1,"bytes_per_leg":2097152,"leg_ns":[311713],"wall_ns":327490,"stream_errors":0,"mb":1,"cmds_per_leg":2,"elements":0}
PCIE {"t_ms":1790727351683,"test":"conc","trial":15,"copy":"dma","cfg":"2xh2d/ser","legs":2,"bytes_per_leg":2097152,"leg_ns":[456138,460118],"wall_ns":474582,"stream_errors":0,"mb":1,"cmds_per_leg":2,"elements":0}
PCIE {"t_ms":1790727351684,"test":"conc","trial":15,"copy":"dma","cfg":"h2d","legs":1,"bytes_per_leg":2097152,"leg_ns":[567368],"wall_ns":582889,"stream_errors":0,"mb":1,"cmds_per_leg":2,"elements":0}
PCIE {"t_ms":1790727351684,"test":"conc","trial":16,"copy":"dma","cfg":"d2h/ser","legs":1,"bytes_per_leg":2097152,"leg_ns":[590086],"wall_ns":605367,"stream_errors":0,"mb":1,"cmds_per_leg":2,"elements":0}
PCIE {"t_ms":1790727351685,"test":"conc","trial":16,"copy":"dma","cfg":"h2d/ser","legs":1,"bytes_per_leg":2097152,"leg_ns":[311529],"wall_ns":325921,"stream_errors":0,"mb":1,"cmds_per_leg":2,"elements":0}
PCIE {"t_ms":1790727351685,"test":"conc","trial":16,"copy":"dma","cfg":"d2h","legs":1,"bytes_per_leg":2097152,"leg_ns":[590025],"wall_ns":604329,"stream_errors":0,"mb":1,"cmds_per_leg":2,"elements":0}
PCIE {"t_ms":1790727351686,"test":"conc","trial":16,"copy":"dma","cfg":"h2d","legs":1,"bytes_per_leg":2097152,"leg_ns":[386045],"wall_ns":401877,"stream_errors":0,"mb":1,"cmds_per_leg":2,"elements":0}
PCIE {"t_ms":1790727351686,"test":"conc","trial":16,"copy":"dma","cfg":"2xh2d/ser","legs":2,"bytes_per_leg":2097152,"leg_ns":[450521,464530],"wall_ns":478969,"stream_errors":0,"mb":1,"cmds_per_leg":2,"elements":0}
PCIE {"t_ms":1790727351687,"test":"conc","trial":17,"copy":"dma","cfg":"h2d","legs":1,"bytes_per_leg":2097152,"leg_ns":[570577],"wall_ns":585281,"stream_errors":0,"mb":1,"cmds_per_leg":2,"elements":0}
PCIE {"t_ms":1790727351687,"test":"conc","trial":17,"copy":"dma","cfg":"h2d/ser","legs":1,"bytes_per_leg":2097152,"leg_ns":[320295],"wall_ns":335324,"stream_errors":0,"mb":1,"cmds_per_leg":2,"elements":0}
PCIE {"t_ms":1790727351688,"test":"conc","trial":17,"copy":"dma","cfg":"2xh2d/ser","legs":2,"bytes_per_leg":2097152,"leg_ns":[457888,469567],"wall_ns":484215,"stream_errors":0,"mb":1,"cmds_per_leg":2,"elements":0}
PCIE {"t_ms":1790727351688,"test":"conc","trial":17,"copy":"dma","cfg":"d2h/ser","legs":1,"bytes_per_leg":2097152,"leg_ns":[589584],"wall_ns":603989,"stream_errors":0,"mb":1,"cmds_per_leg":2,"elements":0}
PCIE {"t_ms":1790727351689,"test":"conc","trial":17,"copy":"dma","cfg":"d2h","legs":1,"bytes_per_leg":2097152,"leg_ns":[335225],"wall_ns":350574,"stream_errors":0,"mb":1,"cmds_per_leg":2,"elements":0}
PCIE {"t_ms":1790727351689,"test":"conc","trial":18,"copy":"dma","cfg":"2xh2d/ser","legs":2,"bytes_per_leg":2097152,"leg_ns":[441684,453806],"wall_ns":468014,"stream_errors":0,"mb":1,"cmds_per_leg":2,"elements":0}
PCIE {"t_ms":1790727351690,"test":"conc","trial":18,"copy":"dma","cfg":"d2h","legs":1,"bytes_per_leg":2097152,"leg_ns":[592552],"wall_ns":606769,"stream_errors":0,"mb":1,"cmds_per_leg":2,"elements":0}
PCIE {"t_ms":1790727351690,"test":"conc","trial":18,"copy":"dma","cfg":"h2d","legs":1,"bytes_per_leg":2097152,"leg_ns":[411833],"wall_ns":426948,"stream_errors":0,"mb":1,"cmds_per_leg":2,"elements":0}
PCIE {"t_ms":1790727351691,"test":"conc","trial":18,"copy":"dma","cfg":"d2h/ser","legs":1,"bytes_per_leg":2097152,"leg_ns":[337906],"wall_ns":352641,"stream_errors":0,"mb":1,"cmds_per_leg":2,"elements":0}
PCIE {"t_ms":1790727351691,"test":"conc","trial":18,"copy":"dma","cfg":"h2d/ser","legs":1,"bytes_per_leg":2097152,"leg_ns":[306862],"wall_ns":322293,"stream_errors":0,"mb":1,"cmds_per_leg":2,"elements":0}
PCIE {"t_ms":1790727351691,"test":"conc","trial":19,"copy":"dma","cfg":"h2d/ser","legs":1,"bytes_per_leg":2097152,"leg_ns":[326587],"wall_ns":340646,"stream_errors":0,"mb":1,"cmds_per_leg":2,"elements":0}
PCIE {"t_ms":1790727351692,"test":"conc","trial":19,"copy":"dma","cfg":"2xh2d/ser","legs":2,"bytes_per_leg":2097152,"leg_ns":[440713,458008],"wall_ns":472506,"stream_errors":0,"mb":1,"cmds_per_leg":2,"elements":0}
PCIE {"t_ms":1790727351692,"test":"conc","trial":19,"copy":"dma","cfg":"d2h/ser","legs":1,"bytes_per_leg":2097152,"leg_ns":[330554],"wall_ns":345016,"stream_errors":0,"mb":1,"cmds_per_leg":2,"elements":0}
PCIE {"t_ms":1790727351692,"test":"conc","trial":19,"copy":"dma","cfg":"d2h","legs":1,"bytes_per_leg":2097152,"leg_ns":[327954],"wall_ns":342510,"stream_errors":0,"mb":1,"cmds_per_leg":2,"elements":0}
PCIE {"t_ms":1790727351693,"test":"conc","trial":19,"copy":"dma","cfg":"h2d","legs":1,"bytes_per_leg":2097152,"leg_ns":[414442],"wall_ns":429426,"stream_errors":0,"mb":1,"cmds_per_leg":2,"elements":0}
PCIE {"t_ms":1790727351693,"test":"conc","trial":20,"copy":"dma","cfg":"h2d","legs":1,"bytes_per_leg":2097152,"leg_ns":[564291],"wall_ns":578949,"stream_errors":0,"mb":1,"cmds_per_leg":2,"elements":0}
PCIE {"t_ms":1790727351694,"test":"conc","trial":20,"copy":"dma","cfg":"d2h/ser","legs":1,"bytes_per_leg":2097152,"leg_ns":[591057],"wall_ns":605472,"stream_errors":0,"mb":1,"cmds_per_leg":2,"elements":0}
PCIE {"t_ms":1790727351695,"test":"conc","trial":20,"copy":"dma","cfg":"2xh2d/ser","legs":2,"bytes_per_leg":2097152,"leg_ns":[439994,451753],"wall_ns":466051,"stream_errors":0,"mb":1,"cmds_per_leg":2,"elements":0}
PCIE {"t_ms":1790727351695,"test":"conc","trial":20,"copy":"dma","cfg":"h2d/ser","legs":1,"bytes_per_leg":2097152,"leg_ns":[570246],"wall_ns":584581,"stream_errors":0,"mb":1,"cmds_per_leg":2,"elements":0}
PCIE {"t_ms":1790727351696,"test":"conc","trial":20,"copy":"dma","cfg":"d2h","legs":1,"bytes_per_leg":2097152,"leg_ns":[340064],"wall_ns":354257,"stream_errors":0,"mb":1,"cmds_per_leg":2,"elements":0}
PCIE {"t_ms":1790727351696,"test":"conc","trial":21,"copy":"dma","cfg":"d2h/ser","legs":1,"bytes_per_leg":2097152,"leg_ns":[310383],"wall_ns":325065,"stream_errors":0,"mb":1,"cmds_per_leg":2,"elements":0}
PCIE {"t_ms":1790727351696,"test":"conc","trial":21,"copy":"dma","cfg":"h2d/ser","legs":1,"bytes_per_leg":2097152,"leg_ns":[307924],"wall_ns":322914,"stream_errors":0,"mb":1,"cmds_per_leg":2,"elements":0}
PCIE {"t_ms":1790727351697,"test":"conc","trial":21,"copy":"dma","cfg":"d2h","legs":1,"bytes_per_leg":2097152,"leg_ns":[344612],"wall_ns":358926,"stream_errors":0,"mb":1,"cmds_per_leg":2,"elements":0}
PCIE {"t_ms":1790727351697,"test":"conc","trial":21,"copy":"dma","cfg":"2xh2d/ser","legs":2,"bytes_per_leg":2097152,"leg_ns":[401194,518327],"wall_ns":533721,"stream_errors":0,"mb":1,"cmds_per_leg":2,"elements":0}
PCIE {"t_ms":1790727351698,"test":"conc","trial":21,"copy":"dma","cfg":"h2d","legs":1,"bytes_per_leg":2097152,"leg_ns":[424502],"wall_ns":438663,"stream_errors":0,"mb":1,"cmds_per_leg":2,"elements":0}
PCIE {"t_ms":1790727351698,"test":"conc","trial":22,"copy":"dma","cfg":"h2d","legs":1,"bytes_per_leg":2097152,"leg_ns":[567149],"wall_ns":582350,"stream_errors":0,"mb":1,"cmds_per_leg":2,"elements":0}
PCIE {"t_ms":1790727351698,"test":"conc","trial":22,"copy":"dma","cfg":"d2h/ser","legs":1,"bytes_per_leg":2097152,"leg_ns":[333683],"wall_ns":347998,"stream_errors":0,"mb":1,"cmds_per_leg":2,"elements":0}
PCIE {"t_ms":1790727351699,"test":"conc","trial":22,"copy":"dma","cfg":"2xh2d/ser","legs":2,"bytes_per_leg":2097152,"leg_ns":[441225,453056],"wall_ns":467577,"stream_errors":0,"mb":1,"cmds_per_leg":2,"elements":0}
PCIE {"t_ms":1790727351700,"test":"conc","trial":22,"copy":"dma","cfg":"h2d/ser","legs":1,"bytes_per_leg":2097152,"leg_ns":[564705],"wall_ns":578992,"stream_errors":0,"mb":1,"cmds_per_leg":2,"elements":0}
PCIE {"t_ms":1790727351700,"test":"conc","trial":22,"copy":"dma","cfg":"d2h","legs":1,"bytes_per_leg":2097152,"leg_ns":[594773],"wall_ns":609038,"stream_errors":0,"mb":1,"cmds_per_leg":2,"elements":0}
PCIE {"t_ms":1790727351701,"test":"conc","trial":23,"copy":"dma","cfg":"d2h/ser","legs":1,"bytes_per_leg":2097152,"leg_ns":[323511],"wall_ns":338010,"stream_errors":0,"mb":1,"cmds_per_leg":2,"elements":0}
PCIE {"t_ms":1790727351701,"test":"conc","trial":23,"copy":"dma","cfg":"2xh2d/ser","legs":2,"bytes_per_leg":2097152,"leg_ns":[436999,450998],"wall_ns":465283,"stream_errors":0,"mb":1,"cmds_per_leg":2,"elements":0}
PCIE {"t_ms":1790727351702,"test":"conc","trial":23,"copy":"dma","cfg":"d2h","legs":1,"bytes_per_leg":2097152,"leg_ns":[584017],"wall_ns":603592,"stream_errors":0,"mb":1,"cmds_per_leg":2,"elements":0}
PCIE {"t_ms":1790727351702,"test":"conc","trial":23,"copy":"dma","cfg":"h2d/ser","legs":1,"bytes_per_leg":2097152,"leg_ns":[302324],"wall_ns":317146,"stream_errors":0,"mb":1,"cmds_per_leg":2,"elements":0}
PCIE {"t_ms":1790727351702,"test":"conc","trial":23,"copy":"dma","cfg":"h2d","legs":1,"bytes_per_leg":2097152,"leg_ns":[565531],"wall_ns":579658,"stream_errors":0,"mb":1,"cmds_per_leg":2,"elements":0}
PCIE {"t_ms":1790727351703,"test":"conc","trial":24,"copy":"dma","cfg":"h2d/ser","legs":1,"bytes_per_leg":2097152,"leg_ns":[571220],"wall_ns":585572,"stream_errors":0,"mb":1,"cmds_per_leg":2,"elements":0}
PCIE {"t_ms":1790727351703,"test":"conc","trial":24,"copy":"dma","cfg":"d2h","legs":1,"bytes_per_leg":2097152,"leg_ns":[339920],"wall_ns":353568,"stream_errors":0,"mb":1,"cmds_per_leg":2,"elements":0}
PCIE {"t_ms":1790727351704,"test":"conc","trial":24,"copy":"dma","cfg":"d2h/ser","legs":1,"bytes_per_leg":2097152,"leg_ns":[290772],"wall_ns":305237,"stream_errors":0,"mb":1,"cmds_per_leg":2,"elements":0}
PCIE {"t_ms":1790727351704,"test":"conc","trial":24,"copy":"dma","cfg":"2xh2d/ser","legs":2,"bytes_per_leg":2097152,"leg_ns":[437627,449540],"wall_ns":463912,"stream_errors":0,"mb":1,"cmds_per_leg":2,"elements":0}
PCIE {"t_ms":1790727351705,"test":"conc","trial":24,"copy":"dma","cfg":"h2d","legs":1,"bytes_per_leg":2097152,"leg_ns":[567547],"wall_ns":582799,"stream_errors":0,"mb":1,"cmds_per_leg":2,"elements":0}
PCIE {"t_ms":1790727351705,"test":"done","which":"conc","elapsed_s":0.192632}
